OpenROAD 26Q3-1464-gb22abfea20 
Features included (+) or not (-): +GPU +GUI +Python
This program is licensed under the BSD-3 license. See the LICENSE file for details.
Components of this program may be licensed under more restrictive licenses which must be honored.
[INFO ORD-0030] Using 30 thread(s).
read_liberty ./platforms/nangate45/lib/NangateOpenCellLibrary_typical.lib
read_liberty ./platforms/nangate45/lib/fakeram45_2048x39.lib
read_liberty ./platforms/nangate45/lib/fakeram45_256x34.lib
read_liberty ./platforms/nangate45/lib/fakeram45_64x21.lib
read_db -hier /tmp/workspace/scripts-Private_test-fr_cugr_cmp-2-/results/nangate45/swerv_wrapper/base/2_floorplan.odb
[WARNING ORD-0012] Hierarchical flow (-hier) is currently in development and may cause multiple issues. Do not use in production environments.
read_sdc /tmp/workspace/scripts-Private_test-fr_cugr_cmp-2-/results/nangate45/swerv_wrapper/base/2_floorplan.sdc
source ./platforms/nangate45/setRC.tcl
[INFO GPL-0022] Initialize gpl and calculate uniform density.
Placement density is 0.37520000219345095, computed from PLACE_DENSITY_LB_ADDON  0.08 and lower bound 0.3100000023841858
global_placement -skip_io -density 0.37520000219345095 -pad_left 0 -pad_right 0
[INFO GPL-0001] ---- Initialize GPL Main Data Structures
[INFO GPL-0002] DBU: 2000
[INFO GPL-0003] SiteSize: (  0.190  1.400 ) um
[INFO GPL-0004] CoreBBox: ( 10.070 11.200 ) ( 1089.840 989.800 ) um
[INFO GPL-0016] Core area:                  1056662.922 um^2
[INFO GPL-0036] Movable instances area:     147925.260 um^2
[INFO GPL-0037] Total instances area:       625705.682 um^2
[INFO GPL-0035] Pin density area adjust:     14746.573 um^2
[INFO GPL-0032] ---- Initialize Region: Top-level
[INFO GPL-0006] Number of instances:             87874
[INFO GPL-0007] Movable instances:               77315
[INFO GPL-0008] Fixed instances:                  5059
[INFO GPL-0009] Dummy instances:                  5500
[INFO GPL-0010] Number of nets:                  93178
[INFO GPL-0011] Number of pins:                 318291
[INFO GPL-0012] Die BBox:       (  0.000  0.000 ) ( 1100.000 1000.000 ) um
[INFO GPL-0013] Placement BBox: ( 10.070 11.200 ) ( 1089.840 989.800 ) um
[INFO GPL-0014] Region name: top-level.
[INFO GPL-0015] Region area:                1056662.922 um^2
[INFO GPL-0017] Fixed instances area:       517994.036 um^2
[INFO GPL-0018] Movable instances area:     162671.833 um^2
[INFO GPL-0019] Utilization:                    30.199 %
[INFO GPL-0020] Standard cells area:        162671.833 um^2
[INFO GPL-0021] Large instances area:            0.000 um^2
[INFO GPL-0005] ---- Execute Conjugate Gradient Initial Placement.
[INFO GPL-0051] Source of initial instance position counters:
	Odb location = 77315	Core center = 0	Region center = 0
[INFO GPL-0033] ---- Initialize Nesterov Region: Top-level
[INFO GPL-0023] Placement target density:       0.3752
[INFO GPL-0024] Movable insts average area:      2.104 um^2
[INFO GPL-0025] Ideal bin area:                  5.608 um^2
[INFO GPL-0026] Ideal bin count:                188430
[INFO GPL-0027] Total bin area:             1056662.922 um^2
[INFO GPL-0028] Bin count (X, Y):         256 ,    256
[INFO GPL-0029] Bin size (W * H):       4.218 *  3.823 um
[INFO GPL-0030] Number of bins:                  65536
[INFO GPL-0084] ---- Execute Nesterov Global Placement.
[INFO GPL-0031] HPWL: Half-Perimeter Wirelength
Iteration | Overflow |     HPWL (um) |  HPWL(%) |   Penalty | Group
---------------------------------------------------------------
        0 |   0.9652 |  2.347864e+06 |   +0.00% |  1.34e-14 |      
       10 |   0.9100 |  1.945736e+06 |  -17.13% |  2.06e-14 |      
       20 |   0.9108 |  1.636811e+06 |  -15.88% |  3.35e-14 |      
       30 |   0.9085 |  1.488600e+06 |   -9.05% |  5.46e-14 |      
       40 |   0.9104 |  1.374312e+06 |   -7.68% |  8.89e-14 |      
       50 |   0.9151 |  1.278057e+06 |   -7.00% |  1.45e-13 |      
       60 |   0.9205 |  1.204757e+06 |   -5.74% |  2.36e-13 |      
       70 |   0.9300 |  1.150605e+06 |   -4.49% |  3.84e-13 |      
       80 |   0.9361 |  1.109975e+06 |   -3.53% |  6.26e-13 |      
       90 |   0.9391 |  1.091520e+06 |   -1.66% |  1.02e-12 |      
      100 |   0.9405 |  1.098709e+06 |   +0.66% |  1.66e-12 |      
      110 |   0.9374 |  1.125579e+06 |   +2.45% |  2.69e-12 |      
      120 |   0.9322 |  1.173652e+06 |   +4.27% |  4.33e-12 |      
      130 |   0.9225 |  1.241695e+06 |   +5.80% |  6.95e-12 |      
      140 |   0.9056 |  1.326400e+06 |   +6.82% |  1.11e-11 |      
      150 |   0.8831 |  1.426083e+06 |   +7.52% |  1.77e-11 |      
      160 |   0.8555 |  1.536966e+06 |   +7.78% |  2.82e-11 |      
      170 |   0.8268 |  1.652962e+06 |   +7.55% |  4.48e-11 |      
      180 |   0.7985 |  1.771263e+06 |   +7.16% |  7.11e-11 |      
      190 |   0.7650 |  1.884871e+06 |   +6.41% |  1.13e-10 |      
      200 |   0.7332 |  1.995591e+06 |   +5.87% |  1.80e-10 |      
      210 |   0.6989 |  2.091545e+06 |   +4.81% |  2.86e-10 |      
      220 |   0.6649 |  2.175137e+06 |   +4.00% |  4.58e-10 |      
      230 |   0.6254 |  2.259512e+06 |   +3.88% |  7.32e-10 |      
      240 |   0.5814 |  2.333664e+06 |   +3.28% |  1.17e-09 |      
      250 |   0.5368 |  2.385028e+06 |   +2.20% |  1.89e-09 |      
      260 |   0.5028 |  2.422305e+06 |   +1.56% |  3.05e-09 |      
      270 |   0.4564 |  2.485699e+06 |   +2.62% |  4.90e-09 |      
      280 |   0.4102 |  2.522157e+06 |   +1.47% |  7.92e-09 |      
      290 |   0.3608 |  2.520679e+06 |   -0.06% |  1.29e-08 |      
      300 |   0.3245 |  2.507499e+06 |   -0.52% |  1.97e-08 |      
      310 |   0.2899 |  2.497546e+06 |   -0.40% |  2.91e-08 |      
      320 |   0.2616 |  2.481960e+06 |   -0.62% |  4.28e-08 |      
      330 |   0.2319 |  2.468053e+06 |   -0.56% |  6.30e-08 |      
      340 |   0.2025 |  2.462216e+06 |   -0.24% |  9.29e-08 |      
      350 |   0.1778 |  2.454400e+06 |   -0.32% |  1.37e-07 |      
      360 |   0.1535 |  2.445456e+06 |   -0.36% |  2.02e-07 |      
      370 |   0.1326 |  2.438377e+06 |   -0.29% |  2.97e-07 |      
      380 |   0.1139 |  2.437796e+06 |   -0.02% |  4.37e-07 |      
      388 |   0.0997 |  2.437323e+06 |          |  6.20e-07 |      
---------------------------------------------------------------
[INFO GPL-1001] Global placement finished at iteration 388
[INFO GPL-1002] Placed Cell Area            162671.8328
[INFO GPL-1003] Available Free Area         538668.8860
[INFO GPL-1004] Minimum Feasible Density        0.3100 (cell_area / free_area)
[INFO GPL-1006]   Suggested Target Densities:
[INFO GPL-1007]     - For 90% usage of free space: 0.3355
[INFO GPL-1008]     - For 80% usage of free space: 0.3775
[INFO GPL-1009]     - For 50% usage of free space: 0.6040
[INFO GPL-1014] Final placement area: 162671.83 (+0.00%)
Took 11 seconds: global_placement -skip_io -density 0.37520000219345095 -pad_left 0 -pad_right 0
Design area 620508 um^2 59% utilization.
write_db /tmp/workspace/scripts-Private_test-fr_cugr_cmp-2-/results/nangate45/swerv_wrapper/base/3_1_place_gp_skip_io.odb
Elapsed time: 0:12.61[h:]min:sec. CPU time: user 186.62 sys 0.40 (1482%). Peak memory: 449504KB.
Log                       Ext     Elapsed/s Peak Memory/MB sha1sum result [0:20)
3_1_place_gp_skip_io      .odb           12            438 c3663447ca4dab95c7a6
