OpenROAD 26Q3-1464-gb22abfea20 
Features included (+) or not (-): +GPU +GUI +Python
This program is licensed under the BSD-3 license. See the LICENSE file for details.
Components of this program may be licensed under more restrictive licenses which must be honored.
[INFO ORD-0030] Using 30 thread(s).
read_liberty /OpenROAD-flow-scripts/flow/platforms/gf180/lib/gf180mcu_fd_sc_mcu9t5v0__ff_n40C_5v50.lib.gz
read_liberty /tmp/workspace/scripts-Private_test-fr_cugr_cmp-1-/results/gf180/uart-blocks_uart_rx/base/uart_rx_typ.lib
read_db /tmp/workspace/scripts-Private_test-fr_cugr_cmp-1-/results/gf180/uart-blocks/base/4_cts.odb
read_sdc /tmp/workspace/scripts-Private_test-fr_cugr_cmp-1-/results/gf180/uart-blocks/base/4_cts.sdc
source ./platforms/gf180/setRC.tcl
pin_access
[INFO DRT-0149] Reading tech and libs.
[WARNING DRT-0349] LEF58_ENCLOSURE with no CUTCLASS is not supported. Skipping for layer Via1
[WARNING DRT-0349] LEF58_ENCLOSURE with no CUTCLASS is not supported. Skipping for layer Via1
[WARNING DRT-0349] LEF58_ENCLOSURE with no CUTCLASS is not supported. Skipping for layer Via2
[WARNING DRT-0349] LEF58_ENCLOSURE with no CUTCLASS is not supported. Skipping for layer Via2
[WARNING DRT-0349] LEF58_ENCLOSURE with no CUTCLASS is not supported. Skipping for layer Via3
[WARNING DRT-0349] LEF58_ENCLOSURE with no CUTCLASS is not supported. Skipping for layer Via3
[WARNING DRT-0349] LEF58_ENCLOSURE with no CUTCLASS is not supported. Skipping for layer Via4
[WARNING DRT-0349] LEF58_ENCLOSURE with no CUTCLASS is not supported. Skipping for layer Via4

Units:                2000
Number of layers:     11
Number of macros:     230
Number of vias:       67
Number of viarulegen: 18

[INFO DRT-0150] Reading design.

Design:                   uart
Die area:                 ( 0 0 ) ( 860000 860000 )
Number of track patterns: 10
Number of DEF vias:       0
Number of components:     571
Number of terminals:      44
Number of snets:          2
Number of nets:           355

[INFO DRT-0167] List of default vias:
  Layer Via2
    default via: Via2_VH
  Layer Via3
    default via: Via3_HV
  Layer Via4
    default via: Via4_1_VH
[INFO DRT-0162] Library cell analysis.
[INFO DRT-0163] Instance analysis.
[INFO DRT-0164] Number of unique instances = 64.
[INFO DRT-0168] Init region query.
[INFO DRT-0024]   Complete Poly2.
[INFO DRT-0024]   Complete CON.
[INFO DRT-0024]   Complete Metal1.
[INFO DRT-0024]   Complete Via1.
[INFO DRT-0024]   Complete Metal2.
[INFO DRT-0024]   Complete Via2.
[INFO DRT-0024]   Complete Metal3.
[INFO DRT-0024]   Complete Via3.
[INFO DRT-0024]   Complete Metal4.
[INFO DRT-0024]   Complete Via4.
[INFO DRT-0024]   Complete Metal5.
[INFO DRT-0033] Poly2 shape region query size = 0.
[INFO DRT-0033] CON shape region query size = 0.
[INFO DRT-0033] Metal1 shape region query size = 10284.
[INFO DRT-0033] Via1 shape region query size = 8338.
[INFO DRT-0033] Metal2 shape region query size = 1437.
[INFO DRT-0033] Via2 shape region query size = 8338.
[INFO DRT-0033] Metal3 shape region query size = 1513.
[INFO DRT-0033] Via3 shape region query size = 8338.
[INFO DRT-0033] Metal4 shape region query size = 828.
[INFO DRT-0033] Via4 shape region query size = 1296.
[INFO DRT-0033] Metal5 shape region query size = 90.
[INFO DRT-0165] Start pin access.
[INFO DRT-0078]   Complete 359 pins.
[INFO DRT-0081]   Complete 59 unique inst patterns.
[INFO DRT-0084]   Complete 233 groups.
#scanned instances     = 571
#unique  instances     = 64
#stdCellGenAp          = 2000
#stdCellValidPlanarAp  = 0
#stdCellValidViaAp     = 1367
#stdCellPinNoAp        = 0
#stdCellPinCnt         = 1029
#instTermValidViaApCnt = 0
#macroGenAp            = 160
#macroValidPlanarAp    = 160
#macroValidViaAp       = 0
#macroNoAp             = 0
[INFO DRT-0166] Complete pin access.
[INFO DRT-0267] cpu time = 00:00:07, elapsed time = 00:00:00, memory = 139.93 (MB), peak = 135.08 (MB)
global_route -congestion_report_file /tmp/workspace/scripts-Private_test-fr_cugr_cmp-1-/reports/gf180/uart-blocks/base/congestion.rpt -congestion_iterations 30 -congestion_report_iter_step 5 -verbose
[INFO GRT-0020] Min routing layer: Metal2
[INFO GRT-0021] Max routing layer: Metal5
[INFO GRT-0022] Global adjustment: 0%
[INFO GRT-0023] Grid origin: (0, 0)
[INFO GRT-0088] Layer Metal1  Track-Pitch = 0.5600  line-2-Via Pitch: 0.4750
[INFO GRT-0088] Layer Metal2  Track-Pitch = 0.5600  line-2-Via Pitch: 0.5600
[INFO GRT-0088] Layer Metal3  Track-Pitch = 0.5600  line-2-Via Pitch: 0.5600
[INFO GRT-0088] Layer Metal4  Track-Pitch = 0.5600  line-2-Via Pitch: 0.5600
[INFO GRT-0088] Layer Metal5  Track-Pitch = 0.9000  line-2-Via Pitch: 0.8200
[INFO GRT-0003] Macros: 1
[INFO GRT-0004] Blockages: 3
[INFO GRT-0019] Found 10 clock nets.
[INFO GRT-0001] Minimum degree: 2
[INFO GRT-0002] Maximum degree: 20

[INFO GRT-0053] Routing resources analysis:
          Routing      Original      Derated      Resource
Layer     Direction    Resources     Resources    Reduction (%)
---------------------------------------------------------------
Metal1     Horizontal          0             0          0.00%
Metal2     Vertical        24899         17977          27.80%
Metal3     Horizontal      28040         20388          27.29%
Metal4     Vertical        23829         17141          28.07%
Metal5     Horizontal      16310         11136          31.72%
---------------------------------------------------------------

[INFO GRT-0101] Running extra iterations to remove congestion.
[INFO GRT-0102] Start extra iteration 1/30
[INFO GRT-0102] Start extra iteration 2/30
[INFO GRT-0102] Start extra iteration 3/30
[INFO GRT-0102] Start extra iteration 4/30
[INFO GRT-0197] Via related to pin nodes: 1952
[INFO GRT-0198] Via related Steiner nodes: 49
[INFO GRT-0199] Via filling finished.
[INFO GRT-0111] Final number of vias: 2503
[INFO GRT-0112] Final usage 3D: 9878

[INFO GRT-0096] Final congestion report:
Layer         Resource        Demand        Usage (%)    Max H / Max V / Total Congestion
---------------------------------------------------------------------------------------
Metal1               0             0            0.00%             0 /  0 /  0
Metal2           17977           886            4.93%             0 /  0 /  0
Metal3           20388          1438            7.05%             0 /  0 /  0
Metal4           17141             8            0.05%             0 /  0 /  0
Metal5           11136            37            0.33%             0 /  0 /  0
---------------------------------------------------------------------------------------
Total            66642          2369            3.55%             0 /  0 /  0

[INFO GRT-0018] Total wirelength: 26989 um
[INFO GRT-0014] Routed nets: 353
[INFO GRT-0303] Global routing runtime = 00:00:00
[WARNING STA-0450] virtual clock vclk_clk can not be propagated.
estimate_parasitics -global_routing
Perform buffer insertion and gate resizing...
repair_design -verbose
Iteration |   Area    | Resized | Buffers | Nets repaired | Remaining
---------------------------------------------------------------------
        0 |     +0.0% |       0 |       0 |             0 |       357
       10 |     +0.0% |       0 |       0 |             0 |       347
       20 |     +0.0% |       0 |       0 |             0 |       337
       30 |     +0.0% |       0 |       0 |             0 |       327
       40 |     +0.0% |       0 |       0 |             0 |       317
       50 |     +0.0% |       0 |       0 |             0 |       307
       60 |     +0.0% |       0 |       0 |             0 |       297
       70 |     +0.0% |       0 |       0 |             0 |       287
       80 |     +0.0% |       0 |       0 |             0 |       277
       90 |     +0.0% |       0 |       0 |             0 |       267
      100 |     +0.0% |       0 |       0 |             0 |       257
      110 |     +0.0% |       0 |       0 |             0 |       247
      120 |     +0.0% |       0 |       0 |             0 |       237
      130 |     +0.0% |       0 |       0 |             0 |       227
      140 |     +0.0% |       0 |       0 |             0 |       217
      150 |     +0.0% |       0 |       0 |             0 |       207
      160 |     +0.0% |       0 |       0 |             0 |       197
      170 |     +0.0% |       0 |       0 |             0 |       187
[WARNING RSZ-0104] Net uart_tx_inst/_230_ only has one pin. Check if it is intended to be dangling.
      180 |     +0.0% |       0 |       0 |             0 |       177
[WARNING RSZ-0104] Net uart_tx_inst/_229_ only has one pin. Check if it is intended to be dangling.
      190 |     +0.0% |       0 |       0 |             0 |       167
      200 |     +0.0% |       0 |       0 |             0 |       157
      210 |     +0.0% |       0 |       0 |             0 |       147
      220 |     +0.0% |       0 |       0 |             0 |       137
      230 |     +0.0% |       0 |       0 |             0 |       127
      240 |     +0.0% |       0 |       0 |             0 |       117
      250 |     +0.0% |       0 |       0 |             0 |       107
      260 |     +0.0% |       0 |       0 |             0 |        97
      270 |     +0.0% |       0 |       0 |             0 |        87
      280 |     +0.0% |       0 |       0 |             0 |        77
      290 |     +0.0% |       0 |       0 |             0 |        67
      300 |     +0.0% |       0 |       0 |             0 |        57
      310 |     +0.0% |       0 |       0 |             0 |        47
      320 |     +0.0% |       0 |       0 |             0 |        37
      330 |     +0.0% |       0 |       0 |             0 |        27
      340 |     +0.0% |       0 |       0 |             0 |        17
      350 |     +0.0% |       0 |       0 |             0 |         7
    final |     +0.0% |       0 |       0 |             0 |         0
---------------------------------------------------------------------
[INFO RSZ-0504] Runtime: 0.03s
global_route -start_incremental
detailed_placement
[INFO DPL-0006] Core area: 167345.74 um^2
[INFO DPL-0007] Movable instances area: 13674.53 um^2
[INFO DPL-0008] Fixed instances area within core: 48336.42 um^2
[INFO DPL-0009] Utilization: 37.1%
[INFO DPL-0005] Diamond search max displacement: +/- 500 sites horizontally, +/- 100 rows vertically.
[INFO DPL-1102] Legalizing using negotiation legalizer.
[INFO DPL-1103] Negotiation base search window: +/-20 sites horizontally, +/-5 rows vertically 
	Automatic search window extension enabled.
	Search window extendable up to the max displacement cap of +/-500 sites, +/-100 rows near walls.
[INFO DPL-1104] NegotiationLegalizer DRC penalty: 5.
[INFO DPL-0392] Negotiation cell height distribution (2 unique row-count(s)):
[INFO DPL-0393]   height 1 row(s): 570 cells
[INFO DPL-0393]   height 43 row(s): 1 cells
[INFO DPL-0500] Runtime: 0.00s
Placement Analysis
---------------------------------
total displacement          0.0 u
average displacement        0.0 u
max displacement            0.0 u
original HPWL           16822.4 u
legalized HPWL          16822.4 u
delta HPWL                    0 %

global_route -end_incremental -congestion_report_file /tmp/workspace/scripts-Private_test-fr_cugr_cmp-1-/reports/gf180/uart-blocks/base/congestion_post_repair_design.rpt
Repair setup and hold violations...
estimate_parasitics -global_routing
repair_timing -setup_margin 0 -hold_margin 0 -repair_tns 100 -verbose
[INFO RSZ-0100] Repair move sequence: UnbufferMove SizeUpMove SwapPinsMove BufferMove CloneMove SplitLoadMove 
[INFO RSZ-0098] No setup violations found
[INFO RSZ-0505] Runtime: 0.04s
[INFO RSZ-0033] No hold violations found.
[INFO RSZ-0506] Runtime: 0.01s
global_route -start_incremental
detailed_placement
[INFO DPL-0006] Core area: 167345.74 um^2
[INFO DPL-0007] Movable instances area: 13674.53 um^2
[INFO DPL-0008] Fixed instances area within core: 48336.42 um^2
[INFO DPL-0009] Utilization: 37.1%
[INFO DPL-0005] Diamond search max displacement: +/- 500 sites horizontally, +/- 100 rows vertically.
[INFO DPL-1102] Legalizing using negotiation legalizer.
[INFO DPL-1103] Negotiation base search window: +/-20 sites horizontally, +/-5 rows vertically 
	Automatic search window extension enabled.
	Search window extendable up to the max displacement cap of +/-500 sites, +/-100 rows near walls.
[INFO DPL-1104] NegotiationLegalizer DRC penalty: 5.
[INFO DPL-0392] Negotiation cell height distribution (2 unique row-count(s)):
[INFO DPL-0393]   height 1 row(s): 570 cells
[INFO DPL-0393]   height 43 row(s): 1 cells
[INFO DPL-0500] Runtime: 0.00s
Placement Analysis
---------------------------------
total displacement          0.0 u
average displacement        0.0 u
max displacement            0.0 u
original HPWL           16822.4 u
legalized HPWL          16822.4 u
delta HPWL                    0 %

check_placement -verbose
global_route -end_incremental -congestion_report_file /tmp/workspace/scripts-Private_test-fr_cugr_cmp-1-/reports/gf180/uart-blocks/base/congestion_post_repair_timing.rpt
estimate_parasitics -global_routing
global_route -start_incremental
global_route -end_incremental -congestion_report_file /tmp/workspace/scripts-Private_test-fr_cugr_cmp-1-/reports/gf180/uart-blocks/base/congestion_post_recover_power.rpt
Repair antennas...
[INFO GRT-0012] Found 5 antenna violations.
[INFO GRT-0302] Inserted 5 jumpers for 5 nets.
[INFO GRT-0012] Found 0 antenna violations.
[INFO ANT-0002] Found 0 net violations.
[INFO ANT-0001] Found 0 pin violations.
Estimate parasitics...
estimate_parasitics -global_routing
Report metrics stage 5, global route...

==========================================================================
global route report_design_area
--------------------------------------------------------------------------
Design area 62011 um^2 37% utilization.
[INFO FLW-0007] clock clk period 6.000000
[WARNING FLW-0010] more than one clock found. Skipping sdc update.
[INFO FLW-0011] Path endpoint path count 73
write_db /tmp/workspace/scripts-Private_test-fr_cugr_cmp-1-/results/gf180/uart-blocks/base/5_1_grt.odb
write_sdc -no_timestamp /tmp/workspace/scripts-Private_test-fr_cugr_cmp-1-/results/gf180/uart-blocks/base/5_1_grt.sdc
Elapsed time: 0:01.51[h:]min:sec. CPU time: user 12.00 sys 0.18 (805%). Peak memory: 261552KB.
Log                       Ext     Elapsed/s Peak Memory/MB sha1sum result [0:20)
5_1_grt                   .odb            1            255 7724e416e03d0a57d0e3
5_1_grt                   .sdc                             7c4ff7617f0ed0cf4d73
