OpenROAD 26Q3-1464-gb22abfea20 
Features included (+) or not (-): +GPU +GUI +Python
This program is licensed under the BSD-3 license. See the LICENSE file for details.
Components of this program may be licensed under more restrictive licenses which must be honored.
[INFO ORD-0030] Using 32 thread(s).
source ./platforms/asap7/liberty_suppressions.tcl
read_liberty ./platforms/asap7/lib/NLDM/asap7sc7p5t_AO_LVT_FF_nldm_211120.lib.gz
read_liberty ./platforms/asap7/lib/NLDM/asap7sc7p5t_INVBUF_LVT_FF_nldm_220122.lib.gz
read_liberty ./platforms/asap7/lib/NLDM/asap7sc7p5t_OA_LVT_FF_nldm_211120.lib.gz
read_liberty ./platforms/asap7/lib/NLDM/asap7sc7p5t_SIMPLE_LVT_FF_nldm_211120.lib.gz
read_liberty ./platforms/asap7/lib/NLDM/asap7sc7p5t_SEQ_LVT_FF_nldm_220123.lib
read_db /tmp/workspace/scripts-Private_test-fr_cugr_cmp-1-/results/asap7/jpeg_lvt/base/3_place.odb
read_sdc /tmp/workspace/scripts-Private_test-fr_cugr_cmp-1-/results/asap7/jpeg_lvt/base/3_place.sdc
source ./platforms/asap7/setRC.tcl
clock_tree_synthesis -sink_clustering_enable -repair_clock_nets
[INFO CTS-0050] Root buffer is BUFx24_ASAP7_75t_L.
[INFO CTS-0051] Sink buffer is BUFx24_ASAP7_75t_L.
[INFO CTS-0052] The following clock buffers will be used for CTS:
                    BUFx24_ASAP7_75t_L
[INFO CTS-0049] Characterization buffer is BUFx24_ASAP7_75t_L.
[INFO CTS-0007] Net "clk" found for clock "clk".
[INFO CTS-0010]  Clock net "clk" has 4766 sinks.
[INFO CTS-0008] TritonCTS found 1 clock nets.
[INFO CTS-0097] Characterization used 1 buffer(s) types.
[INFO CTS-0201] 0 blockages from hard placement blockages and placed macros will be used.
[INFO CTS-0027] Generating H-Tree topology for net clk.
[INFO CTS-0028]  Total number of sinks: 4766.
[INFO CTS-0090]  Sinks will be clustered based on buffer max cap.
[INFO CTS-0030]  Number of static layers: 0.
[INFO CTS-0020]  Wire segment unit: 1350  dbu (1 um).
[INFO CTS-0206] Best clustering solution was found from max clustering size of 28 and max clustering diameter of 41.
[INFO CTS-0019]  Total number of sinks after clustering: 236.
[INFO CTS-0024]  Normalized sink region: [(27.3761, 3.50728), (109.657, 109.395)].
[INFO CTS-0025]     Width:  82.2812.
[INFO CTS-0026]     Height: 105.8880.
 Level 1
    Direction: Vertical
    Sinks per sub-region: 118
    Sub-region size: 82.2812 X 52.9440
[INFO CTS-0034]     Segment length (rounded): 26.
 Level 2
    Direction: Horizontal
    Sinks per sub-region: 59
    Sub-region size: 41.1406 X 52.9440
[INFO CTS-0034]     Segment length (rounded): 20.
 Level 3
    Direction: Vertical
    Sinks per sub-region: 30
    Sub-region size: 41.1406 X 26.4720
[INFO CTS-0034]     Segment length (rounded): 14.
 Level 4
    Direction: Horizontal
    Sinks per sub-region: 15
    Sub-region size: 20.5703 X 26.4720
[INFO CTS-0034]     Segment length (rounded): 10.
 Level 5
    Direction: Vertical
    Sinks per sub-region: 8
    Sub-region size: 20.5703 X 13.2360
[INFO CTS-0034]     Segment length (rounded): 6.
[INFO CTS-0038]  Stop criterion found. Sink region hpwl is smaller than max wirelength (124.954 um) and max number of sinks is 15.
[INFO CTS-0035]  Number of sinks covered: 236.
[INFO CTS-0018]     Created 279 clock buffers.
[INFO CTS-0012]     Minimum number of buffers in the clock path: 5.
[INFO CTS-0013]     Maximum number of buffers in the clock path: 5.
[INFO CTS-0015]     Created 279 clock nets.
[INFO CTS-0016]     Fanout distribution for the current clock = 4:2, 5:2, 6:7, 7:6, 8:8, 9:2, 10:5, 11:3, 12:2, 14:4, 15:10, 16:7, 17:15, 18:26, 19:27, 20:26, 21:28, 22:29, 23:26, 24:18, 25:11, 26:3, 28:1..
[INFO CTS-0017]     Max level of the clock tree: 5.
[INFO CTS-0098] Clock net "clk"
[INFO CTS-0099]  Sinks 4983
[INFO CTS-0100]  Leaf buffers 236
[INFO CTS-0101]  Average sink wire length 220.62 um
[INFO CTS-0102]  Path depth 4 - 5
[INFO CTS-0207]  Dummy loads inserted 217
[INFO CTS-0500] Runtime: 2.64s
estimate_parasitics -placement
detailed_placement
[INFO DPL-0006] Core area: 21940.10 um^2
[INFO DPL-0007] Movable instances area: 6282.26 um^2
[INFO DPL-0008] Fixed instances area within core: 72.05 um^2
[INFO DPL-0009] Utilization: 29.0%
[INFO DPL-0005] Diamond search max displacement: +/- 500 sites horizontally, +/- 100 rows vertically.
[INFO DPL-1102] Legalizing using negotiation legalizer.
[INFO DPL-1103] Negotiation base search window: +/-20 sites horizontally, +/-5 rows vertically 
	Automatic search window extension enabled.
	Search window extendable up to the max displacement cap of +/-500 sites, +/-100 rows near walls.
[INFO DPL-1104] NegotiationLegalizer DRC penalty: 5.
[INFO DPL-0392] Negotiation cell height distribution (1 unique row-count(s)):
[INFO DPL-0393]   height 1 row(s): 49787 cells
          |      Total |  Illegal |  Illegal
Iteration | Violations |    Cells |    Sites
---------------------------------------------
        0 |         20 |         6 |        14
        1 |          0 |         0 |         0
Negotiation phase 1 converged at iteration 1.
[INFO DPL-0500] Runtime: 0.33s
Placement Analysis
---------------------------------
total displacement       6975.4 u
average displacement        0.1 u
max displacement            2.4 u
original HPWL          129867.2 u
legalized HPWL         133057.0 u
delta HPWL                    2 %

estimate_parasitics -placement
repair_timing -setup_margin 0 -hold_margin 0 -repair_tns 100 -verbose
[INFO RSZ-0100] Repair move sequence: UnbufferMove SizeUpMove SwapPinsMove BufferMove CloneMove SplitLoadMove 
[INFO RSZ-0098] No setup violations found
[INFO RSZ-0505] Runtime: 0.99s
[INFO RSZ-0033] No hold violations found.
[INFO RSZ-0506] Runtime: 0.19s
Repair timing output passed lec test
detailed_placement
[INFO DPL-0006] Core area: 21940.10 um^2
[INFO DPL-0007] Movable instances area: 6282.26 um^2
[INFO DPL-0008] Fixed instances area within core: 72.05 um^2
[INFO DPL-0009] Utilization: 29.0%
[INFO DPL-0005] Diamond search max displacement: +/- 500 sites horizontally, +/- 100 rows vertically.
[INFO DPL-1102] Legalizing using negotiation legalizer.
[INFO DPL-1103] Negotiation base search window: +/-20 sites horizontally, +/-5 rows vertically 
	Automatic search window extension enabled.
	Search window extendable up to the max displacement cap of +/-500 sites, +/-100 rows near walls.
[INFO DPL-1104] NegotiationLegalizer DRC penalty: 5.
[INFO DPL-0392] Negotiation cell height distribution (1 unique row-count(s)):
[INFO DPL-0393]   height 1 row(s): 49787 cells
[INFO DPL-0500] Runtime: 0.25s
Placement Analysis
---------------------------------
total displacement          0.0 u
average displacement        0.0 u
max displacement            0.0 u
original HPWL          133057.0 u
legalized HPWL         133057.0 u
delta HPWL                    0 %

estimate_parasitics -placement
Report metrics stage 4, cts final...

==========================================================================
cts final report_design_area
--------------------------------------------------------------------------
Design area 6354 um^2 29% utilization.
write_db /tmp/workspace/scripts-Private_test-fr_cugr_cmp-1-/results/asap7/jpeg_lvt/base/4_1_cts.odb
write_sdc -no_timestamp /tmp/workspace/scripts-Private_test-fr_cugr_cmp-1-/results/asap7/jpeg_lvt/base/4_cts.sdc
Elapsed time: 0:23.10[h:]min:sec. CPU time: user 41.57 sys 34.72 (330%). Peak memory: 730268KB.
Log                       Ext     Elapsed/s Peak Memory/MB sha1sum result [0:20)
4_1_cts                   .odb           23            713 a3174c93ee33259aca75
