OpenROAD 26Q3-1464-gb22abfea20 
Features included (+) or not (-): +GPU +GUI +Python
This program is licensed under the BSD-3 license. See the LICENSE file for details.
Components of this program may be licensed under more restrictive licenses which must be honored.
[INFO ORD-0030] Using 32 thread(s).
source ./platforms/asap7/liberty_suppressions.tcl
read_liberty ./platforms/asap7/lib/NLDM/asap7sc7p5t_AO_LVT_FF_nldm_211120.lib.gz
read_liberty ./platforms/asap7/lib/NLDM/asap7sc7p5t_INVBUF_LVT_FF_nldm_220122.lib.gz
read_liberty ./platforms/asap7/lib/NLDM/asap7sc7p5t_OA_LVT_FF_nldm_211120.lib.gz
read_liberty ./platforms/asap7/lib/NLDM/asap7sc7p5t_SIMPLE_LVT_FF_nldm_211120.lib.gz
read_liberty ./platforms/asap7/lib/NLDM/asap7sc7p5t_SEQ_LVT_FF_nldm_220123.lib
read_db /tmp/workspace/scripts-Private_test-fr_cugr_cmp-1-/results/asap7/jpeg_lvt/base/4_cts.odb
read_sdc /tmp/workspace/scripts-Private_test-fr_cugr_cmp-1-/results/asap7/jpeg_lvt/base/4_cts.sdc
source ./platforms/asap7/setRC.tcl
pin_access
[INFO DRT-0149] Reading tech and libs.

Units:                1000
Number of layers:     21
Number of macros:     212
Number of vias:       14
Number of viarulegen: 11

[INFO DRT-0150] Reading design.
[WARNING DRT-0120] Large net net10046 has 110 pins which may impact routing performance. Consider optimization.
[WARNING DRT-0120] Large net net10254 has 105 pins which may impact routing performance. Consider optimization.
[WARNING DRT-0120] Large net net10258 has 172 pins which may impact routing performance. Consider optimization.
[WARNING DRT-0120] Large net net10236 has 106 pins which may impact routing performance. Consider optimization.
[WARNING DRT-0120] Large net net10239 has 105 pins which may impact routing performance. Consider optimization.
[WARNING DRT-0120] Large net net10247 has 108 pins which may impact routing performance. Consider optimization.
[WARNING DRT-0120] Large net net10246 has 107 pins which may impact routing performance. Consider optimization.
[WARNING DRT-0120] Large net net10039 has 121 pins which may impact routing performance. Consider optimization.
[WARNING DRT-0120] Large net net10042 has 101 pins which may impact routing performance. Consider optimization.
[WARNING DRT-0120] Large net net10279 has 114 pins which may impact routing performance. Consider optimization.
[WARNING DRT-0120] Large net net10276 has 103 pins which may impact routing performance. Consider optimization.
[WARNING DRT-0120] Large net net10303 has 114 pins which may impact routing performance. Consider optimization.
[WARNING DRT-0120] Large net net10302 has 104 pins which may impact routing performance. Consider optimization.

Design:                   jpeg_encoder
Die area:                 ( 0 0 ) ( 152366 152366 )
Number of track patterns: 32
Number of DEF vias:       0
Number of components:     49787
Number of terminals:      49
Number of snets:          2
Number of nets:           47119

[INFO DRT-0167] List of default vias:
  Layer V2
    default via: VIA23
  Layer V3
    default via: VIA34
  Layer V4
    default via: VIA45
  Layer V5
    default via: VIA56
  Layer V6
    default via: VIA67
  Layer V7
    default via: VIA78
  Layer V8
    default via: VIA89
  Layer V9
    default via: VIA9Pad
[INFO DRT-0162] Library cell analysis.
[INFO DRT-0163] Instance analysis.
[INFO DRT-0164] Number of unique instances = 244.
[INFO DRT-0168] Init region query.
[INFO DRT-0024]   Complete Active.
[INFO DRT-0024]   Complete V0.
[INFO DRT-0024]   Complete M1.
[INFO DRT-0024]   Complete V1.
[INFO DRT-0024]   Complete M2.
[INFO DRT-0024]   Complete V2.
[INFO DRT-0024]   Complete M3.
[INFO DRT-0024]   Complete V3.
[INFO DRT-0024]   Complete M4.
[INFO DRT-0024]   Complete V4.
[INFO DRT-0024]   Complete M5.
[INFO DRT-0024]   Complete V5.
[INFO DRT-0024]   Complete M6.
[INFO DRT-0024]   Complete V6.
[INFO DRT-0024]   Complete M7.
[INFO DRT-0024]   Complete V7.
[INFO DRT-0024]   Complete M8.
[INFO DRT-0024]   Complete V8.
[INFO DRT-0024]   Complete M9.
[INFO DRT-0024]   Complete V9.
[INFO DRT-0024]   Complete Pad.
[INFO DRT-0033] Active shape region query size = 0.
[INFO DRT-0033] V0 shape region query size = 0.
[INFO DRT-0033] M1 shape region query size = 906210.
[INFO DRT-0033] V1 shape region query size = 2305049.
[INFO DRT-0033] M2 shape region query size = 31114.
[INFO DRT-0033] V2 shape region query size = 46116.
[INFO DRT-0033] M3 shape region query size = 46116.
[INFO DRT-0033] V3 shape region query size = 30744.
[INFO DRT-0033] M4 shape region query size = 30774.
[INFO DRT-0033] V4 shape region query size = 30744.
[INFO DRT-0033] M5 shape region query size = 17013.
[INFO DRT-0033] V5 shape region query size = 3136.
[INFO DRT-0033] M6 shape region query size = 1680.
[INFO DRT-0033] V6 shape region query size = 0.
[INFO DRT-0033] M7 shape region query size = 0.
[INFO DRT-0033] V7 shape region query size = 0.
[INFO DRT-0033] M8 shape region query size = 0.
[INFO DRT-0033] V8 shape region query size = 0.
[INFO DRT-0033] M9 shape region query size = 0.
[INFO DRT-0033] V9 shape region query size = 0.
[INFO DRT-0033] Pad shape region query size = 0.
[INFO DRT-0165] Start pin access.
[INFO DRT-0076]   Complete 1000 pins.
[INFO DRT-0078]   Complete 1400 pins.
[INFO DRT-0079]   Complete 100 unique inst patterns.
[INFO DRT-0079]   Complete 200 unique inst patterns.
[INFO DRT-0081]   Complete 244 unique inst patterns.
[INFO DRT-0082]   Complete 10000 groups.
[INFO DRT-0082]   Complete 20000 groups.
[INFO DRT-0082]   Complete 30000 groups.
[INFO DRT-0084]   Complete 33096 groups.
#scanned instances     = 49787
#unique  instances     = 244
#stdCellGenAp          = 6704
#stdCellValidPlanarAp  = 49
#stdCellValidViaAp     = 5503
#stdCellPinNoAp        = 0
#stdCellPinCnt         = 165207
#instTermValidViaApCnt = 0
#macroGenAp            = 0
#macroValidPlanarAp    = 0
#macroValidViaAp       = 0
#macroNoAp             = 0
[INFO DRT-0166] Complete pin access.
[INFO DRT-0267] cpu time = 00:08:44, elapsed time = 00:00:16, memory = 483.60 (MB), peak = 538.62 (MB)
Took 18 seconds: pin_access
global_route -congestion_report_file /tmp/workspace/scripts-Private_test-fr_cugr_cmp-1-/reports/asap7/jpeg_lvt/base/congestion.rpt -congestion_iterations 30 -congestion_report_iter_step 5 -verbose -resistance_aware
[INFO GRT-0020] Min routing layer: M2
[INFO GRT-0021] Max routing layer: M7
[INFO GRT-0022] Global adjustment: 0%
[INFO GRT-0023] Grid origin: (0, 0)
[INFO GRT-0088] Layer M1      Track-Pitch = 0.0360  line-2-Via Pitch: 0.0360
[INFO GRT-0088] Layer M2      Track-Pitch = 0.0390  line-2-Via Pitch: 0.0360
[INFO GRT-0088] Layer M3      Track-Pitch = 0.0360  line-2-Via Pitch: 0.0360
[INFO GRT-0088] Layer M4      Track-Pitch = 0.0480  line-2-Via Pitch: 0.0480
[INFO GRT-0088] Layer M5      Track-Pitch = 0.0480  line-2-Via Pitch: 0.0480
[INFO GRT-0088] Layer M6      Track-Pitch = 0.0640  line-2-Via Pitch: 0.0640
[INFO GRT-0088] Layer M7      Track-Pitch = 0.0640  line-2-Via Pitch: 0.0640
[INFO GRT-0003] Macros: 0
[INFO GRT-0004] Blockages: 14496
[INFO GRT-0019] Found 280 clock nets.
[INFO GRT-0001] Minimum degree: 2
[INFO GRT-0002] Maximum degree: 172

[INFO GRT-0053] Routing resources analysis:
          Routing      Original      Derated      Resource
Layer     Direction    Resources     Resources    Reduction (%)
---------------------------------------------------------------
M1         Vertical            0             0          0.00%
M2         Horizontal     946249        671775          29.01%
M3         Vertical      1085395        807526          25.60%
M4         Horizontal     833141        619809          25.61%
M5         Vertical       804481        597371          25.74%
M6         Horizontal     559766        379870          32.14%
M7         Vertical       633346        426930          32.59%
---------------------------------------------------------------

[INFO GRT-0197] Via related to pin nodes: 311720
[INFO GRT-0198] Via related Steiner nodes: 8033
[INFO GRT-0199] Via filling finished.
[INFO GRT-0111] Final number of vias: 400051
[INFO GRT-0112] Final usage 3D: 1483719

[INFO GRT-0096] Final congestion report:
Layer         Resource        Demand        Usage (%)    Max H / Max V / Total Congestion
---------------------------------------------------------------------------------------
M1                   0             0            0.00%             0 /  0 /  0
M2              671775        121170           18.04%             0 /  0 /  0
M3              807526        130947           16.22%             0 /  0 /  0
M4              619809          9062            1.46%             0 /  0 /  0
M5              597371          8594            1.44%             0 /  0 /  0
M6              379870          7539            1.98%             0 /  0 /  0
M7              426930          6254            1.46%             0 /  0 /  0
---------------------------------------------------------------------------------------
Total          3503281        283566            8.09%             0 /  0 /  0

[INFO GRT-0018] Total wirelength: 2337222 um
[INFO GRT-0014] Routed nets: 47119
[INFO GRT-0303] Global routing runtime = 00:00:16
Took 16 seconds: global_route -congestion_report_file /tmp/workspace/scripts-Private_test-fr_cugr_cmp-1-/reports/asap7/jpeg_lvt/base/congestion.rpt -congestion_iterations 30 -congestion_report_iter_step 5 -verbose -resistance_aware
estimate_parasitics -global_routing
Perform buffer insertion and gate resizing...
repair_design -verbose
Iteration |   Area    | Resized | Buffers | Nets repaired | Remaining
---------------------------------------------------------------------
        0 |     +0.0% |       0 |       0 |             0 |     47336
     1000 |     +0.0% |       0 |       0 |             0 |     46336
     2000 |     +0.0% |       0 |       0 |             0 |     45336
     3000 |     +0.0% |       0 |       0 |             0 |     44336
     4000 |     +0.0% |       0 |       0 |             0 |     43336
     5000 |     +0.0% |       0 |       0 |             0 |     42336
     6000 |     +0.0% |       0 |       0 |             0 |     41336
     7000 |     +0.0% |       0 |       0 |             0 |     40336
     8000 |     +0.0% |       0 |       0 |             0 |     39336
     9000 |     +0.0% |       0 |       0 |             0 |     38336
    10000 |     +0.0% |       0 |       0 |             0 |     37336
    11000 |     +0.0% |       0 |       0 |             0 |     36336
    12000 |     +0.0% |       0 |       0 |             0 |     35336
    13000 |     +0.0% |       0 |       0 |             0 |     34336
    14000 |     +0.0% |       0 |       0 |             0 |     33336
    15000 |     +0.0% |       0 |       0 |             0 |     32336
    16000 |     +0.0% |       0 |       0 |             0 |     31336
    17000 |     +0.0% |       0 |       0 |             0 |     30336
    18000 |     +0.0% |       0 |       0 |             0 |     29336
    19000 |     +0.0% |       0 |       0 |             0 |     28336
    20000 |     +0.0% |       0 |       0 |             0 |     27336
    21000 |     +0.0% |       0 |       0 |             0 |     26336
    22000 |     +0.0% |       0 |       0 |             0 |     25336
    23000 |     +0.0% |       0 |       0 |             0 |     24336
    24000 |     +0.0% |       0 |       0 |             0 |     23336
    25000 |     +0.0% |       0 |       0 |             0 |     22336
    26000 |     +0.0% |       0 |       0 |             0 |     21336
    27000 |     +0.0% |       0 |       0 |             0 |     20336
    28000 |     +0.0% |       0 |       0 |             0 |     19336
    29000 |     +0.0% |       0 |       0 |             0 |     18336
    30000 |     +0.0% |       0 |       0 |             0 |     17336
    31000 |     +0.0% |       0 |       0 |             0 |     16336
    32000 |     +0.0% |       0 |       0 |             0 |     15336
    33000 |     +0.0% |       0 |       0 |             0 |     14336
    34000 |     +0.0% |       0 |       0 |             0 |     13336
    35000 |     +0.0% |       0 |       0 |             0 |     12336
    36000 |     +0.0% |       0 |       0 |             0 |     11336
    37000 |     +0.0% |       0 |       0 |             0 |     10336
    38000 |     +0.0% |       0 |       0 |             0 |      9336
    39000 |     +0.0% |       0 |       0 |             0 |      8336
    40000 |     +0.0% |       0 |       0 |             0 |      7336
    41000 |     +0.0% |       0 |       0 |             0 |      6336
    42000 |     +0.0% |       0 |       0 |             0 |      5336
    43000 |     +0.0% |       0 |       0 |             0 |      4336
    44000 |     +0.0% |       0 |       0 |             0 |      3336
    45000 |     +0.0% |       0 |       0 |             0 |      2336
    46000 |     +0.0% |       0 |       0 |             0 |      1336
    47000 |     +0.0% |       0 |       0 |             0 |       336
    final |     +0.0% |       0 |       2 |             2 |         0
---------------------------------------------------------------------
[INFO RSZ-0034] Found 2 slew violations.
[INFO RSZ-0038] Inserted 2 buffers in 2 nets.
[INFO RSZ-0504] Runtime: 5.27s
Took 5 seconds: repair_design -verbose
global_route -start_incremental
detailed_placement
[INFO DPL-0006] Core area: 21940.10 um^2
[INFO DPL-0007] Movable instances area: 6282.90 um^2
[INFO DPL-0008] Fixed instances area within core: 72.05 um^2
[INFO DPL-0009] Utilization: 29.0%
[INFO DPL-0005] Diamond search max displacement: +/- 500 sites horizontally, +/- 100 rows vertically.
[INFO DPL-1102] Legalizing using negotiation legalizer.
[INFO DPL-1103] Negotiation base search window: +/-20 sites horizontally, +/-5 rows vertically 
	Automatic search window extension enabled.
	Search window extendable up to the max displacement cap of +/-500 sites, +/-100 rows near walls.
[INFO DPL-1104] NegotiationLegalizer DRC penalty: 5.
[INFO DPL-0392] Negotiation cell height distribution (1 unique row-count(s)):
[INFO DPL-0393]   height 1 row(s): 49789 cells
          |      Total |  Illegal |  Illegal
Iteration | Violations |    Cells |    Sites
---------------------------------------------
        0 |          0 |         0 |         0
Negotiation phase 1 converged at iteration 0.
[INFO DPL-0500] Runtime: 0.29s
Placement Analysis
---------------------------------
total displacement          1.9 u
average displacement        0.0 u
max displacement            0.8 u
original HPWL          133081.9 u
legalized HPWL         133083.0 u
delta HPWL                    0 %

global_route -end_incremental -resistance_aware -congestion_report_file /tmp/workspace/scripts-Private_test-fr_cugr_cmp-1-/reports/asap7/jpeg_lvt/base/congestion_post_repair_design.rpt
Repair setup and hold violations...
estimate_parasitics -global_routing
repair_timing -setup_margin 0 -hold_margin 0 -repair_tns 100 -verbose
[INFO RSZ-0100] Repair move sequence: UnbufferMove SizeUpMove SwapPinsMove BufferMove CloneMove SplitLoadMove 
[INFO RSZ-0094] Found 1 endpoints with setup violations.
[INFO RSZ-0099] Repairing 1 out of 1 (100.00%) violating endpoints...
   Iter   | Removed | Resized | Inserted | Cloned |  Pin  |   Area   |    WNS   |   StTNS    |   EnTNS    |  Viol  |  Worst  
          | Buffers |  Gates  | Buffers  |  Gates | Swaps |          |          |            |            | Endpts | St/EnPt 
------------------------------------------------------------------------------------------------------------------------------
       0* |       0 |       0 |        0 |      0 |     0 |    +0.0% |   -1.078 |       -1.1 |       -1.1 |      1 | u26255/D
       2* |       0 |       0 |        1 |      0 |     0 |    +0.0% |    1.917 |        0.0 |        0.0 |      1 | u12710/D
       2* |       0 |       0 |        1 |      0 |     0 |    +0.0% |    1.917 |        0.0 |        0.0 |      1 | u12710/D
    final |       0 |       0 |        1 |      0 |     0 |    +0.0% |    1.917 |        0.0 |        0.0 |      0 | u12710/D
------------------------------------------------------------------------------------------------------------------------------
[INFO RSZ-0040] Inserted 1 buffers.
[INFO RSZ-0505] Runtime: 1.53s
[INFO RSZ-0033] No hold violations found.
[INFO RSZ-0506] Runtime: 0.21s
global_route -start_incremental
detailed_placement
[INFO DPL-0006] Core area: 21940.10 um^2
[INFO DPL-0007] Movable instances area: 6282.99 um^2
[INFO DPL-0008] Fixed instances area within core: 72.05 um^2
[INFO DPL-0009] Utilization: 29.0%
[INFO DPL-0005] Diamond search max displacement: +/- 500 sites horizontally, +/- 100 rows vertically.
[INFO DPL-1102] Legalizing using negotiation legalizer.
[INFO DPL-1103] Negotiation base search window: +/-20 sites horizontally, +/-5 rows vertically 
	Automatic search window extension enabled.
	Search window extendable up to the max displacement cap of +/-500 sites, +/-100 rows near walls.
[INFO DPL-1104] NegotiationLegalizer DRC penalty: 5.
[INFO DPL-0392] Negotiation cell height distribution (1 unique row-count(s)):
[INFO DPL-0393]   height 1 row(s): 49790 cells
          |      Total |  Illegal |  Illegal
Iteration | Violations |    Cells |    Sites
---------------------------------------------
        0 |          0 |         0 |         0
Negotiation phase 1 converged at iteration 0.
[INFO DPL-0500] Runtime: 0.30s
Placement Analysis
---------------------------------
total displacement          0.3 u
average displacement        0.0 u
max displacement            0.3 u
original HPWL          133083.3 u
legalized HPWL         133083.3 u
delta HPWL                    0 %

check_placement -verbose
global_route -end_incremental -resistance_aware -congestion_report_file /tmp/workspace/scripts-Private_test-fr_cugr_cmp-1-/reports/asap7/jpeg_lvt/base/congestion_post_repair_timing.rpt
estimate_parasitics -global_routing
repair_timing -setup -sequence "vt_swap reroute" -skip_last_gasp -repair_tns 0 -verbose
[INFO RSZ-0100] Repair move sequence: RerouteMove 
[INFO RSZ-0098] No setup violations found
[INFO RSZ-0505] Runtime: 0.94s
Repair antennas...
[WARNING GRT-0246] No diode with LEF class CORE ANTENNACELL found.
[INFO ANT-0002] Found 0 net violations.
[INFO ANT-0001] Found 0 pin violations.
Estimate parasitics...
estimate_parasitics -global_routing
Report metrics stage 5, global route...

==========================================================================
global route report_design_area
--------------------------------------------------------------------------
Design area 6355 um^2 29% utilization.
[INFO FLW-0007] clock clk period 600.000000
[INFO FLW-0008] Clock clk period 568.179
[INFO FLW-0009] Clock clk slack 1.917
write_sdc -no_timestamp /tmp/workspace/scripts-Private_test-fr_cugr_cmp-1-/results/asap7/jpeg_lvt/base/updated_clks.sdc
[INFO FLW-0011] Path endpoint path count 5075
write_db /tmp/workspace/scripts-Private_test-fr_cugr_cmp-1-/results/asap7/jpeg_lvt/base/5_1_grt.odb
write_sdc -no_timestamp /tmp/workspace/scripts-Private_test-fr_cugr_cmp-1-/results/asap7/jpeg_lvt/base/5_1_grt.sdc
Elapsed time: 1:02.99[h:]min:sec. CPU time: user 649.64 sys 72.15 (1145%). Peak memory: 1377840KB.
Log                       Ext     Elapsed/s Peak Memory/MB sha1sum result [0:20)
5_1_grt                   .odb           62           1345 879aab73acb8635d68bd
5_1_grt                   .sdc                             47a1c65188338a777bf4
