OpenROAD 26Q3-1464-gb22abfea20 
Features included (+) or not (-): +GPU +GUI +Python
This program is licensed under the BSD-3 license. See the LICENSE file for details.
Components of this program may be licensed under more restrictive licenses which must be honored.
[INFO ORD-0030] Using 32 thread(s).
source ./platforms/asap7/liberty_suppressions.tcl
read_liberty ./platforms/asap7/lib/NLDM/asap7sc7p5t_AO_RVT_FF_nldm_211120.lib.gz
read_liberty ./platforms/asap7/lib/NLDM/asap7sc7p5t_INVBUF_RVT_FF_nldm_220122.lib.gz
read_liberty ./platforms/asap7/lib/NLDM/asap7sc7p5t_OA_RVT_FF_nldm_211120.lib.gz
read_liberty ./platforms/asap7/lib/NLDM/asap7sc7p5t_SIMPLE_RVT_FF_nldm_211120.lib.gz
read_liberty ./platforms/asap7/lib/NLDM/asap7sc7p5t_SEQ_RVT_FF_nldm_220123.lib
read_db /tmp/workspace/scripts-Private_test-fr_cugr_cmp-1-/results/asap7/jpeg/base/6_1_fill.odb
read_sdc /tmp/workspace/scripts-Private_test-fr_cugr_cmp-1-/results/asap7/jpeg/base/6_1_fill.sdc
source ./platforms/asap7/setRC.tcl
write_db /tmp/workspace/scripts-Private_test-fr_cugr_cmp-1-/results/asap7/jpeg/base/6_final.odb
write_sdc -no_timestamp /tmp/workspace/scripts-Private_test-fr_cugr_cmp-1-/results/asap7/jpeg/base/6_final.sdc
Deleted 0 routing obstructions
[INFO RCX-0431] Defined process_corner X with ext_model_index 0
[INFO RCX-0029] Defined extraction corner X
[WARNING RCX-0514] The ext_model_file option is deprecated. Use set_extraction_rules_file command instead.
[INFO RCX-0435] Reading extraction model file ./platforms/asap7/rcx_patterns.rules ...
[INFO RCX-0436] RC segment generation jpeg_encoder (max_merge_res 50.0) ...
[INFO RCX-0040] Final 361147 rc segments
[INFO RCX-0439] Coupling Cap extraction jpeg_encoder ...
[INFO RCX-0440] Coupling threshhold is 0.1000 fF, coupling capacitance less than 0.1000 fF will be grounded.
[INFO RCX-0442] 17% of 374121 wires extracted
[INFO RCX-0442] 54% of 374121 wires extracted
[INFO RCX-0442] 69% of 374121 wires extracted
[INFO RCX-0442] 100% of 374121 wires extracted
[INFO RCX-0045] Extract 50014 nets, 411161 rsegs, 411161 caps, 537619 ccs
[INFO RCX-0443] 50014 nets finished
[INFO PSM-0040] All shapes on net VDD are connected.
########## IR report #################
Net              : VDD
Corner           : default
Total power      : 1.50e-01 W
Supply voltage   : 7.70e-01 V
Worstcase voltage: 7.39e-01 V
Average voltage  : 7.67e-01 V
Average IR drop  : 3.24e-03 V
Worstcase IR drop: 3.11e-02 V
Percentage drop  : 4.04 %
######################################
[INFO PSM-0040] All shapes on net VSS are connected.
########## IR report #################
Net              : VSS
Corner           : default
Total power      : 1.50e-01 W
Supply voltage   : 0.00e+00 V
Worstcase voltage: 1.39e-02 V
Average voltage  : 3.06e-03 V
Average IR drop  : 3.06e-03 V
Worstcase IR drop: 1.39e-02 V
Percentage drop  : 1.80 %
######################################
Cell type report:                       Count       Area
  Fill cell                             48526    2907.97
  Tap cell                               1266      36.92
  Tie cell                                 67       2.93
  Clock buffer                            597     261.13
  Timing Repair Buffer                   3769     336.93
  Inverter                               3119     143.07
  Clock inverter                            1       0.07
  Sequential cell                        4766    1395.54
  Multi-Input combinational cell        37711    4431.63
  Total                                 99822    9516.19
Report metrics stage 6, finish...

==========================================================================
finish report_design_area
--------------------------------------------------------------------------
Design area 6608 um^2 69% utilization.
[WARNING GUI-0076] QStandardPaths: XDG_RUNTIME_DIR not set, defaulting to '/tmp/runtime-root'
Elapsed time: 0:39.71[h:]min:sec. CPU time: user 51.17 sys 24.69 (191%). Peak memory: 1372304KB.
Log                       Ext     Elapsed/s Peak Memory/MB sha1sum result [0:20)
6_report                                 39           1340                  N/A
