OpenROAD 26Q3-1464-gb22abfea20 
Features included (+) or not (-): +GPU +GUI +Python
This program is licensed under the BSD-3 license. See the LICENSE file for details.
Components of this program may be licensed under more restrictive licenses which must be honored.
[INFO ORD-0030] Using 32 thread(s).
source ./platforms/ihp-sg13g2/suppress_message.tcl
read_liberty ./platforms/ihp-sg13g2/lib/sg13g2_stdcell_typ_1p20V_25C.lib
read_db /tmp/workspace/scripts-Private_test-fr_cugr_cmp-2-/results/ihp-sg13g2/aes/base/3_3_place_gp.odb
read_sdc /tmp/workspace/scripts-Private_test-fr_cugr_cmp-2-/results/ihp-sg13g2/aes/base/2_floorplan.sdc
source ./platforms/ihp-sg13g2/setRC.tcl
estimate_parasitics -placement
Perform buffer insertion and gate resizing...
repair_design -verbose -match_cell_footprint
Iteration |   Area    | Resized | Buffers | Nets repaired | Remaining
---------------------------------------------------------------------
        0 |     +0.0% |       0 |       0 |             0 |     12896
     1000 |     +0.0% |       0 |       0 |             0 |     11896
     2000 |     +0.0% |       0 |       0 |             0 |     10896
     3000 |     +0.0% |       0 |       0 |             0 |      9896
     4000 |     +0.0% |       0 |       0 |             0 |      8896
     5000 |     +0.0% |       0 |       0 |             0 |      7896
     6000 |     +0.0% |       0 |       0 |             0 |      6896
     7000 |     +0.0% |       0 |       0 |             0 |      5896
     8000 |     +0.0% |       0 |       0 |             0 |      4896
     9000 |     +0.0% |       0 |       0 |             0 |      3896
    10000 |     +0.0% |       0 |       0 |             0 |      2896
    11000 |     +0.0% |       0 |       0 |             0 |      1896
    12000 |     +0.0% |       0 |       0 |             0 |       896
    final |     +0.0% |       0 |       0 |             0 |         0
---------------------------------------------------------------------
[INFO RSZ-0504] Runtime: 0.65s
Floating nets: 
Report metrics stage 3, resizer...

==========================================================================
resizer report_design_area
--------------------------------------------------------------------------
Design area 141416 um^2 19% utilization.
Instance count before 12637, after 12637
Pin count before 42897, after 42897
write_db /tmp/workspace/scripts-Private_test-fr_cugr_cmp-2-/results/ihp-sg13g2/aes/base/3_4_place_resized.odb
Elapsed time: 0:02.42[h:]min:sec. CPU time: user 3.65 sys 3.40 (292%). Peak memory: 169900KB.
Log                       Ext     Elapsed/s Peak Memory/MB sha1sum result [0:20)
3_4_place_resized         .odb            2            165 de8630f2497fa538bf44
