OpenROAD 26Q3-1464-gb22abfea20 
Features included (+) or not (-): +GPU +GUI +Python
This program is licensed under the BSD-3 license. See the LICENSE file for details.
Components of this program may be licensed under more restrictive licenses which must be honored.
[INFO ORD-0030] Using 32 thread(s).
source ./platforms/ihp-sg13g2/suppress_message.tcl
read_liberty ./platforms/ihp-sg13g2/lib/sg13g2_stdcell_typ_1p20V_25C.lib
read_db /tmp/workspace/scripts-Private_test-fr_cugr_cmp-2-/results/ihp-sg13g2/aes/base/4_cts.odb
read_sdc /tmp/workspace/scripts-Private_test-fr_cugr_cmp-2-/results/ihp-sg13g2/aes/base/4_cts.sdc
source ./platforms/ihp-sg13g2/setRC.tcl
pin_access
[INFO DRT-0149] Reading tech and libs.

Units:                1000
Number of layers:     15
Number of macros:     84
Number of vias:       84
Number of viarulegen: 6

[INFO DRT-0150] Reading design.

Design:                   aes_cipher_top
Die area:                 ( 0 0 ) ( 892045 892045 )
Number of track patterns: 14
Number of DEF vias:       0
Number of components:     12735
Number of terminals:      390
Number of snets:          2
Number of nets:           12988

[INFO DRT-0167] List of default vias:
  Layer Via2
    default via: Via2_YX
  Layer Via3
    default via: Via3_XY
  Layer Via4
    default via: Via4_YX
  Layer TopVia1
    default via: TopVia1EWNS
  Layer TopVia2
    default via: TopVia2EWNS
[INFO DRT-0162] Library cell analysis.
[INFO DRT-0163] Instance analysis.
[INFO DRT-0164] Number of unique instances = 77.
[INFO DRT-0168] Init region query.
[INFO DRT-0024]   Complete GatPoly.
[INFO DRT-0024]   Complete Cont.
[INFO DRT-0024]   Complete Metal1.
[INFO DRT-0024]   Complete Via1.
[INFO DRT-0024]   Complete Metal2.
[INFO DRT-0024]   Complete Via2.
[INFO DRT-0024]   Complete Metal3.
[INFO DRT-0024]   Complete Via3.
[INFO DRT-0024]   Complete Metal4.
[INFO DRT-0024]   Complete Via4.
[INFO DRT-0024]   Complete Metal5.
[INFO DRT-0024]   Complete TopVia1.
[INFO DRT-0024]   Complete TopMetal1.
[INFO DRT-0024]   Complete TopVia2.
[INFO DRT-0024]   Complete TopMetal2.
[INFO DRT-0033] GatPoly shape region query size = 0.
[INFO DRT-0033] Cont shape region query size = 0.
[INFO DRT-0033] Metal1 shape region query size = 252540.
[INFO DRT-0033] Via1 shape region query size = 18503.
[INFO DRT-0033] Metal2 shape region query size = 6288.
[INFO DRT-0033] Via2 shape region query size = 18503.
[INFO DRT-0033] Metal3 shape region query size = 6360.
[INFO DRT-0033] Via3 shape region query size = 18503.
[INFO DRT-0033] Metal4 shape region query size = 6130.
[INFO DRT-0033] Via4 shape region query size = 18503.
[INFO DRT-0033] Metal5 shape region query size = 9195.
[INFO DRT-0033] TopVia1 shape region query size = 7492.
[INFO DRT-0033] TopMetal1 shape region query size = 3484.
[INFO DRT-0033] TopVia2 shape region query size = 481.
[INFO DRT-0033] TopMetal2 shape region query size = 419.
[INFO DRT-0165] Start pin access.
[INFO DRT-0078]   Complete 427 pins.
[INFO DRT-0081]   Complete 77 unique inst patterns.
[INFO DRT-0084]   Complete 7152 groups.
#scanned instances     = 12735
#unique  instances     = 77
#stdCellGenAp          = 3418
#stdCellValidPlanarAp  = 0
#stdCellValidViaAp     = 2608
#stdCellPinNoAp        = 0
#stdCellPinCnt         = 43087
#instTermValidViaApCnt = 0
#macroGenAp            = 0
#macroValidPlanarAp    = 0
#macroValidViaAp       = 0
#macroNoAp             = 0
[INFO DRT-0166] Complete pin access.
[INFO DRT-0267] cpu time = 00:01:57, elapsed time = 00:00:04, memory = 160.62 (MB), peak = 158.14 (MB)
Took 5 seconds: pin_access
global_route -congestion_report_file /tmp/workspace/scripts-Private_test-fr_cugr_cmp-2-/reports/ihp-sg13g2/aes/base/congestion.rpt -congestion_iterations 10 -congestion_report_iter_step 5 -verbose -use_cugr
[INFO GRT-0020] Min routing layer: Metal2
[INFO GRT-0021] Max routing layer: Metal5
[INFO GRT-0022] Global adjustment: 0%
[INFO GRT-0023] Grid origin: (0, 0)
[INFO GRT-0088] Layer Metal1  Track-Pitch = 0.4200  line-2-Via Pitch: 0.3650
[INFO GRT-0088] Layer Metal2  Track-Pitch = 0.4800  line-2-Via Pitch: 0.4150
[INFO GRT-0088] Layer Metal3  Track-Pitch = 0.4200  line-2-Via Pitch: 0.4150
[INFO GRT-0088] Layer Metal4  Track-Pitch = 0.4800  line-2-Via Pitch: 0.4150
[INFO GRT-0088] Layer Metal5  Track-Pitch = 0.4200  line-2-Via Pitch: 0.4100
[INFO GRT-0003] Macros: 0
[INFO GRT-0004] Blockages: 0
[INFO GRT-0019] Found 93 clock nets.
[INFO GRT-0001] Minimum degree: 2
[INFO GRT-0002] Maximum degree: 9
Design statistics
Nets:                12988
Special nets:        2
Routing layers:      5

[INFO GRT-0053] Routing resources analysis:
          Routing      Original      Derated      Resource
Layer     Direction    Resources     Resources    Reduction (%)
---------------------------------------------------------------
Metal1     Horizontal          0             0          0.00%
Metal2     Vertical       221609        210528          5.00%
Metal3     Horizontal     257546        244669          5.00%
Metal4     Vertical       221609        210528          5.00%
Metal5     Horizontal     254627        241895          5.00%
---------------------------------------------------------------

Stage 1: Pattern routing.
Routing statistics
Wire length:           1181743
Total via count:       77778
Total congestion:      0.00
Min resource:          1.57
Bottleneck:            (3, 48, 73)
[INFO GRT-0130] CUGR congestion report:
Layer   Dir     Resource     Wire Dmd      Via Dmd    Total Dmd  Usage (%)
--------------------------------------------------------------------------
Metal1    H         0.00         0.00         0.00         0.00       0.00
Metal2    V    210528.47     26690.58      3737.78     30428.37      14.45
Metal3    H    244668.86     28748.42      3014.11     31762.53      12.98
Metal4    V    210528.47     12271.00       673.90     12944.90       6.15
Metal5    H    241895.19     11097.00       291.41     11388.41       4.71
--------------------------------------------------------------------------
Total          907620.98     78807.00      7717.21     86524.21       9.53
[INFO GRT-0018] Total wirelength: 8082576 um
[INFO GRT-0014] Routed nets: 12988
[INFO GRT-0303] Global routing runtime = 00:00:00
[WARNING STA-0450] virtual clock vclk_clk can not be propagated.
estimate_parasitics -global_routing
Perform buffer insertion and gate resizing...
repair_design -verbose
Iteration |   Area    | Resized | Buffers | Nets repaired | Remaining
---------------------------------------------------------------------
        0 |     +0.0% |       0 |       0 |             0 |     12994
     1000 |     +0.0% |       0 |       0 |             0 |     11994
     2000 |     +0.0% |       0 |       0 |             0 |     10994
     3000 |     +0.0% |       0 |       0 |             0 |      9994
     4000 |     +0.0% |       0 |       0 |             0 |      8994
     5000 |     +0.0% |       0 |       0 |             0 |      7994
     6000 |     +0.0% |       0 |       0 |             0 |      6994
     7000 |     +0.0% |       0 |       0 |             0 |      5994
     8000 |     +0.0% |       0 |       0 |             0 |      4994
     9000 |     +0.0% |       0 |       0 |             0 |      3994
    10000 |     +0.0% |       0 |       0 |             0 |      2994
    11000 |     +0.0% |       0 |       0 |             0 |      1994
    12000 |     +0.0% |       0 |       0 |             0 |       994
    final |     +0.0% |       0 |       0 |             0 |         0
---------------------------------------------------------------------
[INFO RSZ-0504] Runtime: 0.70s
global_route -start_incremental
detailed_placement
[INFO DPL-0006] Core area: 731537.05 um^2
[INFO DPL-0007] Movable instances area: 145761.64 um^2
[INFO DPL-0008] Fixed instances area within core: 0.00 um^2
[INFO DPL-0009] Utilization: 19.9%
[INFO DPL-0005] Diamond search max displacement: +/- 500 sites horizontally, +/- 100 rows vertically.
[INFO DPL-1102] Legalizing using negotiation legalizer.
[INFO DPL-1103] Negotiation base search window: +/-20 sites horizontally, +/-5 rows vertically 
	Automatic search window extension enabled.
	Search window extendable up to the max displacement cap of +/-500 sites, +/-100 rows near walls.
[INFO DPL-1104] NegotiationLegalizer DRC penalty: 5.
[INFO DPL-0392] Negotiation cell height distribution (1 unique row-count(s)):
[INFO DPL-0393]   height 1 row(s): 12735 cells
[INFO DPL-0500] Runtime: 0.04s
Placement Analysis
---------------------------------
total displacement          0.0 u
average displacement        0.0 u
max displacement            0.0 u
original HPWL          512496.5 u
legalized HPWL         512496.5 u
delta HPWL                    0 %

global_route -end_incremental -congestion_report_file /tmp/workspace/scripts-Private_test-fr_cugr_cmp-2-/reports/ihp-sg13g2/aes/base/congestion_post_repair_design.rpt
Repair setup and hold violations...
estimate_parasitics -global_routing
repair_timing -setup_margin 0 -hold_margin 0 -repair_tns 100 -verbose
[INFO RSZ-0100] Repair move sequence: UnbufferMove SizeUpMove SwapPinsMove BufferMove CloneMove SplitLoadMove 
[INFO RSZ-0098] No setup violations found
[INFO RSZ-0505] Runtime: 0.18s
[INFO RSZ-0033] No hold violations found.
[INFO RSZ-0506] Runtime: 0.06s
global_route -start_incremental
detailed_placement
[INFO DPL-0006] Core area: 731537.05 um^2
[INFO DPL-0007] Movable instances area: 145761.64 um^2
[INFO DPL-0008] Fixed instances area within core: 0.00 um^2
[INFO DPL-0009] Utilization: 19.9%
[INFO DPL-0005] Diamond search max displacement: +/- 500 sites horizontally, +/- 100 rows vertically.
[INFO DPL-1102] Legalizing using negotiation legalizer.
[INFO DPL-1103] Negotiation base search window: +/-20 sites horizontally, +/-5 rows vertically 
	Automatic search window extension enabled.
	Search window extendable up to the max displacement cap of +/-500 sites, +/-100 rows near walls.
[INFO DPL-1104] NegotiationLegalizer DRC penalty: 5.
[INFO DPL-0392] Negotiation cell height distribution (1 unique row-count(s)):
[INFO DPL-0393]   height 1 row(s): 12735 cells
[INFO DPL-0500] Runtime: 0.04s
Placement Analysis
---------------------------------
total displacement          0.0 u
average displacement        0.0 u
max displacement            0.0 u
original HPWL          512496.5 u
legalized HPWL         512496.5 u
delta HPWL                    0 %

check_placement -verbose
global_route -end_incremental -congestion_report_file /tmp/workspace/scripts-Private_test-fr_cugr_cmp-2-/reports/ihp-sg13g2/aes/base/congestion_post_repair_timing.rpt
estimate_parasitics -global_routing
global_route -start_incremental
global_route -end_incremental -congestion_report_file /tmp/workspace/scripts-Private_test-fr_cugr_cmp-2-/reports/ihp-sg13g2/aes/base/congestion_post_recover_power.rpt
Repair antennas...
[INFO GRT-0012] Found 32 antenna violations.
[INFO GRT-0302] Inserted 24 jumpers for 24 nets.
[INFO GRT-0012] Found 8 antenna violations.
[INFO DPL-0006] Core area: 731537.05 um^2
[INFO DPL-0007] Movable instances area: 145703.58 um^2
[INFO DPL-0008] Fixed instances area within core: 101.61 um^2
[INFO DPL-0009] Utilization: 19.9%
[INFO DPL-0005] Diamond search max displacement: +/- 500 sites horizontally, +/- 100 rows vertically.
[INFO DPL-1102] Legalizing using negotiation legalizer.
[INFO DPL-1103] Negotiation base search window: +/-20 sites horizontally, +/-5 rows vertically 
	Automatic search window extension enabled.
	Search window extendable up to the max displacement cap of +/-500 sites, +/-100 rows near walls.
[INFO DPL-1104] NegotiationLegalizer DRC penalty: 5.
[INFO DPL-0392] Negotiation cell height distribution (1 unique row-count(s)):
[INFO DPL-0393]   height 1 row(s): 12743 cells
          |      Total |  Illegal |  Illegal
Iteration | Violations |    Cells |    Sites
---------------------------------------------
        0 |          0 |         0 |         0
Negotiation phase 1 converged at iteration 0.
[INFO DPL-0500] Runtime: 0.05s
[INFO GRT-0015] Inserted 8 diodes.
[INFO GRT-0012] Found 1 antenna violations.
[INFO GRT-0302] Inserted 0 jumpers for 0 nets.
[INFO GRT-0012] Found 1 antenna violations.
[INFO DPL-0006] Core area: 731537.05 um^2
[INFO DPL-0007] Movable instances area: 145788.85 um^2
[INFO DPL-0008] Fixed instances area within core: 27.22 um^2
[INFO DPL-0009] Utilization: 19.9%
[INFO DPL-0005] Diamond search max displacement: +/- 500 sites horizontally, +/- 100 rows vertically.
[INFO DPL-1102] Legalizing using negotiation legalizer.
[INFO DPL-1103] Negotiation base search window: +/-20 sites horizontally, +/-5 rows vertically 
	Automatic search window extension enabled.
	Search window extendable up to the max displacement cap of +/-500 sites, +/-100 rows near walls.
[INFO DPL-1104] NegotiationLegalizer DRC penalty: 5.
[INFO DPL-0392] Negotiation cell height distribution (1 unique row-count(s)):
[INFO DPL-0393]   height 1 row(s): 12745 cells
          |      Total |  Illegal |  Illegal
Iteration | Violations |    Cells |    Sites
---------------------------------------------
        0 |          0 |         0 |         0
Negotiation phase 1 converged at iteration 0.
[INFO DPL-0500] Runtime: 0.05s
[INFO GRT-0015] Inserted 2 diodes.
[INFO GRT-0012] Found 0 antenna violations.
[INFO ANT-0002] Found 0 net violations.
[INFO ANT-0001] Found 0 pin violations.
Estimate parasitics...
estimate_parasitics -global_routing
Report metrics stage 5, global route...

==========================================================================
global route report_design_area
--------------------------------------------------------------------------
Design area 145816 um^2 20% utilization.
[INFO FLW-0007] clock clk period 4.500000
[WARNING FLW-0010] more than one clock found. Skipping sdc update.
[INFO FLW-0011] Path endpoint path count 675
write_db /tmp/workspace/scripts-Private_test-fr_cugr_cmp-2-/results/ihp-sg13g2/aes/base/5_1_grt.odb
write_sdc -no_timestamp /tmp/workspace/scripts-Private_test-fr_cugr_cmp-2-/results/ihp-sg13g2/aes/base/5_1_grt.sdc
Elapsed time: 0:10.81[h:]min:sec. CPU time: user 154.41 sys 11.85 (1538%). Peak memory: 362404KB.
Log                       Ext     Elapsed/s Peak Memory/MB sha1sum result [0:20)
5_1_grt                   .odb           10            353 7ac0d02c278883e30fc5
5_1_grt                   .sdc                             0ad458fbdeb460908174
