OpenROAD 26Q3-1464-gb22abfea20 
Features included (+) or not (-): +GPU +GUI +Python
This program is licensed under the BSD-3 license. See the LICENSE file for details.
Components of this program may be licensed under more restrictive licenses which must be honored.
[INFO ORD-0030] Using 32 thread(s).
source ./platforms/ihp-sg13g2/suppress_message.tcl
read_liberty ./platforms/ihp-sg13g2/lib/sg13g2_stdcell_typ_1p20V_25C.lib
read_db /tmp/workspace/scripts-Private_test-fr_cugr_cmp-2-/results/ihp-sg13g2/aes/base/5_1_grt.odb
read_sdc /tmp/workspace/scripts-Private_test-fr_cugr_cmp-2-/results/ihp-sg13g2/aes/base/5_1_grt.sdc
source ./platforms/ihp-sg13g2/setRC.tcl
[WARNING STA-0450] virtual clock vclk_clk can not be propagated.
detailed_route -output_drc /tmp/workspace/scripts-Private_test-fr_cugr_cmp-2-/reports/ihp-sg13g2/aes/base/5_route_drc.rpt -output_maze /tmp/workspace/scripts-Private_test-fr_cugr_cmp-2-/results/ihp-sg13g2/aes/base/maze.log -droute_end_iter 64 -verbose 1 -drc_report_iter_step 5
[INFO DRT-0149] Reading tech and libs.

Units:                1000
Number of layers:     15
Number of macros:     84
Number of vias:       84
Number of viarulegen: 6

[INFO DRT-0150] Reading design.

Design:                   aes_cipher_top
Die area:                 ( 0 0 ) ( 892045 892045 )
Number of track patterns: 14
Number of DEF vias:       0
Number of components:     12745
Number of terminals:      390
Number of snets:          2
Number of nets:           12988

[INFO DRT-0167] List of default vias:
  Layer Via2
    default via: Via2_YX
  Layer Via3
    default via: Via3_XY
  Layer Via4
    default via: Via4_YX
  Layer TopVia1
    default via: TopVia1EWNS
  Layer TopVia2
    default via: TopVia2EWNS
[INFO DRT-0162] Library cell analysis.
[INFO DRT-0163] Instance analysis.
[INFO DRT-0164] Number of unique instances = 79.
[INFO DRT-0168] Init region query.
[INFO DRT-0024]   Complete GatPoly.
[INFO DRT-0024]   Complete Cont.
[INFO DRT-0024]   Complete Metal1.
[INFO DRT-0024]   Complete Via1.
[INFO DRT-0024]   Complete Metal2.
[INFO DRT-0024]   Complete Via2.
[INFO DRT-0024]   Complete Metal3.
[INFO DRT-0024]   Complete Via3.
[INFO DRT-0024]   Complete Metal4.
[INFO DRT-0024]   Complete Via4.
[INFO DRT-0024]   Complete Metal5.
[INFO DRT-0024]   Complete TopVia1.
[INFO DRT-0024]   Complete TopMetal1.
[INFO DRT-0024]   Complete TopVia2.
[INFO DRT-0024]   Complete TopMetal2.
[INFO DRT-0033] GatPoly shape region query size = 0.
[INFO DRT-0033] Cont shape region query size = 0.
[INFO DRT-0033] Metal1 shape region query size = 252590.
[INFO DRT-0033] Via1 shape region query size = 18503.
[INFO DRT-0033] Metal2 shape region query size = 6288.
[INFO DRT-0033] Via2 shape region query size = 18503.
[INFO DRT-0033] Metal3 shape region query size = 6360.
[INFO DRT-0033] Via3 shape region query size = 18503.
[INFO DRT-0033] Metal4 shape region query size = 6130.
[INFO DRT-0033] Via4 shape region query size = 18503.
[INFO DRT-0033] Metal5 shape region query size = 9195.
[INFO DRT-0033] TopVia1 shape region query size = 7492.
[INFO DRT-0033] TopMetal1 shape region query size = 3484.
[INFO DRT-0033] TopVia2 shape region query size = 481.
[INFO DRT-0033] TopMetal2 shape region query size = 419.
[INFO DRT-0165] Start pin access.
[INFO DRT-0078]   Complete 433 pins.
[INFO DRT-0081]   Complete 79 unique inst patterns.
[INFO DRT-0084]   Complete 7160 groups.
#scanned instances     = 12745
#unique  instances     = 79
#stdCellGenAp          = 3434
#stdCellValidPlanarAp  = 0
#stdCellValidViaAp     = 2624
#stdCellPinNoAp        = 0
#stdCellPinCnt         = 43087
#instTermValidViaApCnt = 0
#macroGenAp            = 0
#macroValidPlanarAp    = 0
#macroValidViaAp       = 0
#macroNoAp             = 0
[INFO DRT-0166] Complete pin access.
[INFO DRT-0267] cpu time = 00:01:56, elapsed time = 00:00:04, memory = 287.57 (MB), peak = 285.80 (MB)
[INFO DRT-0156] guideIn read 100000 guides.

[INFO DRT-0157] Number of guides:     114759

[INFO DRT-0169] Post process guides.
[INFO DRT-0176] GCELLGRID X 0 DO 123 STEP 7200 ;
[INFO DRT-0177] GCELLGRID Y 0 DO 123 STEP 7200 ;
[INFO DRT-0026]   Complete 100000 origin guides.
[INFO DRT-0028]   Complete GatPoly.
[INFO DRT-0028]   Complete Cont.
[INFO DRT-0028]   Complete Metal1.
[INFO DRT-0028]   Complete Via1.
[INFO DRT-0028]   Complete Metal2.
[INFO DRT-0028]   Complete Via2.
[INFO DRT-0028]   Complete Metal3.
[INFO DRT-0028]   Complete Via3.
[INFO DRT-0028]   Complete Metal4.
[INFO DRT-0028]   Complete Via4.
[INFO DRT-0028]   Complete Metal5.
[INFO DRT-0028]   Complete TopVia1.
[INFO DRT-0028]   Complete TopMetal1.
[INFO DRT-0028]   Complete TopVia2.
[INFO DRT-0028]   Complete TopMetal2.
[INFO DRT-0178] Init guide query.
[INFO DRT-0035]   Complete GatPoly (guide).
[INFO DRT-0035]   Complete Cont (guide).
[INFO DRT-0035]   Complete Metal1 (guide).
[INFO DRT-0035]   Complete Via1 (guide).
[INFO DRT-0035]   Complete Metal2 (guide).
[INFO DRT-0035]   Complete Via2 (guide).
[INFO DRT-0035]   Complete Metal3 (guide).
[INFO DRT-0035]   Complete Via3 (guide).
[INFO DRT-0035]   Complete Metal4 (guide).
[INFO DRT-0035]   Complete Via4 (guide).
[INFO DRT-0035]   Complete Metal5 (guide).
[INFO DRT-0035]   Complete TopVia1 (guide).
[INFO DRT-0035]   Complete TopMetal1 (guide).
[INFO DRT-0035]   Complete TopVia2 (guide).
[INFO DRT-0035]   Complete TopMetal2 (guide).
[INFO DRT-0036] GatPoly guide region query size = 0.
[INFO DRT-0036] Cont guide region query size = 0.
[INFO DRT-0036] Metal1 guide region query size = 37333.
[INFO DRT-0036] Via1 guide region query size = 0.
[INFO DRT-0036] Metal2 guide region query size = 32339.
[INFO DRT-0036] Via2 guide region query size = 0.
[INFO DRT-0036] Metal3 guide region query size = 18753.
[INFO DRT-0036] Via3 guide region query size = 0.
[INFO DRT-0036] Metal4 guide region query size = 5118.
[INFO DRT-0036] Via4 guide region query size = 0.
[INFO DRT-0036] Metal5 guide region query size = 1523.
[INFO DRT-0036] TopVia1 guide region query size = 0.
[INFO DRT-0036] TopMetal1 guide region query size = 0.
[INFO DRT-0036] TopVia2 guide region query size = 0.
[INFO DRT-0036] TopMetal2 guide region query size = 0.
[INFO DRT-0179] Init gr pin query.
[INFO DRT-0267] cpu time = 00:00:00, elapsed time = 00:00:00, memory = 326.84 (MB), peak = 321.56 (MB)
[INFO DRT-0245] skipped writing guide updates to database.
[INFO DRT-0181] Start track assignment.
[INFO DRT-0184] Done with 37457 vertical wires in 3 frboxes and 57609 horizontal wires in 3 frboxes.
[INFO DRT-0186] Done with 16706 vertical wires in 3 frboxes and 10020 horizontal wires in 3 frboxes.
[INFO DRT-0182] Complete track assignment.
[INFO DRT-0267] cpu time = 00:00:05, elapsed time = 00:00:03, memory = 653.55 (MB), peak = 648.95 (MB)
[INFO DRT-0187] Start routing data preparation.
[INFO DRT-0267] cpu time = 00:00:00, elapsed time = 00:00:00, memory = 653.55 (MB), peak = 648.95 (MB)
[INFO DRT-0194] Start detail routing.
[INFO DRT-0195] Start 0th optimization iteration.
    Completing 10% with 0 violations.
    elapsed time = 00:00:00, memory = 1316.06 (MB).
    Completing 20% with 0 violations.
    elapsed time = 00:00:02, memory = 1817.68 (MB).
    Completing 30% with 1416 violations.
    elapsed time = 00:00:13, memory = 1476.46 (MB).
    Completing 40% with 1416 violations.
    elapsed time = 00:00:13, memory = 1875.18 (MB).
    Completing 50% with 1416 violations.
    elapsed time = 00:00:39, memory = 1623.23 (MB).
    Completing 60% with 3515 violations.
    elapsed time = 00:00:39, memory = 2369.45 (MB).
    Completing 70% with 3515 violations.
    elapsed time = 00:00:42, memory = 2726.27 (MB).
    Completing 80% with 5466 violations.
    elapsed time = 00:01:04, memory = 1937.05 (MB).
    Completing 90% with 5466 violations.
    elapsed time = 00:01:04, memory = 2714.22 (MB).
    Completing 100% with 7837 violations.
    elapsed time = 00:01:30, memory = 2016.62 (MB).
[INFO DRT-0199]   Number of violations = 9539.
Viol/Layer      Metal1   Via1 Metal2   Via2 Metal3   Via3 Metal4 Metal5
Metal Spacing        0      0   2756      0     46      0     47      1
Recheck             30      0    880      0    554      0    199     39
Short                0     27   4258     42    616     12     32      0
[INFO DRT-0267] cpu time = 00:13:11, elapsed time = 00:01:31, memory = 2346.05 (MB), peak = 3042.57 (MB)
Total wire length = 598103 um.
Total wire length on LAYER Metal1 = 0 um.
Total wire length on LAYER Metal2 = 206323 um.
Total wire length on LAYER Metal3 = 219534 um.
Total wire length on LAYER Metal4 = 97015 um.
Total wire length on LAYER Metal5 = 75230 um.
Total wire length on LAYER TopMetal1 = 0 um.
Total wire length on LAYER TopMetal2 = 0 um.
Total number of vias = 100669.
Up-via summary (total 100669):

--------------------
   GatPoly         0
    Metal1     43393
    Metal2     43315
    Metal3     10665
    Metal4      3296
    Metal5         0
 TopMetal1         0
--------------------
          100669


[INFO DRT-0195] Start 1st optimization iteration.
    Completing 10% with 9539 violations.
    elapsed time = 00:00:00, memory = 2933.68 (MB).
    Completing 20% with 9539 violations.
    elapsed time = 00:00:02, memory = 3062.82 (MB).
    Completing 30% with 8881 violations.
    elapsed time = 00:00:17, memory = 2548.98 (MB).
    Completing 40% with 8881 violations.
    elapsed time = 00:00:17, memory = 3220.88 (MB).
    Completing 50% with 8881 violations.
    elapsed time = 00:00:38, memory = 2498.13 (MB).
    Completing 60% with 7761 violations.
    elapsed time = 00:00:39, memory = 3065.26 (MB).
    Completing 70% with 7761 violations.
    elapsed time = 00:00:40, memory = 3092.84 (MB).
    Completing 80% with 7257 violations.
    elapsed time = 00:00:57, memory = 2537.62 (MB).
    Completing 90% with 7257 violations.
    elapsed time = 00:00:57, memory = 3303.85 (MB).
    Completing 100% with 6408 violations.
    elapsed time = 00:01:19, memory = 2529.14 (MB).
[INFO DRT-0199]   Number of violations = 6408.
Viol/Layer      Metal2 Metal3 Metal4   Via4 Metal5
Metal Spacing     2499     39     43      0      0
Off Grid             2      0      0      0      0
Short             3566    215     42      1      1
[INFO DRT-0267] cpu time = 00:11:40, elapsed time = 00:01:19, memory = 2535.14 (MB), peak = 3451.54 (MB)
Total wire length = 593363 um.
Total wire length on LAYER Metal1 = 0 um.
Total wire length on LAYER Metal2 = 202436 um.
Total wire length on LAYER Metal3 = 217809 um.
Total wire length on LAYER Metal4 = 98831 um.
Total wire length on LAYER Metal5 = 74286 um.
Total wire length on LAYER TopMetal1 = 0 um.
Total wire length on LAYER TopMetal2 = 0 um.
Total number of vias = 99414.
Up-via summary (total 99414):

-------------------
   GatPoly        0
    Metal1    43452
    Metal2    42229
    Metal3    10576
    Metal4     3157
    Metal5        0
 TopMetal1        0
-------------------
          99414


[INFO DRT-0195] Start 2nd optimization iteration.
    Completing 10% with 6408 violations.
    elapsed time = 00:00:00, memory = 2535.14 (MB).
    Completing 20% with 6408 violations.
    elapsed time = 00:00:00, memory = 3322.74 (MB).
    Completing 30% with 6441 violations.
    elapsed time = 00:00:23, memory = 2578.09 (MB).
    Completing 40% with 6441 violations.
    elapsed time = 00:00:23, memory = 2578.09 (MB).
    Completing 50% with 6441 violations.
    elapsed time = 00:00:34, memory = 3303.51 (MB).
    Completing 60% with 6160 violations.
    elapsed time = 00:00:47, memory = 2608.18 (MB).
    Completing 70% with 6160 violations.
    elapsed time = 00:00:47, memory = 3031.56 (MB).
    Completing 80% with 6175 violations.
    elapsed time = 00:01:05, memory = 2636.54 (MB).
    Completing 90% with 6175 violations.
    elapsed time = 00:01:05, memory = 2636.54 (MB).
    Completing 100% with 6152 violations.
    elapsed time = 00:01:25, memory = 2642.33 (MB).
[INFO DRT-0199]   Number of violations = 6152.
Viol/Layer      Metal1 Metal2 Metal3 Metal4 Metal5
Metal Spacing        2   2406     39     35      1
Off Grid             0      1      0      0      0
Short                0   3442    187     39      0
[INFO DRT-0267] cpu time = 00:11:19, elapsed time = 00:01:26, memory = 2645.33 (MB), peak = 3568.78 (MB)
Total wire length = 591906 um.
Total wire length on LAYER Metal1 = 0 um.
Total wire length on LAYER Metal2 = 201478 um.
Total wire length on LAYER Metal3 = 217726 um.
Total wire length on LAYER Metal4 = 98933 um.
Total wire length on LAYER Metal5 = 73767 um.
Total wire length on LAYER TopMetal1 = 0 um.
Total wire length on LAYER TopMetal2 = 0 um.
Total number of vias = 99085.
Up-via summary (total 99085):

-------------------
   GatPoly        0
    Metal1    43429
    Metal2    41889
    Metal3    10602
    Metal4     3165
    Metal5        0
 TopMetal1        0
-------------------
          99085


[INFO DRT-0195] Start 3rd optimization iteration.
    Completing 10% with 6152 violations.
    elapsed time = 00:00:00, memory = 2645.33 (MB).
    Completing 20% with 6152 violations.
    elapsed time = 00:00:00, memory = 2943.84 (MB).
    Completing 30% with 5340 violations.
    elapsed time = 00:00:13, memory = 2659.62 (MB).
    Completing 40% with 5340 violations.
    elapsed time = 00:00:13, memory = 2659.62 (MB).
    Completing 50% with 5340 violations.
    elapsed time = 00:00:23, memory = 2671.99 (MB).
    Completing 60% with 3897 violations.
    elapsed time = 00:00:23, memory = 2671.99 (MB).
    Completing 70% with 3897 violations.
    elapsed time = 00:00:25, memory = 3422.66 (MB).
    Completing 80% with 2291 violations.
    elapsed time = 00:00:38, memory = 2678.60 (MB).
    Completing 90% with 2291 violations.
    elapsed time = 00:00:38, memory = 2678.60 (MB).
    Completing 100% with 419 violations.
    elapsed time = 00:00:53, memory = 2689.12 (MB).
[INFO DRT-0199]   Number of violations = 420.
Viol/Layer      Metal2   Via2 Metal3 Metal5
Metal Spacing      229      0      3      1
Recheck              1      0      0      0
Short              178      1      7      0
[INFO DRT-0267] cpu time = 00:05:38, elapsed time = 00:00:54, memory = 2689.12 (MB), peak = 3568.78 (MB)
Total wire length = 590782 um.
Total wire length on LAYER Metal1 = 0 um.
Total wire length on LAYER Metal2 = 183639 um.
Total wire length on LAYER Metal3 = 216850 um.
Total wire length on LAYER Metal4 = 114960 um.
Total wire length on LAYER Metal5 = 75331 um.
Total wire length on LAYER TopMetal1 = 0 um.
Total wire length on LAYER TopMetal2 = 0 um.
Total number of vias = 101692.
Up-via summary (total 101692):

--------------------
   GatPoly         0
    Metal1     43433
    Metal2     42041
    Metal3     12779
    Metal4      3439
    Metal5         0
 TopMetal1         0
--------------------
          101692


[INFO DRT-0195] Start 4th optimization iteration.
    Completing 10% with 420 violations.
    elapsed time = 00:00:00, memory = 2689.12 (MB).
    Completing 20% with 420 violations.
    elapsed time = 00:00:00, memory = 2689.12 (MB).
    Completing 30% with 272 violations.
    elapsed time = 00:00:01, memory = 2689.12 (MB).
    Completing 40% with 272 violations.
    elapsed time = 00:00:01, memory = 2689.12 (MB).
    Completing 50% with 272 violations.
    elapsed time = 00:00:02, memory = 2689.12 (MB).
    Completing 60% with 134 violations.
    elapsed time = 00:00:02, memory = 2689.12 (MB).
    Completing 70% with 134 violations.
    elapsed time = 00:00:02, memory = 2689.12 (MB).
    Completing 80% with 84 violations.
    elapsed time = 00:00:05, memory = 2690.42 (MB).
    Completing 90% with 84 violations.
    elapsed time = 00:00:05, memory = 2690.42 (MB).
    Completing 100% with 2 violations.
    elapsed time = 00:00:08, memory = 2690.42 (MB).
[INFO DRT-0199]   Number of violations = 2.
Viol/Layer      Metal3
Metal Spacing        2
[INFO DRT-0267] cpu time = 00:00:38, elapsed time = 00:00:08, memory = 2690.42 (MB), peak = 3568.78 (MB)
Total wire length = 590749 um.
Total wire length on LAYER Metal1 = 0 um.
Total wire length on LAYER Metal2 = 183155 um.
Total wire length on LAYER Metal3 = 216857 um.
Total wire length on LAYER Metal4 = 115372 um.
Total wire length on LAYER Metal5 = 75364 um.
Total wire length on LAYER TopMetal1 = 0 um.
Total wire length on LAYER TopMetal2 = 0 um.
Total number of vias = 101754.
Up-via summary (total 101754):

--------------------
   GatPoly         0
    Metal1     43433
    Metal2     42036
    Metal3     12836
    Metal4      3449
    Metal5         0
 TopMetal1         0
--------------------
          101754


[INFO DRT-0195] Start 5th guides tiles iteration.
    Completing 100% with 2 violations.
    elapsed time = 00:00:04, memory = 2690.42 (MB).
[INFO DRT-0199]   Number of violations = 2.
Viol/Layer      Metal3
Metal Spacing        2
[INFO DRT-0267] cpu time = 00:00:04, elapsed time = 00:00:04, memory = 2690.61 (MB), peak = 3568.78 (MB)
Total wire length = 590749 um.
Total wire length on LAYER Metal1 = 0 um.
Total wire length on LAYER Metal2 = 183155 um.
Total wire length on LAYER Metal3 = 216857 um.
Total wire length on LAYER Metal4 = 115372 um.
Total wire length on LAYER Metal5 = 75364 um.
Total wire length on LAYER TopMetal1 = 0 um.
Total wire length on LAYER TopMetal2 = 0 um.
Total number of vias = 101754.
Up-via summary (total 101754):

--------------------
   GatPoly         0
    Metal1     43433
    Metal2     42036
    Metal3     12836
    Metal4      3449
    Metal5         0
 TopMetal1         0
--------------------
          101754


[INFO DRT-0195] Start 6th stubborn tiles iteration.
    Completing 10% with 2 violations.
    elapsed time = 00:00:00, memory = 2690.61 (MB).
    Completing 20% with 2 violations.
    elapsed time = 00:00:00, memory = 2690.61 (MB).
    Completing 30% with 2 violations.
    elapsed time = 00:00:00, memory = 2690.61 (MB).
    Completing 40% with 2 violations.
    elapsed time = 00:00:00, memory = 2690.61 (MB).
    Completing 50% with 2 violations.
    elapsed time = 00:00:00, memory = 2690.61 (MB).
    Completing 60% with 2 violations.
    elapsed time = 00:00:00, memory = 2690.61 (MB).
    Completing 70% with 2 violations.
    elapsed time = 00:00:00, memory = 2690.61 (MB).
    Completing 80% with 2 violations.
    elapsed time = 00:00:00, memory = 2690.61 (MB).
    Completing 90% with 2 violations.
    elapsed time = 00:00:01, memory = 2690.61 (MB).
    Completing 100% with 0 violations.
    elapsed time = 00:00:02, memory = 2690.61 (MB).
[INFO DRT-0199]   Number of violations = 0.
[INFO DRT-0267] cpu time = 00:00:34, elapsed time = 00:00:02, memory = 2690.61 (MB), peak = 3568.78 (MB)
Total wire length = 590756 um.
Total wire length on LAYER Metal1 = 0 um.
Total wire length on LAYER Metal2 = 183164 um.
Total wire length on LAYER Metal3 = 216854 um.
Total wire length on LAYER Metal4 = 115372 um.
Total wire length on LAYER Metal5 = 75364 um.
Total wire length on LAYER TopMetal1 = 0 um.
Total wire length on LAYER TopMetal2 = 0 um.
Total number of vias = 101760.
Up-via summary (total 101760):

--------------------
   GatPoly         0
    Metal1     43433
    Metal2     42042
    Metal3     12836
    Metal4      3449
    Metal5         0
 TopMetal1         0
--------------------
          101760


[INFO DRT-0198] Complete detail routing.
Total wire length = 590756 um.
Total wire length on LAYER Metal1 = 0 um.
Total wire length on LAYER Metal2 = 183164 um.
Total wire length on LAYER Metal3 = 216854 um.
Total wire length on LAYER Metal4 = 115372 um.
Total wire length on LAYER Metal5 = 75364 um.
Total wire length on LAYER TopMetal1 = 0 um.
Total wire length on LAYER TopMetal2 = 0 um.
Total number of vias = 101760.
Up-via summary (total 101760):

--------------------
   GatPoly         0
    Metal1     43433
    Metal2     42042
    Metal3     12836
    Metal4      3449
    Metal5         0
 TopMetal1         0
--------------------
          101760


[INFO DRT-0267] cpu time = 00:43:06, elapsed time = 00:05:27, memory = 2690.61 (MB), peak = 3568.78 (MB)

[INFO DRT-0180] Post processing.
[INFO DRT-0501] Runtime: 335.83s
Took 336 seconds: detailed_route -output_drc /tmp/workspace/scripts-Private_test-fr_cugr_cmp-2-/reports/ihp-sg13g2/aes/base/5_route_drc.rpt -output_maze /tmp/workspace/scripts-Private_test-fr_cugr_cmp-2-/results/ihp-sg13g2/aes/base/maze.log -droute_end_iter 64 -verbose 1 -drc_report_iter_step 5
[INFO GRT-0012] Found 0 antenna violations.
[INFO ANT-0002] Found 0 net violations.
[INFO ANT-0001] Found 0 pin violations.
[INFO ANT-0002] Found 0 net violations.
[INFO ANT-0001] Found 0 pin violations.
Design area 145816 um^2 20% utilization.
write_db /tmp/workspace/scripts-Private_test-fr_cugr_cmp-2-/results/ihp-sg13g2/aes/base/5_2_route.odb
Elapsed time: 5:37.03[h:]min:sec. CPU time: user 2725.75 sys 2.21 (809%). Peak memory: 3654428KB.
Log                       Ext     Elapsed/s Peak Memory/MB sha1sum result [0:20)
5_2_route                 .odb          337           3568 afc41be55f068cb0dd9f
