OpenROAD 26Q3-1464-gb22abfea20 
Features included (+) or not (-): +GPU +GUI +Python
This program is licensed under the BSD-3 license. See the LICENSE file for details.
Components of this program may be licensed under more restrictive licenses which must be honored.
[INFO ORD-0030] Using 30 thread(s).
read_liberty ./platforms/sky130hs/lib/sky130_fd_sc_hs__tt_025C_1v80.lib
read_db /tmp/workspace/scripts-Private_test-fr_cugr_cmp-2-/results/sky130hs/ibex/base/4_cts.odb
read_sdc /tmp/workspace/scripts-Private_test-fr_cugr_cmp-2-/results/sky130hs/ibex/base/4_cts.sdc
source ./platforms/sky130hs/setRC.tcl
pin_access
[INFO DRT-0149] Reading tech and libs.
[WARNING DRT-0349] LEF58_ENCLOSURE with no CUTCLASS is not supported. Skipping for layer mcon
[WARNING DRT-0349] LEF58_ENCLOSURE with no CUTCLASS is not supported. Skipping for layer mcon
[WARNING DRT-0349] LEF58_ENCLOSURE with no CUTCLASS is not supported. Skipping for layer via
[WARNING DRT-0349] LEF58_ENCLOSURE with no CUTCLASS is not supported. Skipping for layer via
[WARNING DRT-0349] LEF58_ENCLOSURE with no CUTCLASS is not supported. Skipping for layer via2
[WARNING DRT-0349] LEF58_ENCLOSURE with no CUTCLASS is not supported. Skipping for layer via2
[WARNING DRT-0349] LEF58_ENCLOSURE with no CUTCLASS is not supported. Skipping for layer via3
[WARNING DRT-0349] LEF58_ENCLOSURE with no CUTCLASS is not supported. Skipping for layer via3
[WARNING DRT-0349] LEF58_ENCLOSURE with no CUTCLASS is not supported. Skipping for layer via4
[WARNING DRT-0349] LEF58_ENCLOSURE with no CUTCLASS is not supported. Skipping for layer via4

Units:                1000
Number of layers:     13
Number of macros:     390
Number of vias:       29
Number of viarulegen: 25

[INFO DRT-0150] Reading design.
[WARNING DRT-0120] Large net net3032 has 112 pins which may impact routing performance. Consider optimization.
[WARNING DRT-0120] Large net net3438 has 132 pins which may impact routing performance. Consider optimization.
[WARNING DRT-0120] Large net net3441 has 129 pins which may impact routing performance. Consider optimization.
[WARNING DRT-0120] Large net net3444 has 133 pins which may impact routing performance. Consider optimization.
[WARNING DRT-0120] Large net net3445 has 184 pins which may impact routing performance. Consider optimization.
[WARNING DRT-0120] Large net net3446 has 115 pins which may impact routing performance. Consider optimization.

Design:                   ibex_core
Die area:                 ( 0 0 ) ( 643820 643820 )
Number of track patterns: 12
Number of DEF vias:       0
Number of components:     18293
Number of terminals:      266
Number of snets:          2
Number of nets:           14384

[INFO DRT-0167] List of default vias:
  Layer via
    default via: M1M2_PR
  Layer via2
    default via: M2M3_PR
  Layer via3
    default via: M3M4_PR
  Layer via4
    default via: M4M5_PR
[INFO DRT-0162] Library cell analysis.
[INFO DRT-0163] Instance analysis.
[INFO DRT-0164] Number of unique instances = 298.
[INFO DRT-0168] Init region query.
[INFO DRT-0024]   Complete FR_MASTERSLICE.
[INFO DRT-0024]   Complete Fr_VIA.
[INFO DRT-0024]   Complete li1.
[INFO DRT-0024]   Complete mcon.
[INFO DRT-0024]   Complete met1.
[INFO DRT-0024]   Complete via.
[INFO DRT-0024]   Complete met2.
[INFO DRT-0024]   Complete via2.
[INFO DRT-0024]   Complete met3.
[INFO DRT-0024]   Complete via3.
[INFO DRT-0024]   Complete met4.
[INFO DRT-0024]   Complete via4.
[INFO DRT-0024]   Complete met5.
[INFO DRT-0033] FR_MASTERSLICE shape region query size = 0.
[INFO DRT-0033] FR_VIA shape region query size = 0.
[INFO DRT-0033] li1 shape region query size = 588462.
[INFO DRT-0033] mcon shape region query size = 284351.
[INFO DRT-0033] met1 shape region query size = 84711.
[INFO DRT-0033] via shape region query size = 22680.
[INFO DRT-0033] met2 shape region query size = 13783.
[INFO DRT-0033] via2 shape region query size = 18144.
[INFO DRT-0033] met3 shape region query size = 13697.
[INFO DRT-0033] via3 shape region query size = 18144.
[INFO DRT-0033] met4 shape region query size = 5688.
[INFO DRT-0033] via4 shape region query size = 1105.
[INFO DRT-0033] met5 shape region query size = 1199.
[INFO DRT-0165] Start pin access.
[INFO DRT-0076]   Complete 1000 pins.
[INFO DRT-0076]   Complete 2000 pins.
[INFO DRT-0078]   Complete 2458 pins.
[INFO DRT-0079]   Complete 100 unique inst patterns.
[INFO DRT-0079]   Complete 200 unique inst patterns.
[INFO DRT-0081]   Complete 298 unique inst patterns.
[INFO DRT-0084]   Complete 9577 groups.
#scanned instances     = 18293
#unique  instances     = 298
#stdCellGenAp          = 8770
#stdCellValidPlanarAp  = 238
#stdCellValidViaAp     = 7009
#stdCellPinNoAp        = 0
#stdCellPinCnt         = 51825
#instTermValidViaApCnt = 0
#macroGenAp            = 0
#macroValidPlanarAp    = 0
#macroValidViaAp       = 0
#macroNoAp             = 0
[INFO DRT-0166] Complete pin access.
[INFO DRT-0267] cpu time = 00:06:15, elapsed time = 00:00:14, memory = 283.01 (MB), peak = 279.19 (MB)
Took 15 seconds: pin_access
global_route -congestion_report_file /tmp/workspace/scripts-Private_test-fr_cugr_cmp-2-/reports/sky130hs/ibex/base/congestion.rpt -congestion_iterations 10 -congestion_report_iter_step 5 -verbose -use_cugr
[INFO GRT-0020] Min routing layer: met1
[INFO GRT-0021] Max routing layer: met5
[INFO GRT-0022] Global adjustment: 0%
[INFO GRT-0023] Grid origin: (0, 0)
[INFO GRT-0088] Layer li1     Track-Pitch = 0.4800  line-2-Via Pitch: 0.3400
[INFO GRT-0088] Layer met1    Track-Pitch = 0.3700  line-2-Via Pitch: 0.3400
[INFO GRT-0088] Layer met2    Track-Pitch = 0.4800  line-2-Via Pitch: 0.3500
[INFO GRT-0088] Layer met3    Track-Pitch = 0.7400  line-2-Via Pitch: 0.6150
[INFO GRT-0088] Layer met4    Track-Pitch = 0.9600  line-2-Via Pitch: 1.0400
[INFO GRT-0088] Layer met5    Track-Pitch = 3.3300  line-2-Via Pitch: 3.1100
[INFO GRT-0003] Macros: 0
[INFO GRT-0004] Blockages: 1881
[INFO GRT-0019] Found 207 clock nets.
[INFO GRT-0001] Minimum degree: 2
[INFO GRT-0002] Maximum degree: 184
Design statistics
Nets:                14328
Special nets:        2
Routing layers:      6

[INFO GRT-0053] Routing resources analysis:
          Routing      Original      Derated      Resource
Layer     Direction    Resources     Resources    Reduction (%)
---------------------------------------------------------------
li1        Vertical            0             0          0.00%
met1       Horizontal     115535         92428          20.00%
met2       Vertical       112423         89938          20.00%
met3       Horizontal      73247         58597          20.00%
met4       Vertical        48224         38579          20.00%
met5       Horizontal       9064          8008          11.65%
---------------------------------------------------------------

Stage 1: Pattern routing.
Stage 3: Pattern routing with detours.
Stage 4: Maze routing on sparsified graph.
Routing statistics
Wire length:           2069077
Total via count:       92069
Total congestion:      0.09
Min resource:          -0.09
Bottleneck:            (2, 25, 69)
[INFO GRT-0130] CUGR congestion report:
Layer   Dir     Resource     Wire Dmd      Via Dmd    Total Dmd  Usage (%)   Wire Ovf    Via Ovf  Max Edge Ovf
--------------------------------------------------------------------------------------------------------------
li1       V         0.00         0.00         0.00         0.00       0.00       0.00       0.00          0.00
met1      H     92427.72     40479.00      6742.13     47221.13      51.09       0.00       0.00          0.00
met2      V     89938.25     45861.00      4280.90     50141.90      55.75       0.09       0.01          0.09
met3      H     58597.30     12891.65      1171.98     14063.63      24.00       0.00       0.00          0.00
met4      V     38579.20      7164.94       174.20      7339.14      19.02       0.00       0.00          0.00
met5      H      8008.00         0.00         0.00         0.00       0.00       0.00       0.00          0.00
--------------------------------------------------------------------------------------------------------------
Total          287550.48    106396.59     12369.22    118765.80      41.30       0.09       0.01          0.09
[INFO GRT-0018] Total wirelength: 1080115 um
[INFO GRT-0014] Routed nets: 14328
[INFO GRT-0303] Global routing runtime = 00:00:05
Took 5 seconds: global_route -congestion_report_file /tmp/workspace/scripts-Private_test-fr_cugr_cmp-2-/reports/sky130hs/ibex/base/congestion.rpt -congestion_iterations 10 -congestion_report_iter_step 5 -verbose -use_cugr
[WARNING STA-0450] virtual clock vclk_core_clock can not be propagated.
estimate_parasitics -global_routing
Perform buffer insertion and gate resizing...
repair_design -verbose
Iteration |   Area    | Resized | Buffers | Nets repaired | Remaining
---------------------------------------------------------------------
        0 |     +0.0% |       0 |       0 |             0 |     14562
     1000 |     +0.0% |       0 |       0 |             0 |     13562
     2000 |     +0.0% |       0 |       0 |             0 |     12562
     3000 |     +0.0% |       0 |       0 |             0 |     11562
[WARNING RSZ-0104] Net _10845_ only has one pin. Check if it is intended to be dangling.
     4000 |     +0.0% |       2 |       1 |             3 |     10562
[WARNING RSZ-0104] Net _10846_ only has one pin. Check if it is intended to be dangling.
     5000 |     +0.0% |       4 |       3 |             6 |      9562
[WARNING RSZ-0104] Net _10769_ only has one pin. Check if it is intended to be dangling.
[WARNING RSZ-0104] Net _10765_ only has one pin. Check if it is intended to be dangling.
[WARNING RSZ-0104] Net _10768_ only has one pin. Check if it is intended to be dangling.
[WARNING RSZ-0104] Net _10764_ only has one pin. Check if it is intended to be dangling.
[WARNING RSZ-0104] Net _10767_ only has one pin. Check if it is intended to be dangling.
[WARNING RSZ-0104] Net _10766_ only has one pin. Check if it is intended to be dangling.
     6000 |     +0.0% |       4 |       3 |             6 |      8562
[WARNING RSZ-0104] Net _10844_ only has one pin. Check if it is intended to be dangling.
[WARNING RSZ-0104] Net _10833_ only has one pin. Check if it is intended to be dangling.
[WARNING RSZ-0104] Net _10803_ only has one pin. Check if it is intended to be dangling.
[WARNING RSZ-0104] Net _10834_ only has one pin. Check if it is intended to be dangling.
[WARNING RSZ-0104] Net _10830_ only has one pin. Check if it is intended to be dangling.
[WARNING RSZ-0104] Net _10829_ only has one pin. Check if it is intended to be dangling.
[WARNING RSZ-0104] Net _10847_ only has one pin. Check if it is intended to be dangling.
[WARNING RSZ-0104] Net _10839_ only has one pin. Check if it is intended to be dangling.
[WARNING RSZ-0104] Net _10838_ only has one pin. Check if it is intended to be dangling.
[WARNING RSZ-0104] Net _10836_ only has one pin. Check if it is intended to be dangling.
[WARNING RSZ-0104] Net _10835_ only has one pin. Check if it is intended to be dangling.
[WARNING RSZ-0104] Net _10831_ only has one pin. Check if it is intended to be dangling.
[WARNING RSZ-0104] Net _10828_ only has one pin. Check if it is intended to be dangling.
[WARNING RSZ-0104] Net _10826_ only has one pin. Check if it is intended to be dangling.
[WARNING RSZ-0104] Net _10814_ only has one pin. Check if it is intended to be dangling.
     7000 |     +0.1% |       4 |       5 |             8 |      7562
[WARNING RSZ-0104] Net _10843_ only has one pin. Check if it is intended to be dangling.
[WARNING RSZ-0104] Net _10842_ only has one pin. Check if it is intended to be dangling.
[WARNING RSZ-0104] Net _10841_ only has one pin. Check if it is intended to be dangling.
[WARNING RSZ-0104] Net _10840_ only has one pin. Check if it is intended to be dangling.
[WARNING RSZ-0104] Net _10837_ only has one pin. Check if it is intended to be dangling.
[WARNING RSZ-0104] Net _10832_ only has one pin. Check if it is intended to be dangling.
[WARNING RSZ-0104] Net _10827_ only has one pin. Check if it is intended to be dangling.
[WARNING RSZ-0104] Net _10825_ only has one pin. Check if it is intended to be dangling.
[WARNING RSZ-0104] Net _10824_ only has one pin. Check if it is intended to be dangling.
[WARNING RSZ-0104] Net _10823_ only has one pin. Check if it is intended to be dangling.
[WARNING RSZ-0104] Net _10822_ only has one pin. Check if it is intended to be dangling.
[WARNING RSZ-0104] Net _10821_ only has one pin. Check if it is intended to be dangling.
[WARNING RSZ-0104] Net _10820_ only has one pin. Check if it is intended to be dangling.
[WARNING RSZ-0104] Net _10819_ only has one pin. Check if it is intended to be dangling.
[WARNING RSZ-0104] Net _10818_ only has one pin. Check if it is intended to be dangling.
[WARNING RSZ-0104] Net _10817_ only has one pin. Check if it is intended to be dangling.
[WARNING RSZ-0104] Net _10816_ only has one pin. Check if it is intended to be dangling.
[WARNING RSZ-0104] Net _10815_ only has one pin. Check if it is intended to be dangling.
     8000 |     +0.1% |       6 |       9 |            12 |      6562
[WARNING RSZ-0104] Net _10805_ only has one pin. Check if it is intended to be dangling.
     9000 |     +0.2% |      11 |      13 |            17 |      5562
[WARNING RSZ-0104] Net _10804_ only has one pin. Check if it is intended to be dangling.
    10000 |     +0.2% |      12 |      13 |            18 |      4562
[WARNING RSZ-0104] Net _10762_ only has one pin. Check if it is intended to be dangling.
[WARNING RSZ-0104] Net _10761_ only has one pin. Check if it is intended to be dangling.
[WARNING RSZ-0104] Net _10760_ only has one pin. Check if it is intended to be dangling.
[WARNING RSZ-0104] Net _10763_ only has one pin. Check if it is intended to be dangling.
    11000 |     +0.2% |      13 |      16 |            21 |      3562
[WARNING RSZ-0104] Net _10800_ only has one pin. Check if it is intended to be dangling.
    12000 |     +0.3% |      16 |      17 |            24 |      2562
    13000 |     +0.3% |      16 |      17 |            24 |      1562
    14000 |     +0.3% |      16 |      17 |            24 |       562
[WARNING RSZ-0104] Net boot_addr_i[7] only has one pin. Check if it is intended to be dangling.
[WARNING RSZ-0104] Net boot_addr_i[6] only has one pin. Check if it is intended to be dangling.
[WARNING RSZ-0104] Net boot_addr_i[5] only has one pin. Check if it is intended to be dangling.
[WARNING RSZ-0104] Net boot_addr_i[4] only has one pin. Check if it is intended to be dangling.
[WARNING RSZ-0104] Net boot_addr_i[3] only has one pin. Check if it is intended to be dangling.
[WARNING RSZ-0104] Net boot_addr_i[2] only has one pin. Check if it is intended to be dangling.
[WARNING RSZ-0104] Net boot_addr_i[1] only has one pin. Check if it is intended to be dangling.
[WARNING RSZ-0104] Net boot_addr_i[0] only has one pin. Check if it is intended to be dangling.
    final |     +0.3% |      16 |      18 |            25 |         0
---------------------------------------------------------------------
[INFO RSZ-0034] Found 20 slew violations.
[INFO RSZ-0036] Found 7 capacitance violations.
[INFO RSZ-0039] Resized 16 instances.
[INFO RSZ-0038] Inserted 18 buffers in 25 nets.
[INFO RSZ-0504] Runtime: 4.38s
global_route -start_incremental
detailed_placement
[INFO DPL-0006] Core area: 410008.78 um^2
[INFO DPL-0007] Movable instances area: 210167.22 um^2
[INFO DPL-0008] Fixed instances area within core: 7132.06 um^2
[INFO DPL-0009] Utilization: 53.0%
[INFO DPL-0005] Diamond search max displacement: +/- 500 sites horizontally, +/- 100 rows vertically.
[INFO DPL-1102] Legalizing using negotiation legalizer.
[INFO DPL-1103] Negotiation base search window: +/-20 sites horizontally, +/-5 rows vertically 
	Automatic search window extension enabled.
	Search window extendable up to the max displacement cap of +/-500 sites, +/-100 rows near walls.
[INFO DPL-1104] NegotiationLegalizer DRC penalty: 5.
[INFO DPL-0392] Negotiation cell height distribution (1 unique row-count(s)):
[INFO DPL-0393]   height 1 row(s): 18311 cells
          |      Total |  Illegal |  Illegal
Iteration | Violations |    Cells |    Sites
---------------------------------------------
        0 |          0 |         0 |         0
Negotiation phase 1 converged at iteration 0.
[INFO DPL-0500] Runtime: 0.09s
Placement Analysis
---------------------------------
total displacement        189.9 u
average displacement        0.0 u
max displacement           20.0 u
original HPWL          591321.0 u
legalized HPWL         591435.8 u
delta HPWL                    0 %

global_route -end_incremental -congestion_report_file /tmp/workspace/scripts-Private_test-fr_cugr_cmp-2-/reports/sky130hs/ibex/base/congestion_post_repair_design.rpt
Repair setup and hold violations...
estimate_parasitics -global_routing
repair_timing -setup_margin 0 -hold_margin 0 -repair_tns 100 -verbose
[INFO RSZ-0100] Repair move sequence: UnbufferMove SizeUpMove SwapPinsMove BufferMove CloneMove SplitLoadMove 
[INFO RSZ-0094] Found 1639 endpoints with setup violations.
[INFO RSZ-0099] Repairing 1639 out of 1639 (100.00%) violating endpoints...
   Iter   | Removed | Resized | Inserted | Cloned |  Pin  |   Area   |    WNS   |   StTNS    |   EnTNS    |  Viol  |  Worst  
          | Buffers |  Gates  | Buffers  |  Gates | Swaps |          |          |            |            | Endpts | St/EnPt 
------------------------------------------------------------------------------------------------------------------------------
       0* |       0 |       0 |        0 |      0 |     0 |    +0.0% |   -0.948 |      -57.0 |    -1037.3 |   1639 | if_stage_i.gen_prefetch_buffer.prefetch_buffer_i.fifo_i.rdata_q\[56\]$_DFFE_PP_/DE
      10* |       0 |       5 |        0 |      0 |     4 |    +0.0% |   -0.870 |      -52.3 |     -925.6 |   1639 | if_stage_i.gen_prefetch_buffer.prefetch_buffer_i.fifo_i.rdata_q\[56\]$_DFFE_PP_/DE
      20* |       0 |       9 |        1 |      0 |     9 |    +0.0% |   -0.870 |      -51.7 |     -877.0 |   1639 | gen_regfile_ff.register_file_i.rf_reg\[600\]$_DFFE_PN0P_/D
      30* |       0 |      17 |        4 |      0 |    10 |    +0.1% |   -0.826 |      -49.7 |     -847.0 |   1639 | gen_regfile_ff.register_file_i.rf_reg\[1023\]$_DFFE_PN0P_/D
      40* |       0 |      17 |       17 |      0 |    15 |    +0.1% |   -0.821 |      -49.5 |     -841.0 |   1639 | gen_regfile_ff.register_file_i.rf_reg\[1023\]$_DFFE_PN0P_/D
      50* |       0 |      22 |       17 |      0 |    20 |    +0.1% |   -0.856 |      -43.2 |     -808.1 |   1639 | gen_regfile_ff.register_file_i.rf_reg\[1023\]$_DFFE_PN0P_/D
      60* |       0 |      24 |       21 |      0 |    26 |    +0.1% |   -0.787 |      -42.7 |     -851.7 |   1639 | if_stage_i.gen_prefetch_buffer.prefetch_buffer_i.fifo_i.rdata_q\[56\]$_DFFE_PP_/DE
      70* |       0 |      27 |       22 |      0 |    32 |    +0.1% |   -0.826 |      -43.3 |     -839.0 |   1639 | gen_regfile_ff.register_file_i.rf_reg\[1023\]$_DFFE_PN0P_/D
      80* |       0 |      34 |       22 |      0 |    35 |    +0.2% |   -0.774 |      -40.4 |     -796.6 |   1639 | gen_regfile_ff.register_file_i.rf_reg\[222\]$_DFFE_PN0P_/D
      90* |       1 |      37 |       22 |      0 |    41 |    +0.2% |   -0.793 |      -41.4 |     -787.9 |   1639 | gen_regfile_ff.register_file_i.rf_reg\[222\]$_DFFE_PN0P_/D
     100* |       1 |      41 |       22 |      0 |    47 |    +0.2% |   -0.829 |      -41.9 |     -796.6 |   1639 | gen_regfile_ff.register_file_i.rf_reg\[574\]$_DFFE_PN0P_/D
     110* |       1 |      48 |       22 |      0 |    50 |    +0.2% |   -0.785 |      -40.7 |     -788.1 |   1639 | gen_regfile_ff.register_file_i.rf_reg\[734\]$_DFFE_PN0P_/D
     120* |       1 |      56 |       28 |      0 |    50 |    +0.2% |   -0.743 |      -39.9 |     -773.3 |   1639 | if_stage_i.gen_prefetch_buffer.prefetch_buffer_i.fifo_i.rdata_q\[56\]$_DFFE_PP_/DE
     130* |       1 |      63 |       39 |      0 |    52 |    +0.3% |   -0.721 |      -38.4 |     -743.1 |   1639 | if_stage_i.gen_prefetch_buffer.prefetch_buffer_i.fifo_i.rdata_q\[56\]$_DFFE_PP_/DE
     140* |       1 |      70 |       39 |      0 |    55 |    +0.3% |   -0.692 |      -33.8 |     -651.2 |   1639 | gen_regfile_ff.register_file_i.rf_reg\[830\]$_DFFE_PN0P_/D
     150* |       1 |      73 |       39 |      0 |    62 |    +0.3% |   -0.714 |      -34.1 |     -651.1 |   1639 | gen_regfile_ff.register_file_i.rf_reg\[1023\]$_DFFE_PN0P_/D
     160* |       1 |      75 |       44 |      0 |    66 |    +0.3% |   -0.742 |      -34.1 |     -651.7 |   1639 | gen_regfile_ff.register_file_i.rf_reg\[1023\]$_DFFE_PN0P_/D
     170* |       2 |      79 |       45 |      0 |    70 |    +0.3% |   -0.692 |      -33.9 |     -646.7 |   1639 | gen_regfile_ff.register_file_i.rf_reg\[1023\]$_DFFE_PN0P_/D
     180* |       3 |      84 |       47 |      0 |    72 |    +0.3% |   -0.666 |      -33.8 |     -644.1 |   1639 | gen_regfile_ff.register_file_i.rf_reg\[1023\]$_DFFE_PN0P_/D
     190* |       3 |      92 |       47 |      1 |    73 |    +0.3% |   -0.680 |      -33.8 |     -646.5 |   1639 | gen_regfile_ff.register_file_i.rf_reg\[1023\]$_DFFE_PN0P_/D
     200* |       3 |      97 |       49 |      1 |    77 |    +0.4% |   -0.669 |      -33.8 |     -645.0 |   1639 | gen_regfile_ff.register_file_i.rf_reg\[1023\]$_DFFE_PN0P_/D
     209* |       4 |     102 |       50 |      1 |    78 |    +0.4% |   -0.646 |      -33.7 |     -645.8 |   1639 | gen_regfile_ff.register_file_i.rf_reg\[1023\]$_DFFE_PN0P_/D
     210* |       4 |     102 |       50 |      1 |    78 |    +0.4% |   -0.646 |      -33.7 |     -645.8 |   1639 | gen_regfile_ff.register_file_i.rf_reg\[1023\]$_DFFE_PN0P_/D
     220* |       4 |     112 |       50 |      1 |    78 |    +0.4% |   -0.646 |      -33.0 |     -596.7 |   1639 | gen_regfile_ff.register_file_i.rf_reg\[1023\]$_DFFE_PN0P_/D
     230* |       4 |     122 |       50 |      1 |    78 |    +0.4% |   -0.646 |      -31.7 |     -512.9 |   1639 | gen_regfile_ff.register_file_i.rf_reg\[1023\]$_DFFE_PN0P_/D
     240* |       4 |     131 |       50 |      1 |    79 |    +0.4% |   -0.646 |      -32.2 |     -456.1 |   1639 | gen_regfile_ff.register_file_i.rf_reg\[1023\]$_DFFE_PN0P_/D
     250* |       4 |     138 |       51 |      1 |    81 |    +0.5% |   -0.646 |      -31.5 |     -424.2 |   1639 | gen_regfile_ff.register_file_i.rf_reg\[1023\]$_DFFE_PN0P_/D
     260* |       5 |     145 |       51 |      2 |    82 |    +0.5% |   -0.646 |      -31.5 |     -409.9 |   1639 | gen_regfile_ff.register_file_i.rf_reg\[1023\]$_DFFE_PN0P_/D
     270* |       5 |     153 |       51 |      3 |    83 |    +0.5% |   -0.646 |      -31.1 |     -397.9 |   1639 | gen_regfile_ff.register_file_i.rf_reg\[1023\]$_DFFE_PN0P_/D
     280* |       5 |     163 |       51 |      3 |    83 |    +0.5% |   -0.646 |      -30.5 |     -344.1 |   1639 | gen_regfile_ff.register_file_i.rf_reg\[1023\]$_DFFE_PN0P_/D
     290* |       5 |     170 |       52 |      4 |    84 |    +0.6% |   -0.646 |      -30.6 |     -335.7 |   1639 | gen_regfile_ff.register_file_i.rf_reg\[1023\]$_DFFE_PN0P_/D
     300* |       5 |     180 |       52 |      4 |    84 |    +0.6% |   -0.646 |      -28.8 |     -307.5 |   1639 | gen_regfile_ff.register_file_i.rf_reg\[1023\]$_DFFE_PN0P_/D
     310* |       5 |     188 |       53 |      4 |    85 |    +0.6% |   -0.645 |      -28.9 |     -295.6 |   1639 | gen_regfile_ff.register_file_i.rf_reg\[1023\]$_DFFE_PN0P_/D
     320* |       5 |     197 |       54 |      4 |    85 |    +0.6% |   -0.645 |      -28.8 |     -285.1 |   1639 | gen_regfile_ff.register_file_i.rf_reg\[1023\]$_DFFE_PN0P_/D
     330* |       5 |     200 |       57 |      4 |    89 |    +0.7% |   -0.645 |      -28.8 |     -348.4 |   1639 | gen_regfile_ff.register_file_i.rf_reg\[1023\]$_DFFE_PN0P_/D
     340* |       5 |     210 |       57 |      4 |    89 |    +0.7% |   -0.645 |      -28.5 |     -348.8 |   1639 | gen_regfile_ff.register_file_i.rf_reg\[1023\]$_DFFE_PN0P_/D
     350* |       5 |     218 |       57 |      4 |    91 |    +0.7% |   -0.656 |      -28.5 |     -270.2 |   1639 | gen_regfile_ff.register_file_i.rf_reg\[1023\]$_DFFE_PN0P_/D
     360* |       5 |     224 |       60 |      4 |    93 |    +0.7% |   -0.645 |      -28.5 |     -270.1 |   1639 | gen_regfile_ff.register_file_i.rf_reg\[510\]$_DFFE_PN0P_/D
     370* |       5 |     228 |       61 |      5 |    97 |    +0.7% |   -0.648 |      -28.6 |     -288.7 |   1639 | gen_regfile_ff.register_file_i.rf_reg\[510\]$_DFFE_PN0P_/D
     380* |       5 |     231 |       63 |      5 |   102 |    +0.7% |   -0.648 |      -28.7 |     -291.2 |   1639 | gen_regfile_ff.register_file_i.rf_reg\[510\]$_DFFE_PN0P_/D
     390* |       5 |     237 |       65 |      5 |   104 |    +0.8% |   -0.648 |      -28.8 |     -300.7 |   1639 | gen_regfile_ff.register_file_i.rf_reg\[510\]$_DFFE_PN0P_/D
     394* |       5 |     214 |       57 |      4 |    89 |    +0.7% |   -0.645 |      -28.5 |     -267.8 |   1639 | gen_regfile_ff.register_file_i.rf_reg\[1023\]$_DFFE_PN0P_/D
     400* |       5 |     218 |       58 |      4 |    89 |    +0.7% |   -0.656 |      -28.5 |     -265.8 |   1639 | gen_regfile_ff.register_file_i.rf_reg\[1023\]$_DFFE_PN0P_/D
     410* |       5 |     222 |       65 |      5 |    89 |    +0.7% |   -0.648 |      -28.5 |     -290.9 |   1639 | gen_regfile_ff.register_file_i.rf_reg\[1023\]$_DFFE_PN0P_/D
     420* |       5 |     228 |       74 |      5 |    89 |    +0.8% |   -0.648 |      -28.4 |     -267.6 |   1639 | gen_regfile_ff.register_file_i.rf_reg\[1023\]$_DFFE_PN0P_/D
     430* |       5 |     238 |       74 |      5 |    89 |    +0.8% |   -0.648 |      -28.6 |     -263.5 |   1639 | gen_regfile_ff.register_file_i.rf_reg\[1023\]$_DFFE_PN0P_/D
     440* |       5 |     247 |       74 |      5 |    90 |    +0.8% |   -0.648 |      -28.6 |     -257.4 |   1639 | gen_regfile_ff.register_file_i.rf_reg\[510\]$_DFFE_PN0P_/D
     445* |       5 |     214 |       57 |      4 |    89 |    +0.7% |   -0.645 |      -28.5 |     -267.8 |   1639 | gen_regfile_ff.register_file_i.rf_reg\[1023\]$_DFFE_PN0P_/D
     450* |       5 |     217 |       58 |      4 |    89 |    +0.7% |   -0.656 |      -28.5 |     -265.2 |   1639 | gen_regfile_ff.register_file_i.rf_reg\[1023\]$_DFFE_PN0P_/D
     460* |       5 |     222 |       64 |      5 |    89 |    +0.7% |   -0.659 |      -28.5 |     -276.6 |   1639 | gen_regfile_ff.register_file_i.rf_reg\[1023\]$_DFFE_PN0P_/D
     470* |       5 |     228 |       69 |      5 |    89 |    +0.8% |   -0.648 |      -28.5 |     -271.5 |   1639 | gen_regfile_ff.register_file_i.rf_reg\[1023\]$_DFFE_PN0P_/D
     480* |       5 |     237 |       74 |      5 |    89 |    +0.8% |   -0.648 |      -28.6 |     -267.2 |   1639 | gen_regfile_ff.register_file_i.rf_reg\[1023\]$_DFFE_PN0P_/D
     490* |       5 |     247 |       74 |      5 |    89 |    +0.8% |   -0.648 |      -28.6 |     -257.9 |   1639 | gen_regfile_ff.register_file_i.rf_reg\[510\]$_DFFE_PN0P_/D
     500* |       5 |     255 |       75 |      5 |    90 |    +0.8% |   -0.641 |      -28.6 |     -257.0 |   1639 | gen_regfile_ff.register_file_i.rf_reg\[510\]$_DFFE_PN0P_/D
     510* |       5 |     259 |       84 |      5 |    92 |    +0.9% |   -0.641 |      -28.6 |     -255.6 |   1639 | gen_regfile_ff.register_file_i.rf_reg\[510\]$_DFFE_PN0P_/D
     520* |       5 |     265 |       86 |      5 |    94 |    +0.9% |   -0.642 |      -28.5 |     -243.2 |   1639 | gen_regfile_ff.register_file_i.rf_reg\[510\]$_DFFE_PN0P_/D
     530* |       5 |     273 |       88 |      5 |    95 |    +0.9% |   -0.642 |      -28.5 |     -273.7 |   1639 | gen_regfile_ff.register_file_i.rf_reg\[510\]$_DFFE_PN0P_/D
     540* |       5 |     281 |       90 |      5 |    95 |    +1.0% |   -0.643 |      -28.4 |     -232.5 |   1639 | gen_regfile_ff.register_file_i.rf_reg\[510\]$_DFFE_PN0P_/D
     550* |       5 |     290 |       91 |      5 |    95 |    +1.0% |   -0.643 |      -28.4 |     -223.9 |   1639 | gen_regfile_ff.register_file_i.rf_reg\[510\]$_DFFE_PN0P_/D
     550* |       5 |     255 |       75 |      5 |    90 |    +0.8% |   -0.641 |      -28.6 |     -256.9 |   1639 | gen_regfile_ff.register_file_i.rf_reg\[510\]$_DFFE_PN0P_/D
     560* |       5 |     260 |       84 |      5 |    90 |    +0.9% |   -0.641 |      -28.6 |     -250.0 |   1639 | gen_regfile_ff.register_file_i.rf_reg\[510\]$_DFFE_PN0P_/D
     570* |       5 |     268 |       87 |      5 |    90 |    +0.9% |   -0.642 |      -28.5 |     -239.9 |   1639 | gen_regfile_ff.register_file_i.rf_reg\[510\]$_DFFE_PN0P_/D
     580* |       5 |     277 |       88 |      5 |    90 |    +0.9% |   -0.642 |      -28.4 |     -223.4 |   1639 | gen_regfile_ff.register_file_i.rf_reg\[510\]$_DFFE_PN0P_/D
     590* |       5 |     284 |       89 |      5 |    92 |    +0.9% |   -0.643 |      -28.4 |     -235.0 |   1639 | gen_regfile_ff.register_file_i.rf_reg\[510\]$_DFFE_PN0P_/D
     600* |       5 |     290 |       92 |      5 |    94 |    +1.0% |   -0.643 |      -28.3 |     -219.5 |   1639 | gen_regfile_ff.register_file_i.rf_reg\[510\]$_DFFE_PN0P_/D
     609* |       5 |     259 |       84 |      5 |    90 |    +0.9% |   -0.641 |      -28.6 |     -254.3 |   1639 | gen_regfile_ff.register_file_i.rf_reg\[510\]$_DFFE_PN0P_/D
     610* |       5 |     259 |       84 |      5 |    90 |    +0.9% |   -0.641 |      -28.6 |     -254.3 |   1639 | gen_regfile_ff.register_file_i.rf_reg\[510\]$_DFFE_PN0P_/D
     620* |       5 |     267 |       87 |      5 |    90 |    +0.9% |   -0.642 |      -28.5 |     -240.9 |   1639 | gen_regfile_ff.register_file_i.rf_reg\[510\]$_DFFE_PN0P_/D
     630* |       5 |     277 |       87 |      5 |    90 |    +0.9% |   -0.642 |      -28.4 |     -224.9 |   1639 | gen_regfile_ff.register_file_i.rf_reg\[510\]$_DFFE_PN0P_/D
     640* |       5 |     284 |       91 |      5 |    90 |    +1.0% |   -0.643 |      -28.4 |     -228.6 |   1639 | gen_regfile_ff.register_file_i.rf_reg\[510\]$_DFFE_PN0P_/D
     650* |       5 |     292 |       94 |      5 |    90 |    +1.0% |   -0.643 |      -28.3 |     -217.7 |   1639 | gen_regfile_ff.register_file_i.rf_reg\[510\]$_DFFE_PN0P_/D
     660* |       5 |     300 |       96 |      5 |    90 |    +1.0% |   -0.643 |      -28.2 |     -222.5 |   1639 | gen_regfile_ff.register_file_i.rf_reg\[510\]$_DFFE_PN0P_/D
     660* |       5 |     259 |       84 |      5 |    90 |    +0.9% |   -0.641 |      -28.6 |     -254.3 |   1639 | gen_regfile_ff.register_file_i.rf_reg\[510\]$_DFFE_PN0P_/D
     670* |       5 |     267 |       85 |      5 |    90 |    +0.9% |   -0.642 |      -28.5 |     -241.0 |   1639 | gen_regfile_ff.register_file_i.rf_reg\[510\]$_DFFE_PN0P_/D
     680* |       5 |     276 |       87 |      5 |    90 |    +0.9% |   -0.642 |      -28.4 |     -225.5 |   1639 | gen_regfile_ff.register_file_i.rf_reg\[510\]$_DFFE_PN0P_/D
     690* |       5 |     284 |       89 |      5 |    90 |    +0.9% |   -0.643 |      -28.4 |     -221.1 |   1639 | gen_regfile_ff.register_file_i.rf_reg\[510\]$_DFFE_PN0P_/D
     700* |       5 |     291 |       94 |      5 |    90 |    +1.0% |   -0.643 |      -28.3 |     -246.0 |   1639 | gen_regfile_ff.register_file_i.rf_reg\[510\]$_DFFE_PN0P_/D
     710* |       5 |     299 |       96 |      5 |    90 |    +1.0% |   -0.643 |      -28.3 |     -220.8 |   1639 | gen_regfile_ff.register_file_i.rf_reg\[510\]$_DFFE_PN0P_/D
     711* |       5 |     259 |       84 |      5 |    90 |    +0.9% |   -0.641 |      -28.6 |     -254.3 |   1639 | gen_regfile_ff.register_file_i.rf_reg\[510\]$_DFFE_PN0P_/D
     720* |       5 |     266 |       85 |      5 |    90 |    +0.9% |   -0.642 |      -28.5 |     -241.8 |   1639 | gen_regfile_ff.register_file_i.rf_reg\[510\]$_DFFE_PN0P_/D
     730* |       5 |     275 |       87 |      5 |    90 |    +0.9% |   -0.642 |      -28.4 |     -227.9 |   1639 | gen_regfile_ff.register_file_i.rf_reg\[510\]$_DFFE_PN0P_/D
     740* |       5 |     283 |       89 |      5 |    90 |    +0.9% |   -0.642 |      -28.4 |     -221.4 |   1639 | gen_regfile_ff.register_file_i.rf_reg\[510\]$_DFFE_PN0P_/D
     750* |       5 |     290 |       94 |      5 |    90 |    +1.0% |   -0.643 |      -28.3 |     -218.0 |   1639 | gen_regfile_ff.register_file_i.rf_reg\[510\]$_DFFE_PN0P_/D
     760* |       5 |     298 |       96 |      5 |    90 |    +1.0% |   -0.643 |      -28.3 |     -214.7 |   1639 | gen_regfile_ff.register_file_i.rf_reg\[510\]$_DFFE_PN0P_/D
     762* |       5 |     259 |       84 |      5 |    90 |    +0.9% |   -0.641 |      -28.6 |     -254.3 |   1639 | gen_regfile_ff.register_file_i.rf_reg\[510\]$_DFFE_PN0P_/D
     770* |       5 |     265 |       85 |      5 |    90 |    +0.9% |   -0.641 |      -28.5 |     -242.4 |   1639 | gen_regfile_ff.register_file_i.rf_reg\[510\]$_DFFE_PN0P_/D
     780* |       5 |     274 |       87 |      5 |    90 |    +0.9% |   -0.642 |      -28.5 |     -260.4 |   1639 | gen_regfile_ff.register_file_i.rf_reg\[510\]$_DFFE_PN0P_/D
     790* |       5 |     282 |       89 |      5 |    90 |    +1.0% |   -0.642 |      -28.4 |     -227.4 |   1639 | gen_regfile_ff.register_file_i.rf_reg\[510\]$_DFFE_PN0P_/D
     800* |       5 |     289 |       94 |      5 |    90 |    +1.0% |   -0.643 |      -28.3 |     -218.1 |   1639 | gen_regfile_ff.register_file_i.rf_reg\[510\]$_DFFE_PN0P_/D
     810* |       5 |     297 |       96 |      5 |    90 |    +1.0% |   -0.643 |      -28.3 |     -214.7 |   1639 | gen_regfile_ff.register_file_i.rf_reg\[510\]$_DFFE_PN0P_/D
     813* |       5 |     259 |       84 |      5 |    90 |    +0.9% |   -0.641 |      -28.6 |     -254.3 |   1639 | gen_regfile_ff.register_file_i.rf_reg\[510\]$_DFFE_PN0P_/D
     820* |       5 |     264 |       85 |      5 |    90 |    +0.9% |   -0.641 |      -28.5 |     -242.9 |   1639 | gen_regfile_ff.register_file_i.rf_reg\[510\]$_DFFE_PN0P_/D
     830* |       5 |     273 |       87 |      5 |    90 |    +0.9% |   -0.642 |      -28.6 |     -237.3 |   1639 | gen_regfile_ff.register_file_i.rf_reg\[510\]$_DFFE_PN0P_/D
     840* |       5 |     281 |       89 |      5 |    90 |    +0.9% |   -0.642 |      -28.4 |     -221.6 |   1639 | gen_regfile_ff.register_file_i.rf_reg\[510\]$_DFFE_PN0P_/D
     850* |       5 |     288 |       94 |      5 |    90 |    +1.0% |   -0.643 |      -28.3 |     -218.2 |   1639 | gen_regfile_ff.register_file_i.rf_reg\[510\]$_DFFE_PN0P_/D
     860* |       5 |     296 |       96 |      5 |    90 |    +1.0% |   -0.643 |      -28.3 |     -215.4 |   1639 | gen_regfile_ff.register_file_i.rf_reg\[510\]$_DFFE_PN0P_/D
     864* |       5 |     259 |       84 |      5 |    90 |    +0.9% |   -0.641 |      -28.6 |     -254.3 |   1639 | gen_regfile_ff.register_file_i.rf_reg\[510\]$_DFFE_PN0P_/D
     870* |       5 |     263 |       85 |      5 |    90 |    +0.9% |   -0.641 |      -28.5 |     -243.0 |   1639 | gen_regfile_ff.register_file_i.rf_reg\[510\]$_DFFE_PN0P_/D
     880* |       5 |     272 |       87 |      5 |    90 |    +0.9% |   -0.642 |      -28.6 |     -239.1 |   1639 | gen_regfile_ff.register_file_i.rf_reg\[510\]$_DFFE_PN0P_/D
     890* |       5 |     280 |       89 |      5 |    90 |    +0.9% |   -0.642 |      -28.4 |     -225.3 |   1639 | gen_regfile_ff.register_file_i.rf_reg\[510\]$_DFFE_PN0P_/D
     900* |       5 |     287 |       94 |      5 |    90 |    +1.0% |   -0.643 |      -28.3 |     -220.1 |   1639 | gen_regfile_ff.register_file_i.rf_reg\[510\]$_DFFE_PN0P_/D
     910* |       5 |     295 |       96 |      5 |    90 |    +1.0% |   -0.643 |      -28.3 |     -215.6 |   1639 | gen_regfile_ff.register_file_i.rf_reg\[510\]$_DFFE_PN0P_/D
     915* |       5 |     259 |       84 |      5 |    90 |    +0.9% |   -0.641 |      -28.6 |     -254.3 |   1639 | gen_regfile_ff.register_file_i.rf_reg\[510\]$_DFFE_PN0P_/D
     920* |       5 |     262 |       85 |      5 |    90 |    +0.9% |   -0.641 |      -28.6 |     -243.1 |   1639 | gen_regfile_ff.register_file_i.rf_reg\[510\]$_DFFE_PN0P_/D
     930* |       5 |     271 |       87 |      5 |    90 |    +0.9% |   -0.642 |      -28.6 |     -239.1 |   1639 | gen_regfile_ff.register_file_i.rf_reg\[510\]$_DFFE_PN0P_/D
     940* |       5 |     279 |       89 |      5 |    90 |    +0.9% |   -0.642 |      -28.4 |     -294.3 |   1639 | gen_regfile_ff.register_file_i.rf_reg\[510\]$_DFFE_PN0P_/D
     950* |       5 |     287 |       93 |      5 |    90 |    +1.0% |   -0.643 |      -28.3 |     -220.9 |   1639 | gen_regfile_ff.register_file_i.rf_reg\[510\]$_DFFE_PN0P_/D
     960* |       5 |     294 |       96 |      5 |    90 |    +1.0% |   -0.643 |      -28.3 |     -215.8 |   1639 | gen_regfile_ff.register_file_i.rf_reg\[510\]$_DFFE_PN0P_/D
     966* |       5 |     259 |       84 |      5 |    90 |    +0.9% |   -0.641 |      -28.6 |     -254.3 |   1639 | gen_regfile_ff.register_file_i.rf_reg\[510\]$_DFFE_PN0P_/D
     970* |       5 |     261 |       85 |      5 |    90 |    +0.9% |   -0.641 |      -28.6 |     -243.7 |   1639 | gen_regfile_ff.register_file_i.rf_reg\[510\]$_DFFE_PN0P_/D
     980* |       5 |     270 |       87 |      5 |    90 |    +0.9% |   -0.642 |      -28.6 |     -239.4 |   1639 | gen_regfile_ff.register_file_i.rf_reg\[510\]$_DFFE_PN0P_/D
     990* |       5 |     278 |       89 |      5 |    90 |    +0.9% |   -0.642 |      -28.4 |     -223.0 |   1639 | gen_regfile_ff.register_file_i.rf_reg\[510\]$_DFFE_PN0P_/D
    1000* |       5 |     286 |       93 |      5 |    90 |    +1.0% |   -0.643 |      -28.3 |     -221.4 |   1639 | gen_regfile_ff.register_file_i.rf_reg\[510\]$_DFFE_PN0P_/D
    1010* |       5 |     294 |       95 |      5 |    90 |    +1.0% |   -0.643 |      -28.3 |     -216.3 |   1639 | gen_regfile_ff.register_file_i.rf_reg\[510\]$_DFFE_PN0P_/D
    1017* |       5 |     259 |       84 |      5 |    90 |    +0.9% |   -0.641 |      -28.6 |     -254.3 |   1639 | gen_regfile_ff.register_file_i.rf_reg\[510\]$_DFFE_PN0P_/D
    1020* |       5 |     261 |       84 |      5 |    90 |    +0.9% |   -0.641 |      -28.6 |     -244.9 |   1639 | gen_regfile_ff.register_file_i.rf_reg\[510\]$_DFFE_PN0P_/D
    1030* |       5 |     269 |       87 |      5 |    90 |    +0.9% |   -0.642 |      -28.6 |     -239.7 |   1639 | gen_regfile_ff.register_file_i.rf_reg\[510\]$_DFFE_PN0P_/D
    1040* |       5 |     277 |       89 |      5 |    90 |    +0.9% |   -0.642 |      -28.4 |     -223.2 |   1639 | gen_regfile_ff.register_file_i.rf_reg\[510\]$_DFFE_PN0P_/D
    1050* |       5 |     285 |       93 |      5 |    90 |    +1.0% |   -0.643 |      -28.3 |     -221.4 |   1639 | gen_regfile_ff.register_file_i.rf_reg\[510\]$_DFFE_PN0P_/D
    1060* |       5 |     294 |       94 |      5 |    90 |    +1.0% |   -0.643 |      -28.3 |     -216.5 |   1639 | gen_regfile_ff.register_file_i.rf_reg\[510\]$_DFFE_PN0P_/D
    1068* |       5 |     259 |       84 |      5 |    90 |    +0.9% |   -0.641 |      -28.6 |     -254.3 |   1639 | gen_regfile_ff.register_file_i.rf_reg\[510\]$_DFFE_PN0P_/D
    1070* |       5 |     260 |       84 |      5 |    90 |    +0.9% |   -0.641 |      -28.6 |     -250.0 |   1639 | gen_regfile_ff.register_file_i.rf_reg\[510\]$_DFFE_PN0P_/D
    1080* |       5 |     268 |       87 |      5 |    90 |    +0.9% |   -0.642 |      -28.5 |     -239.9 |   1639 | gen_regfile_ff.register_file_i.rf_reg\[510\]$_DFFE_PN0P_/D
    1090* |       5 |     277 |       88 |      5 |    90 |    +0.9% |   -0.642 |      -28.4 |     -223.4 |   1639 | gen_regfile_ff.register_file_i.rf_reg\[510\]$_DFFE_PN0P_/D
    1100* |       5 |     284 |       93 |      5 |    90 |    +1.0% |   -0.643 |      -28.4 |     -226.6 |   1639 | gen_regfile_ff.register_file_i.rf_reg\[510\]$_DFFE_PN0P_/D
    1100* |       5 |     259 |       84 |      5 |    90 |    +0.9% |   -0.641 |      -28.6 |     -254.3 |   1639 | gen_regfile_ff.register_file_i.rf_reg\[510\]$_DFFE_PN0P_/D
    1110* |       5 |     267 |       85 |      5 |    90 |    +0.9% |   -0.642 |      -28.5 |     -241.0 |   1639 | gen_regfile_ff.register_file_i.rf_reg\[510\]$_DFFE_PN0P_/D
    1120* |       5 |     276 |       87 |      5 |    90 |    +0.9% |   -0.642 |      -28.4 |     -225.5 |   1639 | gen_regfile_ff.register_file_i.rf_reg\[510\]$_DFFE_PN0P_/D
    1130* |       5 |     284 |       89 |      5 |    90 |    +0.9% |   -0.643 |      -28.4 |     -221.1 |   1639 | gen_regfile_ff.register_file_i.rf_reg\[510\]$_DFFE_PN0P_/D
    1140* |       5 |     291 |       94 |      5 |    90 |    +1.0% |   -0.643 |      -28.3 |     -246.0 |   1639 | gen_regfile_ff.register_file_i.rf_reg\[510\]$_DFFE_PN0P_/D
    1150* |       5 |     299 |       96 |      5 |    90 |    +1.0% |   -0.643 |      -28.3 |     -220.8 |   1639 | gen_regfile_ff.register_file_i.rf_reg\[510\]$_DFFE_PN0P_/D
    1151* |       5 |     259 |       84 |      5 |    90 |    +0.9% |   -0.641 |      -28.6 |     -254.3 |   1639 | gen_regfile_ff.register_file_i.rf_reg\[510\]$_DFFE_PN0P_/D
    1160* |       5 |     266 |       85 |      5 |    90 |    +0.9% |   -0.642 |      -28.5 |     -241.8 |   1639 | gen_regfile_ff.register_file_i.rf_reg\[510\]$_DFFE_PN0P_/D
    1170* |       5 |     275 |       87 |      5 |    90 |    +0.9% |   -0.642 |      -28.4 |     -227.9 |   1639 | gen_regfile_ff.register_file_i.rf_reg\[510\]$_DFFE_PN0P_/D
    1180* |       5 |     283 |       89 |      5 |    90 |    +0.9% |   -0.642 |      -28.4 |     -221.4 |   1639 | gen_regfile_ff.register_file_i.rf_reg\[510\]$_DFFE_PN0P_/D
    1190* |       5 |     290 |       94 |      5 |    90 |    +1.0% |   -0.643 |      -28.3 |     -218.0 |   1639 | gen_regfile_ff.register_file_i.rf_reg\[510\]$_DFFE_PN0P_/D
    1200* |       5 |     298 |       96 |      5 |    90 |    +1.0% |   -0.643 |      -28.3 |     -214.7 |   1639 | gen_regfile_ff.register_file_i.rf_reg\[510\]$_DFFE_PN0P_/D
    1202* |       5 |     259 |       84 |      5 |    90 |    +0.9% |   -0.641 |      -28.6 |     -254.3 |   1639 | gen_regfile_ff.register_file_i.rf_reg\[510\]$_DFFE_PN0P_/D
    1210* |       5 |     265 |       85 |      5 |    90 |    +0.9% |   -0.641 |      -28.5 |     -242.4 |   1639 | gen_regfile_ff.register_file_i.rf_reg\[510\]$_DFFE_PN0P_/D
    1220* |       5 |     274 |       87 |      5 |    90 |    +0.9% |   -0.642 |      -28.5 |     -260.4 |   1639 | gen_regfile_ff.register_file_i.rf_reg\[510\]$_DFFE_PN0P_/D
    1230* |       5 |     282 |       89 |      5 |    90 |    +1.0% |   -0.642 |      -28.4 |     -227.4 |   1639 | gen_regfile_ff.register_file_i.rf_reg\[510\]$_DFFE_PN0P_/D
    1240* |       5 |     289 |       94 |      5 |    90 |    +1.0% |   -0.643 |      -28.3 |     -218.1 |   1639 | gen_regfile_ff.register_file_i.rf_reg\[510\]$_DFFE_PN0P_/D
    1250* |       5 |     297 |       96 |      5 |    90 |    +1.0% |   -0.643 |      -28.3 |     -214.7 |   1639 | gen_regfile_ff.register_file_i.rf_reg\[510\]$_DFFE_PN0P_/D
    1253* |       5 |     259 |       84 |      5 |    90 |    +0.9% |   -0.641 |      -28.6 |     -254.3 |   1639 | gen_regfile_ff.register_file_i.rf_reg\[510\]$_DFFE_PN0P_/D
    1260* |       5 |     264 |       85 |      5 |    90 |    +0.9% |   -0.641 |      -28.5 |     -242.9 |   1639 | gen_regfile_ff.register_file_i.rf_reg\[510\]$_DFFE_PN0P_/D
    1270* |       5 |     273 |       87 |      5 |    90 |    +0.9% |   -0.642 |      -28.6 |     -237.3 |   1639 | gen_regfile_ff.register_file_i.rf_reg\[510\]$_DFFE_PN0P_/D
    1280* |       5 |     281 |       89 |      5 |    90 |    +0.9% |   -0.642 |      -28.4 |     -221.6 |   1639 | gen_regfile_ff.register_file_i.rf_reg\[510\]$_DFFE_PN0P_/D
    1290* |       5 |     288 |       94 |      5 |    90 |    +1.0% |   -0.643 |      -28.3 |     -218.2 |   1639 | gen_regfile_ff.register_file_i.rf_reg\[510\]$_DFFE_PN0P_/D
    1300* |       5 |     296 |       96 |      5 |    90 |    +1.0% |   -0.643 |      -28.3 |     -215.4 |   1639 | gen_regfile_ff.register_file_i.rf_reg\[510\]$_DFFE_PN0P_/D
    1300* |       5 |     259 |       84 |      5 |    90 |    +0.9% |   -0.641 |      -28.6 |     -254.3 |   1639 | gen_regfile_ff.register_file_i.rf_reg\[510\]$_DFFE_PN0P_/D
    1310* |       5 |     267 |       85 |      5 |    90 |    +0.9% |   -0.642 |      -28.5 |     -241.0 |   1639 | gen_regfile_ff.register_file_i.rf_reg\[510\]$_DFFE_PN0P_/D
    1320* |       5 |     276 |       87 |      5 |    90 |    +0.9% |   -0.642 |      -28.4 |     -225.5 |   1639 | gen_regfile_ff.register_file_i.rf_reg\[510\]$_DFFE_PN0P_/D
    1330* |       5 |     284 |       89 |      5 |    90 |    +0.9% |   -0.643 |      -28.4 |     -221.1 |   1639 | gen_regfile_ff.register_file_i.rf_reg\[510\]$_DFFE_PN0P_/D
    1340* |       5 |     291 |       94 |      5 |    90 |    +1.0% |   -0.643 |      -28.3 |     -246.0 |   1639 | gen_regfile_ff.register_file_i.rf_reg\[510\]$_DFFE_PN0P_/D
    1350* |       5 |     299 |       96 |      5 |    90 |    +1.0% |   -0.643 |      -28.3 |     -220.8 |   1639 | gen_regfile_ff.register_file_i.rf_reg\[510\]$_DFFE_PN0P_/D
    1351* |       5 |     259 |       84 |      5 |    90 |    +0.9% |   -0.641 |      -28.6 |     -254.3 |   1639 | gen_regfile_ff.register_file_i.rf_reg\[510\]$_DFFE_PN0P_/D
    1360* |       5 |     266 |       85 |      5 |    90 |    +0.9% |   -0.642 |      -28.5 |     -241.8 |   1639 | gen_regfile_ff.register_file_i.rf_reg\[510\]$_DFFE_PN0P_/D
    1370* |       5 |     275 |       87 |      5 |    90 |    +0.9% |   -0.642 |      -28.4 |     -227.9 |   1639 | gen_regfile_ff.register_file_i.rf_reg\[510\]$_DFFE_PN0P_/D
    1380* |       5 |     283 |       89 |      5 |    90 |    +0.9% |   -0.642 |      -28.4 |     -221.4 |   1639 | gen_regfile_ff.register_file_i.rf_reg\[510\]$_DFFE_PN0P_/D
    1390* |       5 |     290 |       94 |      5 |    90 |    +1.0% |   -0.643 |      -28.3 |     -218.0 |   1639 | gen_regfile_ff.register_file_i.rf_reg\[510\]$_DFFE_PN0P_/D
    1400* |       5 |     298 |       96 |      5 |    90 |    +1.0% |   -0.643 |      -28.3 |     -214.7 |   1639 | gen_regfile_ff.register_file_i.rf_reg\[510\]$_DFFE_PN0P_/D
    1402* |       5 |     259 |       84 |      5 |    90 |    +0.9% |   -0.641 |      -28.6 |     -254.3 |   1639 | gen_regfile_ff.register_file_i.rf_reg\[510\]$_DFFE_PN0P_/D
    1410* |       5 |     263 |       85 |      6 |    91 |    +0.9% |   -0.641 |      -28.6 |     -253.4 |   1639 | gen_regfile_ff.register_file_i.rf_reg\[510\]$_DFFE_PN0P_/D
    1420* |       5 |     269 |       88 |      7 |    92 |    +0.9% |   -0.641 |      -28.5 |     -245.0 |   1639 | gen_regfile_ff.register_file_i.rf_reg\[510\]$_DFFE_PN0P_/D
    1430* |       5 |     278 |       90 |      7 |    92 |    +1.0% |   -0.642 |      -28.6 |     -239.4 |   1639 | gen_regfile_ff.register_file_i.rf_reg\[510\]$_DFFE_PN0P_/D
    1440* |       5 |     286 |       92 |      7 |    92 |    +1.0% |   -0.642 |      -28.4 |     -223.7 |   1639 | gen_regfile_ff.register_file_i.rf_reg\[510\]$_DFFE_PN0P_/D
    1450* |       5 |     293 |       97 |      7 |    92 |    +1.0% |   -0.643 |      -28.3 |     -220.3 |   1639 | gen_regfile_ff.register_file_i.rf_reg\[510\]$_DFFE_PN0P_/D
    1454* |       5 |     260 |       84 |      5 |    90 |    +0.9% |   -0.641 |      -28.6 |     -253.0 |   1639 | gen_regfile_ff.register_file_i.rf_reg\[510\]$_DFFE_PN0P_/D
    1460* |       5 |     263 |       85 |      6 |    90 |    +0.9% |   -0.641 |      -28.6 |     -252.7 |   1639 | gen_regfile_ff.register_file_i.rf_reg\[510\]$_DFFE_PN0P_/D
    1470* |       5 |     270 |       88 |      7 |    90 |    +0.9% |   -0.642 |      -28.5 |     -241.8 |   1639 | gen_regfile_ff.register_file_i.rf_reg\[510\]$_DFFE_PN0P_/D
    1480* |       5 |     279 |       90 |      7 |    90 |    +1.0% |   -0.642 |      -28.4 |     -228.1 |   1639 | gen_regfile_ff.register_file_i.rf_reg\[510\]$_DFFE_PN0P_/D
    1490* |       5 |     287 |       92 |      7 |    90 |    +1.0% |   -0.642 |      -28.4 |     -221.6 |   1639 | gen_regfile_ff.register_file_i.rf_reg\[510\]$_DFFE_PN0P_/D
    1500* |       5 |     294 |       97 |      7 |    90 |    +1.0% |   -0.643 |      -28.3 |     -218.1 |   1639 | gen_regfile_ff.register_file_i.rf_reg\[510\]$_DFFE_PN0P_/D
    1500* |       5 |     260 |       84 |      5 |    90 |    +0.9% |   -0.641 |      -28.6 |     -253.0 |   1639 | gen_regfile_ff.register_file_i.rf_reg\[510\]$_DFFE_PN0P_/D
    1510* |       5 |     265 |       87 |      7 |    90 |    +0.9% |   -0.641 |      -28.6 |     -245.0 |   1639 | gen_regfile_ff.register_file_i.rf_reg\[510\]$_DFFE_PN0P_/D
    1520* |       5 |     273 |       90 |      7 |    90 |    +0.9% |   -0.642 |      -28.6 |     -239.9 |   1639 | gen_regfile_ff.register_file_i.rf_reg\[510\]$_DFFE_PN0P_/D
    1530* |       5 |     281 |       92 |      7 |    90 |    +1.0% |   -0.642 |      -28.4 |     -223.4 |   1639 | gen_regfile_ff.register_file_i.rf_reg\[510\]$_DFFE_PN0P_/D
    1540* |       5 |     289 |       96 |      7 |    90 |    +1.0% |   -0.643 |      -28.3 |     -221.6 |   1639 | gen_regfile_ff.register_file_i.rf_reg\[510\]$_DFFE_PN0P_/D
    1550* |       5 |     298 |       97 |      7 |    90 |    +1.0% |   -0.643 |      -28.3 |     -216.6 |   1639 | gen_regfile_ff.register_file_i.rf_reg\[510\]$_DFFE_PN0P_/D
    1551* |       5 |     260 |       84 |      5 |    90 |    +0.9% |   -0.641 |      -28.6 |     -253.0 |   1639 | gen_regfile_ff.register_file_i.rf_reg\[510\]$_DFFE_PN0P_/D
    1560* |       5 |     266 |       86 |      5 |    90 |    +0.9% |   -0.641 |      -28.6 |     -226.0 |   1639 | gen_regfile_ff.register_file_i.rf_reg\[510\]$_DFFE_PN0P_/D
    1570* |       5 |     275 |       88 |      5 |    90 |    +0.9% |   -0.642 |      -28.6 |     -224.2 |   1639 | gen_regfile_ff.register_file_i.rf_reg\[510\]$_DFFE_PN0P_/D
    1580* |       5 |     283 |       90 |      5 |    90 |    +1.0% |   -0.642 |      -28.2 |     -209.3 |   1639 | gen_regfile_ff.register_file_i.rf_reg\[510\]$_DFFE_PN0P_/D
    1590* |       5 |     291 |       93 |      5 |    90 |    +1.0% |   -0.643 |      -28.3 |     -214.4 |   1639 | gen_regfile_ff.register_file_i.rf_reg\[510\]$_DFFE_PN0P_/D
    1600* |       5 |     299 |       96 |      5 |    90 |    +1.0% |   -0.643 |      -28.2 |     -207.5 |   1639 | gen_regfile_ff.register_file_i.rf_reg\[510\]$_DFFE_PN0P_/D
    1604* |       5 |     261 |       85 |      5 |    90 |    +0.9% |   -0.641 |      -28.6 |     -235.7 |   1639 | gen_regfile_ff.register_file_i.rf_reg\[510\]$_DFFE_PN0P_/D
    1610* |       5 |     264 |       85 |      7 |    90 |    +0.9% |   -0.641 |      -28.6 |     -237.6 |   1639 | gen_regfile_ff.register_file_i.rf_reg\[510\]$_DFFE_PN0P_/D
    1620* |       5 |     271 |       90 |      7 |    90 |    +0.9% |   -0.642 |      -28.6 |     -227.2 |   1639 | gen_regfile_ff.register_file_i.rf_reg\[510\]$_DFFE_PN0P_/D
    1630* |       5 |     281 |       90 |      7 |    90 |    +1.0% |   -0.642 |      -28.3 |     -237.8 |   1639 | gen_regfile_ff.register_file_i.rf_reg\[510\]$_DFFE_PN0P_/D
    1640* |       5 |     289 |       92 |      7 |    90 |    +1.0% |   -0.642 |      -28.2 |     -209.5 |   1639 | gen_regfile_ff.register_file_i.rf_reg\[510\]$_DFFE_PN0P_/D
    1650* |       5 |     296 |       97 |      7 |    90 |    +1.0% |   -0.643 |      -28.2 |     -213.5 |   1639 | gen_regfile_ff.register_file_i.rf_reg\[510\]$_DFFE_PN0P_/D
    1657* |       5 |     263 |       85 |      5 |    90 |    +0.9% |   -0.641 |      -28.6 |     -234.6 |   1639 | gen_regfile_ff.register_file_i.rf_reg\[510\]$_DFFE_PN0P_/D
    1660* |       5 |     264 |       85 |      6 |    90 |    +0.9% |   -0.641 |      -28.6 |     -235.5 |   1639 | gen_regfile_ff.register_file_i.rf_reg\[510\]$_DFFE_PN0P_/D
    1670* |       5 |     271 |       88 |      7 |    90 |    +0.9% |   -0.642 |      -28.6 |     -227.3 |   1639 | gen_regfile_ff.register_file_i.rf_reg\[510\]$_DFFE_PN0P_/D
    1680* |       5 |     280 |       90 |      7 |    90 |    +1.0% |   -0.642 |      -28.3 |     -220.2 |   1639 | gen_regfile_ff.register_file_i.rf_reg\[510\]$_DFFE_PN0P_/D
    1690* |       5 |     288 |       92 |      7 |    90 |    +1.0% |   -0.642 |      -28.2 |     -211.8 |   1639 | gen_regfile_ff.register_file_i.rf_reg\[510\]$_DFFE_PN0P_/D
    1700* |       5 |     295 |       97 |      7 |    90 |    +1.0% |   -0.643 |      -28.3 |     -215.4 |   1639 | gen_regfile_ff.register_file_i.rf_reg\[510\]$_DFFE_PN0P_/D
    1700* |       5 |     263 |       85 |      5 |    90 |    +0.9% |   -0.641 |      -28.6 |     -234.6 |   1639 | gen_regfile_ff.register_file_i.rf_reg\[510\]$_DFFE_PN0P_/D
    1710* |       5 |     268 |       88 |      7 |    90 |    +0.9% |   -0.641 |      -28.6 |     -228.0 |   1639 | gen_regfile_ff.register_file_i.rf_reg\[510\]$_DFFE_PN0P_/D
    1720* |       5 |     277 |       90 |      7 |    90 |    +1.0% |   -0.642 |      -28.6 |     -226.5 |   1639 | gen_regfile_ff.register_file_i.rf_reg\[510\]$_DFFE_PN0P_/D
    1730* |       5 |     285 |       92 |      7 |    90 |    +1.0% |   -0.642 |      -28.2 |     -262.0 |   1639 | gen_regfile_ff.register_file_i.rf_reg\[510\]$_DFFE_PN0P_/D
    1740* |       5 |     293 |       95 |      7 |    90 |    +1.0% |   -0.643 |      -28.3 |     -218.3 |   1639 | gen_regfile_ff.register_file_i.rf_reg\[510\]$_DFFE_PN0P_/D
    1750* |       5 |     301 |       98 |      7 |    90 |    +1.0% |   -0.643 |      -28.2 |     -209.4 |   1639 | gen_regfile_ff.register_file_i.rf_reg\[510\]$_DFFE_PN0P_/D
    1751* |       5 |     263 |       85 |      5 |    90 |    +0.9% |   -0.641 |      -28.6 |     -234.6 |   1639 | gen_regfile_ff.register_file_i.rf_reg\[510\]$_DFFE_PN0P_/D
    1760* |       5 |     267 |       88 |      7 |    90 |    +0.9% |   -0.641 |      -28.6 |     -228.0 |   1639 | gen_regfile_ff.register_file_i.rf_reg\[510\]$_DFFE_PN0P_/D
    1770* |       5 |     276 |       90 |      7 |    90 |    +1.0% |   -0.642 |      -28.6 |     -226.5 |   1639 | gen_regfile_ff.register_file_i.rf_reg\[510\]$_DFFE_PN0P_/D
    1780* |       5 |     284 |       92 |      7 |    90 |    +1.0% |   -0.642 |      -28.2 |     -210.1 |   1639 | gen_regfile_ff.register_file_i.rf_reg\[510\]$_DFFE_PN0P_/D
    1790* |       5 |     292 |       95 |      7 |    90 |    +1.0% |   -0.643 |      -28.3 |     -217.7 |   1639 | gen_regfile_ff.register_file_i.rf_reg\[510\]$_DFFE_PN0P_/D
    1800* |       5 |     300 |       98 |      7 |    90 |    +1.0% |   -0.643 |      -28.2 |     -209.5 |   1639 | gen_regfile_ff.register_file_i.rf_reg\[510\]$_DFFE_PN0P_/D
    1802* |       5 |     263 |       85 |      5 |    90 |    +0.9% |   -0.641 |      -28.6 |     -234.6 |   1639 | gen_regfile_ff.register_file_i.rf_reg\[510\]$_DFFE_PN0P_/D
    1810* |       5 |     266 |       88 |      7 |    90 |    +0.9% |   -0.641 |      -28.6 |     -228.3 |   1639 | gen_regfile_ff.register_file_i.rf_reg\[510\]$_DFFE_PN0P_/D
    1820* |       5 |     275 |       90 |      7 |    90 |    +0.9% |   -0.642 |      -28.6 |     -226.7 |   1639 | gen_regfile_ff.register_file_i.rf_reg\[510\]$_DFFE_PN0P_/D
    1830* |       5 |     283 |       92 |      7 |    90 |    +1.0% |   -0.642 |      -28.2 |     -210.2 |   1639 | gen_regfile_ff.register_file_i.rf_reg\[510\]$_DFFE_PN0P_/D
    1840* |       5 |     291 |       95 |      7 |    90 |    +1.0% |   -0.643 |      -28.2 |     -215.7 |   1639 | gen_regfile_ff.register_file_i.rf_reg\[510\]$_DFFE_PN0P_/D
    1850* |       5 |     300 |       97 |      7 |    90 |    +1.0% |   -0.643 |      -28.2 |     -209.6 |   1639 | gen_regfile_ff.register_file_i.rf_reg\[510\]$_DFFE_PN0P_/D
    1853* |       5 |     263 |       85 |      5 |    90 |    +0.9% |   -0.641 |      -28.6 |     -234.6 |   1639 | gen_regfile_ff.register_file_i.rf_reg\[510\]$_DFFE_PN0P_/D
    1860* |       5 |     265 |       88 |      7 |    90 |    +0.9% |   -0.641 |      -28.6 |     -235.1 |   1639 | gen_regfile_ff.register_file_i.rf_reg\[510\]$_DFFE_PN0P_/D
    1870* |       5 |     274 |       90 |      7 |    90 |    +0.9% |   -0.642 |      -28.6 |     -226.8 |   1639 | gen_regfile_ff.register_file_i.rf_reg\[510\]$_DFFE_PN0P_/D
    1880* |       5 |     283 |       91 |      7 |    90 |    +1.0% |   -0.642 |      -28.2 |     -210.2 |   1639 | gen_regfile_ff.register_file_i.rf_reg\[510\]$_DFFE_PN0P_/D
    1890* |       5 |     290 |       95 |      7 |    90 |    +1.0% |   -0.643 |      -28.2 |     -221.1 |   1639 | gen_regfile_ff.register_file_i.rf_reg\[510\]$_DFFE_PN0P_/D
    1900* |       5 |     299 |       97 |      7 |    90 |    +1.0% |   -0.643 |      -28.2 |     -209.9 |   1639 | gen_regfile_ff.register_file_i.rf_reg\[510\]$_DFFE_PN0P_/D
    1900* |       5 |     263 |       85 |      5 |    90 |    +0.9% |   -0.641 |      -28.6 |     -234.6 |   1639 | gen_regfile_ff.register_file_i.rf_reg\[510\]$_DFFE_PN0P_/D
    1910* |       5 |     268 |       88 |      7 |    90 |    +0.9% |   -0.641 |      -28.6 |     -228.0 |   1639 | gen_regfile_ff.register_file_i.rf_reg\[510\]$_DFFE_PN0P_/D
    1920* |       5 |     277 |       90 |      7 |    90 |    +1.0% |   -0.642 |      -28.6 |     -226.5 |   1639 | gen_regfile_ff.register_file_i.rf_reg\[510\]$_DFFE_PN0P_/D
    1930* |       5 |     285 |       92 |      7 |    90 |    +1.0% |   -0.642 |      -28.2 |     -262.0 |   1639 | gen_regfile_ff.register_file_i.rf_reg\[510\]$_DFFE_PN0P_/D
    1940* |       5 |     293 |       95 |      7 |    90 |    +1.0% |   -0.643 |      -28.3 |     -218.3 |   1639 | gen_regfile_ff.register_file_i.rf_reg\[510\]$_DFFE_PN0P_/D
    1950* |       5 |     301 |       98 |      7 |    90 |    +1.0% |   -0.643 |      -28.2 |     -209.4 |   1639 | gen_regfile_ff.register_file_i.rf_reg\[510\]$_DFFE_PN0P_/D
    1951* |       5 |     263 |       85 |      5 |    90 |    +0.9% |   -0.641 |      -28.6 |     -234.6 |   1639 | gen_regfile_ff.register_file_i.rf_reg\[510\]$_DFFE_PN0P_/D
    1960* |       5 |     267 |       88 |      7 |    90 |    +0.9% |   -0.641 |      -28.6 |     -228.0 |   1639 | gen_regfile_ff.register_file_i.rf_reg\[510\]$_DFFE_PN0P_/D
    1970* |       5 |     276 |       90 |      7 |    90 |    +1.0% |   -0.642 |      -28.6 |     -226.5 |   1639 | gen_regfile_ff.register_file_i.rf_reg\[510\]$_DFFE_PN0P_/D
    1980* |       5 |     284 |       92 |      7 |    90 |    +1.0% |   -0.642 |      -28.2 |     -210.1 |   1639 | gen_regfile_ff.register_file_i.rf_reg\[510\]$_DFFE_PN0P_/D
    1990* |       5 |     292 |       95 |      7 |    90 |    +1.0% |   -0.643 |      -28.3 |     -217.7 |   1639 | gen_regfile_ff.register_file_i.rf_reg\[510\]$_DFFE_PN0P_/D
    2000* |       5 |     300 |       98 |      7 |    90 |    +1.0% |   -0.643 |      -28.2 |     -209.5 |   1639 | gen_regfile_ff.register_file_i.rf_reg\[510\]$_DFFE_PN0P_/D
    2000* |       5 |     263 |       85 |      5 |    90 |    +0.9% |   -0.641 |      -28.6 |     -234.6 |   1639 | gen_regfile_ff.register_file_i.rf_reg\[510\]$_DFFE_PN0P_/D
    2000* |       5 |     263 |       85 |      5 |    90 |    +0.9% |   -0.641 |      -28.6 |     -234.6 |   1639 | gen_regfile_ff.register_file_i.rf_reg\[510\]$_DFFE_PN0P_/D
    2000+ |       5 |     263 |       85 |      5 |    90 |    +0.9% |   -0.641 |      -28.6 |     -234.6 |   1044 | gen_regfile_ff.register_file_i.rf_reg\[510\]$_DFFE_PN0P_/D
    2003+ |       5 |     265 |       85 |      5 |    90 |    +0.9% |   -0.640 |      -28.6 |     -232.8 |   1044 | gen_regfile_ff.register_file_i.rf_reg\[1023\]$_DFFE_PN0P_/D
    2004+ |       5 |     265 |       85 |      5 |    90 |    +0.9% |   -0.640 |      -28.6 |     -232.8 |   1044 | gen_regfile_ff.register_file_i.rf_reg\[1023\]$_DFFE_PN0P_/D
    2005+ |       5 |     265 |       85 |      5 |    90 |    +0.9% |   -0.640 |      -28.6 |     -232.8 |   1044 | gen_regfile_ff.register_file_i.rf_reg\[1023\]$_DFFE_PN0P_/D
    2006+ |       5 |     265 |       85 |      5 |    90 |    +0.9% |   -0.640 |      -28.6 |     -232.8 |   1044 | gen_regfile_ff.register_file_i.rf_reg\[1023\]$_DFFE_PN0P_/D
    2009+ |       5 |     266 |       85 |      5 |    91 |    +0.9% |   -0.640 |      -28.3 |     -231.3 |   1044 | gen_regfile_ff.register_file_i.rf_reg\[1023\]$_DFFE_PN0P_/D
    2010+ |       5 |     266 |       85 |      5 |    91 |    +0.9% |   -0.640 |      -28.3 |     -231.3 |   1044 | gen_regfile_ff.register_file_i.rf_reg\[1023\]$_DFFE_PN0P_/D
    2011+ |       5 |     266 |       85 |      5 |    92 |    +0.9% |   -0.640 |      -28.3 |     -231.0 |   1044 | gen_regfile_ff.register_file_i.rf_reg\[1023\]$_DFFE_PN0P_/D
    2012+ |       5 |     266 |       85 |      5 |    92 |    +0.9% |   -0.640 |      -28.3 |     -231.0 |   1044 | gen_regfile_ff.register_file_i.rf_reg\[1023\]$_DFFE_PN0P_/D
    2013+ |       5 |     266 |       85 |      5 |    92 |    +0.9% |   -0.640 |      -28.3 |     -231.0 |   1044 | gen_regfile_ff.register_file_i.rf_reg\[1023\]$_DFFE_PN0P_/D
    2014+ |       5 |     266 |       85 |      5 |    92 |    +0.9% |   -0.640 |      -28.3 |     -231.0 |   1044 | gen_regfile_ff.register_file_i.rf_reg\[1023\]$_DFFE_PN0P_/D
    2015+ |       5 |     266 |       85 |      5 |    92 |    +0.9% |   -0.640 |      -28.3 |     -231.0 |   1044 | gen_regfile_ff.register_file_i.rf_reg\[1023\]$_DFFE_PN0P_/D
    2016+ |       5 |     266 |       85 |      5 |    92 |    +0.9% |   -0.640 |      -28.3 |     -231.0 |   1044 | gen_regfile_ff.register_file_i.rf_reg\[1023\]$_DFFE_PN0P_/D
    2017+ |       5 |     266 |       85 |      5 |    92 |    +0.9% |   -0.640 |      -28.3 |     -231.0 |   1044 | gen_regfile_ff.register_file_i.rf_reg\[1023\]$_DFFE_PN0P_/D
    2018+ |       5 |     266 |       85 |      5 |    92 |    +0.9% |   -0.640 |      -28.3 |     -231.0 |   1044 | gen_regfile_ff.register_file_i.rf_reg\[1023\]$_DFFE_PN0P_/D
    2019+ |       5 |     266 |       85 |      5 |    92 |    +0.9% |   -0.640 |      -28.3 |     -231.0 |   1044 | gen_regfile_ff.register_file_i.rf_reg\[1023\]$_DFFE_PN0P_/D
    2020+ |       5 |     266 |       85 |      5 |    92 |    +0.9% |   -0.640 |      -28.3 |     -231.0 |   1044 | gen_regfile_ff.register_file_i.rf_reg\[1023\]$_DFFE_PN0P_/D
    2020+ |       5 |     266 |       85 |      5 |    92 |    +0.9% |   -0.640 |      -28.3 |     -231.0 |   1044 | gen_regfile_ff.register_file_i.rf_reg\[1023\]$_DFFE_PN0P_/D
    2022+ |       5 |     267 |       85 |      5 |    92 |    +0.9% |   -0.640 |      -28.3 |     -231.0 |   1044 | gen_regfile_ff.register_file_i.rf_reg\[1023\]$_DFFE_PN0P_/D
    2023+ |       5 |     267 |       85 |      5 |    92 |    +0.9% |   -0.640 |      -28.3 |     -231.0 |   1044 | gen_regfile_ff.register_file_i.rf_reg\[1023\]$_DFFE_PN0P_/D
    2025+ |       5 |     268 |       85 |      5 |    92 |    +0.9% |   -0.640 |      -28.3 |     -231.0 |   1044 | gen_regfile_ff.register_file_i.rf_reg\[1023\]$_DFFE_PN0P_/D
    2026+ |       5 |     268 |       85 |      5 |    92 |    +0.9% |   -0.640 |      -28.3 |     -231.0 |   1044 | gen_regfile_ff.register_file_i.rf_reg\[1023\]$_DFFE_PN0P_/D
    2027+ |       5 |     268 |       85 |      5 |    92 |    +0.9% |   -0.640 |      -28.3 |     -231.0 |   1044 | gen_regfile_ff.register_file_i.rf_reg\[1023\]$_DFFE_PN0P_/D
    2028+ |       5 |     268 |       85 |      5 |    92 |    +0.9% |   -0.640 |      -28.3 |     -231.0 |   1044 | gen_regfile_ff.register_file_i.rf_reg\[1023\]$_DFFE_PN0P_/D
    2029+ |       5 |     268 |       85 |      5 |    92 |    +0.9% |   -0.640 |      -28.3 |     -231.0 |   1044 | gen_regfile_ff.register_file_i.rf_reg\[1023\]$_DFFE_PN0P_/D
    2030+ |       5 |     268 |       85 |      5 |    92 |    +0.9% |   -0.640 |      -28.3 |     -231.0 |   1044 | gen_regfile_ff.register_file_i.rf_reg\[1023\]$_DFFE_PN0P_/D
    2030+ |       5 |     268 |       85 |      5 |    92 |    +0.9% |   -0.640 |      -28.3 |     -231.0 |   1044 | gen_regfile_ff.register_file_i.rf_reg\[1023\]$_DFFE_PN0P_/D
    2031+ |       5 |     268 |       85 |      5 |    92 |    +0.9% |   -0.640 |      -28.3 |     -231.0 |   1044 | gen_regfile_ff.register_file_i.rf_reg\[1023\]$_DFFE_PN0P_/D
    2033+ |       5 |     269 |       85 |      5 |    92 |    +0.9% |   -0.640 |      -28.3 |     -230.9 |   1044 | gen_regfile_ff.register_file_i.rf_reg\[1023\]$_DFFE_PN0P_/D
    2034+ |       5 |     269 |       85 |      5 |    92 |    +0.9% |   -0.640 |      -28.3 |     -230.9 |   1044 | gen_regfile_ff.register_file_i.rf_reg\[1023\]$_DFFE_PN0P_/D
    2035+ |       5 |     269 |       85 |      5 |    92 |    +0.9% |   -0.640 |      -28.3 |     -230.9 |   1044 | gen_regfile_ff.register_file_i.rf_reg\[1023\]$_DFFE_PN0P_/D
    2036+ |       5 |     269 |       85 |      5 |    92 |    +0.9% |   -0.640 |      -28.3 |     -230.9 |   1044 | gen_regfile_ff.register_file_i.rf_reg\[1023\]$_DFFE_PN0P_/D
    2037+ |       5 |     269 |       85 |      5 |    92 |    +0.9% |   -0.640 |      -28.3 |     -230.9 |   1044 | gen_regfile_ff.register_file_i.rf_reg\[1023\]$_DFFE_PN0P_/D
    2038+ |       5 |     269 |       85 |      5 |    92 |    +0.9% |   -0.640 |      -28.3 |     -230.9 |   1044 | gen_regfile_ff.register_file_i.rf_reg\[1023\]$_DFFE_PN0P_/D
    2039+ |       5 |     269 |       85 |      5 |    92 |    +0.9% |   -0.640 |      -28.3 |     -230.9 |   1044 | gen_regfile_ff.register_file_i.rf_reg\[1023\]$_DFFE_PN0P_/D
    2040+ |       5 |     269 |       85 |      5 |    92 |    +0.9% |   -0.640 |      -28.3 |     -230.9 |   1044 | gen_regfile_ff.register_file_i.rf_reg\[1023\]$_DFFE_PN0P_/D
    2041+ |       5 |     270 |       85 |      5 |    92 |    +0.9% |   -0.640 |      -28.3 |     -230.9 |   1044 | gen_regfile_ff.register_file_i.rf_reg\[1023\]$_DFFE_PN0P_/D
    2042+ |       5 |     270 |       85 |      5 |    92 |    +0.9% |   -0.640 |      -28.3 |     -230.9 |   1044 | gen_regfile_ff.register_file_i.rf_reg\[1023\]$_DFFE_PN0P_/D
    2043+ |       5 |     270 |       85 |      5 |    92 |    +0.9% |   -0.640 |      -28.3 |     -230.9 |   1044 | gen_regfile_ff.register_file_i.rf_reg\[1023\]$_DFFE_PN0P_/D
    2044+ |       5 |     270 |       85 |      5 |    92 |    +0.9% |   -0.640 |      -28.3 |     -230.9 |   1044 | gen_regfile_ff.register_file_i.rf_reg\[1023\]$_DFFE_PN0P_/D
    2046+ |       5 |     271 |       85 |      5 |    92 |    +0.9% |   -0.640 |      -28.3 |     -229.4 |   1044 | gen_regfile_ff.register_file_i.rf_reg\[1023\]$_DFFE_PN0P_/D
    2048+ |       5 |     272 |       85 |      5 |    92 |    +0.9% |   -0.639 |      -28.3 |     -227.7 |   1044 | gen_regfile_ff.register_file_i.rf_reg\[1023\]$_DFFE_PN0P_/D
    2049+ |       5 |     272 |       85 |      5 |    92 |    +0.9% |   -0.639 |      -28.3 |     -227.7 |   1044 | gen_regfile_ff.register_file_i.rf_reg\[1023\]$_DFFE_PN0P_/D
    2050+ |       5 |     272 |       85 |      5 |    92 |    +0.9% |   -0.639 |      -28.3 |     -227.7 |   1044 | gen_regfile_ff.register_file_i.rf_reg\[1023\]$_DFFE_PN0P_/D
    2050+ |       5 |     272 |       85 |      5 |    92 |    +0.9% |   -0.639 |      -28.3 |     -227.7 |   1044 | gen_regfile_ff.register_file_i.rf_reg\[1023\]$_DFFE_PN0P_/D
    2052+ |       5 |     273 |       85 |      5 |    92 |    +0.9% |   -0.639 |      -28.3 |     -227.7 |   1044 | gen_regfile_ff.register_file_i.rf_reg\[1023\]$_DFFE_PN0P_/D
    2053+ |       5 |     273 |       85 |      5 |    92 |    +0.9% |   -0.639 |      -28.3 |     -227.7 |   1044 | gen_regfile_ff.register_file_i.rf_reg\[1023\]$_DFFE_PN0P_/D
    2054+ |       5 |     273 |       85 |      5 |    92 |    +0.9% |   -0.639 |      -28.3 |     -227.7 |   1044 | gen_regfile_ff.register_file_i.rf_reg\[1023\]$_DFFE_PN0P_/D
    2055+ |       5 |     273 |       85 |      5 |    92 |    +0.9% |   -0.639 |      -28.3 |     -227.7 |   1044 | gen_regfile_ff.register_file_i.rf_reg\[1023\]$_DFFE_PN0P_/D
    2056+ |       5 |     273 |       85 |      5 |    92 |    +0.9% |   -0.639 |      -28.3 |     -227.7 |   1044 | gen_regfile_ff.register_file_i.rf_reg\[1023\]$_DFFE_PN0P_/D
    2058+ |       5 |     274 |       85 |      5 |    92 |    +0.9% |   -0.639 |      -28.3 |     -227.7 |   1044 | gen_regfile_ff.register_file_i.rf_reg\[1023\]$_DFFE_PN0P_/D
    2060+ |       5 |     275 |       85 |      5 |    92 |    +0.9% |   -0.639 |      -28.3 |     -227.7 |   1044 | gen_regfile_ff.register_file_i.rf_reg\[1023\]$_DFFE_PN0P_/D
    2060+ |       5 |     275 |       85 |      5 |    92 |    +0.9% |   -0.639 |      -28.3 |     -227.7 |   1044 | gen_regfile_ff.register_file_i.rf_reg\[1023\]$_DFFE_PN0P_/D
    2061+ |       5 |     275 |       85 |      5 |    92 |    +0.9% |   -0.639 |      -28.3 |     -227.7 |   1044 | gen_regfile_ff.register_file_i.rf_reg\[1023\]$_DFFE_PN0P_/D
    2062+ |       5 |     275 |       85 |      5 |    92 |    +0.9% |   -0.639 |      -28.3 |     -227.7 |   1044 | gen_regfile_ff.register_file_i.rf_reg\[1023\]$_DFFE_PN0P_/D
    2063+ |       5 |     275 |       85 |      5 |    92 |    +0.9% |   -0.639 |      -28.3 |     -227.7 |   1044 | gen_regfile_ff.register_file_i.rf_reg\[1023\]$_DFFE_PN0P_/D
    2064+ |       5 |     275 |       85 |      5 |    92 |    +0.9% |   -0.639 |      -28.3 |     -227.7 |   1044 | gen_regfile_ff.register_file_i.rf_reg\[1023\]$_DFFE_PN0P_/D
    2065+ |       5 |     275 |       85 |      5 |    92 |    +0.9% |   -0.639 |      -28.3 |     -227.7 |   1044 | gen_regfile_ff.register_file_i.rf_reg\[1023\]$_DFFE_PN0P_/D
    2067+ |       5 |     276 |       85 |      5 |    92 |    +0.9% |   -0.639 |      -28.3 |     -227.7 |   1044 | gen_regfile_ff.register_file_i.rf_reg\[1023\]$_DFFE_PN0P_/D
    2068+ |       5 |     276 |       85 |      5 |    92 |    +0.9% |   -0.639 |      -28.3 |     -227.7 |   1044 | gen_regfile_ff.register_file_i.rf_reg\[1023\]$_DFFE_PN0P_/D
    2069+ |       5 |     276 |       85 |      5 |    92 |    +0.9% |   -0.639 |      -28.3 |     -227.7 |   1044 | gen_regfile_ff.register_file_i.rf_reg\[1023\]$_DFFE_PN0P_/D
    2070+ |       5 |     276 |       85 |      5 |    92 |    +0.9% |   -0.639 |      -28.3 |     -227.7 |   1044 | gen_regfile_ff.register_file_i.rf_reg\[1023\]$_DFFE_PN0P_/D
    2071+ |       5 |     276 |       85 |      5 |    93 |    +0.9% |   -0.639 |      -28.3 |     -225.8 |   1044 | gen_regfile_ff.register_file_i.rf_reg\[1023\]$_DFFE_PN0P_/D
    2072+ |       5 |     276 |       85 |      5 |    93 |    +0.9% |   -0.639 |      -28.3 |     -225.8 |   1044 | gen_regfile_ff.register_file_i.rf_reg\[1023\]$_DFFE_PN0P_/D
    2073+ |       5 |     276 |       85 |      5 |    93 |    +0.9% |   -0.639 |      -28.3 |     -225.8 |   1044 | gen_regfile_ff.register_file_i.rf_reg\[1023\]$_DFFE_PN0P_/D
    2075+ |       5 |     277 |       85 |      5 |    93 |    +0.9% |   -0.639 |      -28.3 |     -225.8 |   1044 | gen_regfile_ff.register_file_i.rf_reg\[1023\]$_DFFE_PN0P_/D
    2076+ |       5 |     277 |       85 |      5 |    93 |    +0.9% |   -0.639 |      -28.3 |     -225.8 |   1044 | gen_regfile_ff.register_file_i.rf_reg\[1023\]$_DFFE_PN0P_/D
    2077+ |       5 |     277 |       85 |      5 |    93 |    +0.9% |   -0.639 |      -28.3 |     -225.8 |   1044 | gen_regfile_ff.register_file_i.rf_reg\[1023\]$_DFFE_PN0P_/D
    2078+ |       5 |     277 |       85 |      5 |    93 |    +0.9% |   -0.639 |      -28.3 |     -225.8 |   1044 | gen_regfile_ff.register_file_i.rf_reg\[1023\]$_DFFE_PN0P_/D
    2079+ |       5 |     277 |       85 |      5 |    93 |    +0.9% |   -0.639 |      -28.3 |     -225.8 |   1044 | gen_regfile_ff.register_file_i.rf_reg\[1023\]$_DFFE_PN0P_/D
    2080+ |       5 |     277 |       85 |      5 |    93 |    +0.9% |   -0.639 |      -28.3 |     -225.8 |   1044 | gen_regfile_ff.register_file_i.rf_reg\[1023\]$_DFFE_PN0P_/D
    2080+ |       5 |     277 |       85 |      5 |    93 |    +0.9% |   -0.639 |      -28.3 |     -225.8 |   1044 | gen_regfile_ff.register_file_i.rf_reg\[1023\]$_DFFE_PN0P_/D
    2081+ |       5 |     277 |       85 |      5 |    93 |    +0.9% |   -0.639 |      -28.3 |     -225.8 |   1044 | gen_regfile_ff.register_file_i.rf_reg\[1023\]$_DFFE_PN0P_/D
    2082+ |       5 |     277 |       85 |      5 |    93 |    +0.9% |   -0.639 |      -28.3 |     -225.8 |   1044 | gen_regfile_ff.register_file_i.rf_reg\[1023\]$_DFFE_PN0P_/D
    2083+ |       5 |     277 |       85 |      5 |    93 |    +0.9% |   -0.639 |      -28.3 |     -225.8 |   1044 | gen_regfile_ff.register_file_i.rf_reg\[1023\]$_DFFE_PN0P_/D
    2085+ |       5 |     278 |       85 |      5 |    93 |    +0.9% |   -0.639 |      -28.3 |     -225.8 |   1044 | gen_regfile_ff.register_file_i.rf_reg\[1023\]$_DFFE_PN0P_/D
    2086+ |       5 |     278 |       85 |      5 |    93 |    +0.9% |   -0.639 |      -28.3 |     -225.8 |   1044 | gen_regfile_ff.register_file_i.rf_reg\[1023\]$_DFFE_PN0P_/D
    2087+ |       5 |     278 |       85 |      5 |    93 |    +0.9% |   -0.639 |      -28.3 |     -225.8 |   1044 | gen_regfile_ff.register_file_i.rf_reg\[1023\]$_DFFE_PN0P_/D
    2088+ |       5 |     278 |       85 |      5 |    93 |    +0.9% |   -0.639 |      -28.3 |     -225.8 |   1044 | gen_regfile_ff.register_file_i.rf_reg\[1023\]$_DFFE_PN0P_/D
    2089+ |       5 |     278 |       85 |      5 |    93 |    +0.9% |   -0.639 |      -28.3 |     -225.8 |   1044 | gen_regfile_ff.register_file_i.rf_reg\[1023\]$_DFFE_PN0P_/D
    2090+ |       5 |     278 |       85 |      5 |    93 |    +0.9% |   -0.639 |      -28.3 |     -225.8 |   1044 | gen_regfile_ff.register_file_i.rf_reg\[1023\]$_DFFE_PN0P_/D
    2093+ |       5 |     280 |       85 |      5 |    94 |    +0.9% |   -0.639 |      -28.3 |     -223.7 |   1044 | gen_regfile_ff.register_file_i.rf_reg\[1023\]$_DFFE_PN0P_/D
    2094+ |       5 |     280 |       85 |      5 |    94 |    +0.9% |   -0.639 |      -28.3 |     -223.7 |   1044 | gen_regfile_ff.register_file_i.rf_reg\[1023\]$_DFFE_PN0P_/D
    2095+ |       5 |     280 |       85 |      5 |    94 |    +0.9% |   -0.639 |      -28.3 |     -223.7 |   1044 | gen_regfile_ff.register_file_i.rf_reg\[1023\]$_DFFE_PN0P_/D
    2097+ |       5 |     281 |       85 |      5 |    94 |    +0.9% |   -0.639 |      -28.3 |     -223.7 |   1044 | gen_regfile_ff.register_file_i.rf_reg\[1023\]$_DFFE_PN0P_/D
    2098+ |       5 |     281 |       85 |      5 |    94 |    +0.9% |   -0.639 |      -28.3 |     -223.7 |   1044 | gen_regfile_ff.register_file_i.rf_reg\[1023\]$_DFFE_PN0P_/D
    2099+ |       5 |     281 |       85 |      5 |    94 |    +0.9% |   -0.639 |      -28.3 |     -223.7 |   1044 | gen_regfile_ff.register_file_i.rf_reg\[1023\]$_DFFE_PN0P_/D
    2100+ |       5 |     281 |       85 |      5 |    94 |    +0.9% |   -0.639 |      -28.3 |     -223.7 |   1044 | gen_regfile_ff.register_file_i.rf_reg\[1023\]$_DFFE_PN0P_/D
    2101+ |       5 |     281 |       85 |      5 |    94 |    +0.9% |   -0.639 |      -28.3 |     -223.7 |   1044 | gen_regfile_ff.register_file_i.rf_reg\[1023\]$_DFFE_PN0P_/D
    2102+ |       5 |     281 |       85 |      5 |    94 |    +0.9% |   -0.639 |      -28.3 |     -223.7 |   1044 | gen_regfile_ff.register_file_i.rf_reg\[1023\]$_DFFE_PN0P_/D
    2103+ |       5 |     281 |       85 |      5 |    94 |    +0.9% |   -0.639 |      -28.3 |     -223.7 |   1044 | gen_regfile_ff.register_file_i.rf_reg\[1023\]$_DFFE_PN0P_/D
    2105+ |       5 |     282 |       85 |      5 |    94 |    +0.9% |   -0.639 |      -28.3 |     -223.6 |   1044 | gen_regfile_ff.register_file_i.rf_reg\[1023\]$_DFFE_PN0P_/D
    2106+ |       5 |     282 |       85 |      5 |    94 |    +0.9% |   -0.639 |      -28.3 |     -223.6 |   1044 | gen_regfile_ff.register_file_i.rf_reg\[1023\]$_DFFE_PN0P_/D
    2107+ |       5 |     282 |       85 |      5 |    94 |    +0.9% |   -0.639 |      -28.3 |     -223.6 |   1044 | gen_regfile_ff.register_file_i.rf_reg\[1023\]$_DFFE_PN0P_/D
    2108+ |       5 |     282 |       85 |      5 |    94 |    +0.9% |   -0.639 |      -28.3 |     -223.6 |   1044 | gen_regfile_ff.register_file_i.rf_reg\[1023\]$_DFFE_PN0P_/D
    2109+ |       5 |     282 |       85 |      5 |    94 |    +0.9% |   -0.639 |      -28.3 |     -223.6 |   1044 | gen_regfile_ff.register_file_i.rf_reg\[1023\]$_DFFE_PN0P_/D
    2110+ |       5 |     282 |       85 |      5 |    94 |    +0.9% |   -0.639 |      -28.3 |     -223.6 |   1044 | gen_regfile_ff.register_file_i.rf_reg\[1023\]$_DFFE_PN0P_/D
    2110+ |       5 |     282 |       85 |      5 |    94 |    +0.9% |   -0.639 |      -28.3 |     -223.6 |   1044 | gen_regfile_ff.register_file_i.rf_reg\[1023\]$_DFFE_PN0P_/D
    2111+ |       5 |     282 |       85 |      5 |    94 |    +0.9% |   -0.639 |      -28.3 |     -223.6 |   1044 | gen_regfile_ff.register_file_i.rf_reg\[1023\]$_DFFE_PN0P_/D
    2112+ |       5 |     282 |       85 |      5 |    94 |    +0.9% |   -0.639 |      -28.3 |     -223.6 |   1044 | gen_regfile_ff.register_file_i.rf_reg\[1023\]$_DFFE_PN0P_/D
    2113+ |       5 |     282 |       85 |      5 |    94 |    +0.9% |   -0.639 |      -28.3 |     -223.6 |   1044 | gen_regfile_ff.register_file_i.rf_reg\[1023\]$_DFFE_PN0P_/D
    2114+ |       5 |     282 |       85 |      5 |    94 |    +0.9% |   -0.639 |      -28.3 |     -223.6 |   1044 | gen_regfile_ff.register_file_i.rf_reg\[1023\]$_DFFE_PN0P_/D
    2115+ |       5 |     282 |       85 |      5 |    94 |    +0.9% |   -0.639 |      -28.3 |     -223.6 |   1044 | gen_regfile_ff.register_file_i.rf_reg\[1023\]$_DFFE_PN0P_/D
    2116+ |       5 |     282 |       85 |      5 |    94 |    +0.9% |   -0.639 |      -28.3 |     -223.6 |   1044 | gen_regfile_ff.register_file_i.rf_reg\[1023\]$_DFFE_PN0P_/D
    2118+ |       5 |     283 |       85 |      5 |    94 |    +0.9% |   -0.639 |      -28.3 |     -223.1 |   1044 | gen_regfile_ff.register_file_i.rf_reg\[1023\]$_DFFE_PN0P_/D
    2119+ |       5 |     283 |       85 |      5 |    94 |    +0.9% |   -0.639 |      -28.3 |     -223.1 |   1044 | gen_regfile_ff.register_file_i.rf_reg\[1023\]$_DFFE_PN0P_/D
    2120+ |       5 |     283 |       85 |      5 |    94 |    +0.9% |   -0.639 |      -28.3 |     -223.1 |   1044 | gen_regfile_ff.register_file_i.rf_reg\[1023\]$_DFFE_PN0P_/D
    2120+ |       5 |     283 |       85 |      5 |    94 |    +0.9% |   -0.639 |      -28.3 |     -223.1 |   1044 | gen_regfile_ff.register_file_i.rf_reg\[1023\]$_DFFE_PN0P_/D
    2121+ |       5 |     283 |       85 |      5 |    94 |    +0.9% |   -0.639 |      -28.3 |     -223.1 |   1044 | gen_regfile_ff.register_file_i.rf_reg\[1023\]$_DFFE_PN0P_/D
    2122+ |       5 |     283 |       85 |      5 |    94 |    +0.9% |   -0.639 |      -28.3 |     -223.1 |   1044 | gen_regfile_ff.register_file_i.rf_reg\[1023\]$_DFFE_PN0P_/D
    2123+ |       5 |     283 |       85 |      5 |    94 |    +0.9% |   -0.639 |      -28.3 |     -223.1 |   1044 | gen_regfile_ff.register_file_i.rf_reg\[1023\]$_DFFE_PN0P_/D
    2124+ |       5 |     283 |       85 |      5 |    94 |    +0.9% |   -0.639 |      -28.3 |     -223.1 |   1044 | gen_regfile_ff.register_file_i.rf_reg\[1023\]$_DFFE_PN0P_/D
    2125+ |       5 |     283 |       85 |      5 |    94 |    +0.9% |   -0.639 |      -28.3 |     -223.1 |   1044 | gen_regfile_ff.register_file_i.rf_reg\[1023\]$_DFFE_PN0P_/D
    2126+ |       5 |     283 |       85 |      5 |    94 |    +0.9% |   -0.639 |      -28.3 |     -223.1 |   1044 | gen_regfile_ff.register_file_i.rf_reg\[1023\]$_DFFE_PN0P_/D
    2127+ |       5 |     283 |       85 |      5 |    94 |    +0.9% |   -0.639 |      -28.3 |     -223.1 |   1044 | gen_regfile_ff.register_file_i.rf_reg\[1023\]$_DFFE_PN0P_/D
    2128+ |       5 |     283 |       85 |      5 |    94 |    +0.9% |   -0.639 |      -28.3 |     -223.1 |   1044 | gen_regfile_ff.register_file_i.rf_reg\[1023\]$_DFFE_PN0P_/D
    2129+ |       5 |     283 |       85 |      5 |    94 |    +0.9% |   -0.639 |      -28.3 |     -223.1 |   1044 | gen_regfile_ff.register_file_i.rf_reg\[1023\]$_DFFE_PN0P_/D
    2130+ |       5 |     283 |       85 |      5 |    94 |    +0.9% |   -0.639 |      -28.3 |     -223.1 |   1044 | gen_regfile_ff.register_file_i.rf_reg\[1023\]$_DFFE_PN0P_/D
    2130+ |       5 |     283 |       85 |      5 |    94 |    +0.9% |   -0.639 |      -28.3 |     -223.1 |   1044 | gen_regfile_ff.register_file_i.rf_reg\[1023\]$_DFFE_PN0P_/D
    2131+ |       5 |     283 |       85 |      5 |    94 |    +0.9% |   -0.639 |      -28.3 |     -223.1 |   1044 | gen_regfile_ff.register_file_i.rf_reg\[1023\]$_DFFE_PN0P_/D
    2132+ |       5 |     283 |       85 |      5 |    94 |    +0.9% |   -0.639 |      -28.3 |     -223.1 |   1044 | gen_regfile_ff.register_file_i.rf_reg\[1023\]$_DFFE_PN0P_/D
    2133+ |       5 |     283 |       85 |      5 |    94 |    +0.9% |   -0.639 |      -28.3 |     -223.1 |   1044 | gen_regfile_ff.register_file_i.rf_reg\[1023\]$_DFFE_PN0P_/D
    2134+ |       5 |     283 |       85 |      5 |    94 |    +0.9% |   -0.639 |      -28.3 |     -223.1 |   1044 | gen_regfile_ff.register_file_i.rf_reg\[1023\]$_DFFE_PN0P_/D
    2135+ |       5 |     283 |       85 |      5 |    94 |    +0.9% |   -0.639 |      -28.3 |     -223.1 |   1044 | gen_regfile_ff.register_file_i.rf_reg\[1023\]$_DFFE_PN0P_/D
    2136+ |       5 |     283 |       85 |      5 |    94 |    +0.9% |   -0.639 |      -28.3 |     -223.1 |   1044 | gen_regfile_ff.register_file_i.rf_reg\[1023\]$_DFFE_PN0P_/D
    2137+ |       5 |     283 |       85 |      5 |    94 |    +0.9% |   -0.639 |      -28.3 |     -223.1 |   1044 | gen_regfile_ff.register_file_i.rf_reg\[1023\]$_DFFE_PN0P_/D
    2138+ |       5 |     283 |       85 |      5 |    94 |    +0.9% |   -0.639 |      -28.3 |     -223.1 |   1044 | gen_regfile_ff.register_file_i.rf_reg\[1023\]$_DFFE_PN0P_/D
    2139+ |       5 |     283 |       85 |      5 |    94 |    +0.9% |   -0.639 |      -28.3 |     -223.1 |   1044 | gen_regfile_ff.register_file_i.rf_reg\[1023\]$_DFFE_PN0P_/D
    2140+ |       5 |     283 |       85 |      5 |    94 |    +0.9% |   -0.639 |      -28.3 |     -223.1 |   1044 | gen_regfile_ff.register_file_i.rf_reg\[1023\]$_DFFE_PN0P_/D
    2140+ |       5 |     283 |       85 |      5 |    94 |    +0.9% |   -0.639 |      -28.3 |     -223.1 |   1044 | gen_regfile_ff.register_file_i.rf_reg\[1023\]$_DFFE_PN0P_/D
    2141+ |       5 |     283 |       85 |      5 |    94 |    +0.9% |   -0.639 |      -28.3 |     -223.1 |   1044 | gen_regfile_ff.register_file_i.rf_reg\[1023\]$_DFFE_PN0P_/D
    2142+ |       5 |     283 |       85 |      5 |    94 |    +0.9% |   -0.639 |      -28.3 |     -223.1 |   1044 | gen_regfile_ff.register_file_i.rf_reg\[1023\]$_DFFE_PN0P_/D
    2143+ |       5 |     283 |       85 |      5 |    94 |    +0.9% |   -0.639 |      -28.3 |     -223.1 |   1044 | gen_regfile_ff.register_file_i.rf_reg\[1023\]$_DFFE_PN0P_/D
    2144+ |       5 |     283 |       85 |      5 |    94 |    +0.9% |   -0.639 |      -28.3 |     -223.1 |   1044 | gen_regfile_ff.register_file_i.rf_reg\[1023\]$_DFFE_PN0P_/D
    2145+ |       5 |     283 |       85 |      5 |    94 |    +0.9% |   -0.639 |      -28.3 |     -223.1 |   1044 | gen_regfile_ff.register_file_i.rf_reg\[1023\]$_DFFE_PN0P_/D
    2146+ |       5 |     283 |       85 |      5 |    94 |    +0.9% |   -0.639 |      -28.3 |     -223.1 |   1044 | gen_regfile_ff.register_file_i.rf_reg\[1023\]$_DFFE_PN0P_/D
    2147+ |       5 |     283 |       85 |      5 |    94 |    +0.9% |   -0.639 |      -28.3 |     -223.1 |   1044 | gen_regfile_ff.register_file_i.rf_reg\[1023\]$_DFFE_PN0P_/D
    2148+ |       5 |     283 |       85 |      5 |    94 |    +0.9% |   -0.639 |      -28.3 |     -223.1 |   1044 | gen_regfile_ff.register_file_i.rf_reg\[1023\]$_DFFE_PN0P_/D
    2149+ |       5 |     283 |       85 |      5 |    94 |    +0.9% |   -0.639 |      -28.3 |     -223.1 |   1044 | gen_regfile_ff.register_file_i.rf_reg\[1023\]$_DFFE_PN0P_/D
    2150+ |       5 |     283 |       85 |      5 |    94 |    +0.9% |   -0.639 |      -28.3 |     -223.1 |   1044 | gen_regfile_ff.register_file_i.rf_reg\[1023\]$_DFFE_PN0P_/D
    2150+ |       5 |     283 |       85 |      5 |    94 |    +0.9% |   -0.639 |      -28.3 |     -223.1 |   1044 | gen_regfile_ff.register_file_i.rf_reg\[1023\]$_DFFE_PN0P_/D
    2151+ |       5 |     283 |       85 |      5 |    94 |    +0.9% |   -0.639 |      -28.3 |     -223.1 |   1044 | gen_regfile_ff.register_file_i.rf_reg\[1023\]$_DFFE_PN0P_/D
    2152+ |       5 |     283 |       85 |      5 |    94 |    +0.9% |   -0.639 |      -28.3 |     -223.1 |   1044 | gen_regfile_ff.register_file_i.rf_reg\[1023\]$_DFFE_PN0P_/D
    2153+ |       5 |     283 |       85 |      5 |    94 |    +0.9% |   -0.639 |      -28.3 |     -223.1 |   1044 | gen_regfile_ff.register_file_i.rf_reg\[1023\]$_DFFE_PN0P_/D
    2154+ |       5 |     283 |       85 |      5 |    94 |    +0.9% |   -0.639 |      -28.3 |     -223.1 |   1044 | gen_regfile_ff.register_file_i.rf_reg\[1023\]$_DFFE_PN0P_/D
    2155+ |       5 |     283 |       85 |      5 |    94 |    +0.9% |   -0.639 |      -28.3 |     -223.1 |   1044 | gen_regfile_ff.register_file_i.rf_reg\[1023\]$_DFFE_PN0P_/D
    2156+ |       5 |     283 |       85 |      5 |    94 |    +0.9% |   -0.639 |      -28.3 |     -223.1 |   1044 | gen_regfile_ff.register_file_i.rf_reg\[1023\]$_DFFE_PN0P_/D
    2157+ |       5 |     283 |       85 |      5 |    94 |    +0.9% |   -0.639 |      -28.3 |     -223.1 |   1044 | gen_regfile_ff.register_file_i.rf_reg\[1023\]$_DFFE_PN0P_/D
    2158+ |       5 |     283 |       85 |      5 |    94 |    +0.9% |   -0.639 |      -28.3 |     -223.1 |   1044 | gen_regfile_ff.register_file_i.rf_reg\[1023\]$_DFFE_PN0P_/D
    2159+ |       5 |     283 |       85 |      5 |    94 |    +0.9% |   -0.639 |      -28.3 |     -223.1 |   1044 | gen_regfile_ff.register_file_i.rf_reg\[1023\]$_DFFE_PN0P_/D
    2160+ |       5 |     283 |       85 |      5 |    94 |    +0.9% |   -0.639 |      -28.3 |     -223.1 |   1044 | gen_regfile_ff.register_file_i.rf_reg\[1023\]$_DFFE_PN0P_/D
    2160+ |       5 |     283 |       85 |      5 |    94 |    +0.9% |   -0.639 |      -28.3 |     -223.1 |   1044 | gen_regfile_ff.register_file_i.rf_reg\[1023\]$_DFFE_PN0P_/D
    2161+ |       5 |     283 |       85 |      5 |    94 |    +0.9% |   -0.639 |      -28.3 |     -223.1 |   1044 | gen_regfile_ff.register_file_i.rf_reg\[1023\]$_DFFE_PN0P_/D
    2162+ |       5 |     283 |       85 |      5 |    94 |    +0.9% |   -0.639 |      -28.3 |     -223.1 |   1044 | gen_regfile_ff.register_file_i.rf_reg\[1023\]$_DFFE_PN0P_/D
    2163+ |       5 |     283 |       85 |      5 |    94 |    +0.9% |   -0.639 |      -28.3 |     -223.1 |   1044 | gen_regfile_ff.register_file_i.rf_reg\[1023\]$_DFFE_PN0P_/D
    2164+ |       5 |     283 |       85 |      5 |    94 |    +0.9% |   -0.639 |      -28.3 |     -223.1 |   1044 | gen_regfile_ff.register_file_i.rf_reg\[1023\]$_DFFE_PN0P_/D
    2165+ |       5 |     283 |       85 |      5 |    94 |    +0.9% |   -0.639 |      -28.3 |     -223.1 |   1044 | gen_regfile_ff.register_file_i.rf_reg\[1023\]$_DFFE_PN0P_/D
    2166+ |       5 |     283 |       85 |      5 |    94 |    +0.9% |   -0.639 |      -28.3 |     -223.1 |   1044 | gen_regfile_ff.register_file_i.rf_reg\[1023\]$_DFFE_PN0P_/D
    2167+ |       5 |     283 |       85 |      5 |    94 |    +0.9% |   -0.639 |      -28.3 |     -223.1 |   1044 | gen_regfile_ff.register_file_i.rf_reg\[1023\]$_DFFE_PN0P_/D
    2168+ |       5 |     283 |       85 |      5 |    94 |    +0.9% |   -0.639 |      -28.3 |     -223.1 |   1044 | gen_regfile_ff.register_file_i.rf_reg\[1023\]$_DFFE_PN0P_/D
    2169+ |       5 |     283 |       85 |      5 |    94 |    +0.9% |   -0.639 |      -28.3 |     -223.1 |   1044 | gen_regfile_ff.register_file_i.rf_reg\[1023\]$_DFFE_PN0P_/D
    2170+ |       5 |     283 |       85 |      5 |    94 |    +0.9% |   -0.639 |      -28.3 |     -223.1 |   1044 | gen_regfile_ff.register_file_i.rf_reg\[1023\]$_DFFE_PN0P_/D
    2170+ |       5 |     283 |       85 |      5 |    94 |    +0.9% |   -0.639 |      -28.3 |     -223.1 |   1044 | gen_regfile_ff.register_file_i.rf_reg\[1023\]$_DFFE_PN0P_/D
    2171+ |       5 |     283 |       85 |      5 |    94 |    +0.9% |   -0.639 |      -28.3 |     -223.1 |   1044 | gen_regfile_ff.register_file_i.rf_reg\[1023\]$_DFFE_PN0P_/D
    2172+ |       5 |     283 |       85 |      5 |    94 |    +0.9% |   -0.639 |      -28.3 |     -223.1 |   1044 | gen_regfile_ff.register_file_i.rf_reg\[1023\]$_DFFE_PN0P_/D
    2173+ |       5 |     283 |       85 |      5 |    94 |    +0.9% |   -0.639 |      -28.3 |     -223.1 |   1044 | gen_regfile_ff.register_file_i.rf_reg\[1023\]$_DFFE_PN0P_/D
    2174+ |       5 |     283 |       85 |      5 |    94 |    +0.9% |   -0.639 |      -28.3 |     -223.1 |   1044 | gen_regfile_ff.register_file_i.rf_reg\[1023\]$_DFFE_PN0P_/D
    2175+ |       5 |     283 |       85 |      5 |    94 |    +0.9% |   -0.639 |      -28.3 |     -223.1 |   1044 | gen_regfile_ff.register_file_i.rf_reg\[1023\]$_DFFE_PN0P_/D
    2176+ |       5 |     283 |       85 |      5 |    94 |    +0.9% |   -0.639 |      -28.3 |     -223.1 |   1044 | gen_regfile_ff.register_file_i.rf_reg\[1023\]$_DFFE_PN0P_/D
    2177+ |       5 |     283 |       85 |      5 |    94 |    +0.9% |   -0.639 |      -28.3 |     -223.1 |   1044 | gen_regfile_ff.register_file_i.rf_reg\[1023\]$_DFFE_PN0P_/D
    2178+ |       5 |     283 |       85 |      5 |    94 |    +0.9% |   -0.639 |      -28.3 |     -223.1 |   1044 | gen_regfile_ff.register_file_i.rf_reg\[1023\]$_DFFE_PN0P_/D
    2179+ |       5 |     283 |       85 |      5 |    94 |    +0.9% |   -0.639 |      -28.3 |     -223.1 |   1044 | gen_regfile_ff.register_file_i.rf_reg\[1023\]$_DFFE_PN0P_/D
    2180+ |       5 |     283 |       85 |      5 |    94 |    +0.9% |   -0.639 |      -28.3 |     -223.1 |   1044 | gen_regfile_ff.register_file_i.rf_reg\[1023\]$_DFFE_PN0P_/D
    2180+ |       5 |     283 |       85 |      5 |    94 |    +0.9% |   -0.639 |      -28.3 |     -223.1 |   1044 | gen_regfile_ff.register_file_i.rf_reg\[1023\]$_DFFE_PN0P_/D
    2181+ |       5 |     283 |       85 |      5 |    94 |    +0.9% |   -0.639 |      -28.3 |     -223.1 |   1044 | gen_regfile_ff.register_file_i.rf_reg\[1023\]$_DFFE_PN0P_/D
    2182+ |       5 |     283 |       85 |      5 |    94 |    +0.9% |   -0.639 |      -28.3 |     -223.1 |   1044 | gen_regfile_ff.register_file_i.rf_reg\[1023\]$_DFFE_PN0P_/D
    2183+ |       5 |     283 |       85 |      5 |    94 |    +0.9% |   -0.639 |      -28.3 |     -223.1 |   1044 | gen_regfile_ff.register_file_i.rf_reg\[1023\]$_DFFE_PN0P_/D
    2184+ |       5 |     283 |       85 |      5 |    94 |    +0.9% |   -0.639 |      -28.3 |     -223.1 |   1044 | gen_regfile_ff.register_file_i.rf_reg\[1023\]$_DFFE_PN0P_/D
    2185+ |       5 |     283 |       85 |      5 |    94 |    +0.9% |   -0.639 |      -28.3 |     -223.1 |   1044 | gen_regfile_ff.register_file_i.rf_reg\[1023\]$_DFFE_PN0P_/D
    2186+ |       5 |     283 |       85 |      5 |    94 |    +0.9% |   -0.639 |      -28.3 |     -223.1 |   1044 | gen_regfile_ff.register_file_i.rf_reg\[1023\]$_DFFE_PN0P_/D
    2187+ |       5 |     283 |       85 |      5 |    94 |    +0.9% |   -0.639 |      -28.3 |     -223.1 |   1044 | gen_regfile_ff.register_file_i.rf_reg\[1023\]$_DFFE_PN0P_/D
    2188+ |       5 |     283 |       85 |      5 |    94 |    +0.9% |   -0.639 |      -28.3 |     -223.1 |   1044 | gen_regfile_ff.register_file_i.rf_reg\[1023\]$_DFFE_PN0P_/D
    2189+ |       5 |     283 |       85 |      5 |    94 |    +0.9% |   -0.639 |      -28.3 |     -223.1 |   1044 | gen_regfile_ff.register_file_i.rf_reg\[1023\]$_DFFE_PN0P_/D
    2190+ |       5 |     283 |       85 |      5 |    94 |    +0.9% |   -0.639 |      -28.3 |     -223.1 |   1044 | gen_regfile_ff.register_file_i.rf_reg\[1023\]$_DFFE_PN0P_/D
    2190+ |       5 |     283 |       85 |      5 |    94 |    +0.9% |   -0.639 |      -28.3 |     -223.1 |   1044 | gen_regfile_ff.register_file_i.rf_reg\[1023\]$_DFFE_PN0P_/D
    2191+ |       5 |     283 |       85 |      5 |    94 |    +0.9% |   -0.639 |      -28.3 |     -223.1 |   1044 | gen_regfile_ff.register_file_i.rf_reg\[1023\]$_DFFE_PN0P_/D
    2192+ |       5 |     283 |       85 |      5 |    94 |    +0.9% |   -0.639 |      -28.3 |     -223.1 |   1044 | gen_regfile_ff.register_file_i.rf_reg\[1023\]$_DFFE_PN0P_/D
    2193+ |       5 |     283 |       85 |      5 |    94 |    +0.9% |   -0.639 |      -28.3 |     -223.1 |   1044 | gen_regfile_ff.register_file_i.rf_reg\[1023\]$_DFFE_PN0P_/D
    2194+ |       5 |     283 |       85 |      5 |    94 |    +0.9% |   -0.639 |      -28.3 |     -223.1 |   1044 | gen_regfile_ff.register_file_i.rf_reg\[1023\]$_DFFE_PN0P_/D
    2195+ |       5 |     283 |       85 |      5 |    94 |    +0.9% |   -0.639 |      -28.3 |     -223.1 |   1044 | gen_regfile_ff.register_file_i.rf_reg\[1023\]$_DFFE_PN0P_/D
    2196+ |       5 |     283 |       85 |      5 |    94 |    +0.9% |   -0.639 |      -28.3 |     -223.1 |   1044 | gen_regfile_ff.register_file_i.rf_reg\[1023\]$_DFFE_PN0P_/D
    2197+ |       5 |     283 |       85 |      5 |    94 |    +0.9% |   -0.639 |      -28.3 |     -223.1 |   1044 | gen_regfile_ff.register_file_i.rf_reg\[1023\]$_DFFE_PN0P_/D
    2198+ |       5 |     283 |       85 |      5 |    94 |    +0.9% |   -0.639 |      -28.3 |     -223.1 |   1044 | gen_regfile_ff.register_file_i.rf_reg\[1023\]$_DFFE_PN0P_/D
    2199+ |       5 |     283 |       85 |      5 |    94 |    +0.9% |   -0.639 |      -28.3 |     -223.1 |   1044 | gen_regfile_ff.register_file_i.rf_reg\[1023\]$_DFFE_PN0P_/D
    2200+ |       5 |     283 |       85 |      5 |    94 |    +0.9% |   -0.639 |      -28.3 |     -223.1 |   1044 | gen_regfile_ff.register_file_i.rf_reg\[1023\]$_DFFE_PN0P_/D
    final |       5 |     283 |       85 |      5 |    94 |    +0.9% |   -0.639 |      -28.3 |     -223.1 |   1043 | gen_regfile_ff.register_file_i.rf_reg\[1023\]$_DFFE_PN0P_/D
------------------------------------------------------------------------------------------------------------------------------
[INFO RSZ-0059] Removed 5 buffers.
[INFO RSZ-0045] Inserted 85 buffers, 1 to split loads.
[INFO RSZ-0051] Resized 283 instances: 283 up, 0 up match, 0 down, 0 VT
[INFO RSZ-0043] Swapped pins on 94 instances.
[INFO RSZ-0049] Cloned 5 instances.
[WARNING RSZ-0062] Unable to repair all setup violations.
[INFO RSZ-0505] Runtime: 264.46s
[INFO RSZ-0033] No hold violations found.
[INFO RSZ-0506] Runtime: 0.09s
Took 265 seconds: repair_timing -setup_margin 0 -hold_margin 0 -repair_tns 100 -verbose
global_route -start_incremental
detailed_placement
[INFO DPL-0006] Core area: 410008.78 um^2
[INFO DPL-0007] Movable instances area: 212190.80 um^2
[INFO DPL-0008] Fixed instances area within core: 7132.06 um^2
[INFO DPL-0009] Utilization: 53.5%
[INFO DPL-0005] Diamond search max displacement: +/- 500 sites horizontally, +/- 100 rows vertically.
[INFO DPL-1102] Legalizing using negotiation legalizer.
[INFO DPL-1103] Negotiation base search window: +/-20 sites horizontally, +/-5 rows vertically 
	Automatic search window extension enabled.
	Search window extendable up to the max displacement cap of +/-500 sites, +/-100 rows near walls.
[INFO DPL-1104] NegotiationLegalizer DRC penalty: 5.
[INFO DPL-0392] Negotiation cell height distribution (1 unique row-count(s)):
[INFO DPL-0393]   height 1 row(s): 18396 cells
          |      Total |  Illegal |  Illegal
Iteration | Violations |    Cells |    Sites
---------------------------------------------
        0 |        169 |        33 |       136
        1 |         16 |         4 |        12
        2 |          0 |         0 |         0
Negotiation phase 1 converged at iteration 2.
[INFO DPL-0500] Runtime: 0.13s
Placement Analysis
---------------------------------
total displacement       1058.9 u
average displacement        0.1 u
max displacement           20.9 u
original HPWL          594628.8 u
legalized HPWL         595642.5 u
delta HPWL                    0 %

check_placement -verbose
global_route -end_incremental -congestion_report_file /tmp/workspace/scripts-Private_test-fr_cugr_cmp-2-/reports/sky130hs/ibex/base/congestion_post_repair_timing.rpt
estimate_parasitics -global_routing
global_route -start_incremental
global_route -end_incremental -congestion_report_file /tmp/workspace/scripts-Private_test-fr_cugr_cmp-2-/reports/sky130hs/ibex/base/congestion_post_recover_power.rpt
Repair antennas...
[INFO GRT-0012] Found 66 antenna violations.
[INFO GRT-0302] Inserted 69 jumpers for 57 nets.
[INFO GRT-0012] Found 15 antenna violations.
[WARNING GRT-0243] Unable to repair antennas on net with diodes.
[INFO DPL-0006] Core area: 410008.78 um^2
[INFO DPL-0007] Movable instances area: 211898.29 um^2
[INFO DPL-0008] Fixed instances area within core: 7514.08 um^2
[INFO DPL-0009] Utilization: 53.5%
[INFO DPL-0005] Diamond search max displacement: +/- 500 sites horizontally, +/- 100 rows vertically.
[INFO DPL-1102] Legalizing using negotiation legalizer.
[INFO DPL-1103] Negotiation base search window: +/-20 sites horizontally, +/-5 rows vertically 
	Automatic search window extension enabled.
	Search window extendable up to the max displacement cap of +/-500 sites, +/-100 rows near walls.
[INFO DPL-1104] NegotiationLegalizer DRC penalty: 5.
[INFO DPL-0392] Negotiation cell height distribution (1 unique row-count(s)):
[INFO DPL-0393]   height 1 row(s): 18424 cells
          |      Total |  Illegal |  Illegal
Iteration | Violations |    Cells |    Sites
---------------------------------------------
        0 |          0 |         0 |         0
Negotiation phase 1 converged at iteration 0.
[INFO DPL-0500] Runtime: 0.09s
[INFO GRT-0015] Inserted 28 diodes.
[INFO GRT-0012] Found 4 antenna violations.
[INFO GRT-0302] Inserted 5 jumpers for 4 nets.
[INFO GRT-0012] Found 1 antenna violations.
[INFO DPL-0006] Core area: 410008.78 um^2
[INFO DPL-0007] Movable instances area: 212273.91 um^2
[INFO DPL-0008] Fixed instances area within core: 7141.65 um^2
[INFO DPL-0009] Utilization: 53.5%
[INFO DPL-0005] Diamond search max displacement: +/- 500 sites horizontally, +/- 100 rows vertically.
[INFO DPL-1102] Legalizing using negotiation legalizer.
[INFO DPL-1103] Negotiation base search window: +/-20 sites horizontally, +/-5 rows vertically 
	Automatic search window extension enabled.
	Search window extendable up to the max displacement cap of +/-500 sites, +/-100 rows near walls.
[INFO DPL-1104] NegotiationLegalizer DRC penalty: 5.
[INFO DPL-0392] Negotiation cell height distribution (1 unique row-count(s)):
[INFO DPL-0393]   height 1 row(s): 18425 cells
          |      Total |  Illegal |  Illegal
Iteration | Violations |    Cells |    Sites
---------------------------------------------
        0 |          0 |         0 |         0
Negotiation phase 1 converged at iteration 0.
[INFO DPL-0500] Runtime: 0.09s
[INFO GRT-0015] Inserted 1 diodes.
[INFO GRT-0012] Found 0 antenna violations.
[INFO ANT-0002] Found 0 net violations.
[INFO ANT-0001] Found 0 pin violations.
Estimate parasitics...
estimate_parasitics -global_routing
Report metrics stage 5, global route...

==========================================================================
global route report_design_area
--------------------------------------------------------------------------
Design area 219416 um^2 54% utilization.
[INFO FLW-0007] clock core_clock period 7.000000
[WARNING FLW-0010] more than one clock found. Skipping sdc update.
[INFO FLW-0011] Path endpoint path count 4223
write_db /tmp/workspace/scripts-Private_test-fr_cugr_cmp-2-/results/sky130hs/ibex/base/5_1_grt.odb
write_sdc -no_timestamp /tmp/workspace/scripts-Private_test-fr_cugr_cmp-2-/results/sky130hs/ibex/base/5_1_grt.sdc
Elapsed time: 5:07.75[h:]min:sec. CPU time: user 2007.46 sys 413.11 (786%). Peak memory: 587852KB.
Log                       Ext     Elapsed/s Peak Memory/MB sha1sum result [0:20)
5_1_grt                   .odb          307            574 24dc1b6bf303b5bd133b
5_1_grt                   .sdc                             693a2dd8dc0dfc902d67
