OpenROAD 26Q3-1464-gb22abfea20 
Features included (+) or not (-): +GPU +GUI +Python
This program is licensed under the BSD-3 license. See the LICENSE file for details.
Components of this program may be licensed under more restrictive licenses which must be honored.
[INFO ORD-0030] Using 30 thread(s).
source ./platforms/asap7/liberty_suppressions.tcl
read_liberty ./platforms/asap7/lib/NLDM/asap7sc7p5t_AO_RVT_FF_nldm_211120.lib.gz
read_liberty ./platforms/asap7/lib/NLDM/asap7sc7p5t_INVBUF_RVT_FF_nldm_220122.lib.gz
read_liberty ./platforms/asap7/lib/NLDM/asap7sc7p5t_OA_RVT_FF_nldm_211120.lib.gz
read_liberty ./platforms/asap7/lib/NLDM/asap7sc7p5t_SIMPLE_RVT_FF_nldm_211120.lib.gz
read_liberty ./platforms/asap7/lib/NLDM/asap7sc7p5t_SEQ_RVT_FF_nldm_220123.lib
read_liberty /tmp/workspace/scripts-Private_test-fr_cugr_cmp-2-/results/asap7/riscv32i-mock-sram_fakeram7_256x32/base/fakeram7_256x32_typ.lib
read_db -hier /tmp/workspace/scripts-Private_test-fr_cugr_cmp-2-/results/asap7/riscv32i-mock-sram/base/3_4_place_resized.odb
[WARNING ORD-0012] Hierarchical flow (-hier) is currently in development and may cause multiple issues. Do not use in production environments.
read_sdc /tmp/workspace/scripts-Private_test-fr_cugr_cmp-2-/results/asap7/riscv32i-mock-sram/base/2_floorplan.sdc
source ./platforms/asap7/setRC.tcl
detailed_placement
[INFO DPL-0006] Core area: 3045.70 um^2
[INFO DPL-0007] Movable instances area: 1223.42 um^2
[INFO DPL-0008] Fixed instances area within core: 766.34 um^2
[INFO DPL-0009] Utilization: 65.3%
[INFO DPL-0005] Diamond search max displacement: +/- 500 sites horizontally, +/- 100 rows vertically.
[INFO DPL-1102] Legalizing using negotiation legalizer.
[INFO DPL-1103] Negotiation base search window: +/-20 sites horizontally, +/-5 rows vertically 
	Automatic search window extension enabled.
	Search window extendable up to the max displacement cap of +/-500 sites, +/-100 rows near walls.
[INFO DPL-1104] NegotiationLegalizer DRC penalty: 5.
[INFO DPL-0392] Negotiation cell height distribution (2 unique row-count(s)):
[INFO DPL-0393]   height 1 row(s): 10134 cells
[INFO DPL-0393]   height 121 row(s): 4 cells
          |      Total |  Illegal |  Illegal
Iteration | Violations |    Cells |    Sites
---------------------------------------------
        0 |        630 |       174 |       456
        1 |        129 |        27 |       102
        2 |        108 |        12 |        96
        3 |         38 |         4 |        34
        4 |         48 |         4 |        44
        5 |         20 |         2 |        18
        6 |         26 |         2 |        24
        7 |         24 |         2 |        22
        8 |         10 |         2 |         8
        9 |         14 |         2 |        12
       10 |         24 |         2 |        22
       11 |          0 |         0 |         0
Negotiation phase 1 converged at iteration 11.
[INFO DPL-0500] Runtime: 0.23s
Placement Analysis
---------------------------------
total displacement       3454.9 u
average displacement        0.3 u
max displacement           19.9 u
original HPWL           40282.2 u
legalized HPWL          43454.4 u
delta HPWL                    8 %

improve_placement -max_displacement "5 1"
Detailed placement improvement.
[INFO DPL-0401] Setting random seed to 1.
[INFO DPL-0402] Setting maximum displacement 5 1 to 1350 270 units.
[INFO DPL-0320] Collected 749 fixed cells.
[INFO DPL-0318] Collected 9648 single height cells.
[INFO DPL-0321] Collected 0 wide cells.
[INFO DPL-0322] Image (5022, 5130) - (60318, 60210)
[INFO DPL-0310] Assigned 9648 cells into segments.  Movement in X-direction is 0.000000, movement in Y-direction is 0.000000.
[INFO DPL-0313] Found 0 cells in wrong regions.
[INFO DPL-0315] Found 0 row alignment problems.
[INFO DPL-0314] Found 0 site alignment problems.
[INFO DPL-0311] Found 0 overlaps between adjacent cells.
[INFO DPL-0312] Found 0 edge spacing violations and 0 padding violations.
[INFO DPL-0303] Running algorithm for independent set matching.
[INFO DPL-0300] Set matching objective is wirelength.
[INFO DPL-0301] Pass   1 of matching; objective is 3.965235e+07.
[INFO DPL-0302] End of matching; objective is 3.963319e+07, improvement is 0.05 percent.
[INFO DPL-0303] Running algorithm for global swaps.
[INFO DPL-0306] Pass   1 of global swaps; hpwl is 3.933032e+07.
[INFO DPL-0307] End of global swaps; objective is 3.933032e+07, improvement is 0.76 percent.
[INFO DPL-0303] Running algorithm for vertical swaps.
[INFO DPL-0308] Pass   1 of vertical swaps; hpwl is 3.922074e+07.
[INFO DPL-0309] End of vertical swaps; objective is 3.922074e+07, improvement is 0.28 percent.
[INFO DPL-0303] Running algorithm for reordering.
[INFO DPL-0304] Pass   1 of reordering; objective is 3.913870e+07.
[INFO DPL-0305] End of reordering; objective is 3.913870e+07, improvement is 0.21 percent.
[INFO DPL-0303] Running algorithm for random improvement.
[INFO DPL-0324] Random improver is using random generator.
[INFO DPL-0325] Random improver is using hpwl objective.
[INFO DPL-0326] Random improver cost string is (a).
[INFO DPL-0332] End of pass, Generator random called 192960 times.
[INFO DPL-0335] Generator random, Cumulative attempts 192960, swaps 41928, moves 25033 since last reset.
[INFO DPL-0333] End of pass, Objective hpwl, Initial cost 3.904006e+07, Scratch cost 3.881912e+07, Incremental cost 3.881912e+07, Mismatch? N
[INFO DPL-0338] End of pass, Total cost is 3.881912e+07.
[INFO DPL-0327] Pass   1 of random improver; improvement in cost is 0.57 percent.
[INFO DPL-0328] End of random improver; improvement is 0.565911 percent.
[INFO DPL-0380] Cell flipping.
[INFO DPL-0382] Changed 0 cell orientations for row compatibility.
[INFO DPL-0383] Performed 2841 cell flips.
[INFO DPL-0384] End of flipping; objective is 3.831546e+07, improvement is 1.55 percent.
[INFO DPL-0313] Found 0 cells in wrong regions.
[INFO DPL-0315] Found 0 row alignment problems.
[INFO DPL-0314] Found 0 site alignment problems.
[INFO DPL-0311] Found 0 overlaps between adjacent cells.
[INFO DPL-0312] Found 0 edge spacing violations and 0 padding violations.
Detailed Improvement Results
------------------------------------------
Original HPWL            43454.4 u (   20884.1,    22570.4)
Final HPWL               42062.7 u (   20216.2,    21846.5)
Delta HPWL                  -3.2 % (      -3.2,       -3.2)

optimize_mirroring
[INFO DPL-0020] Mirrored 805 instances
[INFO DPL-0021] HPWL before           42062.7 u
[INFO DPL-0022] HPWL after            42032.6 u
[INFO DPL-0023] HPWL delta               -0.1 %
[INFO FLW-0012] Placement violations .
estimate_parasitics -placement
Report metrics stage 3, detailed place...

==========================================================================
detailed place report_design_area
--------------------------------------------------------------------------
Design area 1990 um^2 65% utilization.
write_db /tmp/workspace/scripts-Private_test-fr_cugr_cmp-2-/results/asap7/riscv32i-mock-sram/base/3_5_place_dp.odb
write_sdc -no_timestamp /tmp/workspace/scripts-Private_test-fr_cugr_cmp-2-/results/asap7/riscv32i-mock-sram/base/3_place.sdc
Elapsed time: 0:07.45[h:]min:sec. CPU time: user 10.41 sys 3.08 (181%). Peak memory: 283940KB.
Log                       Ext     Elapsed/s Peak Memory/MB sha1sum result [0:20)
3_5_place_dp              .odb            7            277 29593371279d54f99951
