OpenROAD 26Q3-1464-gb22abfea20 
Features included (+) or not (-): +GPU +GUI +Python
This program is licensed under the BSD-3 license. See the LICENSE file for details.
Components of this program may be licensed under more restrictive licenses which must be honored.
[INFO ORD-0030] Using 30 thread(s).
read_liberty ./platforms/sky130hs/lib/sky130_fd_sc_hs__tt_025C_1v80.lib
read_db /tmp/workspace/scripts-Private_test-fr_cugr_cmp-1-/results/sky130hs/gcd/base/5_1_grt.odb
read_sdc /tmp/workspace/scripts-Private_test-fr_cugr_cmp-1-/results/sky130hs/gcd/base/5_1_grt.sdc
source ./platforms/sky130hs/setRC.tcl
[WARNING STA-0450] virtual clock vclk_core_clock can not be propagated.
detailed_route -output_drc /tmp/workspace/scripts-Private_test-fr_cugr_cmp-1-/reports/sky130hs/gcd/base/5_route_drc.rpt -output_maze /tmp/workspace/scripts-Private_test-fr_cugr_cmp-1-/results/sky130hs/gcd/base/maze.log -droute_end_iter 64 -verbose 1 -drc_report_iter_step 5
[INFO DRT-0149] Reading tech and libs.
[WARNING DRT-0349] LEF58_ENCLOSURE with no CUTCLASS is not supported. Skipping for layer mcon
[WARNING DRT-0349] LEF58_ENCLOSURE with no CUTCLASS is not supported. Skipping for layer mcon
[WARNING DRT-0349] LEF58_ENCLOSURE with no CUTCLASS is not supported. Skipping for layer via
[WARNING DRT-0349] LEF58_ENCLOSURE with no CUTCLASS is not supported. Skipping for layer via
[WARNING DRT-0349] LEF58_ENCLOSURE with no CUTCLASS is not supported. Skipping for layer via2
[WARNING DRT-0349] LEF58_ENCLOSURE with no CUTCLASS is not supported. Skipping for layer via2
[WARNING DRT-0349] LEF58_ENCLOSURE with no CUTCLASS is not supported. Skipping for layer via3
[WARNING DRT-0349] LEF58_ENCLOSURE with no CUTCLASS is not supported. Skipping for layer via3
[WARNING DRT-0349] LEF58_ENCLOSURE with no CUTCLASS is not supported. Skipping for layer via4
[WARNING DRT-0349] LEF58_ENCLOSURE with no CUTCLASS is not supported. Skipping for layer via4

Units:                1000
Number of layers:     13
Number of macros:     390
Number of vias:       29
Number of viarulegen: 25

[INFO DRT-0150] Reading design.

Design:                   gcd
Die area:                 ( 0 0 ) ( 91235 91235 )
Number of track patterns: 12
Number of DEF vias:       0
Number of components:     678
Number of terminals:      56
Number of snets:          2
Number of nets:           627

[INFO DRT-0167] List of default vias:
  Layer via
    default via: M1M2_PR
  Layer via2
    default via: M2M3_PR
  Layer via3
    default via: M3M4_PR
  Layer via4
    default via: M4M5_PR
[INFO DRT-0162] Library cell analysis.
[INFO DRT-0163] Instance analysis.
[INFO DRT-0164] Number of unique instances = 91.
[INFO DRT-0168] Init region query.
[INFO DRT-0024]   Complete FR_MASTERSLICE.
[INFO DRT-0024]   Complete Fr_VIA.
[INFO DRT-0024]   Complete li1.
[INFO DRT-0024]   Complete mcon.
[INFO DRT-0024]   Complete met1.
[INFO DRT-0024]   Complete via.
[INFO DRT-0024]   Complete met2.
[INFO DRT-0024]   Complete via2.
[INFO DRT-0024]   Complete met3.
[INFO DRT-0024]   Complete via3.
[INFO DRT-0024]   Complete met4.
[INFO DRT-0024]   Complete via4.
[INFO DRT-0024]   Complete met5.
[INFO DRT-0033] FR_MASTERSLICE shape region query size = 0.
[INFO DRT-0033] FR_VIA shape region query size = 0.
[INFO DRT-0033] li1 shape region query size = 13926.
[INFO DRT-0033] mcon shape region query size = 8078.
[INFO DRT-0033] met1 shape region query size = 2782.
[INFO DRT-0033] via shape region query size = 405.
[INFO DRT-0033] met2 shape region query size = 271.
[INFO DRT-0033] via2 shape region query size = 324.
[INFO DRT-0033] met3 shape region query size = 269.
[INFO DRT-0033] via3 shape region query size = 324.
[INFO DRT-0033] met4 shape region query size = 105.
[INFO DRT-0033] via4 shape region query size = 18.
[INFO DRT-0033] met5 shape region query size = 30.
[INFO DRT-0165] Start pin access.
[INFO DRT-0078]   Complete 643 pins.
[INFO DRT-0081]   Complete 91 unique inst patterns.
[INFO DRT-0084]   Complete 276 groups.
#scanned instances     = 678
#unique  instances     = 91
#stdCellGenAp          = 1925
#stdCellValidPlanarAp  = 14
#stdCellValidViaAp     = 1535
#stdCellPinNoAp        = 0
#stdCellPinCnt         = 1698
#instTermValidViaApCnt = 0
#macroGenAp            = 0
#macroValidPlanarAp    = 0
#macroValidViaAp       = 0
#macroNoAp             = 0
[INFO DRT-0166] Complete pin access.
[INFO DRT-0267] cpu time = 00:00:21, elapsed time = 00:00:02, memory = 255.83 (MB), peak = 253.04 (MB)

[INFO DRT-0157] Number of guides:     4088

[INFO DRT-0169] Post process guides.
[INFO DRT-0176] GCELLGRID X 0 DO 12 STEP 7200 ;
[INFO DRT-0177] GCELLGRID Y 0 DO 12 STEP 7200 ;
[INFO DRT-0028]   Complete FR_MASTERSLICE.
[INFO DRT-0028]   Complete Fr_VIA.
[INFO DRT-0028]   Complete li1.
[INFO DRT-0028]   Complete mcon.
[INFO DRT-0028]   Complete met1.
[INFO DRT-0028]   Complete via.
[INFO DRT-0028]   Complete met2.
[INFO DRT-0028]   Complete via2.
[INFO DRT-0028]   Complete met3.
[INFO DRT-0028]   Complete via3.
[INFO DRT-0028]   Complete met4.
[INFO DRT-0028]   Complete via4.
[INFO DRT-0028]   Complete met5.
[INFO DRT-0178] Init guide query.
[INFO DRT-0035]   Complete FR_MASTERSLICE (guide).
[INFO DRT-0035]   Complete Fr_VIA (guide).
[INFO DRT-0035]   Complete li1 (guide).
[INFO DRT-0035]   Complete mcon (guide).
[INFO DRT-0035]   Complete met1 (guide).
[INFO DRT-0035]   Complete via (guide).
[INFO DRT-0035]   Complete met2 (guide).
[INFO DRT-0035]   Complete via2 (guide).
[INFO DRT-0035]   Complete met3 (guide).
[INFO DRT-0035]   Complete via3 (guide).
[INFO DRT-0035]   Complete met4 (guide).
[INFO DRT-0035]   Complete via4 (guide).
[INFO DRT-0035]   Complete met5 (guide).
[INFO DRT-0036] FR_MASTERSLICE guide region query size = 0.
[INFO DRT-0036] FR_VIA guide region query size = 0.
[INFO DRT-0036] li1 guide region query size = 1432.
[INFO DRT-0036] mcon guide region query size = 0.
[INFO DRT-0036] met1 guide region query size = 1196.
[INFO DRT-0036] via guide region query size = 0.
[INFO DRT-0036] met2 guide region query size = 621.
[INFO DRT-0036] via2 guide region query size = 0.
[INFO DRT-0036] met3 guide region query size = 47.
[INFO DRT-0036] via3 guide region query size = 0.
[INFO DRT-0036] met4 guide region query size = 11.
[INFO DRT-0036] via4 guide region query size = 0.
[INFO DRT-0036] met5 guide region query size = 0.
[INFO DRT-0179] Init gr pin query.
[INFO DRT-0267] cpu time = 00:00:00, elapsed time = 00:00:00, memory = 256.46 (MB), peak = 253.51 (MB)
[INFO DRT-0245] skipped writing guide updates to database.
[INFO DRT-0181] Start track assignment.
[INFO DRT-0184] Done with 2064 vertical wires in 1 frboxes and 1243 horizontal wires in 1 frboxes.
[INFO DRT-0186] Done with 285 vertical wires in 1 frboxes and 388 horizontal wires in 1 frboxes.
[INFO DRT-0182] Complete track assignment.
[INFO DRT-0267] cpu time = 00:00:00, elapsed time = 00:00:00, memory = 265.64 (MB), peak = 263.18 (MB)
[INFO DRT-0187] Start routing data preparation.
[INFO DRT-0267] cpu time = 00:00:00, elapsed time = 00:00:00, memory = 265.73 (MB), peak = 263.18 (MB)
[INFO DRT-0194] Start detail routing.
[INFO DRT-0195] Start 0th optimization iteration.
    Completing 20% with 0 violations.
    elapsed time = 00:00:02, memory = 285.04 (MB).
    Completing 50% with 51 violations.
    elapsed time = 00:00:04, memory = 321.07 (MB).
    Completing 70% with 93 violations.
    elapsed time = 00:00:05, memory = 349.40 (MB).
    Completing 100% with 145 violations.
    elapsed time = 00:00:05, memory = 374.90 (MB).
[INFO DRT-0199]   Number of violations = 157.
Viol/Layer        met1   met2
Metal Spacing       21      1
Recheck             12      0
Short               98     25
[INFO DRT-0267] cpu time = 00:00:07, elapsed time = 00:00:06, memory = 736.98 (MB), peak = 733.41 (MB)
Total wire length = 12691 um.
Total wire length on LAYER li1 = 0 um.
Total wire length on LAYER met1 = 5805 um.
Total wire length on LAYER met2 = 6327 um.
Total wire length on LAYER met3 = 364 um.
Total wire length on LAYER met4 = 193 um.
Total wire length on LAYER met5 = 0 um.
Total number of vias = 3471.
Up-via summary (total 3471):

-----------------------
 FR_MASTERSLICE       0
            li1    1715
           met1    1679
           met2      57
           met3      20
           met4       0
-----------------------
               3471


[INFO DRT-0195] Start 1st optimization iteration.
    Completing 20% with 157 violations.
    elapsed time = 00:00:00, memory = 754.33 (MB).
    Completing 50% with 164 violations.
    elapsed time = 00:00:03, memory = 793.37 (MB).
    Completing 70% with 196 violations.
    elapsed time = 00:00:04, memory = 825.15 (MB).
    Completing 100% with 107 violations.
    elapsed time = 00:00:06, memory = 850.86 (MB).
[INFO DRT-0199]   Number of violations = 107.
Viol/Layer        met1   met2
Metal Spacing       17      0
Short               88      2
[INFO DRT-0267] cpu time = 00:00:07, elapsed time = 00:00:06, memory = 851.96 (MB), peak = 870.33 (MB)
Total wire length = 12571 um.
Total wire length on LAYER li1 = 0 um.
Total wire length on LAYER met1 = 5761 um.
Total wire length on LAYER met2 = 6285 um.
Total wire length on LAYER met3 = 341 um.
Total wire length on LAYER met4 = 182 um.
Total wire length on LAYER met5 = 0 um.
Total number of vias = 3441.
Up-via summary (total 3441):

-----------------------
 FR_MASTERSLICE       0
            li1    1715
           met1    1657
           met2      54
           met3      15
           met4       0
-----------------------
               3441


[INFO DRT-0195] Start 2nd optimization iteration.
    Completing 10% with 107 violations.
    elapsed time = 00:00:00, memory = 851.96 (MB).
    Completing 20% with 107 violations.
    elapsed time = 00:00:00, memory = 851.97 (MB).
    Completing 30% with 107 violations.
    elapsed time = 00:00:00, memory = 851.98 (MB).
    Completing 40% with 107 violations.
    elapsed time = 00:00:00, memory = 861.32 (MB).
    Completing 50% with 107 violations.
    elapsed time = 00:00:00, memory = 896.93 (MB).
    Completing 60% with 107 violations.
    elapsed time = 00:00:00, memory = 898.09 (MB).
    Completing 70% with 108 violations.
    elapsed time = 00:00:00, memory = 898.11 (MB).
    Completing 80% with 108 violations.
    elapsed time = 00:00:01, memory = 898.12 (MB).
    Completing 100% with 66 violations.
    elapsed time = 00:00:04, memory = 933.86 (MB).
[INFO DRT-0199]   Number of violations = 66.
Viol/Layer        met1   met2   met3
Metal Spacing        5      0      3
Short               56      2      0
[INFO DRT-0267] cpu time = 00:00:06, elapsed time = 00:00:04, memory = 933.86 (MB), peak = 954.98 (MB)
Total wire length = 12561 um.
Total wire length on LAYER li1 = 0 um.
Total wire length on LAYER met1 = 5789 um.
Total wire length on LAYER met2 = 6270 um.
Total wire length on LAYER met3 = 330 um.
Total wire length on LAYER met4 = 171 um.
Total wire length on LAYER met5 = 0 um.
Total number of vias = 3453.
Up-via summary (total 3453):

-----------------------
 FR_MASTERSLICE       0
            li1    1715
           met1    1665
           met2      58
           met3      15
           met4       0
-----------------------
               3453


[INFO DRT-0195] Start 3rd guides tiles iteration.
    Completing 10% with 66 violations.
    elapsed time = 00:00:00, memory = 991.14 (MB).
    Completing 30% with 66 violations.
    elapsed time = 00:00:00, memory = 993.22 (MB).
    Completing 50% with 66 violations.
    elapsed time = 00:00:00, memory = 1010.85 (MB).
    Completing 60% with 66 violations.
    elapsed time = 00:00:03, memory = 997.76 (MB).
    Completing 80% with 0 violations.
    elapsed time = 00:00:03, memory = 997.76 (MB).
    Completing 100% with 0 violations.
    elapsed time = 00:00:03, memory = 997.76 (MB).
[INFO DRT-0199]   Number of violations = 0.
[INFO DRT-0267] cpu time = 00:00:05, elapsed time = 00:00:03, memory = 997.76 (MB), peak = 1030.21 (MB)
Total wire length = 12538 um.
Total wire length on LAYER li1 = 0 um.
Total wire length on LAYER met1 = 5425 um.
Total wire length on LAYER met2 = 6248 um.
Total wire length on LAYER met3 = 662 um.
Total wire length on LAYER met4 = 202 um.
Total wire length on LAYER met5 = 0 um.
Total number of vias = 3499.
Up-via summary (total 3499):

-----------------------
 FR_MASTERSLICE       0
            li1    1715
           met1    1663
           met2     101
           met3      20
           met4       0
-----------------------
               3499


[INFO DRT-0198] Complete detail routing.
Total wire length = 12538 um.
Total wire length on LAYER li1 = 0 um.
Total wire length on LAYER met1 = 5425 um.
Total wire length on LAYER met2 = 6248 um.
Total wire length on LAYER met3 = 662 um.
Total wire length on LAYER met4 = 202 um.
Total wire length on LAYER met5 = 0 um.
Total number of vias = 3499.
Up-via summary (total 3499):

-----------------------
 FR_MASTERSLICE       0
            li1    1715
           met1    1663
           met2     101
           met3      20
           met4       0
-----------------------
               3499


[INFO DRT-0267] cpu time = 00:00:28, elapsed time = 00:00:20, memory = 997.88 (MB), peak = 1030.21 (MB)

[INFO DRT-0180] Post processing.
[INFO DRT-0501] Runtime: 23.08s
Took 23 seconds: detailed_route -output_drc /tmp/workspace/scripts-Private_test-fr_cugr_cmp-1-/reports/sky130hs/gcd/base/5_route_drc.rpt -output_maze /tmp/workspace/scripts-Private_test-fr_cugr_cmp-1-/results/sky130hs/gcd/base/maze.log -droute_end_iter 64 -verbose 1 -drc_report_iter_step 5
[INFO GRT-0012] Found 0 antenna violations.
[INFO ANT-0002] Found 0 net violations.
[INFO ANT-0001] Found 0 pin violations.
[INFO ANT-0002] Found 0 net violations.
[INFO ANT-0001] Found 0 pin violations.
Design area 6363 um^2 83% utilization.
write_db /tmp/workspace/scripts-Private_test-fr_cugr_cmp-1-/results/sky130hs/gcd/base/5_2_route.odb
Elapsed time: 0:24.54[h:]min:sec. CPU time: user 52.60 sys 0.50 (216%). Peak memory: 1054940KB.
Log                       Ext     Elapsed/s Peak Memory/MB sha1sum result [0:20)
5_2_route                 .odb           24           1030 db2274c49d829b4f2e71
