OpenROAD 26Q3-1464-gb22abfea20 
Features included (+) or not (-): +GPU +GUI +Python
This program is licensed under the BSD-3 license. See the LICENSE file for details.
Components of this program may be licensed under more restrictive licenses which must be honored.
[INFO ORD-0030] Using 32 thread(s).
source ./platforms/asap7/liberty_suppressions.tcl
read_liberty ./platforms/asap7/lib/NLDM/asap7sc7p5t_AO_RVT_FF_nldm_211120.lib.gz
read_liberty ./platforms/asap7/lib/NLDM/asap7sc7p5t_INVBUF_RVT_FF_nldm_220122.lib.gz
read_liberty ./platforms/asap7/lib/NLDM/asap7sc7p5t_OA_RVT_FF_nldm_211120.lib.gz
read_liberty ./platforms/asap7/lib/NLDM/asap7sc7p5t_SIMPLE_RVT_FF_nldm_211120.lib.gz
read_liberty ./platforms/asap7/lib/NLDM/asap7sc7p5t_SEQ_RVT_FF_nldm_220123.lib
read_db /tmp/workspace/scripts-Private_test-fr_cugr_cmp-1-/results/asap7/ethmac/base/4_cts.odb
read_sdc /tmp/workspace/scripts-Private_test-fr_cugr_cmp-1-/results/asap7/ethmac/base/4_cts.sdc
source ./platforms/asap7/setRC.tcl
pin_access
[INFO DRT-0149] Reading tech and libs.

Units:                1000
Number of layers:     21
Number of macros:     212
Number of vias:       14
Number of viarulegen: 11

[INFO DRT-0150] Reading design.

Design:                   ethmac
Die area:                 ( 0 0 ) ( 106329 106329 )
Number of track patterns: 32
Number of DEF vias:       0
Number of components:     61059
Number of terminals:      218
Number of snets:          2
Number of nets:           59794

[INFO DRT-0167] List of default vias:
  Layer V2
    default via: VIA23
  Layer V3
    default via: VIA34
  Layer V4
    default via: VIA45
  Layer V5
    default via: VIA56
  Layer V6
    default via: VIA67
  Layer V7
    default via: VIA78
  Layer V8
    default via: VIA89
  Layer V9
    default via: VIA9Pad
[INFO DRT-0162] Library cell analysis.
[INFO DRT-0163] Instance analysis.
[INFO DRT-0164] Number of unique instances = 192.
[INFO DRT-0168] Init region query.
[INFO DRT-0024]   Complete Active.
[INFO DRT-0024]   Complete V0.
[INFO DRT-0024]   Complete M1.
[INFO DRT-0024]   Complete V1.
[INFO DRT-0024]   Complete M2.
[INFO DRT-0024]   Complete V2.
[INFO DRT-0024]   Complete M3.
[INFO DRT-0024]   Complete V3.
[INFO DRT-0024]   Complete M4.
[INFO DRT-0024]   Complete V4.
[INFO DRT-0024]   Complete M5.
[INFO DRT-0024]   Complete V5.
[INFO DRT-0024]   Complete M6.
[INFO DRT-0024]   Complete V6.
[INFO DRT-0024]   Complete M7.
[INFO DRT-0024]   Complete V7.
[INFO DRT-0024]   Complete M8.
[INFO DRT-0024]   Complete V8.
[INFO DRT-0024]   Complete M9.
[INFO DRT-0024]   Complete V9.
[INFO DRT-0024]   Complete Pad.
[INFO DRT-0033] Active shape region query size = 0.
[INFO DRT-0033] V0 shape region query size = 0.
[INFO DRT-0033] M1 shape region query size = 1114847.
[INFO DRT-0033] V1 shape region query size = 1186581.
[INFO DRT-0033] M2 shape region query size = 45820.
[INFO DRT-0033] V2 shape region query size = 21603.
[INFO DRT-0033] M3 shape region query size = 21603.
[INFO DRT-0033] V3 shape region query size = 14402.
[INFO DRT-0033] M4 shape region query size = 14435.
[INFO DRT-0033] V4 shape region query size = 14402.
[INFO DRT-0033] M5 shape region query size = 8144.
[INFO DRT-0033] V5 shape region query size = 1444.
[INFO DRT-0033] M6 shape region query size = 798.
[INFO DRT-0033] V6 shape region query size = 0.
[INFO DRT-0033] M7 shape region query size = 0.
[INFO DRT-0033] V7 shape region query size = 0.
[INFO DRT-0033] M8 shape region query size = 0.
[INFO DRT-0033] V8 shape region query size = 0.
[INFO DRT-0033] M9 shape region query size = 0.
[INFO DRT-0033] V9 shape region query size = 0.
[INFO DRT-0033] Pad shape region query size = 0.
[INFO DRT-0165] Start pin access.
[INFO DRT-0076]   Complete 1000 pins.
[INFO DRT-0078]   Complete 1087 pins.
[INFO DRT-0079]   Complete 100 unique inst patterns.
[INFO DRT-0081]   Complete 192 unique inst patterns.
[INFO DRT-0082]   Complete 10000 groups.
[INFO DRT-0082]   Complete 20000 groups.
[INFO DRT-0082]   Complete 30000 groups.
[INFO DRT-0084]   Complete 34143 groups.
#scanned instances     = 61059
#unique  instances     = 192
#stdCellGenAp          = 5850
#stdCellValidPlanarAp  = 52
#stdCellValidViaAp     = 4605
#stdCellPinNoAp        = 0
#stdCellPinCnt         = 195180
#instTermValidViaApCnt = 0
#macroGenAp            = 0
#macroValidPlanarAp    = 0
#macroValidViaAp       = 0
#macroNoAp             = 0
[INFO DRT-0166] Complete pin access.
[INFO DRT-0267] cpu time = 00:17:02, elapsed time = 00:00:34, memory = 485.48 (MB), peak = 489.21 (MB)
Took 36 seconds: pin_access
global_route -congestion_report_file /tmp/workspace/scripts-Private_test-fr_cugr_cmp-1-/reports/asap7/ethmac/base/congestion.rpt -congestion_iterations 30 -congestion_report_iter_step 5 -verbose -resistance_aware
[INFO GRT-0020] Min routing layer: M2
[INFO GRT-0021] Max routing layer: M7
[INFO GRT-0022] Global adjustment: 0%
[INFO GRT-0023] Grid origin: (0, 0)
[INFO GRT-0088] Layer M1      Track-Pitch = 0.0360  line-2-Via Pitch: 0.0360
[INFO GRT-0088] Layer M2      Track-Pitch = 0.0390  line-2-Via Pitch: 0.0360
[INFO GRT-0088] Layer M3      Track-Pitch = 0.0360  line-2-Via Pitch: 0.0360
[INFO GRT-0088] Layer M4      Track-Pitch = 0.0480  line-2-Via Pitch: 0.0480
[INFO GRT-0088] Layer M5      Track-Pitch = 0.0480  line-2-Via Pitch: 0.0480
[INFO GRT-0088] Layer M6      Track-Pitch = 0.0640  line-2-Via Pitch: 0.0640
[INFO GRT-0088] Layer M7      Track-Pitch = 0.0640  line-2-Via Pitch: 0.0640
[INFO GRT-0003] Macros: 0
[INFO GRT-0004] Blockages: 35361
[INFO GRT-0019] Found 1274 clock nets.
[INFO GRT-0001] Minimum degree: 2
[INFO GRT-0002] Maximum degree: 11

[INFO GRT-0053] Routing resources analysis:
          Routing      Original      Derated      Resource
Layer     Direction    Resources     Resources    Reduction (%)
---------------------------------------------------------------
M1         Vertical            0             0          0.00%
M2         Horizontal     441594        316042          28.43%
M3         Vertical       527637        392488          25.61%
M4         Horizontal     404622        301022          25.60%
M5         Vertical       391100        290367          25.76%
M6         Horizontal     272725        184695          32.28%
M7         Vertical       307285        207015          32.63%
---------------------------------------------------------------

[INFO GRT-0197] Via related to pin nodes: 400319
[INFO GRT-0198] Via related Steiner nodes: 11429
[INFO GRT-0199] Via filling finished.
[INFO GRT-0111] Final number of vias: 523235
[INFO GRT-0112] Final usage 3D: 1930229

[INFO GRT-0096] Final congestion report:
Layer         Resource        Demand        Usage (%)    Max H / Max V / Total Congestion
---------------------------------------------------------------------------------------
M1                   0             0            0.00%             0 /  0 /  0
M2              316042        137252           43.43%             0 /  0 /  0
M3              392488        155984           39.74%             0 /  0 /  0
M4              301022         28049            9.32%             0 /  0 /  0
M5              290367         19822            6.83%             0 /  0 /  0
M6              184695         10781            5.84%             0 /  0 /  0
M7              207015          8636            4.17%             0 /  0 /  0
---------------------------------------------------------------------------------------
Total          1691629        360524           21.31%             0 /  0 /  0

[INFO GRT-0018] Total wirelength: 298818 um
[INFO GRT-0014] Routed nets: 59722
[INFO GRT-0303] Global routing runtime = 00:00:17
Took 17 seconds: global_route -congestion_report_file /tmp/workspace/scripts-Private_test-fr_cugr_cmp-1-/reports/asap7/ethmac/base/congestion.rpt -congestion_iterations 30 -congestion_report_iter_step 5 -verbose -resistance_aware
[WARNING STA-0450] virtual clock vclk_wb_clk_i can not be propagated.
[WARNING STA-0450] virtual clock vclk_mtx_clk_pad_i can not be propagated.
[WARNING STA-0450] virtual clock vclk_mrx_clk_pad_i can not be propagated.
estimate_parasitics -global_routing
Perform buffer insertion and gate resizing...
repair_design -verbose
Iteration |   Area    | Resized | Buffers | Nets repaired | Remaining
---------------------------------------------------------------------
        0 |     +0.0% |       0 |       0 |             0 |     59822
     1000 |     +0.0% |       0 |       0 |             0 |     58822
     2000 |     +0.0% |       0 |       0 |             0 |     57822
     3000 |     +0.0% |       0 |       0 |             0 |     56822
     4000 |     +0.0% |       0 |       0 |             0 |     55822
     5000 |     +0.0% |       0 |       0 |             0 |     54822
     6000 |     +0.0% |       0 |       0 |             0 |     53822
     7000 |     +0.0% |       0 |       0 |             0 |     52822
     8000 |     +0.0% |       0 |       0 |             0 |     51822
     9000 |     +0.0% |       0 |       0 |             0 |     50822
    10000 |     +0.0% |       0 |       0 |             0 |     49822
    11000 |     +0.0% |       0 |       0 |             0 |     48822
    12000 |     +0.0% |       0 |       0 |             0 |     47822
    13000 |     +0.0% |       0 |       0 |             0 |     46822
    14000 |     +0.0% |       0 |       0 |             0 |     45822
    15000 |     +0.0% |       0 |       0 |             0 |     44822
    16000 |     +0.0% |       0 |       0 |             0 |     43822
    17000 |     +0.0% |       0 |       0 |             0 |     42822
    18000 |     +0.0% |       0 |       0 |             0 |     41822
    19000 |     +0.0% |       0 |       0 |             0 |     40822
    20000 |     +0.0% |       0 |       0 |             0 |     39822
    21000 |     +0.0% |       0 |       0 |             0 |     38822
    22000 |     +0.0% |       0 |       0 |             0 |     37822
    23000 |     +0.0% |       0 |       0 |             0 |     36822
    24000 |     +0.0% |       0 |       0 |             0 |     35822
    25000 |     +0.0% |       0 |       0 |             0 |     34822
    26000 |     +0.0% |       0 |       0 |             0 |     33822
    27000 |     +0.0% |       0 |       0 |             0 |     32822
    28000 |     +0.0% |       0 |       0 |             0 |     31822
    29000 |     +0.0% |       0 |       0 |             0 |     30822
    30000 |     +0.0% |       0 |       0 |             0 |     29822
    31000 |     +0.0% |       0 |       0 |             0 |     28822
    32000 |     +0.0% |       0 |       0 |             0 |     27822
    33000 |     +0.0% |       0 |       0 |             0 |     26822
    34000 |     +0.0% |       0 |       0 |             0 |     25822
    35000 |     +0.0% |       0 |       0 |             0 |     24822
    36000 |     +0.0% |       0 |       0 |             0 |     23822
    37000 |     +0.0% |       0 |       0 |             0 |     22822
[WARNING RSZ-0104] Net _055772_ only has one pin. Check if it is intended to be dangling.
[WARNING RSZ-0104] Net _055771_ only has one pin. Check if it is intended to be dangling.
    38000 |     +0.0% |       0 |       0 |             0 |     21822
    39000 |     +0.0% |       0 |       0 |             0 |     20822
    40000 |     +0.0% |       0 |       0 |             0 |     19822
    41000 |     +0.0% |       0 |       0 |             0 |     18822
    42000 |     +0.0% |       0 |       0 |             0 |     17822
[WARNING RSZ-0104] Net _055781_ only has one pin. Check if it is intended to be dangling.
[WARNING RSZ-0104] Net _055779_ only has one pin. Check if it is intended to be dangling.
[WARNING RSZ-0104] Net _055778_ only has one pin. Check if it is intended to be dangling.
[WARNING RSZ-0104] Net _055777_ only has one pin. Check if it is intended to be dangling.
[WARNING RSZ-0104] Net _055776_ only has one pin. Check if it is intended to be dangling.
[WARNING RSZ-0104] Net _055775_ only has one pin. Check if it is intended to be dangling.
[WARNING RSZ-0104] Net _055774_ only has one pin. Check if it is intended to be dangling.
[WARNING RSZ-0104] Net _055773_ only has one pin. Check if it is intended to be dangling.
[WARNING RSZ-0104] Net _055770_ only has one pin. Check if it is intended to be dangling.
[WARNING RSZ-0104] Net _055769_ only has one pin. Check if it is intended to be dangling.
[WARNING RSZ-0104] Net _055765_ only has one pin. Check if it is intended to be dangling.
[WARNING RSZ-0104] Net _055763_ only has one pin. Check if it is intended to be dangling.
[WARNING RSZ-0104] Net _055762_ only has one pin. Check if it is intended to be dangling.
[WARNING RSZ-0104] Net _055760_ only has one pin. Check if it is intended to be dangling.
[WARNING RSZ-0104] Net _055759_ only has one pin. Check if it is intended to be dangling.
[WARNING RSZ-0104] Net _055758_ only has one pin. Check if it is intended to be dangling.
[WARNING RSZ-0104] Net _055757_ only has one pin. Check if it is intended to be dangling.
[WARNING RSZ-0104] Net _055756_ only has one pin. Check if it is intended to be dangling.
[WARNING RSZ-0104] Net _055755_ only has one pin. Check if it is intended to be dangling.
[WARNING RSZ-0104] Net _055753_ only has one pin. Check if it is intended to be dangling.
[WARNING RSZ-0104] Net _055752_ only has one pin. Check if it is intended to be dangling.
[WARNING RSZ-0104] Net _055751_ only has one pin. Check if it is intended to be dangling.
[WARNING RSZ-0104] Net _055750_ only has one pin. Check if it is intended to be dangling.
[WARNING RSZ-0104] Net _055743_ only has one pin. Check if it is intended to be dangling.
[WARNING RSZ-0104] Net _055742_ only has one pin. Check if it is intended to be dangling.
[WARNING RSZ-0104] Net _055731_ only has one pin. Check if it is intended to be dangling.
[WARNING RSZ-0104] Net _055730_ only has one pin. Check if it is intended to be dangling.
[WARNING RSZ-0104] Net _055715_ only has one pin. Check if it is intended to be dangling.
[WARNING RSZ-0104] Net _055714_ only has one pin. Check if it is intended to be dangling.
[WARNING RSZ-0104] Net _055713_ only has one pin. Check if it is intended to be dangling.
[WARNING RSZ-0104] Net _055711_ only has one pin. Check if it is intended to be dangling.
[WARNING RSZ-0104] Net _055710_ only has one pin. Check if it is intended to be dangling.
    43000 |     +0.0% |       0 |       0 |             0 |     16822
[WARNING RSZ-0104] Net _055764_ only has one pin. Check if it is intended to be dangling.
[WARNING RSZ-0104] Net _055736_ only has one pin. Check if it is intended to be dangling.
[WARNING RSZ-0104] Net _055734_ only has one pin. Check if it is intended to be dangling.
[WARNING RSZ-0104] Net _055712_ only has one pin. Check if it is intended to be dangling.
[WARNING RSZ-0104] Net _055780_ only has one pin. Check if it is intended to be dangling.
[WARNING RSZ-0104] Net _055768_ only has one pin. Check if it is intended to be dangling.
[WARNING RSZ-0104] Net _055754_ only has one pin. Check if it is intended to be dangling.
    44000 |     +0.0% |       0 |       0 |             0 |     15822
    45000 |     +0.0% |       0 |       0 |             0 |     14822
[WARNING RSZ-0104] Net _055767_ only has one pin. Check if it is intended to be dangling.
[WARNING RSZ-0104] Net _055761_ only has one pin. Check if it is intended to be dangling.
[WARNING RSZ-0104] Net _055747_ only has one pin. Check if it is intended to be dangling.
[WARNING RSZ-0104] Net _055746_ only has one pin. Check if it is intended to be dangling.
[WARNING RSZ-0104] Net _055745_ only has one pin. Check if it is intended to be dangling.
[WARNING RSZ-0104] Net _055735_ only has one pin. Check if it is intended to be dangling.
[WARNING RSZ-0104] Net _055733_ only has one pin. Check if it is intended to be dangling.
[WARNING RSZ-0104] Net _055732_ only has one pin. Check if it is intended to be dangling.
[WARNING RSZ-0104] Net _055729_ only has one pin. Check if it is intended to be dangling.
[WARNING RSZ-0104] Net _055728_ only has one pin. Check if it is intended to be dangling.
    46000 |     +0.0% |       0 |       0 |             0 |     13822
    47000 |     +0.0% |       0 |       0 |             0 |     12822
    48000 |     +0.0% |       0 |       0 |             0 |     11822
    49000 |     +0.0% |       0 |       0 |             0 |     10822
    50000 |     +0.0% |       0 |       0 |             0 |      9822
    51000 |     +0.0% |       0 |       0 |             0 |      8822
    52000 |     +0.0% |       0 |       0 |             0 |      7822
    53000 |     +0.0% |       0 |       0 |             0 |      6822
    54000 |     +0.0% |       0 |       0 |             0 |      5822
    55000 |     +0.0% |       0 |       0 |             0 |      4822
[WARNING RSZ-0104] Net _055766_ only has one pin. Check if it is intended to be dangling.
[WARNING RSZ-0104] Net _055749_ only has one pin. Check if it is intended to be dangling.
[WARNING RSZ-0104] Net _055748_ only has one pin. Check if it is intended to be dangling.
[WARNING RSZ-0104] Net _055744_ only has one pin. Check if it is intended to be dangling.
[WARNING RSZ-0104] Net _055741_ only has one pin. Check if it is intended to be dangling.
[WARNING RSZ-0104] Net _055740_ only has one pin. Check if it is intended to be dangling.
[WARNING RSZ-0104] Net _055739_ only has one pin. Check if it is intended to be dangling.
[WARNING RSZ-0104] Net _055738_ only has one pin. Check if it is intended to be dangling.
[WARNING RSZ-0104] Net _055737_ only has one pin. Check if it is intended to be dangling.
[WARNING RSZ-0104] Net _055727_ only has one pin. Check if it is intended to be dangling.
[WARNING RSZ-0104] Net _055726_ only has one pin. Check if it is intended to be dangling.
[WARNING RSZ-0104] Net _055725_ only has one pin. Check if it is intended to be dangling.
[WARNING RSZ-0104] Net _055724_ only has one pin. Check if it is intended to be dangling.
[WARNING RSZ-0104] Net _055723_ only has one pin. Check if it is intended to be dangling.
[WARNING RSZ-0104] Net _055722_ only has one pin. Check if it is intended to be dangling.
[WARNING RSZ-0104] Net _055721_ only has one pin. Check if it is intended to be dangling.
[WARNING RSZ-0104] Net _055720_ only has one pin. Check if it is intended to be dangling.
[WARNING RSZ-0104] Net _055719_ only has one pin. Check if it is intended to be dangling.
[WARNING RSZ-0104] Net _055718_ only has one pin. Check if it is intended to be dangling.
[WARNING RSZ-0104] Net _055717_ only has one pin. Check if it is intended to be dangling.
[WARNING RSZ-0104] Net _055716_ only has one pin. Check if it is intended to be dangling.
    56000 |     +0.0% |       0 |       0 |             0 |      3822
    57000 |     +0.0% |       0 |       0 |             0 |      2822
    58000 |     +0.0% |       0 |       0 |             0 |      1822
    59000 |     +0.0% |       0 |       0 |             0 |       822
    final |     +0.0% |       0 |       0 |             0 |         0
---------------------------------------------------------------------
[INFO RSZ-0504] Runtime: 3.26s
global_route -start_incremental
detailed_placement
[INFO DPL-0006] Core area: 10438.29 um^2
[INFO DPL-0007] Movable instances area: 8099.54 um^2
[INFO DPL-0008] Fixed instances area within core: 44.21 um^2
[INFO DPL-0009] Utilization: 78.0%
[INFO DPL-0005] Diamond search max displacement: +/- 500 sites horizontally, +/- 100 rows vertically.
[INFO DPL-1102] Legalizing using negotiation legalizer.
[INFO DPL-1103] Negotiation base search window: +/-20 sites horizontally, +/-5 rows vertically 
	Automatic search window extension enabled.
	Search window extendable up to the max displacement cap of +/-500 sites, +/-100 rows near walls.
[INFO DPL-1104] NegotiationLegalizer DRC penalty: 5.
[INFO DPL-0392] Negotiation cell height distribution (1 unique row-count(s)):
[INFO DPL-0393]   height 1 row(s): 61059 cells
[INFO DPL-0500] Runtime: 0.32s
Placement Analysis
---------------------------------
total displacement          0.0 u
average displacement        0.0 u
max displacement            0.0 u
original HPWL          175846.4 u
legalized HPWL         175846.4 u
delta HPWL                    0 %

global_route -end_incremental -resistance_aware -congestion_report_file /tmp/workspace/scripts-Private_test-fr_cugr_cmp-1-/reports/asap7/ethmac/base/congestion_post_repair_design.rpt
Repair setup and hold violations...
estimate_parasitics -global_routing
repair_timing -setup_margin 0 -hold_margin -10 -repair_tns 100 -verbose
[INFO RSZ-0100] Repair move sequence: UnbufferMove SizeUpMove SwapPinsMove BufferMove CloneMove SplitLoadMove 
[INFO RSZ-0094] Found 65 endpoints with setup violations.
[INFO RSZ-0099] Repairing 65 out of 65 (100.00%) violating endpoints...
   Iter   | Removed | Resized | Inserted | Cloned |  Pin  |   Area   |    WNS   |   StTNS    |   EnTNS    |  Viol  |  Worst  
          | Buffers |  Gates  | Buffers  |  Gates | Swaps |          |          |            |            | Endpts | St/EnPt 
------------------------------------------------------------------------------------------------------------------------------
       0* |       0 |       0 |        0 |      0 |     0 |    +0.0% |  -99.104 |    -1191.9 |    -1878.1 |     65 | maccontrol1.receivecontrol1.PauseTimer\[4\]$_DFFE_PP0P_/D
      10* |       0 |       0 |        2 |      0 |     7 |    +0.0% | -101.447 |    -1216.3 |    -1902.1 |     65 | maccontrol1.receivecontrol1.PauseTimer\[4\]$_DFFE_PP0P_/D
      10* |       0 |       0 |        1 |      0 |     0 |    +0.0% |  -98.542 |    -1187.4 |    -1868.0 |     65 | maccontrol1.receivecontrol1.PauseTimer\[4\]$_DFFE_PP0P_/D
      20* |       0 |       1 |        3 |      0 |     6 |    +0.0% | -102.090 |    -1232.4 |    -1913.3 |     65 | maccontrol1.receivecontrol1.PauseTimer\[4\]$_DFFE_PP0P_/D
      25* |       0 |       0 |        1 |      0 |     0 |    +0.0% |  -98.540 |    -1187.4 |    -1868.0 |     65 | maccontrol1.receivecontrol1.PauseTimer\[4\]$_DFFE_PP0P_/D
      28* |       0 |       0 |        2 |      0 |     1 |    +0.0% |  -98.335 |    -1185.5 |    -1856.6 |     65 | maccontrol1.receivecontrol1.PauseTimer\[6\]$_DFFE_PP0P_/D
      29* |       0 |       0 |        2 |      0 |     1 |    +0.0% |  -98.335 |    -1185.5 |    -1856.6 |     65 | maccontrol1.receivecontrol1.PauseTimer\[6\]$_DFFE_PP0P_/D
      30* |       0 |       0 |        2 |      0 |     1 |    +0.0% |  -98.335 |    -1185.5 |    -1856.6 |     65 | maccontrol1.receivecontrol1.PauseTimer\[6\]$_DFFE_PP0P_/D
      31* |       0 |       0 |        2 |      0 |     2 |    +0.0% |  -98.293 |    -1184.9 |    -1856.1 |     65 | maccontrol1.receivecontrol1.PauseTimer\[6\]$_DFFE_PP0P_/D
      37* |       0 |       0 |        3 |      0 |     2 |    +0.0% |  -97.767 |    -1175.8 |    -1853.8 |     65 | maccontrol1.receivecontrol1.PauseTimer\[4\]$_DFFE_PP0P_/D
      40* |       0 |       1 |        3 |      0 |     3 |    +0.0% |  -97.757 |    -1175.7 |    -1853.9 |     65 | maccontrol1.receivecontrol1.PauseTimer\[4\]$_DFFE_PP0P_/D
      40* |       0 |       1 |        3 |      0 |     3 |    +0.0% |  -97.757 |    -1175.7 |    -1853.9 |     65 | maccontrol1.receivecontrol1.PauseTimer\[4\]$_DFFE_PP0P_/D
      42* |       0 |       1 |        3 |      0 |     4 |    +0.0% |  -97.664 |    -1174.8 |    -1853.5 |     65 | maccontrol1.receivecontrol1.PauseTimer\[4\]$_DFFE_PP0P_/D
      43* |       0 |       1 |        3 |      0 |     4 |    +0.0% |  -97.664 |    -1174.8 |    -1853.5 |     65 | maccontrol1.receivecontrol1.PauseTimer\[4\]$_DFFE_PP0P_/D
      44* |       0 |       1 |        3 |      0 |     4 |    +0.0% |  -97.664 |    -1174.8 |    -1853.5 |     65 | maccontrol1.receivecontrol1.PauseTimer\[4\]$_DFFE_PP0P_/D
      46* |       0 |       1 |        3 |      0 |     4 |    +0.0% |  -97.664 |    -1174.8 |    -1853.5 |     65 | maccontrol1.receivecontrol1.PauseTimer\[4\]$_DFFE_PP0P_/D
      48* |       0 |       1 |        3 |      0 |     4 |    +0.0% |  -97.664 |    -1174.8 |    -1853.5 |     65 | maccontrol1.receivecontrol1.PauseTimer\[4\]$_DFFE_PP0P_/D
      50* |       0 |       1 |        3 |      0 |     5 |    +0.0% |  -97.664 |    -1174.8 |    -1853.7 |     65 | maccontrol1.receivecontrol1.PauseTimer\[4\]$_DFFE_PP0P_/D
      50* |       0 |       1 |        3 |      0 |     4 |    +0.0% |  -97.664 |    -1174.8 |    -1853.5 |     65 | maccontrol1.receivecontrol1.PauseTimer\[4\]$_DFFE_PP0P_/D
      55* |       0 |       1 |        3 |      0 |     4 |    +0.0% |  -97.664 |    -1174.8 |    -1853.5 |     65 | maccontrol1.receivecontrol1.PauseTimer\[4\]$_DFFE_PP0P_/D
      57* |       0 |       1 |        3 |      0 |     4 |    +0.0% |  -97.664 |    -1174.8 |    -1853.5 |     65 | maccontrol1.receivecontrol1.PauseTimer\[4\]$_DFFE_PP0P_/D
      59* |       0 |       1 |        3 |      0 |     4 |    +0.0% |  -97.664 |    -1174.8 |    -1853.5 |     65 | maccontrol1.receivecontrol1.PauseTimer\[4\]$_DFFE_PP0P_/D
      60* |       0 |       1 |        3 |      0 |     4 |    +0.0% |  -97.664 |    -1174.8 |    -1853.5 |     65 | maccontrol1.receivecontrol1.PauseTimer\[4\]$_DFFE_PP0P_/D
      61* |       0 |       1 |        3 |      0 |     4 |    +0.0% |  -97.664 |    -1174.8 |    -1853.5 |     65 | maccontrol1.receivecontrol1.PauseTimer\[4\]$_DFFE_PP0P_/D
      65* |       0 |       1 |        3 |      0 |     4 |    +0.0% |  -97.664 |    -1174.8 |    -1853.5 |     65 | maccontrol1.receivecontrol1.PauseTimer\[4\]$_DFFE_PP0P_/D
      68* |       0 |       1 |        3 |      0 |     5 |    +0.0% |  -97.664 |    -1174.8 |    -1851.8 |     65 | maccontrol1.receivecontrol1.PauseTimer\[4\]$_DFFE_PP0P_/D
      70* |       0 |       1 |        4 |      0 |     5 |    +0.0% |  -97.664 |    -1173.4 |    -1837.7 |     65 | maccontrol1.receivecontrol1.PauseTimer\[4\]$_DFFE_PP0P_/D
      79* |       0 |       1 |        4 |      0 |     5 |    +0.0% |  -97.664 |    -1173.4 |    -1837.7 |     65 | maccontrol1.receivecontrol1.PauseTimer\[4\]$_DFFE_PP0P_/D
      80* |       0 |       1 |        4 |      0 |     5 |    +0.0% |  -97.664 |    -1173.4 |    -1837.7 |     65 | maccontrol1.receivecontrol1.PauseTimer\[4\]$_DFFE_PP0P_/D
      90* |       0 |       2 |        7 |      0 |    11 |    +0.0% |  -97.664 |    -1169.6 |    -1812.6 |     65 | maccontrol1.receivecontrol1.PauseTimer\[4\]$_DFFE_PP0P_/D
      92* |       0 |       2 |        7 |      0 |    12 |    +0.0% |  -97.664 |    -1164.1 |    -1790.4 |     65 | maccontrol1.receivecontrol1.PauseTimer\[4\]$_DFFE_PP0P_/D
      94* |       0 |       3 |        7 |      0 |    12 |    +0.0% |  -97.664 |    -1158.6 |    -1773.7 |     65 | maccontrol1.receivecontrol1.PauseTimer\[4\]$_DFFE_PP0P_/D
      97* |       0 |       3 |        9 |      0 |    13 |    +0.0% |  -97.664 |    -1158.6 |    -1753.1 |     65 | maccontrol1.receivecontrol1.PauseTimer\[4\]$_DFFE_PP0P_/D
      98* |       0 |       3 |        9 |      0 |    13 |    +0.0% |  -97.664 |    -1158.6 |    -1753.1 |     65 | maccontrol1.receivecontrol1.PauseTimer\[4\]$_DFFE_PP0P_/D
     100* |       0 |       4 |        9 |      0 |    13 |    +0.0% |  -97.664 |    -1164.6 |    -1759.1 |     65 | maccontrol1.receivecontrol1.PauseTimer\[4\]$_DFFE_PP0P_/D
     100* |       0 |       4 |        9 |      0 |    13 |    +0.0% |  -97.664 |    -1164.6 |    -1759.1 |     65 | maccontrol1.receivecontrol1.PauseTimer\[4\]$_DFFE_PP0P_/D
     101* |       0 |       4 |        9 |      0 |    13 |    +0.0% |  -97.664 |    -1164.6 |    -1759.1 |     65 | maccontrol1.receivecontrol1.PauseTimer\[4\]$_DFFE_PP0P_/D
     109* |       0 |       6 |       11 |      0 |    16 |    +0.0% |  -97.664 |    -1164.6 |    -1746.9 |     65 | maccontrol1.receivecontrol1.PauseTimer\[4\]$_DFFE_PP0P_/D
     110* |       0 |       6 |       11 |      0 |    16 |    +0.0% |  -97.664 |    -1164.6 |    -1746.9 |     65 | maccontrol1.receivecontrol1.PauseTimer\[4\]$_DFFE_PP0P_/D
     116* |       0 |       7 |       11 |      0 |    19 |    +0.0% |  -97.664 |    -1153.8 |    -1738.7 |     65 | maccontrol1.receivecontrol1.PauseTimer\[4\]$_DFFE_PP0P_/D
     120* |       0 |       8 |       12 |      0 |    20 |    +0.0% |  -97.664 |    -1146.8 |    -1723.5 |     65 | maccontrol1.receivecontrol1.PauseTimer\[4\]$_DFFE_PP0P_/D
     121* |       0 |       8 |       13 |      0 |    20 |    +0.0% |  -97.664 |    -1145.5 |    -1717.0 |     65 | maccontrol1.receivecontrol1.PauseTimer\[4\]$_DFFE_PP0P_/D
     130* |       0 |      12 |       15 |      0 |    22 |    +0.0% |  -97.664 |    -1138.5 |    -1711.6 |     65 | maccontrol1.receivecontrol1.PauseTimer\[4\]$_DFFE_PP0P_/D
     133* |       0 |      12 |       16 |      0 |    22 |    +0.0% |  -97.664 |    -1137.7 |    -1711.1 |     65 | maccontrol1.receivecontrol1.PauseTimer\[4\]$_DFFE_PP0P_/D
     139* |       0 |      14 |       17 |      0 |    22 |    +0.0% |  -97.664 |    -1133.2 |    -1696.1 |     65 | maccontrol1.receivecontrol1.PauseTimer\[4\]$_DFFE_PP0P_/D
     140* |       0 |      14 |       17 |      0 |    22 |    +0.0% |  -97.664 |    -1133.2 |    -1696.1 |     65 | maccontrol1.receivecontrol1.PauseTimer\[4\]$_DFFE_PP0P_/D
     141* |       0 |      14 |       17 |      0 |    23 |    +0.0% |  -97.664 |    -1133.2 |    -1693.4 |     65 | maccontrol1.receivecontrol1.PauseTimer\[4\]$_DFFE_PP0P_/D
     142* |       0 |      14 |       17 |      0 |    23 |    +0.0% |  -97.664 |    -1133.2 |    -1693.4 |     65 | maccontrol1.receivecontrol1.PauseTimer\[4\]$_DFFE_PP0P_/D
     144* |       0 |      14 |       17 |      0 |    24 |    +0.0% |  -97.664 |    -1133.2 |    -1691.4 |     65 | maccontrol1.receivecontrol1.PauseTimer\[4\]$_DFFE_PP0P_/D
     146* |       0 |      14 |       17 |      0 |    25 |    +0.0% |  -97.664 |    -1133.2 |    -1691.1 |     65 | maccontrol1.receivecontrol1.PauseTimer\[4\]$_DFFE_PP0P_/D
     148* |       0 |      14 |       17 |      0 |    26 |    +0.0% |  -97.664 |    -1133.2 |    -1689.9 |     65 | maccontrol1.receivecontrol1.PauseTimer\[4\]$_DFFE_PP0P_/D
     150* |       0 |      14 |       17 |      0 |    27 |    +0.0% |  -97.664 |    -1133.2 |    -1685.7 |     65 | maccontrol1.receivecontrol1.PauseTimer\[4\]$_DFFE_PP0P_/D
     150* |       0 |      14 |       17 |      0 |    27 |    +0.0% |  -97.664 |    -1133.2 |    -1685.7 |     65 | maccontrol1.receivecontrol1.PauseTimer\[4\]$_DFFE_PP0P_/D
     152* |       0 |      14 |       17 |      0 |    28 |    +0.0% |  -97.664 |    -1133.2 |    -1684.5 |     65 | maccontrol1.receivecontrol1.PauseTimer\[4\]$_DFFE_PP0P_/D
     153* |       0 |      14 |       17 |      0 |    28 |    +0.0% |  -97.664 |    -1133.2 |    -1684.5 |     65 | maccontrol1.receivecontrol1.PauseTimer\[4\]$_DFFE_PP0P_/D
     156* |       0 |      14 |       17 |      2 |    28 |    +0.0% |  -97.664 |    -1203.8 |    -1749.3 |     65 | maccontrol1.receivecontrol1.PauseTimer\[4\]$_DFFE_PP0P_/D
     159* |       0 |      14 |       17 |      2 |    28 |    +0.0% |  -97.664 |    -1203.8 |    -1749.3 |     65 | maccontrol1.receivecontrol1.PauseTimer\[4\]$_DFFE_PP0P_/D
     160* |       0 |      14 |       17 |      2 |    28 |    +0.0% |  -97.664 |    -1203.8 |    -1749.3 |     65 | maccontrol1.receivecontrol1.PauseTimer\[4\]$_DFFE_PP0P_/D
     160* |       0 |      14 |       17 |      2 |    28 |    +0.0% |  -97.664 |    -1203.8 |    -1749.3 |     65 | maccontrol1.receivecontrol1.PauseTimer\[4\]$_DFFE_PP0P_/D
     163* |       0 |      14 |       17 |      2 |    28 |    +0.0% |  -97.664 |    -1203.8 |    -1749.3 |     65 | maccontrol1.receivecontrol1.PauseTimer\[4\]$_DFFE_PP0P_/D
     164* |       0 |      14 |       17 |      2 |    28 |    +0.0% |  -97.664 |    -1203.8 |    -1749.3 |     65 | maccontrol1.receivecontrol1.PauseTimer\[4\]$_DFFE_PP0P_/D
     169* |       0 |      17 |       17 |      2 |    28 |    +0.0% |  -97.664 |    -1146.2 |    -1706.7 |     65 | maccontrol1.receivecontrol1.PauseTimer\[4\]$_DFFE_PP0P_/D
     170* |       0 |      17 |       17 |      2 |    28 |    +0.0% |  -97.664 |    -1146.2 |    -1706.7 |     65 | maccontrol1.receivecontrol1.PauseTimer\[4\]$_DFFE_PP0P_/D
     170* |       0 |      17 |       17 |      2 |    28 |    +0.0% |  -97.664 |    -1146.2 |    -1706.7 |     65 | maccontrol1.receivecontrol1.PauseTimer\[4\]$_DFFE_PP0P_/D
     171* |       0 |      17 |       17 |      2 |    28 |    +0.0% |  -97.664 |    -1146.2 |    -1706.7 |     65 | maccontrol1.receivecontrol1.PauseTimer\[4\]$_DFFE_PP0P_/D
     173* |       0 |      18 |       17 |      2 |    28 |    +0.0% |  -97.664 |    -1148.1 |    -1699.7 |     65 | maccontrol1.receivecontrol1.PauseTimer\[4\]$_DFFE_PP0P_/D
     176* |       0 |      20 |       17 |      2 |    28 |    +0.0% |  -97.664 |    -1149.6 |    -1700.6 |     65 | maccontrol1.receivecontrol1.PauseTimer\[4\]$_DFFE_PP0P_/D
     177* |       0 |      20 |       17 |      2 |    28 |    +0.0% |  -97.664 |    -1149.6 |    -1700.6 |     65 | maccontrol1.receivecontrol1.PauseTimer\[4\]$_DFFE_PP0P_/D
     178* |       0 |      20 |       17 |      2 |    28 |    +0.0% |  -97.664 |    -1149.6 |    -1700.6 |     65 | maccontrol1.receivecontrol1.PauseTimer\[4\]$_DFFE_PP0P_/D
     179* |       0 |      20 |       17 |      2 |    28 |    +0.0% |  -97.664 |    -1149.6 |    -1700.6 |     65 | maccontrol1.receivecontrol1.PauseTimer\[4\]$_DFFE_PP0P_/D
     180* |       0 |      20 |       17 |      2 |    28 |    +0.0% |  -97.664 |    -1149.6 |    -1700.6 |     65 | maccontrol1.receivecontrol1.PauseTimer\[4\]$_DFFE_PP0P_/D
     180* |       0 |      20 |       17 |      2 |    28 |    +0.0% |  -97.664 |    -1149.6 |    -1700.6 |     65 | maccontrol1.receivecontrol1.PauseTimer\[4\]$_DFFE_PP0P_/D
     181* |       0 |      20 |       17 |      2 |    28 |    +0.0% |  -97.664 |    -1149.6 |    -1700.6 |     65 | maccontrol1.receivecontrol1.PauseTimer\[4\]$_DFFE_PP0P_/D
     182* |       0 |      20 |       17 |      2 |    28 |    +0.0% |  -97.664 |    -1149.6 |    -1700.6 |     65 | maccontrol1.receivecontrol1.PauseTimer\[4\]$_DFFE_PP0P_/D
     183* |       0 |      20 |       17 |      2 |    28 |    +0.0% |  -97.664 |    -1149.6 |    -1700.6 |     65 | maccontrol1.receivecontrol1.PauseTimer\[4\]$_DFFE_PP0P_/D
     185* |       0 |      20 |       17 |      2 |    28 |    +0.0% |  -97.664 |    -1149.6 |    -1700.6 |     65 | maccontrol1.receivecontrol1.PauseTimer\[4\]$_DFFE_PP0P_/D
     186* |       0 |      20 |       17 |      2 |    28 |    +0.0% |  -97.664 |    -1149.6 |    -1700.6 |     65 | maccontrol1.receivecontrol1.PauseTimer\[4\]$_DFFE_PP0P_/D
     187* |       0 |      20 |       17 |      2 |    28 |    +0.0% |  -97.664 |    -1149.6 |    -1700.6 |     65 | maccontrol1.receivecontrol1.PauseTimer\[4\]$_DFFE_PP0P_/D
     188* |       0 |      20 |       17 |      2 |    28 |    +0.0% |  -97.664 |    -1149.6 |    -1700.6 |     65 | maccontrol1.receivecontrol1.PauseTimer\[4\]$_DFFE_PP0P_/D
     190* |       0 |      21 |       17 |      2 |    28 |    +0.0% |  -97.664 |    -1151.0 |    -1700.6 |     65 | maccontrol1.receivecontrol1.PauseTimer\[4\]$_DFFE_PP0P_/D
     190* |       0 |      21 |       17 |      2 |    28 |    +0.0% |  -97.664 |    -1151.0 |    -1700.6 |     65 | maccontrol1.receivecontrol1.PauseTimer\[4\]$_DFFE_PP0P_/D
     191* |       0 |      21 |       17 |      2 |    28 |    +0.0% |  -97.664 |    -1151.0 |    -1700.6 |     65 | maccontrol1.receivecontrol1.PauseTimer\[4\]$_DFFE_PP0P_/D
     192* |       0 |      21 |       17 |      2 |    28 |    +0.0% |  -97.664 |    -1151.0 |    -1700.6 |     65 | maccontrol1.receivecontrol1.PauseTimer\[4\]$_DFFE_PP0P_/D
     193* |       0 |      21 |       17 |      2 |    28 |    +0.0% |  -97.664 |    -1151.0 |    -1700.6 |     65 | maccontrol1.receivecontrol1.PauseTimer\[4\]$_DFFE_PP0P_/D
     194* |       0 |      21 |       17 |      2 |    28 |    +0.0% |  -97.664 |    -1151.0 |    -1700.6 |     65 | maccontrol1.receivecontrol1.PauseTimer\[4\]$_DFFE_PP0P_/D
     194* |       0 |      21 |       17 |      2 |    28 |    +0.0% |  -97.664 |    -1151.0 |    -1700.6 |     65 | maccontrol1.receivecontrol1.PauseTimer\[4\]$_DFFE_PP0P_/D
     195+ |       0 |      21 |       17 |      2 |    28 |    +0.0% |  -97.664 |    -1151.0 |    -1700.6 |     40 | maccontrol1.receivecontrol1.PauseTimer\[4\]$_DFFE_PP0P_/D
     196+ |       0 |      21 |       17 |      2 |    28 |    +0.0% |  -97.664 |    -1151.0 |    -1700.6 |     40 | maccontrol1.receivecontrol1.PauseTimer\[4\]$_DFFE_PP0P_/D
     197+ |       0 |      21 |       17 |      2 |    28 |    +0.0% |  -97.664 |    -1151.0 |    -1700.6 |     40 | maccontrol1.receivecontrol1.PauseTimer\[4\]$_DFFE_PP0P_/D
     198+ |       0 |      21 |       17 |      2 |    28 |    +0.0% |  -97.664 |    -1151.0 |    -1700.6 |     40 | maccontrol1.receivecontrol1.PauseTimer\[4\]$_DFFE_PP0P_/D
     199+ |       0 |      21 |       17 |      2 |    28 |    +0.0% |  -97.664 |    -1151.0 |    -1700.6 |     40 | maccontrol1.receivecontrol1.PauseTimer\[4\]$_DFFE_PP0P_/D
     200+ |       0 |      21 |       17 |      2 |    28 |    +0.0% |  -97.664 |    -1151.0 |    -1700.6 |     40 | maccontrol1.receivecontrol1.PauseTimer\[4\]$_DFFE_PP0P_/D
     200+ |       0 |      21 |       17 |      2 |    28 |    +0.0% |  -97.664 |    -1151.0 |    -1700.6 |     40 | maccontrol1.receivecontrol1.PauseTimer\[4\]$_DFFE_PP0P_/D
     201+ |       0 |      21 |       17 |      2 |    28 |    +0.0% |  -97.664 |    -1151.0 |    -1700.6 |     40 | maccontrol1.receivecontrol1.PauseTimer\[4\]$_DFFE_PP0P_/D
     202+ |       0 |      21 |       17 |      2 |    28 |    +0.0% |  -97.664 |    -1151.0 |    -1700.6 |     40 | maccontrol1.receivecontrol1.PauseTimer\[4\]$_DFFE_PP0P_/D
     203+ |       0 |      21 |       17 |      2 |    28 |    +0.0% |  -97.664 |    -1151.0 |    -1700.6 |     40 | maccontrol1.receivecontrol1.PauseTimer\[4\]$_DFFE_PP0P_/D
     204+ |       0 |      21 |       17 |      2 |    28 |    +0.0% |  -97.664 |    -1151.0 |    -1700.6 |     40 | maccontrol1.receivecontrol1.PauseTimer\[4\]$_DFFE_PP0P_/D
     205+ |       0 |      21 |       17 |      2 |    28 |    +0.0% |  -97.664 |    -1151.0 |    -1700.6 |     40 | maccontrol1.receivecontrol1.PauseTimer\[4\]$_DFFE_PP0P_/D
     206+ |       0 |      21 |       17 |      2 |    28 |    +0.0% |  -97.664 |    -1151.0 |    -1700.6 |     40 | maccontrol1.receivecontrol1.PauseTimer\[4\]$_DFFE_PP0P_/D
     207+ |       0 |      21 |       17 |      2 |    28 |    +0.0% |  -97.664 |    -1151.0 |    -1700.6 |     40 | maccontrol1.receivecontrol1.PauseTimer\[4\]$_DFFE_PP0P_/D
     208+ |       0 |      21 |       17 |      2 |    28 |    +0.0% |  -97.664 |    -1151.0 |    -1700.6 |     40 | maccontrol1.receivecontrol1.PauseTimer\[4\]$_DFFE_PP0P_/D
     209+ |       0 |      21 |       17 |      2 |    28 |    +0.0% |  -97.664 |    -1151.0 |    -1700.6 |     40 | maccontrol1.receivecontrol1.PauseTimer\[4\]$_DFFE_PP0P_/D
     210+ |       0 |      21 |       17 |      2 |    28 |    +0.0% |  -97.664 |    -1151.0 |    -1700.6 |     40 | maccontrol1.receivecontrol1.PauseTimer\[4\]$_DFFE_PP0P_/D
     210+ |       0 |      21 |       17 |      2 |    28 |    +0.0% |  -97.664 |    -1151.0 |    -1700.6 |     40 | maccontrol1.receivecontrol1.PauseTimer\[4\]$_DFFE_PP0P_/D
     211+ |       0 |      21 |       17 |      2 |    28 |    +0.0% |  -97.664 |    -1151.0 |    -1700.6 |     40 | maccontrol1.receivecontrol1.PauseTimer\[4\]$_DFFE_PP0P_/D
     212+ |       0 |      21 |       17 |      2 |    28 |    +0.0% |  -97.664 |    -1151.0 |    -1700.6 |     40 | maccontrol1.receivecontrol1.PauseTimer\[4\]$_DFFE_PP0P_/D
     213+ |       0 |      21 |       17 |      2 |    28 |    +0.0% |  -97.664 |    -1151.0 |    -1700.6 |     40 | maccontrol1.receivecontrol1.PauseTimer\[4\]$_DFFE_PP0P_/D
     214+ |       0 |      21 |       17 |      2 |    28 |    +0.0% |  -97.664 |    -1151.0 |    -1700.6 |     40 | maccontrol1.receivecontrol1.PauseTimer\[4\]$_DFFE_PP0P_/D
     215+ |       0 |      21 |       17 |      2 |    28 |    +0.0% |  -97.664 |    -1151.0 |    -1700.6 |     40 | maccontrol1.receivecontrol1.PauseTimer\[4\]$_DFFE_PP0P_/D
     216+ |       0 |      21 |       17 |      2 |    28 |    +0.0% |  -97.664 |    -1151.0 |    -1700.6 |     40 | maccontrol1.receivecontrol1.PauseTimer\[4\]$_DFFE_PP0P_/D
     217+ |       0 |      21 |       17 |      2 |    28 |    +0.0% |  -97.664 |    -1151.0 |    -1700.6 |     40 | maccontrol1.receivecontrol1.PauseTimer\[4\]$_DFFE_PP0P_/D
     218+ |       0 |      21 |       17 |      2 |    28 |    +0.0% |  -97.664 |    -1151.0 |    -1700.6 |     40 | maccontrol1.receivecontrol1.PauseTimer\[4\]$_DFFE_PP0P_/D
     219+ |       0 |      21 |       17 |      2 |    28 |    +0.0% |  -97.664 |    -1151.0 |    -1700.6 |     40 | maccontrol1.receivecontrol1.PauseTimer\[4\]$_DFFE_PP0P_/D
     220+ |       0 |      21 |       17 |      2 |    28 |    +0.0% |  -97.664 |    -1151.0 |    -1700.6 |     40 | maccontrol1.receivecontrol1.PauseTimer\[4\]$_DFFE_PP0P_/D
     220+ |       0 |      21 |       17 |      2 |    28 |    +0.0% |  -97.664 |    -1151.0 |    -1700.6 |     40 | maccontrol1.receivecontrol1.PauseTimer\[4\]$_DFFE_PP0P_/D
     221+ |       0 |      21 |       17 |      2 |    28 |    +0.0% |  -97.664 |    -1151.0 |    -1700.6 |     40 | maccontrol1.receivecontrol1.PauseTimer\[4\]$_DFFE_PP0P_/D
     222+ |       0 |      21 |       17 |      2 |    28 |    +0.0% |  -97.664 |    -1151.0 |    -1700.6 |     40 | maccontrol1.receivecontrol1.PauseTimer\[4\]$_DFFE_PP0P_/D
     223+ |       0 |      21 |       17 |      2 |    28 |    +0.0% |  -97.664 |    -1151.0 |    -1700.6 |     40 | maccontrol1.receivecontrol1.PauseTimer\[4\]$_DFFE_PP0P_/D
     224+ |       0 |      21 |       17 |      2 |    28 |    +0.0% |  -97.664 |    -1151.0 |    -1700.6 |     40 | maccontrol1.receivecontrol1.PauseTimer\[4\]$_DFFE_PP0P_/D
     225+ |       0 |      21 |       17 |      2 |    28 |    +0.0% |  -97.664 |    -1151.0 |    -1700.6 |     40 | maccontrol1.receivecontrol1.PauseTimer\[4\]$_DFFE_PP0P_/D
     226+ |       0 |      21 |       17 |      2 |    28 |    +0.0% |  -97.664 |    -1151.0 |    -1700.6 |     40 | maccontrol1.receivecontrol1.PauseTimer\[4\]$_DFFE_PP0P_/D
     227+ |       0 |      21 |       17 |      2 |    28 |    +0.0% |  -97.664 |    -1151.0 |    -1700.6 |     40 | maccontrol1.receivecontrol1.PauseTimer\[4\]$_DFFE_PP0P_/D
     228+ |       0 |      21 |       17 |      2 |    28 |    +0.0% |  -97.664 |    -1151.0 |    -1700.6 |     40 | maccontrol1.receivecontrol1.PauseTimer\[4\]$_DFFE_PP0P_/D
     229+ |       0 |      21 |       17 |      2 |    28 |    +0.0% |  -97.664 |    -1151.0 |    -1700.6 |     40 | maccontrol1.receivecontrol1.PauseTimer\[4\]$_DFFE_PP0P_/D
     230+ |       0 |      21 |       17 |      2 |    28 |    +0.0% |  -97.664 |    -1151.0 |    -1700.6 |     40 | maccontrol1.receivecontrol1.PauseTimer\[4\]$_DFFE_PP0P_/D
     230+ |       0 |      21 |       17 |      2 |    28 |    +0.0% |  -97.664 |    -1151.0 |    -1700.6 |     40 | maccontrol1.receivecontrol1.PauseTimer\[4\]$_DFFE_PP0P_/D
     231+ |       0 |      22 |       17 |      2 |    28 |    +0.0% |  -97.664 |    -1152.0 |    -1697.0 |     40 | maccontrol1.receivecontrol1.PauseTimer\[4\]$_DFFE_PP0P_/D
     232+ |       0 |      22 |       17 |      2 |    28 |    +0.0% |  -97.664 |    -1152.0 |    -1697.0 |     40 | maccontrol1.receivecontrol1.PauseTimer\[4\]$_DFFE_PP0P_/D
     233+ |       0 |      23 |       17 |      2 |    28 |    +0.0% |  -97.664 |    -1152.0 |    -1696.8 |     40 | maccontrol1.receivecontrol1.PauseTimer\[4\]$_DFFE_PP0P_/D
     234+ |       0 |      23 |       17 |      2 |    28 |    +0.0% |  -97.664 |    -1152.0 |    -1696.8 |     40 | maccontrol1.receivecontrol1.PauseTimer\[4\]$_DFFE_PP0P_/D
    final |       0 |      23 |       17 |      2 |    28 |    +0.0% |  -97.664 |    -1152.0 |    -1696.8 |     38 | maccontrol1.receivecontrol1.PauseTimer\[4\]$_DFFE_PP0P_/D
------------------------------------------------------------------------------------------------------------------------------
[INFO RSZ-0040] Inserted 17 buffers.
[INFO RSZ-0051] Resized 23 instances: 23 up, 0 up match, 0 down, 0 VT
[INFO RSZ-0043] Swapped pins on 28 instances.
[INFO RSZ-0049] Cloned 2 instances.
[WARNING RSZ-0062] Unable to repair all setup violations.
[INFO RSZ-0505] Runtime: 11.32s
[INFO RSZ-0033] No hold violations found.
[INFO RSZ-0506] Runtime: 0.28s
Took 12 seconds: repair_timing -setup_margin 0 -hold_margin -10 -repair_tns 100 -verbose
global_route -start_incremental
detailed_placement
[INFO DPL-0006] Core area: 10438.29 um^2
[INFO DPL-0007] Movable instances area: 8102.47 um^2
[INFO DPL-0008] Fixed instances area within core: 44.21 um^2
[INFO DPL-0009] Utilization: 78.0%
[INFO DPL-0005] Diamond search max displacement: +/- 500 sites horizontally, +/- 100 rows vertically.
[INFO DPL-1102] Legalizing using negotiation legalizer.
[INFO DPL-1103] Negotiation base search window: +/-20 sites horizontally, +/-5 rows vertically 
	Automatic search window extension enabled.
	Search window extendable up to the max displacement cap of +/-500 sites, +/-100 rows near walls.
[INFO DPL-1104] NegotiationLegalizer DRC penalty: 5.
[INFO DPL-0392] Negotiation cell height distribution (1 unique row-count(s)):
[INFO DPL-0393]   height 1 row(s): 61078 cells
          |      Total |  Illegal |  Illegal
Iteration | Violations |    Cells |    Sites
---------------------------------------------
        0 |        143 |        35 |       108
        1 |         76 |        16 |        60
        2 |         39 |         7 |        32
        3 |         17 |         3 |        14
        4 |          0 |         0 |         0
Negotiation phase 1 converged at iteration 4.
[INFO DPL-0500] Runtime: 0.52s
Placement Analysis
---------------------------------
total displacement         39.1 u
average displacement        0.0 u
max displacement            2.6 u
original HPWL          175866.1 u
legalized HPWL         175909.3 u
delta HPWL                    0 %

check_placement -verbose
global_route -end_incremental -resistance_aware -congestion_report_file /tmp/workspace/scripts-Private_test-fr_cugr_cmp-1-/reports/asap7/ethmac/base/congestion_post_repair_timing.rpt
estimate_parasitics -global_routing
repair_timing -setup -sequence "vt_swap reroute" -skip_last_gasp -repair_tns 0 -verbose
[INFO RSZ-0100] Repair move sequence: RerouteMove 
[INFO RSZ-0094] Found 54 endpoints with setup violations.
[INFO RSZ-0099] Repairing 1 out of 54 (0.00%) violating endpoints...
   Iter   | Removed | Resized | Inserted | Cloned |  Pin  |   Area   |    WNS   |   StTNS    |   EnTNS    |  Viol  |  Worst  
          | Buffers |  Gates  | Buffers  |  Gates | Swaps |          |          |            |            | Endpts | St/EnPt 
------------------------------------------------------------------------------------------------------------------------------
       0* |       0 |       0 |        0 |      0 |     0 |    +0.0% |  -98.283 |    -1180.5 |    -1804.2 |     54 | maccontrol1.receivecontrol1.PauseTimer\[4\]$_DFFE_PP0P_/D
       1* |       0 |       0 |        0 |      0 |     0 |    +0.0% |  -98.283 |    -1180.5 |    -1804.2 |     54 | maccontrol1.receivecontrol1.PauseTimer\[4\]$_DFFE_PP0P_/D
       1* |       0 |       0 |        0 |      0 |     0 |    +0.0% |  -98.283 |    -1180.5 |    -1804.2 |     54 | maccontrol1.receivecontrol1.PauseTimer\[4\]$_DFFE_PP0P_/D
    final |       0 |       0 |        0 |      0 |     0 |    +0.0% |  -98.283 |    -1180.5 |    -1804.2 |     54 | maccontrol1.receivecontrol1.PauseTimer\[4\]$_DFFE_PP0P_/D
------------------------------------------------------------------------------------------------------------------------------
[WARNING RSZ-0062] Unable to repair all setup violations.
[INFO RSZ-0505] Runtime: 1.70s
Repair antennas...
[WARNING GRT-0246] No diode with LEF class CORE ANTENNACELL found.
[INFO ANT-0002] Found 0 net violations.
[INFO ANT-0001] Found 0 pin violations.
Estimate parasitics...
estimate_parasitics -global_routing
Report metrics stage 5, global route...

==========================================================================
global route report_design_area
--------------------------------------------------------------------------
Design area 8147 um^2 78% utilization.
[INFO FLW-0007] clock wb_clk_i period 1000.000000
[WARNING FLW-0010] more than one clock found. Skipping sdc update.
[INFO FLW-0011] Path endpoint path count 12000
write_db /tmp/workspace/scripts-Private_test-fr_cugr_cmp-1-/results/asap7/ethmac/base/5_1_grt.odb
write_sdc -no_timestamp /tmp/workspace/scripts-Private_test-fr_cugr_cmp-1-/results/asap7/ethmac/base/5_1_grt.sdc
Elapsed time: 1:34.45[h:]min:sec. CPU time: user 1195.97 sys 80.17 (1351%). Peak memory: 1295056KB.
Log                       Ext     Elapsed/s Peak Memory/MB sha1sum result [0:20)
5_1_grt                   .odb           94           1264 3c14cb4eb6b85148786b
5_1_grt                   .sdc                             14c87ae7a4d03b6bdf63
