OpenROAD 26Q3-1464-gb22abfea20 
Features included (+) or not (-): +GPU +GUI +Python
This program is licensed under the BSD-3 license. See the LICENSE file for details.
Components of this program may be licensed under more restrictive licenses which must be honored.
[INFO ORD-0030] Using 32 thread(s).
source ./platforms/asap7/liberty_suppressions.tcl
read_liberty ./platforms/asap7/lib/NLDM/asap7sc7p5t_AO_RVT_FF_nldm_211120.lib.gz
read_liberty ./platforms/asap7/lib/NLDM/asap7sc7p5t_INVBUF_RVT_FF_nldm_220122.lib.gz
read_liberty ./platforms/asap7/lib/NLDM/asap7sc7p5t_OA_RVT_FF_nldm_211120.lib.gz
read_liberty ./platforms/asap7/lib/NLDM/asap7sc7p5t_SIMPLE_RVT_FF_nldm_211120.lib.gz
read_liberty ./platforms/asap7/lib/NLDM/asap7sc7p5t_SEQ_RVT_FF_nldm_220123.lib
read_db /tmp/workspace/scripts-Private_test-fr_cugr_cmp-1-/results/asap7/ethmac/base/5_1_grt.odb
read_sdc /tmp/workspace/scripts-Private_test-fr_cugr_cmp-1-/results/asap7/ethmac/base/5_1_grt.sdc
source ./platforms/asap7/setRC.tcl
[WARNING STA-0450] virtual clock vclk_wb_clk_i can not be propagated.
[WARNING STA-0450] virtual clock vclk_mtx_clk_pad_i can not be propagated.
[WARNING STA-0450] virtual clock vclk_mrx_clk_pad_i can not be propagated.
detailed_route -output_drc /tmp/workspace/scripts-Private_test-fr_cugr_cmp-1-/reports/asap7/ethmac/base/5_route_drc.rpt -output_maze /tmp/workspace/scripts-Private_test-fr_cugr_cmp-1-/results/asap7/ethmac/base/maze.log -droute_end_iter 64 -verbose 1 -drc_report_iter_step 5
[INFO DRT-0149] Reading tech and libs.

Units:                1000
Number of layers:     21
Number of macros:     212
Number of vias:       14
Number of viarulegen: 11

[INFO DRT-0150] Reading design.

Design:                   ethmac
Die area:                 ( 0 0 ) ( 106329 106329 )
Number of track patterns: 32
Number of DEF vias:       0
Number of components:     61078
Number of terminals:      218
Number of snets:          2
Number of nets:           59813

[INFO DRT-0167] List of default vias:
  Layer V2
    default via: VIA23
  Layer V3
    default via: VIA34
  Layer V4
    default via: VIA45
  Layer V5
    default via: VIA56
  Layer V6
    default via: VIA67
  Layer V7
    default via: VIA78
  Layer V8
    default via: VIA89
  Layer V9
    default via: VIA9Pad
[INFO DRT-0162] Library cell analysis.
[INFO DRT-0163] Instance analysis.
[INFO DRT-0164] Number of unique instances = 196.
[INFO DRT-0168] Init region query.
[INFO DRT-0024]   Complete Active.
[INFO DRT-0024]   Complete V0.
[INFO DRT-0024]   Complete M1.
[INFO DRT-0024]   Complete V1.
[INFO DRT-0024]   Complete M2.
[INFO DRT-0024]   Complete V2.
[INFO DRT-0024]   Complete M3.
[INFO DRT-0024]   Complete V3.
[INFO DRT-0024]   Complete M4.
[INFO DRT-0024]   Complete V4.
[INFO DRT-0024]   Complete M5.
[INFO DRT-0024]   Complete V5.
[INFO DRT-0024]   Complete M6.
[INFO DRT-0024]   Complete V6.
[INFO DRT-0024]   Complete M7.
[INFO DRT-0024]   Complete V7.
[INFO DRT-0024]   Complete M8.
[INFO DRT-0024]   Complete V8.
[INFO DRT-0024]   Complete M9.
[INFO DRT-0024]   Complete V9.
[INFO DRT-0024]   Complete Pad.
[INFO DRT-0033] Active shape region query size = 0.
[INFO DRT-0033] V0 shape region query size = 0.
[INFO DRT-0033] M1 shape region query size = 1115100.
[INFO DRT-0033] V1 shape region query size = 1186585.
[INFO DRT-0033] M2 shape region query size = 45822.
[INFO DRT-0033] V2 shape region query size = 21603.
[INFO DRT-0033] M3 shape region query size = 21603.
[INFO DRT-0033] V3 shape region query size = 14402.
[INFO DRT-0033] M4 shape region query size = 14435.
[INFO DRT-0033] V4 shape region query size = 14402.
[INFO DRT-0033] M5 shape region query size = 8144.
[INFO DRT-0033] V5 shape region query size = 1444.
[INFO DRT-0033] M6 shape region query size = 798.
[INFO DRT-0033] V6 shape region query size = 0.
[INFO DRT-0033] M7 shape region query size = 0.
[INFO DRT-0033] V7 shape region query size = 0.
[INFO DRT-0033] M8 shape region query size = 0.
[INFO DRT-0033] V8 shape region query size = 0.
[INFO DRT-0033] M9 shape region query size = 0.
[INFO DRT-0033] V9 shape region query size = 0.
[INFO DRT-0033] Pad shape region query size = 0.
[INFO DRT-0165] Start pin access.
[INFO DRT-0076]   Complete 1000 pins.
[INFO DRT-0078]   Complete 1107 pins.
[INFO DRT-0079]   Complete 100 unique inst patterns.
[INFO DRT-0081]   Complete 196 unique inst patterns.
[INFO DRT-0082]   Complete 10000 groups.
[INFO DRT-0082]   Complete 20000 groups.
[INFO DRT-0082]   Complete 30000 groups.
[INFO DRT-0084]   Complete 34122 groups.
#scanned instances     = 61078
#unique  instances     = 196
#stdCellGenAp          = 6027
#stdCellValidPlanarAp  = 54
#stdCellValidViaAp     = 4733
#stdCellPinNoAp        = 0
#stdCellPinCnt         = 195218
#instTermValidViaApCnt = 0
#macroGenAp            = 0
#macroValidPlanarAp    = 0
#macroValidViaAp       = 0
#macroNoAp             = 0
[INFO DRT-0166] Complete pin access.
[INFO DRT-0267] cpu time = 00:17:03, elapsed time = 00:00:34, memory = 797.92 (MB), peak = 801.25 (MB)
[INFO DRT-0156] guideIn read 100000 guides.
[INFO DRT-0156] guideIn read 200000 guides.
[INFO DRT-0156] guideIn read 300000 guides.
[INFO DRT-0156] guideIn read 400000 guides.
[INFO DRT-0156] guideIn read 500000 guides.

[INFO DRT-0157] Number of guides:     532132

[INFO DRT-0169] Post process guides.
[INFO DRT-0176] GCELLGRID X 0 DO 186 STEP 570 ;
[INFO DRT-0177] GCELLGRID Y 0 DO 186 STEP 570 ;
[INFO DRT-0026]   Complete 100000 origin guides.
[INFO DRT-0026]   Complete 200000 origin guides.
[INFO DRT-0026]   Complete 300000 origin guides.
[INFO DRT-0026]   Complete 400000 origin guides.
[INFO DRT-0026]   Complete 500000 origin guides.
[INFO DRT-0028]   Complete Active.
[INFO DRT-0028]   Complete V0.
[INFO DRT-0028]   Complete M1.
[INFO DRT-0028]   Complete V1.
[INFO DRT-0028]   Complete M2.
[INFO DRT-0028]   Complete V2.
[INFO DRT-0028]   Complete M3.
[INFO DRT-0028]   Complete V3.
[INFO DRT-0028]   Complete M4.
[INFO DRT-0028]   Complete V4.
[INFO DRT-0028]   Complete M5.
[INFO DRT-0028]   Complete V5.
[INFO DRT-0028]   Complete M6.
[INFO DRT-0028]   Complete V6.
[INFO DRT-0028]   Complete M7.
[INFO DRT-0028]   Complete V7.
[INFO DRT-0028]   Complete M8.
[INFO DRT-0028]   Complete V8.
[INFO DRT-0028]   Complete M9.
[INFO DRT-0028]   Complete V9.
[INFO DRT-0028]   Complete Pad.
[INFO DRT-0178] Init guide query.
[INFO DRT-0035]   Complete Active (guide).
[INFO DRT-0035]   Complete V0 (guide).
[INFO DRT-0035]   Complete M1 (guide).
[INFO DRT-0035]   Complete V1 (guide).
[INFO DRT-0035]   Complete M2 (guide).
[INFO DRT-0035]   Complete V2 (guide).
[INFO DRT-0035]   Complete M3 (guide).
[INFO DRT-0035]   Complete V3 (guide).
[INFO DRT-0035]   Complete M4 (guide).
[INFO DRT-0035]   Complete V4 (guide).
[INFO DRT-0035]   Complete M5 (guide).
[INFO DRT-0035]   Complete V5 (guide).
[INFO DRT-0035]   Complete M6 (guide).
[INFO DRT-0035]   Complete V6 (guide).
[INFO DRT-0035]   Complete M7 (guide).
[INFO DRT-0035]   Complete V7 (guide).
[INFO DRT-0035]   Complete M8 (guide).
[INFO DRT-0035]   Complete V8 (guide).
[INFO DRT-0035]   Complete M9 (guide).
[INFO DRT-0035]   Complete V9 (guide).
[INFO DRT-0035]   Complete Pad (guide).
[INFO DRT-0036] Active guide region query size = 0.
[INFO DRT-0036] V0 guide region query size = 0.
[INFO DRT-0036] M1 guide region query size = 171302.
[INFO DRT-0036] V1 guide region query size = 0.
[INFO DRT-0036] M2 guide region query size = 154881.
[INFO DRT-0036] V2 guide region query size = 0.
[INFO DRT-0036] M3 guide region query size = 82504.
[INFO DRT-0036] V3 guide region query size = 0.
[INFO DRT-0036] M4 guide region query size = 12458.
[INFO DRT-0036] V4 guide region query size = 0.
[INFO DRT-0036] M5 guide region query size = 9245.
[INFO DRT-0036] V5 guide region query size = 0.
[INFO DRT-0036] M6 guide region query size = 5944.
[INFO DRT-0036] V6 guide region query size = 0.
[INFO DRT-0036] M7 guide region query size = 2516.
[INFO DRT-0036] V7 guide region query size = 0.
[INFO DRT-0036] M8 guide region query size = 0.
[INFO DRT-0036] V8 guide region query size = 0.
[INFO DRT-0036] M9 guide region query size = 0.
[INFO DRT-0036] V9 guide region query size = 0.
[INFO DRT-0036] Pad guide region query size = 0.
[INFO DRT-0179] Init gr pin query.
[INFO DRT-0267] cpu time = 00:00:01, elapsed time = 00:00:00, memory = 964.77 (MB), peak = 960.16 (MB)
[INFO DRT-0245] skipped writing guide updates to database.
[INFO DRT-0181] Start track assignment.
[INFO DRT-0184] Done with 265567 vertical wires in 4 frboxes and 173283 horizontal wires in 4 frboxes.
[INFO DRT-0186] Done with 27632 vertical wires in 4 frboxes and 43210 horizontal wires in 4 frboxes.
[INFO DRT-0182] Complete track assignment.
[INFO DRT-0267] cpu time = 00:00:20, elapsed time = 00:00:06, memory = 2058.62 (MB), peak = 2054.20 (MB)
[INFO DRT-0187] Start routing data preparation.
[INFO DRT-0267] cpu time = 00:00:00, elapsed time = 00:00:00, memory = 2058.62 (MB), peak = 2054.20 (MB)
[INFO DRT-0194] Start detail routing.
[INFO DRT-0195] Start 0th optimization iteration.
    Completing 10% with 0 violations.
    elapsed time = 00:00:03, memory = 4830.77 (MB).
    Completing 20% with 0 violations.
    elapsed time = 00:00:07, memory = 6376.09 (MB).
    Completing 30% with 2433 violations.
    elapsed time = 00:00:12, memory = 6835.20 (MB).
    Completing 40% with 2433 violations.
    elapsed time = 00:00:17, memory = 6927.62 (MB).
    Completing 50% with 2433 violations.
    elapsed time = 00:00:20, memory = 6687.29 (MB).
    Completing 60% with 4498 violations.
    elapsed time = 00:00:27, memory = 7915.63 (MB).
    Completing 70% with 4498 violations.
    elapsed time = 00:00:32, memory = 8049.53 (MB).
    Completing 80% with 6335 violations.
    elapsed time = 00:00:39, memory = 8400.41 (MB).
    Completing 90% with 6335 violations.
    elapsed time = 00:00:45, memory = 8455.36 (MB).
    Completing 100% with 8205 violations.
    elapsed time = 00:00:52, memory = 7153.12 (MB).
[INFO DRT-0199]   Number of violations = 12186.
Viol/Layer          M1     M2     V2     M3     V3     M4     V4     M5     V5     M6     V6     M7
CutSpcTbl            0      0      0      0     58      0     42      0     30      0     15      0
EOL                  0    532      0     97      0     64      0      3      0      0      0      0
Metal Spacing     1034    225      0    708      0     11      0     11      0     26      0      4
Recheck              0   1887      0   1169      0    421      0    287      0    188      0     29
Short                0    871     16    184      3     24     12     69     11    127     13      2
eolKeepOut           0   3384      0    345      0    260      0     18      0      6      0      0
[INFO DRT-0267] cpu time = 00:22:26, elapsed time = 00:00:53, memory = 7439.89 (MB), peak = 8706.44 (MB)
Total wire length = 212792 um.
Total wire length on LAYER M1 = 0 um.
Total wire length on LAYER M2 = 62867 um.
Total wire length on LAYER M3 = 96634 um.
Total wire length on LAYER M4 = 35742 um.
Total wire length on LAYER M5 = 9985 um.
Total wire length on LAYER M6 = 3821 um.
Total wire length on LAYER M7 = 3741 um.
Total wire length on LAYER M8 = 0 um.
Total wire length on LAYER M9 = 0 um.
Total wire length on LAYER Pad = 0 um.
Total number of vias = 589080.
Up-via summary (total 589080):

-----------------
 Active         0
     M1    193947
     M2    316671
     M3     60232
     M4     10069
     M5      4887
     M6      3274
     M7         0
     M8         0
     M9         0
-----------------
       589080


[INFO DRT-0195] Start 1st optimization iteration.
    Completing 10% with 12186 violations.
    elapsed time = 00:00:04, memory = 9183.79 (MB).
    Completing 20% with 12186 violations.
    elapsed time = 00:00:08, memory = 9306.38 (MB).
    Completing 30% with 9085 violations.
    elapsed time = 00:00:14, memory = 9377.09 (MB).
    Completing 40% with 9085 violations.
    elapsed time = 00:00:18, memory = 9504.33 (MB).
    Completing 50% with 9085 violations.
    elapsed time = 00:00:22, memory = 8373.97 (MB).
    Completing 60% with 6589 violations.
    elapsed time = 00:00:28, memory = 9488.28 (MB).
    Completing 70% with 6589 violations.
    elapsed time = 00:00:33, memory = 9458.96 (MB).
    Completing 80% with 3533 violations.
    elapsed time = 00:00:39, memory = 9520.99 (MB).
    Completing 90% with 3533 violations.
    elapsed time = 00:00:44, memory = 9561.43 (MB).
    Completing 100% with 1001 violations.
    elapsed time = 00:00:50, memory = 7855.91 (MB).
[INFO DRT-0199]   Number of violations = 1017.
Viol/Layer          M1     M2     V2     M3     V3     M4     V4     V6     M7
CutSpcTbl            0      0      0      0     12      0      5      8      0
EOL                  0     62      0     10      0      6      0      0      0
Metal Spacing      247     13      0    202      0      3      0      0      1
Recheck              0      8      0      7      0      1      0      0      0
Short                0     30      2     58      0      5      0      0      0
eolKeepOut           0    276      0     34      0     27      0      0      0
[INFO DRT-0267] cpu time = 00:20:36, elapsed time = 00:00:51, memory = 7843.08 (MB), peak = 9632.20 (MB)
Total wire length = 210540 um.
Total wire length on LAYER M1 = 0 um.
Total wire length on LAYER M2 = 60884 um.
Total wire length on LAYER M3 = 96307 um.
Total wire length on LAYER M4 = 36885 um.
Total wire length on LAYER M5 = 9679 um.
Total wire length on LAYER M6 = 3392 um.
Total wire length on LAYER M7 = 3390 um.
Total wire length on LAYER M8 = 0 um.
Total wire length on LAYER M9 = 0 um.
Total wire length on LAYER Pad = 0 um.
Total number of vias = 560064.
Up-via summary (total 560064):

-----------------
 Active         0
     M1    193891
     M2    297133
     M3     54675
     M4      8352
     M5      3561
     M6      2452
     M7         0
     M8         0
     M9         0
-----------------
       560064


[INFO DRT-0195] Start 2nd optimization iteration.
    Completing 10% with 1017 violations.
    elapsed time = 00:00:02, memory = 9533.41 (MB).
    Completing 20% with 1017 violations.
    elapsed time = 00:00:04, memory = 9501.24 (MB).
    Completing 30% with 907 violations.
    elapsed time = 00:00:07, memory = 7832.11 (MB).
    Completing 40% with 907 violations.
    elapsed time = 00:00:11, memory = 9609.13 (MB).
    Completing 50% with 907 violations.
    elapsed time = 00:00:13, memory = 7832.11 (MB).
    Completing 60% with 787 violations.
    elapsed time = 00:00:16, memory = 9484.62 (MB).
    Completing 70% with 787 violations.
    elapsed time = 00:00:19, memory = 9472.36 (MB).
    Completing 80% with 692 violations.
    elapsed time = 00:00:22, memory = 7826.13 (MB).
    Completing 90% with 692 violations.
    elapsed time = 00:00:26, memory = 9577.39 (MB).
    Completing 100% with 585 violations.
    elapsed time = 00:00:29, memory = 7826.14 (MB).
[INFO DRT-0199]   Number of violations = 602.
Viol/Layer          M1     M2     V2     M3     V3     M4     V4     V6     M7
CutSpcTbl            0      0      0      0      4      0      3      3      0
EOL                  0     32      0      5      0      2      0      0      0
Metal Spacing      102     11      0    162      0      2      0      0      1
Recheck              0      4      0     11      0      2      0      0      0
Short                0     25      1     25      0      2      0      0      0
eolKeepOut           0    177      0     17      0     11      0      0      0
[INFO DRT-0267] cpu time = 00:11:23, elapsed time = 00:00:30, memory = 7760.04 (MB), peak = 9662.53 (MB)
Total wire length = 210207 um.
Total wire length on LAYER M1 = 0 um.
Total wire length on LAYER M2 = 60924 um.
Total wire length on LAYER M3 = 96381 um.
Total wire length on LAYER M4 = 36627 um.
Total wire length on LAYER M5 = 9636 um.
Total wire length on LAYER M6 = 3330 um.
Total wire length on LAYER M7 = 3306 um.
Total wire length on LAYER M8 = 0 um.
Total wire length on LAYER M9 = 0 um.
Total wire length on LAYER Pad = 0 um.
Total number of vias = 555733.
Up-via summary (total 555733):

-----------------
 Active         0
     M1    193892
     M2    295021
     M3     53208
     M4      7969
     M5      3366
     M6      2277
     M7         0
     M8         0
     M9         0
-----------------
       555733


[INFO DRT-0195] Start 3rd optimization iteration.
    Completing 10% with 602 violations.
    elapsed time = 00:00:00, memory = 7760.04 (MB).
    Completing 20% with 602 violations.
    elapsed time = 00:00:01, memory = 9346.57 (MB).
    Completing 30% with 471 violations.
    elapsed time = 00:00:02, memory = 7782.16 (MB).
    Completing 40% with 471 violations.
    elapsed time = 00:00:03, memory = 9522.47 (MB).
    Completing 50% with 471 violations.
    elapsed time = 00:00:05, memory = 8488.57 (MB).
    Completing 60% with 303 violations.
    elapsed time = 00:00:07, memory = 7782.16 (MB).
    Completing 70% with 303 violations.
    elapsed time = 00:00:08, memory = 9531.98 (MB).
    Completing 80% with 162 violations.
    elapsed time = 00:00:09, memory = 7782.16 (MB).
    Completing 90% with 162 violations.
    elapsed time = 00:00:10, memory = 9544.89 (MB).
    Completing 100% with 7 violations.
    elapsed time = 00:00:12, memory = 7782.16 (MB).
[INFO DRT-0199]   Number of violations = 7.
Viol/Layer          M1     M3
Metal Spacing        2      5
[INFO DRT-0267] cpu time = 00:03:35, elapsed time = 00:00:12, memory = 7782.16 (MB), peak = 9662.53 (MB)
Total wire length = 210229 um.
Total wire length on LAYER M1 = 0 um.
Total wire length on LAYER M2 = 60681 um.
Total wire length on LAYER M3 = 96349 um.
Total wire length on LAYER M4 = 36888 um.
Total wire length on LAYER M5 = 9703 um.
Total wire length on LAYER M6 = 3318 um.
Total wire length on LAYER M7 = 3287 um.
Total wire length on LAYER M8 = 0 um.
Total wire length on LAYER M9 = 0 um.
Total wire length on LAYER Pad = 0 um.
Total number of vias = 555675.
Up-via summary (total 555675):

-----------------
 Active         0
     M1    193892
     M2    294433
     M3     53693
     M4      8075
     M5      3328
     M6      2254
     M7         0
     M8         0
     M9         0
-----------------
       555675


[INFO DRT-0195] Start 4th guides tiles iteration.
    Completing 10% with 7 violations.
    elapsed time = 00:00:00, memory = 7822.94 (MB).
    Completing 20% with 7 violations.
    elapsed time = 00:00:00, memory = 7822.94 (MB).
    Completing 30% with 7 violations.
    elapsed time = 00:00:00, memory = 7822.94 (MB).
    Completing 40% with 7 violations.
    elapsed time = 00:00:00, memory = 7822.94 (MB).
    Completing 50% with 7 violations.
    elapsed time = 00:00:00, memory = 7782.16 (MB).
    Completing 60% with 3 violations.
    elapsed time = 00:00:00, memory = 7782.16 (MB).
    Completing 70% with 3 violations.
    elapsed time = 00:00:00, memory = 7782.16 (MB).
    Completing 80% with 3 violations.
    elapsed time = 00:00:00, memory = 7782.16 (MB).
    Completing 90% with 3 violations.
    elapsed time = 00:00:00, memory = 7782.16 (MB).
    Completing 100% with 0 violations.
    elapsed time = 00:00:00, memory = 7782.16 (MB).
[INFO DRT-0199]   Number of violations = 0.
[INFO DRT-0267] cpu time = 00:00:02, elapsed time = 00:00:00, memory = 7782.16 (MB), peak = 9662.53 (MB)
Total wire length = 210230 um.
Total wire length on LAYER M1 = 0 um.
Total wire length on LAYER M2 = 60681 um.
Total wire length on LAYER M3 = 96349 um.
Total wire length on LAYER M4 = 36890 um.
Total wire length on LAYER M5 = 9703 um.
Total wire length on LAYER M6 = 3318 um.
Total wire length on LAYER M7 = 3287 um.
Total wire length on LAYER M8 = 0 um.
Total wire length on LAYER M9 = 0 um.
Total wire length on LAYER Pad = 0 um.
Total number of vias = 555690.
Up-via summary (total 555690):

-----------------
 Active         0
     M1    193892
     M2    294435
     M3     53704
     M4      8077
     M5      3328
     M6      2254
     M7         0
     M8         0
     M9         0
-----------------
       555690


[INFO DRT-0198] Complete detail routing.
Total wire length = 210230 um.
Total wire length on LAYER M1 = 0 um.
Total wire length on LAYER M2 = 60681 um.
Total wire length on LAYER M3 = 96349 um.
Total wire length on LAYER M4 = 36890 um.
Total wire length on LAYER M5 = 9703 um.
Total wire length on LAYER M6 = 3318 um.
Total wire length on LAYER M7 = 3287 um.
Total wire length on LAYER M8 = 0 um.
Total wire length on LAYER M9 = 0 um.
Total wire length on LAYER Pad = 0 um.
Total number of vias = 555690.
Up-via summary (total 555690):

-----------------
 Active         0
     M1    193892
     M2    294435
     M3     53704
     M4      8077
     M5      3328
     M6      2254
     M7         0
     M8         0
     M9         0
-----------------
       555690


[INFO DRT-0267] cpu time = 00:58:04, elapsed time = 00:02:29, memory = 7782.16 (MB), peak = 9662.53 (MB)

[INFO DRT-0180] Post processing.
[INFO DRT-0501] Runtime: 191.98s
Took 192 seconds: detailed_route -output_drc /tmp/workspace/scripts-Private_test-fr_cugr_cmp-1-/reports/asap7/ethmac/base/5_route_drc.rpt -output_maze /tmp/workspace/scripts-Private_test-fr_cugr_cmp-1-/results/asap7/ethmac/base/maze.log -droute_end_iter 64 -verbose 1 -drc_report_iter_step 5
[WARNING GRT-0246] No diode with LEF class CORE ANTENNACELL found.
[INFO ANT-0002] Found 0 net violations.
[INFO ANT-0001] Found 0 pin violations.
[INFO ANT-0002] Found 0 net violations.
[INFO ANT-0001] Found 0 pin violations.
Design area 8147 um^2 78% utilization.
write_db /tmp/workspace/scripts-Private_test-fr_cugr_cmp-1-/results/asap7/ethmac/base/5_2_route.odb
Elapsed time: 3:17.61[h:]min:sec. CPU time: user 4580.21 sys 16.27 (2326%). Peak memory: 9894432KB.
Log                       Ext     Elapsed/s Peak Memory/MB sha1sum result [0:20)
5_2_route                 .odb          197           9662 3d128f25d55827471442
