[2026-08-20 04:21:00.539] [miter_logger] [info] MiterStrategy::run starting
[2026-08-20 04:21:00.539] [miter_logger] [info] Collecting POs for design 0: bp_be_top

[2026-08-20 04:21:00.691] [miter_logger] [info] Collected 19575 PIs for design 0

[2026-08-20 04:21:00.691] [miter_logger] [info] Collected 20266 POs for design 0

[2026-08-20 04:21:00.693] [miter_logger] [info] design 0 PI summary by model/term (19575 total terminals, 25 unique rows):
| Model            | Term                  | Count |
|------------------|-----------------------|-------|
| DFF_X1           | Q                     |  8545 |
| DFF_X1           | QN                    |  8545 |
| bp_be_top        | lce_data_cmd_i        |   540 |
| LOGIC0_X1        | Z                     |   539 |
| bp_be_top        | lce_tr_resp_i         |   539 |
| fakeram45_512x64 | rd_out                |   512 |
| bp_be_top        | fe_queue_i            |   134 |
| fakeram45_64x96  | rd_out                |    96 |
| bp_be_top        | lce_cmd_i             |    36 |
| DFF_X2           | Q                     |    25 |
| DFF_X2           | QN                    |    25 |
| fakeram45_64x15  | rd_out                |    15 |
| LOGIC1_X1        | Z                     |    10 |
| bp_be_top        | proc_cfg_i            |     3 |
| bp_be_top        | clk_i                 |     1 |
| bp_be_top        | fe_cmd_ready_i        |     1 |
| bp_be_top        | fe_queue_v_i          |     1 |
| bp_be_top        | lce_cmd_v_i           |     1 |
| bp_be_top        | lce_data_cmd_v_i      |     1 |
| bp_be_top        | lce_data_resp_ready_i |     1 |
| bp_be_top        | lce_req_ready_i       |     1 |
| bp_be_top        | lce_resp_ready_i      |     1 |
| bp_be_top        | lce_tr_resp_ready_i   |     1 |
| bp_be_top        | lce_tr_resp_v_i       |     1 |
| bp_be_top        | reset_i               |     1 |

[2026-08-20 04:21:00.694] [miter_logger] [info] design 0 PO summary by model/term (20266 total terminals, 42 unique rows):
| Model            | Term                  | Count |
|------------------|-----------------------|-------|
| DFF_X1           | CK                    |  8545 |
| DFF_X1           | D                     |  8545 |
| bp_be_top        | lce_tr_resp_o         |   539 |
| bp_be_top        | lce_data_resp_o       |   537 |
| fakeram45_512x64 | w_mask_in             |   512 |
| fakeram45_512x64 | wd_in                 |   512 |
| bp_be_top        | cmt_trace_stage_reg_o |   378 |
| bp_be_top        | cmt_trace_result_o    |   128 |
| bp_be_top        | fe_cmd_o              |   109 |
| fakeram45_64x96  | w_mask_in             |    96 |
| fakeram45_64x96  | wd_in                 |    96 |
| fakeram45_512x64 | addr_in               |    72 |
| bp_be_top        | lce_req_o             |    30 |
| bp_be_top        | lce_resp_o            |    26 |
| DFF_X2           | CK                    |    25 |
| DFF_X2           | D                     |    25 |
| fakeram45_64x15  | w_mask_in             |    15 |
| fakeram45_64x15  | wd_in                 |    15 |
| fakeram45_512x64 | ce_in                 |     8 |
| fakeram45_512x64 | clk                   |     8 |
| fakeram45_512x64 | we_in                 |     8 |
| bp_be_top        | cmt_trace_exc_o       |     7 |
| fakeram45_64x15  | addr_in               |     6 |
| fakeram45_64x96  | addr_in               |     6 |
| bp_be_top        | fe_cmd_v_o            |     1 |
| bp_be_top        | fe_queue_clr_o        |     1 |
| bp_be_top        | fe_queue_dequeue_o    |     1 |
| bp_be_top        | fe_queue_ready_o      |     1 |
| bp_be_top        | fe_queue_rollback_o   |     1 |
| bp_be_top        | lce_cmd_ready_o       |     1 |
| bp_be_top        | lce_data_cmd_ready_o  |     1 |
| bp_be_top        | lce_data_resp_v_o     |     1 |
| bp_be_top        | lce_req_v_o           |     1 |
| bp_be_top        | lce_resp_v_o          |     1 |
| bp_be_top        | lce_tr_resp_ready_o   |     1 |
| bp_be_top        | lce_tr_resp_v_o       |     1 |
| fakeram45_64x15  | ce_in                 |     1 |
| fakeram45_64x15  | clk                   |     1 |
| fakeram45_64x15  | we_in                 |     1 |
| fakeram45_64x96  | ce_in                 |     1 |
| fakeram45_64x96  | clk                   |     1 |
| fakeram45_64x96  | we_in                 |     1 |

[2026-08-20 04:21:00.695] [miter_logger] [info] Collecting POs for design 1: bp_be_top

[2026-08-20 04:21:00.855] [miter_logger] [info] size of common inputs: 19026
[2026-08-20 04:21:00.855] [miter_logger] [info] size of diff0 inputs: 0
[2026-08-20 04:21:00.855] [miter_logger] [info] size of diff1 inputs: 0
[2026-08-20 04:21:00.858] [miter_logger] [info] Collected 19575 PIs for design 1

[2026-08-20 04:21:00.858] [miter_logger] [info] Collected 20266 POs for design 1

[2026-08-20 04:21:00.860] [miter_logger] [info] design 1 PI summary by model/term (19575 total terminals, 25 unique rows):
| Model            | Term                  | Count |
|------------------|-----------------------|-------|
| DFF_X1           | Q                     |  8545 |
| DFF_X1           | QN                    |  8545 |
| bp_be_top        | lce_data_cmd_i        |   540 |
| LOGIC0_X1        | Z                     |   539 |
| bp_be_top        | lce_tr_resp_i         |   539 |
| fakeram45_512x64 | rd_out                |   512 |
| bp_be_top        | fe_queue_i            |   134 |
| fakeram45_64x96  | rd_out                |    96 |
| bp_be_top        | lce_cmd_i             |    36 |
| DFF_X2           | Q                     |    25 |
| DFF_X2           | QN                    |    25 |
| fakeram45_64x15  | rd_out                |    15 |
| LOGIC1_X1        | Z                     |    10 |
| bp_be_top        | proc_cfg_i            |     3 |
| bp_be_top        | clk_i                 |     1 |
| bp_be_top        | fe_cmd_ready_i        |     1 |
| bp_be_top        | fe_queue_v_i          |     1 |
| bp_be_top        | lce_cmd_v_i           |     1 |
| bp_be_top        | lce_data_cmd_v_i      |     1 |
| bp_be_top        | lce_data_resp_ready_i |     1 |
| bp_be_top        | lce_req_ready_i       |     1 |
| bp_be_top        | lce_resp_ready_i      |     1 |
| bp_be_top        | lce_tr_resp_ready_i   |     1 |
| bp_be_top        | lce_tr_resp_v_i       |     1 |
| bp_be_top        | reset_i               |     1 |

[2026-08-20 04:21:00.861] [miter_logger] [info] design 1 PO summary by model/term (20266 total terminals, 42 unique rows):
| Model            | Term                  | Count |
|------------------|-----------------------|-------|
| DFF_X1           | CK                    |  8545 |
| DFF_X1           | D                     |  8545 |
| bp_be_top        | lce_tr_resp_o         |   539 |
| bp_be_top        | lce_data_resp_o       |   537 |
| fakeram45_512x64 | w_mask_in             |   512 |
| fakeram45_512x64 | wd_in                 |   512 |
| bp_be_top        | cmt_trace_stage_reg_o |   378 |
| bp_be_top        | cmt_trace_result_o    |   128 |
| bp_be_top        | fe_cmd_o              |   109 |
| fakeram45_64x96  | w_mask_in             |    96 |
| fakeram45_64x96  | wd_in                 |    96 |
| fakeram45_512x64 | addr_in               |    72 |
| bp_be_top        | lce_req_o             |    30 |
| bp_be_top        | lce_resp_o            |    26 |
| DFF_X2           | CK                    |    25 |
| DFF_X2           | D                     |    25 |
| fakeram45_64x15  | w_mask_in             |    15 |
| fakeram45_64x15  | wd_in                 |    15 |
| fakeram45_512x64 | ce_in                 |     8 |
| fakeram45_512x64 | clk                   |     8 |
| fakeram45_512x64 | we_in                 |     8 |
| bp_be_top        | cmt_trace_exc_o       |     7 |
| fakeram45_64x15  | addr_in               |     6 |
| fakeram45_64x96  | addr_in               |     6 |
| bp_be_top        | fe_cmd_v_o            |     1 |
| bp_be_top        | fe_queue_clr_o        |     1 |
| bp_be_top        | fe_queue_dequeue_o    |     1 |
| bp_be_top        | fe_queue_ready_o      |     1 |
| bp_be_top        | fe_queue_rollback_o   |     1 |
| bp_be_top        | lce_cmd_ready_o       |     1 |
| bp_be_top        | lce_data_cmd_ready_o  |     1 |
| bp_be_top        | lce_data_resp_v_o     |     1 |
| bp_be_top        | lce_req_v_o           |     1 |
| bp_be_top        | lce_resp_v_o          |     1 |
| bp_be_top        | lce_tr_resp_ready_o   |     1 |
| bp_be_top        | lce_tr_resp_v_o       |     1 |
| fakeram45_64x15  | ce_in                 |     1 |
| fakeram45_64x15  | clk                   |     1 |
| fakeram45_64x15  | we_in                 |     1 |
| fakeram45_64x96  | ce_in                 |     1 |
| fakeram45_64x96  | clk                   |     1 |
| fakeram45_64x96  | we_in                 |     1 |

[2026-08-20 04:21:00.862] [miter_logger] [info] normalizeInputs: starting
[2026-08-20 04:21:00.885] [miter_logger] [info] size of common inputs: 19575
[2026-08-20 04:21:00.885] [miter_logger] [info] size of diff0 inputs: 0
[2026-08-20 04:21:00.885] [miter_logger] [info] size of diff1 inputs: 0
[2026-08-20 04:21:00.888] [miter_logger] [info] normalizeOutputs: starting
[2026-08-20 04:21:00.914] [miter_logger] [info] size of common outputs: 20266
[2026-08-20 04:21:00.914] [miter_logger] [info] size of diff0 outputs: 0
[2026-08-20 04:21:00.914] [miter_logger] [info] size of diff1 outputs: 0
[2026-08-20 04:21:00.916] [miter_logger] [info] size of PIs in circuit 0: 19575
[2026-08-20 04:21:00.916] [miter_logger] [info] size of PIs in circuit 1: 19575
[2026-08-20 04:21:00.916] [miter_logger] [info] size of POs in circuit 0: 20266
[2026-08-20 04:21:00.916] [miter_logger] [info] size of POs in circuit 1: 20266
[2026-08-20 04:21:01.425] [miter_logger] [info] Building miter expression
[2026-08-20 04:21:01.426] [miter_logger] [info] Finished building miter expression
[2026-08-20 04:21:01.426] [miter_logger] [info] Starting solver
[2026-08-20 04:21:01.426] [miter_logger] [info] SAT solver finished: UNSAT
[2026-08-20 04:21:01.426] [miter_logger] [info] Circuits are IDENTICAL
