OpenROAD 26Q3-1464-gb22abfea20 
Features included (+) or not (-): +GPU +GUI +Python
This program is licensed under the BSD-3 license. See the LICENSE file for details.
Components of this program may be licensed under more restrictive licenses which must be honored.
[INFO ORD-0030] Using 30 thread(s).
read_liberty ./platforms/nangate45/lib/NangateOpenCellLibrary_typical.lib
read_liberty ./platforms/nangate45/lib/fakeram45_512x64.lib
read_liberty ./platforms/nangate45/lib/fakeram45_64x15.lib
read_liberty ./platforms/nangate45/lib/fakeram45_64x96.lib
read_db /tmp/workspace/scripts-Private_test-fr_cugr_cmp-1-/results/nangate45/bp_be/base/5_1_grt.odb
read_sdc /tmp/workspace/scripts-Private_test-fr_cugr_cmp-1-/results/nangate45/bp_be/base/5_1_grt.sdc
source ./platforms/nangate45/setRC.tcl
[WARNING STA-0450] virtual clock vclk can not be propagated.
detailed_route -output_drc /tmp/workspace/scripts-Private_test-fr_cugr_cmp-1-/reports/nangate45/bp_be/base/5_route_drc.rpt -output_maze /tmp/workspace/scripts-Private_test-fr_cugr_cmp-1-/results/nangate45/bp_be/base/maze.log -droute_end_iter 64 -verbose 1 -drc_report_iter_step 5
[INFO DRT-0149] Reading tech and libs.

Units:                2000
Number of layers:     21
Number of macros:     138
Number of vias:       43
Number of viarulegen: 19

[INFO DRT-0150] Reading design.
[WARNING DRT-0120] Large net be_mmu.dcache/net8685 has 105 pins which may impact routing performance. Consider optimization.
[WARNING DRT-0120] Large net be_mmu.dcache/net9833 has 118 pins which may impact routing performance. Consider optimization.
[WARNING DRT-0120] Large net be_mmu.dcache/lce/lce_cmd_inst/net9413 has 161 pins which may impact routing performance. Consider optimization.
[WARNING DRT-0120] Large net net9291 has 225 pins which may impact routing performance. Consider optimization.
[WARNING DRT-0120] Large net be_mmu.dcache/net8811 has 112 pins which may impact routing performance. Consider optimization.
[WARNING DRT-0120] Large net be_mmu.dcache/net8827 has 128 pins which may impact routing performance. Consider optimization.
[WARNING DRT-0120] Large net be_mmu.dcache/net8802 has 141 pins which may impact routing performance. Consider optimization.
[WARNING DRT-0120] Large net be_mmu.dcache/net8684 has 108 pins which may impact routing performance. Consider optimization.
[WARNING DRT-0120] Large net be_mmu.dcache/lce/lce_cmd_inst/net10052 has 119 pins which may impact routing performance. Consider optimization.
[WARNING DRT-0120] Large net be_mmu.dcache/lce/net10000 has 109 pins which may impact routing performance. Consider optimization.
[WARNING DRT-0120] Large net be_mmu.dcache/net9832 has 101 pins which may impact routing performance. Consider optimization.
[WARNING DRT-0120] Large net be_mmu.dcache/net9829 has 123 pins which may impact routing performance. Consider optimization.
[WARNING DRT-0120] Large net be_mmu.dcache/net9830 has 121 pins which may impact routing performance. Consider optimization.
[WARNING DRT-0120] Large net be_mmu.dcache/net9807 has 101 pins which may impact routing performance. Consider optimization.
[WARNING DRT-0120] Large net be_mmu.dcache/net9799 has 107 pins which may impact routing performance. Consider optimization.
[WARNING DRT-0120] Large net be_mmu.dcache/net9798 has 124 pins which may impact routing performance. Consider optimization.
[WARNING DRT-0120] Large net be_mmu.dcache/net9795 has 107 pins which may impact routing performance. Consider optimization.
[WARNING DRT-0120] Large net be_mmu.dcache/net9777 has 126 pins which may impact routing performance. Consider optimization.
[WARNING DRT-0120] Large net be_mmu.dcache/net9780 has 149 pins which may impact routing performance. Consider optimization.
[WARNING DRT-0120] Large net be_mmu.dcache/net9789 has 103 pins which may impact routing performance. Consider optimization.
[WARNING DRT-0120] Large net be_mmu.dcache/lce/net9715 has 105 pins which may impact routing performance. Consider optimization.
[WARNING DRT-0120] Large net be_mmu.dcache/lce/net9707 has 101 pins which may impact routing performance. Consider optimization.
[WARNING DRT-0120] Large net be_mmu.dcache/lce/net9713 has 110 pins which may impact routing performance. Consider optimization.
[WARNING DRT-0120] Large net be_mmu.dcache/lce/net9709 has 106 pins which may impact routing performance. Consider optimization.
[WARNING DRT-0120] Large net be_mmu.dcache/lce/lce_cmd_inst/net9695 has 103 pins which may impact routing performance. Consider optimization.
[WARNING DRT-0120] Large net be_mmu.dcache/net9835 has 114 pins which may impact routing performance. Consider optimization.
[WARNING DRT-0120] Large net be_mmu.dcache/lce/net10001 has 110 pins which may impact routing performance. Consider optimization.
[WARNING DRT-0120] Large net be_mmu.dcache/net9808 has 106 pins which may impact routing performance. Consider optimization.
[WARNING DRT-0120] Large net be_mmu.dcache/net9767 has 101 pins which may impact routing performance. Consider optimization.
[WARNING DRT-0120] Large net be_mmu.dcache/net9760 has 149 pins which may impact routing performance. Consider optimization.
[WARNING DRT-0120] Large net be_mmu.dcache/net9792 has 107 pins which may impact routing performance. Consider optimization.
[WARNING DRT-0120] Large net be_mmu.dcache/lce/net9440 has 128 pins which may impact routing performance. Consider optimization.
[WARNING DRT-0120] Large net be_mmu.dcache/lce/net9436 has 120 pins which may impact routing performance. Consider optimization.
[WARNING DRT-0120] Large net be_mmu.dcache/lce/lce_cmd_inst/net9410 has 114 pins which may impact routing performance. Consider optimization.
[WARNING DRT-0120] Large net be_mmu.dcache/lce/lce_cmd_inst/net9287 has 134 pins which may impact routing performance. Consider optimization.
[WARNING DRT-0120] Large net be_mmu.dcache/net8810 has 140 pins which may impact routing performance. Consider optimization.
[WARNING DRT-0120] Large net be_mmu.dcache/net8812 has 138 pins which may impact routing performance. Consider optimization.
[WARNING DRT-0120] Large net be_mmu.dcache/net8777 has 119 pins which may impact routing performance. Consider optimization.
[WARNING DRT-0120] Large net be_mmu.dcache/net8694 has 116 pins which may impact routing performance. Consider optimization.
[WARNING DRT-0120] Large net be_mmu.dcache/net8687 has 134 pins which may impact routing performance. Consider optimization.
[WARNING DRT-0120] Large net be_mmu.dcache/net8698 has 137 pins which may impact routing performance. Consider optimization.
[WARNING DRT-0120] Large net be_mmu.dcache/lce/lce_cmd_inst/net8938 has 112 pins which may impact routing performance. Consider optimization.

Design:                   bp_be_top
Die area:                 ( 0 0 ) ( 1600000 1400000 )
Number of track patterns: 20
Number of DEF vias:       0
Number of components:     55979
Number of terminals:      3031
Number of snets:          2
Number of nets:           63370

[INFO DRT-0167] List of default vias:
  Layer via2
    default via: via2_5
  Layer via3
    default via: via3_2
  Layer via4
    default via: via4_0
  Layer via5
    default via: via5_0
  Layer via6
    default via: via6_0
  Layer via7
    default via: via7_0
  Layer via8
    default via: via8_0
  Layer via9
    default via: via9_0
[INFO DRT-0162] Library cell analysis.
[INFO DRT-0163] Instance analysis.
[INFO DRT-0164] Number of unique instances = 170.
[INFO DRT-0168] Init region query.
[INFO DRT-0024]   Complete active.
[INFO DRT-0024]   Complete Fr_VIA.
[INFO DRT-0024]   Complete metal1.
[INFO DRT-0024]   Complete via1.
[INFO DRT-0024]   Complete metal2.
[INFO DRT-0024]   Complete via2.
[INFO DRT-0024]   Complete metal3.
[INFO DRT-0024]   Complete via3.
[INFO DRT-0024]   Complete metal4.
[INFO DRT-0024]   Complete via4.
[INFO DRT-0024]   Complete metal5.
[INFO DRT-0024]   Complete via5.
[INFO DRT-0024]   Complete metal6.
[INFO DRT-0024]   Complete via6.
[INFO DRT-0024]   Complete metal7.
[INFO DRT-0024]   Complete via7.
[INFO DRT-0024]   Complete metal8.
[INFO DRT-0024]   Complete via8.
[INFO DRT-0024]   Complete metal9.
[INFO DRT-0024]   Complete via9.
[INFO DRT-0024]   Complete metal10.
[INFO DRT-0033] active shape region query size = 0.
[INFO DRT-0033] FR_VIA shape region query size = 0.
[INFO DRT-0033] metal1 shape region query size = 1089239.
[INFO DRT-0033] via1 shape region query size = 15660.
[INFO DRT-0033] metal2 shape region query size = 10450.
[INFO DRT-0033] via2 shape region query size = 15660.
[INFO DRT-0033] metal3 shape region query size = 14426.
[INFO DRT-0033] via3 shape region query size = 15660.
[INFO DRT-0033] metal4 shape region query size = 12635.
[INFO DRT-0033] via4 shape region query size = 22163.
[INFO DRT-0033] metal5 shape region query size = 11464.
[INFO DRT-0033] via5 shape region query size = 31067.
[INFO DRT-0033] metal6 shape region query size = 6554.
[INFO DRT-0033] via6 shape region query size = 9975.
[INFO DRT-0033] metal7 shape region query size = 1587.
[INFO DRT-0033] via7 shape region query size = 0.
[INFO DRT-0033] metal8 shape region query size = 0.
[INFO DRT-0033] via8 shape region query size = 0.
[INFO DRT-0033] metal9 shape region query size = 0.
[INFO DRT-0033] via9 shape region query size = 0.
[INFO DRT-0033] metal10 shape region query size = 0.
[INFO DRT-0165] Start pin access.
[INFO DRT-0076]   Complete 1000 pins.
[INFO DRT-0076]   Complete 2000 pins.
[INFO DRT-0078]   Complete 2536 pins.
[INFO DRT-0079]   Complete 100 unique inst patterns.
[INFO DRT-0081]   Complete 162 unique inst patterns.
[INFO DRT-0082]   Complete 10000 groups.
[INFO DRT-0082]   Complete 20000 groups.
[INFO DRT-0082]   Complete 30000 groups.
[INFO DRT-0084]   Complete 36909 groups.
#scanned instances     = 55979
#unique  instances     = 170
#stdCellGenAp          = 5778
#stdCellValidPlanarAp  = 0
#stdCellValidViaAp     = 3941
#stdCellPinNoAp        = 0
#stdCellPinCnt         = 192713
#instTermValidViaApCnt = 0
#macroGenAp            = 2241
#macroValidPlanarAp    = 2241
#macroValidViaAp       = 0
#macroNoAp             = 0
[INFO DRT-0166] Complete pin access.
[INFO DRT-0267] cpu time = 00:06:42, elapsed time = 00:00:14, memory = 739.35 (MB), peak = 754.14 (MB)
[INFO DRT-0156] guideIn read 100000 guides.
[INFO DRT-0156] guideIn read 200000 guides.
[INFO DRT-0156] guideIn read 300000 guides.
[INFO DRT-0156] guideIn read 400000 guides.

[INFO DRT-0157] Number of guides:     484370

[INFO DRT-0169] Post process guides.
[INFO DRT-0176] GCELLGRID X 0 DO 280 STEP 5700 ;
[INFO DRT-0177] GCELLGRID Y 0 DO 245 STEP 5700 ;
[INFO DRT-0026]   Complete 100000 origin guides.
[INFO DRT-0026]   Complete 200000 origin guides.
[INFO DRT-0026]   Complete 300000 origin guides.
[INFO DRT-0026]   Complete 400000 origin guides.
[INFO DRT-0028]   Complete active.
[INFO DRT-0028]   Complete Fr_VIA.
[INFO DRT-0028]   Complete metal1.
[INFO DRT-0028]   Complete via1.
[INFO DRT-0028]   Complete metal2.
[INFO DRT-0028]   Complete via2.
[INFO DRT-0028]   Complete metal3.
[INFO DRT-0028]   Complete via3.
[INFO DRT-0028]   Complete metal4.
[INFO DRT-0028]   Complete via4.
[INFO DRT-0028]   Complete metal5.
[INFO DRT-0028]   Complete via5.
[INFO DRT-0028]   Complete metal6.
[INFO DRT-0028]   Complete via6.
[INFO DRT-0028]   Complete metal7.
[INFO DRT-0028]   Complete via7.
[INFO DRT-0028]   Complete metal8.
[INFO DRT-0028]   Complete via8.
[INFO DRT-0028]   Complete metal9.
[INFO DRT-0028]   Complete via9.
[INFO DRT-0028]   Complete metal10.
[INFO DRT-0178] Init guide query.
[INFO DRT-0035]   Complete active (guide).
[INFO DRT-0035]   Complete Fr_VIA (guide).
[INFO DRT-0035]   Complete metal1 (guide).
[INFO DRT-0035]   Complete via1 (guide).
[INFO DRT-0035]   Complete metal2 (guide).
[INFO DRT-0035]   Complete via2 (guide).
[INFO DRT-0035]   Complete metal3 (guide).
[INFO DRT-0035]   Complete via3 (guide).
[INFO DRT-0035]   Complete metal4 (guide).
[INFO DRT-0035]   Complete via4 (guide).
[INFO DRT-0035]   Complete metal5 (guide).
[INFO DRT-0035]   Complete via5 (guide).
[INFO DRT-0035]   Complete metal6 (guide).
[INFO DRT-0035]   Complete via6 (guide).
[INFO DRT-0035]   Complete metal7 (guide).
[INFO DRT-0035]   Complete via7 (guide).
[INFO DRT-0035]   Complete metal8 (guide).
[INFO DRT-0035]   Complete via8 (guide).
[INFO DRT-0035]   Complete metal9 (guide).
[INFO DRT-0035]   Complete via9 (guide).
[INFO DRT-0035]   Complete metal10 (guide).
[INFO DRT-0036] active guide region query size = 0.
[INFO DRT-0036] FR_VIA guide region query size = 0.
[INFO DRT-0036] metal1 guide region query size = 157533.
[INFO DRT-0036] via1 guide region query size = 0.
[INFO DRT-0036] metal2 guide region query size = 142336.
[INFO DRT-0036] via2 guide region query size = 0.
[INFO DRT-0036] metal3 guide region query size = 81104.
[INFO DRT-0036] via3 guide region query size = 0.
[INFO DRT-0036] metal4 guide region query size = 11171.
[INFO DRT-0036] via4 guide region query size = 0.
[INFO DRT-0036] metal5 guide region query size = 6796.
[INFO DRT-0036] via5 guide region query size = 0.
[INFO DRT-0036] metal6 guide region query size = 2676.
[INFO DRT-0036] via6 guide region query size = 0.
[INFO DRT-0036] metal7 guide region query size = 76.
[INFO DRT-0036] via7 guide region query size = 0.
[INFO DRT-0036] metal8 guide region query size = 22.
[INFO DRT-0036] via8 guide region query size = 0.
[INFO DRT-0036] metal9 guide region query size = 4.
[INFO DRT-0036] via9 guide region query size = 0.
[INFO DRT-0036] metal10 guide region query size = 1.
[INFO DRT-0179] Init gr pin query.
[INFO DRT-0267] cpu time = 00:00:02, elapsed time = 00:00:00, memory = 909.60 (MB), peak = 905.71 (MB)
[INFO DRT-0245] skipped writing guide updates to database.
[INFO DRT-0181] Start track assignment.
[INFO DRT-0184] Done with 156206 vertical wires in 6 frboxes and 245513 horizontal wires in 5 frboxes.
[INFO DRT-0186] Done with 44167 vertical wires in 6 frboxes and 50830 horizontal wires in 5 frboxes.
[INFO DRT-0182] Complete track assignment.
[INFO DRT-0267] cpu time = 00:00:27, elapsed time = 00:00:07, memory = 1998.17 (MB), peak = 1993.94 (MB)
[INFO DRT-0187] Start routing data preparation.
[INFO DRT-0267] cpu time = 00:00:00, elapsed time = 00:00:00, memory = 1998.17 (MB), peak = 1993.94 (MB)
[INFO DRT-0194] Start detail routing.
[INFO DRT-0195] Start 0th optimization iteration.
    Completing 10% with 0 violations.
    elapsed time = 00:00:02, memory = 2833.61 (MB).
    Completing 20% with 0 violations.
    elapsed time = 00:00:08, memory = 3311.91 (MB).
    Completing 30% with 3870 violations.
    elapsed time = 00:00:12, memory = 3640.70 (MB).
    Completing 40% with 3870 violations.
    elapsed time = 00:00:17, memory = 3791.79 (MB).
    Completing 50% with 3870 violations.
    elapsed time = 00:00:22, memory = 3745.13 (MB).
    Completing 60% with 7902 violations.
    elapsed time = 00:00:26, memory = 4026.93 (MB).
    Completing 70% with 7902 violations.
    elapsed time = 00:00:31, memory = 4053.25 (MB).
    Completing 80% with 11843 violations.
    elapsed time = 00:00:35, memory = 4070.50 (MB).
    Completing 90% with 11843 violations.
    elapsed time = 00:00:41, memory = 4187.04 (MB).
    Completing 100% with 15595 violations.
    elapsed time = 00:00:47, memory = 3941.58 (MB).
[INFO DRT-0199]   Number of violations = 21502.
Viol/Layer      metal1   via1 metal2   via2 metal3   via3 metal4   via4 metal5   via5 metal6 metal7
Cut Spacing          0      6      0     19      0      0      0     31      0     46      0      0
Metal Spacing        0      0   1093      0    124      0     11      0    163      0     56     82
Recheck             33      0   3142      0   2053      0     68      0    476      0    118     17
Short                0      2  10222     13   2177      4    180      2    939     25    400      0
[INFO DRT-0267] cpu time = 00:19:58, elapsed time = 00:00:48, memory = 3941.64 (MB), peak = 4270.57 (MB)
Total wire length = 2248701 um.
Total wire length on LAYER metal1 = 0 um.
Total wire length on LAYER metal2 = 567354 um.
Total wire length on LAYER metal3 = 744104 um.
Total wire length on LAYER metal4 = 357245 um.
Total wire length on LAYER metal5 = 333634 um.
Total wire length on LAYER metal6 = 234020 um.
Total wire length on LAYER metal7 = 9342 um.
Total wire length on LAYER metal8 = 2411 um.
Total wire length on LAYER metal9 = 474 um.
Total wire length on LAYER metal10 = 113 um.
Total number of vias = 423074.
Up-via summary (total 423074):

-----------------
 active         0
 metal1    184747
 metal2    208056
 metal3     15150
 metal4      8328
 metal5      6057
 metal6       661
 metal7        67
 metal8         6
 metal9         2
-----------------
       423074


[INFO DRT-0195] Start 1st optimization iteration.
    Completing 10% with 21502 violations.
    elapsed time = 00:00:03, memory = 4597.32 (MB).
    Completing 20% with 21502 violations.
    elapsed time = 00:00:07, memory = 4410.60 (MB).
    Completing 30% with 17972 violations.
    elapsed time = 00:00:11, memory = 4293.28 (MB).
    Completing 40% with 17972 violations.
    elapsed time = 00:00:16, memory = 4480.84 (MB).
    Completing 50% with 17972 violations.
    elapsed time = 00:00:18, memory = 4239.95 (MB).
    Completing 60% with 14115 violations.
    elapsed time = 00:00:24, memory = 4549.73 (MB).
    Completing 70% with 14115 violations.
    elapsed time = 00:00:29, memory = 4547.56 (MB).
    Completing 80% with 10931 violations.
    elapsed time = 00:00:33, memory = 4350.87 (MB).
    Completing 90% with 10931 violations.
    elapsed time = 00:00:39, memory = 4528.15 (MB).
    Completing 100% with 6880 violations.
    elapsed time = 00:00:45, memory = 4150.77 (MB).
[INFO DRT-0199]   Number of violations = 6880.
Viol/Layer        via1 metal2   via2 metal3 metal4   via4 metal5   via5 metal6
Cut Spacing         13      0     10      0      0     10      0      2      0
Metal Spacing        0   1122      0     50      3      0      6      0      3
NS Metal             0      0      0      1      0      0      0      0      0
Short                0   4895      0    632      7      0     85      1     40
[INFO DRT-0267] cpu time = 00:18:02, elapsed time = 00:00:46, memory = 4150.77 (MB), peak = 4626.10 (MB)
Total wire length = 2241786 um.
Total wire length on LAYER metal1 = 0 um.
Total wire length on LAYER metal2 = 563664 um.
Total wire length on LAYER metal3 = 742229 um.
Total wire length on LAYER metal4 = 357398 um.
Total wire length on LAYER metal5 = 332956 um.
Total wire length on LAYER metal6 = 232771 um.
Total wire length on LAYER metal7 = 9620 um.
Total wire length on LAYER metal8 = 2558 um.
Total wire length on LAYER metal9 = 474 um.
Total wire length on LAYER metal10 = 113 um.
Total number of vias = 418237.
Up-via summary (total 418237):

-----------------
 active         0
 metal1    184728
 metal2    204850
 metal3     15231
 metal4      8361
 metal5      4677
 metal6       315
 metal7        67
 metal8         6
 metal9         2
-----------------
       418237


[INFO DRT-0195] Start 2nd optimization iteration.
    Completing 10% with 6880 violations.
    elapsed time = 00:00:02, memory = 4498.21 (MB).
    Completing 20% with 6880 violations.
    elapsed time = 00:00:06, memory = 4628.59 (MB).
    Completing 30% with 6623 violations.
    elapsed time = 00:00:10, memory = 4298.85 (MB).
    Completing 40% with 6623 violations.
    elapsed time = 00:00:14, memory = 4525.66 (MB).
    Completing 50% with 6623 violations.
    elapsed time = 00:00:16, memory = 4518.00 (MB).
    Completing 60% with 6231 violations.
    elapsed time = 00:00:21, memory = 4525.32 (MB).
    Completing 70% with 6231 violations.
    elapsed time = 00:00:26, memory = 4687.02 (MB).
    Completing 80% with 5832 violations.
    elapsed time = 00:00:30, memory = 4329.61 (MB).
    Completing 90% with 5832 violations.
    elapsed time = 00:00:34, memory = 4546.16 (MB).
    Completing 100% with 5628 violations.
    elapsed time = 00:00:38, memory = 4070.80 (MB).
[INFO DRT-0199]   Number of violations = 5628.
Viol/Layer      metal1   via1 metal2   via2 metal3 metal4   via4 metal5 metal6
Cut Spacing          0     12      0      8      0      0     10      0      0
Metal Spacing        1      0    987      0     49      4      0      1      1
Short                0      0   3986      0    499     22      0     27     21
[INFO DRT-0267] cpu time = 00:14:36, elapsed time = 00:00:39, memory = 4032.79 (MB), peak = 4721.98 (MB)
Total wire length = 2239946 um.
Total wire length on LAYER metal1 = 0 um.
Total wire length on LAYER metal2 = 562186 um.
Total wire length on LAYER metal3 = 741907 um.
Total wire length on LAYER metal4 = 357430 um.
Total wire length on LAYER metal5 = 332875 um.
Total wire length on LAYER metal6 = 232735 um.
Total wire length on LAYER metal7 = 9652 um.
Total wire length on LAYER metal8 = 2570 um.
Total wire length on LAYER metal9 = 474 um.
Total wire length on LAYER metal10 = 113 um.
Total number of vias = 416807.
Up-via summary (total 416807):

-----------------
 active         0
 metal1    184754
 metal2    203470
 metal3     15290
 metal4      8326
 metal5      4603
 metal6       291
 metal7        65
 metal8         6
 metal9         2
-----------------
       416807


[INFO DRT-0195] Start 3rd optimization iteration.
    Completing 10% with 5628 violations.
    elapsed time = 00:00:00, memory = 4486.43 (MB).
    Completing 20% with 5628 violations.
    elapsed time = 00:00:02, memory = 4616.35 (MB).
    Completing 30% with 4308 violations.
    elapsed time = 00:00:04, memory = 4032.91 (MB).
    Completing 40% with 4308 violations.
    elapsed time = 00:00:06, memory = 4506.52 (MB).
    Completing 50% with 4308 violations.
    elapsed time = 00:00:09, memory = 4032.89 (MB).
    Completing 60% with 2912 violations.
    elapsed time = 00:00:11, memory = 4588.88 (MB).
    Completing 70% with 2912 violations.
    elapsed time = 00:00:12, memory = 4483.32 (MB).
    Completing 80% with 1574 violations.
    elapsed time = 00:00:18, memory = 4286.36 (MB).
    Completing 90% with 1574 violations.
    elapsed time = 00:00:20, memory = 4564.91 (MB).
    Completing 100% with 142 violations.
    elapsed time = 00:00:24, memory = 4032.90 (MB).
[INFO DRT-0199]   Number of violations = 145.
Viol/Layer      metal2   via2 metal3
Cut Spacing          0      1      0
Metal Spacing       18      0      2
Recheck              3      0      0
Short               86      0     35
[INFO DRT-0267] cpu time = 00:06:22, elapsed time = 00:00:25, memory = 3992.89 (MB), peak = 4721.98 (MB)
Total wire length = 2240200 um.
Total wire length on LAYER metal1 = 0 um.
Total wire length on LAYER metal2 = 552236 um.
Total wire length on LAYER metal3 = 742997 um.
Total wire length on LAYER metal4 = 366418 um.
Total wire length on LAYER metal5 = 332982 um.
Total wire length on LAYER metal6 = 232706 um.
Total wire length on LAYER metal7 = 9691 um.
Total wire length on LAYER metal8 = 2580 um.
Total wire length on LAYER metal9 = 474 um.
Total wire length on LAYER metal10 = 113 um.
Total number of vias = 422182.
Up-via summary (total 422182):

-----------------
 active         0
 metal1    184761
 metal2    206128
 metal3     17872
 metal4      8397
 metal5      4650
 metal6       301
 metal7        65
 metal8         6
 metal9         2
-----------------
       422182


[INFO DRT-0195] Start 4th optimization iteration.
    Completing 10% with 145 violations.
    elapsed time = 00:00:00, memory = 3992.89 (MB).
    Completing 20% with 145 violations.
    elapsed time = 00:00:00, memory = 3992.89 (MB).
    Completing 30% with 103 violations.
    elapsed time = 00:00:00, memory = 3992.89 (MB).
    Completing 40% with 103 violations.
    elapsed time = 00:00:00, memory = 3992.89 (MB).
    Completing 50% with 103 violations.
    elapsed time = 00:00:00, memory = 3992.89 (MB).
    Completing 60% with 94 violations.
    elapsed time = 00:00:01, memory = 3992.89 (MB).
    Completing 70% with 94 violations.
    elapsed time = 00:00:01, memory = 3992.89 (MB).
    Completing 80% with 41 violations.
    elapsed time = 00:00:01, memory = 3992.89 (MB).
    Completing 90% with 41 violations.
    elapsed time = 00:00:01, memory = 3992.89 (MB).
    Completing 100% with 0 violations.
    elapsed time = 00:00:02, memory = 3992.89 (MB).
[INFO DRT-0199]   Number of violations = 0.
[INFO DRT-0267] cpu time = 00:00:10, elapsed time = 00:00:02, memory = 3992.89 (MB), peak = 4721.98 (MB)
Total wire length = 2240194 um.
Total wire length on LAYER metal1 = 0 um.
Total wire length on LAYER metal2 = 552171 um.
Total wire length on LAYER metal3 = 742985 um.
Total wire length on LAYER metal4 = 366481 um.
Total wire length on LAYER metal5 = 332991 um.
Total wire length on LAYER metal6 = 232706 um.
Total wire length on LAYER metal7 = 9691 um.
Total wire length on LAYER metal8 = 2580 um.
Total wire length on LAYER metal9 = 474 um.
Total wire length on LAYER metal10 = 113 um.
Total number of vias = 422207.
Up-via summary (total 422207):

-----------------
 active         0
 metal1    184761
 metal2    206136
 metal3     17889
 metal4      8397
 metal5      4650
 metal6       301
 metal7        65
 metal8         6
 metal9         2
-----------------
       422207


[INFO DRT-0198] Complete detail routing.
Total wire length = 2240194 um.
Total wire length on LAYER metal1 = 0 um.
Total wire length on LAYER metal2 = 552171 um.
Total wire length on LAYER metal3 = 742985 um.
Total wire length on LAYER metal4 = 366481 um.
Total wire length on LAYER metal5 = 332991 um.
Total wire length on LAYER metal6 = 232706 um.
Total wire length on LAYER metal7 = 9691 um.
Total wire length on LAYER metal8 = 2580 um.
Total wire length on LAYER metal9 = 474 um.
Total wire length on LAYER metal10 = 113 um.
Total number of vias = 422207.
Up-via summary (total 422207):

-----------------
 active         0
 metal1    184761
 metal2    206136
 metal3     17889
 metal4      8397
 metal5      4650
 metal6       301
 metal7        65
 metal8         6
 metal9         2
-----------------
       422207


[INFO DRT-0267] cpu time = 00:59:11, elapsed time = 00:02:42, memory = 3993.02 (MB), peak = 4721.98 (MB)

[INFO DRT-0180] Post processing.
[INFO DRT-0501] Runtime: 187.26s
Took 187 seconds: detailed_route -output_drc /tmp/workspace/scripts-Private_test-fr_cugr_cmp-1-/reports/nangate45/bp_be/base/5_route_drc.rpt -output_maze /tmp/workspace/scripts-Private_test-fr_cugr_cmp-1-/results/nangate45/bp_be/base/maze.log -droute_end_iter 64 -verbose 1 -drc_report_iter_step 5
[WARNING GRT-0246] No diode with LEF class CORE ANTENNACELL found.
[INFO ANT-0002] Found 0 net violations.
[INFO ANT-0001] Found 0 pin violations.
[INFO ANT-0002] Found 0 net violations.
[INFO ANT-0001] Found 0 pin violations.
Design area 240856 um^2 46% utilization.
write_db /tmp/workspace/scripts-Private_test-fr_cugr_cmp-1-/results/nangate45/bp_be/base/5_2_route.odb
Elapsed time: 3:15.35[h:]min:sec. CPU time: user 4103.10 sys 5.19 (2103%). Peak memory: 4835308KB.
Log                       Ext     Elapsed/s Peak Memory/MB sha1sum result [0:20)
5_2_route                 .odb          195           4721 9a7d03431e179a3af7a0
