OpenROAD 26Q3-1464-gb22abfea20 
Features included (+) or not (-): +GPU +GUI +Python
This program is licensed under the BSD-3 license. See the LICENSE file for details.
Components of this program may be licensed under more restrictive licenses which must be honored.
[INFO ORD-0030] Using 30 thread(s).
source ./platforms/asap7/liberty_suppressions.tcl
read_liberty ./platforms/asap7/lib/NLDM/asap7sc7p5t_AO_RVT_FF_nldm_211120.lib.gz
read_liberty ./platforms/asap7/lib/NLDM/asap7sc7p5t_INVBUF_RVT_FF_nldm_220122.lib.gz
read_liberty ./platforms/asap7/lib/NLDM/asap7sc7p5t_OA_RVT_FF_nldm_211120.lib.gz
read_liberty ./platforms/asap7/lib/NLDM/asap7sc7p5t_SIMPLE_RVT_FF_nldm_211120.lib.gz
read_liberty ./platforms/asap7/lib/NLDM/asap7sc7p5t_SEQ_RVT_FF_nldm_220123.lib
read_db -hier /tmp/workspace/scripts-Private_test-fr_cugr_cmp-1-/results/asap7/ibex/base/5_1_grt.odb
[WARNING ORD-0012] Hierarchical flow (-hier) is currently in development and may cause multiple issues. Do not use in production environments.
read_sdc /tmp/workspace/scripts-Private_test-fr_cugr_cmp-1-/results/asap7/ibex/base/5_1_grt.sdc
source ./platforms/asap7/setRC.tcl
[WARNING STA-0450] virtual clock vclk_core_clock can not be propagated.
detailed_route -output_drc /tmp/workspace/scripts-Private_test-fr_cugr_cmp-1-/reports/asap7/ibex/base/5_route_drc.rpt -output_maze /tmp/workspace/scripts-Private_test-fr_cugr_cmp-1-/results/asap7/ibex/base/maze.log -droute_end_iter 64 -verbose 1 -drc_report_iter_step 5
[INFO DRT-0149] Reading tech and libs.

Units:                1000
Number of layers:     21
Number of macros:     212
Number of vias:       14
Number of viarulegen: 11

[INFO DRT-0150] Reading design.
[WARNING DRT-0120] Large net net4675 has 104 pins which may impact routing performance. Consider optimization.
[WARNING DRT-0120] Large net net4668 has 116 pins which may impact routing performance. Consider optimization.

Design:                   ibex_core
Die area:                 ( 0 0 ) ( 76726 76726 )
Number of track patterns: 32
Number of DEF vias:       0
Number of components:     20714
Number of terminals:      266
Number of snets:          2
Number of nets:           20658

[INFO DRT-0167] List of default vias:
  Layer V2
    default via: VIA23
  Layer V3
    default via: VIA34
  Layer V4
    default via: VIA45
  Layer V5
    default via: VIA56
  Layer V6
    default via: VIA67
  Layer V7
    default via: VIA78
  Layer V8
    default via: VIA89
  Layer V9
    default via: VIA9Pad
[INFO DRT-0162] Library cell analysis.
[INFO DRT-0163] Instance analysis.
[INFO DRT-0164] Number of unique instances = 271.
[INFO DRT-0168] Init region query.
[INFO DRT-0024]   Complete Active.
[INFO DRT-0024]   Complete V0.
[INFO DRT-0024]   Complete M1.
[INFO DRT-0024]   Complete V1.
[INFO DRT-0024]   Complete M2.
[INFO DRT-0024]   Complete V2.
[INFO DRT-0024]   Complete M3.
[INFO DRT-0024]   Complete V3.
[INFO DRT-0024]   Complete M4.
[INFO DRT-0024]   Complete V4.
[INFO DRT-0024]   Complete M5.
[INFO DRT-0024]   Complete V5.
[INFO DRT-0024]   Complete M6.
[INFO DRT-0024]   Complete V6.
[INFO DRT-0024]   Complete M7.
[INFO DRT-0024]   Complete V7.
[INFO DRT-0024]   Complete M8.
[INFO DRT-0024]   Complete V8.
[INFO DRT-0024]   Complete M9.
[INFO DRT-0024]   Complete V9.
[INFO DRT-0024]   Complete Pad.
[INFO DRT-0033] Active shape region query size = 0.
[INFO DRT-0033] V0 shape region query size = 0.
[INFO DRT-0033] M1 shape region query size = 334025.
[INFO DRT-0033] V1 shape region query size = 583780.
[INFO DRT-0033] M2 shape region query size = 19820.
[INFO DRT-0033] V2 shape region query size = 11298.
[INFO DRT-0033] M3 shape region query size = 11298.
[INFO DRT-0033] V3 shape region query size = 7532.
[INFO DRT-0033] M4 shape region query size = 7647.
[INFO DRT-0033] V4 shape region query size = 7532.
[INFO DRT-0033] M5 shape region query size = 4335.
[INFO DRT-0033] V5 shape region query size = 784.
[INFO DRT-0033] M6 shape region query size = 448.
[INFO DRT-0033] V6 shape region query size = 0.
[INFO DRT-0033] M7 shape region query size = 0.
[INFO DRT-0033] V7 shape region query size = 0.
[INFO DRT-0033] M8 shape region query size = 0.
[INFO DRT-0033] V8 shape region query size = 0.
[INFO DRT-0033] M9 shape region query size = 0.
[INFO DRT-0033] V9 shape region query size = 0.
[INFO DRT-0033] Pad shape region query size = 0.
[INFO DRT-0165] Start pin access.
[INFO DRT-0076]   Complete 1000 pins.
[INFO DRT-0078]   Complete 1563 pins.
[INFO DRT-0079]   Complete 100 unique inst patterns.
[INFO DRT-0079]   Complete 200 unique inst patterns.
[INFO DRT-0081]   Complete 271 unique inst patterns.
[INFO DRT-0082]   Complete 10000 groups.
[INFO DRT-0084]   Complete 16239 groups.
#scanned instances     = 20714
#unique  instances     = 271
#stdCellGenAp          = 7699
#stdCellValidPlanarAp  = 72
#stdCellValidViaAp     = 6419
#stdCellPinNoAp        = 0
#stdCellPinCnt         = 66664
#instTermValidViaApCnt = 0
#macroGenAp            = 0
#macroValidPlanarAp    = 0
#macroValidViaAp       = 0
#macroNoAp             = 0
[INFO DRT-0166] Complete pin access.
[INFO DRT-0267] cpu time = 00:02:57, elapsed time = 00:00:06, memory = 507.03 (MB), peak = 504.08 (MB)
[INFO DRT-0156] guideIn read 100000 guides.
[INFO DRT-0156] guideIn read 200000 guides.

[INFO DRT-0157] Number of guides:     200366

[INFO DRT-0169] Post process guides.
[INFO DRT-0176] GCELLGRID X 0 DO 134 STEP 570 ;
[INFO DRT-0177] GCELLGRID Y 0 DO 134 STEP 570 ;
[INFO DRT-0026]   Complete 100000 origin guides.
[INFO DRT-0026]   Complete 200000 origin guides.
[INFO DRT-0028]   Complete Active.
[INFO DRT-0028]   Complete V0.
[INFO DRT-0028]   Complete M1.
[INFO DRT-0028]   Complete V1.
[INFO DRT-0028]   Complete M2.
[INFO DRT-0028]   Complete V2.
[INFO DRT-0028]   Complete M3.
[INFO DRT-0028]   Complete V3.
[INFO DRT-0028]   Complete M4.
[INFO DRT-0028]   Complete V4.
[INFO DRT-0028]   Complete M5.
[INFO DRT-0028]   Complete V5.
[INFO DRT-0028]   Complete M6.
[INFO DRT-0028]   Complete V6.
[INFO DRT-0028]   Complete M7.
[INFO DRT-0028]   Complete V7.
[INFO DRT-0028]   Complete M8.
[INFO DRT-0028]   Complete V8.
[INFO DRT-0028]   Complete M9.
[INFO DRT-0028]   Complete V9.
[INFO DRT-0028]   Complete Pad.
[INFO DRT-0178] Init guide query.
[INFO DRT-0035]   Complete Active (guide).
[INFO DRT-0035]   Complete V0 (guide).
[INFO DRT-0035]   Complete M1 (guide).
[INFO DRT-0035]   Complete V1 (guide).
[INFO DRT-0035]   Complete M2 (guide).
[INFO DRT-0035]   Complete V2 (guide).
[INFO DRT-0035]   Complete M3 (guide).
[INFO DRT-0035]   Complete V3 (guide).
[INFO DRT-0035]   Complete M4 (guide).
[INFO DRT-0035]   Complete V4 (guide).
[INFO DRT-0035]   Complete M5 (guide).
[INFO DRT-0035]   Complete V5 (guide).
[INFO DRT-0035]   Complete M6 (guide).
[INFO DRT-0035]   Complete V6 (guide).
[INFO DRT-0035]   Complete M7 (guide).
[INFO DRT-0035]   Complete V7 (guide).
[INFO DRT-0035]   Complete M8 (guide).
[INFO DRT-0035]   Complete V8 (guide).
[INFO DRT-0035]   Complete M9 (guide).
[INFO DRT-0035]   Complete V9 (guide).
[INFO DRT-0035]   Complete Pad (guide).
[INFO DRT-0036] Active guide region query size = 0.
[INFO DRT-0036] V0 guide region query size = 0.
[INFO DRT-0036] M1 guide region query size = 55876.
[INFO DRT-0036] V1 guide region query size = 0.
[INFO DRT-0036] M2 guide region query size = 54084.
[INFO DRT-0036] V2 guide region query size = 0.
[INFO DRT-0036] M3 guide region query size = 31114.
[INFO DRT-0036] V3 guide region query size = 0.
[INFO DRT-0036] M4 guide region query size = 7529.
[INFO DRT-0036] V4 guide region query size = 0.
[INFO DRT-0036] M5 guide region query size = 6382.
[INFO DRT-0036] V5 guide region query size = 0.
[INFO DRT-0036] M6 guide region query size = 5450.
[INFO DRT-0036] V6 guide region query size = 0.
[INFO DRT-0036] M7 guide region query size = 2814.
[INFO DRT-0036] V7 guide region query size = 0.
[INFO DRT-0036] M8 guide region query size = 0.
[INFO DRT-0036] V8 guide region query size = 0.
[INFO DRT-0036] M9 guide region query size = 0.
[INFO DRT-0036] V9 guide region query size = 0.
[INFO DRT-0036] Pad guide region query size = 0.
[INFO DRT-0179] Init gr pin query.
[INFO DRT-0267] cpu time = 00:00:01, elapsed time = 00:00:00, memory = 563.58 (MB), peak = 560.20 (MB)
[INFO DRT-0245] skipped writing guide updates to database.
[INFO DRT-0181] Start track assignment.
[INFO DRT-0184] Done with 96186 vertical wires in 3 frboxes and 67063 horizontal wires in 3 frboxes.
[INFO DRT-0186] Done with 9529 vertical wires in 3 frboxes and 13832 horizontal wires in 3 frboxes.
[INFO DRT-0182] Complete track assignment.
[INFO DRT-0267] cpu time = 00:00:09, elapsed time = 00:00:04, memory = 1168.53 (MB), peak = 1164.62 (MB)
[INFO DRT-0187] Start routing data preparation.
[INFO DRT-0267] cpu time = 00:00:00, elapsed time = 00:00:00, memory = 1168.59 (MB), peak = 1164.62 (MB)
[INFO DRT-0194] Start detail routing.
[INFO DRT-0195] Start 0th optimization iteration.
    Completing 10% with 0 violations.
    elapsed time = 00:00:02, memory = 3112.75 (MB).
    Completing 20% with 0 violations.
    elapsed time = 00:00:04, memory = 3102.27 (MB).
    Completing 30% with 1091 violations.
    elapsed time = 00:00:08, memory = 3611.01 (MB).
    Completing 40% with 1091 violations.
    elapsed time = 00:00:11, memory = 3721.10 (MB).
    Completing 50% with 1091 violations.
    elapsed time = 00:00:14, memory = 2767.12 (MB).
    Completing 60% with 2142 violations.
    elapsed time = 00:00:18, memory = 4318.57 (MB).
    Completing 70% with 2142 violations.
    elapsed time = 00:00:20, memory = 4113.70 (MB).
    Completing 80% with 2976 violations.
    elapsed time = 00:00:27, memory = 4676.58 (MB).
    Completing 90% with 2976 violations.
    elapsed time = 00:00:30, memory = 4859.71 (MB).
    Completing 100% with 3857 violations.
    elapsed time = 00:00:34, memory = 3367.33 (MB).
[INFO DRT-0199]   Number of violations = 5544.
Viol/Layer          M1     M2     V2     M3     V3     M4     V4     M5     V5     M6     V6     M7
CutSpcTbl            0      0      0      0     23      0     23      0     17      0     20      0
EOL                  0    326      0     40      0     23      0      2      0      0      0      0
Metal Spacing      282    102      0    223      0      6      0      7      0     47      0      0
Recheck              0    717      0    499      0    197      0    171      0     87      0     16
Short               41    350      3     64      2     12      5     28      8     49      0      0
eolKeepOut           0   1899      0    153      0     90      0      9      0      3      0      0
[INFO DRT-0267] cpu time = 00:12:02, elapsed time = 00:00:35, memory = 3791.66 (MB), peak = 4916.94 (MB)
Total wire length = 89486 um.
Total wire length on LAYER M1 = 0 um.
Total wire length on LAYER M2 = 24469 um.
Total wire length on LAYER M3 = 36652 um.
Total wire length on LAYER M4 = 12298 um.
Total wire length on LAYER M5 = 4690 um.
Total wire length on LAYER M6 = 5887 um.
Total wire length on LAYER M7 = 5487 um.
Total wire length on LAYER M8 = 0 um.
Total wire length on LAYER M9 = 0 um.
Total wire length on LAYER Pad = 0 um.
Total number of vias = 215131.
Up-via summary (total 215131):

-----------------
 Active         0
     M1     63605
     M2    113388
     M3     21985
     M4      7091
     M5      5145
     M6      3917
     M7         0
     M8         0
     M9         0
-----------------
       215131


[INFO DRT-0195] Start 1st optimization iteration.
    Completing 10% with 5544 violations.
    elapsed time = 00:00:03, memory = 5565.30 (MB).
    Completing 20% with 5544 violations.
    elapsed time = 00:00:05, memory = 5142.30 (MB).
    Completing 30% with 4177 violations.
    elapsed time = 00:00:09, memory = 5612.21 (MB).
    Completing 40% with 4177 violations.
    elapsed time = 00:00:12, memory = 5635.35 (MB).
    Completing 50% with 4177 violations.
    elapsed time = 00:00:15, memory = 4103.74 (MB).
    Completing 60% with 2969 violations.
    elapsed time = 00:00:19, memory = 5797.09 (MB).
    Completing 70% with 2969 violations.
    elapsed time = 00:00:21, memory = 5338.86 (MB).
    Completing 80% with 1742 violations.
    elapsed time = 00:00:26, memory = 5751.11 (MB).
    Completing 90% with 1742 violations.
    elapsed time = 00:00:28, memory = 5809.04 (MB).
    Completing 100% with 675 violations.
    elapsed time = 00:00:33, memory = 4236.86 (MB).
[INFO DRT-0199]   Number of violations = 699.
Viol/Layer          M1     M2     V2     M3     V3     M4     V4     M5     V5     V6
CutSpcTbl            0      0      0      0     10      0      3      0      2      5
EOL                  0     68      0      7      0      4      0      0      0      0
Metal Spacing       53     15      0     91      0      6      0      0      0      0
Recheck              0     11      0     11      0      2      0      0      0      0
Short                6     33      1     21      0      4      0      1      0      0
eolKeepOut           0    300      0     29      0     13      0      3      0      0
[INFO DRT-0267] cpu time = 00:11:17, elapsed time = 00:00:34, memory = 4239.86 (MB), peak = 5918.68 (MB)
Total wire length = 88791 um.
Total wire length on LAYER M1 = 0 um.
Total wire length on LAYER M2 = 23948 um.
Total wire length on LAYER M3 = 36631 um.
Total wire length on LAYER M4 = 12710 um.
Total wire length on LAYER M5 = 4609 um.
Total wire length on LAYER M6 = 5691 um.
Total wire length on LAYER M7 = 5199 um.
Total wire length on LAYER M8 = 0 um.
Total wire length on LAYER M9 = 0 um.
Total wire length on LAYER Pad = 0 um.
Total number of vias = 204951.
Up-via summary (total 204951):

-----------------
 Active         0
     M1     63573
     M2    106577
     M3     20556
     M4      6422
     M5      4498
     M6      3325
     M7         0
     M8         0
     M9         0
-----------------
       204951


[INFO DRT-0195] Start 2nd optimization iteration.
    Completing 10% with 699 violations.
    elapsed time = 00:00:01, memory = 5852.82 (MB).
    Completing 20% with 699 violations.
    elapsed time = 00:00:03, memory = 5313.88 (MB).
    Completing 30% with 643 violations.
    elapsed time = 00:00:05, memory = 4239.86 (MB).
    Completing 40% with 643 violations.
    elapsed time = 00:00:07, memory = 5844.14 (MB).
    Completing 50% with 643 violations.
    elapsed time = 00:00:10, memory = 4266.94 (MB).
    Completing 60% with 578 violations.
    elapsed time = 00:00:12, memory = 5934.58 (MB).
    Completing 70% with 578 violations.
    elapsed time = 00:00:13, memory = 5288.38 (MB).
    Completing 80% with 496 violations.
    elapsed time = 00:00:16, memory = 4266.94 (MB).
    Completing 90% with 496 violations.
    elapsed time = 00:00:18, memory = 5908.57 (MB).
    Completing 100% with 431 violations.
    elapsed time = 00:00:22, memory = 4266.94 (MB).
[INFO DRT-0199]   Number of violations = 439.
Viol/Layer          M1     M2     M3     V3     M4     V4     V5     V6
CutSpcTbl            0      0      0      4      0      4      1      2
EOL                  0     54      2      0      0      0      0      0
Metal Spacing       21     11     57      0      1      0      0      0
Recheck              0      3      4      0      1      0      0      0
Short                3     20     17      0      0      0      0      0
eolKeepOut           0    225      9      0      0      0      0      0
[INFO DRT-0267] cpu time = 00:06:55, elapsed time = 00:00:22, memory = 4272.94 (MB), peak = 5991.89 (MB)
Total wire length = 88655 um.
Total wire length on LAYER M1 = 0 um.
Total wire length on LAYER M2 = 24033 um.
Total wire length on LAYER M3 = 36693 um.
Total wire length on LAYER M4 = 12554 um.
Total wire length on LAYER M5 = 4578 um.
Total wire length on LAYER M6 = 5677 um.
Total wire length on LAYER M7 = 5117 um.
Total wire length on LAYER M8 = 0 um.
Total wire length on LAYER M9 = 0 um.
Total wire length on LAYER Pad = 0 um.
Total number of vias = 203231.
Up-via summary (total 203231):

-----------------
 Active         0
     M1     63575
     M2    105797
     M3     20031
     M4      6254
     M5      4389
     M6      3185
     M7         0
     M8         0
     M9         0
-----------------
       203231


[INFO DRT-0195] Start 3rd optimization iteration.
    Completing 10% with 439 violations.
    elapsed time = 00:00:00, memory = 4272.94 (MB).
    Completing 20% with 439 violations.
    elapsed time = 00:00:01, memory = 5463.26 (MB).
    Completing 30% with 323 violations.
    elapsed time = 00:00:04, memory = 4272.94 (MB).
    Completing 40% with 323 violations.
    elapsed time = 00:00:04, memory = 4778.30 (MB).
    Completing 50% with 323 violations.
    elapsed time = 00:00:09, memory = 4272.94 (MB).
    Completing 60% with 181 violations.
    elapsed time = 00:00:09, memory = 4272.94 (MB).
    Completing 70% with 181 violations.
    elapsed time = 00:00:10, memory = 5443.10 (MB).
    Completing 80% with 100 violations.
    elapsed time = 00:00:12, memory = 4273.00 (MB).
    Completing 90% with 100 violations.
    elapsed time = 00:00:12, memory = 4273.00 (MB).
    Completing 100% with 12 violations.
    elapsed time = 00:00:15, memory = 4273.00 (MB).
[INFO DRT-0199]   Number of violations = 12.
Viol/Layer          M2     M3
EOL                  0      1
Metal Spacing        1      2
Short                2      0
eolKeepOut           3      3
[INFO DRT-0267] cpu time = 00:02:27, elapsed time = 00:00:15, memory = 4273.00 (MB), peak = 5991.89 (MB)
Total wire length = 88657 um.
Total wire length on LAYER M1 = 0 um.
Total wire length on LAYER M2 = 23725 um.
Total wire length on LAYER M3 = 36630 um.
Total wire length on LAYER M4 = 12884 um.
Total wire length on LAYER M5 = 4657 um.
Total wire length on LAYER M6 = 5659 um.
Total wire length on LAYER M7 = 5099 um.
Total wire length on LAYER M8 = 0 um.
Total wire length on LAYER M9 = 0 um.
Total wire length on LAYER Pad = 0 um.
Total number of vias = 203153.
Up-via summary (total 203153):

-----------------
 Active         0
     M1     63575
     M2    105242
     M3     20464
     M4      6317
     M5      4387
     M6      3168
     M7         0
     M8         0
     M9         0
-----------------
       203153


[INFO DRT-0195] Start 4th guides tiles iteration.
    Completing 10% with 12 violations.
    elapsed time = 00:00:00, memory = 4391.89 (MB).
    Completing 20% with 12 violations.
    elapsed time = 00:00:00, memory = 4391.89 (MB).
    Completing 40% with 12 violations.
    elapsed time = 00:00:01, memory = 4276.55 (MB).
    Completing 50% with 2 violations.
    elapsed time = 00:00:01, memory = 4276.55 (MB).
    Completing 70% with 2 violations.
    elapsed time = 00:00:01, memory = 4314.39 (MB).
    Completing 80% with 2 violations.
    elapsed time = 00:00:01, memory = 4314.39 (MB).
    Completing 100% with 0 violations.
    elapsed time = 00:00:02, memory = 4319.83 (MB).
[INFO DRT-0199]   Number of violations = 0.
[INFO DRT-0267] cpu time = 00:00:04, elapsed time = 00:00:02, memory = 4319.83 (MB), peak = 5991.89 (MB)
Total wire length = 88657 um.
Total wire length on LAYER M1 = 0 um.
Total wire length on LAYER M2 = 23725 um.
Total wire length on LAYER M3 = 36630 um.
Total wire length on LAYER M4 = 12884 um.
Total wire length on LAYER M5 = 4657 um.
Total wire length on LAYER M6 = 5659 um.
Total wire length on LAYER M7 = 5099 um.
Total wire length on LAYER M8 = 0 um.
Total wire length on LAYER M9 = 0 um.
Total wire length on LAYER Pad = 0 um.
Total number of vias = 203153.
Up-via summary (total 203153):

-----------------
 Active         0
     M1     63575
     M2    105238
     M3     20470
     M4      6317
     M5      4385
     M6      3168
     M7         0
     M8         0
     M9         0
-----------------
       203153


[INFO DRT-0198] Complete detail routing.
Total wire length = 88657 um.
Total wire length on LAYER M1 = 0 um.
Total wire length on LAYER M2 = 23725 um.
Total wire length on LAYER M3 = 36630 um.
Total wire length on LAYER M4 = 12884 um.
Total wire length on LAYER M5 = 4657 um.
Total wire length on LAYER M6 = 5659 um.
Total wire length on LAYER M7 = 5099 um.
Total wire length on LAYER M8 = 0 um.
Total wire length on LAYER M9 = 0 um.
Total wire length on LAYER Pad = 0 um.
Total number of vias = 203153.
Up-via summary (total 203153):

-----------------
 Active         0
     M1     63575
     M2    105238
     M3     20470
     M4      6317
     M5      4385
     M6      3168
     M7         0
     M8         0
     M9         0
-----------------
       203153


[INFO DRT-0267] cpu time = 00:32:48, elapsed time = 00:01:50, memory = 4319.96 (MB), peak = 5991.89 (MB)

[INFO DRT-0180] Post processing.
[INFO DRT-0501] Runtime: 122.80s
Took 123 seconds: detailed_route -output_drc /tmp/workspace/scripts-Private_test-fr_cugr_cmp-1-/reports/asap7/ibex/base/5_route_drc.rpt -output_maze /tmp/workspace/scripts-Private_test-fr_cugr_cmp-1-/results/asap7/ibex/base/maze.log -droute_end_iter 64 -verbose 1 -drc_report_iter_step 5
[WARNING GRT-0246] No diode with LEF class CORE ANTENNACELL found.
[INFO ANT-0002] Found 0 net violations.
[INFO ANT-0001] Found 0 pin violations.
[INFO ANT-0002] Found 0 net violations.
[INFO ANT-0001] Found 0 pin violations.
Design area 2408 um^2 46% utilization.
write_db /tmp/workspace/scripts-Private_test-fr_cugr_cmp-1-/results/asap7/ibex/base/5_2_route.odb
Elapsed time: 2:07.65[h:]min:sec. CPU time: user 2185.39 sys 24.97 (1731%). Peak memory: 6135700KB.
Log                       Ext     Elapsed/s Peak Memory/MB sha1sum result [0:20)
5_2_route                 .odb          127           5991 af66566fa223e9fe591b
