Yosys 0.68+post (git sha1 UNKNOWN, Release, GNU /usr/local/bin/wrapped-cc/g++ 11.4.0)
Using ABC speed script.
Extracting clock period from SDC file: /tmp/workspace/scripts-Private_test-fr_cugr_cmp-1-/results/gf180/riscv32i/base/clock_period.txt
Setting clock period to 9.0
1. Executing Liberty frontend: /OpenROAD-flow-scripts/flow/platforms/gf180/lib/gf180mcu_fd_sc_mcu9t5v0__ff_n40C_5v50.lib.gz
2. Executing Liberty frontend: /OpenROAD-flow-scripts/flow/platforms/gf180/lib/gf180mcu_fd_sc_mcu9t5v0__ff_n40C_5v50.lib.gz
3. Executing Verilog-2005 frontend: /OpenROAD-flow-scripts/flow/designs/src/riscv32i/adder.v
4. Executing Verilog-2005 frontend: /OpenROAD-flow-scripts/flow/designs/src/riscv32i/alu.v
5. Executing Verilog-2005 frontend: /OpenROAD-flow-scripts/flow/designs/src/riscv32i/aludec.v
6. Executing Verilog-2005 frontend: /OpenROAD-flow-scripts/flow/designs/src/riscv32i/controller.v
7. Executing Verilog-2005 frontend: /OpenROAD-flow-scripts/flow/designs/src/riscv32i/datapath.v
8. Executing Verilog-2005 frontend: /OpenROAD-flow-scripts/flow/designs/src/riscv32i/dmem.v
9. Executing Verilog-2005 frontend: /OpenROAD-flow-scripts/flow/designs/src/riscv32i/flopenr.v
10. Executing Verilog-2005 frontend: /OpenROAD-flow-scripts/flow/designs/src/riscv32i/flopens.v
11. Executing Verilog-2005 frontend: /OpenROAD-flow-scripts/flow/designs/src/riscv32i/flopr.v
12. Executing Verilog-2005 frontend: /OpenROAD-flow-scripts/flow/designs/src/riscv32i/magcompare2b.v
13. Executing Verilog-2005 frontend: /OpenROAD-flow-scripts/flow/designs/src/riscv32i/magcompare2c.v
14. Executing Verilog-2005 frontend: /OpenROAD-flow-scripts/flow/designs/src/riscv32i/magcompare32.v
15. Executing Verilog-2005 frontend: /OpenROAD-flow-scripts/flow/designs/src/riscv32i/maindec.v
16. Executing Verilog-2005 frontend: /OpenROAD-flow-scripts/flow/designs/src/riscv32i/mux2.v
17. Executing Verilog-2005 frontend: /OpenROAD-flow-scripts/flow/designs/src/riscv32i/mux3.v
18. Executing Verilog-2005 frontend: /OpenROAD-flow-scripts/flow/designs/src/riscv32i/mux4.v
19. Executing Verilog-2005 frontend: /OpenROAD-flow-scripts/flow/designs/src/riscv32i/mux5.v
20. Executing Verilog-2005 frontend: /OpenROAD-flow-scripts/flow/designs/src/riscv32i/mux8.v
21. Executing Verilog-2005 frontend: /OpenROAD-flow-scripts/flow/designs/src/riscv32i/regfile.v
22. Executing Verilog-2005 frontend: /OpenROAD-flow-scripts/flow/designs/src/riscv32i/riscv.v
23. Executing Verilog-2005 frontend: /OpenROAD-flow-scripts/flow/designs/src/riscv32i/rom.v
24. Executing Verilog-2005 frontend: /OpenROAD-flow-scripts/flow/designs/src/riscv32i/shifter.v
25. Executing Verilog-2005 frontend: /OpenROAD-flow-scripts/flow/designs/src/riscv32i/signext.v
26. Executing Verilog-2005 frontend: /OpenROAD-flow-scripts/flow/designs/src/riscv32i/top.v
27. Executing HIERARCHY pass (managing design hierarchy).
28. Executing AST frontend in derive mode using pre-parsed AST for module `\riscv'.
28.1. Analyzing design hierarchy..
28.2. Executing AST frontend in derive mode using pre-parsed AST for module `\datapath'.
28.3. Executing AST frontend in derive mode using pre-parsed AST for module `\controller'.
28.4. Analyzing design hierarchy..
28.5. Executing AST frontend in derive mode using pre-parsed AST for module `\mux2'.
28.6. Executing AST frontend in derive mode using pre-parsed AST for module `\mux2'.
28.7. Executing AST frontend in derive mode using pre-parsed AST for module `\aludec'.
28.8. Executing AST frontend in derive mode using pre-parsed AST for module `\maindec'.
28.9. Executing AST frontend in derive mode using pre-parsed AST for module `\mux2'.
28.10. Executing AST frontend in derive mode using pre-parsed AST for module `\mux3'.
28.11. Executing AST frontend in derive mode using pre-parsed AST for module `\shifter'.
28.12. Executing AST frontend in derive mode using pre-parsed AST for module `\alu'.
28.13. Executing AST frontend in derive mode using pre-parsed AST for module `\magcompare32'.
28.14. Executing AST frontend in derive mode using pre-parsed AST for module `\adder'.
28.15. Executing AST frontend in derive mode using pre-parsed AST for module `\signext'.
28.16. Executing AST frontend in derive mode using pre-parsed AST for module `\regfile'.
28.17. Executing AST frontend in derive mode using pre-parsed AST for module `\mux2'.
28.18. Executing AST frontend in derive mode using pre-parsed AST for module `\flopr'.
28.19. Executing AST frontend in derive mode using pre-parsed AST for module `\flopenr'.
28.20. Analyzing design hierarchy..
28.21. Executing AST frontend in derive mode using pre-parsed AST for module `\mux5'.
28.22. Executing AST frontend in derive mode using pre-parsed AST for module `\magcompare2c'.
28.23. Executing AST frontend in derive mode using pre-parsed AST for module `\magcompare2b'.
28.24. Analyzing design hierarchy..
28.25. Analyzing design hierarchy..
29. Executing OPT_CLEAN pass (remove unused cells and wires).
Warning: Ignoring module $paramod\flopenr\WIDTH=s32'00000000000000000000000000100000 because it contains processes (run 'proc' command first).
Warning: Ignoring module $paramod\flopr\WIDTH=s32'00000000000000000000000000100000 because it contains processes (run 'proc' command first).
Warning: Ignoring module regfile because it contains processes (run 'proc' command first).
Warning: Ignoring module alu because it contains processes (run 'proc' command first).
Warning: Ignoring module shifter because it contains processes (run 'proc' command first).
Warning: Ignoring module maindec because it contains processes (run 'proc' command first).
Warning: Ignoring module aludec because it contains processes (run 'proc' command first).
Warning: Ignoring module $paramod\mux5\WIDTH=s32'00000000000000000000000000100000 because it contains processes (run 'proc' command first).
30. Executing RTLIL backend.
Warnings: 8 unique messages, 8 total
End of script. Logfile hash: 86444d3feb, time: 0.34s, user: 0.29s, system: 0.04s, MEM: 72.47 MB peak
Yosys 0.68+post (git sha1 UNKNOWN, Release, GNU /usr/local/bin/wrapped-cc/g++ 11.4.0)
Time spent: 88% 4x read_liberty (0 sec), 2% 1x hierarchy (0 sec), ...
Elapsed time: 0:00.35[h:]min:sec. CPU time: user 0.31 sys 0.04 (99%). Peak memory: 77024KB.
Log                       Ext     Elapsed/s Peak Memory/MB sha1sum result [0:20)
1_1_yosys_canonicalize    .rtlil          0             75 6090498a432465dfa8b7
