[2026-08-20 04:17:10.941] [miter_logger] [info] MiterStrategy::run starting
[2026-08-20 04:17:10.942] [miter_logger] [info] Collecting POs for design 0: riscv

[2026-08-20 04:17:10.960] [miter_logger] [info] Collected 1125 PIs for design 0

[2026-08-20 04:17:10.960] [miter_logger] [info] Collected 2243 POs for design 0

[2026-08-20 04:17:10.960] [miter_logger] [info] design 0 PI summary by model/term (1125 total terminals, 7 unique rows):
| Model                             | Term     | Count |
|-----------------------------------|----------|-------|
| gf180mcu_fd_sc_mcu9t5v0__dffq_2   | Q        |  1024 |
| gf180mcu_fd_sc_mcu9t5v0__dffrnq_2 | Q        |    32 |
| riscv                             | instr    |    32 |
| riscv                             | readdata |    32 |
| gf180mcu_fd_sc_mcu9t5v0__tiel     | ZN       |     3 |
| riscv                             | clk      |     1 |
| riscv                             | reset    |     1 |

[2026-08-20 04:17:10.960] [miter_logger] [info] design 0 PO summary by model/term (2243 total terminals, 11 unique rows):
| Model                             | Term      | Count |
|-----------------------------------|-----------|-------|
| gf180mcu_fd_sc_mcu9t5v0__dffq_2   | CLK       |  1024 |
| gf180mcu_fd_sc_mcu9t5v0__dffq_2   | D         |  1024 |
| gf180mcu_fd_sc_mcu9t5v0__dffrnq_2 | CLK       |    32 |
| gf180mcu_fd_sc_mcu9t5v0__dffrnq_2 | D         |    32 |
| gf180mcu_fd_sc_mcu9t5v0__dffrnq_2 | RN        |    32 |
| riscv                             | aluout    |    32 |
| riscv                             | pc        |    32 |
| riscv                             | writedata |    32 |
| riscv                             | memread   |     1 |
| riscv                             | memwrite  |     1 |
| riscv                             | suspend   |     1 |

[2026-08-20 04:17:10.961] [miter_logger] [info] Collecting POs for design 1: riscv

[2026-08-20 04:17:10.978] [miter_logger] [info] size of common inputs: 1122
[2026-08-20 04:17:10.978] [miter_logger] [info] size of diff0 inputs: 0
[2026-08-20 04:17:10.978] [miter_logger] [info] size of diff1 inputs: 0
[2026-08-20 04:17:10.978] [miter_logger] [info] Collected 1125 PIs for design 1

[2026-08-20 04:17:10.978] [miter_logger] [info] Collected 2243 POs for design 1

[2026-08-20 04:17:10.978] [miter_logger] [info] design 1 PI summary by model/term (1125 total terminals, 7 unique rows):
| Model                             | Term     | Count |
|-----------------------------------|----------|-------|
| gf180mcu_fd_sc_mcu9t5v0__dffq_2   | Q        |  1024 |
| gf180mcu_fd_sc_mcu9t5v0__dffrnq_2 | Q        |    32 |
| riscv                             | instr    |    32 |
| riscv                             | readdata |    32 |
| gf180mcu_fd_sc_mcu9t5v0__tiel     | ZN       |     3 |
| riscv                             | clk      |     1 |
| riscv                             | reset    |     1 |

[2026-08-20 04:17:10.979] [miter_logger] [info] design 1 PO summary by model/term (2243 total terminals, 11 unique rows):
| Model                             | Term      | Count |
|-----------------------------------|-----------|-------|
| gf180mcu_fd_sc_mcu9t5v0__dffq_2   | CLK       |  1024 |
| gf180mcu_fd_sc_mcu9t5v0__dffq_2   | D         |  1024 |
| gf180mcu_fd_sc_mcu9t5v0__dffrnq_2 | CLK       |    32 |
| gf180mcu_fd_sc_mcu9t5v0__dffrnq_2 | D         |    32 |
| gf180mcu_fd_sc_mcu9t5v0__dffrnq_2 | RN        |    32 |
| riscv                             | aluout    |    32 |
| riscv                             | pc        |    32 |
| riscv                             | writedata |    32 |
| riscv                             | memread   |     1 |
| riscv                             | memwrite  |     1 |
| riscv                             | suspend   |     1 |

[2026-08-20 04:17:10.979] [miter_logger] [info] normalizeInputs: starting
[2026-08-20 04:17:10.979] [miter_logger] [info] size of common inputs: 1125
[2026-08-20 04:17:10.979] [miter_logger] [info] size of diff0 inputs: 0
[2026-08-20 04:17:10.979] [miter_logger] [info] size of diff1 inputs: 0
[2026-08-20 04:17:10.980] [miter_logger] [info] normalizeOutputs: starting
[2026-08-20 04:17:10.981] [miter_logger] [info] size of common outputs: 2243
[2026-08-20 04:17:10.981] [miter_logger] [info] size of diff0 outputs: 0
[2026-08-20 04:17:10.981] [miter_logger] [info] size of diff1 outputs: 0
[2026-08-20 04:17:10.981] [miter_logger] [info] size of PIs in circuit 0: 1125
[2026-08-20 04:17:10.981] [miter_logger] [info] size of PIs in circuit 1: 1125
[2026-08-20 04:17:10.981] [miter_logger] [info] size of POs in circuit 0: 2243
[2026-08-20 04:17:10.981] [miter_logger] [info] size of POs in circuit 1: 2243
[2026-08-20 04:17:11.117] [miter_logger] [info] Building miter expression
[2026-08-20 04:17:11.118] [miter_logger] [info] Finished building miter expression
[2026-08-20 04:17:11.217] [miter_logger] [info] Starting solver
[2026-08-20 04:17:38.418] [miter_logger] [info] SAT solver finished: UNSAT
[2026-08-20 04:17:38.418] [miter_logger] [info] Circuits are IDENTICAL
