Yosys 0.68+post (git sha1 UNKNOWN, Release, GNU /usr/local/bin/wrapped-cc/g++ 11.4.0)
Using ABC area script.
Extracting clock period from SDC file: /tmp/workspace/scripts-Private_test-fr_cugr_cmp-2-/results/sky130hd/chameleon/base/clock_period.txt
Setting clock period to 3
1. Executing Liberty frontend: ./platforms/sky130hd/lib/sky130_fd_sc_hd__tt_025C_1v80.lib
2. Executing Liberty frontend: ./platforms/sky130hd/lib/sky130_fd_sc_hd__tt_025C_1v80.lib
3. Executing Verilog-2005 frontend: /OpenROAD-flow-scripts/flow/designs/src/chameleon/acc/AHB_SPM.v
4. Executing Verilog-2005 frontend: /OpenROAD-flow-scripts/flow/designs/src/chameleon/IPs/AHBSRAM.v
5. Executing Verilog-2005 frontend: /OpenROAD-flow-scripts/flow/designs/src/chameleon/IPs/DFFRAMBB.v
6. Executing Verilog-2005 frontend: /OpenROAD-flow-scripts/flow/designs/src/chameleon/IPs/GPIO.v
7. Executing Verilog-2005 frontend: /OpenROAD-flow-scripts/flow/designs/src/chameleon/IPs/APB_I2C.v
8. Executing Verilog-2005 frontend: /OpenROAD-flow-scripts/flow/designs/src/chameleon/IPs/APB_SPI.v
9. Executing Verilog-2005 frontend: /OpenROAD-flow-scripts/flow/designs/src/chameleon/IPs/APB_UART.v
10. Executing Verilog-2005 frontend: /OpenROAD-flow-scripts/flow/designs/src/chameleon/IPs/i2c_master.v
Warning: Encountered `full_case' comment! Such legacy hot comments are supported by Yosys, but are not part of any formal language specification. Using the Verilog `full_case' attribute or the SystemVerilog `unique' or `unique0' keywords is recommended!
Warning: Encountered `parallel_case' comment! Such legacy hot comments are supported by Yosys, but are not part of any formal language specification. Using the Verilog `parallel_case' attribute or the SystemVerilog `unique' or `priority' keywords is recommended!
11. Executing Verilog-2005 frontend: /OpenROAD-flow-scripts/flow/designs/src/chameleon/IPs/PWM32.v
12. Executing Verilog-2005 frontend: /OpenROAD-flow-scripts/flow/designs/src/chameleon/IPs/RAM_3Kx32.v
13. Executing Verilog-2005 frontend: /OpenROAD-flow-scripts/flow/designs/src/chameleon/IPs/QSPI_XIP_CTRL.v
14. Executing Verilog-2005 frontend: /OpenROAD-flow-scripts/flow/designs/src/chameleon/IPs/spi_master.v
15. Executing Verilog-2005 frontend: /OpenROAD-flow-scripts/flow/designs/src/chameleon/IPs/TIMER32.v
16. Executing Verilog-2005 frontend: /OpenROAD-flow-scripts/flow/designs/src/chameleon/IPs/WDT32.v
17. Executing Verilog-2005 frontend: /OpenROAD-flow-scripts/flow/designs/src/chameleon/AHB_sys_0/AHBlite_GPIO.v
18. Executing Verilog-2005 frontend: /OpenROAD-flow-scripts/flow/designs/src/chameleon/AHB_sys_0/AHBlite_bus0.v
19. Executing Verilog-2005 frontend: /OpenROAD-flow-scripts/flow/designs/src/chameleon/AHB_sys_0/AHBlite_db_reg.v
20. Executing Verilog-2005 frontend: /OpenROAD-flow-scripts/flow/designs/src/chameleon/AHB_sys_0/AHBlite_sys_0.v
21. Executing Verilog-2005 frontend: /OpenROAD-flow-scripts/flow/designs/src/chameleon/soc_core.v
22. Executing Verilog-2005 frontend: /OpenROAD-flow-scripts/flow/designs/src/chameleon/ibex/ibex_alu.v
23. Executing Verilog-2005 frontend: /OpenROAD-flow-scripts/flow/designs/src/chameleon/ibex/ibex_branch_predict.v
24. Executing Verilog-2005 frontend: /OpenROAD-flow-scripts/flow/designs/src/chameleon/ibex/ibex_compressed_decoder.v
25. Executing Verilog-2005 frontend: /OpenROAD-flow-scripts/flow/designs/src/chameleon/ibex/ibex_controller.v
26. Executing Verilog-2005 frontend: /OpenROAD-flow-scripts/flow/designs/src/chameleon/ibex/ibex_core.v
27. Executing Verilog-2005 frontend: /OpenROAD-flow-scripts/flow/designs/src/chameleon/ibex/ibex_counter.v
28. Executing Verilog-2005 frontend: /OpenROAD-flow-scripts/flow/designs/src/chameleon/ibex/ibex_cs_registers.v
29. Executing Verilog-2005 frontend: /OpenROAD-flow-scripts/flow/designs/src/chameleon/ibex/ibex_csr.v
30. Executing Verilog-2005 frontend: /OpenROAD-flow-scripts/flow/designs/src/chameleon/ibex/ibex_decoder.v
31. Executing Verilog-2005 frontend: /OpenROAD-flow-scripts/flow/designs/src/chameleon/ibex/ibex_dummy_instr.v
32. Executing Verilog-2005 frontend: /OpenROAD-flow-scripts/flow/designs/src/chameleon/ibex/ibex_ex_block.v
33. Executing Verilog-2005 frontend: /OpenROAD-flow-scripts/flow/designs/src/chameleon/ibex/ibex_fetch_fifo.v
34. Executing Verilog-2005 frontend: /OpenROAD-flow-scripts/flow/designs/src/chameleon/ibex/ibex_icache.v
35. Executing Verilog-2005 frontend: /OpenROAD-flow-scripts/flow/designs/src/chameleon/ibex/ibex_id_stage.v
36. Executing Verilog-2005 frontend: /OpenROAD-flow-scripts/flow/designs/src/chameleon/ibex/ibex_if_stage.v
37. Executing Verilog-2005 frontend: /OpenROAD-flow-scripts/flow/designs/src/chameleon/ibex/ibex_load_store_unit.v
38. Executing Verilog-2005 frontend: /OpenROAD-flow-scripts/flow/designs/src/chameleon/ibex/ibex_multdiv_fast.v
39. Executing Verilog-2005 frontend: /OpenROAD-flow-scripts/flow/designs/src/chameleon/ibex/ibex_multdiv_slow.v
40. Executing Verilog-2005 frontend: /OpenROAD-flow-scripts/flow/designs/src/chameleon/ibex/ibex_pkg.v
41. Executing Verilog-2005 frontend: /OpenROAD-flow-scripts/flow/designs/src/chameleon/ibex/ibex_pmp.v
42. Executing Verilog-2005 frontend: /OpenROAD-flow-scripts/flow/designs/src/chameleon/ibex/ibex_prefetch_buffer.v
43. Executing Verilog-2005 frontend: /OpenROAD-flow-scripts/flow/designs/src/chameleon/ibex/ibex_register_file_ff.v
44. Executing Verilog-2005 frontend: /OpenROAD-flow-scripts/flow/designs/src/chameleon/ibex/ibex_register_file_fpga.v
45. Executing Verilog-2005 frontend: /OpenROAD-flow-scripts/flow/designs/src/chameleon/ibex/ibex_register_file_latch.v
46. Executing Verilog-2005 frontend: /OpenROAD-flow-scripts/flow/designs/src/chameleon/ibex/ibex_wb_stage.v
47. Executing Verilog-2005 frontend: /OpenROAD-flow-scripts/flow/designs/src/chameleon/ibex/ibex_wrapper.v
48. Executing Verilog-2005 frontend: /OpenROAD-flow-scripts/flow/designs/src/chameleon/ibex/prim_clock_gating.v
49. Executing Verilog-2005 frontend: /OpenROAD-flow-scripts/flow/designs/src/chameleon/IPs/DFFRAM_4K.v
50. Executing Verilog-2005 frontend: /OpenROAD-flow-scripts/flow/designs/src/chameleon/AHB_sys_0/APB_sys_0/AHB_2_APB.v
51. Executing Verilog-2005 frontend: /OpenROAD-flow-scripts/flow/designs/src/chameleon/AHB_sys_0/APB_sys_0/APB_PWM32.v
52. Executing Verilog-2005 frontend: /OpenROAD-flow-scripts/flow/designs/src/chameleon/AHB_sys_0/APB_sys_0/APB_TIMER32.v
53. Executing Verilog-2005 frontend: /OpenROAD-flow-scripts/flow/designs/src/chameleon/AHB_sys_0/APB_sys_0/APB_WDT32.v
54. Executing Verilog-2005 frontend: /OpenROAD-flow-scripts/flow/designs/src/chameleon/AHB_sys_0/APB_sys_0/APB_bus0.v
55. Executing Verilog-2005 frontend: /OpenROAD-flow-scripts/flow/designs/src/chameleon/AHB_sys_0/APB_sys_0/APB_sys_0.v
56. Executing Verilog-2005 frontend: /OpenROAD-flow-scripts/flow/designs/src/chameleon/IPs/DMC_32x16HC.v
57. Executing Verilog-2005 frontend: ./platforms/sky130hd/cells_clkgate_hd.v
58. Executing HIERARCHY pass (managing design hierarchy).
59. Executing AST frontend in derive mode using pre-parsed AST for module `\soc_core'.
59.1. Analyzing design hierarchy..
59.2. Executing AST frontend in derive mode using pre-parsed AST for module `\RAM_3Kx32'.
59.3. Executing AST frontend in derive mode using pre-parsed AST for module `\AHBlite_sys_0'.
59.4. Analyzing design hierarchy..
59.5. Executing AST frontend in derive mode using pre-parsed AST for module `\AHBlite_BUS0'.
59.6. Executing AST frontend in derive mode using pre-parsed AST for module `\AHB_SPM'.
59.7. Executing AST frontend in derive mode using pre-parsed AST for module `\AHBlite_GPIO'.
59.8. Executing AST frontend in derive mode using pre-parsed AST for module `\GPIO'.
59.9. Executing AST frontend in derive mode using pre-parsed AST for module `\AHBSRAM'.
59.10. Executing AST frontend in derive mode using pre-parsed AST for module `\QSPI_XIP_CTRL'.
59.11. Executing AST frontend in derive mode using pre-parsed AST for module `\DEC2x4'.
59.12. Executing AST frontend in derive mode using pre-parsed AST for module `\MUX4x1_32'.
59.13. Analyzing design hierarchy..
59.14. Executing AST frontend in derive mode using pre-parsed AST for module `\FLASH_READER'.
59.15. Executing AST frontend in derive mode using pre-parsed AST for module `\SPM'.
59.16. Analyzing design hierarchy..
59.17. Executing AST frontend in derive mode using pre-parsed AST for module `\CSADD'.
59.18. Executing AST frontend in derive mode using pre-parsed AST for module `\TCMP'.
59.19. Analyzing design hierarchy..
59.20. Analyzing design hierarchy..
Warning: Resizing cell port AHBlite_sys_0.S1.SRAMADDR from 12 bits to 15 bits.
Warning: Resizing cell port soc_core.ibex_core.IRQ from 16 bits to 15 bits.
60. Executing OPT_CLEAN pass (remove unused cells and wires).
Warning: Ignoring module AHBlite_GPIO because it contains processes (run 'proc' command first).
Warning: Ignoring module AHB_SPM because it contains processes (run 'proc' command first).
Warning: Ignoring module AHBlite_BUS0 because it contains processes (run 'proc' command first).
Warning: Ignoring module TCMP because it contains processes (run 'proc' command first).
Warning: Ignoring module CSADD because it contains processes (run 'proc' command first).
Warning: Ignoring module FLASH_READER because it contains processes (run 'proc' command first).
Warning: Ignoring module RAM_3Kx32 because it contains processes (run 'proc' command first).
Warning: Ignoring module QSPI_XIP_CTRL because it contains processes (run 'proc' command first).
Warning: Ignoring module AHBSRAM because it contains processes (run 'proc' command first).
61. Executing RTLIL backend.
Warnings: 13 unique messages, 13 total
End of script. Logfile hash: 31c9f22f58, time: 0.31s, user: 0.27s, system: 0.03s, MEM: 58.87 MB peak
Yosys 0.68+post (git sha1 UNKNOWN, Release, GNU /usr/local/bin/wrapped-cc/g++ 11.4.0)
Time spent: 44% 76x read_verilog (0 sec), 34% 4x read_liberty (0 sec), ...
Elapsed time: 0:00.32[h:]min:sec. CPU time: user 0.28 sys 0.04 (99%). Peak memory: 63124KB.
Log                       Ext     Elapsed/s Peak Memory/MB sha1sum result [0:20)
1_1_yosys_canonicalize    .rtlil          0             61 95da73a25e9cd04ecac4
