OpenROAD 26Q3-1464-gb22abfea20 
Features included (+) or not (-): +GPU +GUI +Python
This program is licensed under the BSD-3 license. See the LICENSE file for details.
Components of this program may be licensed under more restrictive licenses which must be honored.
[INFO ORD-0030] Using 30 thread(s).
read_liberty ./platforms/sky130hd/lib/sky130_fd_sc_hd__tt_025C_1v80.lib
read_db /tmp/workspace/scripts-Private_test-fr_cugr_cmp-2-/results/sky130hd/chameleon/base/3_place.odb
read_sdc /tmp/workspace/scripts-Private_test-fr_cugr_cmp-2-/results/sky130hd/chameleon/base/3_place.sdc
source ./platforms/sky130hd/setRC.tcl
clock_tree_synthesis -sink_clustering_enable -repair_clock_nets
[INFO CTS-0050] Root buffer is sky130_fd_sc_hd__clkbuf_16.
[INFO CTS-0051] Sink buffer is sky130_fd_sc_hd__clkbuf_16.
[INFO CTS-0052] The following clock buffers will be used for CTS:
                    sky130_fd_sc_hd__clkbuf_16
[INFO CTS-0049] Characterization buffer is sky130_fd_sc_hd__clkbuf_16.
[INFO CTS-0007] Net "HCLK" found for clock "core_clock".
[INFO CTS-0011]  Clock net "HCLK" for macros has 6 sinks.
[INFO CTS-0011]  Clock net "HCLK_regs" for registers has 526 sinks.
[INFO CTS-0008] TritonCTS found 2 clock nets.
[INFO CTS-0097] Characterization used 1 buffer(s) types.
[INFO CTS-0201] 5 blockages from hard placement blockages and placed macros will be used.
[INFO CTS-0027] Generating H-Tree topology for net HCLK.
[INFO CTS-0028]  Total number of sinks: 6.
[INFO CTS-0029]  Macro  sinks will be clustered in groups of up to 4 and with maximum cluster diameter of 2778.7 um.
[INFO CTS-0030]  Number of static layers: 0.
[INFO CTS-0020]  Wire segment unit: 13600  dbu (13 um).
[INFO CTS-0023]  Original sink region: [(448920, 40080), (2169590, 2096660)].
[INFO CTS-0024]  Normalized sink region: [(33.0088, 2.94706), (159.529, 154.166)].
[INFO CTS-0025]     Width:  126.5199.
[INFO CTS-0026]     Height: 151.2191.
 Level 1
    Direction: Vertical
    Sinks per sub-region: 3
    Sub-region size: 126.5199 X 75.6096
[INFO CTS-0034]     Segment length (rounded): 38.
 Level 2
    Direction: Horizontal
    Sinks per sub-region: 2
    Sub-region size: 63.2599 X 75.6096
[INFO CTS-0034]     Segment length (rounded): 32.
[INFO CTS-0038]  Stop criterion found. Sink region hpwl is smaller than max wirelength (1911.535 um) and max number of sinks is 15.
[INFO CTS-0035]  Number of sinks covered: 6.
[INFO CTS-0201] 5 blockages from hard placement blockages and placed macros will be used.
[INFO CTS-0027] Generating H-Tree topology for net HCLK_regs.
[INFO CTS-0028]  Total number of sinks: 526.
[INFO CTS-0090]  Sinks will be clustered based on buffer max cap.
[INFO CTS-0030]  Number of static layers: 0.
[INFO CTS-0020]  Wire segment unit: 13600  dbu (13 um).
[INFO CTS-0206] Best clustering solution was found from max clustering size of 14 and max clustering diameter of 171.
[INFO CTS-0019]  Total number of sinks after clustering: 56.
[INFO CTS-0024]  Normalized sink region: [(2.57341, 5.90147), (114.565, 74.0721)].
[INFO CTS-0025]     Width:  111.9920.
[INFO CTS-0026]     Height: 68.1706.
 Level 1
    Direction: Horizontal
    Sinks per sub-region: 28
    Sub-region size: 55.9960 X 68.1706
[INFO CTS-0034]     Segment length (rounded): 28.
 Level 2
    Direction: Vertical
    Sinks per sub-region: 14
    Sub-region size: 55.9960 X 34.0853
[INFO CTS-0034]     Segment length (rounded): 18.
[INFO CTS-0038]  Stop criterion found. Sink region hpwl is smaller than max wirelength (1911.535 um) and max number of sinks is 15.
[INFO CTS-0035]  Number of sinks covered: 56.
[INFO CTS-0018]     Created 7 clock buffers.
[INFO CTS-0012]     Minimum number of buffers in the clock path: 3.
[INFO CTS-0013]     Maximum number of buffers in the clock path: 3.
[INFO CTS-0015]     Created 7 clock nets.
[INFO CTS-0016]     Fanout distribution for the current clock = 1:2, 2:2..
[INFO CTS-0017]     Max level of the clock tree: 2.
[INFO CTS-0018]     Created 63 clock buffers.
[INFO CTS-0012]     Minimum number of buffers in the clock path: 4.
[INFO CTS-0013]     Maximum number of buffers in the clock path: 4.
[INFO CTS-0015]     Created 63 clock nets.
[INFO CTS-0016]     Fanout distribution for the current clock = 2:1, 3:2, 4:2, 5:1, 6:4, 7:2, 8:3, 9:5, 10:16, 11:8, 12:10, 13:3, 14:2, 19:1..
[INFO CTS-0017]     Max level of the clock tree: 2.
[INFO CTS-0098] Clock net "HCLK"
[INFO CTS-0099]  Sinks 6
[INFO CTS-0100]  Leaf buffers 0
[INFO CTS-0101]  Average sink wire length 3540.60 um
[INFO CTS-0102]  Path depth 3 - 3
[INFO CTS-0207]  Dummy loads inserted 0
[INFO CTS-0098] Clock net "HCLK_regs"
[INFO CTS-0099]  Sinks 579
[INFO CTS-0100]  Leaf buffers 56
[INFO CTS-0101]  Average sink wire length 1487.86 um
[INFO CTS-0102]  Path depth 3 - 4
[INFO CTS-0207]  Dummy loads inserted 53
[INFO RSZ-0047] Found 1 long wires.
[INFO RSZ-0048] Inserted 1 buffers in 1 nets.
[INFO CTS-0033] Balancing latency for clock core_clock
[INFO CTS-0036]  inserted 2 delay buffers
[INFO CTS-0037] Total number of delay buffers: 2
[INFO CTS-0500] Runtime: 0.99s
estimate_parasitics -placement
detailed_placement
[INFO DPL-0006] Core area: 9325744.13 um^2
[INFO DPL-0007] Movable instances area: 38884.79 um^2
[INFO DPL-0008] Fixed instances area within core: 5636568.15 um^2
[INFO DPL-0009] Utilization: 60.9%
[INFO DPL-0005] Diamond search max displacement: +/- 500 sites horizontally, +/- 100 rows vertically.
[INFO DPL-1102] Legalizing using negotiation legalizer.
[INFO DPL-1103] Negotiation base search window: +/-20 sites horizontally, +/-5 rows vertically 
	Automatic search window extension enabled.
	Search window extendable up to the max displacement cap of +/-500 sites, +/-100 rows near walls.
[INFO DPL-1104] NegotiationLegalizer DRC penalty: 5.
[INFO DPL-0392] Negotiation cell height distribution (5 unique row-count(s)):
[INFO DPL-0393]   height 1 row(s): 52732 cells
[INFO DPL-0393]   height 221 row(s): 1 cells
[INFO DPL-0393]   height 258 row(s): 1 cells
[INFO DPL-0393]   height 295 row(s): 1 cells
[INFO DPL-0393]   height 511 row(s): 3 cells
          |      Total |  Illegal |  Illegal
Iteration | Violations |    Cells |    Sites
---------------------------------------------
        0 |         44 |         4 |        40
        1 |          0 |         0 |         0
Negotiation phase 1 converged at iteration 1.
[INFO DPL-0500] Runtime: 0.34s
Placement Analysis
---------------------------------
total displacement       6116.2 u
average displacement        0.1 u
max displacement          287.2 u
original HPWL          701069.7 u
legalized HPWL         703940.0 u
delta HPWL                    0 %

estimate_parasitics -placement
Warning: master sky130_ef_sc_hd__decap_12 has signal pins but no liberty cell
Warning: master apb_sys_0 has signal pins but no liberty cell
Warning: master DFFRAM_4K has signal pins but no liberty cell
Warning: master DMC_32x16HC has signal pins but no liberty cell
Warning: master ibex_wrapper has signal pins but no liberty cell
repair_timing -setup_margin 0 -hold_margin 0 -repair_tns 100 -match_cell_footprint -verbose
[INFO RSZ-0100] Repair move sequence: UnbufferMove SizeUpMove SwapPinsMove BufferMove CloneMove SplitLoadMove 
[INFO RSZ-0094] Found 348 endpoints with setup violations.
[INFO RSZ-0099] Repairing 348 out of 348 (100.00%) violating endpoints...
   Iter   | Removed | Resized | Inserted | Cloned |  Pin  |   Area   |    WNS   |   StTNS    |   EnTNS    |  Viol  |  Worst  
          | Buffers |  Gates  | Buffers  |  Gates | Swaps |          |          |            |            | Endpts | St/EnPt 
------------------------------------------------------------------------------------------------------------------------------
       0* |       0 |       0 |        0 |      0 |     0 |    +0.0% |   -7.966 |     -103.5 |     -415.9 |    348 | fdo_Sys0_S0[0]
      10* |       0 |       9 |        0 |      0 |     0 |    +0.0% |   -5.982 |      -85.0 |     -412.9 |    348 | fdo_Sys0_S0[0]
      20* |       0 |      18 |        0 |      0 |     1 |    +0.0% |   -5.081 |      -77.1 |     -395.1 |    348 | fdo_Sys0_S0[0]
      30* |       0 |      26 |        0 |      0 |     3 |    +0.0% |   -4.643 |      -74.2 |     -382.2 |    348 | fdo_Sys0_S0[0]
      40* |       0 |      32 |        2 |      0 |     5 |    +0.0% |   -4.365 |      -71.6 |     -381.5 |    348 | fdo_Sys0_S0[0]
      50* |       0 |      40 |        2 |      0 |     7 |    +0.0% |   -4.185 |      -70.2 |     -374.1 |    348 | fdo_Sys0_S0[0]
      60* |       0 |      46 |        3 |      0 |    10 |    +0.0% |   -4.074 |      -68.4 |     -373.6 |    348 | fdo_Sys0_S0[0]
      70* |       1 |      48 |        6 |      0 |    14 |    +0.0% |   -3.936 |      -66.8 |     -373.3 |    348 | fdo_Sys0_S0[0]
      80* |       1 |      54 |        9 |      0 |    15 |    +0.0% |   -3.854 |      -66.4 |     -374.3 |    348 | fdo_Sys0_S0[0]
      90* |       4 |      59 |        9 |      0 |    17 |    +0.0% |   -3.599 |      -62.5 |     -373.5 |    348 | fdo_Sys0_S0[3]
     100* |       6 |      67 |        9 |      0 |    17 |    +0.0% |   -3.332 |      -60.0 |     -372.8 |    348 | fdo_Sys0_S0[0]
     110* |       7 |      72 |       12 |      0 |    18 |    +0.0% |   -3.244 |      -59.4 |     -372.4 |    348 | fdo_Sys0_S0[0]
     116* |       8 |      76 |       12 |      0 |    19 |    +0.0% |   -3.107 |      -56.2 |     -371.7 |    348 | fdo_Sys0_S0[0]
     120* |       8 |      79 |       12 |      0 |    19 |    +0.0% |   -3.107 |      -55.8 |     -371.5 |    348 | fdo_Sys0_S0[0]
     130* |      10 |      86 |       13 |      0 |    19 |    +0.0% |   -3.107 |      -54.6 |     -370.9 |    348 | fdo_Sys0_S0[0]
     140* |      12 |      90 |       14 |      0 |    22 |    +0.0% |   -3.107 |      -54.3 |     -370.7 |    348 | fdo_Sys0_S0[0]
     150* |      12 |      99 |       14 |      0 |    23 |    +0.0% |   -3.107 |      -54.3 |     -370.5 |    348 | fdo_Sys0_S0[0]
     160* |      13 |     105 |       17 |      0 |    24 |    +0.0% |   -3.107 |      -54.3 |     -370.7 |    348 | fdo_Sys0_S0[0]
     170* |      13 |     111 |       18 |      0 |    27 |    +0.0% |   -3.109 |      -54.3 |     -370.7 |    348 | fdo_Sys0_S0[0]
     180* |      13 |     116 |       23 |      0 |    27 |    +0.0% |   -3.109 |      -54.3 |     -371.0 |    348 | fdo_Sys0_S0[0]
     190* |      13 |     121 |       28 |      0 |    27 |    +0.0% |   -3.109 |      -54.3 |     -371.4 |    348 | fdo_Sys0_S0[0]
     192* |      13 |     104 |       15 |      0 |    24 |    +0.0% |   -3.107 |      -54.3 |     -370.5 |    348 | fdo_Sys0_S0[0]
     200* |      13 |     111 |       15 |      0 |    24 |    +0.0% |   -3.107 |      -53.3 |     -369.9 |    348 | fdo_Sys0_S0[0]
     210* |      15 |     117 |       15 |      0 |    26 |    +0.0% |   -3.110 |      -52.8 |     -369.3 |    348 | fdo_Sys0_S0[0]
     212* |      15 |     116 |       15 |      0 |    26 |    +0.0% |   -3.107 |      -52.8 |     -369.3 |    348 | fdo_Sys0_S0[0]
     220* |      15 |     122 |       15 |      0 |    27 |    +0.0% |   -3.107 |      -52.3 |     -369.0 |    348 | fdo_Sys0_S0[0]
     230* |      16 |     128 |       16 |      0 |    29 |    +0.0% |   -3.108 |      -52.0 |     -368.9 |    348 | fdo_Sys0_S0[0]
     240* |      18 |     133 |       20 |      0 |    29 |    +0.0% |   -3.111 |      -51.8 |     -368.8 |    348 | fdo_Sys0_S0[0]
     250* |      18 |     138 |       24 |      0 |    30 |    +0.0% |   -3.112 |      -51.8 |     -369.3 |    348 | fdo_Sys0_S0[0]
     260* |      19 |     144 |       25 |      0 |    32 |    +0.0% |   -3.112 |      -51.8 |     -369.3 |    348 | fdo_Sys0_S0[0]
     263* |      16 |     127 |       16 |      0 |    28 |    +0.0% |   -3.107 |      -52.0 |     -369.0 |    348 | fdo_Sys0_S0[0]
     270* |      16 |     132 |       16 |      0 |    29 |    +0.0% |   -3.107 |      -51.8 |     -337.1 |    348 | fdo_Sys0_S0[0]
     280* |      16 |     142 |       16 |      0 |    29 |    +0.0% |   -3.107 |      -51.7 |     -294.9 |    348 | fdo_Sys0_S0[0]
     290* |      16 |     151 |       18 |      0 |    29 |    +0.0% |   -3.107 |      -51.4 |     -278.1 |    348 | fdo_Sys0_S0[0]
     300* |      19 |     155 |       20 |      0 |    30 |    +0.0% |   -3.107 |      -51.4 |     -251.9 |    348 | fdo_Sys0_S0[0]
     310* |      21 |     161 |       23 |      0 |    30 |    +0.0% |   -3.107 |      -51.4 |     -241.4 |    348 | fdo_Sys0_S0[0]
     320* |      21 |     166 |       26 |      0 |    32 |    +0.0% |   -3.107 |      -51.4 |     -256.2 |    348 | fdo_Sys0_S0[0]
     330* |      22 |     168 |       29 |      0 |    36 |    +0.0% |   -3.107 |      -51.4 |     -249.1 |    348 | fdo_Sys0_S0[0]
     340* |      22 |     173 |       33 |      0 |    37 |    +0.0% |   -3.107 |      -51.4 |     -284.0 |    348 | fdo_Sys0_S0[0]
     350* |      22 |     180 |       36 |      0 |    37 |    +0.0% |   -3.107 |      -51.4 |     -279.9 |    348 | fdo_Sys0_S0[0]
     360* |      25 |     184 |       37 |      0 |    39 |    +0.0% |   -3.107 |      -51.4 |     -274.0 |    348 | fdo_Sys0_S0[0]
     365* |      21 |     164 |       24 |      0 |    31 |    +0.0% |   -3.107 |      -51.4 |     -241.2 |    348 | fdo_Sys0_S0[0]
     370* |      21 |     166 |       26 |      0 |    31 |    +0.0% |   -3.107 |      -51.4 |     -256.2 |    348 | fdo_Sys0_S0[0]
     380* |      22 |     170 |       31 |      0 |    31 |    +0.0% |   -3.107 |      -51.4 |     -248.0 |    348 | fdo_Sys0_S0[0]
     390* |      22 |     176 |       35 |      0 |    31 |    +0.0% |   -3.107 |      -51.4 |     -302.0 |    348 | fdo_Sys0_S0[0]
     400* |      22 |     184 |       37 |      0 |    31 |    +0.0% |   -3.107 |      -51.4 |     -296.8 |    348 | fdo_Sys0_S0[0]
     402* |      21 |     164 |       24 |      0 |    31 |    +0.0% |   -3.107 |      -51.4 |     -241.2 |    348 | fdo_Sys0_S0[0]
     410* |      21 |     168 |       27 |      0 |    31 |    +0.0% |   -3.107 |      -51.4 |     -252.9 |    348 | fdo_Sys0_S0[0]
     420* |      21 |     173 |       32 |      0 |    31 |    +0.0% |   -3.107 |      -51.4 |     -275.8 |    348 | fdo_Sys0_S0[0]
     425* |      21 |     164 |       24 |      0 |    31 |    +0.0% |   -3.107 |      -51.4 |     -241.2 |    348 | fdo_Sys0_S0[0]
     430* |      21 |     166 |       26 |      0 |    31 |    +0.0% |   -3.107 |      -51.4 |     -256.2 |    348 | fdo_Sys0_S0[0]
     440* |      21 |     172 |       30 |      0 |    31 |    +0.0% |   -3.107 |      -51.4 |     -271.9 |    348 | fdo_Sys0_S0[0]
     448* |      21 |     164 |       24 |      0 |    31 |    +0.0% |   -3.107 |      -51.4 |     -241.2 |    348 | fdo_Sys0_S0[0]
     450* |      21 |     164 |       25 |      0 |    31 |    +0.0% |   -3.107 |      -51.4 |     -260.8 |    348 | fdo_Sys0_S0[0]
     460* |      21 |     170 |       29 |      0 |    31 |    +0.0% |   -3.107 |      -51.4 |     -270.2 |    348 | fdo_Sys0_S0[0]
     470* |      21 |     175 |       34 |      0 |    31 |    +0.0% |   -3.107 |      -51.4 |     -280.7 |    348 | fdo_Sys0_S0[0]
     471* |      21 |     164 |       24 |      0 |    31 |    +0.0% |   -3.107 |      -51.4 |     -241.2 |    348 | fdo_Sys0_S0[0]
     480* |      21 |     168 |       28 |      0 |    31 |    +0.0% |   -3.107 |      -51.4 |     -272.2 |    348 | fdo_Sys0_S0[0]
     490* |      21 |     174 |       32 |      0 |    31 |    +0.0% |   -3.107 |      -51.4 |     -275.8 |    348 | fdo_Sys0_S0[0]
     494* |      21 |     164 |       24 |      0 |    31 |    +0.0% |   -3.107 |      -51.4 |     -241.2 |    348 | fdo_Sys0_S0[0]
     500* |      21 |     167 |       26 |      0 |    31 |    +0.0% |   -3.107 |      -51.4 |     -255.1 |    348 | fdo_Sys0_S0[0]
     510* |      21 |     172 |       31 |      0 |    31 |    +0.0% |   -3.107 |      -51.4 |     -273.7 |    348 | fdo_Sys0_S0[0]
     517* |      21 |     164 |       24 |      0 |    31 |    +0.0% |   -3.107 |      -51.4 |     -241.2 |    348 | fdo_Sys0_S0[0]
     520* |      21 |     165 |       25 |      0 |    31 |    +0.0% |   -3.107 |      -51.4 |     -258.3 |    348 | fdo_Sys0_S0[0]
     530* |      21 |     171 |       29 |      0 |    31 |    +0.0% |   -3.107 |      -51.4 |     -270.3 |    348 | fdo_Sys0_S0[0]
     540* |      21 |     176 |       34 |      0 |    31 |    +0.0% |   -3.107 |      -51.4 |     -280.6 |    348 | fdo_Sys0_S0[0]
     540* |      21 |     164 |       24 |      0 |    31 |    +0.0% |   -3.107 |      -51.4 |     -241.2 |    348 | fdo_Sys0_S0[0]
     550* |      21 |     170 |       26 |      0 |    32 |    +0.0% |   -3.107 |      -51.4 |     -232.9 |    348 | fdo_Sys0_S0[0]
     560* |      21 |     178 |       27 |      0 |    33 |    +0.0% |   -3.107 |      -51.4 |     -224.4 |    348 | fdo_Sys0_S0[0]
     570* |      21 |     184 |       31 |      0 |    33 |    +0.0% |   -3.107 |      -51.4 |     -257.1 |    348 | fdo_Sys0_S0[0]
     570* |      21 |     179 |       27 |      0 |    33 |    +0.0% |   -3.107 |      -51.4 |     -224.0 |    348 | fdo_Sys0_S0[0]
     580* |      21 |     184 |       31 |      0 |    33 |    +0.0% |   -3.107 |      -51.4 |     -257.1 |    348 | fdo_Sys0_S0[0]
     580* |      21 |     179 |       27 |      0 |    33 |    +0.0% |   -3.107 |      -51.4 |     -224.0 |    348 | fdo_Sys0_S0[0]
     590* |      21 |     184 |       31 |      0 |    33 |    +0.0% |   -3.107 |      -51.4 |     -257.1 |    348 | fdo_Sys0_S0[0]
     590* |      21 |     179 |       27 |      0 |    33 |    +0.0% |   -3.107 |      -51.4 |     -224.0 |    348 | fdo_Sys0_S0[0]
     600* |      21 |     184 |       31 |      0 |    33 |    +0.0% |   -3.107 |      -51.4 |     -257.1 |    348 | fdo_Sys0_S0[0]
     600* |      21 |     179 |       27 |      0 |    33 |    +0.0% |   -3.107 |      -51.4 |     -224.0 |    348 | fdo_Sys0_S0[0]
     610* |      21 |     184 |       31 |      0 |    33 |    +0.0% |   -3.107 |      -51.4 |     -257.1 |    348 | fdo_Sys0_S0[0]
     610* |      21 |     179 |       27 |      0 |    33 |    +0.0% |   -3.107 |      -51.4 |     -224.0 |    348 | fdo_Sys0_S0[0]
     620* |      21 |     184 |       31 |      0 |    33 |    +0.0% |   -3.107 |      -51.4 |     -257.1 |    348 | fdo_Sys0_S0[0]
     620* |      21 |     179 |       27 |      0 |    33 |    +0.0% |   -3.107 |      -51.4 |     -224.0 |    348 | fdo_Sys0_S0[0]
     630* |      21 |     184 |       31 |      0 |    33 |    +0.0% |   -3.107 |      -51.4 |     -257.1 |    348 | fdo_Sys0_S0[0]
     630* |      21 |     179 |       27 |      0 |    33 |    +0.0% |   -3.107 |      -51.4 |     -224.0 |    348 | fdo_Sys0_S0[0]
     640* |      21 |     184 |       31 |      0 |    33 |    +0.0% |   -3.107 |      -51.4 |     -257.1 |    348 | fdo_Sys0_S0[0]
     640* |      21 |     179 |       27 |      0 |    33 |    +0.0% |   -3.107 |      -51.4 |     -224.0 |    348 | fdo_Sys0_S0[0]
     650* |      21 |     185 |       29 |      0 |    34 |    +0.0% |   -3.107 |      -51.4 |     -214.2 |    348 | fdo_Sys0_S0[0]
     660* |      21 |     190 |       34 |      0 |    34 |    +0.0% |   -3.107 |      -51.4 |     -233.2 |    348 | fdo_Sys0_S0[0]
     670* |      21 |     196 |       38 |      0 |    34 |    +0.0% |   -3.107 |      -51.4 |     -284.1 |    348 | fdo_Sys0_S0[0]
     678* |      21 |     186 |       29 |      0 |    34 |    +0.0% |   -3.107 |      -51.4 |     -211.8 |    348 | fdo_Sys0_S0[0]
     680* |      21 |     186 |       30 |      0 |    34 |    +0.0% |   -3.107 |      -51.4 |     -215.7 |    348 | fdo_Sys0_S0[0]
     690* |      21 |     191 |       35 |      0 |    34 |    +0.0% |   -3.107 |      -51.4 |     -252.7 |    348 | fdo_Sys0_S0[0]
     700* |      21 |     197 |       39 |      0 |    34 |    +0.0% |   -3.107 |      -51.4 |     -288.1 |    348 | fdo_Sys0_S0[0]
     706* |      21 |     186 |       29 |      0 |    34 |    +0.0% |   -3.107 |      -51.4 |     -211.8 |    348 | fdo_Sys0_S0[0]
     710* |      21 |     187 |       31 |      0 |    34 |    +0.0% |   -3.107 |      -51.4 |     -233.3 |    348 | fdo_Sys0_S0[0]
     720* |      21 |     192 |       36 |      0 |    34 |    +0.0% |   -3.107 |      -51.4 |     -270.7 |    348 | fdo_Sys0_S0[0]
     730* |      21 |     198 |       40 |      0 |    34 |    +0.0% |   -3.107 |      -51.4 |     -292.9 |    348 | fdo_Sys0_S0[0]
     734* |      21 |     186 |       29 |      0 |    34 |    +0.0% |   -3.107 |      -51.4 |     -211.8 |    348 | fdo_Sys0_S0[0]
     740* |      21 |     188 |       32 |      0 |    34 |    +0.0% |   -3.107 |      -51.4 |     -230.8 |    348 | fdo_Sys0_S0[0]
     750* |      21 |     193 |       37 |      0 |    34 |    +0.0% |   -3.107 |      -51.4 |     -266.9 |    348 | fdo_Sys0_S0[0]
     760* |      21 |     199 |       41 |      0 |    34 |    +0.0% |   -3.107 |      -51.4 |     -297.8 |    348 | fdo_Sys0_S0[0]
     762* |      21 |     186 |       29 |      0 |    34 |    +0.0% |   -3.107 |      -51.4 |     -211.8 |    348 | fdo_Sys0_S0[0]
     770* |      21 |     189 |       33 |      0 |    34 |    +0.0% |   -3.107 |      -51.4 |     -232.0 |    348 | fdo_Sys0_S0[0]
     780* |      21 |     194 |       38 |      0 |    34 |    +0.0% |   -3.107 |      -51.4 |     -287.9 |    348 | fdo_Sys0_S0[0]
     790* |      21 |     200 |       42 |      0 |    34 |    +0.0% |   -3.107 |      -51.4 |     -302.6 |    348 | fdo_Sys0_S0[0]
     790* |      21 |     186 |       29 |      0 |    34 |    +0.0% |   -3.107 |      -51.4 |     -211.8 |    348 | fdo_Sys0_S0[0]
     800* |      21 |     190 |       34 |      0 |    34 |    +0.0% |   -3.107 |      -51.4 |     -233.2 |    348 | fdo_Sys0_S0[0]
     810* |      21 |     196 |       38 |      0 |    34 |    +0.0% |   -3.107 |      -51.4 |     -284.1 |    348 | fdo_Sys0_S0[0]
     818* |      21 |     186 |       29 |      0 |    34 |    +0.0% |   -3.107 |      -51.4 |     -211.8 |    348 | fdo_Sys0_S0[0]
     820* |      21 |     186 |       30 |      0 |    34 |    +0.0% |   -3.107 |      -51.4 |     -215.7 |    348 | fdo_Sys0_S0[0]
     830* |      21 |     191 |       35 |      0 |    34 |    +0.0% |   -3.107 |      -51.4 |     -252.7 |    348 | fdo_Sys0_S0[0]
     840* |      21 |     197 |       39 |      0 |    34 |    +0.0% |   -3.107 |      -51.4 |     -288.1 |    348 | fdo_Sys0_S0[0]
     846* |      21 |     186 |       29 |      0 |    34 |    +0.0% |   -3.107 |      -51.4 |     -211.8 |    348 | fdo_Sys0_S0[0]
     850* |      21 |     187 |       31 |      0 |    34 |    +0.0% |   -3.107 |      -51.4 |     -233.3 |    348 | fdo_Sys0_S0[0]
     860* |      21 |     192 |       36 |      0 |    34 |    +0.0% |   -3.107 |      -51.4 |     -270.7 |    348 | fdo_Sys0_S0[0]
     870* |      21 |     198 |       40 |      0 |    34 |    +0.0% |   -3.107 |      -51.4 |     -292.9 |    348 | fdo_Sys0_S0[0]
     874* |      21 |     186 |       29 |      0 |    34 |    +0.0% |   -3.107 |      -51.4 |     -211.8 |    348 | fdo_Sys0_S0[0]
     880* |      21 |     190 |       29 |      0 |    35 |    +0.0% |   -3.107 |      -51.4 |     -200.5 |    348 | fdo_Sys0_S0[0]
     890* |      21 |     194 |       35 |      0 |    36 |    +0.0% |   -3.107 |      -51.4 |     -241.4 |    348 | fdo_Sys0_S0[0]
     900* |      21 |     200 |       39 |      0 |    36 |    +0.0% |   -3.107 |      -51.4 |     -290.1 |    348 | fdo_Sys0_S0[0]
     904* |      21 |     193 |       30 |      0 |    36 |    +0.0% |   -3.107 |      -51.4 |     -200.3 |    348 | fdo_Sys0_S0[0]
     910* |      21 |     194 |       35 |      0 |    36 |    +0.0% |   -3.107 |      -51.4 |     -241.4 |    348 | fdo_Sys0_S0[0]
     920* |      21 |     200 |       39 |      0 |    36 |    +0.0% |   -3.107 |      -51.4 |     -290.1 |    348 | fdo_Sys0_S0[0]
     924* |      21 |     193 |       30 |      0 |    36 |    +0.0% |   -3.107 |      -51.4 |     -200.3 |    348 | fdo_Sys0_S0[0]
     930* |      21 |     194 |       35 |      0 |    36 |    +0.0% |   -3.107 |      -51.4 |     -241.4 |    348 | fdo_Sys0_S0[0]
     940* |      21 |     200 |       39 |      0 |    36 |    +0.0% |   -3.107 |      -51.4 |     -290.1 |    348 | fdo_Sys0_S0[0]
     944* |      21 |     193 |       30 |      0 |    36 |    +0.0% |   -3.107 |      -51.4 |     -200.3 |    348 | fdo_Sys0_S0[0]
     950* |      21 |     194 |       35 |      0 |    36 |    +0.0% |   -3.107 |      -51.4 |     -241.4 |    348 | fdo_Sys0_S0[0]
     960* |      21 |     200 |       39 |      0 |    36 |    +0.0% |   -3.107 |      -51.4 |     -290.1 |    348 | fdo_Sys0_S0[0]
     964* |      21 |     193 |       30 |      0 |    36 |    +0.0% |   -3.107 |      -51.4 |     -200.3 |    348 | fdo_Sys0_S0[0]
     970* |      21 |     194 |       35 |      0 |    36 |    +0.0% |   -3.107 |      -51.4 |     -241.4 |    348 | fdo_Sys0_S0[0]
     980* |      21 |     200 |       39 |      0 |    36 |    +0.0% |   -3.107 |      -51.4 |     -290.1 |    348 | fdo_Sys0_S0[0]
     984* |      21 |     193 |       30 |      0 |    36 |    +0.0% |   -3.107 |      -51.4 |     -200.3 |    348 | fdo_Sys0_S0[0]
     990* |      21 |     194 |       35 |      0 |    36 |    +0.0% |   -3.107 |      -51.4 |     -241.4 |    348 | fdo_Sys0_S0[0]
    1000* |      21 |     200 |       39 |      0 |    36 |    +0.0% |   -3.107 |      -51.4 |     -290.1 |    348 | fdo_Sys0_S0[0]
    1004* |      21 |     193 |       30 |      0 |    36 |    +0.0% |   -3.107 |      -51.4 |     -200.3 |    348 | fdo_Sys0_S0[0]
    1010* |      21 |     194 |       35 |      0 |    36 |    +0.0% |   -3.107 |      -51.4 |     -241.4 |    348 | fdo_Sys0_S0[0]
    1020* |      21 |     200 |       39 |      0 |    36 |    +0.0% |   -3.107 |      -51.4 |     -290.1 |    348 | fdo_Sys0_S0[0]
    1024* |      21 |     193 |       30 |      0 |    36 |    +0.0% |   -3.107 |      -51.4 |     -200.3 |    348 | fdo_Sys0_S0[0]
    1030* |      21 |     194 |       35 |      0 |    36 |    +0.0% |   -3.107 |      -51.4 |     -241.4 |    348 | fdo_Sys0_S0[0]
    1040* |      21 |     200 |       39 |      0 |    36 |    +0.0% |   -3.107 |      -51.4 |     -290.1 |    348 | fdo_Sys0_S0[0]
    1044* |      21 |     193 |       30 |      0 |    36 |    +0.0% |   -3.107 |      -51.4 |     -200.3 |    348 | fdo_Sys0_S0[0]
    1050* |      21 |     197 |       30 |      0 |    37 |    +0.0% |   -3.107 |      -51.4 |     -195.4 |    348 | fdo_Sys0_S0[0]
    1060* |      21 |     201 |       37 |      0 |    37 |    +0.0% |   -3.107 |      -51.4 |     -235.1 |    348 | fdo_Sys0_S0[0]
    1070* |      21 |     207 |       41 |      0 |    37 |    +0.0% |   -3.107 |      -51.4 |     -299.7 |    348 | fdo_Sys0_S0[0]
    1070* |      21 |     197 |       30 |      0 |    36 |    +0.0% |   -3.107 |      -51.4 |     -195.2 |    348 | fdo_Sys0_S0[0]
    1080* |      21 |     200 |       37 |      0 |    36 |    +0.0% |   -3.107 |      -51.4 |     -237.0 |    348 | fdo_Sys0_S0[0]
    1090* |      21 |     206 |       41 |      0 |    36 |    +0.0% |   -3.107 |      -51.4 |     -303.0 |    348 | fdo_Sys0_S0[0]
    1091* |      21 |     197 |       30 |      0 |    36 |    +0.0% |   -3.107 |      -51.4 |     -195.2 |    348 | fdo_Sys0_S0[0]
    1100* |      21 |     200 |       36 |      0 |    36 |    +0.0% |   -3.107 |      -51.4 |     -237.9 |    348 | fdo_Sys0_S0[0]
    1110* |      21 |     206 |       40 |      0 |    36 |    +0.0% |   -3.107 |      -51.4 |     -282.1 |    348 | fdo_Sys0_S0[0]
    1112* |      21 |     197 |       30 |      0 |    36 |    +0.0% |   -3.107 |      -51.4 |     -195.2 |    348 | fdo_Sys0_S0[0]
    1120* |      21 |     199 |       36 |      0 |    36 |    +0.0% |   -3.107 |      -51.4 |     -239.5 |    348 | fdo_Sys0_S0[0]
    1130* |      21 |     205 |       40 |      0 |    36 |    +0.0% |   -3.107 |      -51.4 |     -285.4 |    348 | fdo_Sys0_S0[0]
    1133* |      21 |     197 |       30 |      0 |    36 |    +0.0% |   -3.107 |      -51.4 |     -195.2 |    348 | fdo_Sys0_S0[0]
    1140* |      21 |     199 |       35 |      0 |    36 |    +0.0% |   -3.107 |      -51.4 |     -221.6 |    348 | fdo_Sys0_S0[0]
    1150* |      21 |     204 |       40 |      0 |    36 |    +0.0% |   -3.107 |      -51.4 |     -285.6 |    348 | fdo_Sys0_S0[0]
    1154* |      21 |     197 |       30 |      0 |    36 |    +0.0% |   -3.107 |      -51.4 |     -195.2 |    348 | fdo_Sys0_S0[0]
    1160* |      21 |     198 |       35 |      0 |    36 |    +0.0% |   -3.107 |      -51.4 |     -225.8 |    348 | fdo_Sys0_S0[0]
    1170* |      21 |     204 |       39 |      0 |    36 |    +0.0% |   -3.107 |      -51.4 |     -264.9 |    348 | fdo_Sys0_S0[0]
    1175* |      21 |     197 |       30 |      0 |    36 |    +0.0% |   -3.107 |      -51.4 |     -195.2 |    348 | fdo_Sys0_S0[0]
    1180* |      21 |     198 |       34 |      0 |    36 |    +0.0% |   -3.107 |      -51.4 |     -210.4 |    348 | fdo_Sys0_S0[0]
    1190* |      21 |     203 |       39 |      0 |    36 |    +0.0% |   -3.107 |      -51.4 |     -268.1 |    348 | fdo_Sys0_S0[0]
    1196* |      21 |     197 |       30 |      0 |    36 |    +0.0% |   -3.107 |      -51.4 |     -195.2 |    348 | fdo_Sys0_S0[0]
    1200* |      21 |     197 |       34 |      0 |    36 |    +0.0% |   -3.107 |      -51.4 |     -210.6 |    348 | fdo_Sys0_S0[0]
    1210* |      21 |     203 |       38 |      0 |    36 |    +0.0% |   -3.107 |      -51.4 |     -248.2 |    348 | fdo_Sys0_S0[0]
    1217* |      21 |     197 |       30 |      0 |    36 |    +0.0% |   -3.107 |      -51.4 |     -195.2 |    348 | fdo_Sys0_S0[0]
    1220* |      21 |     199 |       30 |      0 |    36 |    +0.0% |   -3.107 |      -51.4 |     -195.4 |    348 | fdo_Sys0_S0[0]
    1230* |      21 |     204 |       33 |      0 |    38 |    +0.0% |   -3.107 |      -51.4 |     -211.4 |    348 | fdo_Sys0_S0[0]
    1240* |      21 |     210 |       37 |      0 |    38 |    +0.0% |   -3.107 |      -51.4 |     -226.5 |    348 | fdo_Sys0_S0[0]
    1249* |      21 |     202 |       30 |      0 |    36 |    +0.0% |   -3.107 |      -51.4 |     -192.9 |    348 | fdo_Sys0_S0[0]
    1250* |      21 |     202 |       30 |      0 |    36 |    +0.0% |   -3.107 |      -51.4 |     -192.9 |    348 | fdo_Sys0_S0[0]
    1260* |      21 |     207 |       35 |      0 |    36 |    +0.0% |   -3.107 |      -51.4 |     -222.2 |    348 | fdo_Sys0_S0[0]
    1270* |      21 |     213 |       39 |      0 |    36 |    +0.0% |   -3.107 |      -51.4 |     -264.0 |    348 | fdo_Sys0_S0[0]
    1274* |      21 |     202 |       30 |      0 |    36 |    +0.0% |   -3.107 |      -51.4 |     -192.9 |    348 | fdo_Sys0_S0[0]
    1280* |      21 |     204 |       33 |      0 |    36 |    +0.0% |   -3.107 |      -51.4 |     -211.0 |    348 | fdo_Sys0_S0[0]
    1290* |      21 |     210 |       37 |      0 |    36 |    +0.0% |   -3.107 |      -51.4 |     -226.3 |    348 | fdo_Sys0_S0[0]
    1299* |      21 |     202 |       30 |      0 |    36 |    +0.0% |   -3.107 |      -51.4 |     -192.9 |    348 | fdo_Sys0_S0[0]
    1300* |      21 |     202 |       30 |      0 |    36 |    +0.0% |   -3.107 |      -51.4 |     -192.9 |    348 | fdo_Sys0_S0[0]
    1310* |      21 |     207 |       35 |      0 |    36 |    +0.0% |   -3.107 |      -51.4 |     -222.2 |    348 | fdo_Sys0_S0[0]
    1320* |      21 |     213 |       39 |      0 |    36 |    +0.0% |   -3.107 |      -51.4 |     -264.0 |    348 | fdo_Sys0_S0[0]
    1324* |      21 |     202 |       30 |      0 |    36 |    +0.0% |   -3.107 |      -51.4 |     -192.9 |    348 | fdo_Sys0_S0[0]
    1330* |      21 |     204 |       33 |      0 |    36 |    +0.0% |   -3.107 |      -51.4 |     -211.0 |    348 | fdo_Sys0_S0[0]
    1340* |      21 |     210 |       37 |      0 |    36 |    +0.0% |   -3.107 |      -51.4 |     -226.3 |    348 | fdo_Sys0_S0[0]
    1349* |      21 |     202 |       30 |      0 |    36 |    +0.0% |   -3.107 |      -51.4 |     -192.9 |    348 | fdo_Sys0_S0[0]
    1350* |      21 |     202 |       30 |      0 |    36 |    +0.0% |   -3.107 |      -51.4 |     -192.9 |    348 | fdo_Sys0_S0[0]
    1360* |      21 |     207 |       35 |      0 |    36 |    +0.0% |   -3.107 |      -51.4 |     -222.2 |    348 | fdo_Sys0_S0[0]
    1370* |      21 |     213 |       39 |      0 |    36 |    +0.0% |   -3.107 |      -51.4 |     -264.0 |    348 | fdo_Sys0_S0[0]
    1374* |      21 |     202 |       30 |      0 |    36 |    +0.0% |   -3.107 |      -51.4 |     -192.9 |    348 | fdo_Sys0_S0[0]
    1380* |      21 |     204 |       33 |      0 |    36 |    +0.0% |   -3.107 |      -51.4 |     -211.0 |    348 | fdo_Sys0_S0[0]
    1390* |      21 |     210 |       37 |      0 |    36 |    +0.0% |   -3.107 |      -51.4 |     -226.3 |    348 | fdo_Sys0_S0[0]
    1399* |      21 |     202 |       30 |      0 |    36 |    +0.0% |   -3.107 |      -51.4 |     -192.9 |    348 | fdo_Sys0_S0[0]
    1400* |      21 |     202 |       30 |      0 |    36 |    +0.0% |   -3.107 |      -51.4 |     -192.9 |    348 | fdo_Sys0_S0[0]
    1400* |      21 |     202 |       30 |      0 |    36 |    +0.0% |   -3.107 |      -51.4 |     -192.9 |    348 | fdo_Sys0_S0[0]
    1410* |      21 |     207 |       35 |      0 |    36 |    +0.0% |   -3.107 |      -51.4 |     -226.9 |    348 | fdo_Sys0_S0[0]
    1420* |      21 |     214 |       37 |      0 |    37 |    +0.0% |   -3.107 |      -51.4 |     -231.4 |    348 | fdo_Sys0_S0[0]
    1430* |      21 |     219 |       42 |      0 |    37 |    +0.0% |   -3.107 |      -51.4 |     -308.9 |    348 | fdo_Sys0_S0[0]
    1431* |      21 |     204 |       30 |      0 |    36 |    +0.0% |   -3.107 |      -51.4 |     -192.6 |    348 | fdo_Sys0_S0[0]
    1440* |      21 |     208 |       35 |      0 |    36 |    +0.0% |   -3.107 |      -51.4 |     -226.9 |    348 | fdo_Sys0_S0[0]
    1450* |      21 |     215 |       38 |      0 |    36 |    +0.0% |   -3.107 |      -51.4 |     -227.7 |    348 | fdo_Sys0_S0[0]
    1459* |      21 |     204 |       30 |      0 |    36 |    +0.0% |   -3.107 |      -51.4 |     -192.6 |    348 | fdo_Sys0_S0[0]
    1460* |      21 |     204 |       30 |      0 |    36 |    +0.0% |   -3.107 |      -51.4 |     -192.6 |    348 | fdo_Sys0_S0[0]
    1470* |      21 |     209 |       36 |      0 |    36 |    +0.0% |   -3.107 |      -51.4 |     -223.9 |    348 | fdo_Sys0_S0[0]
    1480* |      21 |     216 |       39 |      0 |    36 |    +0.0% |   -3.107 |      -51.4 |     -249.6 |    348 | fdo_Sys0_S0[0]
    1487* |      21 |     204 |       30 |      0 |    36 |    +0.0% |   -3.107 |      -51.4 |     -192.6 |    348 | fdo_Sys0_S0[0]
    1490* |      21 |     205 |       32 |      0 |    36 |    +0.0% |   -3.107 |      -51.4 |     -195.3 |    348 | fdo_Sys0_S0[0]
    1500* |      21 |     211 |       36 |      0 |    36 |    +0.0% |   -3.107 |      -51.4 |     -224.1 |    348 | fdo_Sys0_S0[0]
    1500* |      21 |     204 |       30 |      0 |    36 |    +0.0% |   -3.107 |      -51.4 |     -192.6 |    348 | fdo_Sys0_S0[0]
    1500* |      21 |     204 |       30 |      0 |    36 |    +0.0% |   -3.107 |      -51.4 |     -192.6 |    348 | fdo_Sys0_S0[0]
    1500+ |      21 |     204 |       30 |      0 |    36 |    +0.0% |   -3.107 |      -51.4 |     -192.6 |    348 | fdo_Sys0_S0[0]
    1501+ |      21 |     204 |       30 |      0 |    36 |    +0.0% |   -3.107 |      -51.4 |     -192.6 |    348 | fdo_Sys0_S0[0]
    1502+ |      21 |     204 |       30 |      0 |    36 |    +0.0% |   -3.107 |      -51.4 |     -192.6 |    348 | fdo_Sys0_S0[0]
    1505+ |      21 |     205 |       30 |      0 |    37 |    +0.0% |   -3.107 |      -51.4 |     -192.5 |    348 | fdo_Sys0_S0[0]
    1508+ |      21 |     207 |       30 |      0 |    37 |    +0.0% |   -3.107 |      -51.4 |     -192.5 |    348 | fdo_Sys0_S0[0]
    1510+ |      21 |     208 |       30 |      0 |    37 |    +0.0% |   -3.107 |      -51.3 |     -190.8 |    348 | fdo_Sys0_S0[0]
    1513+ |      21 |     211 |       30 |      0 |    37 |    +0.0% |   -3.107 |      -50.7 |     -184.9 |    348 | fdo_Sys0_S0[0]
    1517+ |      21 |     214 |       30 |      0 |    37 |    +0.0% |   -3.107 |      -50.3 |     -184.1 |    348 | fdo_Sys0_S0[0]
    1518+ |      21 |     214 |       30 |      0 |    37 |    +0.0% |   -3.107 |      -50.3 |     -184.1 |    348 | fdo_Sys0_S0[0]
    1520+ |      21 |     215 |       30 |      0 |    37 |    +0.0% |   -3.107 |      -50.3 |     -184.0 |    348 | fdo_Sys0_S0[0]
    1524+ |      21 |     219 |       30 |      0 |    37 |    +0.0% |   -3.107 |      -49.5 |     -176.8 |    348 | fdo_Sys0_S0[0]
    1530+ |      21 |     224 |       30 |      0 |    37 |    +0.0% |   -3.107 |      -49.1 |     -172.6 |    348 | fdo_Sys0_S0[0]
    1534+ |      21 |     229 |       30 |      0 |    37 |    +0.0% |   -3.107 |      -49.1 |     -170.5 |    348 | fdo_Sys0_S0[0]
    1540+ |      21 |     233 |       30 |      0 |    38 |    +0.0% |   -3.107 |      -48.9 |     -170.1 |    348 | fdo_Sys0_S0[0]
    1544+ |      21 |     237 |       30 |      0 |    38 |    +0.0% |   -3.107 |      -48.8 |     -169.9 |    348 | fdo_Sys0_S0[0]
    1549+ |      21 |     241 |       30 |      0 |    38 |    +0.0% |   -3.107 |      -48.8 |     -169.7 |    348 | fdo_Sys0_S0[0]
    1550+ |      21 |     241 |       30 |      0 |    38 |    +0.0% |   -3.107 |      -48.8 |     -169.7 |    348 | fdo_Sys0_S0[0]
    1550+ |      21 |     241 |       30 |      0 |    38 |    +0.0% |   -3.107 |      -48.8 |     -169.7 |    348 | fdo_Sys0_S0[0]
    1553+ |      21 |     243 |       30 |      0 |    38 |    +0.0% |   -3.107 |      -48.8 |     -169.6 |    348 | fdo_Sys0_S0[0]
    1555+ |      21 |     244 |       30 |      0 |    38 |    +0.0% |   -3.107 |      -48.8 |     -169.6 |    348 | fdo_Sys0_S0[0]
    1560+ |      21 |     247 |       30 |      0 |    39 |    +0.0% |   -3.107 |      -48.6 |     -169.2 |    348 | fdo_Sys0_S0[0]
    1563+ |      21 |     250 |       30 |      0 |    39 |    +0.0% |   -3.107 |      -48.5 |     -169.0 |    348 | fdo_Sys0_S0[0]
    1565+ |      21 |     251 |       30 |      0 |    39 |    +0.0% |   -3.107 |      -48.5 |     -169.0 |    348 | fdo_Sys0_S0[0]
    1566+ |      21 |     251 |       30 |      0 |    39 |    +0.0% |   -3.107 |      -48.5 |     -169.0 |    348 | fdo_Sys0_S0[0]
    1567+ |      21 |     251 |       30 |      0 |    39 |    +0.0% |   -3.107 |      -48.5 |     -169.0 |    348 | fdo_Sys0_S0[0]
    1570+ |      21 |     252 |       30 |      0 |    40 |    +0.0% |   -3.107 |      -48.5 |     -168.8 |    348 | fdo_Sys0_S0[0]
    1572+ |      21 |     254 |       30 |      0 |    40 |    +0.0% |   -3.107 |      -48.5 |     -168.7 |    348 | fdo_Sys0_S0[0]
    1580+ |      21 |     261 |       30 |      0 |    40 |    +0.0% |   -3.107 |      -48.5 |     -160.7 |    348 | fdo_Sys0_S0[0]
    1582+ |      21 |     262 |       30 |      0 |    42 |    +0.0% |   -3.107 |      -48.5 |     -159.7 |    348 | fdo_Sys0_S0[0]
    1589+ |      21 |     266 |       30 |      0 |    44 |    +0.0% |   -3.107 |      -48.5 |     -157.4 |    348 | fdo_Sys0_S0[0]
    1590+ |      21 |     266 |       30 |      0 |    44 |    +0.0% |   -3.107 |      -48.5 |     -157.4 |    348 | fdo_Sys0_S0[0]
    1591+ |      21 |     267 |       30 |      0 |    44 |    +0.0% |   -3.107 |      -48.5 |     -156.1 |    348 | fdo_Sys0_S0[0]
    1593+ |      21 |     268 |       30 |      0 |    44 |    +0.0% |   -3.107 |      -48.5 |     -156.0 |    348 | fdo_Sys0_S0[0]
    1595+ |      21 |     269 |       30 |      0 |    44 |    +0.0% |   -3.107 |      -48.5 |     -155.9 |    348 | fdo_Sys0_S0[0]
    1600+ |      21 |     273 |       30 |      0 |    44 |    +0.0% |   -3.107 |      -48.5 |     -155.4 |    348 | fdo_Sys0_S0[0]
    1601+ |      21 |     273 |       30 |      0 |    44 |    +0.0% |   -3.107 |      -48.5 |     -155.4 |    348 | fdo_Sys0_S0[0]
    1602+ |      21 |     273 |       30 |      0 |    44 |    +0.0% |   -3.107 |      -48.5 |     -155.4 |    348 | fdo_Sys0_S0[0]
    1603+ |      21 |     273 |       30 |      0 |    44 |    +0.0% |   -3.107 |      -48.5 |     -155.4 |    348 | fdo_Sys0_S0[0]
    1604+ |      21 |     273 |       30 |      0 |    44 |    +0.0% |   -3.107 |      -48.5 |     -155.4 |    348 | fdo_Sys0_S0[0]
    1605+ |      21 |     273 |       30 |      0 |    44 |    +0.0% |   -3.107 |      -48.5 |     -155.4 |    348 | fdo_Sys0_S0[0]
    1610+ |      21 |     276 |       30 |      0 |    45 |    +0.0% |   -3.107 |      -48.2 |     -155.0 |    348 | fdo_Sys0_S0[0]
    1615+ |      21 |     281 |       30 |      0 |    45 |    +0.0% |   -3.107 |      -48.2 |     -154.7 |    348 | fdo_Sys0_S0[0]
    1616+ |      21 |     281 |       30 |      0 |    45 |    +0.0% |   -3.107 |      -48.2 |     -154.7 |    348 | fdo_Sys0_S0[0]
    1618+ |      21 |     281 |       30 |      0 |    46 |    +0.0% |   -3.107 |      -48.1 |     -154.6 |    348 | fdo_Sys0_S0[0]
    1619+ |      21 |     281 |       30 |      0 |    46 |    +0.0% |   -3.107 |      -48.1 |     -154.6 |    348 | fdo_Sys0_S0[0]
    1620+ |      21 |     281 |       30 |      0 |    46 |    +0.0% |   -3.107 |      -48.1 |     -154.6 |    348 | fdo_Sys0_S0[0]
    1629+ |      21 |     288 |       30 |      0 |    49 |    +0.0% |   -3.107 |      -48.1 |     -145.8 |    348 | fdo_Sys0_S0[0]
    1630+ |      21 |     288 |       30 |      0 |    49 |    +0.0% |   -3.107 |      -48.1 |     -145.8 |    348 | fdo_Sys0_S0[0]
    1632+ |      21 |     290 |       30 |      0 |    49 |    +0.0% |   -3.107 |      -48.1 |     -145.7 |    348 | fdo_Sys0_S0[0]
    1635+ |      21 |     292 |       30 |      0 |    49 |    +0.0% |   -3.107 |      -48.1 |     -145.6 |    348 | fdo_Sys0_S0[0]
    1638+ |      21 |     294 |       30 |      0 |    49 |    +0.0% |   -3.107 |      -48.1 |     -145.5 |    348 | fdo_Sys0_S0[0]
    1640+ |      21 |     295 |       30 |      0 |    49 |    +0.0% |   -3.107 |      -48.1 |     -145.4 |    348 | fdo_Sys0_S0[0]
    1640+ |      21 |     295 |       30 |      0 |    49 |    +0.0% |   -3.107 |      -48.1 |     -145.4 |    348 | fdo_Sys0_S0[0]
    1641+ |      21 |     295 |       30 |      0 |    49 |    +0.0% |   -3.107 |      -48.1 |     -145.4 |    348 | fdo_Sys0_S0[0]
    1642+ |      21 |     295 |       30 |      0 |    49 |    +0.0% |   -3.107 |      -48.1 |     -145.4 |    348 | fdo_Sys0_S0[0]
    1643+ |      21 |     295 |       30 |      0 |    49 |    +0.0% |   -3.107 |      -48.1 |     -145.4 |    348 | fdo_Sys0_S0[0]
    1644+ |      21 |     295 |       30 |      0 |    49 |    +0.0% |   -3.107 |      -48.1 |     -145.4 |    348 | fdo_Sys0_S0[0]
    1645+ |      21 |     295 |       30 |      0 |    49 |    +0.0% |   -3.107 |      -48.1 |     -145.4 |    348 | fdo_Sys0_S0[0]
    1646+ |      21 |     295 |       30 |      0 |    49 |    +0.0% |   -3.107 |      -48.1 |     -145.4 |    348 | fdo_Sys0_S0[0]
    1647+ |      21 |     295 |       30 |      0 |    49 |    +0.0% |   -3.107 |      -48.1 |     -145.4 |    348 | fdo_Sys0_S0[0]
    1648+ |      21 |     295 |       30 |      0 |    49 |    +0.0% |   -3.107 |      -48.1 |     -145.4 |    348 | fdo_Sys0_S0[0]
    1650+ |      21 |     295 |       30 |      0 |    50 |    +0.0% |   -3.107 |      -48.1 |     -145.4 |    348 | fdo_Sys0_S0[0]
    1650+ |      21 |     295 |       30 |      0 |    50 |    +0.0% |   -3.107 |      -48.1 |     -145.4 |    348 | fdo_Sys0_S0[0]
    1660+ |      21 |     302 |       30 |      0 |    52 |    +0.0% |   -3.107 |      -48.1 |     -136.4 |    348 | fdo_Sys0_S0[0]
    1660+ |      21 |     302 |       30 |      0 |    53 |    +0.0% |   -3.107 |      -48.1 |     -136.3 |    348 | fdo_Sys0_S0[0]
    1661+ |      21 |     302 |       30 |      0 |    53 |    +0.0% |   -3.107 |      -48.1 |     -136.3 |    348 | fdo_Sys0_S0[0]
    1662+ |      21 |     302 |       30 |      0 |    53 |    +0.0% |   -3.107 |      -48.1 |     -136.3 |    348 | fdo_Sys0_S0[0]
    1663+ |      21 |     302 |       30 |      0 |    53 |    +0.0% |   -3.107 |      -48.1 |     -136.3 |    348 | fdo_Sys0_S0[0]
    1664+ |      21 |     302 |       30 |      0 |    53 |    +0.0% |   -3.107 |      -48.1 |     -136.3 |    348 | fdo_Sys0_S0[0]
    1665+ |      21 |     302 |       30 |      0 |    53 |    +0.0% |   -3.107 |      -48.1 |     -136.3 |    348 | fdo_Sys0_S0[0]
    1666+ |      21 |     302 |       30 |      0 |    53 |    +0.0% |   -3.107 |      -48.1 |     -136.3 |    348 | fdo_Sys0_S0[0]
    1667+ |      21 |     302 |       30 |      0 |    53 |    +0.0% |   -3.107 |      -48.1 |     -136.3 |    348 | fdo_Sys0_S0[0]
    1668+ |      21 |     302 |       30 |      0 |    53 |    +0.0% |   -3.107 |      -48.1 |     -136.3 |    348 | fdo_Sys0_S0[0]
    1669+ |      21 |     302 |       30 |      0 |    53 |    +0.0% |   -3.107 |      -48.1 |     -136.3 |    348 | fdo_Sys0_S0[0]
    1670+ |      21 |     302 |       30 |      0 |    53 |    +0.0% |   -3.107 |      -48.1 |     -136.3 |    348 | fdo_Sys0_S0[0]
    1670+ |      21 |     302 |       30 |      0 |    53 |    +0.0% |   -3.107 |      -48.1 |     -136.3 |    348 | fdo_Sys0_S0[0]
    1671+ |      21 |     302 |       30 |      0 |    53 |    +0.0% |   -3.107 |      -48.1 |     -136.3 |    348 | fdo_Sys0_S0[0]
    1672+ |      21 |     302 |       30 |      0 |    53 |    +0.0% |   -3.107 |      -48.1 |     -136.3 |    348 | fdo_Sys0_S0[0]
    1679+ |      21 |     307 |       30 |      0 |    54 |    +0.0% |   -3.107 |      -47.9 |     -135.9 |    348 | fdo_Sys0_S0[0]
    1680+ |      21 |     307 |       30 |      0 |    54 |    +0.0% |   -3.107 |      -47.9 |     -135.9 |    348 | fdo_Sys0_S0[0]
    1680+ |      21 |     307 |       30 |      0 |    54 |    +0.0% |   -3.107 |      -47.9 |     -135.9 |    348 | fdo_Sys0_S0[0]
    1687+ |      21 |     312 |       30 |      0 |    55 |    +0.0% |   -3.107 |      -47.7 |     -135.4 |    348 | fdo_Sys0_S0[0]
    1688+ |      21 |     312 |       30 |      0 |    55 |    +0.0% |   -3.107 |      -47.7 |     -135.4 |    348 | fdo_Sys0_S0[0]
    1690+ |      21 |     313 |       30 |      0 |    55 |    +0.0% |   -3.107 |      -47.7 |     -135.4 |    348 | fdo_Sys0_S0[0]
    1690+ |      21 |     313 |       30 |      0 |    55 |    +0.0% |   -3.107 |      -47.7 |     -135.4 |    348 | fdo_Sys0_S0[0]
    1695+ |      21 |     317 |       30 |      0 |    55 |    +0.0% |   -3.107 |      -47.7 |     -135.3 |    348 | fdo_Sys0_S0[0]
    1699+ |      21 |     319 |       30 |      0 |    56 |    +0.0% |   -3.107 |      -47.5 |     -134.9 |    348 | fdo_Sys0_S0[0]
    1700+ |      21 |     319 |       30 |      0 |    56 |    +0.0% |   -3.107 |      -47.5 |     -134.9 |    348 | fdo_Sys0_S0[0]
    final |      21 |     319 |       30 |      0 |    56 |    +0.0% |   -3.107 |      -47.5 |     -134.9 |    338 | fdo_Sys0_S0[0]
------------------------------------------------------------------------------------------------------------------------------
[INFO RSZ-0059] Removed 21 buffers.
[INFO RSZ-0040] Inserted 30 buffers.
[INFO RSZ-0051] Resized 319 instances: 319 up, 0 up match, 0 down, 0 VT
[INFO RSZ-0043] Swapped pins on 56 instances.
[WARNING RSZ-0062] Unable to repair all setup violations.
[INFO RSZ-0505] Runtime: 9.89s
[INFO RSZ-0033] No hold violations found.
[INFO RSZ-0506] Runtime: 0.01s
Took 10 seconds: repair_timing -setup_margin 0 -hold_margin 0 -repair_tns 100 -match_cell_footprint -verbose
Warning: master sky130_ef_sc_hd__decap_12 has signal pins but no liberty cell
Warning: master apb_sys_0 has signal pins but no liberty cell
Warning: master DFFRAM_4K has signal pins but no liberty cell
Warning: master DMC_32x16HC has signal pins but no liberty cell
Warning: master ibex_wrapper has signal pins but no liberty cell
Repair timing output passed lec test
detailed_placement
[INFO DPL-0006] Core area: 9325744.13 um^2
[INFO DPL-0007] Movable instances area: 40193.55 um^2
[INFO DPL-0008] Fixed instances area within core: 5636568.15 um^2
[INFO DPL-0009] Utilization: 60.9%
[INFO DPL-0005] Diamond search max displacement: +/- 500 sites horizontally, +/- 100 rows vertically.
[INFO DPL-1102] Legalizing using negotiation legalizer.
[INFO DPL-1103] Negotiation base search window: +/-20 sites horizontally, +/-5 rows vertically 
	Automatic search window extension enabled.
	Search window extendable up to the max displacement cap of +/-500 sites, +/-100 rows near walls.
[INFO DPL-1104] NegotiationLegalizer DRC penalty: 5.
[INFO DPL-0392] Negotiation cell height distribution (5 unique row-count(s)):
[INFO DPL-0393]   height 1 row(s): 52741 cells
[INFO DPL-0393]   height 221 row(s): 1 cells
[INFO DPL-0393]   height 258 row(s): 1 cells
[INFO DPL-0393]   height 295 row(s): 1 cells
[INFO DPL-0393]   height 511 row(s): 3 cells
          |      Total |  Illegal |  Illegal
Iteration | Violations |    Cells |    Sites
---------------------------------------------
        0 |          0 |         0 |         0
Negotiation phase 1 converged at iteration 0.
[INFO DPL-0500] Runtime: 0.37s
Placement Analysis
---------------------------------
total displacement        291.9 u
average displacement        0.0 u
max displacement           11.3 u
original HPWL          699043.9 u
legalized HPWL         699197.6 u
delta HPWL                    0 %

estimate_parasitics -placement
Report metrics stage 4, cts final...

==========================================================================
cts final report_design_area
--------------------------------------------------------------------------
Design area 5676762 um^2 61% utilization.
write_db /tmp/workspace/scripts-Private_test-fr_cugr_cmp-2-/results/sky130hd/chameleon/base/4_1_cts.odb
write_sdc -no_timestamp /tmp/workspace/scripts-Private_test-fr_cugr_cmp-2-/results/sky130hd/chameleon/base/4_cts.sdc
Elapsed time: 0:14.25[h:]min:sec. CPU time: user 17.91 sys 6.00 (167%). Peak memory: 597256KB.
Log                       Ext     Elapsed/s Peak Memory/MB sha1sum result [0:20)
4_1_cts                   .odb           14            583 4ee92430f93b8264ac43
