OpenROAD 26Q3-1464-gb22abfea20 
Features included (+) or not (-): +GPU +GUI +Python
This program is licensed under the BSD-3 license. See the LICENSE file for details.
Components of this program may be licensed under more restrictive licenses which must be honored.
[INFO ORD-0030] Using 32 thread(s).
read_liberty ./platforms/sky130hd/lib/sky130_fd_sc_hd__tt_025C_1v80.lib
read_db -hier /tmp/workspace/scripts-Private_test-fr_cugr_cmp-1-/results/sky130hd/aes/base/5_1_grt.odb
[WARNING ORD-0012] Hierarchical flow (-hier) is currently in development and may cause multiple issues. Do not use in production environments.
read_sdc /tmp/workspace/scripts-Private_test-fr_cugr_cmp-1-/results/sky130hd/aes/base/5_1_grt.sdc
source ./platforms/sky130hd/setRC.tcl
[WARNING STA-0450] virtual clock vclk_clk can not be propagated.
detailed_route -output_drc /tmp/workspace/scripts-Private_test-fr_cugr_cmp-1-/reports/sky130hd/aes/base/5_route_drc.rpt -output_maze /tmp/workspace/scripts-Private_test-fr_cugr_cmp-1-/results/sky130hd/aes/base/maze.log -droute_end_iter 64 -verbose 1 -drc_report_iter_step 5
[INFO DRT-0149] Reading tech and libs.
[WARNING DRT-0349] LEF58_ENCLOSURE with no CUTCLASS is not supported. Skipping for layer mcon
[WARNING DRT-0349] LEF58_ENCLOSURE with no CUTCLASS is not supported. Skipping for layer mcon
[WARNING DRT-0349] LEF58_ENCLOSURE with no CUTCLASS is not supported. Skipping for layer via
[WARNING DRT-0349] LEF58_ENCLOSURE with no CUTCLASS is not supported. Skipping for layer via
[WARNING DRT-0349] LEF58_ENCLOSURE with no CUTCLASS is not supported. Skipping for layer via2
[WARNING DRT-0349] LEF58_ENCLOSURE with no CUTCLASS is not supported. Skipping for layer via2
[WARNING DRT-0349] LEF58_ENCLOSURE with no CUTCLASS is not supported. Skipping for layer via3
[WARNING DRT-0349] LEF58_ENCLOSURE with no CUTCLASS is not supported. Skipping for layer via3
[WARNING DRT-0349] LEF58_ENCLOSURE with no CUTCLASS is not supported. Skipping for layer via4
[WARNING DRT-0349] LEF58_ENCLOSURE with no CUTCLASS is not supported. Skipping for layer via4

Units:                1000
Number of layers:     13
Number of macros:     441
Number of vias:       29
Number of viarulegen: 25

[INFO DRT-0150] Reading design.

Design:                   aes_cipher_top
Die area:                 ( 0 0 ) ( 475190 475190 )
Number of track patterns: 12
Number of DEF vias:       0
Number of components:     18617
Number of terminals:      390
Number of snets:          2
Number of nets:           15788

[INFO DRT-0167] List of default vias:
  Layer via
    default via: M1M2_PR
  Layer via2
    default via: M2M3_PR
  Layer via3
    default via: M3M4_PR
  Layer via4
    default via: M4M5_PR
[INFO DRT-0162] Library cell analysis.
[INFO DRT-0163] Instance analysis.
[INFO DRT-0164] Number of unique instances = 274.
[INFO DRT-0168] Init region query.
[INFO DRT-0024]   Complete FR_MASTERSLICE.
[INFO DRT-0024]   Complete Fr_VIA.
[INFO DRT-0024]   Complete li1.
[INFO DRT-0024]   Complete mcon.
[INFO DRT-0024]   Complete met1.
[INFO DRT-0024]   Complete via.
[INFO DRT-0024]   Complete met2.
[INFO DRT-0024]   Complete via2.
[INFO DRT-0024]   Complete met3.
[INFO DRT-0024]   Complete via3.
[INFO DRT-0024]   Complete met4.
[INFO DRT-0024]   Complete via4.
[INFO DRT-0024]   Complete met5.
[INFO DRT-0033] FR_MASTERSLICE shape region query size = 0.
[INFO DRT-0033] FR_VIA shape region query size = 0.
[INFO DRT-0033] li1 shape region query size = 383247.
[INFO DRT-0033] mcon shape region query size = 214699.
[INFO DRT-0033] met1 shape region query size = 49271.
[INFO DRT-0033] via shape region query size = 14705.
[INFO DRT-0033] met2 shape region query size = 8986.
[INFO DRT-0033] via2 shape region query size = 11764.
[INFO DRT-0033] met3 shape region query size = 9048.
[INFO DRT-0033] via3 shape region query size = 11764.
[INFO DRT-0033] met4 shape region query size = 3553.
[INFO DRT-0033] via4 shape region query size = 578.
[INFO DRT-0033] met5 shape region query size = 646.
[INFO DRT-0165] Start pin access.
[INFO DRT-0076]   Complete 1000 pins.
[INFO DRT-0076]   Complete 2000 pins.
[INFO DRT-0078]   Complete 2249 pins.
[INFO DRT-0079]   Complete 100 unique inst patterns.
[INFO DRT-0079]   Complete 200 unique inst patterns.
[INFO DRT-0081]   Complete 274 unique inst patterns.
[INFO DRT-0084]   Complete 9646 groups.
#scanned instances     = 18617
#unique  instances     = 274
#stdCellGenAp          = 8477
#stdCellValidPlanarAp  = 18
#stdCellValidViaAp     = 6614
#stdCellPinNoAp        = 0
#stdCellPinCnt         = 53740
#instTermValidViaApCnt = 0
#macroGenAp            = 0
#macroValidPlanarAp    = 0
#macroValidViaAp       = 0
#macroNoAp             = 0
[INFO DRT-0166] Complete pin access.
[INFO DRT-0267] cpu time = 00:04:19, elapsed time = 00:00:09, memory = 373.08 (MB), peak = 371.39 (MB)
[INFO DRT-0156] guideIn read 100000 guides.

[INFO DRT-0157] Number of guides:     141122

[INFO DRT-0169] Post process guides.
[INFO DRT-0176] GCELLGRID X 0 DO 68 STEP 6900 ;
[INFO DRT-0177] GCELLGRID Y 0 DO 68 STEP 6900 ;
[INFO DRT-0026]   Complete 100000 origin guides.
[INFO DRT-0028]   Complete FR_MASTERSLICE.
[INFO DRT-0028]   Complete Fr_VIA.
[INFO DRT-0028]   Complete li1.
[INFO DRT-0028]   Complete mcon.
[INFO DRT-0028]   Complete met1.
[INFO DRT-0028]   Complete via.
[INFO DRT-0028]   Complete met2.
[INFO DRT-0028]   Complete via2.
[INFO DRT-0028]   Complete met3.
[INFO DRT-0028]   Complete via3.
[INFO DRT-0028]   Complete met4.
[INFO DRT-0028]   Complete via4.
[INFO DRT-0028]   Complete met5.
[INFO DRT-0178] Init guide query.
[INFO DRT-0035]   Complete FR_MASTERSLICE (guide).
[INFO DRT-0035]   Complete Fr_VIA (guide).
[INFO DRT-0035]   Complete li1 (guide).
[INFO DRT-0035]   Complete mcon (guide).
[INFO DRT-0035]   Complete met1 (guide).
[INFO DRT-0035]   Complete via (guide).
[INFO DRT-0035]   Complete met2 (guide).
[INFO DRT-0035]   Complete via2 (guide).
[INFO DRT-0035]   Complete met3 (guide).
[INFO DRT-0035]   Complete via3 (guide).
[INFO DRT-0035]   Complete met4 (guide).
[INFO DRT-0035]   Complete via4 (guide).
[INFO DRT-0035]   Complete met5 (guide).
[INFO DRT-0036] FR_MASTERSLICE guide region query size = 0.
[INFO DRT-0036] FR_VIA guide region query size = 0.
[INFO DRT-0036] li1 guide region query size = 45617.
[INFO DRT-0036] mcon guide region query size = 0.
[INFO DRT-0036] met1 guide region query size = 40347.
[INFO DRT-0036] via guide region query size = 0.
[INFO DRT-0036] met2 guide region query size = 22130.
[INFO DRT-0036] via2 guide region query size = 0.
[INFO DRT-0036] met3 guide region query size = 5091.
[INFO DRT-0036] via3 guide region query size = 0.
[INFO DRT-0036] met4 guide region query size = 2157.
[INFO DRT-0036] via4 guide region query size = 0.
[INFO DRT-0036] met5 guide region query size = 94.
[INFO DRT-0179] Init gr pin query.
[INFO DRT-0267] cpu time = 00:00:00, elapsed time = 00:00:00, memory = 417.74 (MB), peak = 412.11 (MB)
[INFO DRT-0245] skipped writing guide updates to database.
[INFO DRT-0181] Start track assignment.
[INFO DRT-0184] Done with 69904 vertical wires in 2 frboxes and 45532 horizontal wires in 2 frboxes.
[INFO DRT-0186] Done with 12017 vertical wires in 2 frboxes and 17347 horizontal wires in 2 frboxes.
[INFO DRT-0182] Complete track assignment.
[INFO DRT-0267] cpu time = 00:00:05, elapsed time = 00:00:03, memory = 678.66 (MB), peak = 699.50 (MB)
[INFO DRT-0187] Start routing data preparation.
[INFO DRT-0267] cpu time = 00:00:00, elapsed time = 00:00:00, memory = 678.66 (MB), peak = 699.50 (MB)
[INFO DRT-0194] Start detail routing.
[INFO DRT-0195] Start 0th optimization iteration.
    Completing 10% with 0 violations.
    elapsed time = 00:00:07, memory = 1945.03 (MB).
    Completing 20% with 0 violations.
    elapsed time = 00:00:09, memory = 1634.52 (MB).
    Completing 30% with 4431 violations.
    elapsed time = 00:00:19, memory = 2310.27 (MB).
    Completing 40% with 4431 violations.
    elapsed time = 00:00:23, memory = 2125.10 (MB).
    Completing 50% with 4431 violations.
    elapsed time = 00:00:27, memory = 1769.57 (MB).
    Completing 60% with 8496 violations.
    elapsed time = 00:00:35, memory = 2719.89 (MB).
    Completing 70% with 8496 violations.
    elapsed time = 00:00:42, memory = 2361.08 (MB).
    Completing 80% with 13473 violations.
    elapsed time = 00:00:52, memory = 2885.07 (MB).
    Completing 90% with 13473 violations.
    elapsed time = 00:00:56, memory = 2711.15 (MB).
    Completing 100% with 18209 violations.
    elapsed time = 00:01:11, memory = 2245.32 (MB).
[INFO DRT-0199]   Number of violations = 20229.
Viol/Layer         li1   mcon   met1    via   met2   met3   met4   met5
Cut Spacing          0     26      0      0      0      0      0      0
Metal Spacing        0      0   2110      0    883     76     16      1
Min Hole             0      0      6      0      1      0      0      0
Recheck              9      0   1226      0    604    121     58      2
Short                0      0  13328     14   1627     99     19      3
[INFO DRT-0267] cpu time = 00:12:49, elapsed time = 00:01:12, memory = 2488.49 (MB), peak = 2915.34 (MB)
Total wire length = 621192 um.
Total wire length on LAYER li1 = 0 um.
Total wire length on LAYER met1 = 233484 um.
Total wire length on LAYER met2 = 234408 um.
Total wire length on LAYER met3 = 89999 um.
Total wire length on LAYER met4 = 60261 um.
Total wire length on LAYER met5 = 3037 um.
Total number of vias = 128560.
Up-via summary (total 128560):

-------------------------
 FR_MASTERSLICE         0
            li1     54462
           met1     62137
           met2      8244
           met3      3581
           met4       136
-------------------------
               128560


[INFO DRT-0195] Start 1st optimization iteration.
    Completing 10% with 20229 violations.
    elapsed time = 00:00:03, memory = 2995.16 (MB).
    Completing 20% with 20229 violations.
    elapsed time = 00:00:07, memory = 2718.13 (MB).
    Completing 30% with 20141 violations.
    elapsed time = 00:00:16, memory = 3152.72 (MB).
    Completing 40% with 20141 violations.
    elapsed time = 00:00:18, memory = 2923.85 (MB).
    Completing 50% with 20141 violations.
    elapsed time = 00:00:25, memory = 2617.89 (MB).
    Completing 60% with 19704 violations.
    elapsed time = 00:00:33, memory = 3370.33 (MB).
    Completing 70% with 19704 violations.
    elapsed time = 00:00:38, memory = 2914.43 (MB).
    Completing 80% with 18489 violations.
    elapsed time = 00:00:53, memory = 3578.35 (MB).
    Completing 90% with 18489 violations.
    elapsed time = 00:00:57, memory = 3137.43 (MB).
    Completing 100% with 16777 violations.
    elapsed time = 00:01:03, memory = 2682.55 (MB).
[INFO DRT-0199]   Number of violations = 16777.
Viol/Layer        mcon   met1    via   met2   met3   met4   met5
Cut Spacing         29      0      0      0      0      0      0
Metal Spacing        0   2156      0    618     46      4      0
Short                0  12731      5   1160     22      5      1
[INFO DRT-0267] cpu time = 00:12:56, elapsed time = 00:01:03, memory = 2674.96 (MB), peak = 3683.11 (MB)
Total wire length = 613740 um.
Total wire length on LAYER li1 = 0 um.
Total wire length on LAYER met1 = 229196 um.
Total wire length on LAYER met2 = 233214 um.
Total wire length on LAYER met3 = 89120 um.
Total wire length on LAYER met4 = 59185 um.
Total wire length on LAYER met5 = 3023 um.
Total number of vias = 126830.
Up-via summary (total 126830):

-------------------------
 FR_MASTERSLICE         0
            li1     54446
           met1     60646
           met2      8181
           met3      3419
           met4       138
-------------------------
               126830


[INFO DRT-0195] Start 2nd optimization iteration.
    Completing 10% with 16777 violations.
    elapsed time = 00:00:00, memory = 3191.00 (MB).
    Completing 20% with 16777 violations.
    elapsed time = 00:00:02, memory = 3122.80 (MB).
    Completing 30% with 17200 violations.
    elapsed time = 00:00:18, memory = 2702.45 (MB).
    Completing 40% with 17200 violations.
    elapsed time = 00:00:21, memory = 3380.51 (MB).
    Completing 50% with 17200 violations.
    elapsed time = 00:00:29, memory = 2951.57 (MB).
    Completing 60% with 17369 violations.
    elapsed time = 00:00:44, memory = 3556.29 (MB).
    Completing 70% with 17369 violations.
    elapsed time = 00:00:48, memory = 3240.52 (MB).
    Completing 80% with 17036 violations.
    elapsed time = 00:00:59, memory = 3690.91 (MB).
    Completing 90% with 17036 violations.
    elapsed time = 00:01:10, memory = 3384.59 (MB).
    Completing 100% with 16605 violations.
    elapsed time = 00:01:20, memory = 2728.48 (MB).
[INFO DRT-0199]   Number of violations = 16605.
Viol/Layer        mcon   met1    via   met2   met3   met4
Cut Spacing         35      0      0      0      0      0
Metal Spacing        0   2121      0    597     42      2
Min Hole             0      1      0      1      0      0
NS Metal             0      1      0      0      0      0
Short                0  12644      1   1149      8      3
[INFO DRT-0267] cpu time = 00:12:16, elapsed time = 00:01:20, memory = 2732.25 (MB), peak = 3710.31 (MB)
Total wire length = 612077 um.
Total wire length on LAYER li1 = 0 um.
Total wire length on LAYER met1 = 228277 um.
Total wire length on LAYER met2 = 233310 um.
Total wire length on LAYER met3 = 88538 um.
Total wire length on LAYER met4 = 59030 um.
Total wire length on LAYER met5 = 2920 um.
Total number of vias = 126376.
Up-via summary (total 126376):

-------------------------
 FR_MASTERSLICE         0
            li1     54447
           met1     60292
           met2      8136
           met3      3365
           met4       136
-------------------------
               126376


[INFO DRT-0195] Start 3rd optimization iteration.
    Completing 10% with 16605 violations.
    elapsed time = 00:00:05, memory = 3366.46 (MB).
    Completing 20% with 16605 violations.
    elapsed time = 00:00:10, memory = 2973.75 (MB).
    Completing 30% with 13221 violations.
    elapsed time = 00:00:34, memory = 3362.89 (MB).
    Completing 40% with 13221 violations.
    elapsed time = 00:00:36, memory = 3154.60 (MB).
    Completing 50% with 13221 violations.
    elapsed time = 00:01:01, memory = 2757.16 (MB).
    Completing 60% with 10823 violations.
    elapsed time = 00:01:11, memory = 3558.05 (MB).
    Completing 70% with 10823 violations.
    elapsed time = 00:01:20, memory = 3090.16 (MB).
    Completing 80% with 7484 violations.
    elapsed time = 00:01:54, memory = 3447.18 (MB).
    Completing 90% with 7484 violations.
    elapsed time = 00:01:58, memory = 3254.99 (MB).
    Completing 100% with 4109 violations.
    elapsed time = 00:02:21, memory = 2772.91 (MB).
[INFO DRT-0199]   Number of violations = 4109.
Viol/Layer        mcon   met1    via   met2   met3
Cut Spacing          3      0      2      0      0
Metal Spacing        0   1093      0    250     11
Min Hole             0      3      0      1      0
NS Metal             0      1      0      0      0
Short                0   2366      0    365     14
[INFO DRT-0267] cpu time = 00:16:40, elapsed time = 00:02:21, memory = 2772.91 (MB), peak = 3710.31 (MB)
Total wire length = 610734 um.
Total wire length on LAYER li1 = 0 um.
Total wire length on LAYER met1 = 205371 um.
Total wire length on LAYER met2 = 231527 um.
Total wire length on LAYER met3 = 108882 um.
Total wire length on LAYER met4 = 61988 um.
Total wire length on LAYER met5 = 2964 um.
Total number of vias = 131809.
Up-via summary (total 131809):

-------------------------
 FR_MASTERSLICE         0
            li1     54450
           met1     60867
           met2     12511
           met3      3849
           met4       132
-------------------------
               131809


[INFO DRT-0195] Start 4th optimization iteration.
    Completing 10% with 4109 violations.
    elapsed time = 00:00:00, memory = 3238.79 (MB).
    Completing 20% with 4109 violations.
    elapsed time = 00:00:05, memory = 3005.60 (MB).
    Completing 30% with 3503 violations.
    elapsed time = 00:00:09, memory = 3280.84 (MB).
    Completing 40% with 3503 violations.
    elapsed time = 00:00:10, memory = 3121.47 (MB).
    Completing 50% with 3503 violations.
    elapsed time = 00:00:20, memory = 2797.89 (MB).
    Completing 60% with 3038 violations.
    elapsed time = 00:00:22, memory = 3448.66 (MB).
    Completing 70% with 3038 violations.
    elapsed time = 00:00:27, memory = 3133.02 (MB).
    Completing 80% with 1982 violations.
    elapsed time = 00:00:33, memory = 3584.07 (MB).
    Completing 90% with 1982 violations.
    elapsed time = 00:00:36, memory = 3264.54 (MB).
    Completing 100% with 938 violations.
    elapsed time = 00:00:43, memory = 2803.44 (MB).
[INFO DRT-0199]   Number of violations = 938.
Viol/Layer        mcon   met1   met2
Cut Spacing          2      0      0
Metal Spacing        0    274     49
Short                0    556     57
[INFO DRT-0267] cpu time = 00:05:38, elapsed time = 00:00:44, memory = 2803.44 (MB), peak = 3710.31 (MB)
Total wire length = 610701 um.
Total wire length on LAYER li1 = 0 um.
Total wire length on LAYER met1 = 203322 um.
Total wire length on LAYER met2 = 230667 um.
Total wire length on LAYER met3 = 110618 um.
Total wire length on LAYER met4 = 63136 um.
Total wire length on LAYER met5 = 2956 um.
Total number of vias = 132280.
Up-via summary (total 132280):

-------------------------
 FR_MASTERSLICE         0
            li1     54434
           met1     60824
           met2     12863
           met3      4029
           met4       130
-------------------------
               132280


[INFO DRT-0195] Start 5th optimization iteration.
    Completing 10% with 938 violations.
    elapsed time = 00:00:00, memory = 2803.44 (MB).
    Completing 20% with 938 violations.
    elapsed time = 00:00:01, memory = 2901.11 (MB).
    Completing 30% with 913 violations.
    elapsed time = 00:00:08, memory = 2803.44 (MB).
    Completing 40% with 913 violations.
    elapsed time = 00:00:09, memory = 3171.55 (MB).
    Completing 50% with 913 violations.
    elapsed time = 00:00:14, memory = 2803.44 (MB).
    Completing 60% with 787 violations.
    elapsed time = 00:00:14, memory = 2803.44 (MB).
    Completing 70% with 787 violations.
    elapsed time = 00:00:15, memory = 3060.18 (MB).
    Completing 80% with 572 violations.
    elapsed time = 00:00:19, memory = 2804.96 (MB).
    Completing 90% with 572 violations.
    elapsed time = 00:00:21, memory = 3317.62 (MB).
    Completing 100% with 323 violations.
    elapsed time = 00:00:33, memory = 2805.07 (MB).
[INFO DRT-0199]   Number of violations = 323.
Viol/Layer        met1   met2   met3
Metal Spacing       99     21      0
Min Hole             1      0      0
Short              171     25      6
[INFO DRT-0267] cpu time = 00:02:40, elapsed time = 00:00:33, memory = 2805.25 (MB), peak = 3731.13 (MB)
Total wire length = 610718 um.
Total wire length on LAYER li1 = 0 um.
Total wire length on LAYER met1 = 202812 um.
Total wire length on LAYER met2 = 230620 um.
Total wire length on LAYER met3 = 111028 um.
Total wire length on LAYER met4 = 63301 um.
Total wire length on LAYER met5 = 2956 um.
Total number of vias = 132401.
Up-via summary (total 132401):

-------------------------
 FR_MASTERSLICE         0
            li1     54439
           met1     60855
           met2     12923
           met3      4054
           met4       130
-------------------------
               132401


[INFO DRT-0195] Start 6th optimization iteration.
    Completing 10% with 323 violations.
    elapsed time = 00:00:00, memory = 2805.25 (MB).
    Completing 20% with 323 violations.
    elapsed time = 00:00:00, memory = 2805.25 (MB).
    Completing 30% with 302 violations.
    elapsed time = 00:00:05, memory = 2805.25 (MB).
    Completing 40% with 302 violations.
    elapsed time = 00:00:05, memory = 2805.25 (MB).
    Completing 50% with 302 violations.
    elapsed time = 00:00:06, memory = 2988.16 (MB).
    Completing 60% with 245 violations.
    elapsed time = 00:00:18, memory = 2805.36 (MB).
    Completing 70% with 245 violations.
    elapsed time = 00:00:18, memory = 2805.36 (MB).
    Completing 80% with 204 violations.
    elapsed time = 00:00:19, memory = 2805.36 (MB).
    Completing 90% with 204 violations.
    elapsed time = 00:00:19, memory = 3387.60 (MB).
    Completing 100% with 78 violations.
    elapsed time = 00:00:31, memory = 2805.36 (MB).
[INFO DRT-0199]   Number of violations = 78.
Viol/Layer        met1   met2
Metal Spacing       38      3
Short               36      1
[INFO DRT-0267] cpu time = 00:01:11, elapsed time = 00:00:31, memory = 2805.36 (MB), peak = 3731.13 (MB)
Total wire length = 610630 um.
Total wire length on LAYER li1 = 0 um.
Total wire length on LAYER met1 = 202709 um.
Total wire length on LAYER met2 = 230597 um.
Total wire length on LAYER met3 = 111052 um.
Total wire length on LAYER met4 = 63315 um.
Total wire length on LAYER met5 = 2956 um.
Total number of vias = 132426.
Up-via summary (total 132426):

-------------------------
 FR_MASTERSLICE         0
            li1     54439
           met1     60889
           met2     12915
           met3      4053
           met4       130
-------------------------
               132426


[INFO DRT-0195] Start 7th guides tiles iteration.
    Completing 10% with 78 violations.
    elapsed time = 00:00:00, memory = 2805.36 (MB).
    Completing 20% with 78 violations.
    elapsed time = 00:00:00, memory = 2805.36 (MB).
    Completing 30% with 78 violations.
    elapsed time = 00:00:00, memory = 2805.36 (MB).
    Completing 40% with 78 violations.
    elapsed time = 00:00:00, memory = 2805.36 (MB).
    Completing 50% with 78 violations.
    elapsed time = 00:00:01, memory = 2805.36 (MB).
    Completing 60% with 44 violations.
    elapsed time = 00:00:01, memory = 2805.36 (MB).
    Completing 70% with 44 violations.
    elapsed time = 00:00:01, memory = 2805.36 (MB).
    Completing 80% with 44 violations.
    elapsed time = 00:00:02, memory = 2805.36 (MB).
    Completing 90% with 44 violations.
    elapsed time = 00:00:04, memory = 2805.36 (MB).
    Completing 100% with 41 violations.
    elapsed time = 00:00:04, memory = 2805.36 (MB).
[INFO DRT-0199]   Number of violations = 41.
Viol/Layer        met1
Metal Spacing       17
Short               24
[INFO DRT-0267] cpu time = 00:00:11, elapsed time = 00:00:04, memory = 2805.36 (MB), peak = 3731.13 (MB)
Total wire length = 610636 um.
Total wire length on LAYER li1 = 0 um.
Total wire length on LAYER met1 = 202687 um.
Total wire length on LAYER met2 = 230596 um.
Total wire length on LAYER met3 = 111083 um.
Total wire length on LAYER met4 = 63312 um.
Total wire length on LAYER met5 = 2956 um.
Total number of vias = 132443.
Up-via summary (total 132443):

-------------------------
 FR_MASTERSLICE         0
            li1     54438
           met1     60896
           met2     12926
           met3      4053
           met4       130
-------------------------
               132443


[INFO DRT-0195] Start 8th guides tiles iteration.
    Completing 10% with 41 violations.
    elapsed time = 00:00:00, memory = 2805.36 (MB).
    Completing 20% with 41 violations.
    elapsed time = 00:00:00, memory = 2805.36 (MB).
    Completing 30% with 41 violations.
    elapsed time = 00:00:00, memory = 2805.36 (MB).
    Completing 40% with 41 violations.
    elapsed time = 00:00:00, memory = 2805.36 (MB).
    Completing 50% with 41 violations.
    elapsed time = 00:00:00, memory = 2805.36 (MB).
    Completing 60% with 41 violations.
    elapsed time = 00:00:01, memory = 2805.36 (MB).
    Completing 70% with 41 violations.
    elapsed time = 00:00:01, memory = 2805.36 (MB).
    Completing 80% with 41 violations.
    elapsed time = 00:00:01, memory = 2805.36 (MB).
    Completing 90% with 41 violations.
    elapsed time = 00:00:02, memory = 2805.36 (MB).
    Completing 100% with 41 violations.
    elapsed time = 00:00:03, memory = 2805.36 (MB).
[INFO DRT-0199]   Number of violations = 41.
Viol/Layer        met1
Metal Spacing       17
Short               24
[INFO DRT-0267] cpu time = 00:00:07, elapsed time = 00:00:04, memory = 2805.36 (MB), peak = 3731.13 (MB)
Total wire length = 610636 um.
Total wire length on LAYER li1 = 0 um.
Total wire length on LAYER met1 = 202687 um.
Total wire length on LAYER met2 = 230596 um.
Total wire length on LAYER met3 = 111083 um.
Total wire length on LAYER met4 = 63312 um.
Total wire length on LAYER met5 = 2956 um.
Total number of vias = 132443.
Up-via summary (total 132443):

-------------------------
 FR_MASTERSLICE         0
            li1     54438
           met1     60896
           met2     12926
           met3      4053
           met4       130
-------------------------
               132443


[INFO DRT-0195] Start 9th stubborn tiles iteration.
    Completing 10% with 41 violations.
    elapsed time = 00:00:09, memory = 4392.22 (MB).
    Completing 20% with 41 violations.
    elapsed time = 00:00:28, memory = 5301.38 (MB).
    Completing 30% with 41 violations.
    elapsed time = 00:00:36, memory = 5186.30 (MB).
    Completing 40% with 41 violations.
    elapsed time = 00:00:45, memory = 5940.66 (MB).
    Completing 50% with 41 violations.
    elapsed time = 00:01:09, memory = 4504.63 (MB).
    Completing 60% with 6 violations.
    elapsed time = 00:01:15, memory = 5858.32 (MB).
    Completing 70% with 6 violations.
    elapsed time = 00:01:20, memory = 6199.19 (MB).
    Completing 80% with 6 violations.
    elapsed time = 00:01:30, memory = 5257.09 (MB).
    Completing 90% with 2 violations.
    elapsed time = 00:01:39, memory = 5710.01 (MB).
    Completing 100% with 1 violations.
    elapsed time = 00:02:01, memory = 4820.31 (MB).
[INFO DRT-0199]   Number of violations = 1.
Viol/Layer        met1
Short                1
[INFO DRT-0267] cpu time = 00:40:55, elapsed time = 00:02:01, memory = 4820.31 (MB), peak = 6248.93 (MB)
Total wire length = 610644 um.
Total wire length on LAYER li1 = 0 um.
Total wire length on LAYER met1 = 202612 um.
Total wire length on LAYER met2 = 230594 um.
Total wire length on LAYER met3 = 111134 um.
Total wire length on LAYER met4 = 63346 um.
Total wire length on LAYER met5 = 2956 um.
Total number of vias = 132448.
Up-via summary (total 132448):

-------------------------
 FR_MASTERSLICE         0
            li1     54439
           met1     60891
           met2     12929
           met3      4059
           met4       130
-------------------------
               132448


[INFO DRT-0195] Start 10th guides tiles iteration.
    Completing 100% with 1 violations.
    elapsed time = 00:00:00, memory = 4820.31 (MB).
[INFO DRT-0199]   Number of violations = 1.
Viol/Layer        met1
Short                1
[INFO DRT-0267] cpu time = 00:00:00, elapsed time = 00:00:00, memory = 4820.31 (MB), peak = 6248.93 (MB)
Total wire length = 610643 um.
Total wire length on LAYER li1 = 0 um.
Total wire length on LAYER met1 = 202611 um.
Total wire length on LAYER met2 = 230594 um.
Total wire length on LAYER met3 = 111134 um.
Total wire length on LAYER met4 = 63346 um.
Total wire length on LAYER met5 = 2956 um.
Total number of vias = 132448.
Up-via summary (total 132448):

-------------------------
 FR_MASTERSLICE         0
            li1     54439
           met1     60891
           met2     12929
           met3      4059
           met4       130
-------------------------
               132448


[INFO DRT-0195] Start 11th stubborn tiles iteration.
    Completing 10% with 1 violations.
    elapsed time = 00:00:00, memory = 6049.87 (MB).
    Completing 20% with 1 violations.
    elapsed time = 00:00:00, memory = 6000.28 (MB).
    Completing 30% with 1 violations.
    elapsed time = 00:00:00, memory = 6050.07 (MB).
    Completing 40% with 1 violations.
    elapsed time = 00:00:01, memory = 5833.84 (MB).
    Completing 50% with 1 violations.
    elapsed time = 00:00:01, memory = 5627.67 (MB).
    Completing 60% with 1 violations.
    elapsed time = 00:00:01, memory = 5500.73 (MB).
    Completing 70% with 1 violations.
    elapsed time = 00:00:01, memory = 5249.77 (MB).
    Completing 80% with 1 violations.
    elapsed time = 00:00:02, memory = 5085.72 (MB).
    Completing 90% with 1 violations.
    elapsed time = 00:00:02, memory = 4894.97 (MB).
    Completing 100% with 0 violations.
    elapsed time = 00:00:02, memory = 4794.75 (MB).
[INFO DRT-0199]   Number of violations = 0.
[INFO DRT-0267] cpu time = 00:00:52, elapsed time = 00:00:02, memory = 4794.75 (MB), peak = 6277.55 (MB)
Total wire length = 610654 um.
Total wire length on LAYER li1 = 0 um.
Total wire length on LAYER met1 = 202612 um.
Total wire length on LAYER met2 = 230607 um.
Total wire length on LAYER met3 = 111131 um.
Total wire length on LAYER met4 = 63346 um.
Total wire length on LAYER met5 = 2956 um.
Total number of vias = 132445.
Up-via summary (total 132445):

-------------------------
 FR_MASTERSLICE         0
            li1     54439
           met1     60889
           met2     12928
           met3      4059
           met4       130
-------------------------
               132445


[INFO DRT-0198] Complete detail routing.
Total wire length = 610654 um.
Total wire length on LAYER li1 = 0 um.
Total wire length on LAYER met1 = 202612 um.
Total wire length on LAYER met2 = 230607 um.
Total wire length on LAYER met3 = 111131 um.
Total wire length on LAYER met4 = 63346 um.
Total wire length on LAYER met5 = 2956 um.
Total number of vias = 132445.
Up-via summary (total 132445):

-------------------------
 FR_MASTERSLICE         0
            li1     54439
           met1     60889
           met2     12928
           met3      4059
           met4       130
-------------------------
               132445


[INFO DRT-0267] cpu time = 01:46:24, elapsed time = 00:10:01, memory = 4794.81 (MB), peak = 6277.55 (MB)

[INFO DRT-0180] Post processing.
[INFO DRT-0501] Runtime: 614.49s
Took 615 seconds: detailed_route -output_drc /tmp/workspace/scripts-Private_test-fr_cugr_cmp-1-/reports/sky130hd/aes/base/5_route_drc.rpt -output_maze /tmp/workspace/scripts-Private_test-fr_cugr_cmp-1-/results/sky130hd/aes/base/maze.log -droute_end_iter 64 -verbose 1 -drc_report_iter_step 5
[INFO GRT-0012] Found 16 antenna violations.
[WARNING GRT-0243] Unable to repair antennas on net with diodes.
[INFO DPL-0006] Core area: 220156.15 um^2
[INFO DPL-0007] Movable instances area: 0.00 um^2
[INFO DPL-0008] Fixed instances area within core: 130511.42 um^2
[INFO DPL-0009] Utilization: 59.3%
[INFO DPL-0005] Diamond search max displacement: +/- 500 sites horizontally, +/- 100 rows vertically.
[INFO DPL-1102] Legalizing using negotiation legalizer.
[INFO DPL-1103] Negotiation base search window: +/-20 sites horizontally, +/-5 rows vertically 
	Automatic search window extension enabled.
	Search window extendable up to the max displacement cap of +/-500 sites, +/-100 rows near walls.
[INFO DPL-1104] NegotiationLegalizer DRC penalty: 5.
[INFO DPL-0392] Negotiation cell height distribution (1 unique row-count(s)):
[INFO DPL-0393]   height 1 row(s): 18634 cells
[INFO DPL-0500] Runtime: 0.05s
[INFO GRT-0015] Inserted 17 diodes.
[INFO DRT-0024]   Complete FR_MASTERSLICE.
[INFO DRT-0024]   Complete Fr_VIA.
[INFO DRT-0024]   Complete li1.
[INFO DRT-0024]   Complete mcon.
[INFO DRT-0024]   Complete met1.
[INFO DRT-0024]   Complete via.
[INFO DRT-0024]   Complete met2.
[INFO DRT-0024]   Complete via2.
[INFO DRT-0024]   Complete met3.
[INFO DRT-0024]   Complete via3.
[INFO DRT-0024]   Complete met4.
[INFO DRT-0024]   Complete via4.
[INFO DRT-0024]   Complete met5.
[INFO DRT-0165] Start pin access.
[INFO DRT-0076]   Complete 1000 pins.
[INFO DRT-0076]   Complete 2000 pins.
[INFO DRT-0078]   Complete 2249 pins.
[INFO DRT-0079]   Complete 100 unique inst patterns.
[INFO DRT-0079]   Complete 200 unique inst patterns.
[INFO DRT-0081]   Complete 274 unique inst patterns.
[INFO DRT-0084]   Complete 9646 groups.
#scanned instances     = 18634
#unique  instances     = 274
#stdCellGenAp          = 8477
#stdCellValidPlanarAp  = 18
#stdCellValidViaAp     = 6614
#stdCellPinNoAp        = 0
#stdCellPinCnt         = 53740
#instTermValidViaApCnt = 0
#macroGenAp            = 0
#macroValidPlanarAp    = 0
#macroValidViaAp       = 0
#macroNoAp             = 0
[INFO DRT-0166] Complete pin access.
[INFO DRT-0267] cpu time = 00:04:24, elapsed time = 00:00:09, memory = 2740.57 (MB), peak = 6277.55 (MB)
[INFO DRT-0156] guideIn read 100000 guides.

[INFO DRT-0157] Number of guides:     140956

[INFO DRT-0169] Post process guides.
[INFO DRT-0176] GCELLGRID X 0 DO 68 STEP 6900 ;
[INFO DRT-0177] GCELLGRID Y 0 DO 68 STEP 6900 ;
[INFO DRT-0026]   Complete 100000 origin guides.
[INFO DRT-0028]   Complete FR_MASTERSLICE.
[INFO DRT-0028]   Complete Fr_VIA.
[INFO DRT-0028]   Complete li1.
[INFO DRT-0028]   Complete mcon.
[INFO DRT-0028]   Complete met1.
[INFO DRT-0028]   Complete via.
[INFO DRT-0028]   Complete met2.
[INFO DRT-0028]   Complete via2.
[INFO DRT-0028]   Complete met3.
[INFO DRT-0028]   Complete via3.
[INFO DRT-0028]   Complete met4.
[INFO DRT-0028]   Complete via4.
[INFO DRT-0028]   Complete met5.
[INFO DRT-0178] Init guide query.
[INFO DRT-0035]   Complete FR_MASTERSLICE (guide).
[INFO DRT-0035]   Complete Fr_VIA (guide).
[INFO DRT-0035]   Complete li1 (guide).
[INFO DRT-0035]   Complete mcon (guide).
[INFO DRT-0035]   Complete met1 (guide).
[INFO DRT-0035]   Complete via (guide).
[INFO DRT-0035]   Complete met2 (guide).
[INFO DRT-0035]   Complete via2 (guide).
[INFO DRT-0035]   Complete met3 (guide).
[INFO DRT-0035]   Complete via3 (guide).
[INFO DRT-0035]   Complete met4 (guide).
[INFO DRT-0035]   Complete via4 (guide).
[INFO DRT-0035]   Complete met5 (guide).
[INFO DRT-0036] FR_MASTERSLICE guide region query size = 0.
[INFO DRT-0036] FR_VIA guide region query size = 0.
[INFO DRT-0036] li1 guide region query size = 45622.
[INFO DRT-0036] mcon guide region query size = 0.
[INFO DRT-0036] met1 guide region query size = 40354.
[INFO DRT-0036] via guide region query size = 0.
[INFO DRT-0036] met2 guide region query size = 22112.
[INFO DRT-0036] via2 guide region query size = 0.
[INFO DRT-0036] met3 guide region query size = 5036.
[INFO DRT-0036] via3 guide region query size = 0.
[INFO DRT-0036] met4 guide region query size = 2115.
[INFO DRT-0036] via4 guide region query size = 0.
[INFO DRT-0036] met5 guide region query size = 81.
[INFO DRT-0179] Init gr pin query.
[INFO DRT-0267] cpu time = 00:00:00, elapsed time = 00:00:00, memory = 2741.04 (MB), peak = 6277.55 (MB)
[INFO DRT-0245] skipped writing guide updates to database.
[INFO DRT-0181] Start track assignment.
[INFO DRT-0184] Done with 69849 vertical wires in 2 frboxes and 45471 horizontal wires in 2 frboxes.
[INFO DRT-0186] Done with 12039 vertical wires in 2 frboxes and 17331 horizontal wires in 2 frboxes.
[INFO DRT-0182] Complete track assignment.
[INFO DRT-0267] cpu time = 00:00:05, elapsed time = 00:00:03, memory = 2741.04 (MB), peak = 6277.55 (MB)
[INFO DRT-0187] Start routing data preparation.
[INFO DRT-0267] cpu time = 00:00:00, elapsed time = 00:00:00, memory = 2741.04 (MB), peak = 6277.55 (MB)
[INFO DRT-0194] Start detail routing.
[INFO DRT-0195] Start 0th optimization iteration.
    Completing 10% with 0 violations.
    elapsed time = 00:00:00, memory = 3228.80 (MB).
    Completing 20% with 0 violations.
    elapsed time = 00:00:00, memory = 3013.50 (MB).
    Completing 30% with 271 violations.
    elapsed time = 00:00:02, memory = 3377.07 (MB).
    Completing 40% with 271 violations.
    elapsed time = 00:00:02, memory = 3218.05 (MB).
    Completing 50% with 271 violations.
    elapsed time = 00:00:03, memory = 2949.45 (MB).
    Completing 60% with 416 violations.
    elapsed time = 00:00:03, memory = 3471.21 (MB).
    Completing 70% with 416 violations.
    elapsed time = 00:00:04, memory = 3146.76 (MB).
    Completing 80% with 536 violations.
    elapsed time = 00:00:05, memory = 3470.11 (MB).
    Completing 90% with 536 violations.
    elapsed time = 00:00:05, memory = 3265.11 (MB).
    Completing 100% with 601 violations.
    elapsed time = 00:00:06, memory = 3019.27 (MB).
[INFO DRT-0199]   Number of violations = 692.
Viol/Layer         li1   met1   met2   met3
Metal Spacing        0     38     44      8
Recheck              1     41     43      6
Short                0    302    192     17
[INFO DRT-0267] cpu time = 00:01:10, elapsed time = 00:00:06, memory = 3084.45 (MB), peak = 6277.55 (MB)
Total wire length = 610328 um.
Total wire length on LAYER li1 = 0 um.
Total wire length on LAYER met1 = 203472 um.
Total wire length on LAYER met2 = 231056 um.
Total wire length on LAYER met3 = 110048 um.
Total wire length on LAYER met4 = 62907 um.
Total wire length on LAYER met5 = 2843 um.
Total number of vias = 132401.
Up-via summary (total 132401):

-------------------------
 FR_MASTERSLICE         0
            li1     54459
           met1     60941
           met2     12858
           met3      4021
           met4       122
-------------------------
               132401


[INFO DRT-0195] Start 1st optimization iteration.
    Completing 10% with 692 violations.
    elapsed time = 00:00:00, memory = 3406.29 (MB).
    Completing 20% with 692 violations.
    elapsed time = 00:00:00, memory = 3251.60 (MB).
    Completing 30% with 683 violations.
    elapsed time = 00:00:01, memory = 3670.75 (MB).
    Completing 40% with 683 violations.
    elapsed time = 00:00:01, memory = 3404.01 (MB).
    Completing 50% with 683 violations.
    elapsed time = 00:00:02, memory = 3119.82 (MB).
    Completing 60% with 641 violations.
    elapsed time = 00:00:03, memory = 3711.82 (MB).
    Completing 70% with 641 violations.
    elapsed time = 00:00:03, memory = 3337.33 (MB).
    Completing 80% with 514 violations.
    elapsed time = 00:00:05, memory = 3950.60 (MB).
    Completing 90% with 514 violations.
    elapsed time = 00:00:05, memory = 3549.90 (MB).
    Completing 100% with 415 violations.
    elapsed time = 00:00:06, memory = 3141.92 (MB).
[INFO DRT-0199]   Number of violations = 415.
Viol/Layer        met1   met2   met3
Metal Spacing       29     32      6
Short              191    143     14
[INFO DRT-0267] cpu time = 00:01:08, elapsed time = 00:00:06, memory = 3144.91 (MB), peak = 6277.55 (MB)
Total wire length = 610187 um.
Total wire length on LAYER li1 = 0 um.
Total wire length on LAYER met1 = 203351 um.
Total wire length on LAYER met2 = 231009 um.
Total wire length on LAYER met3 = 110059 um.
Total wire length on LAYER met4 = 62923 um.
Total wire length on LAYER met5 = 2843 um.
Total number of vias = 132385.
Up-via summary (total 132385):

-------------------------
 FR_MASTERSLICE         0
            li1     54463
           met1     60919
           met2     12858
           met3      4023
           met4       122
-------------------------
               132385


[INFO DRT-0195] Start 2nd optimization iteration.
    Completing 10% with 415 violations.
    elapsed time = 00:00:00, memory = 3144.91 (MB).
    Completing 20% with 415 violations.
    elapsed time = 00:00:00, memory = 3144.91 (MB).
    Completing 30% with 420 violations.
    elapsed time = 00:00:00, memory = 3144.91 (MB).
    Completing 40% with 420 violations.
    elapsed time = 00:00:00, memory = 3144.91 (MB).
    Completing 50% with 420 violations.
    elapsed time = 00:00:00, memory = 3144.91 (MB).
    Completing 60% with 393 violations.
    elapsed time = 00:00:02, memory = 3144.91 (MB).
    Completing 70% with 393 violations.
    elapsed time = 00:00:02, memory = 3144.91 (MB).
    Completing 80% with 380 violations.
    elapsed time = 00:00:04, memory = 3150.02 (MB).
    Completing 90% with 380 violations.
    elapsed time = 00:00:04, memory = 3150.02 (MB).
    Completing 100% with 375 violations.
    elapsed time = 00:00:06, memory = 3150.02 (MB).
[INFO DRT-0199]   Number of violations = 375.
Viol/Layer        met1   met2   met3
Metal Spacing       11     38      8
Short              163    140     15
[INFO DRT-0267] cpu time = 00:00:22, elapsed time = 00:00:06, memory = 3150.02 (MB), peak = 6277.55 (MB)
Total wire length = 610166 um.
Total wire length on LAYER li1 = 0 um.
Total wire length on LAYER met1 = 203281 um.
Total wire length on LAYER met2 = 231029 um.
Total wire length on LAYER met3 = 110081 um.
Total wire length on LAYER met4 = 62930 um.
Total wire length on LAYER met5 = 2843 um.
Total number of vias = 132379.
Up-via summary (total 132379):

-------------------------
 FR_MASTERSLICE         0
            li1     54462
           met1     60909
           met2     12860
           met3      4026
           met4       122
-------------------------
               132379


[INFO DRT-0195] Start 3rd optimization iteration.
    Completing 10% with 375 violations.
    elapsed time = 00:00:00, memory = 3150.02 (MB).
    Completing 20% with 375 violations.
    elapsed time = 00:00:00, memory = 3312.08 (MB).
    Completing 30% with 241 violations.
    elapsed time = 00:00:03, memory = 3150.02 (MB).
    Completing 40% with 241 violations.
    elapsed time = 00:00:03, memory = 3150.02 (MB).
    Completing 50% with 241 violations.
    elapsed time = 00:00:05, memory = 3150.02 (MB).
    Completing 60% with 151 violations.
    elapsed time = 00:00:05, memory = 3150.02 (MB).
    Completing 70% with 151 violations.
    elapsed time = 00:00:05, memory = 3150.02 (MB).
    Completing 80% with 123 violations.
    elapsed time = 00:00:14, memory = 3152.02 (MB).
    Completing 90% with 123 violations.
    elapsed time = 00:00:14, memory = 3152.02 (MB).
    Completing 100% with 87 violations.
    elapsed time = 00:00:14, memory = 3152.02 (MB).
[INFO DRT-0199]   Number of violations = 87.
Viol/Layer        met1   met2   met3
Metal Spacing       22     10      3
Short               49      3      0
[INFO DRT-0267] cpu time = 00:00:46, elapsed time = 00:00:14, memory = 3152.02 (MB), peak = 6277.55 (MB)
Total wire length = 610224 um.
Total wire length on LAYER li1 = 0 um.
Total wire length on LAYER met1 = 202985 um.
Total wire length on LAYER met2 = 230807 um.
Total wire length on LAYER met3 = 110395 um.
Total wire length on LAYER met4 = 63192 um.
Total wire length on LAYER met5 = 2843 um.
Total number of vias = 132530.
Up-via summary (total 132530):

-------------------------
 FR_MASTERSLICE         0
            li1     54462
           met1     60956
           met2     12938
           met3      4052
           met4       122
-------------------------
               132530


[INFO DRT-0195] Start 4th guides tiles iteration.
    Completing 10% with 87 violations.
    elapsed time = 00:00:00, memory = 3198.51 (MB).
    Completing 20% with 87 violations.
    elapsed time = 00:00:00, memory = 3198.51 (MB).
    Completing 30% with 87 violations.
    elapsed time = 00:00:01, memory = 3152.02 (MB).
    Completing 40% with 0 violations.
    elapsed time = 00:00:01, memory = 3152.02 (MB).
    Completing 50% with 0 violations.
    elapsed time = 00:00:01, memory = 3152.02 (MB).
    Completing 60% with 0 violations.
    elapsed time = 00:00:01, memory = 3152.02 (MB).
    Completing 70% with 0 violations.
    elapsed time = 00:00:01, memory = 3152.02 (MB).
    Completing 80% with 0 violations.
    elapsed time = 00:00:01, memory = 3152.02 (MB).
    Completing 90% with 0 violations.
    elapsed time = 00:00:01, memory = 3152.02 (MB).
    Completing 100% with 0 violations.
    elapsed time = 00:00:01, memory = 3152.02 (MB).
[INFO DRT-0199]   Number of violations = 0.
[INFO DRT-0267] cpu time = 00:00:03, elapsed time = 00:00:01, memory = 3152.02 (MB), peak = 6277.55 (MB)
Total wire length = 610237 um.
Total wire length on LAYER li1 = 0 um.
Total wire length on LAYER met1 = 202839 um.
Total wire length on LAYER met2 = 230759 um.
Total wire length on LAYER met3 = 110551 um.
Total wire length on LAYER met4 = 63243 um.
Total wire length on LAYER met5 = 2843 um.
Total number of vias = 132537.
Up-via summary (total 132537):

-------------------------
 FR_MASTERSLICE         0
            li1     54460
           met1     60955
           met2     12939
           met3      4061
           met4       122
-------------------------
               132537


[INFO DRT-0198] Complete detail routing.
Total wire length = 610237 um.
Total wire length on LAYER li1 = 0 um.
Total wire length on LAYER met1 = 202839 um.
Total wire length on LAYER met2 = 230759 um.
Total wire length on LAYER met3 = 110551 um.
Total wire length on LAYER met4 = 63243 um.
Total wire length on LAYER met5 = 2843 um.
Total number of vias = 132537.
Up-via summary (total 132537):

-------------------------
 FR_MASTERSLICE         0
            li1     54460
           met1     60955
           met2     12939
           met3      4061
           met4       122
-------------------------
               132537


[INFO DRT-0267] cpu time = 00:03:31, elapsed time = 00:00:37, memory = 3152.02 (MB), peak = 6277.55 (MB)

[INFO DRT-0180] Post processing.
[INFO DRT-0501] Runtime: 51.02s
[INFO ANT-0002] Found 0 net violations.
[INFO ANT-0001] Found 0 pin violations.
[INFO ANT-0002] Found 0 net violations.
[INFO ANT-0001] Found 0 pin violations.
Design area 130511 um^2 59% utilization.
write_db /tmp/workspace/scripts-Private_test-fr_cugr_cmp-1-/results/sky130hd/aes/base/5_2_route.odb
Elapsed time: 11:07.67[h:]min:sec. CPU time: user 7159.58 sys 9.21 (1073%). Peak memory: 6428216KB.
Log                       Ext     Elapsed/s Peak Memory/MB sha1sum result [0:20)
5_2_route                 .odb          667           6277 7221fff30b1af947d325
