OpenROAD 26Q3-1464-gb22abfea20 
Features included (+) or not (-): +GPU +GUI +Python
This program is licensed under the BSD-3 license. See the LICENSE file for details.
Components of this program may be licensed under more restrictive licenses which must be honored.
[INFO ORD-0030] Using 30 thread(s).
read_liberty ./platforms/nangate45/lib/NangateOpenCellLibrary_typical.lib
read_liberty ./platforms/nangate45/lib/fakeram45_64x256.lib
read_liberty ./platforms/nangate45/lib/fakeram45_128x64.lib
read_liberty ./platforms/nangate45/lib/fakeram45_64x28.lib
read_liberty ./platforms/nangate45/lib/fakeram45_64x25.lib
read_db -hier /tmp/workspace/scripts-Private_test-fr_cugr_cmp-1-/results/nangate45/cva6/base/3_4_place_resized.odb
[WARNING ORD-0012] Hierarchical flow (-hier) is currently in development and may cause multiple issues. Do not use in production environments.
read_sdc /tmp/workspace/scripts-Private_test-fr_cugr_cmp-1-/results/nangate45/cva6/base/2_floorplan.sdc
source ./platforms/nangate45/setRC.tcl
detailed_placement
[INFO DPL-0006] Core area: 396043.14 um^2
[INFO DPL-0007] Movable instances area: 163917.45 um^2
[INFO DPL-0008] Fixed instances area within core: 84563.22 um^2
[INFO DPL-0009] Utilization: 62.7%
[INFO DPL-0005] Diamond search max displacement: +/- 500 sites horizontally, +/- 100 rows vertically.
[INFO DPL-1102] Legalizing using negotiation legalizer.
[INFO DPL-1103] Negotiation base search window: +/-20 sites horizontally, +/-5 rows vertically 
	Automatic search window extension enabled.
	Search window extendable up to the max displacement cap of +/-500 sites, +/-100 rows near walls.
[INFO DPL-1104] NegotiationLegalizer DRC penalty: 5.
[INFO DPL-0392] Negotiation cell height distribution (4 unique row-count(s)):
[INFO DPL-0393]   height 1 row(s): 101003 cells
[INFO DPL-0393]   height 44 row(s): 4 cells
[INFO DPL-0393]   height 50 row(s): 2 cells
[INFO DPL-0393]   height 160 row(s): 2 cells
          |      Total |  Illegal |  Illegal
Iteration | Violations |    Cells |    Sites
---------------------------------------------
        0 |       5710 |      1624 |      4062
        1 |        626 |       118 |       508
        2 |        266 |        36 |       230
        3 |         93 |        15 |        78
        4 |         75 |        11 |        64
        5 |         36 |         8 |        28
        6 |         12 |         2 |        10
        7 |          0 |         0 |         0
Negotiation phase 1 converged at iteration 7.
[INFO DPL-0500] Runtime: 2.56s
Placement Analysis
---------------------------------
total displacement     167205.9 u
average displacement        1.7 u
max displacement           20.2 u
original HPWL         1669955.6 u
legalized HPWL        1833606.4 u
delta HPWL                   10 %

improve_placement -max_displacement "5 1"
Detailed placement improvement.
[INFO DPL-0401] Setting random seed to 1.
[INFO DPL-0402] Setting maximum displacement 5 1 to 14000 2800 units.
[INFO DPL-0320] Collected 4055 fixed cells.
[INFO DPL-0318] Collected 98518 single height cells.
[INFO DPL-0321] Collected 0 wide cells.
[INFO DPL-0322] Image (4180, 5600) - (1264260, 1262800)
[INFO DPL-0310] Assigned 98518 cells into segments.  Movement in X-direction is 0.000000, movement in Y-direction is 0.000000.
[INFO DPL-0313] Found 0 cells in wrong regions.
[INFO DPL-0315] Found 0 row alignment problems.
[INFO DPL-0314] Found 0 site alignment problems.
[INFO DPL-0311] Found 0 overlaps between adjacent cells.
[INFO DPL-0312] Found 0 edge spacing violations and 0 padding violations.
[INFO DPL-0303] Running algorithm for independent set matching.
[INFO DPL-0300] Set matching objective is wirelength.
[INFO DPL-0301] Pass   1 of matching; objective is 3.404272e+09.
[INFO DPL-0302] End of matching; objective is 3.398960e+09, improvement is 0.16 percent.
[INFO DPL-0303] Running algorithm for global swaps.
[INFO DPL-0306] Pass   1 of global swaps; hpwl is 3.339596e+09.
[INFO DPL-0306] Pass   2 of global swaps; hpwl is 3.327449e+09.
[INFO DPL-0307] End of global swaps; objective is 3.327449e+09, improvement is 2.10 percent.
[INFO DPL-0303] Running algorithm for vertical swaps.
[INFO DPL-0308] Pass   1 of vertical swaps; hpwl is 3.313181e+09.
[INFO DPL-0309] End of vertical swaps; objective is 3.313181e+09, improvement is 0.43 percent.
[INFO DPL-0303] Running algorithm for reordering.
[INFO DPL-0304] Pass   1 of reordering; objective is 3.305909e+09.
[INFO DPL-0305] End of reordering; objective is 3.305909e+09, improvement is 0.22 percent.
[INFO DPL-0303] Running algorithm for random improvement.
[INFO DPL-0324] Random improver is using random generator.
[INFO DPL-0325] Random improver is using hpwl objective.
[INFO DPL-0326] Random improver cost string is (a).
[INFO DPL-0332] End of pass, Generator random called 1970360 times.
[INFO DPL-0335] Generator random, Cumulative attempts 1970360, swaps 328533, moves 455356 since last reset.
[INFO DPL-0333] End of pass, Objective hpwl, Initial cost 3.303410e+09, Scratch cost 3.263949e+09, Incremental cost 3.263949e+09, Mismatch? N
[INFO DPL-0338] End of pass, Total cost is 3.263949e+09.
[INFO DPL-0327] Pass   1 of random improver; improvement in cost is 1.19 percent.
[INFO DPL-0332] End of pass, Generator random called 1970360 times.
[INFO DPL-0335] Generator random, Cumulative attempts 3940720, swaps 644153, moves 912961 since last reset.
[INFO DPL-0333] End of pass, Objective hpwl, Initial cost 3.263949e+09, Scratch cost 3.250076e+09, Incremental cost 3.250076e+09, Mismatch? N
[INFO DPL-0338] End of pass, Total cost is 3.250076e+09.
[INFO DPL-0327] Pass   2 of random improver; improvement in cost is 0.43 percent.
[INFO DPL-0328] End of random improver; improvement is 1.614497 percent.
[INFO DPL-0380] Cell flipping.
[INFO DPL-0382] Changed 0 cell orientations for row compatibility.
[INFO DPL-0383] Performed 29553 cell flips.
[INFO DPL-0384] End of flipping; objective is 3.214161e+09, improvement is 1.18 percent.
[INFO DPL-0313] Found 0 cells in wrong regions.
[INFO DPL-0315] Found 0 row alignment problems.
[INFO DPL-0314] Found 0 site alignment problems.
[INFO DPL-0311] Found 0 overlaps between adjacent cells.
[INFO DPL-0312] Found 0 edge spacing violations and 0 padding violations.
Detailed Improvement Results
------------------------------------------
Original HPWL          1833606.4 u (  882212.4,   951394.0)
Final HPWL             1741957.5 u (  860235.1,   881722.4)
Delta HPWL                  -5.0 % (      -2.5,       -7.3)

Took 37 seconds: improve_placement -max_displacement "5 1"
optimize_mirroring
[INFO DPL-0020] Mirrored 7782 instances
[INFO DPL-0021] HPWL before          1741957.5 u
[INFO DPL-0022] HPWL after           1741213.9 u
[INFO DPL-0023] HPWL delta               -0.0 %
[INFO FLW-0012] Placement violations .
estimate_parasitics -placement
Took 5 seconds: estimate_parasitics -placement
Report metrics stage 3, detailed place...

==========================================================================
detailed place report_design_area
--------------------------------------------------------------------------
Design area 248481 um^2 63% utilization.
write_db /tmp/workspace/scripts-Private_test-fr_cugr_cmp-1-/results/nangate45/cva6/base/3_5_place_dp.odb
write_sdc -no_timestamp /tmp/workspace/scripts-Private_test-fr_cugr_cmp-1-/results/nangate45/cva6/base/3_place.sdc
Elapsed time: 1:20.80[h:]min:sec. CPU time: user 104.07 sys 38.29 (176%). Peak memory: 888660KB.
Log                       Ext     Elapsed/s Peak Memory/MB sha1sum result [0:20)
3_5_place_dp              .odb           80            867 95cac7a68a028a511299
