[2026-08-20 04:31:16.606] [miter_logger] [info] MiterStrategy::run starting
[2026-08-20 04:31:16.606] [miter_logger] [info] Collecting POs for design 0: cva6

[2026-08-20 04:31:16.859] [miter_logger] [info] Collected 19919 PIs for design 0

[2026-08-20 04:31:16.859] [miter_logger] [info] Collected 25804 POs for design 0

[2026-08-20 04:31:16.860] [miter_logger] [info] design 0 PI summary by model/term (19919 total terminals, 22 unique rows):
| Model            | Term         | Count |
|------------------|--------------|-------|
| DFFR_X1          | Q            |  6634 |
| DFFR_X1          | QN           |  6634 |
| DFF_X1           | Q            |  1788 |
| DFF_X1           | QN           |  1788 |
| LOGIC0_X1        | Z            |  1021 |
| LOGIC1_X1        | Z            |   891 |
| fakeram45_64x256 | rd_out       |   512 |
| cva6             | noc_resp_i   |   146 |
| fakeram45_128x64 | rd_out       |   128 |
| cva6             | cvxif_resp_i |   114 |
| fakeram45_64x28  | rd_out       |    56 |
| fakeram45_64x25  | rd_out       |    50 |
| DFFS_X1          | Q            |    43 |
| DFFS_X1          | QN           |    43 |
| cva6             | boot_addr_i  |    32 |
| cva6             | hart_id_i    |    32 |
| cva6             | irq_i        |     2 |
| cva6             | clk_i        |     1 |
| cva6             | debug_req_i  |     1 |
| cva6             | ipi_i        |     1 |
| cva6             | rst_ni       |     1 |
| cva6             | time_irq_i   |     1 |

[2026-08-20 04:31:16.862] [miter_logger] [info] design 0 PO summary by model/term (25804 total terminals, 34 unique rows):
| Model            | Term        | Count |
|------------------|-------------|-------|
| DFFR_X1          | CK          |  6634 |
| DFFR_X1          | D           |  6634 |
| DFFR_X1          | RN          |  6634 |
| DFF_X1           | CK          |  1788 |
| DFF_X1           | D           |  1788 |
| fakeram45_64x256 | w_mask_in   |   512 |
| fakeram45_64x256 | wd_in       |   512 |
| cva6             | noc_req_o   |   374 |
| cva6             | cvxif_req_o |   257 |
| fakeram45_128x64 | w_mask_in   |   128 |
| fakeram45_128x64 | wd_in       |   128 |
| fakeram45_64x28  | w_mask_in   |    56 |
| fakeram45_64x28  | wd_in       |    56 |
| fakeram45_64x25  | w_mask_in   |    50 |
| fakeram45_64x25  | wd_in       |    50 |
| DFFS_X1          | CK          |    43 |
| DFFS_X1          | D           |    43 |
| DFFS_X1          | SN          |    43 |
| fakeram45_128x64 | addr_in     |    14 |
| fakeram45_64x25  | addr_in     |    12 |
| fakeram45_64x256 | addr_in     |    12 |
| fakeram45_64x28  | addr_in     |    12 |
| fakeram45_128x64 | ce_in       |     2 |
| fakeram45_128x64 | clk         |     2 |
| fakeram45_128x64 | we_in       |     2 |
| fakeram45_64x25  | ce_in       |     2 |
| fakeram45_64x25  | clk         |     2 |
| fakeram45_64x25  | we_in       |     2 |
| fakeram45_64x256 | ce_in       |     2 |
| fakeram45_64x256 | clk         |     2 |
| fakeram45_64x256 | we_in       |     2 |
| fakeram45_64x28  | ce_in       |     2 |
| fakeram45_64x28  | clk         |     2 |
| fakeram45_64x28  | we_in       |     2 |

[2026-08-20 04:31:16.864] [miter_logger] [info] Collecting POs for design 1: cva6

[2026-08-20 04:31:17.117] [miter_logger] [info] size of common inputs: 18007
[2026-08-20 04:31:17.117] [miter_logger] [info] size of diff0 inputs: 0
[2026-08-20 04:31:17.117] [miter_logger] [info] size of diff1 inputs: 0
[2026-08-20 04:31:17.120] [miter_logger] [info] Collected 19919 PIs for design 1

[2026-08-20 04:31:17.120] [miter_logger] [info] Collected 25804 POs for design 1

[2026-08-20 04:31:17.122] [miter_logger] [info] design 1 PI summary by model/term (19919 total terminals, 22 unique rows):
| Model            | Term         | Count |
|------------------|--------------|-------|
| DFFR_X1          | Q            |  6634 |
| DFFR_X1          | QN           |  6634 |
| DFF_X1           | Q            |  1788 |
| DFF_X1           | QN           |  1788 |
| LOGIC0_X1        | Z            |  1021 |
| LOGIC1_X1        | Z            |   891 |
| fakeram45_64x256 | rd_out       |   512 |
| cva6             | noc_resp_i   |   146 |
| fakeram45_128x64 | rd_out       |   128 |
| cva6             | cvxif_resp_i |   114 |
| fakeram45_64x28  | rd_out       |    56 |
| fakeram45_64x25  | rd_out       |    50 |
| DFFS_X1          | Q            |    43 |
| DFFS_X1          | QN           |    43 |
| cva6             | boot_addr_i  |    32 |
| cva6             | hart_id_i    |    32 |
| cva6             | irq_i        |     2 |
| cva6             | clk_i        |     1 |
| cva6             | debug_req_i  |     1 |
| cva6             | ipi_i        |     1 |
| cva6             | rst_ni       |     1 |
| cva6             | time_irq_i   |     1 |

[2026-08-20 04:31:17.123] [miter_logger] [info] design 1 PO summary by model/term (25804 total terminals, 34 unique rows):
| Model            | Term        | Count |
|------------------|-------------|-------|
| DFFR_X1          | CK          |  6634 |
| DFFR_X1          | D           |  6634 |
| DFFR_X1          | RN          |  6634 |
| DFF_X1           | CK          |  1788 |
| DFF_X1           | D           |  1788 |
| fakeram45_64x256 | w_mask_in   |   512 |
| fakeram45_64x256 | wd_in       |   512 |
| cva6             | noc_req_o   |   374 |
| cva6             | cvxif_req_o |   257 |
| fakeram45_128x64 | w_mask_in   |   128 |
| fakeram45_128x64 | wd_in       |   128 |
| fakeram45_64x28  | w_mask_in   |    56 |
| fakeram45_64x28  | wd_in       |    56 |
| fakeram45_64x25  | w_mask_in   |    50 |
| fakeram45_64x25  | wd_in       |    50 |
| DFFS_X1          | CK          |    43 |
| DFFS_X1          | D           |    43 |
| DFFS_X1          | SN          |    43 |
| fakeram45_128x64 | addr_in     |    14 |
| fakeram45_64x25  | addr_in     |    12 |
| fakeram45_64x256 | addr_in     |    12 |
| fakeram45_64x28  | addr_in     |    12 |
| fakeram45_128x64 | ce_in       |     2 |
| fakeram45_128x64 | clk         |     2 |
| fakeram45_128x64 | we_in       |     2 |
| fakeram45_64x25  | ce_in       |     2 |
| fakeram45_64x25  | clk         |     2 |
| fakeram45_64x25  | we_in       |     2 |
| fakeram45_64x256 | ce_in       |     2 |
| fakeram45_64x256 | clk         |     2 |
| fakeram45_64x256 | we_in       |     2 |
| fakeram45_64x28  | ce_in       |     2 |
| fakeram45_64x28  | clk         |     2 |
| fakeram45_64x28  | we_in       |     2 |

[2026-08-20 04:31:17.124] [miter_logger] [info] normalizeInputs: starting
[2026-08-20 04:31:17.149] [miter_logger] [info] size of common inputs: 19919
[2026-08-20 04:31:17.149] [miter_logger] [info] size of diff0 inputs: 0
[2026-08-20 04:31:17.149] [miter_logger] [info] size of diff1 inputs: 0
[2026-08-20 04:31:17.152] [miter_logger] [info] normalizeOutputs: starting
[2026-08-20 04:31:17.186] [miter_logger] [info] size of common outputs: 25804
[2026-08-20 04:31:17.186] [miter_logger] [info] size of diff0 outputs: 0
[2026-08-20 04:31:17.186] [miter_logger] [info] size of diff1 outputs: 0
[2026-08-20 04:31:17.190] [miter_logger] [info] size of PIs in circuit 0: 19919
[2026-08-20 04:31:17.190] [miter_logger] [info] size of PIs in circuit 1: 19919
[2026-08-20 04:31:17.190] [miter_logger] [info] size of POs in circuit 0: 25804
[2026-08-20 04:31:17.190] [miter_logger] [info] size of POs in circuit 1: 25804
[2026-08-20 04:31:18.147] [miter_logger] [info] Building miter expression
[2026-08-20 04:31:18.149] [miter_logger] [info] Finished building miter expression
[2026-08-20 04:31:18.149] [miter_logger] [info] Starting solver
[2026-08-20 04:31:18.149] [miter_logger] [info] SAT solver finished: UNSAT
[2026-08-20 04:31:18.149] [miter_logger] [info] Circuits are IDENTICAL
