[2026-08-20 04:11:37.896] [miter_logger] [info] MiterStrategy::run starting
[2026-08-20 04:11:37.896] [miter_logger] [info] Collecting POs for design 0: aes_sbox

[2026-08-20 04:11:37.898] [miter_logger] [info] Collected 8 PIs for design 0

[2026-08-20 04:11:37.898] [miter_logger] [info] Collected 8 POs for design 0

[2026-08-20 04:11:37.898] [miter_logger] [info] design 0 PI summary by model/term (8 total terminals, 1 unique rows):
| Model    | Term | Count |
|----------|------|-------|
| aes_sbox | a    |     8 |

[2026-08-20 04:11:37.898] [miter_logger] [info] design 0 PO summary by model/term (8 total terminals, 1 unique rows):
| Model    | Term | Count |
|----------|------|-------|
| aes_sbox | d    |     8 |

[2026-08-20 04:11:37.898] [miter_logger] [info] Collecting POs for design 1: aes_sbox

[2026-08-20 04:11:37.899] [miter_logger] [info] size of common inputs: 8
[2026-08-20 04:11:37.899] [miter_logger] [info] size of diff0 inputs: 0
[2026-08-20 04:11:37.899] [miter_logger] [info] size of diff1 inputs: 0
[2026-08-20 04:11:37.899] [miter_logger] [info] Collected 8 PIs for design 1

[2026-08-20 04:11:37.899] [miter_logger] [info] Collected 8 POs for design 1

[2026-08-20 04:11:37.899] [miter_logger] [info] design 1 PI summary by model/term (8 total terminals, 1 unique rows):
| Model    | Term | Count |
|----------|------|-------|
| aes_sbox | a    |     8 |

[2026-08-20 04:11:37.899] [miter_logger] [info] design 1 PO summary by model/term (8 total terminals, 1 unique rows):
| Model    | Term | Count |
|----------|------|-------|
| aes_sbox | d    |     8 |

[2026-08-20 04:11:37.899] [miter_logger] [info] normalizeInputs: starting
[2026-08-20 04:11:37.899] [miter_logger] [info] size of common inputs: 8
[2026-08-20 04:11:37.899] [miter_logger] [info] size of diff0 inputs: 0
[2026-08-20 04:11:37.899] [miter_logger] [info] size of diff1 inputs: 0
[2026-08-20 04:11:37.899] [miter_logger] [info] normalizeOutputs: starting
[2026-08-20 04:11:37.899] [miter_logger] [info] size of common outputs: 8
[2026-08-20 04:11:37.899] [miter_logger] [info] size of diff0 outputs: 0
[2026-08-20 04:11:37.899] [miter_logger] [info] size of diff1 outputs: 0
[2026-08-20 04:11:37.899] [miter_logger] [info] size of PIs in circuit 0: 8
[2026-08-20 04:11:37.899] [miter_logger] [info] size of PIs in circuit 1: 8
[2026-08-20 04:11:37.899] [miter_logger] [info] size of POs in circuit 0: 8
[2026-08-20 04:11:37.899] [miter_logger] [info] size of POs in circuit 1: 8
[2026-08-20 04:11:37.903] [miter_logger] [info] Building miter expression
[2026-08-20 04:11:37.903] [miter_logger] [info] Finished building miter expression
[2026-08-20 04:11:37.903] [miter_logger] [info] Starting solver
[2026-08-20 04:11:37.903] [miter_logger] [info] SAT solver finished: UNSAT
[2026-08-20 04:11:37.903] [miter_logger] [info] Circuits are IDENTICAL
