OpenROAD 26Q3-1464-gb22abfea20 
Features included (+) or not (-): +GPU +GUI +Python
This program is licensed under the BSD-3 license. See the LICENSE file for details.
Components of this program may be licensed under more restrictive licenses which must be honored.
[INFO ORD-0030] Using 32 thread(s).
read_liberty ./platforms/nangate45/lib/NangateOpenCellLibrary_typical.lib
read_liberty ./platforms/nangate45/lib/fakeram45_512x64.lib
read_liberty ./platforms/nangate45/lib/fakeram45_256x95.lib
read_liberty ./platforms/nangate45/lib/fakeram45_64x7.lib
read_liberty ./platforms/nangate45/lib/fakeram45_64x15.lib
read_liberty ./platforms/nangate45/lib/fakeram45_64x96.lib
[INFO ODB-0227] LEF file: ./platforms/nangate45/lef/NangateOpenCellLibrary.tech.lef, created 22 layers, 27 vias
[INFO ODB-0227] LEF file: ./platforms/nangate45/lef/NangateOpenCellLibrary.macro.mod.lef, created 135 library cells
[INFO ODB-0227] LEF file: ./platforms/nangate45/lef/fakeram45_512x64.lef, created 1 library cells
[INFO ODB-0227] LEF file: ./platforms/nangate45/lef/fakeram45_256x95.lef, created 1 library cells
[INFO ODB-0227] LEF file: ./platforms/nangate45/lef/fakeram45_64x7.lef, created 1 library cells
[INFO ODB-0227] LEF file: ./platforms/nangate45/lef/fakeram45_64x15.lef, created 1 library cells
[INFO ODB-0227] LEF file: ./platforms/nangate45/lef/fakeram45_64x96.lef, created 1 library cells
link_design black_parrot
read_sdc /tmp/workspace/scripts-Private_test-fr_cugr_cmp-1-/results/nangate45/bp/base/1_2_yosys.sdc
source ./platforms/nangate45/setRC.tcl
eliminate_dead_logic
Removed 38232 unused instances and 41830 unused nets.
Design area 630857 um^2 100% utilization.
write_db /tmp/workspace/scripts-Private_test-fr_cugr_cmp-1-/results/nangate45/bp/base/1_synth.odb
write_sdc -no_timestamp /tmp/workspace/scripts-Private_test-fr_cugr_cmp-1-/results/nangate45/bp/base/1_synth.sdc
Elapsed time: 0:04.22[h:]min:sec. CPU time: user 4.02 sys 0.20 (100%). Peak memory: 804220KB.
Log                       Ext     Elapsed/s Peak Memory/MB sha1sum result [0:20)
1_synth                   .odb            4            785 43c5cfc28bcf3c55d049
1_synth                   .sdc                             ad6fd750914d10bffa08
