[2026-08-20 04:28:07.823] [miter_logger] [info] MiterStrategy::run starting
[2026-08-20 04:28:07.823] [miter_logger] [info] Collecting POs for design 0: black_parrot

[2026-08-20 04:28:08.243] [miter_logger] [info] Collected 64907 PIs for design 0

[2026-08-20 04:28:08.243] [miter_logger] [info] Collected 61435 POs for design 0

[2026-08-20 04:28:08.245] [miter_logger] [info] design 0 PI summary by model/term (64907 total terminals, 19 unique rows):
| Model            | Term                | Count |
|------------------|---------------------|-------|
| DFF_X1           | Q                   | 28617 |
| DFF_X1           | QN                  | 28617 |
| LOGIC0_X1        | Z                   |  4755 |
| fakeram45_512x64 | rd_out              |  1088 |
| LOGIC1_X1        | Z                   |   573 |
| black_parrot     | mem_data_resp_i     |   539 |
| fakeram45_64x96  | rd_out              |   384 |
| fakeram45_256x95 | rd_out              |    95 |
| DFF_X2           | Q                   |    78 |
| DFF_X2           | QN                  |    78 |
| black_parrot     | mem_resp_i          |    55 |
| fakeram45_64x15  | rd_out              |    15 |
| fakeram45_64x7   | rd_out              |     7 |
| black_parrot     | clk_i               |     1 |
| black_parrot     | mem_cmd_yumi_i      |     1 |
| black_parrot     | mem_data_cmd_yumi_i |     1 |
| black_parrot     | mem_data_resp_v_i   |     1 |
| black_parrot     | mem_resp_v_i        |     1 |
| black_parrot     | reset_i             |     1 |

[2026-08-20 04:28:08.247] [miter_logger] [info] design 0 PO summary by model/term (61435 total terminals, 40 unique rows):
| Model            | Term                  | Count |
|------------------|-----------------------|-------|
| DFF_X1           | CK                    | 28617 |
| DFF_X1           | D                     | 28617 |
| fakeram45_512x64 | w_mask_in             |  1088 |
| fakeram45_512x64 | wd_in                 |  1088 |
| black_parrot     | mem_data_cmd_o        |   567 |
| fakeram45_64x96  | w_mask_in             |   384 |
| fakeram45_64x96  | wd_in                 |   384 |
| fakeram45_512x64 | addr_in               |   153 |
| fakeram45_256x95 | w_mask_in             |    95 |
| fakeram45_256x95 | wd_in                 |    95 |
| DFF_X2           | CK                    |    78 |
| DFF_X2           | D                     |    78 |
| black_parrot     | mem_cmd_o             |    27 |
| fakeram45_64x96  | addr_in               |    24 |
| fakeram45_512x64 | ce_in                 |    17 |
| fakeram45_512x64 | clk                   |    17 |
| fakeram45_512x64 | we_in                 |    17 |
| fakeram45_64x15  | w_mask_in             |    15 |
| fakeram45_64x15  | wd_in                 |    15 |
| fakeram45_256x95 | addr_in               |     8 |
| fakeram45_64x7   | w_mask_in             |     7 |
| fakeram45_64x7   | wd_in                 |     7 |
| fakeram45_64x15  | addr_in               |     6 |
| fakeram45_64x7   | addr_in               |     6 |
| fakeram45_64x96  | ce_in                 |     4 |
| fakeram45_64x96  | clk                   |     4 |
| fakeram45_64x96  | we_in                 |     4 |
| black_parrot     | mem_cmd_v_o           |     1 |
| black_parrot     | mem_data_cmd_v_o      |     1 |
| black_parrot     | mem_data_resp_ready_o |     1 |
| black_parrot     | mem_resp_ready_o      |     1 |
| fakeram45_256x95 | ce_in                 |     1 |
| fakeram45_256x95 | clk                   |     1 |
| fakeram45_256x95 | we_in                 |     1 |
| fakeram45_64x15  | ce_in                 |     1 |
| fakeram45_64x15  | clk                   |     1 |
| fakeram45_64x15  | we_in                 |     1 |
| fakeram45_64x7   | ce_in                 |     1 |
| fakeram45_64x7   | clk                   |     1 |
| fakeram45_64x7   | we_in                 |     1 |

[2026-08-20 04:28:08.252] [miter_logger] [info] Collecting POs for design 1: black_parrot

[2026-08-20 04:28:08.688] [miter_logger] [info] size of common inputs: 59579
[2026-08-20 04:28:08.688] [miter_logger] [info] size of diff0 inputs: 0
[2026-08-20 04:28:08.688] [miter_logger] [info] size of diff1 inputs: 0
[2026-08-20 04:28:08.698] [miter_logger] [info] Collected 64907 PIs for design 1

[2026-08-20 04:28:08.698] [miter_logger] [info] Collected 61435 POs for design 1

[2026-08-20 04:28:08.701] [miter_logger] [info] design 1 PI summary by model/term (64907 total terminals, 19 unique rows):
| Model            | Term                | Count |
|------------------|---------------------|-------|
| DFF_X1           | Q                   | 28617 |
| DFF_X1           | QN                  | 28617 |
| LOGIC0_X1        | Z                   |  4755 |
| fakeram45_512x64 | rd_out              |  1088 |
| LOGIC1_X1        | Z                   |   573 |
| black_parrot     | mem_data_resp_i     |   539 |
| fakeram45_64x96  | rd_out              |   384 |
| fakeram45_256x95 | rd_out              |    95 |
| DFF_X2           | Q                   |    78 |
| DFF_X2           | QN                  |    78 |
| black_parrot     | mem_resp_i          |    55 |
| fakeram45_64x15  | rd_out              |    15 |
| fakeram45_64x7   | rd_out              |     7 |
| black_parrot     | clk_i               |     1 |
| black_parrot     | mem_cmd_yumi_i      |     1 |
| black_parrot     | mem_data_cmd_yumi_i |     1 |
| black_parrot     | mem_data_resp_v_i   |     1 |
| black_parrot     | mem_resp_v_i        |     1 |
| black_parrot     | reset_i             |     1 |

[2026-08-20 04:28:08.703] [miter_logger] [info] design 1 PO summary by model/term (61435 total terminals, 40 unique rows):
| Model            | Term                  | Count |
|------------------|-----------------------|-------|
| DFF_X1           | CK                    | 28617 |
| DFF_X1           | D                     | 28617 |
| fakeram45_512x64 | w_mask_in             |  1088 |
| fakeram45_512x64 | wd_in                 |  1088 |
| black_parrot     | mem_data_cmd_o        |   567 |
| fakeram45_64x96  | w_mask_in             |   384 |
| fakeram45_64x96  | wd_in                 |   384 |
| fakeram45_512x64 | addr_in               |   153 |
| fakeram45_256x95 | w_mask_in             |    95 |
| fakeram45_256x95 | wd_in                 |    95 |
| DFF_X2           | CK                    |    78 |
| DFF_X2           | D                     |    78 |
| black_parrot     | mem_cmd_o             |    27 |
| fakeram45_64x96  | addr_in               |    24 |
| fakeram45_512x64 | ce_in                 |    17 |
| fakeram45_512x64 | clk                   |    17 |
| fakeram45_512x64 | we_in                 |    17 |
| fakeram45_64x15  | w_mask_in             |    15 |
| fakeram45_64x15  | wd_in                 |    15 |
| fakeram45_256x95 | addr_in               |     8 |
| fakeram45_64x7   | w_mask_in             |     7 |
| fakeram45_64x7   | wd_in                 |     7 |
| fakeram45_64x15  | addr_in               |     6 |
| fakeram45_64x7   | addr_in               |     6 |
| fakeram45_64x96  | ce_in                 |     4 |
| fakeram45_64x96  | clk                   |     4 |
| fakeram45_64x96  | we_in                 |     4 |
| black_parrot     | mem_cmd_v_o           |     1 |
| black_parrot     | mem_data_cmd_v_o      |     1 |
| black_parrot     | mem_data_resp_ready_o |     1 |
| black_parrot     | mem_resp_ready_o      |     1 |
| fakeram45_256x95 | ce_in                 |     1 |
| fakeram45_256x95 | clk                   |     1 |
| fakeram45_256x95 | we_in                 |     1 |
| fakeram45_64x15  | ce_in                 |     1 |
| fakeram45_64x15  | clk                   |     1 |
| fakeram45_64x15  | we_in                 |     1 |
| fakeram45_64x7   | ce_in                 |     1 |
| fakeram45_64x7   | clk                   |     1 |
| fakeram45_64x7   | we_in                 |     1 |

[2026-08-20 04:28:08.705] [miter_logger] [info] normalizeInputs: starting
[2026-08-20 04:28:08.804] [miter_logger] [info] size of common inputs: 64907
[2026-08-20 04:28:08.804] [miter_logger] [info] size of diff0 inputs: 0
[2026-08-20 04:28:08.804] [miter_logger] [info] size of diff1 inputs: 0
[2026-08-20 04:28:08.820] [miter_logger] [info] normalizeOutputs: starting
[2026-08-20 04:28:08.903] [miter_logger] [info] size of common outputs: 61435
[2026-08-20 04:28:08.903] [miter_logger] [info] size of diff0 outputs: 0
[2026-08-20 04:28:08.903] [miter_logger] [info] size of diff1 outputs: 0
[2026-08-20 04:28:08.915] [miter_logger] [info] size of PIs in circuit 0: 64907
[2026-08-20 04:28:08.915] [miter_logger] [info] size of PIs in circuit 1: 64907
[2026-08-20 04:28:08.915] [miter_logger] [info] size of POs in circuit 0: 61435
[2026-08-20 04:28:08.915] [miter_logger] [info] size of POs in circuit 1: 61435
[2026-08-20 04:28:10.232] [miter_logger] [info] Building miter expression
[2026-08-20 04:28:10.236] [miter_logger] [info] Finished building miter expression
[2026-08-20 04:28:10.248] [miter_logger] [info] Starting solver
[2026-08-20 04:28:12.734] [miter_logger] [info] SAT solver finished: UNSAT
[2026-08-20 04:28:12.734] [miter_logger] [info] Circuits are IDENTICAL
