[2026-08-20 04:20:53.120] [miter_logger] [info] MiterStrategy::run starting
[2026-08-20 04:20:53.120] [miter_logger] [info] Collecting POs for design 0: riscv

[2026-08-20 04:20:53.132] [miter_logger] [info] Collected 1186 PIs for design 0

[2026-08-20 04:20:53.132] [miter_logger] [info] Collected 3267 POs for design 0

[2026-08-20 04:20:53.133] [miter_logger] [info] design 0 PI summary by model/term (1186 total terminals, 8 unique rows):
| Model                     | Term     | Count |
|---------------------------|----------|-------|
| sky130_fd_sc_hd__edfxtp_1 | Q        |  1024 |
| riscv                     | instr    |    32 |
| riscv                     | readdata |    32 |
| sky130_fd_sc_hd__conb_1   | HI       |    32 |
| sky130_fd_sc_hd__conb_1   | LO       |    32 |
| sky130_fd_sc_hd__dfrtp_1  | Q        |    32 |
| riscv                     | clk      |     1 |
| riscv                     | reset    |     1 |

[2026-08-20 04:20:53.133] [miter_logger] [info] design 0 PO summary by model/term (3267 total terminals, 12 unique rows):
| Model                     | Term      | Count |
|---------------------------|-----------|-------|
| sky130_fd_sc_hd__edfxtp_1 | CLK       |  1024 |
| sky130_fd_sc_hd__edfxtp_1 | D         |  1024 |
| sky130_fd_sc_hd__edfxtp_1 | DE        |  1024 |
| riscv                     | aluout    |    32 |
| riscv                     | pc        |    32 |
| riscv                     | writedata |    32 |
| sky130_fd_sc_hd__dfrtp_1  | CLK       |    32 |
| sky130_fd_sc_hd__dfrtp_1  | D         |    32 |
| sky130_fd_sc_hd__dfrtp_1  | RESET_B   |    32 |
| riscv                     | memread   |     1 |
| riscv                     | memwrite  |     1 |
| riscv                     | suspend   |     1 |

[2026-08-20 04:20:53.133] [miter_logger] [info] Collecting POs for design 1: riscv

[2026-08-20 04:20:53.146] [miter_logger] [info] size of common inputs: 1122
[2026-08-20 04:20:53.146] [miter_logger] [info] size of diff0 inputs: 0
[2026-08-20 04:20:53.146] [miter_logger] [info] size of diff1 inputs: 0
[2026-08-20 04:20:53.146] [miter_logger] [info] Collected 1186 PIs for design 1

[2026-08-20 04:20:53.146] [miter_logger] [info] Collected 3267 POs for design 1

[2026-08-20 04:20:53.146] [miter_logger] [info] design 1 PI summary by model/term (1186 total terminals, 8 unique rows):
| Model                     | Term     | Count |
|---------------------------|----------|-------|
| sky130_fd_sc_hd__edfxtp_1 | Q        |  1024 |
| riscv                     | instr    |    32 |
| riscv                     | readdata |    32 |
| sky130_fd_sc_hd__conb_1   | HI       |    32 |
| sky130_fd_sc_hd__conb_1   | LO       |    32 |
| sky130_fd_sc_hd__dfrtp_1  | Q        |    32 |
| riscv                     | clk      |     1 |
| riscv                     | reset    |     1 |

[2026-08-20 04:20:53.146] [miter_logger] [info] design 1 PO summary by model/term (3267 total terminals, 12 unique rows):
| Model                     | Term      | Count |
|---------------------------|-----------|-------|
| sky130_fd_sc_hd__edfxtp_1 | CLK       |  1024 |
| sky130_fd_sc_hd__edfxtp_1 | D         |  1024 |
| sky130_fd_sc_hd__edfxtp_1 | DE        |  1024 |
| riscv                     | aluout    |    32 |
| riscv                     | pc        |    32 |
| riscv                     | writedata |    32 |
| sky130_fd_sc_hd__dfrtp_1  | CLK       |    32 |
| sky130_fd_sc_hd__dfrtp_1  | D         |    32 |
| sky130_fd_sc_hd__dfrtp_1  | RESET_B   |    32 |
| riscv                     | memread   |     1 |
| riscv                     | memwrite  |     1 |
| riscv                     | suspend   |     1 |

[2026-08-20 04:20:53.146] [miter_logger] [info] normalizeInputs: starting
[2026-08-20 04:20:53.147] [miter_logger] [info] size of common inputs: 1186
[2026-08-20 04:20:53.147] [miter_logger] [info] size of diff0 inputs: 0
[2026-08-20 04:20:53.147] [miter_logger] [info] size of diff1 inputs: 0
[2026-08-20 04:20:53.147] [miter_logger] [info] normalizeOutputs: starting
[2026-08-20 04:20:53.149] [miter_logger] [info] size of common outputs: 3267
[2026-08-20 04:20:53.149] [miter_logger] [info] size of diff0 outputs: 0
[2026-08-20 04:20:53.149] [miter_logger] [info] size of diff1 outputs: 0
[2026-08-20 04:20:53.149] [miter_logger] [info] size of PIs in circuit 0: 1186
[2026-08-20 04:20:53.149] [miter_logger] [info] size of PIs in circuit 1: 1186
[2026-08-20 04:20:53.149] [miter_logger] [info] size of POs in circuit 0: 3267
[2026-08-20 04:20:53.149] [miter_logger] [info] size of POs in circuit 1: 3267
[2026-08-20 04:20:53.238] [miter_logger] [info] Building miter expression
[2026-08-20 04:20:53.239] [miter_logger] [info] Finished building miter expression
[2026-08-20 04:20:53.274] [miter_logger] [info] Starting solver
[2026-08-20 04:20:57.670] [miter_logger] [info] SAT solver finished: UNSAT
[2026-08-20 04:20:57.670] [miter_logger] [info] Circuits are IDENTICAL
