OpenROAD 26Q3-1464-gb22abfea20 
Features included (+) or not (-): +GPU +GUI +Python
This program is licensed under the BSD-3 license. See the LICENSE file for details.
Components of this program may be licensed under more restrictive licenses which must be honored.
[INFO ORD-0030] Using 32 thread(s).
read_liberty ./platforms/sky130hd/lib/sky130_fd_sc_hd__tt_025C_1v80.lib
read_db /tmp/workspace/scripts-Private_test-fr_cugr_cmp-1-/results/sky130hd/riscv32i/base/4_cts.odb
read_sdc /tmp/workspace/scripts-Private_test-fr_cugr_cmp-1-/results/sky130hd/riscv32i/base/4_cts.sdc
source ./platforms/sky130hd/setRC.tcl
pin_access
[INFO DRT-0149] Reading tech and libs.
[WARNING DRT-0349] LEF58_ENCLOSURE with no CUTCLASS is not supported. Skipping for layer mcon
[WARNING DRT-0349] LEF58_ENCLOSURE with no CUTCLASS is not supported. Skipping for layer mcon
[WARNING DRT-0349] LEF58_ENCLOSURE with no CUTCLASS is not supported. Skipping for layer via
[WARNING DRT-0349] LEF58_ENCLOSURE with no CUTCLASS is not supported. Skipping for layer via
[WARNING DRT-0349] LEF58_ENCLOSURE with no CUTCLASS is not supported. Skipping for layer via2
[WARNING DRT-0349] LEF58_ENCLOSURE with no CUTCLASS is not supported. Skipping for layer via2
[WARNING DRT-0349] LEF58_ENCLOSURE with no CUTCLASS is not supported. Skipping for layer via3
[WARNING DRT-0349] LEF58_ENCLOSURE with no CUTCLASS is not supported. Skipping for layer via3
[WARNING DRT-0349] LEF58_ENCLOSURE with no CUTCLASS is not supported. Skipping for layer via4
[WARNING DRT-0349] LEF58_ENCLOSURE with no CUTCLASS is not supported. Skipping for layer via4

Units:                1000
Number of layers:     13
Number of macros:     441
Number of vias:       29
Number of viarulegen: 25

[INFO DRT-0150] Reading design.
[WARNING DRT-0120] Large net net38 has 102 pins which may impact routing performance. Consider optimization.
[WARNING DRT-0120] Large net net1514 has 154 pins which may impact routing performance. Consider optimization.

Design:                   riscv
Die area:                 ( 0 0 ) ( 376625 376625 )
Number of track patterns: 12
Number of DEF vias:       0
Number of components:     7553
Number of terminals:      167
Number of snets:          2
Number of nets:           5759

[INFO DRT-0167] List of default vias:
  Layer via
    default via: M1M2_PR
  Layer via2
    default via: M2M3_PR
  Layer via3
    default via: M3M4_PR
  Layer via4
    default via: M4M5_PR
[INFO DRT-0162] Library cell analysis.
[INFO DRT-0163] Instance analysis.
[INFO DRT-0164] Number of unique instances = 262.
[INFO DRT-0168] Init region query.
[INFO DRT-0024]   Complete FR_MASTERSLICE.
[INFO DRT-0024]   Complete Fr_VIA.
[INFO DRT-0024]   Complete li1.
[INFO DRT-0024]   Complete mcon.
[INFO DRT-0024]   Complete met1.
[INFO DRT-0024]   Complete via.
[INFO DRT-0024]   Complete met2.
[INFO DRT-0024]   Complete via2.
[INFO DRT-0024]   Complete met3.
[INFO DRT-0024]   Complete via3.
[INFO DRT-0024]   Complete met4.
[INFO DRT-0024]   Complete via4.
[INFO DRT-0024]   Complete met5.
[INFO DRT-0033] FR_MASTERSLICE shape region query size = 0.
[INFO DRT-0033] FR_VIA shape region query size = 0.
[INFO DRT-0033] li1 shape region query size = 212644.
[INFO DRT-0033] mcon shape region query size = 134126.
[INFO DRT-0033] met1 shape region query size = 36497.
[INFO DRT-0033] via shape region query size = 9315.
[INFO DRT-0033] met2 shape region query size = 5643.
[INFO DRT-0033] via2 shape region query size = 7452.
[INFO DRT-0033] met3 shape region query size = 5700.
[INFO DRT-0033] via3 shape region query size = 7452.
[INFO DRT-0033] met4 shape region query size = 2255.
[INFO DRT-0033] via4 shape region query size = 365.
[INFO DRT-0033] met5 shape region query size = 419.
[INFO DRT-0165] Start pin access.
[INFO DRT-0076]   Complete 1000 pins.
[INFO DRT-0076]   Complete 2000 pins.
[INFO DRT-0078]   Complete 2129 pins.
[INFO DRT-0079]   Complete 100 unique inst patterns.
[INFO DRT-0079]   Complete 200 unique inst patterns.
[INFO DRT-0081]   Complete 262 unique inst patterns.
[INFO DRT-0084]   Complete 3976 groups.
#scanned instances     = 7553
#unique  instances     = 262
#stdCellGenAp          = 8559
#stdCellValidPlanarAp  = 94
#stdCellValidViaAp     = 6295
#stdCellPinNoAp        = 2
#stdCellPinCnt         = 21359
#instTermValidViaApCnt = 0
#macroGenAp            = 0
#macroValidPlanarAp    = 0
#macroValidViaAp       = 0
#macroNoAp             = 0
[INFO DRT-0166] Complete pin access.
[INFO DRT-0267] cpu time = 00:02:21, elapsed time = 00:00:09, memory = 182.42 (MB), peak = 178.22 (MB)
Took 10 seconds: pin_access
global_route -congestion_report_file /tmp/workspace/scripts-Private_test-fr_cugr_cmp-1-/reports/sky130hd/riscv32i/base/congestion.rpt -congestion_iterations 30 -congestion_report_iter_step 5 -verbose
[INFO GRT-0020] Min routing layer: met1
[INFO GRT-0021] Max routing layer: met5
[INFO GRT-0022] Global adjustment: 0%
[INFO GRT-0023] Grid origin: (0, 0)
[INFO GRT-0088] Layer li1     Track-Pitch = 0.4600  line-2-Via Pitch: 0.3400
[INFO GRT-0088] Layer met1    Track-Pitch = 0.3400  line-2-Via Pitch: 0.3400
[INFO GRT-0088] Layer met2    Track-Pitch = 0.4600  line-2-Via Pitch: 0.3500
[INFO GRT-0088] Layer met3    Track-Pitch = 0.6800  line-2-Via Pitch: 0.6150
[INFO GRT-0088] Layer met4    Track-Pitch = 0.9200  line-2-Via Pitch: 1.0400
[INFO GRT-0088] Layer met5    Track-Pitch = 3.4000  line-2-Via Pitch: 3.1100
[INFO GRT-0003] Macros: 0
[INFO GRT-0004] Blockages: 27252
[INFO GRT-0019] Found 110 clock nets.
[INFO GRT-0001] Minimum degree: 2
[INFO GRT-0002] Maximum degree: 154

[INFO GRT-0053] Routing resources analysis:
          Routing      Original      Derated      Resource
Layer     Direction    Resources     Resources    Reduction (%)
---------------------------------------------------------------
li1        Vertical            0             0          0.00%
met1       Horizontal      42736         33015          22.75%
met2       Vertical        37471         28832          23.06%
met3       Horizontal      27958         21938          21.53%
met4       Vertical        18497         13038          29.51%
met5       Horizontal       4028          2915          27.63%
---------------------------------------------------------------

[INFO GRT-0101] Running extra iterations to remove congestion.
[INFO GRT-0102] Start extra iteration 1/30
[INFO GRT-0102] Start extra iteration 2/30
[INFO GRT-0102] Start extra iteration 3/30
[INFO GRT-0197] Via related to pin nodes: 38663
[INFO GRT-0198] Via related Steiner nodes: 1398
[INFO GRT-0199] Via filling finished.
[INFO GRT-0111] Final number of vias: 50602
[INFO GRT-0112] Final usage 3D: 190188

[INFO GRT-0096] Final congestion report:
Layer         Resource        Demand        Usage (%)    Max H / Max V / Total Congestion
---------------------------------------------------------------------------------------
li1                  0             0            0.00%             0 /  0 /  0
met1             33015         16450           49.83%             0 /  0 /  0
met2             28832         16543           57.38%             0 /  0 /  0
met3             21938          2447           11.15%             0 /  0 /  0
met4             13038          2942           22.56%             0 /  0 /  0
met5              2915             0            0.00%             0 /  0 /  0
---------------------------------------------------------------------------------------
Total            99738         38382           38.48%             0 /  0 /  0

[INFO GRT-0018] Total wirelength: 384247 um
[INFO GRT-0014] Routed nets: 5719
[INFO GRT-0303] Global routing runtime = 00:00:00
[WARNING STA-0450] virtual clock vclk_clk can not be propagated.
estimate_parasitics -global_routing
Perform buffer insertion and gate resizing...
repair_design -verbose
Iteration |   Area    | Resized | Buffers | Nets repaired | Remaining
---------------------------------------------------------------------
        0 |     +0.0% |       0 |       0 |             0 |      5882
     1000 |     +0.0% |       0 |       0 |             0 |      4882
[WARNING RSZ-0104] Net _3763_ only has one pin. Check if it is intended to be dangling.
[WARNING RSZ-0104] Net _3757_ only has one pin. Check if it is intended to be dangling.
[WARNING RSZ-0104] Net _3753_ only has one pin. Check if it is intended to be dangling.
[WARNING RSZ-0104] Net _3752_ only has one pin. Check if it is intended to be dangling.
[WARNING RSZ-0104] Net _3773_ only has one pin. Check if it is intended to be dangling.
[WARNING RSZ-0104] Net _3768_ only has one pin. Check if it is intended to be dangling.
[WARNING RSZ-0104] Net _3767_ only has one pin. Check if it is intended to be dangling.
[WARNING RSZ-0104] Net _3765_ only has one pin. Check if it is intended to be dangling.
[WARNING RSZ-0104] Net _3762_ only has one pin. Check if it is intended to be dangling.
[WARNING RSZ-0104] Net _3761_ only has one pin. Check if it is intended to be dangling.
[WARNING RSZ-0104] Net _3760_ only has one pin. Check if it is intended to be dangling.
[WARNING RSZ-0104] Net _3751_ only has one pin. Check if it is intended to be dangling.
[WARNING RSZ-0104] Net _3750_ only has one pin. Check if it is intended to be dangling.
[WARNING RSZ-0104] Net _3749_ only has one pin. Check if it is intended to be dangling.
[WARNING RSZ-0104] Net _3748_ only has one pin. Check if it is intended to be dangling.
[WARNING RSZ-0104] Net _3747_ only has one pin. Check if it is intended to be dangling.
[WARNING RSZ-0104] Net _3746_ only has one pin. Check if it is intended to be dangling.
[WARNING RSZ-0104] Net _3745_ only has one pin. Check if it is intended to be dangling.
[WARNING RSZ-0104] Net _3743_ only has one pin. Check if it is intended to be dangling.
[WARNING RSZ-0104] Net _3742_ only has one pin. Check if it is intended to be dangling.
[WARNING RSZ-0104] Net _3741_ only has one pin. Check if it is intended to be dangling.
[WARNING RSZ-0104] Net _3738_ only has one pin. Check if it is intended to be dangling.
[WARNING RSZ-0104] Net _3764_ only has one pin. Check if it is intended to be dangling.
[WARNING RSZ-0104] Net _3759_ only has one pin. Check if it is intended to be dangling.
[WARNING RSZ-0104] Net _3756_ only has one pin. Check if it is intended to be dangling.
[WARNING RSZ-0104] Net _3755_ only has one pin. Check if it is intended to be dangling.
[WARNING RSZ-0104] Net _3754_ only has one pin. Check if it is intended to be dangling.
[WARNING RSZ-0104] Net _3744_ only has one pin. Check if it is intended to be dangling.
[WARNING RSZ-0104] Net _3766_ only has one pin. Check if it is intended to be dangling.
[WARNING RSZ-0104] Net _3758_ only has one pin. Check if it is intended to be dangling.
[WARNING RSZ-0104] Net _3740_ only has one pin. Check if it is intended to be dangling.
[WARNING RSZ-0104] Net _3739_ only has one pin. Check if it is intended to be dangling.
[WARNING RSZ-0104] Net _3772_ only has one pin. Check if it is intended to be dangling.
[WARNING RSZ-0104] Net _3771_ only has one pin. Check if it is intended to be dangling.
[WARNING RSZ-0104] Net _3770_ only has one pin. Check if it is intended to be dangling.
     2000 |     +0.0% |       0 |       0 |             0 |      3882
[WARNING RSZ-0104] Net _3769_ only has one pin. Check if it is intended to be dangling.
[WARNING RSZ-0104] Net _3777_ only has one pin. Check if it is intended to be dangling.
[WARNING RSZ-0104] Net _3776_ only has one pin. Check if it is intended to be dangling.
     3000 |     +0.0% |       0 |       0 |             0 |      2882
[WARNING RSZ-0104] Net _3775_ only has one pin. Check if it is intended to be dangling.
[WARNING RSZ-0104] Net _3774_ only has one pin. Check if it is intended to be dangling.
     4000 |     +0.0% |       0 |       0 |             0 |      1882
     5000 |     +0.0% |       0 |       0 |             0 |       882
    final |     +0.0% |       0 |       0 |             0 |         0
---------------------------------------------------------------------
[INFO RSZ-0504] Runtime: 0.29s
global_route -start_incremental
detailed_placement
[INFO DPL-0006] Core area: 139359.91 um^2
[INFO DPL-0007] Movable instances area: 73354.10 um^2
[INFO DPL-0008] Fixed instances area within core: 2347.25 um^2
[INFO DPL-0009] Utilization: 54.3%
[INFO DPL-0005] Diamond search max displacement: +/- 500 sites horizontally, +/- 100 rows vertically.
[INFO DPL-1102] Legalizing using negotiation legalizer.
[INFO DPL-1103] Negotiation base search window: +/-20 sites horizontally, +/-5 rows vertically 
	Automatic search window extension enabled.
	Search window extendable up to the max displacement cap of +/-500 sites, +/-100 rows near walls.
[INFO DPL-1104] NegotiationLegalizer DRC penalty: 5.
[INFO DPL-0392] Negotiation cell height distribution (1 unique row-count(s)):
[INFO DPL-0393]   height 1 row(s): 7553 cells
[INFO DPL-0500] Runtime: 0.02s
Placement Analysis
---------------------------------
total displacement          0.0 u
average displacement        0.0 u
max displacement            0.0 u
original HPWL          188097.7 u
legalized HPWL         188097.7 u
delta HPWL                    0 %

global_route -end_incremental -congestion_report_file /tmp/workspace/scripts-Private_test-fr_cugr_cmp-1-/reports/sky130hd/riscv32i/base/congestion_post_repair_design.rpt
Repair setup and hold violations...
estimate_parasitics -global_routing
repair_timing -setup_margin 0 -hold_margin 0 -repair_tns 100 -verbose
[INFO RSZ-0100] Repair move sequence: UnbufferMove SizeUpMove SwapPinsMove BufferMove CloneMove SplitLoadMove 
[INFO RSZ-0094] Found 445 endpoints with setup violations.
[INFO RSZ-0099] Repairing 445 out of 445 (100.00%) violating endpoints...
   Iter   | Removed | Resized | Inserted | Cloned |  Pin  |   Area   |    WNS   |   StTNS    |   EnTNS    |  Viol  |  Worst  
          | Buffers |  Gates  | Buffers  |  Gates | Swaps |          |          |            |            | Endpts | St/EnPt 
------------------------------------------------------------------------------------------------------------------------------
       0* |       0 |       0 |        0 |      0 |     0 |    +0.0% |   -0.990 |     -374.7 |     -166.4 |    445 | aluout[0]
      10* |       0 |       3 |        3 |      0 |     3 |    +0.0% |   -0.938 |     -361.2 |     -164.4 |    445 | aluout[0]
      20* |       0 |       7 |        3 |      0 |     9 |    +0.1% |   -0.976 |     -369.5 |     -167.6 |    445 | aluout[0]
      30* |       0 |       8 |        4 |      0 |    17 |    +0.1% |   -0.922 |     -350.7 |     -165.8 |    445 | aluout[0]
      32* |       0 |       8 |        4 |      0 |    13 |    +0.1% |   -0.869 |     -347.5 |     -157.9 |    445 | aluout[0]
      40* |       0 |       9 |        6 |      0 |    17 |    +0.1% |   -0.871 |     -348.3 |     -157.6 |    445 | aluout[0]
      41* |       0 |       8 |        6 |      0 |    16 |    +0.1% |   -0.865 |     -347.4 |     -157.8 |    445 | aluout[0]
      50* |       1 |      13 |        6 |      0 |    18 |    +0.1% |   -0.871 |     -348.8 |     -154.0 |    445 | aluout[0]
      51* |       0 |       8 |        6 |      0 |    16 |    +0.1% |   -0.865 |     -347.4 |     -157.8 |    445 | aluout[0]
      60* |       0 |      13 |        6 |      0 |    19 |    +0.2% |   -0.866 |     -328.5 |     -149.9 |    445 | aluout[0]
      70* |       0 |      16 |        7 |      0 |    25 |    +0.2% |   -0.866 |     -317.0 |     -150.2 |    445 | aluout[0]
      80* |       1 |      17 |        8 |      0 |    32 |    +0.2% |   -0.866 |     -307.6 |     -147.5 |    445 | aluout[0]
      90* |       2 |      23 |       10 |      0 |    33 |    +0.2% |   -0.866 |     -295.3 |     -151.7 |    445 | aluout[0]
     100* |       3 |      27 |       11 |      0 |    37 |    +0.3% |   -0.866 |     -269.9 |     -130.0 |    445 | aluout[0]
     103* |       0 |       9 |        6 |      0 |    16 |    +0.1% |   -0.865 |     -338.4 |     -149.2 |    445 | aluout[0]
     110* |       0 |      14 |        6 |      0 |    17 |    +0.2% |   -0.866 |     -336.8 |     -148.8 |    445 | aluout[0]
     120* |       0 |      21 |        8 |      0 |    18 |    +0.2% |   -0.866 |     -326.5 |     -149.2 |    445 | aluout[0]
     130* |       0 |      26 |       11 |      0 |    20 |    +0.3% |   -0.866 |     -311.8 |     -145.4 |    445 | aluout[0]
     140* |       1 |      30 |       16 |      0 |    20 |    +0.3% |   -0.866 |     -304.8 |     -150.4 |    445 | aluout[0]
     150* |       4 |      32 |       20 |      0 |    21 |    +0.3% |   -0.866 |     -338.0 |     -164.1 |    445 | aluout[0]
     157* |       0 |      11 |        6 |      0 |    17 |    +0.1% |   -0.865 |     -340.5 |     -149.7 |    445 | aluout[0]
     160* |       0 |      11 |        6 |      0 |    19 |    +0.1% |   -0.865 |     -340.6 |     -150.4 |    445 | aluout[0]
     169* |       0 |      11 |        7 |      0 |    19 |    +0.1% |   -0.865 |     -340.5 |     -149.2 |    445 | aluout[0]
     170* |       0 |      11 |        7 |      0 |    19 |    +0.1% |   -0.865 |     -340.5 |     -149.2 |    445 | aluout[0]
     176* |       0 |      11 |        7 |      0 |    19 |    +0.1% |   -0.865 |     -340.5 |     -149.2 |    445 | aluout[0]
     180* |       2 |      12 |        7 |      0 |    19 |    +0.1% |   -0.871 |     -341.4 |     -146.3 |    445 | aluout[0]
     183* |       0 |      11 |        7 |      0 |    19 |    +0.1% |   -0.865 |     -340.5 |     -149.2 |    445 | aluout[0]
     190* |       2 |      14 |        7 |      0 |    20 |    +0.1% |   -0.871 |     -341.4 |     -145.4 |    445 | aluout[0]
     192* |       0 |      11 |        7 |      0 |    19 |    +0.1% |   -0.865 |     -340.5 |     -149.2 |    445 | aluout[0]
     199* |       0 |      11 |        7 |      0 |    19 |    +0.1% |   -0.865 |     -340.5 |     -149.2 |    445 | aluout[0]
     200* |       0 |      11 |        7 |      0 |    19 |    +0.1% |   -0.865 |     -340.5 |     -149.2 |    445 | aluout[0]
     206* |       0 |      11 |        7 |      0 |    19 |    +0.1% |   -0.865 |     -340.5 |     -149.2 |    445 | aluout[0]
     210* |       2 |      12 |        7 |      0 |    19 |    +0.1% |   -0.871 |     -341.4 |     -146.3 |    445 | aluout[0]
     213* |       0 |      11 |        7 |      0 |    19 |    +0.1% |   -0.865 |     -340.5 |     -149.2 |    445 | aluout[0]
     220* |       2 |      15 |        7 |      0 |    19 |    +0.1% |   -0.871 |     -341.4 |     -143.6 |    445 | aluout[0]
     220* |       0 |      11 |        7 |      0 |    19 |    +0.1% |   -0.865 |     -340.5 |     -149.2 |    445 | aluout[0]
     230* |       0 |      17 |        8 |      0 |    21 |    +0.2% |   -0.875 |     -343.6 |     -149.0 |    445 | aluout[0]
     232* |       0 |      14 |        7 |      0 |    19 |    +0.1% |   -0.865 |     -340.5 |     -147.2 |    445 | aluout[0]
     236* |       0 |      14 |        7 |      0 |    19 |    +0.1% |   -0.865 |     -340.5 |     -147.2 |    445 | aluout[0]
     239* |       0 |      14 |        7 |      0 |    19 |    +0.1% |   -0.865 |     -340.5 |     -147.2 |    445 | aluout[0]
     240* |       0 |      14 |        7 |      0 |    19 |    +0.1% |   -0.865 |     -340.5 |     -147.2 |    445 | aluout[0]
     242* |       0 |      14 |        7 |      0 |    19 |    +0.1% |   -0.865 |     -340.5 |     -147.2 |    445 | aluout[0]
     245* |       0 |      14 |        7 |      0 |    19 |    +0.1% |   -0.865 |     -340.5 |     -147.2 |    445 | aluout[0]
     248* |       0 |      14 |        7 |      0 |    19 |    +0.1% |   -0.865 |     -340.5 |     -147.2 |    445 | aluout[0]
     250* |       0 |      15 |        7 |      0 |    19 |    +0.2% |   -0.878 |     -342.6 |     -146.6 |    445 | aluout[0]
     251* |       0 |      14 |        7 |      0 |    19 |    +0.1% |   -0.865 |     -340.5 |     -147.2 |    445 | aluout[0]
     254* |       0 |      14 |        7 |      0 |    19 |    +0.1% |   -0.865 |     -340.5 |     -147.2 |    445 | aluout[0]
     257* |       0 |      14 |        7 |      0 |    19 |    +0.1% |   -0.865 |     -340.5 |     -147.2 |    445 | aluout[0]
     260* |       0 |      15 |        7 |      0 |    20 |    +0.1% |   -0.865 |     -338.8 |     -147.7 |    445 | aluout[0]
     270* |       4 |      18 |        7 |      0 |    23 |    +0.1% |   -0.877 |     -339.1 |     -138.7 |    445 | aluout[0]
     280* |       7 |      23 |        7 |      0 |    25 |    +0.1% |   -0.877 |     -339.0 |     -127.8 |    445 | aluout[0]
     283* |       0 |      16 |        7 |      0 |    22 |    +0.1% |   -0.865 |     -338.2 |     -146.1 |    445 | aluout[0]
     290* |       4 |      18 |        7 |      0 |    22 |    +0.1% |   -0.877 |     -339.1 |     -138.7 |    445 | aluout[0]
     300* |       8 |      24 |        7 |      0 |    22 |    +0.1% |   -0.877 |     -339.1 |     -126.3 |    445 | aluout[0]
     309* |       0 |      16 |        7 |      0 |    22 |    +0.1% |   -0.865 |     -338.2 |     -146.1 |    445 | aluout[0]
     310* |       0 |      16 |        7 |      0 |    22 |    +0.1% |   -0.865 |     -338.2 |     -146.1 |    445 | aluout[0]
     320* |       6 |      20 |        7 |      0 |    22 |    +0.1% |   -0.877 |     -339.1 |     -133.2 |    445 | aluout[0]
     327* |       0 |      16 |        7 |      0 |    22 |    +0.1% |   -0.865 |     -338.2 |     -146.1 |    445 | aluout[0]
     330* |       1 |      17 |        7 |      0 |    22 |    +0.1% |   -0.877 |     -340.4 |     -144.5 |    445 | aluout[0]
     340* |       7 |      21 |        7 |      0 |    22 |    +0.1% |   -0.877 |     -339.1 |     -131.3 |    445 | aluout[0]
     345* |       0 |      16 |        7 |      0 |    22 |    +0.1% |   -0.865 |     -338.2 |     -146.1 |    445 | aluout[0]
     348* |       0 |      16 |        7 |      0 |    22 |    +0.1% |   -0.865 |     -338.2 |     -146.1 |    445 | aluout[0]
     350* |       0 |      17 |        7 |      0 |    22 |    +0.1% |   -0.878 |     -340.9 |     -145.5 |    445 | aluout[0]
     351* |       0 |      16 |        7 |      0 |    22 |    +0.1% |   -0.865 |     -338.2 |     -146.1 |    445 | aluout[0]
     360* |       5 |      19 |        7 |      0 |    22 |    +0.1% |   -0.877 |     -339.1 |     -135.3 |    445 | aluout[0]
     369* |       0 |      16 |        7 |      0 |    22 |    +0.1% |   -0.865 |     -338.2 |     -146.1 |    445 | aluout[0]
     370* |       0 |      16 |        7 |      0 |    22 |    +0.1% |   -0.865 |     -338.2 |     -146.1 |    445 | aluout[0]
     372* |       0 |      16 |        7 |      0 |    22 |    +0.1% |   -0.865 |     -338.2 |     -146.1 |    445 | aluout[0]
     375* |       0 |      16 |        7 |      0 |    22 |    +0.1% |   -0.865 |     -338.2 |     -146.1 |    445 | aluout[0]
     378* |       0 |      16 |        7 |      0 |    22 |    +0.1% |   -0.865 |     -338.2 |     -146.1 |    445 | aluout[0]
     380* |       0 |      17 |        7 |      0 |    22 |    +0.1% |   -0.878 |     -340.9 |     -145.5 |    445 | aluout[0]
     381* |       0 |      16 |        7 |      0 |    22 |    +0.1% |   -0.865 |     -338.2 |     -146.1 |    445 | aluout[0]
     384* |       0 |      16 |        7 |      0 |    22 |    +0.1% |   -0.865 |     -338.2 |     -146.1 |    445 | aluout[0]
     387* |       0 |      16 |        7 |      0 |    22 |    +0.1% |   -0.865 |     -338.2 |     -146.1 |    445 | aluout[0]
     390* |       1 |      17 |        7 |      0 |    22 |    +0.1% |   -0.878 |     -340.9 |     -141.7 |    445 | aluout[0]
     390* |       0 |      16 |        7 |      0 |    22 |    +0.1% |   -0.865 |     -338.2 |     -146.1 |    445 | aluout[0]
     393* |       0 |      16 |        7 |      0 |    22 |    +0.1% |   -0.865 |     -338.2 |     -146.1 |    445 | aluout[0]
     396* |       0 |      16 |        7 |      0 |    22 |    +0.1% |   -0.865 |     -338.2 |     -146.1 |    445 | aluout[0]
     399* |       0 |      16 |        7 |      0 |    22 |    +0.1% |   -0.865 |     -338.2 |     -146.1 |    445 | aluout[0]
     400* |       0 |      16 |        7 |      0 |    22 |    +0.1% |   -0.865 |     -338.2 |     -146.1 |    445 | aluout[0]
     402* |       0 |      16 |        7 |      0 |    22 |    +0.1% |   -0.865 |     -338.2 |     -146.1 |    445 | aluout[0]
     405* |       0 |      16 |        7 |      0 |    22 |    +0.1% |   -0.865 |     -338.2 |     -146.1 |    445 | aluout[0]
     408* |       0 |      16 |        7 |      0 |    22 |    +0.1% |   -0.865 |     -338.2 |     -146.1 |    445 | aluout[0]
     410* |       0 |      17 |        7 |      0 |    22 |    +0.1% |   -0.878 |     -340.9 |     -145.5 |    445 | aluout[0]
     411* |       0 |      16 |        7 |      0 |    22 |    +0.1% |   -0.865 |     -338.2 |     -146.1 |    445 | aluout[0]
     414* |       0 |      16 |        7 |      0 |    22 |    +0.1% |   -0.865 |     -338.2 |     -146.1 |    445 | aluout[0]
     417* |       0 |      16 |        7 |      0 |    22 |    +0.1% |   -0.865 |     -338.2 |     -146.1 |    445 | aluout[0]
     420* |       1 |      17 |        7 |      0 |    22 |    +0.1% |   -0.877 |     -340.4 |     -144.5 |    445 | aluout[0]
     430* |       7 |      21 |        7 |      0 |    22 |    +0.1% |   -0.877 |     -339.1 |     -131.3 |    445 | aluout[0]
     435* |       0 |      16 |        7 |      0 |    22 |    +0.1% |   -0.865 |     -338.2 |     -146.1 |    445 | aluout[0]
     440* |       2 |      18 |        7 |      0 |    22 |    +0.1% |   -0.877 |     -339.1 |     -141.6 |    445 | aluout[0]
     450* |       7 |      23 |        7 |      0 |    22 |    +0.1% |   -0.877 |     -339.1 |     -127.4 |    445 | aluout[0]
     453* |       0 |      16 |        7 |      0 |    22 |    +0.1% |   -0.865 |     -338.2 |     -146.1 |    445 | aluout[0]
     460* |       4 |      18 |        7 |      0 |    22 |    +0.1% |   -0.877 |     -339.1 |     -138.7 |    445 | aluout[0]
     470* |       8 |      24 |        7 |      0 |    22 |    +0.1% |   -0.877 |     -339.1 |     -126.3 |    445 | aluout[0]
     471* |       0 |      16 |        7 |      0 |    22 |    +0.1% |   -0.865 |     -338.2 |     -146.1 |    445 | aluout[0]
     480* |       0 |      20 |        8 |      0 |    25 |    +0.2% |   -0.866 |     -339.2 |     -147.4 |    445 | aluout[0]
     490* |       0 |      25 |       10 |      0 |    28 |    +0.2% |   -0.873 |     -350.0 |     -152.7 |    445 | aluout[0]
     492* |       0 |      16 |        7 |      0 |    22 |    +0.1% |   -0.865 |     -338.2 |     -146.1 |    445 | aluout[0]
     495* |       0 |      16 |        7 |      0 |    22 |    +0.1% |   -0.865 |     -338.2 |     -146.1 |    445 | aluout[0]
     498* |       0 |      16 |        7 |      0 |    22 |    +0.1% |   -0.865 |     -338.2 |     -146.1 |    445 | aluout[0]
     500* |       0 |      17 |        7 |      0 |    22 |    +0.1% |   -0.878 |     -340.9 |     -145.5 |    445 | aluout[0]
     501* |       0 |      16 |        7 |      0 |    22 |    +0.1% |   -0.865 |     -338.2 |     -146.1 |    445 | aluout[0]
     504* |       0 |      16 |        7 |      0 |    22 |    +0.1% |   -0.865 |     -338.2 |     -146.1 |    445 | aluout[0]
     507* |       0 |      16 |        7 |      0 |    22 |    +0.1% |   -0.865 |     -338.2 |     -146.1 |    445 | aluout[0]
     510* |       1 |      17 |        7 |      0 |    22 |    +0.1% |   -0.878 |     -340.9 |     -141.7 |    445 | aluout[0]
     510* |       0 |      16 |        7 |      0 |    22 |    +0.1% |   -0.865 |     -338.2 |     -146.1 |    445 | aluout[0]
     520* |       8 |      17 |        7 |      0 |    22 |    +0.0% |   -0.877 |     -339.1 |     -138.3 |    445 | aluout[0]
     521* |       0 |      16 |        7 |      0 |    22 |    +0.1% |   -0.865 |     -338.2 |     -146.1 |    445 | aluout[0]
     527* |       0 |      16 |        7 |      0 |    22 |    +0.1% |   -0.865 |     -338.2 |     -146.1 |    445 | aluout[0]
     530* |       1 |      17 |        7 |      0 |    22 |    +0.1% |   -0.871 |     -339.4 |     -144.0 |    445 | aluout[0]
     533* |       0 |      16 |        7 |      0 |    22 |    +0.1% |   -0.865 |     -338.2 |     -146.1 |    445 | aluout[0]
     539* |       0 |      16 |        7 |      0 |    22 |    +0.1% |   -0.865 |     -338.2 |     -146.1 |    445 | aluout[0]
     540* |       0 |      16 |        7 |      0 |    22 |    +0.1% |   -0.865 |     -338.2 |     -146.1 |    445 | aluout[0]
     545* |       0 |      16 |        7 |      0 |    22 |    +0.1% |   -0.865 |     -338.2 |     -146.1 |    445 | aluout[0]
     550* |       1 |      19 |        7 |      0 |    22 |    +0.1% |   -0.871 |     -339.4 |     -142.3 |    445 | aluout[0]
     551* |       0 |      16 |        7 |      0 |    22 |    +0.1% |   -0.865 |     -338.2 |     -146.1 |    445 | aluout[0]
     559* |       0 |      16 |        7 |      0 |    22 |    +0.1% |   -0.865 |     -338.2 |     -146.1 |    445 | aluout[0]
     560* |       0 |      16 |        7 |      0 |    22 |    +0.1% |   -0.865 |     -338.2 |     -146.1 |    445 | aluout[0]
     567* |       0 |      16 |        7 |      0 |    22 |    +0.1% |   -0.865 |     -338.2 |     -146.1 |    445 | aluout[0]
     570* |       0 |      17 |        7 |      1 |    22 |    +0.1% |   -0.865 |     -338.2 |     -146.1 |    445 | aluout[0]
     575* |       0 |      16 |        7 |      0 |    22 |    +0.1% |   -0.865 |     -338.2 |     -146.1 |    445 | aluout[0]
     580* |       1 |      18 |        7 |      1 |    22 |    +0.1% |   -0.871 |     -339.4 |     -144.1 |    445 | aluout[0]
     583* |       0 |      16 |        7 |      0 |    22 |    +0.1% |   -0.865 |     -338.2 |     -146.1 |    445 | aluout[0]
     590* |       1 |      20 |        7 |      1 |    22 |    +0.1% |   -0.871 |     -339.4 |     -142.4 |    445 | aluout[0]
     591* |       0 |      16 |        7 |      0 |    22 |    +0.1% |   -0.865 |     -338.2 |     -146.1 |    445 | aluout[0]
     599* |       0 |      16 |        7 |      0 |    22 |    +0.1% |   -0.865 |     -338.2 |     -146.1 |    445 | aluout[0]
     600* |       0 |      16 |        7 |      0 |    22 |    +0.1% |   -0.865 |     -338.2 |     -146.1 |    445 | aluout[0]
     607* |       0 |      16 |        7 |      0 |    22 |    +0.1% |   -0.865 |     -338.2 |     -146.1 |    445 | aluout[0]
     610* |       0 |      17 |        7 |      1 |    22 |    +0.1% |   -0.865 |     -338.2 |     -146.1 |    445 | aluout[0]
     615* |       0 |      16 |        7 |      0 |    22 |    +0.1% |   -0.865 |     -338.2 |     -146.1 |    445 | aluout[0]
     620* |       1 |      18 |        7 |      1 |    22 |    +0.1% |   -0.871 |     -339.4 |     -144.1 |    445 | aluout[0]
     623* |       0 |      17 |        7 |      1 |    22 |    +0.1% |   -0.865 |     -338.2 |     -146.1 |    445 | aluout[0]
     629* |       0 |      17 |        7 |      1 |    22 |    +0.1% |   -0.865 |     -338.2 |     -146.1 |    445 | aluout[0]
     630* |       0 |      17 |        7 |      1 |    22 |    +0.1% |   -0.865 |     -338.2 |     -146.1 |    445 | aluout[0]
     635* |       0 |      17 |        7 |      1 |    22 |    +0.1% |   -0.865 |     -338.2 |     -146.1 |    445 | aluout[0]
     640* |       1 |      20 |        7 |      1 |    22 |    +0.1% |   -0.871 |     -339.4 |     -142.4 |    445 | aluout[0]
     641* |       0 |      17 |        7 |      1 |    22 |    +0.1% |   -0.865 |     -338.2 |     -146.1 |    445 | aluout[0]
     647* |       0 |      17 |        7 |      1 |    22 |    +0.1% |   -0.865 |     -338.2 |     -146.1 |    445 | aluout[0]
     650* |       1 |      18 |        7 |      1 |    22 |    +0.1% |   -0.871 |     -339.4 |     -144.1 |    445 | aluout[0]
     653* |       0 |      17 |        7 |      1 |    22 |    +0.1% |   -0.865 |     -338.2 |     -146.1 |    445 | aluout[0]
     659* |       0 |      17 |        7 |      1 |    22 |    +0.1% |   -0.865 |     -338.2 |     -146.1 |    445 | aluout[0]
     660* |       0 |      17 |        7 |      1 |    22 |    +0.1% |   -0.865 |     -338.2 |     -146.1 |    445 | aluout[0]
     665* |       0 |      17 |        7 |      1 |    22 |    +0.1% |   -0.865 |     -338.2 |     -146.1 |    445 | aluout[0]
     670* |       1 |      20 |        7 |      1 |    22 |    +0.1% |   -0.871 |     -339.4 |     -142.4 |    445 | aluout[0]
     671* |       0 |      17 |        7 |      1 |    22 |    +0.1% |   -0.865 |     -338.2 |     -146.1 |    445 | aluout[0]
     677* |       0 |      17 |        7 |      1 |    22 |    +0.1% |   -0.865 |     -338.2 |     -146.1 |    445 | aluout[0]
     680* |       1 |      18 |        7 |      1 |    22 |    +0.1% |   -0.871 |     -339.4 |     -144.1 |    445 | aluout[0]
     683* |       0 |      17 |        7 |      1 |    22 |    +0.1% |   -0.865 |     -338.2 |     -146.1 |    445 | aluout[0]
     690* |       4 |      19 |        7 |      1 |    22 |    +0.1% |   -0.877 |     -339.1 |     -138.8 |    445 | aluout[0]
     700* |       8 |      25 |        7 |      1 |    22 |    +0.1% |   -0.877 |     -339.1 |     -126.3 |    445 | aluout[0]
     700* |       0 |      17 |        7 |      1 |    22 |    +0.1% |   -0.865 |     -338.2 |     -146.1 |    445 | aluout[0]
     710* |       5 |      21 |        7 |      1 |    22 |    +0.1% |   -0.877 |     -339.1 |     -134.0 |    445 | aluout[0]
     717* |       0 |      17 |        7 |      1 |    22 |    +0.1% |   -0.865 |     -338.2 |     -146.1 |    445 | aluout[0]
     720* |       1 |      18 |        7 |      1 |    22 |    +0.1% |   -0.877 |     -340.4 |     -144.6 |    445 | aluout[0]
     730* |       7 |      22 |        7 |      1 |    22 |    +0.1% |   -0.877 |     -339.1 |     -131.3 |    445 | aluout[0]
     734* |       0 |      17 |        7 |      1 |    22 |    +0.1% |   -0.865 |     -338.2 |     -146.1 |    445 | aluout[0]
     740* |       3 |      19 |        7 |      1 |    22 |    +0.1% |   -0.877 |     -339.1 |     -139.1 |    445 | aluout[0]
     750* |       7 |      25 |        7 |      1 |    22 |    +0.1% |   -0.877 |     -339.1 |     -126.4 |    445 | aluout[0]
     751* |       0 |      17 |        7 |      1 |    22 |    +0.1% |   -0.865 |     -338.2 |     -146.1 |    445 | aluout[0]
     760* |       5 |      20 |        7 |      1 |    22 |    +0.1% |   -0.877 |     -339.1 |     -135.3 |    445 | aluout[0]
     768* |       0 |      17 |        7 |      1 |    22 |    +0.1% |   -0.865 |     -338.2 |     -146.1 |    445 | aluout[0]
     770* |       0 |      18 |        7 |      1 |    22 |    +0.1% |   -0.865 |     -338.2 |     -145.9 |    445 | aluout[0]
     780* |       5 |      22 |        7 |      2 |    22 |    +0.1% |   -0.877 |     -339.1 |     -134.7 |    445 | aluout[0]
     789* |       0 |      17 |        7 |      1 |    22 |    +0.1% |   -0.865 |     -338.2 |     -146.1 |    445 | aluout[0]
     790* |       0 |      17 |        7 |      1 |    22 |    +0.1% |   -0.865 |     -338.2 |     -146.1 |    445 | aluout[0]
     800* |       6 |      21 |        7 |      1 |    22 |    +0.1% |   -0.877 |     -339.1 |     -133.3 |    445 | aluout[0]
     806* |       0 |      17 |        7 |      1 |    22 |    +0.1% |   -0.865 |     -338.2 |     -146.1 |    445 | aluout[0]
     810* |       1 |      19 |        7 |      1 |    22 |    +0.1% |   -0.877 |     -340.9 |     -144.1 |    445 | aluout[0]
     820* |       7 |      23 |        7 |      1 |    22 |    +0.1% |   -0.877 |     -339.1 |     -130.1 |    445 | aluout[0]
     823* |       0 |      17 |        7 |      1 |    22 |    +0.1% |   -0.865 |     -338.2 |     -146.1 |    445 | aluout[0]
     830* |       2 |      20 |        7 |      2 |    22 |    +0.1% |   -0.877 |     -339.1 |     -142.3 |    445 | aluout[0]
     840* |       7 |      25 |        7 |      2 |    22 |    +0.1% |   -0.877 |     -339.1 |     -128.1 |    445 | aluout[0]
     844* |       0 |      17 |        7 |      1 |    22 |    +0.1% |   -0.865 |     -338.2 |     -146.1 |    445 | aluout[0]
     850* |       1 |      20 |        7 |      2 |    22 |    +0.2% |   -0.877 |     -340.9 |     -144.7 |    445 | aluout[0]
     860* |       7 |      24 |        7 |      2 |    22 |    +0.1% |   -0.877 |     -339.1 |     -130.7 |    445 | aluout[0]
     865* |       0 |      17 |        7 |      1 |    22 |    +0.1% |   -0.865 |     -338.2 |     -146.1 |    445 | aluout[0]
     870* |       1 |      19 |        7 |      2 |    22 |    +0.2% |   -0.877 |     -340.4 |     -145.2 |    445 | aluout[0]
     880* |       7 |      23 |        7 |      2 |    22 |    +0.1% |   -0.877 |     -339.1 |     -132.0 |    445 | aluout[0]
     886* |       0 |      17 |        7 |      1 |    22 |    +0.1% |   -0.865 |     -338.2 |     -146.1 |    445 | aluout[0]
     890* |       0 |      19 |        7 |      2 |    22 |    +0.2% |   -0.877 |     -340.4 |     -148.1 |    445 | aluout[0]
     900* |       6 |      23 |        7 |      2 |    22 |    +0.1% |   -0.877 |     -339.1 |     -132.1 |    445 | aluout[0]
     907* |       0 |      17 |        7 |      1 |    22 |    +0.1% |   -0.865 |     -338.2 |     -146.1 |    445 | aluout[0]
     910* |       0 |      18 |        7 |      2 |    22 |    +0.2% |   -0.865 |     -338.2 |     -146.8 |    445 | aluout[0]
     920* |       6 |      22 |        7 |      2 |    22 |    +0.1% |   -0.877 |     -339.1 |     -133.9 |    445 | aluout[0]
     928* |       0 |      17 |        7 |      1 |    22 |    +0.1% |   -0.865 |     -338.2 |     -146.1 |    445 | aluout[0]
     930* |       0 |      18 |        7 |      1 |    22 |    +0.1% |   -0.865 |     -338.2 |     -145.9 |    445 | aluout[0]
     940* |       5 |      22 |        7 |      2 |    22 |    +0.1% |   -0.877 |     -339.1 |     -134.7 |    445 | aluout[0]
     949* |       0 |      17 |        7 |      1 |    22 |    +0.1% |   -0.865 |     -338.2 |     -146.1 |    445 | aluout[0]
     950* |       0 |      17 |        7 |      1 |    22 |    +0.1% |   -0.865 |     -338.2 |     -146.1 |    445 | aluout[0]
     960* |       5 |      21 |        7 |      2 |    22 |    +0.1% |   -0.877 |     -339.1 |     -136.0 |    445 | aluout[0]
     970* |       8 |      28 |        7 |      2 |    22 |    +0.1% |   -0.877 |     -339.1 |     -126.3 |    445 | aluout[0]
     970* |       0 |      17 |        7 |      1 |    22 |    +0.1% |   -0.865 |     -338.2 |     -146.1 |    445 | aluout[0]
     980* |       4 |      21 |        7 |      2 |    22 |    +0.1% |   -0.877 |     -339.1 |     -137.2 |    445 | aluout[0]
     988* |       0 |      18 |        7 |      2 |    22 |    +0.2% |   -0.865 |     -338.2 |     -146.8 |    445 | aluout[0]
     990* |       0 |      19 |        7 |      2 |    22 |    +0.2% |   -0.877 |     -340.4 |     -148.1 |    445 | aluout[0]
    1000* |       6 |      23 |        7 |      2 |    22 |    +0.1% |   -0.877 |     -339.1 |     -132.1 |    445 | aluout[0]
    1004* |       0 |      18 |        7 |      2 |    22 |    +0.2% |   -0.865 |     -338.2 |     -146.8 |    445 | aluout[0]
    1010* |       3 |      20 |        7 |      2 |    22 |    +0.1% |   -0.877 |     -339.1 |     -139.8 |    445 | aluout[0]
    1020* |       7 |      26 |        7 |      2 |    22 |    +0.1% |   -0.877 |     -339.1 |     -127.0 |    445 | aluout[0]
    1020* |       0 |      18 |        7 |      2 |    22 |    +0.2% |   -0.865 |     -338.2 |     -146.8 |    445 | aluout[0]
    1030* |       5 |      22 |        7 |      2 |    22 |    +0.1% |   -0.877 |     -339.1 |     -134.7 |    445 | aluout[0]
    1036* |       0 |      18 |        7 |      2 |    22 |    +0.2% |   -0.865 |     -338.2 |     -146.8 |    445 | aluout[0]
    1040* |       1 |      20 |        7 |      2 |    22 |    +0.2% |   -0.877 |     -340.9 |     -144.7 |    445 | aluout[0]
    1050* |       7 |      24 |        7 |      2 |    22 |    +0.1% |   -0.877 |     -339.1 |     -130.7 |    445 | aluout[0]
    1052* |       0 |      18 |        7 |      2 |    22 |    +0.2% |   -0.865 |     -338.2 |     -146.8 |    445 | aluout[0]
    1060* |       4 |      21 |        7 |      2 |    22 |    +0.1% |   -0.877 |     -339.1 |     -137.2 |    445 | aluout[0]
    1068* |       0 |      18 |        7 |      2 |    22 |    +0.2% |   -0.865 |     -338.2 |     -146.8 |    445 | aluout[0]
    1070* |       0 |      19 |        7 |      2 |    22 |    +0.2% |   -0.877 |     -340.4 |     -148.1 |    445 | aluout[0]
    1080* |       6 |      23 |        7 |      2 |    22 |    +0.1% |   -0.877 |     -339.1 |     -132.1 |    445 | aluout[0]
    1084* |       0 |      18 |        7 |      2 |    22 |    +0.2% |   -0.865 |     -338.2 |     -146.8 |    445 | aluout[0]
    1090* |       3 |      20 |        7 |      2 |    22 |    +0.1% |   -0.877 |     -339.1 |     -139.8 |    445 | aluout[0]
    1100* |       7 |      26 |        7 |      2 |    22 |    +0.1% |   -0.877 |     -339.1 |     -127.0 |    445 | aluout[0]
    1100* |       0 |      18 |        7 |      2 |    22 |    +0.2% |   -0.865 |     -338.2 |     -146.8 |    445 | aluout[0]
    1103* |       0 |      18 |        8 |      2 |    22 |    +0.2% |   -0.865 |     -338.2 |     -146.8 |    445 | aluout[0]
    1110* |       4 |      20 |        8 |      2 |    22 |    +0.1% |   -0.877 |     -339.1 |     -139.4 |    445 | aluout[0]
    1120* |       8 |      26 |        8 |      2 |    22 |    +0.1% |   -0.877 |     -339.1 |     -126.9 |    445 | aluout[0]
    1121* |       0 |      18 |        8 |      2 |    22 |    +0.2% |   -0.865 |     -338.2 |     -146.8 |    445 | aluout[0]
    1130* |       0 |      23 |        9 |      2 |    24 |    +0.2% |   -0.866 |     -323.1 |     -147.1 |    445 | aluout[0]
    1140* |       0 |      28 |       14 |      2 |    24 |    +0.3% |   -0.866 |     -317.5 |     -146.6 |    445 | aluout[0]
    1150* |       0 |      36 |       15 |      2 |    25 |    +0.4% |   -0.866 |     -303.7 |     -142.9 |    445 | aluout[0]
    1160* |       3 |      39 |       19 |      2 |    25 |    +0.4% |   -0.866 |     -332.4 |     -152.4 |    445 | aluout[0]
    1170* |       8 |      39 |       24 |      2 |    25 |    +0.4% |   -0.866 |     -332.4 |     -152.4 |    445 | aluout[0]
    1172* |       0 |      18 |        8 |      2 |    22 |    +0.2% |   -0.865 |     -338.2 |     -146.8 |    445 | aluout[0]
    1180* |       0 |      22 |        9 |      4 |    22 |    +0.3% |   -0.866 |     -338.7 |     -155.0 |    445 | aluout[0]
    1186* |       0 |      18 |        8 |      2 |    22 |    +0.2% |   -0.865 |     -338.2 |     -146.8 |    445 | aluout[0]
    1190* |       0 |      19 |        8 |      4 |    22 |    +0.3% |   -0.865 |     -338.2 |     -152.4 |    445 | aluout[0]
    1200* |       2 |      26 |        9 |      4 |    22 |    +0.3% |   -0.871 |     -339.9 |     -147.9 |    445 | aluout[0]
    1200* |       0 |      18 |        8 |      2 |    22 |    +0.2% |   -0.865 |     -338.2 |     -146.8 |    445 | aluout[0]
    1210* |       0 |      24 |        9 |      4 |    22 |    +0.3% |   -0.871 |     -339.9 |     -153.4 |    445 | aluout[0]
    1214* |       0 |      18 |        8 |      2 |    22 |    +0.2% |   -0.865 |     -338.2 |     -146.8 |    445 | aluout[0]
    1220* |       0 |      20 |        9 |      4 |    22 |    +0.3% |   -0.865 |     -338.2 |     -155.5 |    445 | aluout[0]
    1228* |       0 |      18 |        8 |      2 |    22 |    +0.2% |   -0.865 |     -338.2 |     -146.8 |    445 | aluout[0]
    1230* |       0 |      18 |        8 |      3 |    22 |    +0.2% |   -0.865 |     -338.2 |     -154.3 |    445 | aluout[0]
    1240* |       0 |      26 |        9 |      4 |    22 |    +0.3% |   -0.871 |     -339.9 |     -152.9 |    445 | aluout[0]
    1242* |       0 |      18 |        8 |      2 |    22 |    +0.2% |   -0.865 |     -338.2 |     -146.8 |    445 | aluout[0]
    1250* |       0 |      22 |        9 |      4 |    22 |    +0.3% |   -0.866 |     -338.7 |     -154.6 |    445 | aluout[0]
    1256* |       0 |      18 |        8 |      2 |    22 |    +0.2% |   -0.865 |     -338.2 |     -146.8 |    445 | aluout[0]
    1260* |       0 |      19 |        8 |      4 |    22 |    +0.3% |   -0.865 |     -338.2 |     -152.4 |    445 | aluout[0]
    1270* |       2 |      26 |        9 |      4 |    22 |    +0.3% |   -0.871 |     -339.9 |     -147.9 |    445 | aluout[0]
    1270* |       0 |      18 |        8 |      2 |    22 |    +0.2% |   -0.865 |     -338.2 |     -146.8 |    445 | aluout[0]
    1280* |       0 |      24 |        9 |      4 |    22 |    +0.3% |   -0.871 |     -339.9 |     -153.4 |    445 | aluout[0]
    1284* |       0 |      18 |        8 |      2 |    22 |    +0.2% |   -0.865 |     -338.2 |     -146.8 |    445 | aluout[0]
    1290* |       0 |      20 |        9 |      4 |    22 |    +0.3% |   -0.865 |     -338.2 |     -155.5 |    445 | aluout[0]
    1298* |       0 |      18 |        8 |      2 |    22 |    +0.2% |   -0.865 |     -338.2 |     -146.8 |    445 | aluout[0]
    1300* |       0 |      18 |        8 |      3 |    22 |    +0.2% |   -0.865 |     -338.2 |     -154.3 |    445 | aluout[0]
    1300* |       0 |      18 |        8 |      2 |    22 |    +0.2% |   -0.865 |     -338.2 |     -146.8 |    445 | aluout[0]
    1300* |       0 |      18 |        8 |      2 |    22 |    +0.2% |   -0.865 |     -338.2 |     -146.8 |    445 | aluout[0]
    1300+ |       0 |      18 |        8 |      2 |    22 |    +0.2% |   -0.865 |     -338.2 |     -146.8 |    447 | aluout[0]
    1301+ |       0 |      18 |        8 |      2 |    22 |    +0.2% |   -0.865 |     -338.2 |     -146.8 |    447 | aluout[0]
    1302+ |       0 |      18 |        8 |      2 |    22 |    +0.2% |   -0.865 |     -338.2 |     -146.8 |    447 | aluout[0]
    1303+ |       0 |      18 |        8 |      2 |    22 |    +0.2% |   -0.865 |     -338.2 |     -146.8 |    447 | aluout[0]
    1304+ |       0 |      18 |        8 |      2 |    22 |    +0.2% |   -0.865 |     -338.2 |     -146.8 |    447 | aluout[0]
    1305+ |       0 |      18 |        8 |      2 |    22 |    +0.2% |   -0.865 |     -338.2 |     -146.8 |    447 | aluout[0]
    1306+ |       0 |      18 |        8 |      2 |    22 |    +0.2% |   -0.865 |     -338.2 |     -146.8 |    447 | aluout[0]
    1307+ |       0 |      18 |        8 |      2 |    22 |    +0.2% |   -0.865 |     -338.2 |     -146.8 |    447 | aluout[0]
    1308+ |       0 |      18 |        8 |      2 |    22 |    +0.2% |   -0.865 |     -338.2 |     -146.8 |    447 | aluout[0]
    1309+ |       0 |      18 |        8 |      2 |    22 |    +0.2% |   -0.865 |     -338.2 |     -146.8 |    447 | aluout[0]
    1310+ |       0 |      18 |        8 |      2 |    22 |    +0.2% |   -0.865 |     -338.2 |     -146.8 |    447 | aluout[0]
    1310+ |       0 |      18 |        8 |      2 |    22 |    +0.2% |   -0.865 |     -338.2 |     -146.8 |    447 | aluout[0]
    1311+ |       0 |      18 |        8 |      2 |    22 |    +0.2% |   -0.865 |     -338.2 |     -146.8 |    447 | aluout[0]
    1312+ |       0 |      18 |        8 |      2 |    22 |    +0.2% |   -0.865 |     -338.2 |     -146.8 |    447 | aluout[0]
    1313+ |       0 |      18 |        8 |      2 |    22 |    +0.2% |   -0.865 |     -338.2 |     -146.8 |    447 | aluout[0]
    1314+ |       0 |      18 |        8 |      2 |    22 |    +0.2% |   -0.865 |     -338.2 |     -146.8 |    447 | aluout[0]
    1315+ |       0 |      18 |        8 |      2 |    22 |    +0.2% |   -0.865 |     -338.2 |     -146.8 |    447 | aluout[0]
    1316+ |       0 |      18 |        8 |      2 |    22 |    +0.2% |   -0.865 |     -338.2 |     -146.8 |    447 | aluout[0]
    1317+ |       0 |      18 |        8 |      2 |    22 |    +0.2% |   -0.865 |     -338.2 |     -146.8 |    447 | aluout[0]
    1318+ |       0 |      18 |        8 |      2 |    22 |    +0.2% |   -0.865 |     -338.2 |     -146.8 |    447 | aluout[0]
    1319+ |       0 |      18 |        8 |      2 |    22 |    +0.2% |   -0.865 |     -338.2 |     -146.8 |    447 | aluout[0]
    1320+ |       0 |      18 |        8 |      2 |    22 |    +0.2% |   -0.865 |     -338.2 |     -146.8 |    447 | aluout[0]
    1320+ |       0 |      18 |        8 |      2 |    22 |    +0.2% |   -0.865 |     -338.2 |     -146.8 |    447 | aluout[0]
    1321+ |       0 |      18 |        8 |      2 |    22 |    +0.2% |   -0.865 |     -338.2 |     -146.8 |    447 | aluout[0]
    1322+ |       0 |      18 |        8 |      2 |    22 |    +0.2% |   -0.865 |     -338.2 |     -146.8 |    447 | aluout[0]
    1323+ |       0 |      18 |        8 |      2 |    22 |    +0.2% |   -0.865 |     -338.2 |     -146.8 |    447 | aluout[0]
    1324+ |       0 |      18 |        8 |      2 |    22 |    +0.2% |   -0.865 |     -338.2 |     -146.8 |    447 | aluout[0]
    1325+ |       0 |      18 |        8 |      2 |    22 |    +0.2% |   -0.865 |     -338.2 |     -146.8 |    447 | aluout[0]
    1326+ |       0 |      18 |        8 |      2 |    22 |    +0.2% |   -0.865 |     -338.2 |     -146.8 |    447 | aluout[0]
    1327+ |       0 |      18 |        8 |      2 |    22 |    +0.2% |   -0.865 |     -338.2 |     -146.8 |    447 | aluout[0]
    1328+ |       0 |      18 |        8 |      2 |    22 |    +0.2% |   -0.865 |     -338.2 |     -146.8 |    447 | aluout[0]
    1329+ |       0 |      18 |        8 |      2 |    22 |    +0.2% |   -0.865 |     -338.2 |     -146.8 |    447 | aluout[0]
    1330+ |       0 |      18 |        8 |      2 |    22 |    +0.2% |   -0.865 |     -338.2 |     -146.8 |    447 | aluout[0]
    1330+ |       0 |      18 |        8 |      2 |    22 |    +0.2% |   -0.865 |     -338.2 |     -146.8 |    447 | aluout[0]
    1331+ |       0 |      18 |        8 |      2 |    22 |    +0.2% |   -0.865 |     -338.2 |     -146.8 |    447 | aluout[0]
    1332+ |       0 |      18 |        8 |      2 |    22 |    +0.2% |   -0.865 |     -338.2 |     -146.8 |    447 | aluout[0]
    1333+ |       0 |      18 |        8 |      2 |    22 |    +0.2% |   -0.865 |     -338.2 |     -146.8 |    447 | aluout[0]
    1334+ |       0 |      18 |        8 |      2 |    22 |    +0.2% |   -0.865 |     -338.2 |     -146.8 |    447 | aluout[0]
    1335+ |       0 |      18 |        8 |      2 |    22 |    +0.2% |   -0.865 |     -338.2 |     -146.8 |    447 | aluout[0]
    1336+ |       0 |      18 |        8 |      2 |    22 |    +0.2% |   -0.865 |     -338.2 |     -146.8 |    447 | aluout[0]
    1337+ |       0 |      18 |        8 |      2 |    22 |    +0.2% |   -0.865 |     -338.2 |     -146.8 |    447 | aluout[0]
    1338+ |       0 |      18 |        8 |      2 |    22 |    +0.2% |   -0.865 |     -338.2 |     -146.8 |    447 | aluout[0]
    1339+ |       0 |      18 |        8 |      2 |    22 |    +0.2% |   -0.865 |     -338.2 |     -146.8 |    447 | aluout[0]
    1340+ |       0 |      18 |        8 |      2 |    22 |    +0.2% |   -0.865 |     -338.2 |     -146.8 |    447 | aluout[0]
    1340+ |       0 |      18 |        8 |      2 |    22 |    +0.2% |   -0.865 |     -338.2 |     -146.8 |    447 | aluout[0]
    1341+ |       0 |      18 |        8 |      2 |    22 |    +0.2% |   -0.865 |     -338.2 |     -146.8 |    447 | aluout[0]
    1342+ |       0 |      18 |        8 |      2 |    22 |    +0.2% |   -0.865 |     -338.2 |     -146.8 |    447 | aluout[0]
    1343+ |       0 |      18 |        8 |      2 |    22 |    +0.2% |   -0.865 |     -338.2 |     -146.8 |    447 | aluout[0]
    1344+ |       0 |      18 |        8 |      2 |    22 |    +0.2% |   -0.865 |     -338.2 |     -146.8 |    447 | aluout[0]
    1345+ |       0 |      18 |        8 |      2 |    22 |    +0.2% |   -0.865 |     -338.2 |     -146.8 |    447 | aluout[0]
    1346+ |       0 |      18 |        8 |      2 |    22 |    +0.2% |   -0.865 |     -338.2 |     -146.8 |    447 | aluout[0]
    1347+ |       0 |      18 |        8 |      2 |    22 |    +0.2% |   -0.865 |     -338.2 |     -146.8 |    447 | aluout[0]
    1348+ |       0 |      18 |        8 |      2 |    22 |    +0.2% |   -0.865 |     -338.2 |     -146.8 |    447 | aluout[0]
    1349+ |       0 |      18 |        8 |      2 |    22 |    +0.2% |   -0.865 |     -338.2 |     -146.8 |    447 | aluout[0]
    1350+ |       0 |      18 |        8 |      2 |    22 |    +0.2% |   -0.865 |     -338.2 |     -146.8 |    447 | aluout[0]
    1350+ |       0 |      18 |        8 |      2 |    22 |    +0.2% |   -0.865 |     -338.2 |     -146.8 |    447 | aluout[0]
    1351+ |       0 |      18 |        8 |      2 |    22 |    +0.2% |   -0.865 |     -338.2 |     -146.8 |    447 | aluout[0]
    1352+ |       0 |      18 |        8 |      2 |    22 |    +0.2% |   -0.865 |     -338.2 |     -146.8 |    447 | aluout[0]
    1353+ |       0 |      18 |        8 |      2 |    22 |    +0.2% |   -0.865 |     -338.2 |     -146.8 |    447 | aluout[0]
    1354+ |       0 |      18 |        8 |      2 |    22 |    +0.2% |   -0.865 |     -338.2 |     -146.8 |    447 | aluout[0]
    1355+ |       0 |      18 |        8 |      2 |    22 |    +0.2% |   -0.865 |     -338.2 |     -146.8 |    447 | aluout[0]
    1356+ |       0 |      18 |        8 |      2 |    22 |    +0.2% |   -0.865 |     -338.2 |     -146.8 |    447 | aluout[0]
    1357+ |       0 |      18 |        8 |      2 |    22 |    +0.2% |   -0.865 |     -338.2 |     -146.8 |    447 | aluout[0]
    1358+ |       0 |      18 |        8 |      2 |    22 |    +0.2% |   -0.865 |     -338.2 |     -146.8 |    447 | aluout[0]
    1359+ |       0 |      18 |        8 |      2 |    22 |    +0.2% |   -0.865 |     -338.2 |     -146.8 |    447 | aluout[0]
    1360+ |       0 |      18 |        8 |      2 |    22 |    +0.2% |   -0.865 |     -338.2 |     -146.8 |    447 | aluout[0]
    1360+ |       0 |      18 |        8 |      2 |    22 |    +0.2% |   -0.865 |     -338.2 |     -146.8 |    447 | aluout[0]
    1361+ |       0 |      18 |        8 |      2 |    22 |    +0.2% |   -0.865 |     -338.2 |     -146.8 |    447 | aluout[0]
    1362+ |       0 |      18 |        8 |      2 |    22 |    +0.2% |   -0.865 |     -338.2 |     -146.8 |    447 | aluout[0]
    1363+ |       0 |      18 |        8 |      2 |    22 |    +0.2% |   -0.865 |     -338.2 |     -146.8 |    447 | aluout[0]
    1364+ |       0 |      18 |        8 |      2 |    22 |    +0.2% |   -0.865 |     -338.2 |     -146.8 |    447 | aluout[0]
    1365+ |       0 |      18 |        8 |      2 |    22 |    +0.2% |   -0.865 |     -338.2 |     -146.8 |    447 | aluout[0]
    1366+ |       0 |      18 |        8 |      2 |    22 |    +0.2% |   -0.865 |     -338.2 |     -146.8 |    447 | aluout[0]
    1367+ |       0 |      18 |        8 |      2 |    22 |    +0.2% |   -0.865 |     -338.2 |     -146.8 |    447 | aluout[0]
    1368+ |       0 |      18 |        8 |      2 |    22 |    +0.2% |   -0.865 |     -338.2 |     -146.8 |    447 | aluout[0]
    1369+ |       0 |      18 |        8 |      2 |    22 |    +0.2% |   -0.865 |     -338.2 |     -146.8 |    447 | aluout[0]
    1370+ |       0 |      18 |        8 |      2 |    22 |    +0.2% |   -0.865 |     -338.2 |     -146.8 |    447 | aluout[0]
    1370+ |       0 |      18 |        8 |      2 |    22 |    +0.2% |   -0.865 |     -338.2 |     -146.8 |    447 | aluout[0]
    1371+ |       0 |      18 |        8 |      2 |    22 |    +0.2% |   -0.865 |     -338.2 |     -146.8 |    447 | aluout[0]
    1372+ |       0 |      18 |        8 |      2 |    22 |    +0.2% |   -0.865 |     -338.2 |     -146.8 |    447 | aluout[0]
    1373+ |       0 |      18 |        8 |      2 |    22 |    +0.2% |   -0.865 |     -338.2 |     -146.8 |    447 | aluout[0]
    1374+ |       0 |      18 |        8 |      2 |    22 |    +0.2% |   -0.865 |     -338.2 |     -146.8 |    447 | aluout[0]
    1375+ |       0 |      18 |        8 |      2 |    22 |    +0.2% |   -0.865 |     -338.2 |     -146.8 |    447 | aluout[0]
    1376+ |       0 |      18 |        8 |      2 |    22 |    +0.2% |   -0.865 |     -338.2 |     -146.8 |    447 | aluout[0]
    1377+ |       0 |      18 |        8 |      2 |    22 |    +0.2% |   -0.865 |     -338.2 |     -146.8 |    447 | aluout[0]
    1378+ |       0 |      18 |        8 |      2 |    22 |    +0.2% |   -0.865 |     -338.2 |     -146.8 |    447 | aluout[0]
    1379+ |       0 |      18 |        8 |      2 |    22 |    +0.2% |   -0.865 |     -338.2 |     -146.8 |    447 | aluout[0]
    1380+ |       0 |      18 |        8 |      2 |    22 |    +0.2% |   -0.865 |     -338.2 |     -146.8 |    447 | aluout[0]
    1380+ |       0 |      18 |        8 |      2 |    22 |    +0.2% |   -0.865 |     -338.2 |     -146.8 |    447 | aluout[0]
    1381+ |       0 |      18 |        8 |      2 |    22 |    +0.2% |   -0.865 |     -338.2 |     -146.8 |    447 | aluout[0]
    1382+ |       0 |      18 |        8 |      2 |    22 |    +0.2% |   -0.865 |     -338.2 |     -146.8 |    447 | aluout[0]
    1383+ |       0 |      18 |        8 |      2 |    22 |    +0.2% |   -0.865 |     -338.2 |     -146.8 |    447 | aluout[0]
    1384+ |       0 |      18 |        8 |      2 |    22 |    +0.2% |   -0.865 |     -338.2 |     -146.8 |    447 | aluout[0]
    1385+ |       0 |      18 |        8 |      2 |    22 |    +0.2% |   -0.865 |     -338.2 |     -146.8 |    447 | aluout[0]
    1386+ |       0 |      18 |        8 |      2 |    22 |    +0.2% |   -0.865 |     -338.2 |     -146.8 |    447 | aluout[0]
    1387+ |       0 |      18 |        8 |      2 |    22 |    +0.2% |   -0.865 |     -338.2 |     -146.8 |    447 | aluout[0]
    1388+ |       0 |      18 |        8 |      2 |    22 |    +0.2% |   -0.865 |     -338.2 |     -146.8 |    447 | aluout[0]
    1389+ |       0 |      18 |        8 |      2 |    22 |    +0.2% |   -0.865 |     -338.2 |     -146.8 |    447 | aluout[0]
    1390+ |       0 |      18 |        8 |      2 |    22 |    +0.2% |   -0.865 |     -338.2 |     -146.8 |    447 | aluout[0]
    1390+ |       0 |      18 |        8 |      2 |    22 |    +0.2% |   -0.865 |     -338.2 |     -146.8 |    447 | aluout[0]
    1391+ |       0 |      18 |        8 |      2 |    22 |    +0.2% |   -0.865 |     -338.2 |     -146.8 |    447 | aluout[0]
    1392+ |       0 |      18 |        8 |      2 |    22 |    +0.2% |   -0.865 |     -338.2 |     -146.8 |    447 | aluout[0]
    1393+ |       0 |      18 |        8 |      2 |    22 |    +0.2% |   -0.865 |     -338.2 |     -146.8 |    447 | aluout[0]
    1394+ |       0 |      18 |        8 |      2 |    22 |    +0.2% |   -0.865 |     -338.2 |     -146.8 |    447 | aluout[0]
    1395+ |       0 |      18 |        8 |      2 |    22 |    +0.2% |   -0.865 |     -338.2 |     -146.8 |    447 | aluout[0]
    1396+ |       0 |      18 |        8 |      2 |    22 |    +0.2% |   -0.865 |     -338.2 |     -146.8 |    447 | aluout[0]
    1397+ |       0 |      18 |        8 |      2 |    22 |    +0.2% |   -0.865 |     -338.2 |     -146.8 |    447 | aluout[0]
    1398+ |       0 |      18 |        8 |      2 |    22 |    +0.2% |   -0.865 |     -338.2 |     -146.8 |    447 | aluout[0]
    1399+ |       0 |      18 |        8 |      2 |    22 |    +0.2% |   -0.865 |     -338.2 |     -146.8 |    447 | aluout[0]
    1400+ |       0 |      18 |        8 |      2 |    22 |    +0.2% |   -0.865 |     -338.2 |     -146.8 |    447 | aluout[0]
    1401+ |       0 |      18 |        8 |      2 |    22 |    +0.2% |   -0.865 |     -338.2 |     -146.8 |    447 | aluout[0]
    1402+ |       0 |      18 |        8 |      2 |    22 |    +0.2% |   -0.865 |     -338.2 |     -146.8 |    447 | aluout[0]
    1403+ |       0 |      18 |        8 |      2 |    22 |    +0.2% |   -0.865 |     -338.2 |     -146.8 |    447 | aluout[0]
    1407+ |       0 |      19 |        8 |      2 |    24 |    +0.2% |   -0.865 |     -338.2 |     -143.8 |    447 | aluout[0]
    1409+ |       0 |      19 |        8 |      2 |    25 |    +0.2% |   -0.865 |     -338.2 |     -143.5 |    447 | aluout[0]
    1410+ |       0 |      19 |        8 |      2 |    25 |    +0.2% |   -0.865 |     -338.2 |     -143.5 |    447 | aluout[0]
    1410+ |       0 |      19 |        8 |      2 |    25 |    +0.2% |   -0.865 |     -338.2 |     -143.5 |    447 | aluout[0]
    1412+ |       0 |      20 |        8 |      2 |    25 |    +0.2% |   -0.865 |     -338.1 |     -140.9 |    447 | aluout[0]
    1413+ |       0 |      20 |        8 |      2 |    25 |    +0.2% |   -0.865 |     -338.1 |     -140.9 |    447 | aluout[0]
    1414+ |       0 |      20 |        8 |      2 |    25 |    +0.2% |   -0.865 |     -338.1 |     -140.9 |    447 | aluout[0]
    1415+ |       0 |      20 |        8 |      2 |    25 |    +0.2% |   -0.865 |     -338.1 |     -140.9 |    447 | aluout[0]
    1416+ |       0 |      20 |        8 |      2 |    25 |    +0.2% |   -0.865 |     -338.1 |     -140.9 |    447 | aluout[0]
    1418+ |       0 |      20 |        8 |      2 |    26 |    +0.2% |   -0.865 |     -338.1 |     -140.4 |    447 | aluout[0]
    1419+ |       0 |      20 |        8 |      2 |    26 |    +0.2% |   -0.865 |     -338.1 |     -140.4 |    447 | aluout[0]
    1420+ |       0 |      20 |        8 |      2 |    26 |    +0.2% |   -0.865 |     -338.1 |     -140.4 |    447 | aluout[0]
    1420+ |       0 |      20 |        8 |      2 |    26 |    +0.2% |   -0.865 |     -338.1 |     -140.4 |    447 | aluout[0]
    1421+ |       0 |      20 |        8 |      2 |    26 |    +0.2% |   -0.865 |     -338.1 |     -140.4 |    447 | aluout[0]
    1422+ |       0 |      20 |        8 |      2 |    26 |    +0.2% |   -0.865 |     -338.1 |     -140.4 |    447 | aluout[0]
    1423+ |       0 |      20 |        8 |      2 |    26 |    +0.2% |   -0.865 |     -338.1 |     -140.4 |    447 | aluout[0]
    1424+ |       0 |      20 |        8 |      2 |    26 |    +0.2% |   -0.865 |     -338.1 |     -140.4 |    447 | aluout[0]
    1425+ |       0 |      20 |        8 |      2 |    26 |    +0.2% |   -0.865 |     -338.1 |     -140.4 |    447 | aluout[0]
    1426+ |       0 |      20 |        8 |      2 |    26 |    +0.2% |   -0.865 |     -338.1 |     -140.4 |    447 | aluout[0]
    1427+ |       0 |      20 |        8 |      2 |    26 |    +0.2% |   -0.865 |     -338.1 |     -140.4 |    447 | aluout[0]
    1428+ |       0 |      20 |        8 |      2 |    26 |    +0.2% |   -0.865 |     -338.1 |     -140.4 |    447 | aluout[0]
    1429+ |       0 |      20 |        8 |      2 |    26 |    +0.2% |   -0.865 |     -338.1 |     -140.4 |    447 | aluout[0]
    1430+ |       0 |      20 |        8 |      2 |    26 |    +0.2% |   -0.865 |     -338.1 |     -140.4 |    447 | aluout[0]
    1430+ |       0 |      20 |        8 |      2 |    26 |    +0.2% |   -0.865 |     -338.1 |     -140.4 |    447 | aluout[0]
    1431+ |       0 |      20 |        8 |      2 |    26 |    +0.2% |   -0.865 |     -338.1 |     -140.4 |    447 | aluout[0]
    1432+ |       0 |      20 |        8 |      2 |    26 |    +0.2% |   -0.865 |     -338.1 |     -140.4 |    447 | aluout[0]
    1433+ |       0 |      20 |        8 |      2 |    26 |    +0.2% |   -0.865 |     -338.1 |     -140.4 |    447 | aluout[0]
    1434+ |       0 |      20 |        8 |      2 |    26 |    +0.2% |   -0.865 |     -338.1 |     -140.4 |    447 | aluout[0]
    1435+ |       0 |      20 |        8 |      2 |    26 |    +0.2% |   -0.865 |     -338.1 |     -140.4 |    447 | aluout[0]
    1436+ |       0 |      20 |        8 |      2 |    26 |    +0.2% |   -0.865 |     -338.1 |     -140.4 |    447 | aluout[0]
    1437+ |       0 |      20 |        8 |      2 |    26 |    +0.2% |   -0.865 |     -338.1 |     -140.4 |    447 | aluout[0]
    1438+ |       0 |      20 |        8 |      2 |    26 |    +0.2% |   -0.865 |     -338.1 |     -140.4 |    447 | aluout[0]
    1439+ |       0 |      20 |        8 |      2 |    26 |    +0.2% |   -0.865 |     -338.1 |     -140.4 |    447 | aluout[0]
    1440+ |       0 |      20 |        8 |      2 |    26 |    +0.2% |   -0.865 |     -338.1 |     -140.4 |    447 | aluout[0]
    1440+ |       0 |      20 |        8 |      2 |    26 |    +0.2% |   -0.865 |     -338.1 |     -140.4 |    447 | aluout[0]
    1441+ |       0 |      20 |        8 |      2 |    26 |    +0.2% |   -0.865 |     -338.1 |     -140.4 |    447 | aluout[0]
    1442+ |       0 |      20 |        8 |      2 |    26 |    +0.2% |   -0.865 |     -338.1 |     -140.4 |    447 | aluout[0]
    1443+ |       0 |      20 |        8 |      2 |    26 |    +0.2% |   -0.865 |     -338.1 |     -140.4 |    447 | aluout[0]
    1444+ |       0 |      20 |        8 |      2 |    26 |    +0.2% |   -0.865 |     -338.1 |     -140.4 |    447 | aluout[0]
    1445+ |       0 |      20 |        8 |      2 |    26 |    +0.2% |   -0.865 |     -338.1 |     -140.4 |    447 | aluout[0]
    1448+ |       0 |      22 |        8 |      2 |    26 |    +0.2% |   -0.865 |     -338.1 |     -139.3 |    447 | aluout[0]
    1449+ |       0 |      22 |        8 |      2 |    26 |    +0.2% |   -0.865 |     -338.1 |     -139.3 |    447 | aluout[0]
    1450+ |       0 |      22 |        8 |      2 |    26 |    +0.2% |   -0.865 |     -338.1 |     -139.3 |    447 | aluout[0]
    1450+ |       0 |      22 |        8 |      2 |    26 |    +0.2% |   -0.865 |     -338.1 |     -139.3 |    447 | aluout[0]
    1451+ |       0 |      22 |        8 |      2 |    26 |    +0.2% |   -0.865 |     -338.1 |     -139.3 |    447 | aluout[0]
    1452+ |       0 |      22 |        8 |      2 |    26 |    +0.2% |   -0.865 |     -338.1 |     -139.3 |    447 | aluout[0]
    1453+ |       0 |      22 |        8 |      2 |    26 |    +0.2% |   -0.865 |     -338.1 |     -139.3 |    447 | aluout[0]
    1454+ |       0 |      22 |        8 |      2 |    26 |    +0.2% |   -0.865 |     -338.1 |     -139.3 |    447 | aluout[0]
    1455+ |       0 |      22 |        8 |      2 |    26 |    +0.2% |   -0.865 |     -338.1 |     -139.3 |    447 | aluout[0]
    1456+ |       0 |      22 |        8 |      2 |    26 |    +0.2% |   -0.865 |     -338.1 |     -139.3 |    447 | aluout[0]
    1457+ |       0 |      22 |        8 |      2 |    26 |    +0.2% |   -0.865 |     -338.1 |     -139.3 |    447 | aluout[0]
    1458+ |       0 |      22 |        8 |      2 |    26 |    +0.2% |   -0.865 |     -338.1 |     -139.3 |    447 | aluout[0]
    1459+ |       0 |      22 |        8 |      2 |    26 |    +0.2% |   -0.865 |     -338.1 |     -139.3 |    447 | aluout[0]
    1460+ |       0 |      22 |        8 |      2 |    26 |    +0.2% |   -0.865 |     -338.1 |     -139.3 |    447 | aluout[0]
    1460+ |       0 |      22 |        8 |      2 |    26 |    +0.2% |   -0.865 |     -338.1 |     -139.3 |    447 | aluout[0]
    1461+ |       0 |      22 |        8 |      2 |    26 |    +0.2% |   -0.865 |     -338.1 |     -139.3 |    447 | aluout[0]
    1462+ |       0 |      22 |        8 |      2 |    26 |    +0.2% |   -0.865 |     -338.1 |     -139.3 |    447 | aluout[0]
    1463+ |       0 |      22 |        8 |      2 |    26 |    +0.2% |   -0.865 |     -338.1 |     -139.3 |    447 | aluout[0]
    1464+ |       0 |      22 |        8 |      2 |    26 |    +0.2% |   -0.865 |     -338.1 |     -139.3 |    447 | aluout[0]
    1465+ |       0 |      22 |        8 |      2 |    26 |    +0.2% |   -0.865 |     -338.1 |     -139.3 |    447 | aluout[0]
    1466+ |       0 |      22 |        8 |      2 |    26 |    +0.2% |   -0.865 |     -338.1 |     -139.3 |    447 | aluout[0]
    1467+ |       0 |      22 |        8 |      2 |    26 |    +0.2% |   -0.865 |     -338.1 |     -139.3 |    447 | aluout[0]
    1468+ |       0 |      22 |        8 |      2 |    26 |    +0.2% |   -0.865 |     -338.1 |     -139.3 |    447 | aluout[0]
    1469+ |       0 |      22 |        8 |      2 |    26 |    +0.2% |   -0.865 |     -338.1 |     -139.3 |    447 | aluout[0]
    1470+ |       0 |      22 |        8 |      2 |    26 |    +0.2% |   -0.865 |     -338.1 |     -139.3 |    447 | aluout[0]
    1470+ |       0 |      22 |        8 |      2 |    26 |    +0.2% |   -0.865 |     -338.1 |     -139.3 |    447 | aluout[0]
    1471+ |       0 |      22 |        8 |      2 |    26 |    +0.2% |   -0.865 |     -338.1 |     -139.3 |    447 | aluout[0]
    1472+ |       0 |      22 |        8 |      2 |    26 |    +0.2% |   -0.865 |     -338.1 |     -139.3 |    447 | aluout[0]
    1473+ |       0 |      22 |        8 |      2 |    26 |    +0.2% |   -0.865 |     -338.1 |     -139.3 |    447 | aluout[0]
    1474+ |       0 |      22 |        8 |      2 |    26 |    +0.2% |   -0.865 |     -338.1 |     -139.3 |    447 | aluout[0]
    1475+ |       0 |      22 |        8 |      2 |    26 |    +0.2% |   -0.865 |     -338.1 |     -139.3 |    447 | aluout[0]
    1476+ |       0 |      22 |        8 |      2 |    26 |    +0.2% |   -0.865 |     -338.1 |     -139.3 |    447 | aluout[0]
    1477+ |       0 |      22 |        8 |      2 |    26 |    +0.2% |   -0.865 |     -338.1 |     -139.3 |    447 | aluout[0]
    1478+ |       0 |      22 |        8 |      2 |    26 |    +0.2% |   -0.865 |     -338.1 |     -139.3 |    447 | aluout[0]
    1480+ |       0 |      22 |        8 |      2 |    27 |    +0.2% |   -0.865 |     -338.1 |     -139.3 |    447 | aluout[0]
    1481+ |       0 |      22 |        8 |      2 |    28 |    +0.2% |   -0.865 |     -338.1 |     -139.3 |    447 | aluout[0]
    1482+ |       0 |      22 |        8 |      2 |    28 |    +0.2% |   -0.865 |     -338.1 |     -139.3 |    447 | aluout[0]
    1483+ |       0 |      22 |        8 |      2 |    28 |    +0.2% |   -0.865 |     -338.1 |     -139.3 |    447 | aluout[0]
    1484+ |       0 |      22 |        8 |      2 |    28 |    +0.2% |   -0.865 |     -338.1 |     -139.3 |    447 | aluout[0]
    1486+ |       0 |      23 |        8 |      2 |    28 |    +0.2% |   -0.865 |     -338.1 |     -139.3 |    447 | aluout[0]
    1487+ |       0 |      23 |        8 |      2 |    28 |    +0.2% |   -0.865 |     -338.1 |     -139.3 |    447 | aluout[0]
    1489+ |       0 |      23 |        8 |      2 |    29 |    +0.2% |   -0.865 |     -338.1 |     -139.2 |    447 | aluout[0]
    1490+ |       0 |      23 |        8 |      2 |    29 |    +0.2% |   -0.865 |     -338.1 |     -139.2 |    447 | aluout[0]
    1491+ |       0 |      24 |        8 |      2 |    29 |    +0.2% |   -0.865 |     -338.1 |     -138.6 |    447 | aluout[0]
    1492+ |       0 |      24 |        8 |      2 |    29 |    +0.2% |   -0.865 |     -338.1 |     -138.6 |    447 | aluout[0]
    1495+ |       0 |      26 |        8 |      2 |    29 |    +0.2% |   -0.865 |     -338.1 |     -137.8 |    447 | aluout[0]
    1496+ |       0 |      26 |        8 |      2 |    29 |    +0.2% |   -0.865 |     -338.1 |     -137.8 |    447 | aluout[0]
    1497+ |       0 |      26 |        8 |      2 |    29 |    +0.2% |   -0.865 |     -338.1 |     -137.8 |    447 | aluout[0]
    1498+ |       0 |      26 |        8 |      2 |    29 |    +0.2% |   -0.865 |     -338.1 |     -137.8 |    447 | aluout[0]
    1499+ |       0 |      26 |        8 |      2 |    29 |    +0.2% |   -0.865 |     -338.1 |     -137.8 |    447 | aluout[0]
    1500+ |       0 |      26 |        8 |      2 |    29 |    +0.2% |   -0.865 |     -338.1 |     -137.8 |    447 | aluout[0]
    final |       0 |      26 |        8 |      2 |    29 |    +0.2% |   -0.865 |     -338.1 |     -137.8 |    446 | aluout[0]
------------------------------------------------------------------------------------------------------------------------------
[INFO RSZ-0040] Inserted 8 buffers.
[INFO RSZ-0051] Resized 26 instances: 26 up, 0 up match, 0 down, 0 VT
[INFO RSZ-0043] Swapped pins on 29 instances.
[INFO RSZ-0049] Cloned 2 instances.
[WARNING RSZ-0062] Unable to repair all setup violations.
[INFO RSZ-0505] Runtime: 48.46s
[INFO RSZ-0033] No hold violations found.
[INFO RSZ-0506] Runtime: 0.02s
Took 49 seconds: repair_timing -setup_margin 0 -hold_margin 0 -repair_tns 100 -verbose
global_route -start_incremental
detailed_placement
[INFO DPL-0006] Core area: 139359.91 um^2
[INFO DPL-0007] Movable instances area: 73524.27 um^2
[INFO DPL-0008] Fixed instances area within core: 2347.25 um^2
[INFO DPL-0009] Utilization: 54.4%
[INFO DPL-0005] Diamond search max displacement: +/- 500 sites horizontally, +/- 100 rows vertically.
[INFO DPL-1102] Legalizing using negotiation legalizer.
[INFO DPL-1103] Negotiation base search window: +/-20 sites horizontally, +/-5 rows vertically 
	Automatic search window extension enabled.
	Search window extendable up to the max displacement cap of +/-500 sites, +/-100 rows near walls.
[INFO DPL-1104] NegotiationLegalizer DRC penalty: 5.
[INFO DPL-0392] Negotiation cell height distribution (1 unique row-count(s)):
[INFO DPL-0393]   height 1 row(s): 7563 cells
          |      Total |  Illegal |  Illegal
Iteration | Violations |    Cells |    Sites
---------------------------------------------
        0 |          4 |         2 |         2
        1 |          0 |         0 |         0
Negotiation phase 1 converged at iteration 1.
[INFO DPL-0500] Runtime: 0.03s
Placement Analysis
---------------------------------
total displacement        118.6 u
average displacement        0.0 u
max displacement           16.9 u
original HPWL          188259.0 u
legalized HPWL         188370.7 u
delta HPWL                    0 %

check_placement -verbose
global_route -end_incremental -congestion_report_file /tmp/workspace/scripts-Private_test-fr_cugr_cmp-1-/reports/sky130hd/riscv32i/base/congestion_post_repair_timing.rpt
estimate_parasitics -global_routing
global_route -start_incremental
global_route -end_incremental -congestion_report_file /tmp/workspace/scripts-Private_test-fr_cugr_cmp-1-/reports/sky130hd/riscv32i/base/congestion_post_recover_power.rpt
Repair antennas...
[INFO GRT-0012] Found 18 antenna violations.
[INFO GRT-0302] Inserted 20 jumpers for 18 nets.
[INFO GRT-0012] Found 0 antenna violations.
[INFO ANT-0002] Found 0 net violations.
[INFO ANT-0001] Found 0 pin violations.
Estimate parasitics...
estimate_parasitics -global_routing
Report metrics stage 5, global route...

==========================================================================
global route report_design_area
--------------------------------------------------------------------------
Design area 75872 um^2 54% utilization.
[INFO FLW-0007] clock clk period 6.000000
[WARNING FLW-0010] more than one clock found. Skipping sdc update.
[INFO FLW-0011] Path endpoint path count 2310
write_db /tmp/workspace/scripts-Private_test-fr_cugr_cmp-1-/results/sky130hd/riscv32i/base/5_1_grt.odb
write_sdc -no_timestamp /tmp/workspace/scripts-Private_test-fr_cugr_cmp-1-/results/sky130hd/riscv32i/base/5_1_grt.sdc
Elapsed time: 1:03.88[h:]min:sec. CPU time: user 617.10 sys 52.38 (1047%). Peak memory: 432468KB.
Log                       Ext     Elapsed/s Peak Memory/MB sha1sum result [0:20)
5_1_grt                   .odb           63            422 287e4d8a6d133cee1fa4
5_1_grt                   .sdc                             6095b3440c7b696b389d
