OpenROAD 26Q3-1464-gb22abfea20 
Features included (+) or not (-): +GPU +GUI +Python
This program is licensed under the BSD-3 license. See the LICENSE file for details.
Components of this program may be licensed under more restrictive licenses which must be honored.
[INFO ORD-0030] Using 30 thread(s).
source ./platforms/asap7/liberty_suppressions.tcl
read_liberty ./platforms/asap7/lib/NLDM/asap7sc7p5t_AO_RVT_FF_nldm_211120.lib.gz
read_liberty ./platforms/asap7/lib/NLDM/asap7sc7p5t_INVBUF_RVT_FF_nldm_220122.lib.gz
read_liberty ./platforms/asap7/lib/NLDM/asap7sc7p5t_OA_RVT_FF_nldm_211120.lib.gz
read_liberty ./platforms/asap7/lib/NLDM/asap7sc7p5t_SIMPLE_RVT_FF_nldm_211120.lib.gz
read_liberty ./platforms/asap7/lib/NLDM/asap7sc7p5t_SEQ_RVT_FF_nldm_220123.lib
[INFO ODB-0227] LEF file: ./platforms/asap7/lef/asap7_tech_1x_201209.lef, created 30 layers, 9 vias
[INFO ODB-0227] LEF file: ./platforms/asap7/lef/asap7sc7p5t_28_R_1x_220121a.lef, created 212 library cells
link_design -hier mock_cpu
[WARNING ORD-0011] Hierarchical flow (-hier) is currently in development and may cause multiple issues. Do not use in production environments.
read_sdc /tmp/workspace/scripts-Private_test-fr_cugr_cmp-1-/results/asap7/mock-cpu/base/1_2_yosys.sdc
[WARNING STA-1551] /tmp/workspace/scripts-Private_test-fr_cugr_cmp-1-/results/asap7/mock-cpu/base/1_2_yosys.sdc line 51, 'rrst_n' is not a valid endpoint.
[WARNING STA-1551] /tmp/workspace/scripts-Private_test-fr_cugr_cmp-1-/results/asap7/mock-cpu/base/1_2_yosys.sdc line 51, 'wrst_n' is not a valid endpoint.
[WARNING STA-1551] /tmp/workspace/scripts-Private_test-fr_cugr_cmp-1-/results/asap7/mock-cpu/base/1_2_yosys.sdc line 65, 'fifo_in/wdata[31]' is not a valid endpoint.
[WARNING STA-1551] /tmp/workspace/scripts-Private_test-fr_cugr_cmp-1-/results/asap7/mock-cpu/base/1_2_yosys.sdc line 65, 'fifo_in/wdata[30]' is not a valid endpoint.
[WARNING STA-1551] /tmp/workspace/scripts-Private_test-fr_cugr_cmp-1-/results/asap7/mock-cpu/base/1_2_yosys.sdc line 65, 'fifo_in/wdata[29]' is not a valid endpoint.
[WARNING STA-1551] /tmp/workspace/scripts-Private_test-fr_cugr_cmp-1-/results/asap7/mock-cpu/base/1_2_yosys.sdc line 65, 'fifo_in/wdata[28]' is not a valid endpoint.
[WARNING STA-1551] /tmp/workspace/scripts-Private_test-fr_cugr_cmp-1-/results/asap7/mock-cpu/base/1_2_yosys.sdc line 65, 'fifo_in/wdata[27]' is not a valid endpoint.
[WARNING STA-1551] /tmp/workspace/scripts-Private_test-fr_cugr_cmp-1-/results/asap7/mock-cpu/base/1_2_yosys.sdc line 65, 'fifo_in/wdata[26]' is not a valid endpoint.
[WARNING STA-1551] /tmp/workspace/scripts-Private_test-fr_cugr_cmp-1-/results/asap7/mock-cpu/base/1_2_yosys.sdc line 65, 'fifo_in/wdata[25]' is not a valid endpoint.
[WARNING STA-1551] /tmp/workspace/scripts-Private_test-fr_cugr_cmp-1-/results/asap7/mock-cpu/base/1_2_yosys.sdc line 65, 'fifo_in/wdata[24]' is not a valid endpoint.
[WARNING STA-1551] /tmp/workspace/scripts-Private_test-fr_cugr_cmp-1-/results/asap7/mock-cpu/base/1_2_yosys.sdc line 65, 'fifo_in/wdata[23]' is not a valid endpoint.
[WARNING STA-1551] /tmp/workspace/scripts-Private_test-fr_cugr_cmp-1-/results/asap7/mock-cpu/base/1_2_yosys.sdc line 65, 'fifo_in/wdata[22]' is not a valid endpoint.
[WARNING STA-1551] /tmp/workspace/scripts-Private_test-fr_cugr_cmp-1-/results/asap7/mock-cpu/base/1_2_yosys.sdc line 65, 'fifo_in/wdata[21]' is not a valid endpoint.
[WARNING STA-1551] /tmp/workspace/scripts-Private_test-fr_cugr_cmp-1-/results/asap7/mock-cpu/base/1_2_yosys.sdc line 65, 'fifo_in/wdata[20]' is not a valid endpoint.
[WARNING STA-1551] /tmp/workspace/scripts-Private_test-fr_cugr_cmp-1-/results/asap7/mock-cpu/base/1_2_yosys.sdc line 65, 'fifo_in/wdata[19]' is not a valid endpoint.
[WARNING STA-1551] /tmp/workspace/scripts-Private_test-fr_cugr_cmp-1-/results/asap7/mock-cpu/base/1_2_yosys.sdc line 65, 'fifo_in/wdata[18]' is not a valid endpoint.
[WARNING STA-1551] /tmp/workspace/scripts-Private_test-fr_cugr_cmp-1-/results/asap7/mock-cpu/base/1_2_yosys.sdc line 65, 'fifo_in/wdata[17]' is not a valid endpoint.
[WARNING STA-1551] /tmp/workspace/scripts-Private_test-fr_cugr_cmp-1-/results/asap7/mock-cpu/base/1_2_yosys.sdc line 65, 'fifo_in/wdata[16]' is not a valid endpoint.
[WARNING STA-1551] /tmp/workspace/scripts-Private_test-fr_cugr_cmp-1-/results/asap7/mock-cpu/base/1_2_yosys.sdc line 65, 'fifo_in/wdata[15]' is not a valid endpoint.
[WARNING STA-1551] /tmp/workspace/scripts-Private_test-fr_cugr_cmp-1-/results/asap7/mock-cpu/base/1_2_yosys.sdc line 65, 'fifo_in/wdata[14]' is not a valid endpoint.
[WARNING STA-1551] /tmp/workspace/scripts-Private_test-fr_cugr_cmp-1-/results/asap7/mock-cpu/base/1_2_yosys.sdc line 65, 'fifo_in/wdata[13]' is not a valid endpoint.
[WARNING STA-1551] /tmp/workspace/scripts-Private_test-fr_cugr_cmp-1-/results/asap7/mock-cpu/base/1_2_yosys.sdc line 65, 'fifo_in/wdata[12]' is not a valid endpoint.
[WARNING STA-1551] /tmp/workspace/scripts-Private_test-fr_cugr_cmp-1-/results/asap7/mock-cpu/base/1_2_yosys.sdc line 65, 'fifo_in/wdata[11]' is not a valid endpoint.
[WARNING STA-1551] /tmp/workspace/scripts-Private_test-fr_cugr_cmp-1-/results/asap7/mock-cpu/base/1_2_yosys.sdc line 65, 'fifo_in/wdata[10]' is not a valid endpoint.
[WARNING STA-1551] /tmp/workspace/scripts-Private_test-fr_cugr_cmp-1-/results/asap7/mock-cpu/base/1_2_yosys.sdc line 65, 'fifo_in/wdata[9]' is not a valid endpoint.
[WARNING STA-1551] /tmp/workspace/scripts-Private_test-fr_cugr_cmp-1-/results/asap7/mock-cpu/base/1_2_yosys.sdc line 65, 'fifo_in/wdata[8]' is not a valid endpoint.
[WARNING STA-1551] /tmp/workspace/scripts-Private_test-fr_cugr_cmp-1-/results/asap7/mock-cpu/base/1_2_yosys.sdc line 65, 'fifo_in/wdata[7]' is not a valid endpoint.
[WARNING STA-1551] /tmp/workspace/scripts-Private_test-fr_cugr_cmp-1-/results/asap7/mock-cpu/base/1_2_yosys.sdc line 65, 'fifo_in/wdata[6]' is not a valid endpoint.
[WARNING STA-1551] /tmp/workspace/scripts-Private_test-fr_cugr_cmp-1-/results/asap7/mock-cpu/base/1_2_yosys.sdc line 65, 'fifo_in/wdata[5]' is not a valid endpoint.
[WARNING STA-1551] /tmp/workspace/scripts-Private_test-fr_cugr_cmp-1-/results/asap7/mock-cpu/base/1_2_yosys.sdc line 65, 'fifo_in/wdata[4]' is not a valid endpoint.
[WARNING STA-1551] /tmp/workspace/scripts-Private_test-fr_cugr_cmp-1-/results/asap7/mock-cpu/base/1_2_yosys.sdc line 65, 'fifo_in/wdata[3]' is not a valid endpoint.
[WARNING STA-1551] /tmp/workspace/scripts-Private_test-fr_cugr_cmp-1-/results/asap7/mock-cpu/base/1_2_yosys.sdc line 65, 'fifo_in/wdata[2]' is not a valid endpoint.
[WARNING STA-1551] /tmp/workspace/scripts-Private_test-fr_cugr_cmp-1-/results/asap7/mock-cpu/base/1_2_yosys.sdc line 65, 'fifo_in/wdata[1]' is not a valid endpoint.
[WARNING STA-1551] /tmp/workspace/scripts-Private_test-fr_cugr_cmp-1-/results/asap7/mock-cpu/base/1_2_yosys.sdc line 65, 'fifo_in/wdata[0]' is not a valid endpoint.
[WARNING STA-1551] /tmp/workspace/scripts-Private_test-fr_cugr_cmp-1-/results/asap7/mock-cpu/base/1_2_yosys.sdc line 67, 'fifo_in/winc' is not a valid endpoint.
[WARNING STA-1551] /tmp/workspace/scripts-Private_test-fr_cugr_cmp-1-/results/asap7/mock-cpu/base/1_2_yosys.sdc line 69, 'fifo_out/rinc' is not a valid endpoint.
[WARNING STA-1551] /tmp/workspace/scripts-Private_test-fr_cugr_cmp-1-/results/asap7/mock-cpu/base/1_2_yosys.sdc line 86, 'fifo_in/wdata[31]' is not a valid endpoint.
[WARNING STA-1551] /tmp/workspace/scripts-Private_test-fr_cugr_cmp-1-/results/asap7/mock-cpu/base/1_2_yosys.sdc line 86, 'fifo_in/wdata[30]' is not a valid endpoint.
[WARNING STA-1551] /tmp/workspace/scripts-Private_test-fr_cugr_cmp-1-/results/asap7/mock-cpu/base/1_2_yosys.sdc line 86, 'fifo_in/wdata[29]' is not a valid endpoint.
[WARNING STA-1551] /tmp/workspace/scripts-Private_test-fr_cugr_cmp-1-/results/asap7/mock-cpu/base/1_2_yosys.sdc line 86, 'fifo_in/wdata[28]' is not a valid endpoint.
[WARNING STA-1551] /tmp/workspace/scripts-Private_test-fr_cugr_cmp-1-/results/asap7/mock-cpu/base/1_2_yosys.sdc line 86, 'fifo_in/wdata[27]' is not a valid endpoint.
[WARNING STA-1551] /tmp/workspace/scripts-Private_test-fr_cugr_cmp-1-/results/asap7/mock-cpu/base/1_2_yosys.sdc line 86, 'fifo_in/wdata[26]' is not a valid endpoint.
[WARNING STA-1551] /tmp/workspace/scripts-Private_test-fr_cugr_cmp-1-/results/asap7/mock-cpu/base/1_2_yosys.sdc line 86, 'fifo_in/wdata[25]' is not a valid endpoint.
[WARNING STA-1551] /tmp/workspace/scripts-Private_test-fr_cugr_cmp-1-/results/asap7/mock-cpu/base/1_2_yosys.sdc line 86, 'fifo_in/wdata[24]' is not a valid endpoint.
[WARNING STA-1551] /tmp/workspace/scripts-Private_test-fr_cugr_cmp-1-/results/asap7/mock-cpu/base/1_2_yosys.sdc line 86, 'fifo_in/wdata[23]' is not a valid endpoint.
[WARNING STA-1551] /tmp/workspace/scripts-Private_test-fr_cugr_cmp-1-/results/asap7/mock-cpu/base/1_2_yosys.sdc line 86, 'fifo_in/wdata[22]' is not a valid endpoint.
[WARNING STA-1551] /tmp/workspace/scripts-Private_test-fr_cugr_cmp-1-/results/asap7/mock-cpu/base/1_2_yosys.sdc line 86, 'fifo_in/wdata[21]' is not a valid endpoint.
[WARNING STA-1551] /tmp/workspace/scripts-Private_test-fr_cugr_cmp-1-/results/asap7/mock-cpu/base/1_2_yosys.sdc line 86, 'fifo_in/wdata[20]' is not a valid endpoint.
[WARNING STA-1551] /tmp/workspace/scripts-Private_test-fr_cugr_cmp-1-/results/asap7/mock-cpu/base/1_2_yosys.sdc line 86, 'fifo_in/wdata[19]' is not a valid endpoint.
[WARNING STA-1551] /tmp/workspace/scripts-Private_test-fr_cugr_cmp-1-/results/asap7/mock-cpu/base/1_2_yosys.sdc line 86, 'fifo_in/wdata[18]' is not a valid endpoint.
[WARNING STA-1551] /tmp/workspace/scripts-Private_test-fr_cugr_cmp-1-/results/asap7/mock-cpu/base/1_2_yosys.sdc line 86, 'fifo_in/wdata[17]' is not a valid endpoint.
[WARNING STA-1551] /tmp/workspace/scripts-Private_test-fr_cugr_cmp-1-/results/asap7/mock-cpu/base/1_2_yosys.sdc line 86, 'fifo_in/wdata[16]' is not a valid endpoint.
[WARNING STA-1551] /tmp/workspace/scripts-Private_test-fr_cugr_cmp-1-/results/asap7/mock-cpu/base/1_2_yosys.sdc line 86, 'fifo_in/wdata[15]' is not a valid endpoint.
[WARNING STA-1551] /tmp/workspace/scripts-Private_test-fr_cugr_cmp-1-/results/asap7/mock-cpu/base/1_2_yosys.sdc line 86, 'fifo_in/wdata[14]' is not a valid endpoint.
[WARNING STA-1551] /tmp/workspace/scripts-Private_test-fr_cugr_cmp-1-/results/asap7/mock-cpu/base/1_2_yosys.sdc line 86, 'fifo_in/wdata[13]' is not a valid endpoint.
[WARNING STA-1551] /tmp/workspace/scripts-Private_test-fr_cugr_cmp-1-/results/asap7/mock-cpu/base/1_2_yosys.sdc line 86, 'fifo_in/wdata[12]' is not a valid endpoint.
[WARNING STA-1551] /tmp/workspace/scripts-Private_test-fr_cugr_cmp-1-/results/asap7/mock-cpu/base/1_2_yosys.sdc line 86, 'fifo_in/wdata[11]' is not a valid endpoint.
[WARNING STA-1551] /tmp/workspace/scripts-Private_test-fr_cugr_cmp-1-/results/asap7/mock-cpu/base/1_2_yosys.sdc line 86, 'fifo_in/wdata[10]' is not a valid endpoint.
[WARNING STA-1551] /tmp/workspace/scripts-Private_test-fr_cugr_cmp-1-/results/asap7/mock-cpu/base/1_2_yosys.sdc line 86, 'fifo_in/wdata[9]' is not a valid endpoint.
[WARNING STA-1551] /tmp/workspace/scripts-Private_test-fr_cugr_cmp-1-/results/asap7/mock-cpu/base/1_2_yosys.sdc line 86, 'fifo_in/wdata[8]' is not a valid endpoint.
[WARNING STA-1551] /tmp/workspace/scripts-Private_test-fr_cugr_cmp-1-/results/asap7/mock-cpu/base/1_2_yosys.sdc line 86, 'fifo_in/wdata[7]' is not a valid endpoint.
[WARNING STA-1551] /tmp/workspace/scripts-Private_test-fr_cugr_cmp-1-/results/asap7/mock-cpu/base/1_2_yosys.sdc line 86, 'fifo_in/wdata[6]' is not a valid endpoint.
[WARNING STA-1551] /tmp/workspace/scripts-Private_test-fr_cugr_cmp-1-/results/asap7/mock-cpu/base/1_2_yosys.sdc line 86, 'fifo_in/wdata[5]' is not a valid endpoint.
[WARNING STA-1551] /tmp/workspace/scripts-Private_test-fr_cugr_cmp-1-/results/asap7/mock-cpu/base/1_2_yosys.sdc line 86, 'fifo_in/wdata[4]' is not a valid endpoint.
[WARNING STA-1551] /tmp/workspace/scripts-Private_test-fr_cugr_cmp-1-/results/asap7/mock-cpu/base/1_2_yosys.sdc line 86, 'fifo_in/wdata[3]' is not a valid endpoint.
[WARNING STA-1551] /tmp/workspace/scripts-Private_test-fr_cugr_cmp-1-/results/asap7/mock-cpu/base/1_2_yosys.sdc line 86, 'fifo_in/wdata[2]' is not a valid endpoint.
[WARNING STA-1551] /tmp/workspace/scripts-Private_test-fr_cugr_cmp-1-/results/asap7/mock-cpu/base/1_2_yosys.sdc line 86, 'fifo_in/wdata[1]' is not a valid endpoint.
[WARNING STA-1551] /tmp/workspace/scripts-Private_test-fr_cugr_cmp-1-/results/asap7/mock-cpu/base/1_2_yosys.sdc line 86, 'fifo_in/wdata[0]' is not a valid endpoint.
[WARNING STA-1551] /tmp/workspace/scripts-Private_test-fr_cugr_cmp-1-/results/asap7/mock-cpu/base/1_2_yosys.sdc line 86, 'fifo_in/winc' is not a valid endpoint.
[WARNING STA-1551] /tmp/workspace/scripts-Private_test-fr_cugr_cmp-1-/results/asap7/mock-cpu/base/1_2_yosys.sdc line 86, 'fifo_out/rinc' is not a valid endpoint.
source ./platforms/asap7/setRC.tcl
eliminate_dead_logic
Removed 1 unused instances and 1 unused nets.
Design area 6434 um^2 100% utilization.
write_db /tmp/workspace/scripts-Private_test-fr_cugr_cmp-1-/results/asap7/mock-cpu/base/1_synth.odb
write_sdc -no_timestamp /tmp/workspace/scripts-Private_test-fr_cugr_cmp-1-/results/asap7/mock-cpu/base/1_synth.sdc
Elapsed time: 0:02.74[h:]min:sec. CPU time: user 2.55 sys 0.19 (100%). Peak memory: 336416KB.
Log                       Ext     Elapsed/s Peak Memory/MB sha1sum result [0:20)
1_synth                   .odb            2            328 43321db866a35ede6a3b
1_synth                   .sdc                             e3c808b3924ecc5cbbd6
