OpenROAD 26Q3-1464-gb22abfea20 
Features included (+) or not (-): +GPU +GUI +Python
This program is licensed under the BSD-3 license. See the LICENSE file for details.
Components of this program may be licensed under more restrictive licenses which must be honored.
[INFO ORD-0030] Using 30 thread(s).
source ./platforms/asap7/liberty_suppressions.tcl
read_liberty ./platforms/asap7/lib/NLDM/asap7sc7p5t_AO_RVT_FF_nldm_211120.lib.gz
read_liberty ./platforms/asap7/lib/NLDM/asap7sc7p5t_INVBUF_RVT_FF_nldm_220122.lib.gz
read_liberty ./platforms/asap7/lib/NLDM/asap7sc7p5t_OA_RVT_FF_nldm_211120.lib.gz
read_liberty ./platforms/asap7/lib/NLDM/asap7sc7p5t_SIMPLE_RVT_FF_nldm_211120.lib.gz
read_liberty ./platforms/asap7/lib/NLDM/asap7sc7p5t_SEQ_RVT_FF_nldm_220123.lib
read_db -hier /tmp/workspace/scripts-Private_test-fr_cugr_cmp-1-/results/asap7/mock-cpu/base/2_floorplan.odb
[WARNING ORD-0012] Hierarchical flow (-hier) is currently in development and may cause multiple issues. Do not use in production environments.
read_sdc /tmp/workspace/scripts-Private_test-fr_cugr_cmp-1-/results/asap7/mock-cpu/base/2_floorplan.sdc
[WARNING STA-1551] /tmp/workspace/scripts-Private_test-fr_cugr_cmp-1-/results/asap7/mock-cpu/base/2_floorplan.sdc line 56522, 'fifo_in/wdata[31]' is not a valid endpoint.
[WARNING STA-1551] /tmp/workspace/scripts-Private_test-fr_cugr_cmp-1-/results/asap7/mock-cpu/base/2_floorplan.sdc line 56522, 'fifo_in/wdata[30]' is not a valid endpoint.
[WARNING STA-1551] /tmp/workspace/scripts-Private_test-fr_cugr_cmp-1-/results/asap7/mock-cpu/base/2_floorplan.sdc line 56522, 'fifo_in/wdata[29]' is not a valid endpoint.
[WARNING STA-1551] /tmp/workspace/scripts-Private_test-fr_cugr_cmp-1-/results/asap7/mock-cpu/base/2_floorplan.sdc line 56522, 'fifo_in/wdata[28]' is not a valid endpoint.
[WARNING STA-1551] /tmp/workspace/scripts-Private_test-fr_cugr_cmp-1-/results/asap7/mock-cpu/base/2_floorplan.sdc line 56522, 'fifo_in/wdata[27]' is not a valid endpoint.
[WARNING STA-1551] /tmp/workspace/scripts-Private_test-fr_cugr_cmp-1-/results/asap7/mock-cpu/base/2_floorplan.sdc line 56522, 'fifo_in/wdata[26]' is not a valid endpoint.
[WARNING STA-1551] /tmp/workspace/scripts-Private_test-fr_cugr_cmp-1-/results/asap7/mock-cpu/base/2_floorplan.sdc line 56522, 'fifo_in/wdata[25]' is not a valid endpoint.
[WARNING STA-1551] /tmp/workspace/scripts-Private_test-fr_cugr_cmp-1-/results/asap7/mock-cpu/base/2_floorplan.sdc line 56522, 'fifo_in/wdata[24]' is not a valid endpoint.
[WARNING STA-1551] /tmp/workspace/scripts-Private_test-fr_cugr_cmp-1-/results/asap7/mock-cpu/base/2_floorplan.sdc line 56522, 'fifo_in/wdata[23]' is not a valid endpoint.
[WARNING STA-1551] /tmp/workspace/scripts-Private_test-fr_cugr_cmp-1-/results/asap7/mock-cpu/base/2_floorplan.sdc line 56522, 'fifo_in/wdata[22]' is not a valid endpoint.
[WARNING STA-1551] /tmp/workspace/scripts-Private_test-fr_cugr_cmp-1-/results/asap7/mock-cpu/base/2_floorplan.sdc line 56522, 'fifo_in/wdata[21]' is not a valid endpoint.
[WARNING STA-1551] /tmp/workspace/scripts-Private_test-fr_cugr_cmp-1-/results/asap7/mock-cpu/base/2_floorplan.sdc line 56522, 'fifo_in/wdata[20]' is not a valid endpoint.
[WARNING STA-1551] /tmp/workspace/scripts-Private_test-fr_cugr_cmp-1-/results/asap7/mock-cpu/base/2_floorplan.sdc line 56522, 'fifo_in/wdata[19]' is not a valid endpoint.
[WARNING STA-1551] /tmp/workspace/scripts-Private_test-fr_cugr_cmp-1-/results/asap7/mock-cpu/base/2_floorplan.sdc line 56522, 'fifo_in/wdata[18]' is not a valid endpoint.
[WARNING STA-1551] /tmp/workspace/scripts-Private_test-fr_cugr_cmp-1-/results/asap7/mock-cpu/base/2_floorplan.sdc line 56522, 'fifo_in/wdata[17]' is not a valid endpoint.
[WARNING STA-1551] /tmp/workspace/scripts-Private_test-fr_cugr_cmp-1-/results/asap7/mock-cpu/base/2_floorplan.sdc line 56522, 'fifo_in/wdata[16]' is not a valid endpoint.
[WARNING STA-1551] /tmp/workspace/scripts-Private_test-fr_cugr_cmp-1-/results/asap7/mock-cpu/base/2_floorplan.sdc line 56522, 'fifo_in/wdata[15]' is not a valid endpoint.
[WARNING STA-1551] /tmp/workspace/scripts-Private_test-fr_cugr_cmp-1-/results/asap7/mock-cpu/base/2_floorplan.sdc line 56522, 'fifo_in/wdata[14]' is not a valid endpoint.
[WARNING STA-1551] /tmp/workspace/scripts-Private_test-fr_cugr_cmp-1-/results/asap7/mock-cpu/base/2_floorplan.sdc line 56522, 'fifo_in/wdata[13]' is not a valid endpoint.
[WARNING STA-1551] /tmp/workspace/scripts-Private_test-fr_cugr_cmp-1-/results/asap7/mock-cpu/base/2_floorplan.sdc line 56522, 'fifo_in/wdata[12]' is not a valid endpoint.
[WARNING STA-1551] /tmp/workspace/scripts-Private_test-fr_cugr_cmp-1-/results/asap7/mock-cpu/base/2_floorplan.sdc line 56522, 'fifo_in/wdata[11]' is not a valid endpoint.
[WARNING STA-1551] /tmp/workspace/scripts-Private_test-fr_cugr_cmp-1-/results/asap7/mock-cpu/base/2_floorplan.sdc line 56522, 'fifo_in/wdata[10]' is not a valid endpoint.
[WARNING STA-1551] /tmp/workspace/scripts-Private_test-fr_cugr_cmp-1-/results/asap7/mock-cpu/base/2_floorplan.sdc line 56522, 'fifo_in/wdata[9]' is not a valid endpoint.
[WARNING STA-1551] /tmp/workspace/scripts-Private_test-fr_cugr_cmp-1-/results/asap7/mock-cpu/base/2_floorplan.sdc line 56522, 'fifo_in/wdata[8]' is not a valid endpoint.
[WARNING STA-1551] /tmp/workspace/scripts-Private_test-fr_cugr_cmp-1-/results/asap7/mock-cpu/base/2_floorplan.sdc line 56522, 'fifo_in/wdata[7]' is not a valid endpoint.
[WARNING STA-1551] /tmp/workspace/scripts-Private_test-fr_cugr_cmp-1-/results/asap7/mock-cpu/base/2_floorplan.sdc line 56522, 'fifo_in/wdata[6]' is not a valid endpoint.
[WARNING STA-1551] /tmp/workspace/scripts-Private_test-fr_cugr_cmp-1-/results/asap7/mock-cpu/base/2_floorplan.sdc line 56522, 'fifo_in/wdata[5]' is not a valid endpoint.
[WARNING STA-1551] /tmp/workspace/scripts-Private_test-fr_cugr_cmp-1-/results/asap7/mock-cpu/base/2_floorplan.sdc line 56522, 'fifo_in/wdata[4]' is not a valid endpoint.
[WARNING STA-1551] /tmp/workspace/scripts-Private_test-fr_cugr_cmp-1-/results/asap7/mock-cpu/base/2_floorplan.sdc line 56522, 'fifo_in/wdata[3]' is not a valid endpoint.
[WARNING STA-1551] /tmp/workspace/scripts-Private_test-fr_cugr_cmp-1-/results/asap7/mock-cpu/base/2_floorplan.sdc line 56522, 'fifo_in/wdata[2]' is not a valid endpoint.
[WARNING STA-1551] /tmp/workspace/scripts-Private_test-fr_cugr_cmp-1-/results/asap7/mock-cpu/base/2_floorplan.sdc line 56522, 'fifo_in/wdata[1]' is not a valid endpoint.
[WARNING STA-1551] /tmp/workspace/scripts-Private_test-fr_cugr_cmp-1-/results/asap7/mock-cpu/base/2_floorplan.sdc line 56522, 'fifo_in/wdata[0]' is not a valid endpoint.
[WARNING STA-1551] /tmp/workspace/scripts-Private_test-fr_cugr_cmp-1-/results/asap7/mock-cpu/base/2_floorplan.sdc line 56522, 'fifo_in/winc' is not a valid endpoint.
[WARNING STA-1551] /tmp/workspace/scripts-Private_test-fr_cugr_cmp-1-/results/asap7/mock-cpu/base/2_floorplan.sdc line 56522, 'fifo_out/rinc' is not a valid endpoint.
[WARNING STA-1551] /tmp/workspace/scripts-Private_test-fr_cugr_cmp-1-/results/asap7/mock-cpu/base/2_floorplan.sdc line 94135, 'fifo_out/rinc' is not a valid endpoint.
[WARNING STA-1551] /tmp/workspace/scripts-Private_test-fr_cugr_cmp-1-/results/asap7/mock-cpu/base/2_floorplan.sdc line 94138, 'fifo_in/winc' is not a valid endpoint.
[WARNING STA-1551] /tmp/workspace/scripts-Private_test-fr_cugr_cmp-1-/results/asap7/mock-cpu/base/2_floorplan.sdc line 94203, 'fifo_in/wdata[31]' is not a valid endpoint.
[WARNING STA-1551] /tmp/workspace/scripts-Private_test-fr_cugr_cmp-1-/results/asap7/mock-cpu/base/2_floorplan.sdc line 94203, 'fifo_in/wdata[30]' is not a valid endpoint.
[WARNING STA-1551] /tmp/workspace/scripts-Private_test-fr_cugr_cmp-1-/results/asap7/mock-cpu/base/2_floorplan.sdc line 94203, 'fifo_in/wdata[29]' is not a valid endpoint.
[WARNING STA-1551] /tmp/workspace/scripts-Private_test-fr_cugr_cmp-1-/results/asap7/mock-cpu/base/2_floorplan.sdc line 94203, 'fifo_in/wdata[28]' is not a valid endpoint.
[WARNING STA-1551] /tmp/workspace/scripts-Private_test-fr_cugr_cmp-1-/results/asap7/mock-cpu/base/2_floorplan.sdc line 94203, 'fifo_in/wdata[27]' is not a valid endpoint.
[WARNING STA-1551] /tmp/workspace/scripts-Private_test-fr_cugr_cmp-1-/results/asap7/mock-cpu/base/2_floorplan.sdc line 94203, 'fifo_in/wdata[26]' is not a valid endpoint.
[WARNING STA-1551] /tmp/workspace/scripts-Private_test-fr_cugr_cmp-1-/results/asap7/mock-cpu/base/2_floorplan.sdc line 94203, 'fifo_in/wdata[25]' is not a valid endpoint.
[WARNING STA-1551] /tmp/workspace/scripts-Private_test-fr_cugr_cmp-1-/results/asap7/mock-cpu/base/2_floorplan.sdc line 94203, 'fifo_in/wdata[24]' is not a valid endpoint.
[WARNING STA-1551] /tmp/workspace/scripts-Private_test-fr_cugr_cmp-1-/results/asap7/mock-cpu/base/2_floorplan.sdc line 94203, 'fifo_in/wdata[23]' is not a valid endpoint.
[WARNING STA-1551] /tmp/workspace/scripts-Private_test-fr_cugr_cmp-1-/results/asap7/mock-cpu/base/2_floorplan.sdc line 94203, 'fifo_in/wdata[22]' is not a valid endpoint.
[WARNING STA-1551] /tmp/workspace/scripts-Private_test-fr_cugr_cmp-1-/results/asap7/mock-cpu/base/2_floorplan.sdc line 94203, 'fifo_in/wdata[21]' is not a valid endpoint.
[WARNING STA-1551] /tmp/workspace/scripts-Private_test-fr_cugr_cmp-1-/results/asap7/mock-cpu/base/2_floorplan.sdc line 94203, 'fifo_in/wdata[20]' is not a valid endpoint.
[WARNING STA-1551] /tmp/workspace/scripts-Private_test-fr_cugr_cmp-1-/results/asap7/mock-cpu/base/2_floorplan.sdc line 94203, 'fifo_in/wdata[19]' is not a valid endpoint.
[WARNING STA-1551] /tmp/workspace/scripts-Private_test-fr_cugr_cmp-1-/results/asap7/mock-cpu/base/2_floorplan.sdc line 94203, 'fifo_in/wdata[18]' is not a valid endpoint.
[WARNING STA-1551] /tmp/workspace/scripts-Private_test-fr_cugr_cmp-1-/results/asap7/mock-cpu/base/2_floorplan.sdc line 94203, 'fifo_in/wdata[17]' is not a valid endpoint.
[WARNING STA-1551] /tmp/workspace/scripts-Private_test-fr_cugr_cmp-1-/results/asap7/mock-cpu/base/2_floorplan.sdc line 94203, 'fifo_in/wdata[16]' is not a valid endpoint.
[WARNING STA-1551] /tmp/workspace/scripts-Private_test-fr_cugr_cmp-1-/results/asap7/mock-cpu/base/2_floorplan.sdc line 94203, 'fifo_in/wdata[15]' is not a valid endpoint.
[WARNING STA-1551] /tmp/workspace/scripts-Private_test-fr_cugr_cmp-1-/results/asap7/mock-cpu/base/2_floorplan.sdc line 94203, 'fifo_in/wdata[14]' is not a valid endpoint.
[WARNING STA-1551] /tmp/workspace/scripts-Private_test-fr_cugr_cmp-1-/results/asap7/mock-cpu/base/2_floorplan.sdc line 94203, 'fifo_in/wdata[13]' is not a valid endpoint.
[WARNING STA-1551] /tmp/workspace/scripts-Private_test-fr_cugr_cmp-1-/results/asap7/mock-cpu/base/2_floorplan.sdc line 94203, 'fifo_in/wdata[12]' is not a valid endpoint.
[WARNING STA-1551] /tmp/workspace/scripts-Private_test-fr_cugr_cmp-1-/results/asap7/mock-cpu/base/2_floorplan.sdc line 94203, 'fifo_in/wdata[11]' is not a valid endpoint.
[WARNING STA-1551] /tmp/workspace/scripts-Private_test-fr_cugr_cmp-1-/results/asap7/mock-cpu/base/2_floorplan.sdc line 94203, 'fifo_in/wdata[10]' is not a valid endpoint.
[WARNING STA-1551] /tmp/workspace/scripts-Private_test-fr_cugr_cmp-1-/results/asap7/mock-cpu/base/2_floorplan.sdc line 94203, 'fifo_in/wdata[9]' is not a valid endpoint.
[WARNING STA-1551] /tmp/workspace/scripts-Private_test-fr_cugr_cmp-1-/results/asap7/mock-cpu/base/2_floorplan.sdc line 94203, 'fifo_in/wdata[8]' is not a valid endpoint.
[WARNING STA-1551] /tmp/workspace/scripts-Private_test-fr_cugr_cmp-1-/results/asap7/mock-cpu/base/2_floorplan.sdc line 94203, 'fifo_in/wdata[7]' is not a valid endpoint.
[WARNING STA-1551] /tmp/workspace/scripts-Private_test-fr_cugr_cmp-1-/results/asap7/mock-cpu/base/2_floorplan.sdc line 94203, 'fifo_in/wdata[6]' is not a valid endpoint.
[WARNING STA-1551] /tmp/workspace/scripts-Private_test-fr_cugr_cmp-1-/results/asap7/mock-cpu/base/2_floorplan.sdc line 94203, 'fifo_in/wdata[5]' is not a valid endpoint.
[WARNING STA-1551] /tmp/workspace/scripts-Private_test-fr_cugr_cmp-1-/results/asap7/mock-cpu/base/2_floorplan.sdc line 94203, 'fifo_in/wdata[4]' is not a valid endpoint.
[WARNING STA-1551] /tmp/workspace/scripts-Private_test-fr_cugr_cmp-1-/results/asap7/mock-cpu/base/2_floorplan.sdc line 94203, 'fifo_in/wdata[3]' is not a valid endpoint.
[WARNING STA-1551] /tmp/workspace/scripts-Private_test-fr_cugr_cmp-1-/results/asap7/mock-cpu/base/2_floorplan.sdc line 94203, 'fifo_in/wdata[2]' is not a valid endpoint.
[WARNING STA-1551] /tmp/workspace/scripts-Private_test-fr_cugr_cmp-1-/results/asap7/mock-cpu/base/2_floorplan.sdc line 94203, 'fifo_in/wdata[1]' is not a valid endpoint.
[WARNING STA-1551] /tmp/workspace/scripts-Private_test-fr_cugr_cmp-1-/results/asap7/mock-cpu/base/2_floorplan.sdc line 94203, 'fifo_in/wdata[0]' is not a valid endpoint.
[WARNING STA-1551] /tmp/workspace/scripts-Private_test-fr_cugr_cmp-1-/results/asap7/mock-cpu/base/2_floorplan.sdc line 94247, 'rrst_n' is not a valid endpoint.
[WARNING STA-1551] /tmp/workspace/scripts-Private_test-fr_cugr_cmp-1-/results/asap7/mock-cpu/base/2_floorplan.sdc line 94247, 'wrst_n' is not a valid endpoint.
source ./platforms/asap7/setRC.tcl
global_placement -skip_io -density 0.71 -pad_left 0 -pad_right 0
[INFO GPL-0001] ---- Initialize GPL Main Data Structures
[INFO GPL-0002] DBU: 1000
[INFO GPL-0003] SiteSize: (  0.054  0.270 ) um
[INFO GPL-0004] CoreBBox: (  2.052  2.160 ) ( 128.790 128.790 ) um
[INFO GPL-0016] Core area:                   16048.833 um^2
[INFO GPL-0036] Movable instances area:       6441.342 um^2
[INFO GPL-0037] Total instances area:         6503.015 um^2
[INFO GPL-0035] Pin density area adjust:      -494.635 um^2
[INFO GPL-0032] ---- Initialize Region: Top-level
[INFO GPL-0006] Number of instances:             41037
[INFO GPL-0007] Movable instances:               38922
[INFO GPL-0008] Fixed instances:                  2115
[INFO GPL-0009] Dummy instances:                     0
[INFO GPL-0010] Number of nets:                  38984
[INFO GPL-0011] Number of pins:                  98619
[INFO GPL-0012] Die BBox:       (  0.000  0.000 ) ( 130.827 130.827 ) um
[INFO GPL-0013] Placement BBox: (  2.052  2.160 ) ( 128.790 128.790 ) um
[INFO GPL-0014] Region name: top-level.
[INFO GPL-0015] Region area:                 16048.833 um^2
[INFO GPL-0017] Fixed instances area:           61.673 um^2
[INFO GPL-0018] Movable instances area:       5946.707 um^2
[INFO GPL-0019] Utilization:                    37.197 %
[INFO GPL-0020] Standard cells area:          5946.707 um^2
[INFO GPL-0021] Large instances area:            0.000 um^2
[INFO GPL-0005] ---- Execute Conjugate Gradient Initial Placement.
[INFO GPL-0051] Source of initial instance position counters:
	Odb location = 0	Core center = 38922	Region center = 0
[INFO GPL-0033] ---- Initialize Nesterov Region: Top-level
[INFO GPL-0023] Placement target density:       0.7100
[INFO GPL-0024] Movable insts average area:      0.153 um^2
[INFO GPL-0025] Ideal bin area:                  0.215 um^2
[INFO GPL-0026] Ideal bin count:                 74579
[INFO GPL-0027] Total bin area:              16048.833 um^2
[INFO GPL-0028] Bin count (X, Y):         256 ,    256
[INFO GPL-0029] Bin size (W * H):       0.495 *  0.495 um
[INFO GPL-0030] Number of bins:                  65536
[INFO GPL-0084] ---- Execute Nesterov Global Placement.
[INFO GPL-0031] HPWL: Half-Perimeter Wirelength
Iteration | Overflow |     HPWL (um) |  HPWL(%) |   Penalty | Group
---------------------------------------------------------------
        0 |   0.9974 |  1.746605e+04 |   +0.00% |  1.18e-14 |      
       10 |   0.9975 |  1.618014e+04 |   -7.36% |  1.92e-14 |      
       20 |   0.9975 |  1.615380e+04 |   -0.16% |  3.13e-14 |      
       30 |   0.9974 |  1.617071e+04 |   +0.10% |  5.10e-14 |      
       40 |   0.9973 |  1.619025e+04 |   +0.12% |  8.31e-14 |      
       50 |   0.9973 |  1.621153e+04 |   +0.13% |  1.35e-13 |      
       60 |   0.9972 |  1.623239e+04 |   +0.13% |  2.20e-13 |      
       70 |   0.9972 |  1.625700e+04 |   +0.15% |  3.59e-13 |      
       80 |   0.9970 |  1.628841e+04 |   +0.19% |  5.85e-13 |      
       90 |   0.9970 |  1.634680e+04 |   +0.36% |  9.53e-13 |      
      100 |   0.9967 |  1.644397e+04 |   +0.59% |  1.55e-12 |      
      110 |   0.9965 |  1.670114e+04 |   +1.56% |  2.53e-12 |      
      120 |   0.9955 |  1.758931e+04 |   +5.32% |  4.12e-12 |      
      130 |   0.9933 |  1.871036e+04 |   +6.37% |  6.71e-12 |      
      140 |   0.9892 |  1.958539e+04 |   +4.68% |  1.09e-11 |      
      150 |   0.9825 |  2.042071e+04 |   +4.27% |  1.78e-11 |      
      160 |   0.9715 |  2.139023e+04 |   +4.75% |  2.90e-11 |      
      170 |   0.9548 |  2.257098e+04 |   +5.52% |  4.72e-11 |      
      180 |   0.9302 |  2.402168e+04 |   +6.43% |  7.69e-11 |      
      190 |   0.8948 |  2.577456e+04 |   +7.30% |  1.25e-10 |      
      200 |   0.8464 |  2.773419e+04 |   +7.60% |  2.04e-10 |      
      210 |   0.7843 |  2.973864e+04 |   +7.23% |  3.32e-10 |      
      220 |   0.7109 |  3.159081e+04 |   +6.23% |  5.41e-10 |      
      230 |   0.6319 |  3.315064e+04 |   +4.94% |  8.81e-10 |      
      240 |   0.5530 |  3.446387e+04 |   +3.96% |  1.43e-09 |      
      250 |   0.4819 |  3.529674e+04 |   +2.42% |  2.34e-09 |      
      260 |   0.4209 |  3.540902e+04 |   +0.32% |  3.80e-09 |      
      270 |   0.3711 |  3.479985e+04 |   -1.72% |  6.20e-09 |      
      280 |   0.3338 |  3.385427e+04 |   -2.72% |  9.79e-09 |      
      290 |   0.3020 |  3.328854e+04 |   -1.67% |  1.44e-08 |      
      300 |   0.2806 |  3.355093e+04 |   +0.79% |  2.13e-08 |      
      310 |   0.2688 |  3.450479e+04 |   +2.84% |  3.13e-08 |      
      320 |   0.2578 |  3.518095e+04 |   +1.96% |  4.61e-08 |      
      330 |   0.2519 |  3.480449e+04 |   -1.07% |  6.79e-08 |      
      340 |   0.2488 |  3.413922e+04 |   -1.91% |  1.00e-07 |      
      350 |   0.2422 |  3.353192e+04 |   -1.78% |  1.47e-07 |      
      360 |   0.2389 |  3.171053e+04 |   -5.43% |  2.17e-07 |      
      370 |   0.2274 |  3.283264e+04 |   +3.54% |  3.20e-07 |      
      380 |   0.2209 |  3.106962e+04 |   -5.37% |  4.71e-07 |      
      390 |   0.2076 |  3.178010e+04 |   +2.29% |  6.94e-07 |      
      400 |   0.1963 |  3.025660e+04 |   -4.79% |  1.02e-06 |      
      410 |   0.1767 |  2.972033e+04 |   -1.77% |  1.51e-06 |      
      420 |   0.1606 |  2.919772e+04 |   -1.76% |  2.22e-06 |      
      430 |   0.1428 |  2.844437e+04 |   -2.58% |  3.27e-06 |      
      440 |   0.1268 |  2.784167e+04 |   -2.12% |  4.82e-06 |      
      450 |   0.1111 |  2.734807e+04 |   -1.77% |  7.10e-06 |      
      458 |   0.0992 |  2.704020e+04 |          |  1.01e-05 |      
---------------------------------------------------------------
[INFO GPL-1001] Global placement finished at iteration 458
[INFO GPL-1002] Placed Cell Area             5946.7070
[INFO GPL-1003] Available Free Area         15987.1595
[INFO GPL-1004] Minimum Feasible Density        0.3800 (cell_area / free_area)
[INFO GPL-1006]   Suggested Target Densities:
[INFO GPL-1007]     - For 90% usage of free space: 0.4133
[INFO GPL-1008]     - For 80% usage of free space: 0.4650
[INFO GPL-1009]     - For 50% usage of free space: 0.7439
[INFO GPL-1014] Final placement area: 5946.71 (+0.00%)
Took 10 seconds: global_placement -skip_io -density 0.71 -pad_left 0 -pad_right 0
Design area 6503 um^2 41% utilization.
write_db /tmp/workspace/scripts-Private_test-fr_cugr_cmp-1-/results/asap7/mock-cpu/base/3_1_place_gp_skip_io.odb
Elapsed time: 0:12.39[h:]min:sec. CPU time: user 187.58 sys 0.37 (1517%). Peak memory: 351744KB.
Log                       Ext     Elapsed/s Peak Memory/MB sha1sum result [0:20)
3_1_place_gp_skip_io      .odb           12            343 f998b72d30c311ab6587
