OpenROAD 26Q3-1464-gb22abfea20 
Features included (+) or not (-): +GPU +GUI +Python
This program is licensed under the BSD-3 license. See the LICENSE file for details.
Components of this program may be licensed under more restrictive licenses which must be honored.
[INFO ORD-0030] Using 30 thread(s).
source ./platforms/asap7/liberty_suppressions.tcl
read_liberty ./platforms/asap7/lib/NLDM/asap7sc7p5t_AO_RVT_FF_nldm_211120.lib.gz
read_liberty ./platforms/asap7/lib/NLDM/asap7sc7p5t_INVBUF_RVT_FF_nldm_220122.lib.gz
read_liberty ./platforms/asap7/lib/NLDM/asap7sc7p5t_OA_RVT_FF_nldm_211120.lib.gz
read_liberty ./platforms/asap7/lib/NLDM/asap7sc7p5t_SIMPLE_RVT_FF_nldm_211120.lib.gz
read_liberty ./platforms/asap7/lib/NLDM/asap7sc7p5t_SEQ_RVT_FF_nldm_220123.lib
read_db -hier /tmp/workspace/scripts-Private_test-fr_cugr_cmp-2-/results/asap7/mock-cpu/base/3_4_place_resized.odb
[WARNING ORD-0012] Hierarchical flow (-hier) is currently in development and may cause multiple issues. Do not use in production environments.
read_sdc /tmp/workspace/scripts-Private_test-fr_cugr_cmp-2-/results/asap7/mock-cpu/base/2_floorplan.sdc
[WARNING STA-1551] /tmp/workspace/scripts-Private_test-fr_cugr_cmp-2-/results/asap7/mock-cpu/base/2_floorplan.sdc line 56522, 'fifo_in/wdata[31]' is not a valid endpoint.
[WARNING STA-1551] /tmp/workspace/scripts-Private_test-fr_cugr_cmp-2-/results/asap7/mock-cpu/base/2_floorplan.sdc line 56522, 'fifo_in/wdata[30]' is not a valid endpoint.
[WARNING STA-1551] /tmp/workspace/scripts-Private_test-fr_cugr_cmp-2-/results/asap7/mock-cpu/base/2_floorplan.sdc line 56522, 'fifo_in/wdata[29]' is not a valid endpoint.
[WARNING STA-1551] /tmp/workspace/scripts-Private_test-fr_cugr_cmp-2-/results/asap7/mock-cpu/base/2_floorplan.sdc line 56522, 'fifo_in/wdata[28]' is not a valid endpoint.
[WARNING STA-1551] /tmp/workspace/scripts-Private_test-fr_cugr_cmp-2-/results/asap7/mock-cpu/base/2_floorplan.sdc line 56522, 'fifo_in/wdata[27]' is not a valid endpoint.
[WARNING STA-1551] /tmp/workspace/scripts-Private_test-fr_cugr_cmp-2-/results/asap7/mock-cpu/base/2_floorplan.sdc line 56522, 'fifo_in/wdata[26]' is not a valid endpoint.
[WARNING STA-1551] /tmp/workspace/scripts-Private_test-fr_cugr_cmp-2-/results/asap7/mock-cpu/base/2_floorplan.sdc line 56522, 'fifo_in/wdata[25]' is not a valid endpoint.
[WARNING STA-1551] /tmp/workspace/scripts-Private_test-fr_cugr_cmp-2-/results/asap7/mock-cpu/base/2_floorplan.sdc line 56522, 'fifo_in/wdata[24]' is not a valid endpoint.
[WARNING STA-1551] /tmp/workspace/scripts-Private_test-fr_cugr_cmp-2-/results/asap7/mock-cpu/base/2_floorplan.sdc line 56522, 'fifo_in/wdata[23]' is not a valid endpoint.
[WARNING STA-1551] /tmp/workspace/scripts-Private_test-fr_cugr_cmp-2-/results/asap7/mock-cpu/base/2_floorplan.sdc line 56522, 'fifo_in/wdata[22]' is not a valid endpoint.
[WARNING STA-1551] /tmp/workspace/scripts-Private_test-fr_cugr_cmp-2-/results/asap7/mock-cpu/base/2_floorplan.sdc line 56522, 'fifo_in/wdata[21]' is not a valid endpoint.
[WARNING STA-1551] /tmp/workspace/scripts-Private_test-fr_cugr_cmp-2-/results/asap7/mock-cpu/base/2_floorplan.sdc line 56522, 'fifo_in/wdata[20]' is not a valid endpoint.
[WARNING STA-1551] /tmp/workspace/scripts-Private_test-fr_cugr_cmp-2-/results/asap7/mock-cpu/base/2_floorplan.sdc line 56522, 'fifo_in/wdata[19]' is not a valid endpoint.
[WARNING STA-1551] /tmp/workspace/scripts-Private_test-fr_cugr_cmp-2-/results/asap7/mock-cpu/base/2_floorplan.sdc line 56522, 'fifo_in/wdata[18]' is not a valid endpoint.
[WARNING STA-1551] /tmp/workspace/scripts-Private_test-fr_cugr_cmp-2-/results/asap7/mock-cpu/base/2_floorplan.sdc line 56522, 'fifo_in/wdata[17]' is not a valid endpoint.
[WARNING STA-1551] /tmp/workspace/scripts-Private_test-fr_cugr_cmp-2-/results/asap7/mock-cpu/base/2_floorplan.sdc line 56522, 'fifo_in/wdata[16]' is not a valid endpoint.
[WARNING STA-1551] /tmp/workspace/scripts-Private_test-fr_cugr_cmp-2-/results/asap7/mock-cpu/base/2_floorplan.sdc line 56522, 'fifo_in/wdata[15]' is not a valid endpoint.
[WARNING STA-1551] /tmp/workspace/scripts-Private_test-fr_cugr_cmp-2-/results/asap7/mock-cpu/base/2_floorplan.sdc line 56522, 'fifo_in/wdata[14]' is not a valid endpoint.
[WARNING STA-1551] /tmp/workspace/scripts-Private_test-fr_cugr_cmp-2-/results/asap7/mock-cpu/base/2_floorplan.sdc line 56522, 'fifo_in/wdata[13]' is not a valid endpoint.
[WARNING STA-1551] /tmp/workspace/scripts-Private_test-fr_cugr_cmp-2-/results/asap7/mock-cpu/base/2_floorplan.sdc line 56522, 'fifo_in/wdata[12]' is not a valid endpoint.
[WARNING STA-1551] /tmp/workspace/scripts-Private_test-fr_cugr_cmp-2-/results/asap7/mock-cpu/base/2_floorplan.sdc line 56522, 'fifo_in/wdata[11]' is not a valid endpoint.
[WARNING STA-1551] /tmp/workspace/scripts-Private_test-fr_cugr_cmp-2-/results/asap7/mock-cpu/base/2_floorplan.sdc line 56522, 'fifo_in/wdata[10]' is not a valid endpoint.
[WARNING STA-1551] /tmp/workspace/scripts-Private_test-fr_cugr_cmp-2-/results/asap7/mock-cpu/base/2_floorplan.sdc line 56522, 'fifo_in/wdata[9]' is not a valid endpoint.
[WARNING STA-1551] /tmp/workspace/scripts-Private_test-fr_cugr_cmp-2-/results/asap7/mock-cpu/base/2_floorplan.sdc line 56522, 'fifo_in/wdata[8]' is not a valid endpoint.
[WARNING STA-1551] /tmp/workspace/scripts-Private_test-fr_cugr_cmp-2-/results/asap7/mock-cpu/base/2_floorplan.sdc line 56522, 'fifo_in/wdata[7]' is not a valid endpoint.
[WARNING STA-1551] /tmp/workspace/scripts-Private_test-fr_cugr_cmp-2-/results/asap7/mock-cpu/base/2_floorplan.sdc line 56522, 'fifo_in/wdata[6]' is not a valid endpoint.
[WARNING STA-1551] /tmp/workspace/scripts-Private_test-fr_cugr_cmp-2-/results/asap7/mock-cpu/base/2_floorplan.sdc line 56522, 'fifo_in/wdata[5]' is not a valid endpoint.
[WARNING STA-1551] /tmp/workspace/scripts-Private_test-fr_cugr_cmp-2-/results/asap7/mock-cpu/base/2_floorplan.sdc line 56522, 'fifo_in/wdata[4]' is not a valid endpoint.
[WARNING STA-1551] /tmp/workspace/scripts-Private_test-fr_cugr_cmp-2-/results/asap7/mock-cpu/base/2_floorplan.sdc line 56522, 'fifo_in/wdata[3]' is not a valid endpoint.
[WARNING STA-1551] /tmp/workspace/scripts-Private_test-fr_cugr_cmp-2-/results/asap7/mock-cpu/base/2_floorplan.sdc line 56522, 'fifo_in/wdata[2]' is not a valid endpoint.
[WARNING STA-1551] /tmp/workspace/scripts-Private_test-fr_cugr_cmp-2-/results/asap7/mock-cpu/base/2_floorplan.sdc line 56522, 'fifo_in/wdata[1]' is not a valid endpoint.
[WARNING STA-1551] /tmp/workspace/scripts-Private_test-fr_cugr_cmp-2-/results/asap7/mock-cpu/base/2_floorplan.sdc line 56522, 'fifo_in/wdata[0]' is not a valid endpoint.
[WARNING STA-1551] /tmp/workspace/scripts-Private_test-fr_cugr_cmp-2-/results/asap7/mock-cpu/base/2_floorplan.sdc line 56522, 'fifo_in/winc' is not a valid endpoint.
[WARNING STA-1551] /tmp/workspace/scripts-Private_test-fr_cugr_cmp-2-/results/asap7/mock-cpu/base/2_floorplan.sdc line 56522, 'fifo_out/rinc' is not a valid endpoint.
[WARNING STA-1551] /tmp/workspace/scripts-Private_test-fr_cugr_cmp-2-/results/asap7/mock-cpu/base/2_floorplan.sdc line 94135, 'fifo_out/rinc' is not a valid endpoint.
[WARNING STA-1551] /tmp/workspace/scripts-Private_test-fr_cugr_cmp-2-/results/asap7/mock-cpu/base/2_floorplan.sdc line 94138, 'fifo_in/winc' is not a valid endpoint.
[WARNING STA-1551] /tmp/workspace/scripts-Private_test-fr_cugr_cmp-2-/results/asap7/mock-cpu/base/2_floorplan.sdc line 94203, 'fifo_in/wdata[31]' is not a valid endpoint.
[WARNING STA-1551] /tmp/workspace/scripts-Private_test-fr_cugr_cmp-2-/results/asap7/mock-cpu/base/2_floorplan.sdc line 94203, 'fifo_in/wdata[30]' is not a valid endpoint.
[WARNING STA-1551] /tmp/workspace/scripts-Private_test-fr_cugr_cmp-2-/results/asap7/mock-cpu/base/2_floorplan.sdc line 94203, 'fifo_in/wdata[29]' is not a valid endpoint.
[WARNING STA-1551] /tmp/workspace/scripts-Private_test-fr_cugr_cmp-2-/results/asap7/mock-cpu/base/2_floorplan.sdc line 94203, 'fifo_in/wdata[28]' is not a valid endpoint.
[WARNING STA-1551] /tmp/workspace/scripts-Private_test-fr_cugr_cmp-2-/results/asap7/mock-cpu/base/2_floorplan.sdc line 94203, 'fifo_in/wdata[27]' is not a valid endpoint.
[WARNING STA-1551] /tmp/workspace/scripts-Private_test-fr_cugr_cmp-2-/results/asap7/mock-cpu/base/2_floorplan.sdc line 94203, 'fifo_in/wdata[26]' is not a valid endpoint.
[WARNING STA-1551] /tmp/workspace/scripts-Private_test-fr_cugr_cmp-2-/results/asap7/mock-cpu/base/2_floorplan.sdc line 94203, 'fifo_in/wdata[25]' is not a valid endpoint.
[WARNING STA-1551] /tmp/workspace/scripts-Private_test-fr_cugr_cmp-2-/results/asap7/mock-cpu/base/2_floorplan.sdc line 94203, 'fifo_in/wdata[24]' is not a valid endpoint.
[WARNING STA-1551] /tmp/workspace/scripts-Private_test-fr_cugr_cmp-2-/results/asap7/mock-cpu/base/2_floorplan.sdc line 94203, 'fifo_in/wdata[23]' is not a valid endpoint.
[WARNING STA-1551] /tmp/workspace/scripts-Private_test-fr_cugr_cmp-2-/results/asap7/mock-cpu/base/2_floorplan.sdc line 94203, 'fifo_in/wdata[22]' is not a valid endpoint.
[WARNING STA-1551] /tmp/workspace/scripts-Private_test-fr_cugr_cmp-2-/results/asap7/mock-cpu/base/2_floorplan.sdc line 94203, 'fifo_in/wdata[21]' is not a valid endpoint.
[WARNING STA-1551] /tmp/workspace/scripts-Private_test-fr_cugr_cmp-2-/results/asap7/mock-cpu/base/2_floorplan.sdc line 94203, 'fifo_in/wdata[20]' is not a valid endpoint.
[WARNING STA-1551] /tmp/workspace/scripts-Private_test-fr_cugr_cmp-2-/results/asap7/mock-cpu/base/2_floorplan.sdc line 94203, 'fifo_in/wdata[19]' is not a valid endpoint.
[WARNING STA-1551] /tmp/workspace/scripts-Private_test-fr_cugr_cmp-2-/results/asap7/mock-cpu/base/2_floorplan.sdc line 94203, 'fifo_in/wdata[18]' is not a valid endpoint.
[WARNING STA-1551] /tmp/workspace/scripts-Private_test-fr_cugr_cmp-2-/results/asap7/mock-cpu/base/2_floorplan.sdc line 94203, 'fifo_in/wdata[17]' is not a valid endpoint.
[WARNING STA-1551] /tmp/workspace/scripts-Private_test-fr_cugr_cmp-2-/results/asap7/mock-cpu/base/2_floorplan.sdc line 94203, 'fifo_in/wdata[16]' is not a valid endpoint.
[WARNING STA-1551] /tmp/workspace/scripts-Private_test-fr_cugr_cmp-2-/results/asap7/mock-cpu/base/2_floorplan.sdc line 94203, 'fifo_in/wdata[15]' is not a valid endpoint.
[WARNING STA-1551] /tmp/workspace/scripts-Private_test-fr_cugr_cmp-2-/results/asap7/mock-cpu/base/2_floorplan.sdc line 94203, 'fifo_in/wdata[14]' is not a valid endpoint.
[WARNING STA-1551] /tmp/workspace/scripts-Private_test-fr_cugr_cmp-2-/results/asap7/mock-cpu/base/2_floorplan.sdc line 94203, 'fifo_in/wdata[13]' is not a valid endpoint.
[WARNING STA-1551] /tmp/workspace/scripts-Private_test-fr_cugr_cmp-2-/results/asap7/mock-cpu/base/2_floorplan.sdc line 94203, 'fifo_in/wdata[12]' is not a valid endpoint.
[WARNING STA-1551] /tmp/workspace/scripts-Private_test-fr_cugr_cmp-2-/results/asap7/mock-cpu/base/2_floorplan.sdc line 94203, 'fifo_in/wdata[11]' is not a valid endpoint.
[WARNING STA-1551] /tmp/workspace/scripts-Private_test-fr_cugr_cmp-2-/results/asap7/mock-cpu/base/2_floorplan.sdc line 94203, 'fifo_in/wdata[10]' is not a valid endpoint.
[WARNING STA-1551] /tmp/workspace/scripts-Private_test-fr_cugr_cmp-2-/results/asap7/mock-cpu/base/2_floorplan.sdc line 94203, 'fifo_in/wdata[9]' is not a valid endpoint.
[WARNING STA-1551] /tmp/workspace/scripts-Private_test-fr_cugr_cmp-2-/results/asap7/mock-cpu/base/2_floorplan.sdc line 94203, 'fifo_in/wdata[8]' is not a valid endpoint.
[WARNING STA-1551] /tmp/workspace/scripts-Private_test-fr_cugr_cmp-2-/results/asap7/mock-cpu/base/2_floorplan.sdc line 94203, 'fifo_in/wdata[7]' is not a valid endpoint.
[WARNING STA-1551] /tmp/workspace/scripts-Private_test-fr_cugr_cmp-2-/results/asap7/mock-cpu/base/2_floorplan.sdc line 94203, 'fifo_in/wdata[6]' is not a valid endpoint.
[WARNING STA-1551] /tmp/workspace/scripts-Private_test-fr_cugr_cmp-2-/results/asap7/mock-cpu/base/2_floorplan.sdc line 94203, 'fifo_in/wdata[5]' is not a valid endpoint.
[WARNING STA-1551] /tmp/workspace/scripts-Private_test-fr_cugr_cmp-2-/results/asap7/mock-cpu/base/2_floorplan.sdc line 94203, 'fifo_in/wdata[4]' is not a valid endpoint.
[WARNING STA-1551] /tmp/workspace/scripts-Private_test-fr_cugr_cmp-2-/results/asap7/mock-cpu/base/2_floorplan.sdc line 94203, 'fifo_in/wdata[3]' is not a valid endpoint.
[WARNING STA-1551] /tmp/workspace/scripts-Private_test-fr_cugr_cmp-2-/results/asap7/mock-cpu/base/2_floorplan.sdc line 94203, 'fifo_in/wdata[2]' is not a valid endpoint.
[WARNING STA-1551] /tmp/workspace/scripts-Private_test-fr_cugr_cmp-2-/results/asap7/mock-cpu/base/2_floorplan.sdc line 94203, 'fifo_in/wdata[1]' is not a valid endpoint.
[WARNING STA-1551] /tmp/workspace/scripts-Private_test-fr_cugr_cmp-2-/results/asap7/mock-cpu/base/2_floorplan.sdc line 94203, 'fifo_in/wdata[0]' is not a valid endpoint.
[WARNING STA-1551] /tmp/workspace/scripts-Private_test-fr_cugr_cmp-2-/results/asap7/mock-cpu/base/2_floorplan.sdc line 94247, 'rrst_n' is not a valid endpoint.
[WARNING STA-1551] /tmp/workspace/scripts-Private_test-fr_cugr_cmp-2-/results/asap7/mock-cpu/base/2_floorplan.sdc line 94247, 'wrst_n' is not a valid endpoint.
source ./platforms/asap7/setRC.tcl
detailed_placement
[INFO DPL-0006] Core area: 16048.83 um^2
[INFO DPL-0007] Movable instances area: 6434.62 um^2
[INFO DPL-0008] Fixed instances area within core: 61.67 um^2
[INFO DPL-0009] Utilization: 40.5%
[INFO DPL-0005] Diamond search max displacement: +/- 500 sites horizontally, +/- 100 rows vertically.
[INFO DPL-1102] Legalizing using negotiation legalizer.
[INFO DPL-1103] Negotiation base search window: +/-20 sites horizontally, +/-5 rows vertically 
	Automatic search window extension enabled.
	Search window extendable up to the max displacement cap of +/-500 sites, +/-100 rows near walls.
[INFO DPL-1104] NegotiationLegalizer DRC penalty: 5.
[INFO DPL-0392] Negotiation cell height distribution (1 unique row-count(s)):
[INFO DPL-0393]   height 1 row(s): 41010 cells
          |      Total |  Illegal |  Illegal
Iteration | Violations |    Cells |    Sites
---------------------------------------------
        0 |        343 |        89 |       254
        1 |         66 |        12 |        54
        2 |         12 |         2 |        10
        3 |          0 |         0 |         0
Negotiation phase 1 converged at iteration 3.
[INFO DPL-0500] Runtime: 0.64s
Placement Analysis
---------------------------------
total displacement      13056.9 u
average displacement        0.3 u
max displacement            2.6 u
original HPWL           24240.3 u
legalized HPWL          36599.7 u
delta HPWL                   51 %

improve_placement -max_displacement "5 1"
Detailed placement improvement.
[INFO DPL-0401] Setting random seed to 1.
[INFO DPL-0402] Setting maximum displacement 5 1 to 1350 270 units.
[INFO DPL-0320] Collected 2187 fixed cells.
[INFO DPL-0318] Collected 38895 single height cells.
[INFO DPL-0321] Collected 0 wide cells.
[INFO DPL-0322] Image (2052, 2160) - (128790, 128790)
[INFO DPL-0310] Assigned 38895 cells into segments.  Movement in X-direction is 0.000000, movement in Y-direction is 0.000000.
[INFO DPL-0313] Found 0 cells in wrong regions.
[INFO DPL-0315] Found 0 row alignment problems.
[INFO DPL-0314] Found 0 site alignment problems.
[INFO DPL-0311] Found 0 overlaps between adjacent cells.
[INFO DPL-0312] Found 0 edge spacing violations and 0 padding violations.
[INFO DPL-0303] Running algorithm for independent set matching.
[INFO DPL-0300] Set matching objective is wirelength.
[INFO DPL-0301] Pass   1 of matching; objective is 3.603707e+07.
[INFO DPL-0301] Pass   2 of matching; objective is 3.565864e+07.
[INFO DPL-0302] End of matching; objective is 3.563213e+07, improvement is 1.12 percent.
[INFO DPL-0303] Running algorithm for global swaps.
[INFO DPL-0306] Pass   1 of global swaps; hpwl is 3.413504e+07.
[INFO DPL-0306] Pass   2 of global swaps; hpwl is 3.389846e+07.
[INFO DPL-0307] End of global swaps; objective is 3.389846e+07, improvement is 4.87 percent.
[INFO DPL-0303] Running algorithm for vertical swaps.
[INFO DPL-0308] Pass   1 of vertical swaps; hpwl is 3.335386e+07.
[INFO DPL-0308] Pass   2 of vertical swaps; hpwl is 3.304698e+07.
[INFO DPL-0309] End of vertical swaps; objective is 3.304698e+07, improvement is 2.51 percent.
[INFO DPL-0303] Running algorithm for reordering.
[INFO DPL-0304] Pass   1 of reordering; objective is 3.294747e+07.
[INFO DPL-0305] End of reordering; objective is 3.294747e+07, improvement is 0.30 percent.
[INFO DPL-0303] Running algorithm for random improvement.
[INFO DPL-0324] Random improver is using random generator.
[INFO DPL-0325] Random improver is using hpwl objective.
[INFO DPL-0326] Random improver cost string is (a).
[INFO DPL-0332] End of pass, Generator random called 777900 times.
[INFO DPL-0335] Generator random, Cumulative attempts 777900, swaps 95139, moves 199243 since last reset.
[INFO DPL-0333] End of pass, Objective hpwl, Initial cost 3.268272e+07, Scratch cost 3.165546e+07, Incremental cost 3.165546e+07, Mismatch? N
[INFO DPL-0338] End of pass, Total cost is 3.165546e+07.
[INFO DPL-0327] Pass   1 of random improver; improvement in cost is 3.14 percent.
[INFO DPL-0332] End of pass, Generator random called 777900 times.
[INFO DPL-0335] Generator random, Cumulative attempts 1555800, swaps 185711, moves 398944 since last reset.
[INFO DPL-0333] End of pass, Objective hpwl, Initial cost 3.165546e+07, Scratch cost 3.117280e+07, Incremental cost 3.117280e+07, Mismatch? N
[INFO DPL-0338] End of pass, Total cost is 3.117280e+07.
[INFO DPL-0327] Pass   2 of random improver; improvement in cost is 1.52 percent.
[INFO DPL-0332] End of pass, Generator random called 777900 times.
[INFO DPL-0335] Generator random, Cumulative attempts 2333700, swaps 274803, moves 598001 since last reset.
[INFO DPL-0333] End of pass, Objective hpwl, Initial cost 3.117280e+07, Scratch cost 3.091038e+07, Incremental cost 3.091038e+07, Mismatch? N
[INFO DPL-0338] End of pass, Total cost is 3.091038e+07.
[INFO DPL-0327] Pass   3 of random improver; improvement in cost is 0.84 percent.
[INFO DPL-0328] End of random improver; improvement is 5.422862 percent.
[INFO DPL-0380] Cell flipping.
[INFO DPL-0382] Changed 0 cell orientations for row compatibility.
[INFO DPL-0383] Performed 21427 cell flips.
[INFO DPL-0384] End of flipping; objective is 2.576551e+07, improvement is 17.35 percent.
[INFO DPL-0313] Found 0 cells in wrong regions.
[INFO DPL-0315] Found 0 row alignment problems.
[INFO DPL-0314] Found 0 site alignment problems.
[INFO DPL-0311] Found 0 overlaps between adjacent cells.
[INFO DPL-0312] Found 0 edge spacing violations and 0 padding violations.
Detailed Improvement Results
------------------------------------------
Original HPWL            36599.7 u (   18020.4,    18579.3)
Final HPWL               25750.5 u (   13021.7,    12728.8)
Delta HPWL                 -29.6 % (     -27.7,      -31.5)

Took 16 seconds: improve_placement -max_displacement "5 1"
optimize_mirroring
[INFO DPL-0020] Mirrored 6891 instances
[INFO DPL-0021] HPWL before           25750.5 u
[INFO DPL-0022] HPWL after            25630.6 u
[INFO DPL-0023] HPWL delta               -0.5 %
[INFO FLW-0012] Placement violations .
estimate_parasitics -placement
Report metrics stage 3, detailed place...

==========================================================================
detailed place report_design_area
--------------------------------------------------------------------------
Design area 6496 um^2 40% utilization.
write_db /tmp/workspace/scripts-Private_test-fr_cugr_cmp-2-/results/asap7/mock-cpu/base/3_5_place_dp.odb
write_sdc -no_timestamp /tmp/workspace/scripts-Private_test-fr_cugr_cmp-2-/results/asap7/mock-cpu/base/3_place.sdc
Elapsed time: 0:28.31[h:]min:sec. CPU time: user 36.00 sys 21.32 (202%). Peak memory: 467212KB.
Log                       Ext     Elapsed/s Peak Memory/MB sha1sum result [0:20)
3_5_place_dp              .odb           28            456 2fd34fb768c573e560ef
