[2026-08-20 04:22:44.466] [miter_logger] [info] MiterStrategy::run starting
[2026-08-20 04:22:44.466] [miter_logger] [info] Collecting POs for design 0: mock_cpu

[2026-08-20 04:22:44.575] [miter_logger] [info] Collected 19006 PIs for design 0

[2026-08-20 04:22:44.575] [miter_logger] [info] Collected 37730 POs for design 0

[2026-08-20 04:22:44.576] [miter_logger] [info] design 0 PI summary by model/term (19006 total terminals, 11 unique rows):
| Model                   | Term       | Count |
|-------------------------|------------|-------|
| DFFHQNx1_ASAP7_75t_R    | QN         | 18752 |
| TIELOx1_ASAP7_75t_R     | L          |   120 |
| DFFASRHQNx1_ASAP7_75t_R | QN         |    48 |
| TIEHIx1_ASAP7_75t_R     | H          |    48 |
| mock_cpu                | wdata      |    32 |
| mock_cpu                | clk        |     1 |
| mock_cpu                | clk_uncore |     1 |
| mock_cpu                | rinc       |     1 |
| mock_cpu                | rrst_n     |     1 |
| mock_cpu                | winc       |     1 |
| mock_cpu                | wrst_n     |     1 |

[2026-08-20 04:22:44.579] [miter_logger] [info] design 0 PO summary by model/term (37730 total terminals, 9 unique rows):
| Model                   | Term   | Count |
|-------------------------|--------|-------|
| DFFHQNx1_ASAP7_75t_R    | CLK    | 18752 |
| DFFHQNx1_ASAP7_75t_R    | D      | 18752 |
| DFFASRHQNx1_ASAP7_75t_R | CLK    |    48 |
| DFFASRHQNx1_ASAP7_75t_R | D      |    48 |
| DFFASRHQNx1_ASAP7_75t_R | RESETN |    48 |
| DFFASRHQNx1_ASAP7_75t_R | SETN   |    48 |
| mock_cpu                | rdata  |    32 |
| mock_cpu                | rempty |     1 |
| mock_cpu                | wfull  |     1 |

[2026-08-20 04:22:44.580] [miter_logger] [info] Collecting POs for design 1: mock_cpu

[2026-08-20 04:22:44.702] [miter_logger] [info] size of common inputs: 18838
[2026-08-20 04:22:44.702] [miter_logger] [info] size of diff0 inputs: 0
[2026-08-20 04:22:44.702] [miter_logger] [info] size of diff1 inputs: 0
[2026-08-20 04:22:44.704] [miter_logger] [info] Collected 19006 PIs for design 1

[2026-08-20 04:22:44.704] [miter_logger] [info] Collected 37730 POs for design 1

[2026-08-20 04:22:44.706] [miter_logger] [info] design 1 PI summary by model/term (19006 total terminals, 11 unique rows):
| Model                   | Term       | Count |
|-------------------------|------------|-------|
| DFFHQNx1_ASAP7_75t_R    | QN         | 18752 |
| TIELOx1_ASAP7_75t_R     | L          |   120 |
| DFFASRHQNx1_ASAP7_75t_R | QN         |    48 |
| TIEHIx1_ASAP7_75t_R     | H          |    48 |
| mock_cpu                | wdata      |    32 |
| mock_cpu                | clk        |     1 |
| mock_cpu                | clk_uncore |     1 |
| mock_cpu                | rinc       |     1 |
| mock_cpu                | rrst_n     |     1 |
| mock_cpu                | winc       |     1 |
| mock_cpu                | wrst_n     |     1 |

[2026-08-20 04:22:44.710] [miter_logger] [info] design 1 PO summary by model/term (37730 total terminals, 9 unique rows):
| Model                   | Term   | Count |
|-------------------------|--------|-------|
| DFFHQNx1_ASAP7_75t_R    | CLK    | 18752 |
| DFFHQNx1_ASAP7_75t_R    | D      | 18752 |
| DFFASRHQNx1_ASAP7_75t_R | CLK    |    48 |
| DFFASRHQNx1_ASAP7_75t_R | D      |    48 |
| DFFASRHQNx1_ASAP7_75t_R | RESETN |    48 |
| DFFASRHQNx1_ASAP7_75t_R | SETN   |    48 |
| mock_cpu                | rdata  |    32 |
| mock_cpu                | rempty |     1 |
| mock_cpu                | wfull  |     1 |

[2026-08-20 04:22:44.711] [miter_logger] [info] normalizeInputs: starting
[2026-08-20 04:22:44.736] [miter_logger] [info] size of common inputs: 19006
[2026-08-20 04:22:44.737] [miter_logger] [info] size of diff0 inputs: 0
[2026-08-20 04:22:44.737] [miter_logger] [info] size of diff1 inputs: 0
[2026-08-20 04:22:44.740] [miter_logger] [info] normalizeOutputs: starting
[2026-08-20 04:22:44.792] [miter_logger] [info] size of common outputs: 37730
[2026-08-20 04:22:44.792] [miter_logger] [info] size of diff0 outputs: 0
[2026-08-20 04:22:44.792] [miter_logger] [info] size of diff1 outputs: 0
[2026-08-20 04:22:44.797] [miter_logger] [info] size of PIs in circuit 0: 19006
[2026-08-20 04:22:44.797] [miter_logger] [info] size of PIs in circuit 1: 19006
[2026-08-20 04:22:44.797] [miter_logger] [info] size of POs in circuit 0: 37730
[2026-08-20 04:22:44.797] [miter_logger] [info] size of POs in circuit 1: 37730
[2026-08-20 04:22:44.991] [miter_logger] [info] Building miter expression
[2026-08-20 04:22:44.993] [miter_logger] [info] Finished building miter expression
[2026-08-20 04:22:44.993] [miter_logger] [info] Starting solver
[2026-08-20 04:22:44.993] [miter_logger] [info] SAT solver finished: UNSAT
[2026-08-20 04:22:44.993] [miter_logger] [info] Circuits are IDENTICAL
