OpenROAD 26Q3-1464-gb22abfea20 
Features included (+) or not (-): +GPU +GUI +Python
This program is licensed under the BSD-3 license. See the LICENSE file for details.
Components of this program may be licensed under more restrictive licenses which must be honored.
[INFO ORD-0030] Using 30 thread(s).
source ./platforms/asap7/liberty_suppressions.tcl
read_liberty ./platforms/asap7/lib/NLDM/asap7sc7p5t_AO_LVT_FF_nldm_211120.lib.gz
read_liberty ./platforms/asap7/lib/NLDM/asap7sc7p5t_INVBUF_LVT_FF_nldm_220122.lib.gz
read_liberty ./platforms/asap7/lib/NLDM/asap7sc7p5t_OA_LVT_FF_nldm_211120.lib.gz
read_liberty ./platforms/asap7/lib/NLDM/asap7sc7p5t_SIMPLE_LVT_FF_nldm_211120.lib.gz
read_liberty ./platforms/asap7/lib/NLDM/asap7sc7p5t_SEQ_LVT_FF_nldm_220123.lib
read_db /tmp/workspace/scripts-Private_test-fr_cugr_cmp-1-/results/asap7/ethmac_lvt/base/2_floorplan.odb
read_sdc /tmp/workspace/scripts-Private_test-fr_cugr_cmp-1-/results/asap7/ethmac_lvt/base/2_floorplan.sdc
source ./platforms/asap7/setRC.tcl
global_placement -skip_io -density 0.6 -pad_left 0 -pad_right 0
[INFO GPL-0001] ---- Initialize GPL Main Data Structures
[INFO GPL-0002] DBU: 1000
[INFO GPL-0003] SiteSize: (  0.054  0.270 ) um
[INFO GPL-0004] CoreBBox: (  2.052  2.160 ) ( 137.700 137.700 ) um
[INFO GPL-0016] Core area:                   18385.730 um^2
[INFO GPL-0036] Movable instances area:       7422.882 um^2
[INFO GPL-0037] Total instances area:         7488.900 um^2
[INFO GPL-0035] Pin density area adjust:      1048.150 um^2
[INFO GPL-0032] ---- Initialize Region: Top-level
[INFO GPL-0006] Number of instances:             60416
[INFO GPL-0007] Movable instances:               58152
[INFO GPL-0008] Fixed instances:                  2264
[INFO GPL-0009] Dummy instances:                     0
[INFO GPL-0010] Number of nets:                  58431
[INFO GPL-0011] Number of pins:                 193604
[INFO GPL-0012] Die BBox:       (  0.000  0.000 ) ( 139.715 139.715 ) um
[INFO GPL-0013] Placement BBox: (  2.052  2.160 ) ( 137.700 137.700 ) um
[INFO GPL-0014] Region name: top-level.
[INFO GPL-0015] Region area:                 18385.730 um^2
[INFO GPL-0017] Fixed instances area:           66.018 um^2
[INFO GPL-0018] Movable instances area:       8471.032 um^2
[INFO GPL-0019] Utilization:                    46.240 %
[INFO GPL-0020] Standard cells area:          8471.032 um^2
[INFO GPL-0021] Large instances area:            0.000 um^2
[INFO GPL-0005] ---- Execute Conjugate Gradient Initial Placement.
[INFO GPL-0051] Source of initial instance position counters:
	Odb location = 0	Core center = 58152	Region center = 0
[INFO GPL-0033] ---- Initialize Nesterov Region: Top-level
[INFO GPL-0023] Placement target density:       0.6000
[INFO GPL-0024] Movable insts average area:      0.146 um^2
[INFO GPL-0025] Ideal bin area:                  0.243 um^2
[INFO GPL-0026] Ideal bin count:                 75729
[INFO GPL-0027] Total bin area:              18385.730 um^2
[INFO GPL-0028] Bin count (X, Y):         256 ,    256
[INFO GPL-0029] Bin size (W * H):       0.530 *  0.529 um
[INFO GPL-0030] Number of bins:                  65536
[INFO GPL-0084] ---- Execute Nesterov Global Placement.
[INFO GPL-0031] HPWL: Half-Perimeter Wirelength
Iteration | Overflow |     HPWL (um) |  HPWL(%) |   Penalty | Group
---------------------------------------------------------------
        0 |   0.9976 |  1.792986e+04 |   +0.00% |  8.35e-15 |      
       10 |   0.9975 |  1.372180e+04 |  -23.47% |  1.36e-14 |      
       20 |   0.9975 |  1.357789e+04 |   -1.05% |  2.21e-14 |      
       30 |   0.9975 |  1.355425e+04 |   -0.17% |  3.61e-14 |      
       40 |   0.9975 |  1.353420e+04 |   -0.15% |  5.87e-14 |      
       50 |   0.9975 |  1.353126e+04 |   -0.02% |  9.57e-14 |      
       60 |   0.9975 |  1.353119e+04 |   -0.00% |  1.56e-13 |      
       70 |   0.9975 |  1.353262e+04 |   +0.01% |  2.54e-13 |      
       80 |   0.9975 |  1.353807e+04 |   +0.04% |  4.14e-13 |      
       90 |   0.9974 |  1.355114e+04 |   +0.10% |  6.74e-13 |      
      100 |   0.9974 |  1.358842e+04 |   +0.28% |  1.10e-12 |      
      110 |   0.9973 |  1.368590e+04 |   +0.72% |  1.79e-12 |      
      120 |   0.9971 |  1.393409e+04 |   +1.81% |  2.91e-12 |      
      130 |   0.9967 |  1.461607e+04 |   +4.89% |  4.74e-12 |      
      140 |   0.9959 |  1.668428e+04 |  +14.15% |  7.72e-12 |      
      150 |   0.9947 |  2.151696e+04 |  +28.97% |  1.26e-11 |      
      160 |   0.9930 |  2.755626e+04 |  +28.07% |  2.05e-11 |      
      170 |   0.9910 |  3.210100e+04 |  +16.49% |  3.33e-11 |      
      180 |   0.9885 |  3.587911e+04 |  +11.77% |  5.43e-11 |      
      190 |   0.9851 |  4.257571e+04 |  +18.66% |  8.83e-11 |      
      200 |   0.9797 |  5.260621e+04 |  +23.56% |  1.44e-10 |      
      210 |   0.9717 |  6.457617e+04 |  +22.75% |  2.34e-10 |      
      220 |   0.9614 |  7.821771e+04 |  +21.12% |  3.80e-10 |      
      230 |   0.9472 |  9.507757e+04 |  +21.56% |  6.18e-10 |      
      240 |   0.9301 |  1.138003e+05 |  +19.69% |  1.01e-09 |      
      250 |   0.9089 |  1.339363e+05 |  +17.69% |  1.63e-09 |      
      260 |   0.8841 |  1.551840e+05 |  +15.86% |  2.65e-09 |      
      270 |   0.8551 |  1.776811e+05 |  +14.50% |  4.31e-09 |      
      280 |   0.8224 |  2.000493e+05 |  +12.59% |  7.01e-09 |      
      290 |   0.7830 |  2.209197e+05 |  +10.43% |  1.14e-08 |      
      300 |   0.7360 |  2.407607e+05 |   +8.98% |  1.85e-08 |      
      310 |   0.6823 |  2.634675e+05 |   +9.43% |  3.01e-08 |      
      320 |   0.6276 |  2.917613e+05 |  +10.74% |  4.89e-08 |      
      330 |   0.5812 |  3.140727e+05 |   +7.65% |  7.94e-08 |      
      340 |   0.5359 |  3.218241e+05 |   +2.47% |  1.29e-07 |      
      350 |   0.4884 |  3.233734e+05 |   +0.48% |  2.10e-07 |      
      360 |   0.4428 |  3.318048e+05 |   +2.61% |  3.42e-07 |      
      370 |   0.4023 |  3.389650e+05 |   +2.16% |  5.57e-07 |      
      380 |   0.3626 |  3.378887e+05 |   -0.32% |  9.08e-07 |      
      390 |   0.3274 |  3.405339e+05 |   +0.78% |  1.41e-06 |      
      400 |   0.2970 |  3.398978e+05 |   -0.19% |  2.07e-06 |      
      410 |   0.2689 |  3.406469e+05 |   +0.22% |  3.05e-06 |      
      420 |   0.2381 |  3.405757e+05 |   -0.02% |  4.49e-06 |      
      430 |   0.2103 |  3.407697e+05 |   +0.06% |  6.62e-06 |      
      440 |   0.1842 |  3.409217e+05 |   +0.04% |  9.75e-06 |      
      450 |   0.1605 |  3.409991e+05 |   +0.02% |  1.44e-05 |      
      460 |   0.1393 |  3.410767e+05 |   +0.02% |  2.12e-05 |      
      470 |   0.1220 |  3.411840e+05 |   +0.03% |  3.12e-05 |      
      480 |   0.1050 |  3.412919e+05 |   +0.03% |  4.59e-05 |      
      484 |   0.0999 |  3.413557e+05 |          |  5.57e-05 |      
---------------------------------------------------------------
[INFO GPL-1001] Global placement finished at iteration 484
[INFO GPL-1002] Placed Cell Area             8471.0323
[INFO GPL-1003] Available Free Area         18319.7117
[INFO GPL-1004] Minimum Feasible Density        0.4700 (cell_area / free_area)
[INFO GPL-1006]   Suggested Target Densities:
[INFO GPL-1007]     - For 90% usage of free space: 0.5138
[INFO GPL-1008]     - For 80% usage of free space: 0.5780
[INFO GPL-1009]     - For 50% usage of free space: 0.9248
[INFO GPL-1014] Final placement area: 8471.03 (+0.00%)
Took 11 seconds: global_placement -skip_io -density 0.6 -pad_left 0 -pad_right 0
Design area 7489 um^2 41% utilization.
write_db /tmp/workspace/scripts-Private_test-fr_cugr_cmp-1-/results/asap7/ethmac_lvt/base/3_1_place_gp_skip_io.odb
Elapsed time: 0:13.05[h:]min:sec. CPU time: user 211.98 sys 0.32 (1626%). Peak memory: 372032KB.
Log                       Ext     Elapsed/s Peak Memory/MB sha1sum result [0:20)
3_1_place_gp_skip_io      .odb           13            363 5e0414700a231be6e227
