OpenROAD 26Q3-1464-gb22abfea20 
Features included (+) or not (-): +GPU +GUI +Python
This program is licensed under the BSD-3 license. See the LICENSE file for details.
Components of this program may be licensed under more restrictive licenses which must be honored.
[INFO ORD-0030] Using 30 thread(s).
source ./platforms/asap7/liberty_suppressions.tcl
read_liberty ./platforms/asap7/lib/NLDM/asap7sc7p5t_AO_LVT_FF_nldm_211120.lib.gz
read_liberty ./platforms/asap7/lib/NLDM/asap7sc7p5t_INVBUF_LVT_FF_nldm_220122.lib.gz
read_liberty ./platforms/asap7/lib/NLDM/asap7sc7p5t_OA_LVT_FF_nldm_211120.lib.gz
read_liberty ./platforms/asap7/lib/NLDM/asap7sc7p5t_SIMPLE_LVT_FF_nldm_211120.lib.gz
read_liberty ./platforms/asap7/lib/NLDM/asap7sc7p5t_SEQ_LVT_FF_nldm_220123.lib
read_db /tmp/workspace/scripts-Private_test-fr_cugr_cmp-1-/results/asap7/ethmac_lvt/base/5_1_grt.odb
read_sdc /tmp/workspace/scripts-Private_test-fr_cugr_cmp-1-/results/asap7/ethmac_lvt/base/5_1_grt.sdc
source ./platforms/asap7/setRC.tcl
[WARNING STA-0450] virtual clock vclk_wb_clk_i can not be propagated.
[WARNING STA-0450] virtual clock vclk_mtx_clk_pad_i can not be propagated.
[WARNING STA-0450] virtual clock vclk_mrx_clk_pad_i can not be propagated.
detailed_route -output_drc /tmp/workspace/scripts-Private_test-fr_cugr_cmp-1-/reports/asap7/ethmac_lvt/base/5_route_drc.rpt -output_maze /tmp/workspace/scripts-Private_test-fr_cugr_cmp-1-/results/asap7/ethmac_lvt/base/maze.log -droute_end_iter 64 -verbose 1 -drc_report_iter_step 5
[INFO DRT-0149] Reading tech and libs.

Units:                1000
Number of layers:     21
Number of macros:     212
Number of vias:       15
Number of viarulegen: 11

[INFO DRT-0150] Reading design.
[WARNING DRT-0120] Large net _021473_ has 137 pins which may impact routing performance. Consider optimization.
[WARNING DRT-0120] Large net _024428_ has 138 pins which may impact routing performance. Consider optimization.
[WARNING DRT-0120] Large net _033028_ has 128 pins which may impact routing performance. Consider optimization.
[WARNING DRT-0120] Large net _040253_ has 112 pins which may impact routing performance. Consider optimization.
[WARNING DRT-0120] Large net net3413 has 101 pins which may impact routing performance. Consider optimization.
[WARNING DRT-0120] Large net net3411 has 105 pins which may impact routing performance. Consider optimization.
[WARNING DRT-0120] Large net net3179 has 105 pins which may impact routing performance. Consider optimization.
[WARNING DRT-0120] Large net net3175 has 105 pins which may impact routing performance. Consider optimization.
[WARNING DRT-0120] Large net net3106 has 101 pins which may impact routing performance. Consider optimization.
[WARNING DRT-0120] Large net net3105 has 124 pins which may impact routing performance. Consider optimization.
[WARNING DRT-0120] Large net net3028 has 134 pins which may impact routing performance. Consider optimization.
[WARNING DRT-0120] Large net net3032 has 104 pins which may impact routing performance. Consider optimization.
[WARNING DRT-0120] Large net net3440 has 101 pins which may impact routing performance. Consider optimization.
[WARNING DRT-0120] Large net net3437 has 127 pins which may impact routing performance. Consider optimization.
[WARNING DRT-0120] Large net net3443 has 144 pins which may impact routing performance. Consider optimization.
[WARNING DRT-0120] Large net net3372 has 103 pins which may impact routing performance. Consider optimization.
[WARNING DRT-0120] Large net net3220 has 104 pins which may impact routing performance. Consider optimization.
[WARNING DRT-0120] Large net net3219 has 130 pins which may impact routing performance. Consider optimization.
[WARNING DRT-0120] Large net net3396 has 110 pins which may impact routing performance. Consider optimization.
[WARNING DRT-0120] Large net net3395 has 104 pins which may impact routing performance. Consider optimization.
[WARNING DRT-0120] Large net net3215 has 124 pins which may impact routing performance. Consider optimization.
[WARNING DRT-0120] Large net net3424 has 104 pins which may impact routing performance. Consider optimization.
[WARNING DRT-0120] Large net net3019 has 111 pins which may impact routing performance. Consider optimization.
[WARNING DRT-0120] Large net net3006 has 102 pins which may impact routing performance. Consider optimization.
[WARNING DRT-0120] Large net net3002 has 108 pins which may impact routing performance. Consider optimization.
[WARNING DRT-0120] Large net net2986 has 109 pins which may impact routing performance. Consider optimization.
[WARNING DRT-0120] Large net net2984 has 104 pins which may impact routing performance. Consider optimization.
[WARNING DRT-0120] Large net net2969 has 112 pins which may impact routing performance. Consider optimization.
[WARNING DRT-0120] Large net net2964 has 129 pins which may impact routing performance. Consider optimization.
[WARNING DRT-0120] Large net net3198 has 103 pins which may impact routing performance. Consider optimization.

Design:                   ethmac
Die area:                 ( 0 0 ) ( 139715 139715 )
Number of track patterns: 32
Number of DEF vias:       0
Number of components:     57569
Number of terminals:      218
Number of snets:          2
Number of nets:           55148

[INFO DRT-0167] List of default vias:
  Layer V2
    default via: VIA23
  Layer V3
    default via: VIA34
  Layer V4
    default via: VIA45
  Layer V5
    default via: VIA56
  Layer V6
    default via: VIA67
  Layer V7
    default via: VIA78
  Layer V8
    default via: VIA89
  Layer V9
    default via: VIA9Pad
[INFO DRT-0162] Library cell analysis.
[INFO DRT-0163] Instance analysis.
[INFO DRT-0164] Number of unique instances = 231.
[INFO DRT-0168] Init region query.
[INFO DRT-0024]   Complete Active.
[INFO DRT-0024]   Complete V0.
[INFO DRT-0024]   Complete M1.
[INFO DRT-0024]   Complete V1.
[INFO DRT-0024]   Complete M2.
[INFO DRT-0024]   Complete V2.
[INFO DRT-0024]   Complete M3.
[INFO DRT-0024]   Complete V3.
[INFO DRT-0024]   Complete M4.
[INFO DRT-0024]   Complete V4.
[INFO DRT-0024]   Complete M5.
[INFO DRT-0024]   Complete V5.
[INFO DRT-0024]   Complete M6.
[INFO DRT-0024]   Complete V6.
[INFO DRT-0024]   Complete M7.
[INFO DRT-0024]   Complete V7.
[INFO DRT-0024]   Complete M8.
[INFO DRT-0024]   Complete V8.
[INFO DRT-0024]   Complete M9.
[INFO DRT-0024]   Complete V9.
[INFO DRT-0024]   Complete Pad.
[INFO DRT-0033] Active shape region query size = 0.
[INFO DRT-0033] V0 shape region query size = 0.
[INFO DRT-0033] M1 shape region query size = 1061677.
[INFO DRT-0033] V1 shape region query size = 2005142.
[INFO DRT-0033] M2 shape region query size = 51943.
[INFO DRT-0033] V2 shape region query size = 39234.
[INFO DRT-0033] M3 shape region query size = 39234.
[INFO DRT-0033] V3 shape region query size = 26156.
[INFO DRT-0033] M4 shape region query size = 26202.
[INFO DRT-0033] V4 shape region query size = 26156.
[INFO DRT-0033] M5 shape region query size = 14626.
[INFO DRT-0033] V5 shape region query size = 2756.
[INFO DRT-0033] M6 shape region query size = 1428.
[INFO DRT-0033] V6 shape region query size = 0.
[INFO DRT-0033] M7 shape region query size = 0.
[INFO DRT-0033] V7 shape region query size = 0.
[INFO DRT-0033] M8 shape region query size = 0.
[INFO DRT-0033] V8 shape region query size = 0.
[INFO DRT-0033] M9 shape region query size = 0.
[INFO DRT-0033] V9 shape region query size = 0.
[INFO DRT-0033] Pad shape region query size = 0.
[INFO DRT-0165] Start pin access.
[INFO DRT-0076]   Complete 1000 pins.
[INFO DRT-0078]   Complete 1235 pins.
[INFO DRT-0079]   Complete 100 unique inst patterns.
[INFO DRT-0079]   Complete 200 unique inst patterns.
[INFO DRT-0081]   Complete 231 unique inst patterns.
[INFO DRT-0082]   Complete 10000 groups.
[INFO DRT-0082]   Complete 20000 groups.
[INFO DRT-0082]   Complete 30000 groups.
[INFO DRT-0082]   Complete 40000 groups.
[INFO DRT-0084]   Complete 40225 groups.
#scanned instances     = 57569
#unique  instances     = 231
#stdCellGenAp          = 6633
#stdCellValidPlanarAp  = 44
#stdCellValidViaAp     = 5232
#stdCellPinNoAp        = 0
#stdCellPinCnt         = 186229
#instTermValidViaApCnt = 0
#macroGenAp            = 0
#macroValidPlanarAp    = 0
#macroValidViaAp       = 0
#macroNoAp             = 0
[INFO DRT-0166] Complete pin access.
[INFO DRT-0267] cpu time = 00:13:21, elapsed time = 00:00:28, memory = 827.38 (MB), peak = 870.40 (MB)
[INFO DRT-0156] guideIn read 100000 guides.
[INFO DRT-0156] guideIn read 200000 guides.
[INFO DRT-0156] guideIn read 300000 guides.
[INFO DRT-0156] guideIn read 400000 guides.

[INFO DRT-0157] Number of guides:     491362

[INFO DRT-0169] Post process guides.
[INFO DRT-0176] GCELLGRID X 0 DO 245 STEP 570 ;
[INFO DRT-0177] GCELLGRID Y 0 DO 245 STEP 570 ;
[INFO DRT-0026]   Complete 100000 origin guides.
[INFO DRT-0026]   Complete 200000 origin guides.
[INFO DRT-0026]   Complete 300000 origin guides.
[INFO DRT-0026]   Complete 400000 origin guides.
[INFO DRT-0028]   Complete Active.
[INFO DRT-0028]   Complete V0.
[INFO DRT-0028]   Complete M1.
[INFO DRT-0028]   Complete V1.
[INFO DRT-0028]   Complete M2.
[INFO DRT-0028]   Complete V2.
[INFO DRT-0028]   Complete M3.
[INFO DRT-0028]   Complete V3.
[INFO DRT-0028]   Complete M4.
[INFO DRT-0028]   Complete V4.
[INFO DRT-0028]   Complete M5.
[INFO DRT-0028]   Complete V5.
[INFO DRT-0028]   Complete M6.
[INFO DRT-0028]   Complete V6.
[INFO DRT-0028]   Complete M7.
[INFO DRT-0028]   Complete V7.
[INFO DRT-0028]   Complete M8.
[INFO DRT-0028]   Complete V8.
[INFO DRT-0028]   Complete M9.
[INFO DRT-0028]   Complete V9.
[INFO DRT-0028]   Complete Pad.
[INFO DRT-0178] Init guide query.
[INFO DRT-0035]   Complete Active (guide).
[INFO DRT-0035]   Complete V0 (guide).
[INFO DRT-0035]   Complete M1 (guide).
[INFO DRT-0035]   Complete V1 (guide).
[INFO DRT-0035]   Complete M2 (guide).
[INFO DRT-0035]   Complete V2 (guide).
[INFO DRT-0035]   Complete M3 (guide).
[INFO DRT-0035]   Complete V3 (guide).
[INFO DRT-0035]   Complete M4 (guide).
[INFO DRT-0035]   Complete V4 (guide).
[INFO DRT-0035]   Complete M5 (guide).
[INFO DRT-0035]   Complete V5 (guide).
[INFO DRT-0035]   Complete M6 (guide).
[INFO DRT-0035]   Complete V6 (guide).
[INFO DRT-0035]   Complete M7 (guide).
[INFO DRT-0035]   Complete V7 (guide).
[INFO DRT-0035]   Complete M8 (guide).
[INFO DRT-0035]   Complete V8 (guide).
[INFO DRT-0035]   Complete M9 (guide).
[INFO DRT-0035]   Complete V9 (guide).
[INFO DRT-0035]   Complete Pad (guide).
[INFO DRT-0036] Active guide region query size = 0.
[INFO DRT-0036] V0 guide region query size = 0.
[INFO DRT-0036] M1 guide region query size = 158727.
[INFO DRT-0036] V1 guide region query size = 0.
[INFO DRT-0036] M2 guide region query size = 137338.
[INFO DRT-0036] V2 guide region query size = 0.
[INFO DRT-0036] M3 guide region query size = 70257.
[INFO DRT-0036] V3 guide region query size = 0.
[INFO DRT-0036] M4 guide region query size = 11464.
[INFO DRT-0036] V4 guide region query size = 0.
[INFO DRT-0036] M5 guide region query size = 9639.
[INFO DRT-0036] V5 guide region query size = 0.
[INFO DRT-0036] M6 guide region query size = 6517.
[INFO DRT-0036] V6 guide region query size = 0.
[INFO DRT-0036] M7 guide region query size = 2402.
[INFO DRT-0036] V7 guide region query size = 0.
[INFO DRT-0036] M8 guide region query size = 0.
[INFO DRT-0036] V8 guide region query size = 0.
[INFO DRT-0036] M9 guide region query size = 0.
[INFO DRT-0036] V9 guide region query size = 0.
[INFO DRT-0036] Pad guide region query size = 0.
[INFO DRT-0179] Init gr pin query.
[INFO DRT-0267] cpu time = 00:00:02, elapsed time = 00:00:00, memory = 987.91 (MB), peak = 983.78 (MB)
[INFO DRT-0245] skipped writing guide updates to database.
[INFO DRT-0181] Start track assignment.
[INFO DRT-0184] Done with 241025 vertical wires in 5 frboxes and 155319 horizontal wires in 5 frboxes.
[INFO DRT-0186] Done with 16907 vertical wires in 5 frboxes and 31739 horizontal wires in 5 frboxes.
[INFO DRT-0182] Complete track assignment.
[INFO DRT-0267] cpu time = 00:00:23, elapsed time = 00:00:06, memory = 2188.92 (MB), peak = 2191.43 (MB)
[INFO DRT-0187] Start routing data preparation.
[INFO DRT-0267] cpu time = 00:00:00, elapsed time = 00:00:00, memory = 2188.93 (MB), peak = 2191.43 (MB)
[INFO DRT-0194] Start detail routing.
[INFO DRT-0195] Start 0th optimization iteration.
    Completing 10% with 0 violations.
    elapsed time = 00:00:05, memory = 4773.87 (MB).
    Completing 20% with 0 violations.
    elapsed time = 00:00:11, memory = 6579.62 (MB).
    Completing 30% with 1893 violations.
    elapsed time = 00:00:16, memory = 7310.23 (MB).
    Completing 40% with 1893 violations.
    elapsed time = 00:00:25, memory = 7392.50 (MB).
    Completing 50% with 1893 violations.
    elapsed time = 00:00:31, memory = 7671.90 (MB).
    Completing 60% with 3811 violations.
    elapsed time = 00:00:39, memory = 8436.95 (MB).
    Completing 70% with 3811 violations.
    elapsed time = 00:00:48, memory = 8492.11 (MB).
    Completing 80% with 5392 violations.
    elapsed time = 00:00:56, memory = 8846.14 (MB).
    Completing 90% with 5392 violations.
    elapsed time = 00:01:07, memory = 8931.40 (MB).
    Completing 100% with 6892 violations.
    elapsed time = 00:01:18, memory = 7778.74 (MB).
[INFO DRT-0199]   Number of violations = 10160.
Viol/Layer          M1     M2     V2     M3     V3     M4     V4     M5     V5     M6     V6     M7
CutSpcTbl            0      0      0      0     41      0     26      0     33      0     22      0
EOL                  0    490      0     45      0     26      0      3      0      1      0      1
Metal Spacing     1028    213      0    442      0      9      0     10      0     38      0      4
Recheck              1   1394      0    831      0    393      0    389      0    225      0     35
Short                0    745      9    112      1     17     17     50     17    127      4      2
eolKeepOut           0   3054      0    174      0    113      0     12      0      3      0      3
[INFO DRT-0267] cpu time = 00:32:18, elapsed time = 00:01:20, memory = 8036.41 (MB), peak = 9134.59 (MB)
Total wire length = 223442 um.
Total wire length on LAYER M1 = 0 um.
Total wire length on LAYER M2 = 81948 um.
Total wire length on LAYER M3 = 101921 um.
Total wire length on LAYER M4 = 25532 um.
Total wire length on LAYER M5 = 6394 um.
Total wire length on LAYER M6 = 4813 um.
Total wire length on LAYER M7 = 2832 um.
Total wire length on LAYER M8 = 0 um.
Total wire length on LAYER M9 = 0 um.
Total wire length on LAYER Pad = 0 um.
Total number of vias = 555868.
Up-via summary (total 555868):

-----------------
 Active         0
     M1    184961
     M2    313631
     M3     40619
     M4      8838
     M5      5117
     M6      2702
     M7         0
     M8         0
     M9         0
-----------------
       555868


[INFO DRT-0195] Start 1st optimization iteration.
    Completing 10% with 10160 violations.
    elapsed time = 00:00:06, memory = 9701.82 (MB).
    Completing 20% with 10160 violations.
    elapsed time = 00:00:13, memory = 9600.25 (MB).
    Completing 30% with 7546 violations.
    elapsed time = 00:00:20, memory = 9923.67 (MB).
    Completing 40% with 7546 violations.
    elapsed time = 00:00:28, memory = 10068.87 (MB).
    Completing 50% with 7546 violations.
    elapsed time = 00:00:34, memory = 8709.01 (MB).
    Completing 60% with 5267 violations.
    elapsed time = 00:00:43, memory = 10274.70 (MB).
    Completing 70% with 5267 violations.
    elapsed time = 00:00:51, memory = 10021.84 (MB).
    Completing 80% with 2943 violations.
    elapsed time = 00:00:57, memory = 10128.17 (MB).
    Completing 90% with 2943 violations.
    elapsed time = 00:01:06, memory = 10219.77 (MB).
    Completing 100% with 849 violations.
    elapsed time = 00:01:13, memory = 8706.13 (MB).
[INFO DRT-0199]   Number of violations = 864.
Viol/Layer          M1     M2     M3     V3     M4     V4     M6     V6     M7
CutSpcTbl            0      0      0      5      0      6      0     10      0
EOL                  0     85      7      0      7      0      0      0      0
Metal Spacing      151     10    112      0      4      0      2      0      2
Recheck              0      8      7      0      1      0      0      0      0
Short                0     22     26      0      6      0      0      0      0
eolKeepOut           0    333     30      0     30      0      0      0      0
[INFO DRT-0267] cpu time = 00:30:10, elapsed time = 00:01:15, memory = 8715.13 (MB), peak = 10388.24 (MB)
Total wire length = 221690 um.
Total wire length on LAYER M1 = 0 um.
Total wire length on LAYER M2 = 81246 um.
Total wire length on LAYER M3 = 101987 um.
Total wire length on LAYER M4 = 25878 um.
Total wire length on LAYER M5 = 5948 um.
Total wire length on LAYER M6 = 4151 um.
Total wire length on LAYER M7 = 2477 um.
Total wire length on LAYER M8 = 0 um.
Total wire length on LAYER M9 = 0 um.
Total wire length on LAYER Pad = 0 um.
Total number of vias = 530907.
Up-via summary (total 530907):

-----------------
 Active         0
     M1    184905
     M2    297369
     M3     36685
     M4      6675
     M5      3390
     M6      1883
     M7         0
     M8         0
     M9         0
-----------------
       530907


[INFO DRT-0195] Start 2nd optimization iteration.
    Completing 10% with 864 violations.
    elapsed time = 00:00:01, memory = 10195.80 (MB).
    Completing 20% with 864 violations.
    elapsed time = 00:00:05, memory = 10214.05 (MB).
    Completing 30% with 753 violations.
    elapsed time = 00:00:08, memory = 8715.13 (MB).
    Completing 40% with 753 violations.
    elapsed time = 00:00:12, memory = 10289.54 (MB).
    Completing 50% with 753 violations.
    elapsed time = 00:00:15, memory = 8715.13 (MB).
    Completing 60% with 652 violations.
    elapsed time = 00:00:18, memory = 10244.78 (MB).
    Completing 70% with 652 violations.
    elapsed time = 00:00:21, memory = 10207.79 (MB).
    Completing 80% with 552 violations.
    elapsed time = 00:00:24, memory = 8715.13 (MB).
    Completing 90% with 552 violations.
    elapsed time = 00:00:27, memory = 10279.83 (MB).
    Completing 100% with 455 violations.
    elapsed time = 00:00:30, memory = 8715.13 (MB).
[INFO DRT-0199]   Number of violations = 458.
Viol/Layer          M1     M2     M3     V3     M4     V4     V5     M6     V6     M7
CutSpcTbl            0      0      0      5      0      5      1      0      2      0
EOL                  0     52      2      0      3      0      0      0      0      0
Metal Spacing       63      7     64      0      2      0      0      2      0      1
Recheck              0      1      2      0      0      0      0      0      0      0
Short                0     13     23      0      2      0      0      0      0      0
eolKeepOut           0    186     10      0     12      0      0      0      0      0
[INFO DRT-0267] cpu time = 00:11:46, elapsed time = 00:00:32, memory = 8719.29 (MB), peak = 10397.83 (MB)
Total wire length = 221391 um.
Total wire length on LAYER M1 = 0 um.
Total wire length on LAYER M2 = 81241 um.
Total wire length on LAYER M3 = 101985 um.
Total wire length on LAYER M4 = 25772 um.
Total wire length on LAYER M5 = 5878 um.
Total wire length on LAYER M6 = 4083 um.
Total wire length on LAYER M7 = 2429 um.
Total wire length on LAYER M8 = 0 um.
Total wire length on LAYER M9 = 0 um.
Total wire length on LAYER Pad = 0 um.
Total number of vias = 527784.
Up-via summary (total 527784):

-----------------
 Active         0
     M1    184905
     M2    295465
     M3     36030
     M4      6407
     M5      3190
     M6      1787
     M7         0
     M8         0
     M9         0
-----------------
       527784


[INFO DRT-0195] Start 3rd optimization iteration.
    Completing 10% with 458 violations.
    elapsed time = 00:00:00, memory = 8719.29 (MB).
    Completing 20% with 458 violations.
    elapsed time = 00:00:01, memory = 10317.36 (MB).
    Completing 30% with 349 violations.
    elapsed time = 00:00:02, memory = 8719.29 (MB).
    Completing 40% with 349 violations.
    elapsed time = 00:00:03, memory = 10249.19 (MB).
    Completing 50% with 349 violations.
    elapsed time = 00:00:04, memory = 9559.86 (MB).
    Completing 60% with 212 violations.
    elapsed time = 00:00:05, memory = 8719.29 (MB).
    Completing 70% with 212 violations.
    elapsed time = 00:00:06, memory = 10209.10 (MB).
    Completing 80% with 132 violations.
    elapsed time = 00:00:07, memory = 8719.29 (MB).
    Completing 90% with 132 violations.
    elapsed time = 00:00:08, memory = 10177.84 (MB).
    Completing 100% with 3 violations.
    elapsed time = 00:00:10, memory = 8719.29 (MB).
[INFO DRT-0199]   Number of violations = 3.
Viol/Layer          M2     M3
Short                1      2
[INFO DRT-0267] cpu time = 00:03:03, elapsed time = 00:00:11, memory = 8719.29 (MB), peak = 10397.83 (MB)
Total wire length = 221388 um.
Total wire length on LAYER M1 = 0 um.
Total wire length on LAYER M2 = 80950 um.
Total wire length on LAYER M3 = 101969 um.
Total wire length on LAYER M4 = 26076 um.
Total wire length on LAYER M5 = 5904 um.
Total wire length on LAYER M6 = 4071 um.
Total wire length on LAYER M7 = 2415 um.
Total wire length on LAYER M8 = 0 um.
Total wire length on LAYER M9 = 0 um.
Total wire length on LAYER Pad = 0 um.
Total number of vias = 527779.
Up-via summary (total 527779):

-----------------
 Active         0
     M1    184905
     M2    295058
     M3     36448
     M4      6414
     M5      3180
     M6      1774
     M7         0
     M8         0
     M9         0
-----------------
       527779


[INFO DRT-0195] Start 4th guides tiles iteration.
    Completing 20% with 3 violations.
    elapsed time = 00:00:00, memory = 8810.71 (MB).
    Completing 40% with 3 violations.
    elapsed time = 00:00:00, memory = 8810.71 (MB).
    Completing 60% with 3 violations.
    elapsed time = 00:00:01, memory = 8725.88 (MB).
    Completing 80% with 1 violations.
    elapsed time = 00:00:01, memory = 8725.88 (MB).
    Completing 100% with 1 violations.
    elapsed time = 00:00:01, memory = 8725.88 (MB).
[INFO DRT-0199]   Number of violations = 1.
Viol/Layer          M3
Short                1
[INFO DRT-0267] cpu time = 00:00:03, elapsed time = 00:00:01, memory = 8725.88 (MB), peak = 10397.83 (MB)
Total wire length = 221388 um.
Total wire length on LAYER M1 = 0 um.
Total wire length on LAYER M2 = 80937 um.
Total wire length on LAYER M3 = 101969 um.
Total wire length on LAYER M4 = 26080 um.
Total wire length on LAYER M5 = 5904 um.
Total wire length on LAYER M6 = 4081 um.
Total wire length on LAYER M7 = 2415 um.
Total wire length on LAYER M8 = 0 um.
Total wire length on LAYER M9 = 0 um.
Total wire length on LAYER Pad = 0 um.
Total number of vias = 527779.
Up-via summary (total 527779):

-----------------
 Active         0
     M1    184905
     M2    295049
     M3     36453
     M4      6416
     M5      3182
     M6      1774
     M7         0
     M8         0
     M9         0
-----------------
       527779


[INFO DRT-0195] Start 5th guides tiles iteration.
    Completing 50% with 1 violations.
    elapsed time = 00:00:00, memory = 8743.88 (MB).
    Completing 100% with 1 violations.
    elapsed time = 00:00:00, memory = 8743.88 (MB).
[INFO DRT-0199]   Number of violations = 1.
Viol/Layer          M3
Short                1
[INFO DRT-0267] cpu time = 00:00:01, elapsed time = 00:00:00, memory = 8744.07 (MB), peak = 10397.83 (MB)
Total wire length = 221388 um.
Total wire length on LAYER M1 = 0 um.
Total wire length on LAYER M2 = 80937 um.
Total wire length on LAYER M3 = 101969 um.
Total wire length on LAYER M4 = 26080 um.
Total wire length on LAYER M5 = 5904 um.
Total wire length on LAYER M6 = 4081 um.
Total wire length on LAYER M7 = 2415 um.
Total wire length on LAYER M8 = 0 um.
Total wire length on LAYER M9 = 0 um.
Total wire length on LAYER Pad = 0 um.
Total number of vias = 527779.
Up-via summary (total 527779):

-----------------
 Active         0
     M1    184905
     M2    295049
     M3     36453
     M4      6416
     M5      3182
     M6      1774
     M7         0
     M8         0
     M9         0
-----------------
       527779


[INFO DRT-0195] Start 6th stubborn tiles iteration.
    Completing 10% with 1 violations.
    elapsed time = 00:00:01, memory = 10610.90 (MB).
    Completing 20% with 1 violations.
    elapsed time = 00:00:01, memory = 10336.68 (MB).
    Completing 30% with 1 violations.
    elapsed time = 00:00:01, memory = 10298.17 (MB).
    Completing 40% with 1 violations.
    elapsed time = 00:00:01, memory = 10527.86 (MB).
    Completing 50% with 1 violations.
    elapsed time = 00:00:01, memory = 10179.30 (MB).
    Completing 60% with 1 violations.
    elapsed time = 00:00:01, memory = 9901.78 (MB).
    Completing 70% with 1 violations.
    elapsed time = 00:00:02, memory = 9564.97 (MB).
    Completing 80% with 1 violations.
    elapsed time = 00:00:02, memory = 9358.74 (MB).
    Completing 90% with 1 violations.
    elapsed time = 00:00:02, memory = 9016.98 (MB).
    Completing 100% with 0 violations.
    elapsed time = 00:00:02, memory = 8744.07 (MB).
[INFO DRT-0199]   Number of violations = 0.
[INFO DRT-0267] cpu time = 00:00:57, elapsed time = 00:00:02, memory = 8744.07 (MB), peak = 10746.85 (MB)
Total wire length = 221389 um.
Total wire length on LAYER M1 = 0 um.
Total wire length on LAYER M2 = 80938 um.
Total wire length on LAYER M3 = 101969 um.
Total wire length on LAYER M4 = 26080 um.
Total wire length on LAYER M5 = 5904 um.
Total wire length on LAYER M6 = 4081 um.
Total wire length on LAYER M7 = 2415 um.
Total wire length on LAYER M8 = 0 um.
Total wire length on LAYER M9 = 0 um.
Total wire length on LAYER Pad = 0 um.
Total number of vias = 527780.
Up-via summary (total 527780):

-----------------
 Active         0
     M1    184905
     M2    295050
     M3     36453
     M4      6416
     M5      3182
     M6      1774
     M7         0
     M8         0
     M9         0
-----------------
       527780


[INFO DRT-0198] Complete detail routing.
Total wire length = 221389 um.
Total wire length on LAYER M1 = 0 um.
Total wire length on LAYER M2 = 80938 um.
Total wire length on LAYER M3 = 101969 um.
Total wire length on LAYER M4 = 26080 um.
Total wire length on LAYER M5 = 5904 um.
Total wire length on LAYER M6 = 4081 um.
Total wire length on LAYER M7 = 2415 um.
Total wire length on LAYER M8 = 0 um.
Total wire length on LAYER M9 = 0 um.
Total wire length on LAYER Pad = 0 um.
Total number of vias = 527780.
Up-via summary (total 527780):

-----------------
 Active         0
     M1    184905
     M2    295050
     M3     36453
     M4      6416
     M5      3182
     M6      1774
     M7         0
     M8         0
     M9         0
-----------------
       527780


[INFO DRT-0267] cpu time = 01:18:20, elapsed time = 00:03:24, memory = 8744.07 (MB), peak = 10746.85 (MB)

[INFO DRT-0180] Post processing.
[INFO DRT-0501] Runtime: 241.46s
Took 242 seconds: detailed_route -output_drc /tmp/workspace/scripts-Private_test-fr_cugr_cmp-1-/reports/asap7/ethmac_lvt/base/5_route_drc.rpt -output_maze /tmp/workspace/scripts-Private_test-fr_cugr_cmp-1-/results/asap7/ethmac_lvt/base/maze.log -droute_end_iter 64 -verbose 1 -drc_report_iter_step 5
[WARNING GRT-0246] No diode with LEF class CORE ANTENNACELL found.
[INFO ANT-0002] Found 0 net violations.
[INFO ANT-0001] Found 0 pin violations.
[INFO ANT-0002] Found 0 net violations.
[INFO ANT-0001] Found 0 pin violations.
Design area 7546 um^2 41% utilization.
write_db /tmp/workspace/scripts-Private_test-fr_cugr_cmp-1-/results/asap7/ethmac_lvt/base/5_2_route.odb
Elapsed time: 4:14.31[h:]min:sec. CPU time: user 5713.31 sys 37.95 (2261%). Peak memory: 11004772KB.
Log                       Ext     Elapsed/s Peak Memory/MB sha1sum result [0:20)
5_2_route                 .odb          254          10746 3743b29d2b81f59814ba
