OpenROAD 26Q3-1464-gb22abfea20 
Features included (+) or not (-): +GPU +GUI +Python
This program is licensed under the BSD-3 license. See the LICENSE file for details.
Components of this program may be licensed under more restrictive licenses which must be honored.
[INFO ORD-0030] Using 30 thread(s).
read_liberty /OpenROAD-flow-scripts/flow/platforms/gf180/lib/gf180mcu_fd_sc_mcu9t5v0__ff_n40C_5v50.lib.gz
read_db -hier /tmp/workspace/scripts-Private_test-fr_cugr_cmp-1-/results/gf180/ibex/base/3_4_place_resized.odb
[WARNING ORD-0012] Hierarchical flow (-hier) is currently in development and may cause multiple issues. Do not use in production environments.
read_sdc /tmp/workspace/scripts-Private_test-fr_cugr_cmp-1-/results/gf180/ibex/base/2_floorplan.sdc
source ./platforms/gf180/setRC.tcl
detailed_placement
[INFO DPL-0006] Core area: 1290401.28 um^2
[INFO DPL-0007] Movable instances area: 627746.92 um^2
[INFO DPL-0008] Fixed instances area within core: 9584.87 um^2
[INFO DPL-0009] Utilization: 49.4%
[INFO DPL-0005] Diamond search max displacement: +/- 500 sites horizontally, +/- 100 rows vertically.
[INFO DPL-1102] Legalizing using negotiation legalizer.
[INFO DPL-1103] Negotiation base search window: +/-20 sites horizontally, +/-5 rows vertically 
	Automatic search window extension enabled.
	Search window extendable up to the max displacement cap of +/-500 sites, +/-100 rows near walls.
[INFO DPL-1104] NegotiationLegalizer DRC penalty: 5.
[INFO DPL-0392] Negotiation cell height distribution (1 unique row-count(s)):
[INFO DPL-0393]   height 1 row(s): 14005 cells
          |      Total |  Illegal |  Illegal
Iteration | Violations |    Cells |    Sites
---------------------------------------------
        0 |        724 |        90 |       634
        1 |          0 |         0 |         0
Negotiation phase 1 converged at iteration 1.
[INFO DPL-0500] Runtime: 0.19s
Placement Analysis
---------------------------------
total displacement      91447.6 u
average displacement        6.5 u
max displacement           43.7 u
original HPWL          831365.4 u
legalized HPWL         935616.3 u
delta HPWL                   13 %

improve_placement -max_displacement "5 1"
Detailed placement improvement.
[INFO DPL-0401] Setting random seed to 1.
[INFO DPL-0402] Setting maximum displacement 5 1 to 50400 10080 units.
[INFO DPL-0320] Collected 1962 fixed cells.
[INFO DPL-0318] Collected 12307 single height cells.
[INFO DPL-0321] Collected 0 wide cells.
[INFO DPL-0322] Image (2240, 10080) - (2278080, 2278080)
[INFO DPL-0310] Assigned 12307 cells into segments.  Movement in X-direction is 0.000000, movement in Y-direction is 0.000000.
[INFO DPL-0313] Found 0 cells in wrong regions.
[INFO DPL-0315] Found 0 row alignment problems.
[INFO DPL-0314] Found 0 site alignment problems.
[INFO DPL-0311] Found 0 overlaps between adjacent cells.
[INFO DPL-0312] Found 0 edge spacing violations and 0 padding violations.
[INFO DPL-0303] Running algorithm for independent set matching.
[INFO DPL-0300] Set matching objective is wirelength.
[INFO DPL-0301] Pass   1 of matching; objective is 1.870404e+09.
[INFO DPL-0302] End of matching; objective is 1.868573e+09, improvement is 0.10 percent.
[INFO DPL-0303] Running algorithm for global swaps.
[INFO DPL-0306] Pass   1 of global swaps; hpwl is 1.843326e+09.
[INFO DPL-0306] Pass   2 of global swaps; hpwl is 1.839071e+09.
[INFO DPL-0307] End of global swaps; objective is 1.839071e+09, improvement is 1.58 percent.
[INFO DPL-0303] Running algorithm for vertical swaps.
[INFO DPL-0308] Pass   1 of vertical swaps; hpwl is 1.830410e+09.
[INFO DPL-0309] End of vertical swaps; objective is 1.830410e+09, improvement is 0.47 percent.
[INFO DPL-0303] Running algorithm for reordering.
[INFO DPL-0304] Pass   1 of reordering; objective is 1.828971e+09.
[INFO DPL-0305] End of reordering; objective is 1.828971e+09, improvement is 0.08 percent.
[INFO DPL-0303] Running algorithm for random improvement.
[INFO DPL-0324] Random improver is using random generator.
[INFO DPL-0325] Random improver is using hpwl objective.
[INFO DPL-0326] Random improver cost string is (a).
[INFO DPL-0332] End of pass, Generator random called 246140 times.
[INFO DPL-0335] Generator random, Cumulative attempts 246140, swaps 30303, moves 70393 since last reset.
[INFO DPL-0333] End of pass, Objective hpwl, Initial cost 1.810444e+09, Scratch cost 1.792809e+09, Incremental cost 1.792809e+09, Mismatch? N
[INFO DPL-0338] End of pass, Total cost is 1.792809e+09.
[INFO DPL-0327] Pass   1 of random improver; improvement in cost is 0.97 percent.
[INFO DPL-0328] End of random improver; improvement is 0.974086 percent.
[INFO DPL-0380] Cell flipping.
[INFO DPL-0382] Changed 0 cell orientations for row compatibility.
[INFO DPL-0383] Performed 3206 cell flips.
[INFO DPL-0384] End of flipping; objective is 1.787404e+09, improvement is 1.32 percent.
[INFO DPL-0313] Found 0 cells in wrong regions.
[INFO DPL-0315] Found 0 row alignment problems.
[INFO DPL-0314] Found 0 site alignment problems.
[INFO DPL-0311] Found 0 overlaps between adjacent cells.
[INFO DPL-0312] Found 0 edge spacing violations and 0 padding violations.
Detailed Improvement Results
------------------------------------------
Original HPWL           935616.3 u (  423275.2,   512341.1)
Final HPWL              893751.2 u (  414975.5,   478775.8)
Delta HPWL                  -4.5 % (      -2.0,       -6.6)

optimize_mirroring
[INFO DPL-0020] Mirrored 710 instances
[INFO DPL-0021] HPWL before          893751.2 u
[INFO DPL-0022] HPWL after           892876.0 u
[INFO DPL-0023] HPWL delta               -0.1 %
[INFO FLW-0012] Placement violations .
estimate_parasitics -placement
Report metrics stage 3, detailed place...

==========================================================================
detailed place report_design_area
--------------------------------------------------------------------------
Design area 637332 um^2 49% utilization.
write_db /tmp/workspace/scripts-Private_test-fr_cugr_cmp-1-/results/gf180/ibex/base/3_5_place_dp.odb
write_sdc -no_timestamp /tmp/workspace/scripts-Private_test-fr_cugr_cmp-1-/results/gf180/ibex/base/3_place.sdc
Elapsed time: 0:08.59[h:]min:sec. CPU time: user 13.88 sys 7.28 (246%). Peak memory: 274840KB.
Log                       Ext     Elapsed/s Peak Memory/MB sha1sum result [0:20)
3_5_place_dp              .odb            8            268 03150fc198b09984e0f2
