OpenROAD 26Q3-1464-gb22abfea20 
Features included (+) or not (-): +GPU +GUI +Python
This program is licensed under the BSD-3 license. See the LICENSE file for details.
Components of this program may be licensed under more restrictive licenses which must be honored.
[INFO ORD-0030] Using 30 thread(s).
read_liberty /OpenROAD-flow-scripts/flow/platforms/gf180/lib/gf180mcu_fd_sc_mcu9t5v0__ff_n40C_5v50.lib.gz
read_db -hier /tmp/workspace/scripts-Private_test-fr_cugr_cmp-1-/results/gf180/ibex/base/3_place.odb
[WARNING ORD-0012] Hierarchical flow (-hier) is currently in development and may cause multiple issues. Do not use in production environments.
read_sdc /tmp/workspace/scripts-Private_test-fr_cugr_cmp-1-/results/gf180/ibex/base/3_place.sdc
source ./platforms/gf180/setRC.tcl
clock_tree_synthesis -sink_clustering_enable -repair_clock_nets
[INFO CTS-0050] Root buffer is gf180mcu_fd_sc_mcu9t5v0__clkbuf_20.
[INFO CTS-0051] Sink buffer is gf180mcu_fd_sc_mcu9t5v0__clkbuf_20.
[INFO CTS-0052] The following clock buffers will be used for CTS:
                    gf180mcu_fd_sc_mcu9t5v0__clkbuf_20
[INFO CTS-0049] Characterization buffer is gf180mcu_fd_sc_mcu9t5v0__clkbuf_20.
[INFO CTS-0007] Net "clk_i" found for clock "core_clock".
[INFO CTS-0011]  Clock net "clk_i" for macros has 1 sinks.
[INFO CTS-0011]  Clock net "clk_i_regs" for registers has 995 sinks.
[INFO CTS-0010]  Clock net "_05940_" has 944 sinks.
[INFO CTS-0008] TritonCTS found 3 clock nets.
[INFO CTS-0097] Characterization used 1 buffer(s) types.
[INFO CTS-0201] 0 blockages from hard placement blockages and placed macros will be used.
[INFO CTS-0027] Generating H-Tree topology for net clk_i.
[INFO CTS-0028]  Total number of sinks: 1.
[INFO CTS-0060]  Macro  sinks will be clustered in groups of up to 4 and based on buffer max cap.
[INFO CTS-0030]  Number of static layers: 0.
[INFO CTS-0020]  Wire segment unit: 50400  dbu (25 um).
[INFO CTS-0023]  Original sink region: [(890590, 1290047), (890590, 1290047)].
[INFO CTS-0024]  Normalized sink region: [(17.6704, 25.5962), (17.6704, 25.5962)].
[INFO CTS-0025]     Width:  0.0000.
[INFO CTS-0026]     Height: 0.0000.
 Level 1
    Direction: Vertical
    Sinks per sub-region: 1
    Sub-region size: 0.0000 X 0.0000
[INFO CTS-0034]     Segment length (rounded): 1.
[INFO CTS-0038]  Stop criterion found. Sink region hpwl is smaller than max wirelength (160112.454 um) and max number of sinks is 15.
[INFO CTS-0035]  Number of sinks covered: 1.
[INFO CTS-0201] 0 blockages from hard placement blockages and placed macros will be used.
[INFO CTS-0027] Generating H-Tree topology for net clk_i_regs.
[INFO CTS-0028]  Total number of sinks: 995.
[INFO CTS-0090]  Sinks will be clustered based on buffer max cap.
[INFO CTS-0030]  Number of static layers: 0.
[INFO CTS-0020]  Wire segment unit: 50400  dbu (25 um).
[INFO CTS-0206] Best clustering solution was found from max clustering size of 35 and max clustering diameter of 240.
[INFO CTS-0019]  Total number of sinks after clustering: 33.
[INFO CTS-0024]  Normalized sink region: [(13.949, 1.37333), (41.4327, 22.019)].
[INFO CTS-0025]     Width:  27.4837.
[INFO CTS-0026]     Height: 20.6457.
 Level 1
    Direction: Horizontal
    Sinks per sub-region: 17
    Sub-region size: 13.7418 X 20.6457
[INFO CTS-0034]     Segment length (rounded): 6.
 Level 2
    Direction: Vertical
    Sinks per sub-region: 9
    Sub-region size: 13.7418 X 10.3228
[INFO CTS-0034]     Segment length (rounded): 6.
[INFO CTS-0038]  Stop criterion found. Sink region hpwl is smaller than max wirelength (160112.454 um) and max number of sinks is 15.
[INFO CTS-0035]  Number of sinks covered: 33.
[INFO CTS-0201] 0 blockages from hard placement blockages and placed macros will be used.
[INFO CTS-0027] Generating H-Tree topology for net _05940_.
[INFO CTS-0028]  Total number of sinks: 944.
[INFO CTS-0090]  Sinks will be clustered based on buffer max cap.
[INFO CTS-0030]  Number of static layers: 0.
[INFO CTS-0020]  Wire segment unit: 50400  dbu (25 um).
[INFO CTS-0206] Best clustering solution was found from max clustering size of 32 and max clustering diameter of 419.
[INFO CTS-0019]  Total number of sinks after clustering: 38.
[INFO CTS-0024]  Normalized sink region: [(1.53414, 7.59156), (33.4692, 43.42)].
[INFO CTS-0025]     Width:  31.9350.
[INFO CTS-0026]     Height: 35.8284.
 Level 1
    Direction: Vertical
    Sinks per sub-region: 19
    Sub-region size: 31.9350 X 17.9142
[INFO CTS-0034]     Segment length (rounded): 8.
 Level 2
    Direction: Horizontal
    Sinks per sub-region: 10
    Sub-region size: 15.9675 X 17.9142
[INFO CTS-0034]     Segment length (rounded): 8.
[INFO CTS-0038]  Stop criterion found. Sink region hpwl is smaller than max wirelength (160112.454 um) and max number of sinks is 15.
[INFO CTS-0035]  Number of sinks covered: 38.
[INFO CTS-0018]     Created 2 clock buffers.
[INFO CTS-0012]     Minimum number of buffers in the clock path: 2.
[INFO CTS-0013]     Maximum number of buffers in the clock path: 2.
[INFO CTS-0015]     Created 2 clock nets.
[INFO CTS-0016]     Fanout distribution for the current clock = 1:1..
[INFO CTS-0017]     Max level of the clock tree: 1.
[INFO CTS-0018]     Created 38 clock buffers.
[INFO CTS-0012]     Minimum number of buffers in the clock path: 3.
[INFO CTS-0013]     Maximum number of buffers in the clock path: 3.
[INFO CTS-0015]     Created 38 clock nets.
[INFO CTS-0016]     Fanout distribution for the current clock = 6:1, 8:2, 11:1, 15:1, 26:2, 27:1, 28:3, 29:5, 30:5, 31:5, 32:4, 33:1, 34:4, 35:2..
[INFO CTS-0017]     Max level of the clock tree: 2.
[INFO CTS-0018]     Created 43 clock buffers.
[INFO CTS-0012]     Minimum number of buffers in the clock path: 3.
[INFO CTS-0013]     Maximum number of buffers in the clock path: 3.
[INFO CTS-0015]     Created 43 clock nets.
[INFO CTS-0016]     Fanout distribution for the current clock = 7:1, 8:1, 11:1, 12:2, 14:1, 17:1, 18:1, 19:2, 22:1, 23:5, 25:8, 26:4, 27:3, 28:4, 29:3, 30:2, 32:2..
[INFO CTS-0017]     Max level of the clock tree: 2.
[INFO CTS-0124] Clock net "clk_i"
[INFO CTS-0125]  Sinks 1
[INFO CTS-0098] Clock net "clk_i_regs"
[INFO CTS-0099]  Sinks 1027
[INFO CTS-0100]  Leaf buffers 33
[INFO CTS-0101]  Average sink wire length 548.00 um
[INFO CTS-0102]  Path depth 2 - 3
[INFO CTS-0207]  Dummy loads inserted 32
[INFO CTS-0098] Clock net "_05940_"
[INFO CTS-0099]  Sinks 981
[INFO CTS-0100]  Leaf buffers 38
[INFO CTS-0101]  Average sink wire length 696.74 um
[INFO CTS-0102]  Path depth 2 - 3
[INFO CTS-0207]  Dummy loads inserted 37
[INFO CTS-0033] Balancing latency for clock core_clock
[INFO CTS-0036]  inserted 3 delay buffers
[INFO CTS-0037] Total number of delay buffers: 3
[INFO CTS-0500] Runtime: 1.79s
estimate_parasitics -placement
detailed_placement
[INFO DPL-0006] Core area: 1290401.28 um^2
[INFO DPL-0007] Movable instances area: 646696.51 um^2
[INFO DPL-0008] Fixed instances area within core: 9584.87 um^2
[INFO DPL-0009] Utilization: 50.9%
[INFO DPL-0005] Diamond search max displacement: +/- 500 sites horizontally, +/- 100 rows vertically.
[INFO DPL-1102] Legalizing using negotiation legalizer.
[INFO DPL-1103] Negotiation base search window: +/-20 sites horizontally, +/-5 rows vertically 
	Automatic search window extension enabled.
	Search window extendable up to the max displacement cap of +/-500 sites, +/-100 rows near walls.
[INFO DPL-1104] NegotiationLegalizer DRC penalty: 5.
[INFO DPL-0392] Negotiation cell height distribution (1 unique row-count(s)):
[INFO DPL-0393]   height 1 row(s): 14161 cells
          |      Total |  Illegal |  Illegal
Iteration | Violations |    Cells |    Sites
---------------------------------------------
        0 |        117 |        16 |       101
        1 |          0 |         0 |         0
Negotiation phase 1 converged at iteration 1.
[INFO DPL-0500] Runtime: 0.12s
Placement Analysis
---------------------------------
total displacement      33367.7 u
average displacement        2.4 u
max displacement           42.6 u
original HPWL          917060.5 u
legalized HPWL         932291.0 u
delta HPWL                    2 %

estimate_parasitics -placement
repair_timing -setup_margin 0 -hold_margin 0 -repair_tns 100 -verbose
[INFO RSZ-0100] Repair move sequence: UnbufferMove SizeUpMove SwapPinsMove BufferMove CloneMove SplitLoadMove 
[INFO RSZ-0094] Found 86 endpoints with setup violations.
[INFO RSZ-0099] Repairing 86 out of 86 (100.00%) violating endpoints...
   Iter   | Removed | Resized | Inserted | Cloned |  Pin  |   Area   |    WNS   |   StTNS    |   EnTNS    |  Viol  |  Worst  
          | Buffers |  Gates  | Buffers  |  Gates | Swaps |          |          |            |            | Endpts | St/EnPt 
------------------------------------------------------------------------------------------------------------------------------
       0* |       0 |       0 |        0 |      0 |     0 |    +0.0% |   -0.055 |      -25.1 |       -2.6 |     86 | gen_regfile_ff.register_file_i.rf_reg\[255\]$_DFFE_PN0P_/D
       4* |       0 |       2 |        3 |      0 |     0 |    +0.0% |    0.000 |      -25.0 |        0.0 |     86 | core_clock_gate_i.en_latch$_DLATCH_N_/D
       5* |       0 |       2 |        3 |      0 |     0 |    +0.0% |    0.000 |      -25.0 |        0.0 |     86 | core_clock_gate_i.en_latch$_DLATCH_N_/D
       6* |       0 |       2 |        3 |      0 |     0 |    +0.0% |    0.000 |      -25.0 |        0.0 |     86 | core_clock_gate_i.en_latch$_DLATCH_N_/D
       7* |       0 |       2 |        3 |      0 |     0 |    +0.0% |    0.000 |      -25.0 |        0.0 |     86 | core_clock_gate_i.en_latch$_DLATCH_N_/D
       8* |       0 |       2 |        3 |      0 |     0 |    +0.0% |    0.000 |      -25.0 |        0.0 |     86 | core_clock_gate_i.en_latch$_DLATCH_N_/D
       9* |       0 |       2 |        3 |      0 |     0 |    +0.0% |    0.000 |      -25.0 |        0.0 |     86 | core_clock_gate_i.en_latch$_DLATCH_N_/D
      10* |       0 |       2 |        3 |      0 |     0 |    +0.0% |    0.000 |      -25.0 |        0.0 |     86 | core_clock_gate_i.en_latch$_DLATCH_N_/D
      10* |       0 |       2 |        3 |      0 |     0 |    +0.0% |    0.000 |      -25.0 |        0.0 |     86 | core_clock_gate_i.en_latch$_DLATCH_N_/D
      11* |       0 |       2 |        3 |      0 |     0 |    +0.0% |    0.000 |      -25.0 |        0.0 |     86 | core_clock_gate_i.en_latch$_DLATCH_N_/D
      12* |       0 |       2 |        3 |      0 |     0 |    +0.0% |    0.000 |      -25.0 |        0.0 |     86 | core_clock_gate_i.en_latch$_DLATCH_N_/D
      13* |       0 |       2 |        3 |      0 |     0 |    +0.0% |    0.000 |      -25.0 |        0.0 |     86 | core_clock_gate_i.en_latch$_DLATCH_N_/D
      14* |       0 |       2 |        3 |      0 |     0 |    +0.0% |    0.000 |      -25.0 |        0.0 |     86 | core_clock_gate_i.en_latch$_DLATCH_N_/D
      15* |       0 |       2 |        3 |      0 |     0 |    +0.0% |    0.000 |      -25.0 |        0.0 |     86 | core_clock_gate_i.en_latch$_DLATCH_N_/D
      16* |       0 |       2 |        3 |      0 |     0 |    +0.0% |    0.000 |      -25.0 |        0.0 |     86 | core_clock_gate_i.en_latch$_DLATCH_N_/D
      17* |       0 |       2 |        3 |      0 |     0 |    +0.0% |    0.000 |      -25.0 |        0.0 |     86 | core_clock_gate_i.en_latch$_DLATCH_N_/D
      18* |       0 |       2 |        3 |      0 |     0 |    +0.0% |    0.000 |      -25.0 |        0.0 |     86 | core_clock_gate_i.en_latch$_DLATCH_N_/D
      19* |       0 |       2 |        3 |      0 |     0 |    +0.0% |    0.000 |      -25.0 |        0.0 |     86 | core_clock_gate_i.en_latch$_DLATCH_N_/D
      20* |       0 |       2 |        3 |      0 |     0 |    +0.0% |    0.000 |      -25.0 |        0.0 |     86 | core_clock_gate_i.en_latch$_DLATCH_N_/D
      20* |       0 |       2 |        3 |      0 |     0 |    +0.0% |    0.000 |      -25.0 |        0.0 |     86 | core_clock_gate_i.en_latch$_DLATCH_N_/D
      21* |       0 |       2 |        3 |      0 |     0 |    +0.0% |    0.000 |      -25.0 |        0.0 |     86 | core_clock_gate_i.en_latch$_DLATCH_N_/D
      22* |       0 |       2 |        3 |      0 |     0 |    +0.0% |    0.000 |      -25.0 |        0.0 |     86 | core_clock_gate_i.en_latch$_DLATCH_N_/D
      23* |       0 |       2 |        3 |      0 |     0 |    +0.0% |    0.000 |      -25.0 |        0.0 |     86 | core_clock_gate_i.en_latch$_DLATCH_N_/D
      24* |       0 |       2 |        3 |      0 |     0 |    +0.0% |    0.000 |      -25.0 |        0.0 |     86 | core_clock_gate_i.en_latch$_DLATCH_N_/D
      25* |       0 |       2 |        3 |      0 |     0 |    +0.0% |    0.000 |      -25.0 |        0.0 |     86 | core_clock_gate_i.en_latch$_DLATCH_N_/D
      26* |       0 |       2 |        3 |      0 |     0 |    +0.0% |    0.000 |      -25.0 |        0.0 |     86 | core_clock_gate_i.en_latch$_DLATCH_N_/D
      27* |       0 |       2 |        3 |      0 |     0 |    +0.0% |    0.000 |      -25.0 |        0.0 |     86 | core_clock_gate_i.en_latch$_DLATCH_N_/D
      28* |       0 |       2 |        3 |      0 |     0 |    +0.0% |    0.000 |      -25.0 |        0.0 |     86 | core_clock_gate_i.en_latch$_DLATCH_N_/D
      29* |       0 |       2 |        3 |      0 |     0 |    +0.0% |    0.000 |      -25.0 |        0.0 |     86 | core_clock_gate_i.en_latch$_DLATCH_N_/D
      30* |       0 |       2 |        3 |      0 |     0 |    +0.0% |    0.000 |      -25.0 |        0.0 |     86 | core_clock_gate_i.en_latch$_DLATCH_N_/D
      30* |       0 |       2 |        3 |      0 |     0 |    +0.0% |    0.000 |      -25.0 |        0.0 |     86 | core_clock_gate_i.en_latch$_DLATCH_N_/D
      31* |       0 |       2 |        3 |      0 |     0 |    +0.0% |    0.000 |      -25.0 |        0.0 |     86 | core_clock_gate_i.en_latch$_DLATCH_N_/D
      32* |       0 |       2 |        3 |      0 |     0 |    +0.0% |    0.000 |      -25.0 |        0.0 |     86 | core_clock_gate_i.en_latch$_DLATCH_N_/D
      33* |       0 |       2 |        3 |      0 |     0 |    +0.0% |    0.000 |      -25.0 |        0.0 |     86 | core_clock_gate_i.en_latch$_DLATCH_N_/D
      34* |       0 |       2 |        3 |      0 |     0 |    +0.0% |    0.000 |      -25.0 |        0.0 |     86 | core_clock_gate_i.en_latch$_DLATCH_N_/D
      35* |       0 |       2 |        3 |      0 |     0 |    +0.0% |    0.000 |      -25.0 |        0.0 |     86 | core_clock_gate_i.en_latch$_DLATCH_N_/D
      36* |       0 |       2 |        3 |      0 |     0 |    +0.0% |    0.000 |      -25.0 |        0.0 |     86 | core_clock_gate_i.en_latch$_DLATCH_N_/D
      37* |       0 |       2 |        3 |      0 |     0 |    +0.0% |    0.000 |      -25.0 |        0.0 |     86 | core_clock_gate_i.en_latch$_DLATCH_N_/D
      38* |       0 |       2 |        3 |      0 |     0 |    +0.0% |    0.000 |      -25.0 |        0.0 |     86 | core_clock_gate_i.en_latch$_DLATCH_N_/D
      39* |       0 |       2 |        3 |      0 |     0 |    +0.0% |    0.000 |      -25.0 |        0.0 |     86 | core_clock_gate_i.en_latch$_DLATCH_N_/D
      40* |       0 |       2 |        3 |      0 |     0 |    +0.0% |    0.000 |      -25.0 |        0.0 |     86 | core_clock_gate_i.en_latch$_DLATCH_N_/D
      40* |       0 |       2 |        3 |      0 |     0 |    +0.0% |    0.000 |      -25.0 |        0.0 |     86 | core_clock_gate_i.en_latch$_DLATCH_N_/D
      41* |       0 |       2 |        3 |      0 |     0 |    +0.0% |    0.000 |      -25.0 |        0.0 |     86 | core_clock_gate_i.en_latch$_DLATCH_N_/D
      42* |       0 |       2 |        3 |      0 |     0 |    +0.0% |    0.000 |      -25.0 |        0.0 |     86 | core_clock_gate_i.en_latch$_DLATCH_N_/D
      43* |       0 |       2 |        3 |      0 |     0 |    +0.0% |    0.000 |      -25.0 |        0.0 |     86 | core_clock_gate_i.en_latch$_DLATCH_N_/D
      44* |       0 |       2 |        3 |      0 |     0 |    +0.0% |    0.000 |      -25.0 |        0.0 |     86 | core_clock_gate_i.en_latch$_DLATCH_N_/D
      45* |       0 |       2 |        3 |      0 |     0 |    +0.0% |    0.000 |      -25.0 |        0.0 |     86 | core_clock_gate_i.en_latch$_DLATCH_N_/D
      46* |       0 |       2 |        3 |      0 |     0 |    +0.0% |    0.000 |      -25.0 |        0.0 |     86 | core_clock_gate_i.en_latch$_DLATCH_N_/D
      47* |       0 |       2 |        3 |      0 |     0 |    +0.0% |    0.000 |      -25.0 |        0.0 |     86 | core_clock_gate_i.en_latch$_DLATCH_N_/D
      48* |       0 |       2 |        3 |      0 |     0 |    +0.0% |    0.000 |      -25.0 |        0.0 |     86 | core_clock_gate_i.en_latch$_DLATCH_N_/D
      49* |       0 |       2 |        3 |      0 |     0 |    +0.0% |    0.000 |      -25.0 |        0.0 |     86 | core_clock_gate_i.en_latch$_DLATCH_N_/D
      50* |       0 |       2 |        3 |      0 |     0 |    +0.0% |    0.000 |      -25.0 |        0.0 |     86 | core_clock_gate_i.en_latch$_DLATCH_N_/D
      50* |       0 |       2 |        3 |      0 |     0 |    +0.0% |    0.000 |      -25.0 |        0.0 |     86 | core_clock_gate_i.en_latch$_DLATCH_N_/D
      51* |       0 |       2 |        3 |      0 |     0 |    +0.0% |    0.000 |      -25.0 |        0.0 |     86 | core_clock_gate_i.en_latch$_DLATCH_N_/D
      52* |       0 |       2 |        3 |      0 |     0 |    +0.0% |    0.000 |      -25.0 |        0.0 |     86 | core_clock_gate_i.en_latch$_DLATCH_N_/D
      53* |       0 |       2 |        3 |      0 |     0 |    +0.0% |    0.000 |      -25.0 |        0.0 |     86 | core_clock_gate_i.en_latch$_DLATCH_N_/D
      54* |       0 |       2 |        3 |      0 |     0 |    +0.0% |    0.000 |      -25.0 |        0.0 |     86 | core_clock_gate_i.en_latch$_DLATCH_N_/D
      55* |       0 |       2 |        3 |      0 |     0 |    +0.0% |    0.000 |      -25.0 |        0.0 |     86 | core_clock_gate_i.en_latch$_DLATCH_N_/D
      56* |       0 |       2 |        3 |      0 |     0 |    +0.0% |    0.000 |      -25.0 |        0.0 |     86 | core_clock_gate_i.en_latch$_DLATCH_N_/D
      57* |       0 |       2 |        3 |      0 |     0 |    +0.0% |    0.000 |      -25.0 |        0.0 |     86 | core_clock_gate_i.en_latch$_DLATCH_N_/D
      58* |       0 |       2 |        3 |      0 |     0 |    +0.0% |    0.000 |      -25.0 |        0.0 |     86 | core_clock_gate_i.en_latch$_DLATCH_N_/D
      59* |       0 |       2 |        3 |      0 |     0 |    +0.0% |    0.000 |      -25.0 |        0.0 |     86 | core_clock_gate_i.en_latch$_DLATCH_N_/D
      60* |       0 |       2 |        3 |      0 |     0 |    +0.0% |    0.000 |      -25.0 |        0.0 |     86 | core_clock_gate_i.en_latch$_DLATCH_N_/D
      60* |       0 |       2 |        3 |      0 |     0 |    +0.0% |    0.000 |      -25.0 |        0.0 |     86 | core_clock_gate_i.en_latch$_DLATCH_N_/D
      61* |       0 |       2 |        3 |      0 |     0 |    +0.0% |    0.000 |      -25.0 |        0.0 |     86 | core_clock_gate_i.en_latch$_DLATCH_N_/D
      62* |       0 |       2 |        3 |      0 |     0 |    +0.0% |    0.000 |      -25.0 |        0.0 |     86 | core_clock_gate_i.en_latch$_DLATCH_N_/D
      63* |       0 |       2 |        3 |      0 |     0 |    +0.0% |    0.000 |      -25.0 |        0.0 |     86 | core_clock_gate_i.en_latch$_DLATCH_N_/D
      64* |       0 |       2 |        3 |      0 |     0 |    +0.0% |    0.000 |      -25.0 |        0.0 |     86 | core_clock_gate_i.en_latch$_DLATCH_N_/D
      65* |       0 |       2 |        3 |      0 |     0 |    +0.0% |    0.000 |      -25.0 |        0.0 |     86 | core_clock_gate_i.en_latch$_DLATCH_N_/D
      66* |       0 |       2 |        3 |      0 |     0 |    +0.0% |    0.000 |      -25.0 |        0.0 |     86 | core_clock_gate_i.en_latch$_DLATCH_N_/D
      67* |       0 |       2 |        3 |      0 |     0 |    +0.0% |    0.000 |      -25.0 |        0.0 |     86 | core_clock_gate_i.en_latch$_DLATCH_N_/D
      68* |       0 |       2 |        3 |      0 |     0 |    +0.0% |    0.000 |      -25.0 |        0.0 |     86 | core_clock_gate_i.en_latch$_DLATCH_N_/D
      69* |       0 |       2 |        3 |      0 |     0 |    +0.0% |    0.000 |      -25.0 |        0.0 |     86 | core_clock_gate_i.en_latch$_DLATCH_N_/D
      70* |       0 |       2 |        3 |      0 |     0 |    +0.0% |    0.000 |      -25.0 |        0.0 |     86 | core_clock_gate_i.en_latch$_DLATCH_N_/D
      70* |       0 |       2 |        3 |      0 |     0 |    +0.0% |    0.000 |      -25.0 |        0.0 |     86 | core_clock_gate_i.en_latch$_DLATCH_N_/D
      71* |       0 |       2 |        3 |      0 |     0 |    +0.0% |    0.000 |      -25.0 |        0.0 |     86 | core_clock_gate_i.en_latch$_DLATCH_N_/D
      72* |       0 |       2 |        3 |      0 |     0 |    +0.0% |    0.000 |      -25.0 |        0.0 |     86 | core_clock_gate_i.en_latch$_DLATCH_N_/D
      73* |       0 |       2 |        3 |      0 |     0 |    +0.0% |    0.000 |      -25.0 |        0.0 |     86 | core_clock_gate_i.en_latch$_DLATCH_N_/D
      74* |       0 |       2 |        3 |      0 |     0 |    +0.0% |    0.000 |      -25.0 |        0.0 |     86 | core_clock_gate_i.en_latch$_DLATCH_N_/D
      75* |       0 |       2 |        3 |      0 |     0 |    +0.0% |    0.000 |      -25.0 |        0.0 |     86 | core_clock_gate_i.en_latch$_DLATCH_N_/D
      76* |       0 |       2 |        3 |      0 |     0 |    +0.0% |    0.000 |      -25.0 |        0.0 |     86 | core_clock_gate_i.en_latch$_DLATCH_N_/D
      77* |       0 |       2 |        3 |      0 |     0 |    +0.0% |    0.000 |      -25.0 |        0.0 |     86 | core_clock_gate_i.en_latch$_DLATCH_N_/D
      78* |       0 |       2 |        3 |      0 |     0 |    +0.0% |    0.000 |      -25.0 |        0.0 |     86 | core_clock_gate_i.en_latch$_DLATCH_N_/D
      79* |       0 |       2 |        3 |      0 |     0 |    +0.0% |    0.000 |      -25.0 |        0.0 |     86 | core_clock_gate_i.en_latch$_DLATCH_N_/D
      80* |       0 |       2 |        3 |      0 |     0 |    +0.0% |    0.000 |      -25.0 |        0.0 |     86 | core_clock_gate_i.en_latch$_DLATCH_N_/D
      80* |       0 |       2 |        3 |      0 |     0 |    +0.0% |    0.000 |      -25.0 |        0.0 |     86 | core_clock_gate_i.en_latch$_DLATCH_N_/D
      81* |       0 |       2 |        3 |      0 |     0 |    +0.0% |    0.000 |      -25.0 |        0.0 |     86 | core_clock_gate_i.en_latch$_DLATCH_N_/D
      82* |       0 |       2 |        3 |      0 |     0 |    +0.0% |    0.000 |      -25.0 |        0.0 |     86 | core_clock_gate_i.en_latch$_DLATCH_N_/D
      83* |       0 |       2 |        3 |      0 |     0 |    +0.0% |    0.000 |      -25.0 |        0.0 |     86 | core_clock_gate_i.en_latch$_DLATCH_N_/D
      84* |       0 |       2 |        3 |      0 |     0 |    +0.0% |    0.000 |      -25.0 |        0.0 |     86 | core_clock_gate_i.en_latch$_DLATCH_N_/D
      85* |       0 |       2 |        3 |      0 |     0 |    +0.0% |    0.000 |      -25.0 |        0.0 |     86 | core_clock_gate_i.en_latch$_DLATCH_N_/D
      86* |       0 |       2 |        3 |      0 |     0 |    +0.0% |    0.000 |      -25.0 |        0.0 |     86 | core_clock_gate_i.en_latch$_DLATCH_N_/D
      87* |       0 |       2 |        3 |      0 |     0 |    +0.0% |    0.000 |      -25.0 |        0.0 |     86 | core_clock_gate_i.en_latch$_DLATCH_N_/D
      88* |       0 |       2 |        3 |      0 |     0 |    +0.0% |    0.000 |      -25.0 |        0.0 |     86 | core_clock_gate_i.en_latch$_DLATCH_N_/D
      89* |       0 |       2 |        3 |      0 |     0 |    +0.0% |    0.000 |      -25.0 |        0.0 |     86 | core_clock_gate_i.en_latch$_DLATCH_N_/D
      89* |       0 |       2 |        3 |      0 |     0 |    +0.0% |    0.000 |      -25.0 |        0.0 |     86 | core_clock_gate_i.en_latch$_DLATCH_N_/D
    final |       0 |       2 |        3 |      0 |     0 |    +0.0% |    0.000 |      -25.0 |        0.0 |      0 | core_clock_gate_i.en_latch$_DLATCH_N_/D
------------------------------------------------------------------------------------------------------------------------------
[INFO RSZ-0040] Inserted 3 buffers.
[INFO RSZ-0051] Resized 2 instances: 2 up, 0 up match, 0 down, 0 VT
[INFO RSZ-0505] Runtime: 1.93s
[INFO RSZ-0046] Found 1 endpoints with hold violations.
Iteration | Resized | Buffers | Cloned Gates |   Area   |   WNS   |   TNS   | Endpoint
--------------------------------------------------------------------------------------
        0 |       0 |       0 |            0 |    +0.0% |  -3.519 |  -3.519 | _14855_/A2
    final |       0 |       3 |            0 |    +0.0% |  -0.929 |  -0.929 | _14855_/A2
--------------------------------------------------------------------------------------
[WARNING RSZ-0066] Unable to repair all hold violations.
[INFO RSZ-0032] Inserted 3 hold buffers.
[INFO RSZ-0506] Runtime: 0.64s
Repair timing output passed lec test
detailed_placement
[INFO DPL-0006] Core area: 1290401.28 um^2
[INFO DPL-0007] Movable instances area: 647069.07 um^2
[INFO DPL-0008] Fixed instances area within core: 9584.87 um^2
[INFO DPL-0009] Utilization: 50.9%
[INFO DPL-0005] Diamond search max displacement: +/- 500 sites horizontally, +/- 100 rows vertically.
[INFO DPL-1102] Legalizing using negotiation legalizer.
[INFO DPL-1103] Negotiation base search window: +/-20 sites horizontally, +/-5 rows vertically 
	Automatic search window extension enabled.
	Search window extendable up to the max displacement cap of +/-500 sites, +/-100 rows near walls.
[INFO DPL-1104] NegotiationLegalizer DRC penalty: 5.
[INFO DPL-0392] Negotiation cell height distribution (1 unique row-count(s)):
[INFO DPL-0393]   height 1 row(s): 14167 cells
          |      Total |  Illegal |  Illegal
Iteration | Violations |    Cells |    Sites
---------------------------------------------
        0 |          0 |         0 |         0
Negotiation phase 1 converged at iteration 0.
[INFO DPL-0500] Runtime: 0.09s
Placement Analysis
---------------------------------
total displacement         58.9 u
average displacement        0.0 u
max displacement           20.0 u
original HPWL          932360.9 u
legalized HPWL         932389.9 u
delta HPWL                    0 %

estimate_parasitics -placement
Report metrics stage 4, cts final...

==========================================================================
cts final report_design_area
--------------------------------------------------------------------------
Design area 656654 um^2 51% utilization.
write_db /tmp/workspace/scripts-Private_test-fr_cugr_cmp-1-/results/gf180/ibex/base/4_1_cts.odb
write_sdc -no_timestamp /tmp/workspace/scripts-Private_test-fr_cugr_cmp-1-/results/gf180/ibex/base/4_cts.sdc
Elapsed time: 0:13.83[h:]min:sec. CPU time: user 41.64 sys 17.78 (429%). Peak memory: 418964KB.
Log                       Ext     Elapsed/s Peak Memory/MB sha1sum result [0:20)
4_1_cts                   .odb           13            409 204dbb79c75924c39a5e
