[2026-08-20 04:33:45.362] [miter_logger] [info] MiterStrategy::run starting
[2026-08-20 04:33:45.362] [miter_logger] [info] Collecting POs for design 0: cva6

[2026-08-20 04:33:45.572] [miter_logger] [info] Collected 17385 PIs for design 0

[2026-08-20 04:33:45.572] [miter_logger] [info] Collected 31735 POs for design 0

[2026-08-20 04:33:45.573] [miter_logger] [info] design 0 PI summary by model/term (17385 total terminals, 18 unique rows):
| Model                    | Term         | Count |
|--------------------------|--------------|-------|
| TIEHIx1_ASAP7_75t_R      | H            |  6822 |
| DFFASRHQNx1_ASAP7_75t_SL | QN           |  6677 |
| DFFHQNx1_ASAP7_75t_SL    | QN           |  1788 |
| TIELOx1_ASAP7_75t_R      | L            |  1021 |
| fakeram7_64x256          | rd_out       |   512 |
| cva6                     | noc_resp_i   |   146 |
| fakeram7_128x64          | rd_out       |   128 |
| cva6                     | cvxif_resp_i |   114 |
| fakeram7_64x28           | rd_out       |    56 |
| fakeram7_64x25           | rd_out       |    50 |
| cva6                     | boot_addr_i  |    32 |
| cva6                     | hart_id_i    |    32 |
| cva6                     | irq_i        |     2 |
| cva6                     | clk_i        |     1 |
| cva6                     | debug_req_i  |     1 |
| cva6                     | ipi_i        |     1 |
| cva6                     | rst_ni       |     1 |
| cva6                     | time_irq_i   |     1 |

[2026-08-20 04:33:45.574] [miter_logger] [info] design 0 PO summary by model/term (31735 total terminals, 28 unique rows):
| Model                    | Term        | Count |
|--------------------------|-------------|-------|
| DFFASRHQNx1_ASAP7_75t_SL | CLK         |  6677 |
| DFFASRHQNx1_ASAP7_75t_SL | D           |  6677 |
| DFFASRHQNx1_ASAP7_75t_SL | RESETN      |  6677 |
| DFFASRHQNx1_ASAP7_75t_SL | SETN        |  6677 |
| DFFHQNx1_ASAP7_75t_SL    | CLK         |  1788 |
| DFFHQNx1_ASAP7_75t_SL    | D           |  1788 |
| fakeram7_64x256          | wd_in       |   512 |
| cva6                     | noc_req_o   |   374 |
| cva6                     | cvxif_req_o |   257 |
| fakeram7_128x64          | wd_in       |   128 |
| fakeram7_64x28           | wd_in       |    56 |
| fakeram7_64x25           | wd_in       |    50 |
| fakeram7_128x64          | addr_in     |    14 |
| fakeram7_64x25           | addr_in     |    12 |
| fakeram7_64x256          | addr_in     |    12 |
| fakeram7_64x28           | addr_in     |    12 |
| fakeram7_128x64          | ce_in       |     2 |
| fakeram7_128x64          | clk         |     2 |
| fakeram7_128x64          | we_in       |     2 |
| fakeram7_64x25           | ce_in       |     2 |
| fakeram7_64x25           | clk         |     2 |
| fakeram7_64x25           | we_in       |     2 |
| fakeram7_64x256          | ce_in       |     2 |
| fakeram7_64x256          | clk         |     2 |
| fakeram7_64x256          | we_in       |     2 |
| fakeram7_64x28           | ce_in       |     2 |
| fakeram7_64x28           | clk         |     2 |
| fakeram7_64x28           | we_in       |     2 |

[2026-08-20 04:33:45.576] [miter_logger] [info] Collecting POs for design 1: cva6

[2026-08-20 04:33:45.777] [miter_logger] [info] size of common inputs: 9542
[2026-08-20 04:33:45.777] [miter_logger] [info] size of diff0 inputs: 0
[2026-08-20 04:33:45.777] [miter_logger] [info] size of diff1 inputs: 0
[2026-08-20 04:33:45.778] [miter_logger] [info] Collected 17385 PIs for design 1

[2026-08-20 04:33:45.778] [miter_logger] [info] Collected 31735 POs for design 1

[2026-08-20 04:33:45.779] [miter_logger] [info] design 1 PI summary by model/term (17385 total terminals, 18 unique rows):
| Model                    | Term         | Count |
|--------------------------|--------------|-------|
| TIEHIx1_ASAP7_75t_R      | H            |  6822 |
| DFFASRHQNx1_ASAP7_75t_SL | QN           |  6677 |
| DFFHQNx1_ASAP7_75t_SL    | QN           |  1788 |
| TIELOx1_ASAP7_75t_R      | L            |  1021 |
| fakeram7_64x256          | rd_out       |   512 |
| cva6                     | noc_resp_i   |   146 |
| fakeram7_128x64          | rd_out       |   128 |
| cva6                     | cvxif_resp_i |   114 |
| fakeram7_64x28           | rd_out       |    56 |
| fakeram7_64x25           | rd_out       |    50 |
| cva6                     | boot_addr_i  |    32 |
| cva6                     | hart_id_i    |    32 |
| cva6                     | irq_i        |     2 |
| cva6                     | clk_i        |     1 |
| cva6                     | debug_req_i  |     1 |
| cva6                     | ipi_i        |     1 |
| cva6                     | rst_ni       |     1 |
| cva6                     | time_irq_i   |     1 |

[2026-08-20 04:33:45.781] [miter_logger] [info] design 1 PO summary by model/term (31735 total terminals, 28 unique rows):
| Model                    | Term        | Count |
|--------------------------|-------------|-------|
| DFFASRHQNx1_ASAP7_75t_SL | CLK         |  6677 |
| DFFASRHQNx1_ASAP7_75t_SL | D           |  6677 |
| DFFASRHQNx1_ASAP7_75t_SL | RESETN      |  6677 |
| DFFASRHQNx1_ASAP7_75t_SL | SETN        |  6677 |
| DFFHQNx1_ASAP7_75t_SL    | CLK         |  1788 |
| DFFHQNx1_ASAP7_75t_SL    | D           |  1788 |
| fakeram7_64x256          | wd_in       |   512 |
| cva6                     | noc_req_o   |   374 |
| cva6                     | cvxif_req_o |   257 |
| fakeram7_128x64          | wd_in       |   128 |
| fakeram7_64x28           | wd_in       |    56 |
| fakeram7_64x25           | wd_in       |    50 |
| fakeram7_128x64          | addr_in     |    14 |
| fakeram7_64x25           | addr_in     |    12 |
| fakeram7_64x256          | addr_in     |    12 |
| fakeram7_64x28           | addr_in     |    12 |
| fakeram7_128x64          | ce_in       |     2 |
| fakeram7_128x64          | clk         |     2 |
| fakeram7_128x64          | we_in       |     2 |
| fakeram7_64x25           | ce_in       |     2 |
| fakeram7_64x25           | clk         |     2 |
| fakeram7_64x25           | we_in       |     2 |
| fakeram7_64x256          | ce_in       |     2 |
| fakeram7_64x256          | clk         |     2 |
| fakeram7_64x256          | we_in       |     2 |
| fakeram7_64x28           | ce_in       |     2 |
| fakeram7_64x28           | clk         |     2 |
| fakeram7_64x28           | we_in       |     2 |

[2026-08-20 04:33:45.781] [miter_logger] [info] normalizeInputs: starting
[2026-08-20 04:33:45.800] [miter_logger] [info] size of common inputs: 17385
[2026-08-20 04:33:45.800] [miter_logger] [info] size of diff0 inputs: 0
[2026-08-20 04:33:45.800] [miter_logger] [info] size of diff1 inputs: 0
[2026-08-20 04:33:45.802] [miter_logger] [info] normalizeOutputs: starting
[2026-08-20 04:33:45.832] [miter_logger] [info] size of common outputs: 31735
[2026-08-20 04:33:45.832] [miter_logger] [info] size of diff0 outputs: 0
[2026-08-20 04:33:45.832] [miter_logger] [info] size of diff1 outputs: 0
[2026-08-20 04:33:45.835] [miter_logger] [info] size of PIs in circuit 0: 17385
[2026-08-20 04:33:45.835] [miter_logger] [info] size of PIs in circuit 1: 17385
[2026-08-20 04:33:45.835] [miter_logger] [info] size of POs in circuit 0: 31735
[2026-08-20 04:33:45.835] [miter_logger] [info] size of POs in circuit 1: 31735
[2026-08-20 04:33:46.680] [miter_logger] [info] Building miter expression
[2026-08-20 04:33:46.687] [miter_logger] [info] Finished building miter expression
[2026-08-20 04:33:47.366] [miter_logger] [info] Starting solver
[2026-08-20 04:36:47.979] [miter_logger] [info] SAT solver finished: UNSAT
[2026-08-20 04:36:47.979] [miter_logger] [info] Circuits are IDENTICAL
