OpenROAD 26Q3-1464-gb22abfea20 
Features included (+) or not (-): +GPU +GUI +Python
This program is licensed under the BSD-3 license. See the LICENSE file for details.
Components of this program may be licensed under more restrictive licenses which must be honored.
[INFO ORD-0030] Using 30 thread(s).
read_liberty ./platforms/sky130hs/lib/sky130_fd_sc_hs__tt_025C_1v80.lib
read_db -hier /tmp/workspace/scripts-Private_test-fr_cugr_cmp-2-/results/sky130hs/riscv32i/base/3_4_place_resized.odb
[WARNING ORD-0012] Hierarchical flow (-hier) is currently in development and may cause multiple issues. Do not use in production environments.
read_sdc /tmp/workspace/scripts-Private_test-fr_cugr_cmp-2-/results/sky130hs/riscv32i/base/2_floorplan.sdc
source ./platforms/sky130hs/setRC.tcl
detailed_placement
[INFO DPL-0006] Core area: 142327.93 um^2
[INFO DPL-0007] Movable instances area: 95275.83 um^2
[INFO DPL-0008] Fixed instances area within core: 2480.72 um^2
[INFO DPL-0009] Utilization: 68.7%
[INFO DPL-0005] Diamond search max displacement: +/- 500 sites horizontally, +/- 100 rows vertically.
[INFO DPL-1102] Legalizing using negotiation legalizer.
[INFO DPL-1103] Negotiation base search window: +/-20 sites horizontally, +/-5 rows vertically 
	Automatic search window extension enabled.
	Search window extendable up to the max displacement cap of +/-500 sites, +/-100 rows near walls.
[INFO DPL-1104] NegotiationLegalizer DRC penalty: 5.
[INFO DPL-0392] Negotiation cell height distribution (1 unique row-count(s)):
[INFO DPL-0393]   height 1 row(s): 7077 cells
          |      Total |  Illegal |  Illegal
Iteration | Violations |    Cells |    Sites
---------------------------------------------
        0 |       2498 |       378 |      2120
        1 |        954 |       112 |       842
        2 |        774 |        68 |       706
        3 |        545 |        41 |       504
        4 |        315 |        25 |       290
        5 |        314 |        24 |       290
        6 |        172 |        12 |       160
        7 |         29 |         5 |        24
        8 |         58 |         4 |        54
        9 |          0 |         0 |         0
Negotiation phase 1 converged at iteration 9.
[INFO DPL-0500] Runtime: 0.19s
Placement Analysis
---------------------------------
total displacement      25378.6 u
average displacement        3.6 u
max displacement           35.5 u
original HPWL          190130.1 u
legalized HPWL         213191.4 u
delta HPWL                   12 %

improve_placement -max_displacement "5 1"
Detailed placement improvement.
[INFO DPL-0401] Setting random seed to 1.
[INFO DPL-0402] Setting maximum displacement 5 1 to 16650 3330 units.
[INFO DPL-0320] Collected 1717 fixed cells.
[INFO DPL-0318] Collected 5525 single height cells.
[INFO DPL-0321] Collected 0 wide cells.
[INFO DPL-0322] Image (1440, 3330) - (379680, 379620)
[INFO DPL-0310] Assigned 5525 cells into segments.  Movement in X-direction is 0.000000, movement in Y-direction is 0.000000.
[INFO DPL-0313] Found 0 cells in wrong regions.
[INFO DPL-0315] Found 0 row alignment problems.
[INFO DPL-0314] Found 0 site alignment problems.
[INFO DPL-0311] Found 0 overlaps between adjacent cells.
[INFO DPL-0312] Found 0 edge spacing violations and 0 padding violations.
[INFO DPL-0303] Running algorithm for independent set matching.
[INFO DPL-0300] Set matching objective is wirelength.
[INFO DPL-0301] Pass   1 of matching; objective is 2.131961e+08.
[INFO DPL-0302] End of matching; objective is 2.130874e+08, improvement is 0.05 percent.
[INFO DPL-0303] Running algorithm for global swaps.
[INFO DPL-0306] Pass   1 of global swaps; hpwl is 2.098357e+08.
[INFO DPL-0306] Pass   2 of global swaps; hpwl is 2.093085e+08.
[INFO DPL-0307] End of global swaps; objective is 2.093085e+08, improvement is 1.77 percent.
[INFO DPL-0303] Running algorithm for vertical swaps.
[INFO DPL-0308] Pass   1 of vertical swaps; hpwl is 2.085008e+08.
[INFO DPL-0309] End of vertical swaps; objective is 2.085008e+08, improvement is 0.39 percent.
[INFO DPL-0303] Running algorithm for reordering.
[INFO DPL-0304] Pass   1 of reordering; objective is 2.083200e+08.
[INFO DPL-0305] End of reordering; objective is 2.083200e+08, improvement is 0.09 percent.
[INFO DPL-0303] Running algorithm for random improvement.
[INFO DPL-0324] Random improver is using random generator.
[INFO DPL-0325] Random improver is using hpwl objective.
[INFO DPL-0326] Random improver cost string is (a).
[INFO DPL-0332] End of pass, Generator random called 110500 times.
[INFO DPL-0335] Generator random, Cumulative attempts 110500, swaps 17107, moves 22189 since last reset.
[INFO DPL-0333] End of pass, Objective hpwl, Initial cost 2.072024e+08, Scratch cost 2.048218e+08, Incremental cost 2.048218e+08, Mismatch? N
[INFO DPL-0338] End of pass, Total cost is 2.048218e+08.
[INFO DPL-0327] Pass   1 of random improver; improvement in cost is 1.15 percent.
[INFO DPL-0332] End of pass, Generator random called 110500 times.
[INFO DPL-0335] Generator random, Cumulative attempts 221000, swaps 33489, moves 44195 since last reset.
[INFO DPL-0333] End of pass, Objective hpwl, Initial cost 2.048218e+08, Scratch cost 2.040915e+08, Incremental cost 2.040915e+08, Mismatch? N
[INFO DPL-0338] End of pass, Total cost is 2.040915e+08.
[INFO DPL-0327] Pass   2 of random improver; improvement in cost is 0.36 percent.
[INFO DPL-0328] End of random improver; improvement is 1.501386 percent.
[INFO DPL-0380] Cell flipping.
[INFO DPL-0382] Changed 0 cell orientations for row compatibility.
[INFO DPL-0383] Performed 1271 cell flips.
[INFO DPL-0384] End of flipping; objective is 2.030436e+08, improvement is 1.05 percent.
[INFO DPL-0313] Found 0 cells in wrong regions.
[INFO DPL-0315] Found 0 row alignment problems.
[INFO DPL-0314] Found 0 site alignment problems.
[INFO DPL-0311] Found 0 overlaps between adjacent cells.
[INFO DPL-0312] Found 0 edge spacing violations and 0 padding violations.
Detailed Improvement Results
------------------------------------------
Original HPWL           213191.4 u (   97110.4,   116081.0)
Final HPWL              203046.3 u (   93947.3,   109099.0)
Delta HPWL                  -4.8 % (      -3.3,       -6.0)

optimize_mirroring
[INFO DPL-0020] Mirrored 198 instances
[INFO DPL-0021] HPWL before          203046.3 u
[INFO DPL-0022] HPWL after           202990.1 u
[INFO DPL-0023] HPWL delta               -0.0 %
[INFO FLW-0012] Placement violations .
estimate_parasitics -placement
Report metrics stage 3, detailed place...

==========================================================================
detailed place report_design_area
--------------------------------------------------------------------------
Design area 97757 um^2 69% utilization.
write_db /tmp/workspace/scripts-Private_test-fr_cugr_cmp-2-/results/sky130hs/riscv32i/base/3_5_place_dp.odb
write_sdc -no_timestamp /tmp/workspace/scripts-Private_test-fr_cugr_cmp-2-/results/sky130hs/riscv32i/base/3_place.sdc
Elapsed time: 0:04.84[h:]min:sec. CPU time: user 6.84 sys 2.34 (189%). Peak memory: 203308KB.
Log                       Ext     Elapsed/s Peak Memory/MB sha1sum result [0:20)
3_5_place_dp              .odb            4            198 9d77c16f4000c426268e
