OpenROAD 26Q3-1464-gb22abfea20 
Features included (+) or not (-): +GPU +GUI +Python
This program is licensed under the BSD-3 license. See the LICENSE file for details.
Components of this program may be licensed under more restrictive licenses which must be honored.
[INFO ORD-0030] Using 30 thread(s).
read_liberty ./platforms/sky130hs/lib/sky130_fd_sc_hs__tt_025C_1v80.lib
read_db -hier /tmp/workspace/scripts-Private_test-fr_cugr_cmp-2-/results/sky130hs/riscv32i/base/5_1_grt.odb
[WARNING ORD-0012] Hierarchical flow (-hier) is currently in development and may cause multiple issues. Do not use in production environments.
read_sdc /tmp/workspace/scripts-Private_test-fr_cugr_cmp-2-/results/sky130hs/riscv32i/base/5_1_grt.sdc
source ./platforms/sky130hs/setRC.tcl
[WARNING STA-0450] virtual clock vclk_clk can not be propagated.
detailed_route -output_drc /tmp/workspace/scripts-Private_test-fr_cugr_cmp-2-/reports/sky130hs/riscv32i/base/5_route_drc.rpt -output_maze /tmp/workspace/scripts-Private_test-fr_cugr_cmp-2-/results/sky130hs/riscv32i/base/maze.log -droute_end_iter 64 -verbose 1 -drc_report_iter_step 5
[INFO DRT-0149] Reading tech and libs.
[WARNING DRT-0349] LEF58_ENCLOSURE with no CUTCLASS is not supported. Skipping for layer mcon
[WARNING DRT-0349] LEF58_ENCLOSURE with no CUTCLASS is not supported. Skipping for layer mcon
[WARNING DRT-0349] LEF58_ENCLOSURE with no CUTCLASS is not supported. Skipping for layer via
[WARNING DRT-0349] LEF58_ENCLOSURE with no CUTCLASS is not supported. Skipping for layer via
[WARNING DRT-0349] LEF58_ENCLOSURE with no CUTCLASS is not supported. Skipping for layer via2
[WARNING DRT-0349] LEF58_ENCLOSURE with no CUTCLASS is not supported. Skipping for layer via2
[WARNING DRT-0349] LEF58_ENCLOSURE with no CUTCLASS is not supported. Skipping for layer via3
[WARNING DRT-0349] LEF58_ENCLOSURE with no CUTCLASS is not supported. Skipping for layer via3
[WARNING DRT-0349] LEF58_ENCLOSURE with no CUTCLASS is not supported. Skipping for layer via4
[WARNING DRT-0349] LEF58_ENCLOSURE with no CUTCLASS is not supported. Skipping for layer via4

Units:                1000
Number of layers:     13
Number of macros:     390
Number of vias:       29
Number of viarulegen: 25

[INFO DRT-0150] Reading design.
[WARNING DRT-0120] Large net net1535 has 101 pins which may impact routing performance. Consider optimization.

Design:                   riscv
Die area:                 ( 0 0 ) ( 380825 380825 )
Number of track patterns: 12
Number of DEF vias:       0
Number of components:     7306
Number of terminals:      167
Number of snets:          2
Number of nets:           5895

[INFO DRT-0167] List of default vias:
  Layer via
    default via: M1M2_PR
  Layer via2
    default via: M2M3_PR
  Layer via3
    default via: M3M4_PR
  Layer via4
    default via: M4M5_PR
[INFO DRT-0162] Library cell analysis.
[INFO DRT-0163] Instance analysis.
[INFO DRT-0164] Number of unique instances = 233.
[INFO DRT-0168] Init region query.
[INFO DRT-0024]   Complete FR_MASTERSLICE.
[INFO DRT-0024]   Complete Fr_VIA.
[INFO DRT-0024]   Complete li1.
[INFO DRT-0024]   Complete mcon.
[INFO DRT-0024]   Complete met1.
[INFO DRT-0024]   Complete via.
[INFO DRT-0024]   Complete met2.
[INFO DRT-0024]   Complete via2.
[INFO DRT-0024]   Complete met3.
[INFO DRT-0024]   Complete via3.
[INFO DRT-0024]   Complete met4.
[INFO DRT-0024]   Complete via4.
[INFO DRT-0024]   Complete met5.
[INFO DRT-0033] FR_MASTERSLICE shape region query size = 0.
[INFO DRT-0033] FR_VIA shape region query size = 0.
[INFO DRT-0033] li1 shape region query size = 234504.
[INFO DRT-0033] mcon shape region query size = 134711.
[INFO DRT-0033] met1 shape region query size = 31524.
[INFO DRT-0033] via shape region query size = 7695.
[INFO DRT-0033] met2 shape region query size = 4706.
[INFO DRT-0033] via2 shape region query size = 6156.
[INFO DRT-0033] met3 shape region query size = 4693.
[INFO DRT-0033] via3 shape region query size = 6156.
[INFO DRT-0033] met4 shape region query size = 1931.
[INFO DRT-0033] via4 shape region query size = 365.
[INFO DRT-0033] met5 shape region query size = 419.
[INFO DRT-0165] Start pin access.
[INFO DRT-0076]   Complete 1000 pins.
[INFO DRT-0078]   Complete 1879 pins.
[INFO DRT-0079]   Complete 100 unique inst patterns.
[INFO DRT-0079]   Complete 200 unique inst patterns.
[INFO DRT-0081]   Complete 233 unique inst patterns.
[INFO DRT-0084]   Complete 3709 groups.
#scanned instances     = 7306
#unique  instances     = 233
#stdCellGenAp          = 6835
#stdCellValidPlanarAp  = 146
#stdCellValidViaAp     = 5358
#stdCellPinNoAp        = 0
#stdCellPinCnt         = 21371
#instTermValidViaApCnt = 0
#macroGenAp            = 0
#macroValidPlanarAp    = 0
#macroValidViaAp       = 0
#macroNoAp             = 0
[INFO DRT-0166] Complete pin access.
[INFO DRT-0267] cpu time = 00:02:49, elapsed time = 00:00:07, memory = 330.31 (MB), peak = 325.29 (MB)

[INFO DRT-0157] Number of guides:     61597

[INFO DRT-0169] Post process guides.
[INFO DRT-0176] GCELLGRID X 0 DO 52 STEP 7200 ;
[INFO DRT-0177] GCELLGRID Y 0 DO 52 STEP 7200 ;
[INFO DRT-0028]   Complete FR_MASTERSLICE.
[INFO DRT-0028]   Complete Fr_VIA.
[INFO DRT-0028]   Complete li1.
[INFO DRT-0028]   Complete mcon.
[INFO DRT-0028]   Complete met1.
[INFO DRT-0028]   Complete via.
[INFO DRT-0028]   Complete met2.
[INFO DRT-0028]   Complete via2.
[INFO DRT-0028]   Complete met3.
[INFO DRT-0028]   Complete via3.
[INFO DRT-0028]   Complete met4.
[INFO DRT-0028]   Complete via4.
[INFO DRT-0028]   Complete met5.
[INFO DRT-0178] Init guide query.
[INFO DRT-0035]   Complete FR_MASTERSLICE (guide).
[INFO DRT-0035]   Complete Fr_VIA (guide).
[INFO DRT-0035]   Complete li1 (guide).
[INFO DRT-0035]   Complete mcon (guide).
[INFO DRT-0035]   Complete met1 (guide).
[INFO DRT-0035]   Complete via (guide).
[INFO DRT-0035]   Complete met2 (guide).
[INFO DRT-0035]   Complete via2 (guide).
[INFO DRT-0035]   Complete met3 (guide).
[INFO DRT-0035]   Complete via3 (guide).
[INFO DRT-0035]   Complete met4 (guide).
[INFO DRT-0035]   Complete via4 (guide).
[INFO DRT-0035]   Complete met5 (guide).
[INFO DRT-0036] FR_MASTERSLICE guide region query size = 0.
[INFO DRT-0036] FR_VIA guide region query size = 0.
[INFO DRT-0036] li1 guide region query size = 18411.
[INFO DRT-0036] mcon guide region query size = 0.
[INFO DRT-0036] met1 guide region query size = 17356.
[INFO DRT-0036] via guide region query size = 0.
[INFO DRT-0036] met2 guide region query size = 10551.
[INFO DRT-0036] via2 guide region query size = 0.
[INFO DRT-0036] met3 guide region query size = 2325.
[INFO DRT-0036] via3 guide region query size = 0.
[INFO DRT-0036] met4 guide region query size = 519.
[INFO DRT-0036] via4 guide region query size = 0.
[INFO DRT-0036] met5 guide region query size = 2.
[INFO DRT-0179] Init gr pin query.
[INFO DRT-0267] cpu time = 00:00:00, elapsed time = 00:00:00, memory = 347.00 (MB), peak = 342.39 (MB)
[INFO DRT-0245] skipped writing guide updates to database.
[INFO DRT-0181] Start track assignment.
[INFO DRT-0184] Done with 29481 vertical wires in 2 frboxes and 19683 horizontal wires in 2 frboxes.
[INFO DRT-0186] Done with 4329 vertical wires in 2 frboxes and 5526 horizontal wires in 2 frboxes.
[INFO DRT-0182] Complete track assignment.
[INFO DRT-0267] cpu time = 00:00:03, elapsed time = 00:00:02, memory = 469.10 (MB), peak = 464.72 (MB)
[INFO DRT-0187] Start routing data preparation.
[INFO DRT-0267] cpu time = 00:00:00, elapsed time = 00:00:00, memory = 474.24 (MB), peak = 469.88 (MB)
[INFO DRT-0194] Start detail routing.
[INFO DRT-0195] Start 0th optimization iteration.
    Completing 10% with 0 violations.
    elapsed time = 00:00:02, memory = 1046.87 (MB).
    Completing 20% with 0 violations.
    elapsed time = 00:00:02, memory = 906.00 (MB).
    Completing 30% with 779 violations.
    elapsed time = 00:00:05, memory = 1303.38 (MB).
    Completing 40% with 779 violations.
    elapsed time = 00:00:05, memory = 1304.48 (MB).
    Completing 50% with 779 violations.
    elapsed time = 00:00:07, memory = 1158.67 (MB).
    Completing 60% with 1404 violations.
    elapsed time = 00:00:09, memory = 1623.55 (MB).
    Completing 70% with 1404 violations.
    elapsed time = 00:00:11, memory = 1588.97 (MB).
    Completing 80% with 2171 violations.
    elapsed time = 00:00:13, memory = 1800.93 (MB).
    Completing 90% with 2171 violations.
    elapsed time = 00:00:15, memory = 1833.43 (MB).
    Completing 100% with 2814 violations.
    elapsed time = 00:00:17, memory = 1715.27 (MB).
[INFO DRT-0199]   Number of violations = 3815.
Viol/Layer         li1   mcon   met1    via   met2   met3   met4
Cut Spacing          0      4      0      0      0      0      0
Metal Spacing        0      0    486      0     98      9      0
Min Hole             0      0     10      0      0      0      0
Recheck              5      0    661      0    286     43      6
Short                0      2   1911      3    283      8      0
[INFO DRT-0267] cpu time = 00:02:24, elapsed time = 00:00:17, memory = 2013.30 (MB), peak = 2010.41 (MB)
Total wire length = 314313 um.
Total wire length on LAYER li1 = 0 um.
Total wire length on LAYER met1 = 125687 um.
Total wire length on LAYER met2 = 134116 um.
Total wire length on LAYER met3 = 41565 um.
Total wire length on LAYER met4 = 12914 um.
Total wire length on LAYER met5 = 29 um.
Total number of vias = 50210.
Up-via summary (total 50210):

------------------------
 FR_MASTERSLICE        0
            li1    21415
           met1    24823
           met2     3226
           met3      742
           met4        4
------------------------
               50210


[INFO DRT-0195] Start 1st optimization iteration.
    Completing 10% with 3815 violations.
    elapsed time = 00:00:00, memory = 2149.26 (MB).
    Completing 20% with 3815 violations.
    elapsed time = 00:00:02, memory = 2144.27 (MB).
    Completing 30% with 3262 violations.
    elapsed time = 00:00:04, memory = 2202.77 (MB).
    Completing 40% with 3262 violations.
    elapsed time = 00:00:05, memory = 2212.18 (MB).
    Completing 50% with 3262 violations.
    elapsed time = 00:00:06, memory = 2192.17 (MB).
    Completing 60% with 2672 violations.
    elapsed time = 00:00:08, memory = 2332.63 (MB).
    Completing 70% with 2672 violations.
    elapsed time = 00:00:10, memory = 2293.07 (MB).
    Completing 80% with 1972 violations.
    elapsed time = 00:00:12, memory = 2347.26 (MB).
    Completing 90% with 1972 violations.
    elapsed time = 00:00:13, memory = 2350.71 (MB).
    Completing 100% with 1290 violations.
    elapsed time = 00:00:15, memory = 2279.49 (MB).
[INFO DRT-0199]   Number of violations = 1290.
Viol/Layer        met1   met2   met3   met4
Metal Spacing      167     40      2      1
Short              954    126      0      0
[INFO DRT-0267] cpu time = 00:02:09, elapsed time = 00:00:15, memory = 2279.79 (MB), peak = 2348.97 (MB)
Total wire length = 311030 um.
Total wire length on LAYER li1 = 0 um.
Total wire length on LAYER met1 = 124107 um.
Total wire length on LAYER met2 = 133771 um.
Total wire length on LAYER met3 = 40674 um.
Total wire length on LAYER met4 = 12445 um.
Total wire length on LAYER met5 = 31 um.
Total number of vias = 49490.
Up-via summary (total 49490):

------------------------
 FR_MASTERSLICE        0
            li1    21399
           met1    24414
           met2     3020
           met3      653
           met4        4
------------------------
               49490


[INFO DRT-0195] Start 2nd optimization iteration.
    Completing 10% with 1290 violations.
    elapsed time = 00:00:00, memory = 2279.79 (MB).
    Completing 20% with 1290 violations.
    elapsed time = 00:00:01, memory = 2312.28 (MB).
    Completing 30% with 1290 violations.
    elapsed time = 00:00:03, memory = 2279.97 (MB).
    Completing 40% with 1246 violations.
    elapsed time = 00:00:03, memory = 2374.23 (MB).
    Completing 50% with 1246 violations.
    elapsed time = 00:00:06, memory = 2384.44 (MB).
    Completing 60% with 1228 violations.
    elapsed time = 00:00:07, memory = 2314.64 (MB).
    Completing 70% with 1228 violations.
    elapsed time = 00:00:09, memory = 2376.67 (MB).
    Completing 80% with 1228 violations.
    elapsed time = 00:00:11, memory = 2332.55 (MB).
    Completing 90% with 1326 violations.
    elapsed time = 00:00:13, memory = 2433.85 (MB).
    Completing 100% with 1300 violations.
    elapsed time = 00:00:15, memory = 2380.54 (MB).
[INFO DRT-0199]   Number of violations = 1302.
Viol/Layer        met1   met2   met3   met4
Metal Spacing      143     44      2      2
Recheck              2      0      0      0
Short              979    130      0      0
[INFO DRT-0267] cpu time = 00:02:09, elapsed time = 00:00:16, memory = 2383.46 (MB), peak = 2432.56 (MB)
Total wire length = 309094 um.
Total wire length on LAYER li1 = 0 um.
Total wire length on LAYER met1 = 122857 um.
Total wire length on LAYER met2 = 133859 um.
Total wire length on LAYER met3 = 40018 um.
Total wire length on LAYER met4 = 12328 um.
Total wire length on LAYER met5 = 30 um.
Total number of vias = 49228.
Up-via summary (total 49228):

------------------------
 FR_MASTERSLICE        0
            li1    21411
           met1    24218
           met2     2950
           met3      645
           met4        4
------------------------
               49228


[INFO DRT-0195] Start 3rd optimization iteration.
    Completing 10% with 1302 violations.
    elapsed time = 00:00:00, memory = 2423.47 (MB).
    Completing 20% with 1302 violations.
    elapsed time = 00:00:02, memory = 2454.06 (MB).
    Completing 30% with 949 violations.
    elapsed time = 00:00:03, memory = 2419.57 (MB).
    Completing 40% with 949 violations.
    elapsed time = 00:00:04, memory = 2428.07 (MB).
    Completing 50% with 949 violations.
    elapsed time = 00:00:06, memory = 2429.06 (MB).
    Completing 60% with 627 violations.
    elapsed time = 00:00:07, memory = 2462.77 (MB).
    Completing 70% with 627 violations.
    elapsed time = 00:00:08, memory = 2429.35 (MB).
    Completing 80% with 317 violations.
    elapsed time = 00:00:12, memory = 2429.36 (MB).
    Completing 90% with 317 violations.
    elapsed time = 00:00:13, memory = 2430.41 (MB).
    Completing 100% with 91 violations.
    elapsed time = 00:00:15, memory = 2432.11 (MB).
[INFO DRT-0199]   Number of violations = 91.
Viol/Layer        met1
Metal Spacing       33
Short               58
[INFO DRT-0267] cpu time = 00:01:21, elapsed time = 00:00:15, memory = 2432.11 (MB), peak = 2463.49 (MB)
Total wire length = 308751 um.
Total wire length on LAYER li1 = 0 um.
Total wire length on LAYER met1 = 118997 um.
Total wire length on LAYER met2 = 134073 um.
Total wire length on LAYER met3 = 42889 um.
Total wire length on LAYER met4 = 12774 um.
Total wire length on LAYER met5 = 17 um.
Total number of vias = 50096.
Up-via summary (total 50096):

------------------------
 FR_MASTERSLICE        0
            li1    21414
           met1    24703
           met2     3300
           met3      677
           met4        2
------------------------
               50096


[INFO DRT-0195] Start 4th guides tiles iteration.
    Completing 10% with 91 violations.
    elapsed time = 00:00:00, memory = 2432.11 (MB).
    Completing 20% with 91 violations.
    elapsed time = 00:00:00, memory = 2432.11 (MB).
    Completing 30% with 91 violations.
    elapsed time = 00:00:00, memory = 2432.11 (MB).
    Completing 40% with 91 violations.
    elapsed time = 00:00:00, memory = 2432.11 (MB).
    Completing 50% with 91 violations.
    elapsed time = 00:00:00, memory = 2432.11 (MB).
    Completing 60% with 4 violations.
    elapsed time = 00:00:00, memory = 2432.11 (MB).
    Completing 70% with 4 violations.
    elapsed time = 00:00:00, memory = 2432.11 (MB).
    Completing 80% with 4 violations.
    elapsed time = 00:00:00, memory = 2432.11 (MB).
    Completing 90% with 4 violations.
    elapsed time = 00:00:00, memory = 2432.11 (MB).
    Completing 100% with 0 violations.
    elapsed time = 00:00:00, memory = 2432.11 (MB).
[INFO DRT-0199]   Number of violations = 0.
[INFO DRT-0267] cpu time = 00:00:02, elapsed time = 00:00:00, memory = 2432.11 (MB), peak = 2463.49 (MB)
Total wire length = 308716 um.
Total wire length on LAYER li1 = 0 um.
Total wire length on LAYER met1 = 118926 um.
Total wire length on LAYER met2 = 133997 um.
Total wire length on LAYER met3 = 42930 um.
Total wire length on LAYER met4 = 12843 um.
Total wire length on LAYER met5 = 17 um.
Total number of vias = 50086.
Up-via summary (total 50086):

------------------------
 FR_MASTERSLICE        0
            li1    21413
           met1    24695
           met2     3299
           met3      677
           met4        2
------------------------
               50086


[INFO DRT-0198] Complete detail routing.
Total wire length = 308716 um.
Total wire length on LAYER li1 = 0 um.
Total wire length on LAYER met1 = 118926 um.
Total wire length on LAYER met2 = 133997 um.
Total wire length on LAYER met3 = 42930 um.
Total wire length on LAYER met4 = 12843 um.
Total wire length on LAYER met5 = 17 um.
Total number of vias = 50086.
Up-via summary (total 50086):

------------------------
 FR_MASTERSLICE        0
            li1    21413
           met1    24695
           met2     3299
           met3      677
           met4        2
------------------------
               50086


[INFO DRT-0267] cpu time = 00:08:07, elapsed time = 00:01:05, memory = 2432.17 (MB), peak = 2463.49 (MB)

[INFO DRT-0180] Post processing.
[INFO DRT-0501] Runtime: 76.80s
Took 77 seconds: detailed_route -output_drc /tmp/workspace/scripts-Private_test-fr_cugr_cmp-2-/reports/sky130hs/riscv32i/base/5_route_drc.rpt -output_maze /tmp/workspace/scripts-Private_test-fr_cugr_cmp-2-/results/sky130hs/riscv32i/base/maze.log -droute_end_iter 64 -verbose 1 -drc_report_iter_step 5
[INFO GRT-0012] Found 3 antenna violations.
[INFO DPL-0006] Core area: 142327.93 um^2
[INFO DPL-0007] Movable instances area: 0.00 um^2
[INFO DPL-0008] Fixed instances area within core: 103983.91 um^2
[INFO DPL-0009] Utilization: 73.1%
[INFO DPL-0005] Diamond search max displacement: +/- 500 sites horizontally, +/- 100 rows vertically.
[INFO DPL-1102] Legalizing using negotiation legalizer.
[INFO DPL-1103] Negotiation base search window: +/-20 sites horizontally, +/-5 rows vertically 
	Automatic search window extension enabled.
	Search window extendable up to the max displacement cap of +/-500 sites, +/-100 rows near walls.
[INFO DPL-1104] NegotiationLegalizer DRC penalty: 5.
[INFO DPL-0392] Negotiation cell height distribution (1 unique row-count(s)):
[INFO DPL-0393]   height 1 row(s): 7309 cells
[INFO DPL-0500] Runtime: 0.02s
[INFO GRT-0015] Inserted 3 diodes.
[WARNING GRT-0128] Incremental global routing finished with congestion. Check the congestion regions in the DRC Viewer.
[WARNING DRT-0120] Large net net1535 has 101 pins which may impact routing performance. Consider optimization.
[INFO DRT-0024]   Complete FR_MASTERSLICE.
[INFO DRT-0024]   Complete Fr_VIA.
[INFO DRT-0024]   Complete li1.
[INFO DRT-0024]   Complete mcon.
[INFO DRT-0024]   Complete met1.
[INFO DRT-0024]   Complete via.
[INFO DRT-0024]   Complete met2.
[INFO DRT-0024]   Complete via2.
[INFO DRT-0024]   Complete met3.
[INFO DRT-0024]   Complete via3.
[INFO DRT-0024]   Complete met4.
[INFO DRT-0024]   Complete via4.
[INFO DRT-0024]   Complete met5.
[INFO DRT-0165] Start pin access.
[INFO DRT-0076]   Complete 1000 pins.
[INFO DRT-0078]   Complete 1879 pins.
[INFO DRT-0079]   Complete 100 unique inst patterns.
[INFO DRT-0079]   Complete 200 unique inst patterns.
[INFO DRT-0081]   Complete 233 unique inst patterns.
[INFO DRT-0084]   Complete 3707 groups.
#scanned instances     = 7309
#unique  instances     = 233
#stdCellGenAp          = 6835
#stdCellValidPlanarAp  = 146
#stdCellValidViaAp     = 5358
#stdCellPinNoAp        = 0
#stdCellPinCnt         = 21371
#instTermValidViaApCnt = 0
#macroGenAp            = 0
#macroValidPlanarAp    = 0
#macroValidViaAp       = 0
#macroNoAp             = 0
[INFO DRT-0166] Complete pin access.
[INFO DRT-0267] cpu time = 00:02:52, elapsed time = 00:00:07, memory = 2442.16 (MB), peak = 2463.49 (MB)

[INFO DRT-0157] Number of guides:     61625

[INFO DRT-0169] Post process guides.
[INFO DRT-0176] GCELLGRID X 0 DO 52 STEP 7200 ;
[INFO DRT-0177] GCELLGRID Y 0 DO 52 STEP 7200 ;
[INFO DRT-0028]   Complete FR_MASTERSLICE.
[INFO DRT-0028]   Complete Fr_VIA.
[INFO DRT-0028]   Complete li1.
[INFO DRT-0028]   Complete mcon.
[INFO DRT-0028]   Complete met1.
[INFO DRT-0028]   Complete via.
[INFO DRT-0028]   Complete met2.
[INFO DRT-0028]   Complete via2.
[INFO DRT-0028]   Complete met3.
[INFO DRT-0028]   Complete via3.
[INFO DRT-0028]   Complete met4.
[INFO DRT-0028]   Complete via4.
[INFO DRT-0028]   Complete met5.
[INFO DRT-0178] Init guide query.
[INFO DRT-0035]   Complete FR_MASTERSLICE (guide).
[INFO DRT-0035]   Complete Fr_VIA (guide).
[INFO DRT-0035]   Complete li1 (guide).
[INFO DRT-0035]   Complete mcon (guide).
[INFO DRT-0035]   Complete met1 (guide).
[INFO DRT-0035]   Complete via (guide).
[INFO DRT-0035]   Complete met2 (guide).
[INFO DRT-0035]   Complete via2 (guide).
[INFO DRT-0035]   Complete met3 (guide).
[INFO DRT-0035]   Complete via3 (guide).
[INFO DRT-0035]   Complete met4 (guide).
[INFO DRT-0035]   Complete via4 (guide).
[INFO DRT-0035]   Complete met5 (guide).
[INFO DRT-0036] FR_MASTERSLICE guide region query size = 0.
[INFO DRT-0036] FR_VIA guide region query size = 0.
[INFO DRT-0036] li1 guide region query size = 18412.
[INFO DRT-0036] mcon guide region query size = 0.
[INFO DRT-0036] met1 guide region query size = 17357.
[INFO DRT-0036] via guide region query size = 0.
[INFO DRT-0036] met2 guide region query size = 10552.
[INFO DRT-0036] via2 guide region query size = 0.
[INFO DRT-0036] met3 guide region query size = 2325.
[INFO DRT-0036] via3 guide region query size = 0.
[INFO DRT-0036] met4 guide region query size = 522.
[INFO DRT-0036] via4 guide region query size = 0.
[INFO DRT-0036] met5 guide region query size = 2.
[INFO DRT-0179] Init gr pin query.
[INFO DRT-0267] cpu time = 00:00:00, elapsed time = 00:00:00, memory = 2442.16 (MB), peak = 2463.49 (MB)
[INFO DRT-0245] skipped writing guide updates to database.
[INFO DRT-0181] Start track assignment.
[INFO DRT-0184] Done with 29486 vertical wires in 2 frboxes and 19684 horizontal wires in 2 frboxes.
[INFO DRT-0186] Done with 4337 vertical wires in 2 frboxes and 5521 horizontal wires in 2 frboxes.
[INFO DRT-0182] Complete track assignment.
[INFO DRT-0267] cpu time = 00:00:02, elapsed time = 00:00:02, memory = 2458.05 (MB), peak = 2463.49 (MB)
[INFO DRT-0187] Start routing data preparation.
[INFO DRT-0267] cpu time = 00:00:00, elapsed time = 00:00:00, memory = 2458.05 (MB), peak = 2463.49 (MB)
[INFO DRT-0194] Start detail routing.
[INFO DRT-0195] Start 0th optimization iteration.
    Completing 10% with 0 violations.
    elapsed time = 00:00:00, memory = 2464.30 (MB).
    Completing 20% with 0 violations.
    elapsed time = 00:00:00, memory = 2464.31 (MB).
    Completing 30% with 44 violations.
    elapsed time = 00:00:01, memory = 2490.94 (MB).
    Completing 40% with 44 violations.
    elapsed time = 00:00:01, memory = 2490.95 (MB).
    Completing 50% with 44 violations.
    elapsed time = 00:00:02, memory = 2490.96 (MB).
    Completing 60% with 90 violations.
    elapsed time = 00:00:02, memory = 2524.05 (MB).
    Completing 70% with 90 violations.
    elapsed time = 00:00:03, memory = 2524.05 (MB).
    Completing 80% with 117 violations.
    elapsed time = 00:00:03, memory = 2490.96 (MB).
    Completing 90% with 117 violations.
    elapsed time = 00:00:04, memory = 2490.96 (MB).
    Completing 100% with 148 violations.
    elapsed time = 00:00:05, memory = 2490.96 (MB).
[INFO DRT-0199]   Number of violations = 189.
Viol/Layer        met1   met2   met3   met4
Metal Spacing       22      6      0      0
Recheck             20     19      2      0
Short               55     62      1      2
[INFO DRT-0267] cpu time = 00:00:43, elapsed time = 00:00:05, memory = 2538.76 (MB), peak = 2535.21 (MB)
Total wire length = 309060 um.
Total wire length on LAYER li1 = 0 um.
Total wire length on LAYER met1 = 119192 um.
Total wire length on LAYER met2 = 133927 um.
Total wire length on LAYER met3 = 42979 um.
Total wire length on LAYER met4 = 12942 um.
Total wire length on LAYER met5 = 17 um.
Total number of vias = 50123.
Up-via summary (total 50123):

------------------------
 FR_MASTERSLICE        0
            li1    21417
           met1    24719
           met2     3302
           met3      683
           met4        2
------------------------
               50123


[INFO DRT-0195] Start 1st optimization iteration.
    Completing 10% with 189 violations.
    elapsed time = 00:00:00, memory = 2603.78 (MB).
    Completing 20% with 189 violations.
    elapsed time = 00:00:01, memory = 2538.76 (MB).
    Completing 30% with 154 violations.
    elapsed time = 00:00:01, memory = 2538.76 (MB).
    Completing 40% with 154 violations.
    elapsed time = 00:00:01, memory = 2538.76 (MB).
    Completing 50% with 154 violations.
    elapsed time = 00:00:02, memory = 2538.76 (MB).
    Completing 60% with 111 violations.
    elapsed time = 00:00:02, memory = 2604.72 (MB).
    Completing 70% with 111 violations.
    elapsed time = 00:00:03, memory = 2570.80 (MB).
    Completing 80% with 84 violations.
    elapsed time = 00:00:04, memory = 2604.11 (MB).
    Completing 90% with 84 violations.
    elapsed time = 00:00:04, memory = 2604.11 (MB).
    Completing 100% with 18 violations.
    elapsed time = 00:00:05, memory = 2539.09 (MB).
[INFO DRT-0199]   Number of violations = 18.
Viol/Layer        met1   met2
Metal Spacing        1      0
Short               15      2
[INFO DRT-0267] cpu time = 00:00:42, elapsed time = 00:00:05, memory = 2539.21 (MB), peak = 2602.02 (MB)
Total wire length = 308945 um.
Total wire length on LAYER li1 = 0 um.
Total wire length on LAYER met1 = 119184 um.
Total wire length on LAYER met2 = 133868 um.
Total wire length on LAYER met3 = 42955 um.
Total wire length on LAYER met4 = 12919 um.
Total wire length on LAYER met5 = 17 um.
Total number of vias = 50070.
Up-via summary (total 50070):

------------------------
 FR_MASTERSLICE        0
            li1    21416
           met1    24683
           met2     3292
           met3      677
           met4        2
------------------------
               50070


[INFO DRT-0195] Start 2nd optimization iteration.
    Completing 10% with 18 violations.
    elapsed time = 00:00:00, memory = 2539.21 (MB).
    Completing 20% with 18 violations.
    elapsed time = 00:00:00, memory = 2539.21 (MB).
    Completing 30% with 18 violations.
    elapsed time = 00:00:00, memory = 2539.21 (MB).
    Completing 40% with 13 violations.
    elapsed time = 00:00:00, memory = 2539.21 (MB).
    Completing 50% with 13 violations.
    elapsed time = 00:00:00, memory = 2539.21 (MB).
    Completing 60% with 13 violations.
    elapsed time = 00:00:00, memory = 2539.21 (MB).
    Completing 70% with 13 violations.
    elapsed time = 00:00:00, memory = 2539.21 (MB).
    Completing 80% with 13 violations.
    elapsed time = 00:00:01, memory = 2539.21 (MB).
    Completing 90% with 13 violations.
    elapsed time = 00:00:01, memory = 2539.21 (MB).
    Completing 100% with 12 violations.
    elapsed time = 00:00:02, memory = 2539.21 (MB).
[INFO DRT-0199]   Number of violations = 12.
Viol/Layer        met1   met2
Short                8      4
[INFO DRT-0267] cpu time = 00:00:04, elapsed time = 00:00:02, memory = 2539.21 (MB), peak = 2602.02 (MB)
Total wire length = 308942 um.
Total wire length on LAYER li1 = 0 um.
Total wire length on LAYER met1 = 119158 um.
Total wire length on LAYER met2 = 133891 um.
Total wire length on LAYER met3 = 42956 um.
Total wire length on LAYER met4 = 12918 um.
Total wire length on LAYER met5 = 17 um.
Total number of vias = 50066.
Up-via summary (total 50066):

------------------------
 FR_MASTERSLICE        0
            li1    21416
           met1    24679
           met2     3292
           met3      677
           met4        2
------------------------
               50066


[INFO DRT-0195] Start 3rd guides tiles iteration.
    Completing 10% with 12 violations.
    elapsed time = 00:00:00, memory = 2539.21 (MB).
    Completing 20% with 12 violations.
    elapsed time = 00:00:00, memory = 2539.21 (MB).
    Completing 30% with 12 violations.
    elapsed time = 00:00:00, memory = 2539.21 (MB).
    Completing 50% with 12 violations.
    elapsed time = 00:00:00, memory = 2539.21 (MB).
    Completing 60% with 4 violations.
    elapsed time = 00:00:00, memory = 2539.21 (MB).
    Completing 70% with 4 violations.
    elapsed time = 00:00:00, memory = 2539.21 (MB).
    Completing 80% with 4 violations.
    elapsed time = 00:00:00, memory = 2539.21 (MB).
    Completing 100% with 0 violations.
    elapsed time = 00:00:00, memory = 2539.21 (MB).
[INFO DRT-0199]   Number of violations = 0.
[INFO DRT-0267] cpu time = 00:00:02, elapsed time = 00:00:00, memory = 2539.21 (MB), peak = 2602.02 (MB)
Total wire length = 308951 um.
Total wire length on LAYER li1 = 0 um.
Total wire length on LAYER met1 = 119013 um.
Total wire length on LAYER met2 = 133803 um.
Total wire length on LAYER met3 = 43096 um.
Total wire length on LAYER met4 = 13020 um.
Total wire length on LAYER met5 = 17 um.
Total number of vias = 50079.
Up-via summary (total 50079):

------------------------
 FR_MASTERSLICE        0
            li1    21416
           met1    24676
           met2     3304
           met3      681
           met4        2
------------------------
               50079


[INFO DRT-0198] Complete detail routing.
Total wire length = 308951 um.
Total wire length on LAYER li1 = 0 um.
Total wire length on LAYER met1 = 119013 um.
Total wire length on LAYER met2 = 133803 um.
Total wire length on LAYER met3 = 43096 um.
Total wire length on LAYER met4 = 13020 um.
Total wire length on LAYER met5 = 17 um.
Total number of vias = 50079.
Up-via summary (total 50079):

------------------------
 FR_MASTERSLICE        0
            li1    21416
           met1    24676
           met2     3304
           met3      681
           met4        2
------------------------
               50079


[INFO DRT-0267] cpu time = 00:01:32, elapsed time = 00:00:13, memory = 2539.21 (MB), peak = 2602.02 (MB)

[INFO DRT-0180] Post processing.
[INFO DRT-0501] Runtime: 24.47s
[INFO ANT-0002] Found 0 net violations.
[INFO ANT-0001] Found 0 pin violations.
[INFO ANT-0002] Found 0 net violations.
[INFO ANT-0001] Found 0 pin violations.
Design area 103984 um^2 73% utilization.
write_db /tmp/workspace/scripts-Private_test-fr_cugr_cmp-2-/results/sky130hs/riscv32i/base/5_2_route.odb
Elapsed time: 1:44.62[h:]min:sec. CPU time: user 959.27 sys 2.54 (919%). Peak memory: 2664468KB.
Log                       Ext     Elapsed/s Peak Memory/MB sha1sum result [0:20)
5_2_route                 .odb          104           2602 e403f5bb71e9507ba020
