OpenROAD 26Q3-1464-gb22abfea20 
Features included (+) or not (-): +GPU +GUI +Python
This program is licensed under the BSD-3 license. See the LICENSE file for details.
Components of this program may be licensed under more restrictive licenses which must be honored.
[INFO ORD-0030] Using 30 thread(s).
read_liberty /OpenROAD-flow-scripts/flow/platforms/gf180/lib/gf180mcu_fd_sc_mcu9t5v0__ff_n40C_5v50.lib.gz
read_db -hier /tmp/workspace/scripts-Private_test-fr_cugr_cmp-2-/results/gf180/jpeg/base/4_cts.odb
[WARNING ORD-0012] Hierarchical flow (-hier) is currently in development and may cause multiple issues. Do not use in production environments.
read_sdc /tmp/workspace/scripts-Private_test-fr_cugr_cmp-2-/results/gf180/jpeg/base/4_cts.sdc
source ./platforms/gf180/setRC.tcl
pin_access
[INFO DRT-0149] Reading tech and libs.
[WARNING DRT-0349] LEF58_ENCLOSURE with no CUTCLASS is not supported. Skipping for layer Via1
[WARNING DRT-0349] LEF58_ENCLOSURE with no CUTCLASS is not supported. Skipping for layer Via1
[WARNING DRT-0349] LEF58_ENCLOSURE with no CUTCLASS is not supported. Skipping for layer Via2
[WARNING DRT-0349] LEF58_ENCLOSURE with no CUTCLASS is not supported. Skipping for layer Via2
[WARNING DRT-0349] LEF58_ENCLOSURE with no CUTCLASS is not supported. Skipping for layer Via3
[WARNING DRT-0349] LEF58_ENCLOSURE with no CUTCLASS is not supported. Skipping for layer Via3
[WARNING DRT-0349] LEF58_ENCLOSURE with no CUTCLASS is not supported. Skipping for layer Via4
[WARNING DRT-0349] LEF58_ENCLOSURE with no CUTCLASS is not supported. Skipping for layer Via4

Units:                2000
Number of layers:     11
Number of macros:     229
Number of vias:       64
Number of viarulegen: 18

[INFO DRT-0150] Reading design.
[WARNING DRT-0120] Large net net1359 has 167 pins which may impact routing performance. Consider optimization.
[WARNING DRT-0120] Large net net1744 has 218 pins which may impact routing performance. Consider optimization.
[WARNING DRT-0120] Large net net1745 has 169 pins which may impact routing performance. Consider optimization.
[WARNING DRT-0120] Large net net1791 has 117 pins which may impact routing performance. Consider optimization.
[WARNING DRT-0120] Large net net1856 has 106 pins which may impact routing performance. Consider optimization.
[WARNING DRT-0120] Large net net1843 has 125 pins which may impact routing performance. Consider optimization.
[WARNING DRT-0120] Large net net1845 has 139 pins which may impact routing performance. Consider optimization.
[WARNING DRT-0120] Large net net1878 has 199 pins which may impact routing performance. Consider optimization.
[WARNING DRT-0120] Large net net1876 has 133 pins which may impact routing performance. Consider optimization.
[WARNING DRT-0120] Large net net1737 has 147 pins which may impact routing performance. Consider optimization.
[WARNING DRT-0120] Large net net1740 has 170 pins which may impact routing performance. Consider optimization.
[WARNING DRT-0120] Large net net1741 has 160 pins which may impact routing performance. Consider optimization.
[WARNING DRT-0120] Large net net1736 has 157 pins which may impact routing performance. Consider optimization.
[WARNING DRT-0120] Large net net1836 has 107 pins which may impact routing performance. Consider optimization.
[WARNING DRT-0120] Large net net1852 has 176 pins which may impact routing performance. Consider optimization.
[WARNING DRT-0120] Large net net1885 has 235 pins which may impact routing performance. Consider optimization.
[WARNING DRT-0120] Large net net1884 has 117 pins which may impact routing performance. Consider optimization.
[WARNING DRT-0120] Large net net1883 has 103 pins which may impact routing performance. Consider optimization.
[WARNING DRT-0120] Large net net1880 has 185 pins which may impact routing performance. Consider optimization.
[WARNING DRT-0120] Large net net1860 has 193 pins which may impact routing performance. Consider optimization.
[WARNING DRT-0120] Large net net1864 has 137 pins which may impact routing performance. Consider optimization.
[WARNING DRT-0120] Large net net1888 has 121 pins which may impact routing performance. Consider optimization.
[WARNING DRT-0120] Large net net1891 has 101 pins which may impact routing performance. Consider optimization.
[WARNING DRT-0120] Large net net1898 has 165 pins which may impact routing performance. Consider optimization.
[WARNING DRT-0120] Large net net1900 has 136 pins which may impact routing performance. Consider optimization.
[WARNING DRT-0120] Large net net1902 has 199 pins which may impact routing performance. Consider optimization.
[WARNING DRT-0120] Large net net1905 has 124 pins which may impact routing performance. Consider optimization.
[WARNING DRT-0120] Large net net1908 has 159 pins which may impact routing performance. Consider optimization.
[WARNING DRT-0120] Large net net1909 has 116 pins which may impact routing performance. Consider optimization.
[WARNING DRT-0120] Large net net1910 has 172 pins which may impact routing performance. Consider optimization.
[WARNING DRT-0120] Large net net1912 has 167 pins which may impact routing performance. Consider optimization.
[WARNING DRT-0120] Large net net1914 has 159 pins which may impact routing performance. Consider optimization.
[WARNING DRT-0120] Large net net1918 has 102 pins which may impact routing performance. Consider optimization.

Design:                   jpeg_encoder
Die area:                 ( 0 0 ) ( 4199970 4199970 )
Number of track patterns: 10
Number of DEF vias:       0
Number of components:     44874
Number of terminals:      49
Number of snets:          2
Number of nets:           49322

[INFO DRT-0167] List of default vias:
  Layer Via2
    default via: Via2_VH
  Layer Via3
    default via: Via3_HV
  Layer Via4
    default via: Via4_1_VH
[INFO DRT-0162] Library cell analysis.
[INFO DRT-0163] Instance analysis.
[INFO DRT-0164] Number of unique instances = 121.
[INFO DRT-0168] Init region query.
[INFO DRT-0024]   Complete Poly2.
[INFO DRT-0024]   Complete CON.
[INFO DRT-0024]   Complete Metal1.
[INFO DRT-0024]   Complete Via1.
[INFO DRT-0024]   Complete Metal2.
[INFO DRT-0024]   Complete Via2.
[INFO DRT-0024]   Complete Metal3.
[INFO DRT-0024]   Complete Via3.
[INFO DRT-0024]   Complete Metal4.
[INFO DRT-0024]   Complete Via4.
[INFO DRT-0024]   Complete Metal5.
[INFO DRT-0033] Poly2 shape region query size = 0.
[INFO DRT-0033] CON shape region query size = 0.
[INFO DRT-0033] Metal1 shape region query size = 1310746.
[INFO DRT-0033] Via1 shape region query size = 195520.
[INFO DRT-0033] Metal2 shape region query size = 723424.
[INFO DRT-0033] Via2 shape region query size = 684320.
[INFO DRT-0033] Metal3 shape region query size = 1368687.
[INFO DRT-0033] Via3 shape region query size = 684320.
[INFO DRT-0033] Metal4 shape region query size = 686576.
[INFO DRT-0033] Via4 shape region query size = 34592.
[INFO DRT-0033] Metal5 shape region query size = 2254.
[INFO DRT-0165] Start pin access.
[INFO DRT-0078]   Complete 637 pins.
[INFO DRT-0079]   Complete 100 unique inst patterns.
[INFO DRT-0081]   Complete 117 unique inst patterns.
[INFO DRT-0082]   Complete 10000 groups.
[INFO DRT-0082]   Complete 20000 groups.
[INFO DRT-0084]   Complete 29582 groups.
#scanned instances     = 44874
#unique  instances     = 121
#stdCellGenAp          = 4086
#stdCellValidPlanarAp  = 0
#stdCellValidViaAp     = 2678
#stdCellPinNoAp        = 0
#stdCellPinCnt         = 143803
#instTermValidViaApCnt = 0
#macroGenAp            = 0
#macroValidPlanarAp    = 0
#macroValidViaAp       = 0
#macroNoAp             = 0
[INFO DRT-0166] Complete pin access.
[INFO DRT-0267] cpu time = 00:02:29, elapsed time = 00:00:05, memory = 694.68 (MB), peak = 711.89 (MB)
Took 7 seconds: pin_access
global_route -congestion_report_file /tmp/workspace/scripts-Private_test-fr_cugr_cmp-2-/reports/gf180/jpeg/base/congestion.rpt -congestion_iterations 10 -congestion_report_iter_step 5 -verbose -use_cugr
[INFO GRT-0020] Min routing layer: Metal2
[INFO GRT-0021] Max routing layer: Metal5
[INFO GRT-0022] Global adjustment: 0%
[INFO GRT-0023] Grid origin: (0, 0)
[INFO GRT-0088] Layer Metal1  Track-Pitch = 0.5600  line-2-Via Pitch: 0.4750
[INFO GRT-0088] Layer Metal2  Track-Pitch = 0.5600  line-2-Via Pitch: 0.5600
[INFO GRT-0088] Layer Metal3  Track-Pitch = 0.5600  line-2-Via Pitch: 0.5600
[INFO GRT-0088] Layer Metal4  Track-Pitch = 0.5600  line-2-Via Pitch: 0.5600
[INFO GRT-0088] Layer Metal5  Track-Pitch = 0.9000  line-2-Via Pitch: 0.8200
[INFO GRT-0003] Macros: 0
[INFO GRT-0004] Blockages: 0
[INFO GRT-0019] Found 223 clock nets.
[INFO GRT-0001] Minimum degree: 2
[INFO GRT-0002] Maximum degree: 235
Design statistics
Nets:                49241
Special nets:        2
Routing layers:      5

[INFO GRT-0053] Routing resources analysis:
          Routing      Original      Derated      Resource
Layer     Direction    Resources     Resources    Reduction (%)
---------------------------------------------------------------
Metal1     Horizontal          0             0          0.00%
Metal2     Vertical       889500        667125          25.00%
Metal3     Horizontal     912026        684020          25.00%
Metal4     Vertical       720211        540158          25.00%
Metal5     Horizontal     516336        387252          25.00%
---------------------------------------------------------------

Stage 1: Pattern routing.
Stage 3: Pattern routing with detours.
Stage 4: Maze routing on sparsified graph.
Stage 5: Iterative rip-up and re-route.
[INFO GRT-0117] Start extra iteration 1/10
[INFO GRT-0117] Start extra iteration 2/10
[WARNING GRT-0118] Iterative RRR finished with congestion remaining (6).
Routing statistics
Wire length:           4675598
Total via count:       244185
Total congestion:      6.13
Min resource:          -0.20
Bottleneck:            (3, 136, 144)
[INFO GRT-0130] CUGR congestion report:
Layer   Dir     Resource     Wire Dmd      Via Dmd    Total Dmd  Usage (%)   Wire Ovf    Via Ovf  Max Edge Ovf
--------------------------------------------------------------------------------------------------------------
Metal1    H         0.00         0.00         0.00         0.00       0.00       0.00       0.00          0.00
Metal2    V    667124.86    125158.00     15513.64    140671.64      21.09       0.00       0.00          0.00
Metal3    H    684019.60    140782.50      9916.40    150698.90      22.03       0.00       0.00          0.00
Metal4    V    540158.40     37899.00       740.09     38639.09       7.15       0.00       6.13          0.20
Metal5    H    387252.00      8038.00       181.39      8219.39       2.12       0.00       0.00          0.00
--------------------------------------------------------------------------------------------------------------
Total         2278554.85    311877.50     26351.52    338229.02      14.84       0.00       6.13          0.20
[INFO GRT-0018] Total wirelength: 3653764 um
[INFO GRT-0014] Routed nets: 49241
[WARNING GRT-0115] Global routing finished with congestion. Check the congestion regions in the DRC Viewer.
[INFO GRT-0303] Global routing runtime = 00:00:23
Took 23 seconds: global_route -congestion_report_file /tmp/workspace/scripts-Private_test-fr_cugr_cmp-2-/reports/gf180/jpeg/base/congestion.rpt -congestion_iterations 10 -congestion_report_iter_step 5 -verbose -use_cugr
[WARNING STA-0450] virtual clock vclk_clk can not be propagated.
estimate_parasitics -global_routing
Perform buffer insertion and gate resizing...
repair_design -verbose
Iteration |   Area    | Resized | Buffers | Nets repaired | Remaining
---------------------------------------------------------------------
        0 |     +0.0% |       0 |       0 |             0 |     49502
[WARNING RSZ-0104] Net _14441_ only has one pin. Check if it is intended to be dangling.
[WARNING RSZ-0104] Net _14365_ only has one pin. Check if it is intended to be dangling.
[WARNING RSZ-0104] Net _14346_ only has one pin. Check if it is intended to be dangling.
[WARNING RSZ-0104] Net _14327_ only has one pin. Check if it is intended to be dangling.
[WARNING RSZ-0104] Net _14232_ only has one pin. Check if it is intended to be dangling.
[WARNING RSZ-0104] Net _14137_ only has one pin. Check if it is intended to be dangling.
     1000 |     +0.0% |       0 |       0 |             0 |     48502
[WARNING RSZ-0104] Net _14080_ only has one pin. Check if it is intended to be dangling.
[WARNING RSZ-0104] Net _13966_ only has one pin. Check if it is intended to be dangling.
[WARNING RSZ-0104] Net _13833_ only has one pin. Check if it is intended to be dangling.
[WARNING RSZ-0104] Net _13795_ only has one pin. Check if it is intended to be dangling.
[WARNING RSZ-0104] Net _13719_ only has one pin. Check if it is intended to be dangling.
[WARNING RSZ-0104] Net _13681_ only has one pin. Check if it is intended to be dangling.
[WARNING RSZ-0104] Net _13548_ only has one pin. Check if it is intended to be dangling.
[WARNING RSZ-0104] Net _13472_ only has one pin. Check if it is intended to be dangling.
[WARNING RSZ-0104] Net _13453_ only has one pin. Check if it is intended to be dangling.
[WARNING RSZ-0104] Net _13396_ only has one pin. Check if it is intended to be dangling.
[WARNING RSZ-0104] Net _13320_ only has one pin. Check if it is intended to be dangling.
[WARNING RSZ-0104] Net _14498_ only has one pin. Check if it is intended to be dangling.
[WARNING RSZ-0104] Net _14479_ only has one pin. Check if it is intended to be dangling.
[WARNING RSZ-0104] Net _14460_ only has one pin. Check if it is intended to be dangling.
[WARNING RSZ-0104] Net _14422_ only has one pin. Check if it is intended to be dangling.
[WARNING RSZ-0104] Net _14403_ only has one pin. Check if it is intended to be dangling.
[WARNING RSZ-0104] Net _14384_ only has one pin. Check if it is intended to be dangling.
[WARNING RSZ-0104] Net _14308_ only has one pin. Check if it is intended to be dangling.
[WARNING RSZ-0104] Net _14289_ only has one pin. Check if it is intended to be dangling.
[WARNING RSZ-0104] Net _14270_ only has one pin. Check if it is intended to be dangling.
[WARNING RSZ-0104] Net _14251_ only has one pin. Check if it is intended to be dangling.
[WARNING RSZ-0104] Net _14213_ only has one pin. Check if it is intended to be dangling.
[WARNING RSZ-0104] Net _14194_ only has one pin. Check if it is intended to be dangling.
[WARNING RSZ-0104] Net _14175_ only has one pin. Check if it is intended to be dangling.
[WARNING RSZ-0104] Net _14156_ only has one pin. Check if it is intended to be dangling.
[WARNING RSZ-0104] Net _14118_ only has one pin. Check if it is intended to be dangling.
[WARNING RSZ-0104] Net _14099_ only has one pin. Check if it is intended to be dangling.
[WARNING RSZ-0104] Net _14061_ only has one pin. Check if it is intended to be dangling.
[WARNING RSZ-0104] Net _14042_ only has one pin. Check if it is intended to be dangling.
[WARNING RSZ-0104] Net _14023_ only has one pin. Check if it is intended to be dangling.
[WARNING RSZ-0104] Net _14004_ only has one pin. Check if it is intended to be dangling.
[WARNING RSZ-0104] Net _13985_ only has one pin. Check if it is intended to be dangling.
[WARNING RSZ-0104] Net _13947_ only has one pin. Check if it is intended to be dangling.
[WARNING RSZ-0104] Net _13928_ only has one pin. Check if it is intended to be dangling.
[WARNING RSZ-0104] Net _13909_ only has one pin. Check if it is intended to be dangling.
[WARNING RSZ-0104] Net _13890_ only has one pin. Check if it is intended to be dangling.
[WARNING RSZ-0104] Net _13871_ only has one pin. Check if it is intended to be dangling.
[WARNING RSZ-0104] Net _13852_ only has one pin. Check if it is intended to be dangling.
[WARNING RSZ-0104] Net _13814_ only has one pin. Check if it is intended to be dangling.
[WARNING RSZ-0104] Net _13776_ only has one pin. Check if it is intended to be dangling.
[WARNING RSZ-0104] Net _13757_ only has one pin. Check if it is intended to be dangling.
[WARNING RSZ-0104] Net _13738_ only has one pin. Check if it is intended to be dangling.
[WARNING RSZ-0104] Net _13700_ only has one pin. Check if it is intended to be dangling.
[WARNING RSZ-0104] Net _13662_ only has one pin. Check if it is intended to be dangling.
[WARNING RSZ-0104] Net _13643_ only has one pin. Check if it is intended to be dangling.
[WARNING RSZ-0104] Net _13624_ only has one pin. Check if it is intended to be dangling.
[WARNING RSZ-0104] Net _13605_ only has one pin. Check if it is intended to be dangling.
[WARNING RSZ-0104] Net _13586_ only has one pin. Check if it is intended to be dangling.
[WARNING RSZ-0104] Net _13567_ only has one pin. Check if it is intended to be dangling.
[WARNING RSZ-0104] Net _13529_ only has one pin. Check if it is intended to be dangling.
[WARNING RSZ-0104] Net _13510_ only has one pin. Check if it is intended to be dangling.
[WARNING RSZ-0104] Net _13491_ only has one pin. Check if it is intended to be dangling.
[WARNING RSZ-0104] Net _13434_ only has one pin. Check if it is intended to be dangling.
[WARNING RSZ-0104] Net _13415_ only has one pin. Check if it is intended to be dangling.
[WARNING RSZ-0104] Net _13377_ only has one pin. Check if it is intended to be dangling.
[WARNING RSZ-0104] Net _13358_ only has one pin. Check if it is intended to be dangling.
[WARNING RSZ-0104] Net _13339_ only has one pin. Check if it is intended to be dangling.
[WARNING RSZ-0104] Net _13301_ only has one pin. Check if it is intended to be dangling.
     2000 |     +0.0% |       0 |       0 |             0 |     47502
     3000 |     +0.0% |       0 |       0 |             0 |     46502
     4000 |     +0.0% |       0 |       0 |             0 |     45502
     5000 |     +0.0% |       0 |       0 |             0 |     44502
     6000 |     +0.0% |       0 |       0 |             0 |     43502
     7000 |     +0.0% |       0 |       0 |             0 |     42502
     8000 |     +0.0% |       0 |       0 |             0 |     41502
     9000 |     +0.0% |       0 |       0 |             0 |     40502
    10000 |     +0.0% |       0 |       0 |             0 |     39502
    11000 |     +0.0% |       0 |       0 |             0 |     38502
    12000 |     +0.0% |       0 |       0 |             0 |     37502
    13000 |     +0.0% |       0 |       0 |             0 |     36502
    14000 |     +0.0% |       0 |       0 |             0 |     35502
    15000 |     +0.0% |       0 |       0 |             0 |     34502
    16000 |     +0.0% |       0 |       0 |             0 |     33502
[WARNING RSZ-0104] Net _10821_ only has one pin. Check if it is intended to be dangling.
[WARNING RSZ-0104] Net _10533_ only has one pin. Check if it is intended to be dangling.
[WARNING RSZ-0104] Net _10395_ only has one pin. Check if it is intended to be dangling.
    17000 |     +0.0% |       0 |       0 |             0 |     32502
[WARNING RSZ-0104] Net _10275_ only has one pin. Check if it is intended to be dangling.
    18000 |     +0.0% |       0 |       0 |             0 |     31502
    19000 |     +0.0% |       0 |       0 |             0 |     30502
    20000 |     +0.0% |       0 |       0 |             0 |     29502
[WARNING RSZ-0104] Net _10843_ only has one pin. Check if it is intended to be dangling.
[WARNING RSZ-0104] Net _10799_ only has one pin. Check if it is intended to be dangling.
[WARNING RSZ-0104] Net _10390_ only has one pin. Check if it is intended to be dangling.
    21000 |     +0.0% |       0 |       0 |             0 |     28502
    22000 |     +0.0% |       0 |       0 |             0 |     27502
    23000 |     +0.0% |       0 |       0 |             0 |     26502
    24000 |     +0.0% |       0 |       0 |             0 |     25502
[WARNING RSZ-0104] Net _10800_ only has one pin. Check if it is intended to be dangling.
[WARNING RSZ-0104] Net _10521_ only has one pin. Check if it is intended to be dangling.
    25000 |     +0.0% |       0 |       0 |             0 |     24502
[WARNING RSZ-0104] Net _10272_ only has one pin. Check if it is intended to be dangling.
    26000 |     +0.0% |       0 |       0 |             0 |     23502
    27000 |     +0.0% |       0 |       0 |             0 |     22502
    28000 |     +0.0% |       0 |       0 |             0 |     21502
    29000 |     +0.0% |       0 |       0 |             0 |     20502
    30000 |     +0.0% |       0 |       0 |             0 |     19502
    31000 |     +0.0% |       0 |       0 |             0 |     18502
[WARNING RSZ-0104] Net _10740_ only has one pin. Check if it is intended to be dangling.
    32000 |     +0.0% |       0 |       0 |             0 |     17502
    33000 |     +0.0% |       0 |       0 |             0 |     16502
    34000 |     +0.0% |       0 |       0 |             0 |     15502
    35000 |     +0.0% |       0 |       0 |             0 |     14502
    36000 |     +0.0% |       0 |       0 |             0 |     13502
[WARNING RSZ-0104] Net _10581_ only has one pin. Check if it is intended to be dangling.
    37000 |     +0.0% |       0 |       0 |             0 |     12502
[WARNING RSZ-0104] Net _20659_ only has one pin. Check if it is intended to be dangling.
    38000 |     +0.0% |       0 |       0 |             0 |     11502
    39000 |     +0.0% |       0 |       0 |             0 |     10502
    40000 |     +0.0% |       0 |       0 |             0 |      9502
[WARNING RSZ-0104] Net _10756_ only has one pin. Check if it is intended to be dangling.
    41000 |     +0.0% |       0 |       0 |             0 |      8502
[WARNING RSZ-0104] Net _20934_ only has one pin. Check if it is intended to be dangling.
    42000 |     +0.0% |       0 |       0 |             0 |      7502
    43000 |     +0.0% |       0 |       0 |             0 |      6502
    44000 |     +0.0% |       0 |       0 |             0 |      5502
    45000 |     +0.0% |       0 |       0 |             0 |      4502
    46000 |     +0.0% |       0 |       0 |             0 |      3502
    47000 |     +0.0% |       0 |       0 |             0 |      2502
    48000 |     +0.0% |       0 |       0 |             0 |      1502
    49000 |     +0.0% |       0 |       0 |             0 |       502
    final |     +0.0% |       0 |       0 |             0 |         0
---------------------------------------------------------------------
[INFO RSZ-0504] Runtime: 5.11s
Took 5 seconds: repair_design -verbose
global_route -start_incremental
detailed_placement
[INFO DPL-0006] Core area: 4387674.82 um^2
[INFO DPL-0007] Movable instances area: 2059127.08 um^2
[INFO DPL-0008] Fixed instances area within core: 29398.12 um^2
[INFO DPL-0009] Utilization: 47.6%
[INFO DPL-0005] Diamond search max displacement: +/- 500 sites horizontally, +/- 100 rows vertically.
[INFO DPL-1102] Legalizing using negotiation legalizer.
[INFO DPL-1103] Negotiation base search window: +/-20 sites horizontally, +/-5 rows vertically 
	Automatic search window extension enabled.
	Search window extendable up to the max displacement cap of +/-500 sites, +/-100 rows near walls.
[INFO DPL-1104] NegotiationLegalizer DRC penalty: 5.
[INFO DPL-0392] Negotiation cell height distribution (1 unique row-count(s)):
[INFO DPL-0393]   height 1 row(s): 44874 cells
[INFO DPL-0500] Runtime: 0.28s
Placement Analysis
---------------------------------
total displacement          0.0 u
average displacement        0.0 u
max displacement            0.0 u
original HPWL         2254432.8 u
legalized HPWL        2254432.8 u
delta HPWL                    0 %

global_route -end_incremental -congestion_report_file /tmp/workspace/scripts-Private_test-fr_cugr_cmp-2-/reports/gf180/jpeg/base/congestion_post_repair_design.rpt
[WARNING GRT-0115] Global routing finished with congestion. Check the congestion regions in the DRC Viewer.
Repair setup and hold violations...
estimate_parasitics -global_routing
repair_timing -setup_margin 0 -hold_margin 0 -repair_tns 100 -verbose
[INFO RSZ-0100] Repair move sequence: UnbufferMove SizeUpMove SwapPinsMove BufferMove CloneMove SplitLoadMove 
[INFO RSZ-0098] No setup violations found
[INFO RSZ-0505] Runtime: 1.30s
[INFO RSZ-0033] No hold violations found.
[INFO RSZ-0506] Runtime: 0.34s
global_route -start_incremental
detailed_placement
[INFO DPL-0006] Core area: 4387674.82 um^2
[INFO DPL-0007] Movable instances area: 2059127.08 um^2
[INFO DPL-0008] Fixed instances area within core: 29398.12 um^2
[INFO DPL-0009] Utilization: 47.6%
[INFO DPL-0005] Diamond search max displacement: +/- 500 sites horizontally, +/- 100 rows vertically.
[INFO DPL-1102] Legalizing using negotiation legalizer.
[INFO DPL-1103] Negotiation base search window: +/-20 sites horizontally, +/-5 rows vertically 
	Automatic search window extension enabled.
	Search window extendable up to the max displacement cap of +/-500 sites, +/-100 rows near walls.
[INFO DPL-1104] NegotiationLegalizer DRC penalty: 5.
[INFO DPL-0392] Negotiation cell height distribution (1 unique row-count(s)):
[INFO DPL-0393]   height 1 row(s): 44874 cells
[INFO DPL-0500] Runtime: 0.30s
Placement Analysis
---------------------------------
total displacement          0.0 u
average displacement        0.0 u
max displacement            0.0 u
original HPWL         2254432.8 u
legalized HPWL        2254432.8 u
delta HPWL                    0 %

check_placement -verbose
global_route -end_incremental -congestion_report_file /tmp/workspace/scripts-Private_test-fr_cugr_cmp-2-/reports/gf180/jpeg/base/congestion_post_repair_timing.rpt
[WARNING GRT-0115] Global routing finished with congestion. Check the congestion regions in the DRC Viewer.
estimate_parasitics -global_routing
global_route -start_incremental
global_route -end_incremental -congestion_report_file /tmp/workspace/scripts-Private_test-fr_cugr_cmp-2-/reports/gf180/jpeg/base/congestion_post_recover_power.rpt
[WARNING GRT-0115] Global routing finished with congestion. Check the congestion regions in the DRC Viewer.
Repair antennas...
[INFO GRT-0012] Found 12 antenna violations.
[INFO GRT-0302] Inserted 12 jumpers for 12 nets.
[INFO GRT-0012] Found 0 antenna violations.
[INFO ANT-0002] Found 0 net violations.
[INFO ANT-0001] Found 0 pin violations.
Estimate parasitics...
estimate_parasitics -global_routing
Report metrics stage 5, global route...

==========================================================================
global route report_design_area
--------------------------------------------------------------------------
Design area 2088525 um^2 48% utilization.
[INFO FLW-0007] clock clk period 7.500000
[WARNING FLW-0010] more than one clock found. Skipping sdc update.
[INFO FLW-0011] Path endpoint path count 5333
write_db /tmp/workspace/scripts-Private_test-fr_cugr_cmp-2-/results/gf180/jpeg/base/5_1_grt.odb
write_sdc -no_timestamp /tmp/workspace/scripts-Private_test-fr_cugr_cmp-2-/results/gf180/jpeg/base/5_1_grt.sdc
Elapsed time: 1:12.37[h:]min:sec. CPU time: user 499.14 sys 120.40 (856%). Peak memory: 1604472KB.
Log                       Ext     Elapsed/s Peak Memory/MB sha1sum result [0:20)
5_1_grt                   .odb           72           1566 2589206ba751cead4051
5_1_grt                   .sdc                             43b2d724166a5e99cf4f
