OpenROAD 26Q3-1464-gb22abfea20 
Features included (+) or not (-): +GPU +GUI +Python
This program is licensed under the BSD-3 license. See the LICENSE file for details.
Components of this program may be licensed under more restrictive licenses which must be honored.
[INFO ORD-0030] Using 30 thread(s).
read_liberty /OpenROAD-flow-scripts/flow/platforms/gf180/lib/gf180mcu_fd_sc_mcu9t5v0__ff_n40C_5v50.lib.gz
read_db /tmp/workspace/scripts-Private_test-fr_cugr_cmp-1-/results/gf180/aes/base/3_place.odb
read_sdc /tmp/workspace/scripts-Private_test-fr_cugr_cmp-1-/results/gf180/aes/base/3_place.sdc
source ./platforms/gf180/setRC.tcl
clock_tree_synthesis -sink_clustering_enable -repair_clock_nets
[INFO CTS-0050] Root buffer is gf180mcu_fd_sc_mcu9t5v0__clkbuf_20.
[INFO CTS-0051] Sink buffer is gf180mcu_fd_sc_mcu9t5v0__clkbuf_20.
[INFO CTS-0052] The following clock buffers will be used for CTS:
                    gf180mcu_fd_sc_mcu9t5v0__clkbuf_20
[INFO CTS-0049] Characterization buffer is gf180mcu_fd_sc_mcu9t5v0__clkbuf_20.
[INFO CTS-0007] Net "clk" found for clock "clk".
[INFO CTS-0010]  Clock net "clk" has 562 sinks.
[INFO CTS-0008] TritonCTS found 1 clock nets.
[INFO CTS-0097] Characterization used 1 buffer(s) types.
[INFO CTS-0201] 0 blockages from hard placement blockages and placed macros will be used.
[INFO CTS-0027] Generating H-Tree topology for net clk.
[INFO CTS-0028]  Total number of sinks: 562.
[INFO CTS-0090]  Sinks will be clustered based on buffer max cap.
[INFO CTS-0030]  Number of static layers: 0.
[INFO CTS-0020]  Wire segment unit: 50400  dbu (25 um).
[INFO CTS-0206] Best clustering solution was found from max clustering size of 33 and max clustering diameter of 421.
[INFO CTS-0019]  Total number of sinks after clustering: 29.
[INFO CTS-0024]  Normalized sink region: [(1.7117, 2.58687), (38.2768, 37.5136)].
[INFO CTS-0025]     Width:  36.5651.
[INFO CTS-0026]     Height: 34.9267.
 Level 1
    Direction: Horizontal
    Sinks per sub-region: 15
    Sub-region size: 18.2826 X 34.9267
[INFO CTS-0034]     Segment length (rounded): 10.
 Level 2
    Direction: Vertical
    Sinks per sub-region: 8
    Sub-region size: 18.2826 X 17.4633
[INFO CTS-0034]     Segment length (rounded): 8.
[INFO CTS-0038]  Stop criterion found. Sink region hpwl is smaller than max wirelength (160112.454 um) and max number of sinks is 15.
[INFO CTS-0035]  Number of sinks covered: 29.
[INFO CTS-0018]     Created 34 clock buffers.
[INFO CTS-0012]     Minimum number of buffers in the clock path: 3.
[INFO CTS-0013]     Maximum number of buffers in the clock path: 3.
[INFO CTS-0015]     Created 34 clock nets.
[INFO CTS-0016]     Fanout distribution for the current clock = 6:1, 7:1, 8:2, 11:2, 12:1, 13:1, 14:3, 15:1, 16:4, 17:2, 18:2, 19:1, 20:1, 21:2, 22:2, 23:2, 26:1, 31:2, 32:1, 33:1..
[INFO CTS-0017]     Max level of the clock tree: 2.
[INFO CTS-0098] Clock net "clk"
[INFO CTS-0099]  Sinks 589
[INFO CTS-0100]  Leaf buffers 29
[INFO CTS-0101]  Average sink wire length 1488.05 um
[INFO CTS-0102]  Path depth 2 - 3
[INFO CTS-0207]  Dummy loads inserted 27
[INFO CTS-0500] Runtime: 1.24s
estimate_parasitics -placement
detailed_placement
[INFO DPL-0006] Core area: 992482.85 um^2
[INFO DPL-0007] Movable instances area: 648652.44 um^2
[INFO DPL-0008] Fixed instances area within core: 7840.63 um^2
[INFO DPL-0009] Utilization: 66.1%
[INFO DPL-0005] Diamond search max displacement: +/- 500 sites horizontally, +/- 100 rows vertically.
[INFO DPL-1102] Legalizing using negotiation legalizer.
[INFO DPL-1103] Negotiation base search window: +/-20 sites horizontally, +/-5 rows vertically 
	Automatic search window extension enabled.
	Search window extendable up to the max displacement cap of +/-500 sites, +/-100 rows near walls.
[INFO DPL-1104] NegotiationLegalizer DRC penalty: 5.
[INFO DPL-0392] Negotiation cell height distribution (1 unique row-count(s)):
[INFO DPL-0393]   height 1 row(s): 19329 cells
          |      Total |  Illegal |  Illegal
Iteration | Violations |    Cells |    Sites
---------------------------------------------
        0 |        306 |        45 |       261
        1 |         53 |         9 |        44
        2 |          0 |         0 |         0
Negotiation phase 1 converged at iteration 2.
[INFO DPL-0500] Runtime: 0.15s
Placement Analysis
---------------------------------
total displacement      51324.5 u
average displacement        2.7 u
max displacement           42.6 u
original HPWL          976592.3 u
legalized HPWL         996044.7 u
delta HPWL                    2 %

estimate_parasitics -placement
repair_timing -setup_margin 0 -hold_margin 0 -repair_tns 100 -verbose
[INFO RSZ-0100] Repair move sequence: UnbufferMove SizeUpMove SwapPinsMove BufferMove CloneMove SplitLoadMove 
[INFO RSZ-0094] Found 163 endpoints with setup violations.
[INFO RSZ-0099] Repairing 163 out of 163 (100.00%) violating endpoints...
   Iter   | Removed | Resized | Inserted | Cloned |  Pin  |   Area   |    WNS   |   StTNS    |   EnTNS    |  Viol  |  Worst  
          | Buffers |  Gates  | Buffers  |  Gates | Swaps |          |          |            |            | Endpts | St/EnPt 
------------------------------------------------------------------------------------------------------------------------------
       0* |       0 |       0 |        0 |      0 |     0 |    +0.0% |   -0.936 |     -116.1 |     -110.0 |    163 | u0.u0.d\[5\]$_DFF_P_/D
      10* |       0 |       5 |        2 |      0 |     2 |    +0.0% |   -0.861 |     -116.3 |     -109.6 |    163 | u0.u2.d\[1\]$_DFF_P_/D
      20* |       0 |       8 |        2 |      1 |     8 |    +0.0% |   -0.830 |     -116.1 |     -109.2 |    163 | u0.u0.d\[0\]$_DFF_P_/D
      30* |       0 |      15 |        2 |      3 |     9 |    +0.1% |   -0.818 |     -116.1 |     -108.9 |    163 | u0.u2.d\[1\]$_DFF_P_/D
      40* |       0 |      19 |        3 |      3 |    14 |    +0.1% |   -0.800 |     -116.2 |     -108.6 |    163 | u0.u1.d\[1\]$_DFF_P_/D
      50* |       0 |      25 |        6 |      3 |    16 |    +0.1% |   -0.796 |     -116.0 |     -107.9 |    163 | u0.u1.d\[0\]$_DFF_P_/D
      60* |       0 |      32 |        9 |      3 |    17 |    +0.2% |   -0.788 |     -116.0 |     -107.6 |    163 | u0.u0.d\[5\]$_DFF_P_/D
      70* |       0 |      36 |       14 |      3 |    20 |    +0.2% |   -0.798 |     -116.1 |     -106.9 |    163 | u0.u1.d\[0\]$_DFF_P_/D
      80* |       0 |      44 |       14 |      3 |    22 |    +0.2% |   -0.777 |     -115.1 |     -106.7 |    163 | u0.u3.d\[1\]$_DFF_P_/D
      90* |       0 |      48 |       14 |      4 |    27 |    +0.2% |   -0.859 |     -114.7 |     -106.7 |    163 | u0.u0.d\[5\]$_DFF_P_/D
     100* |       0 |      51 |       15 |      4 |    33 |    +0.3% |   -0.780 |     -113.8 |     -106.5 |    163 | u0.u0.d\[6\]$_DFF_P_/D
     110* |       0 |      54 |       17 |      4 |    38 |    +0.3% |   -0.766 |     -113.7 |     -106.2 |    163 | u0.u0.d\[0\]$_DFF_P_/D
     120* |       0 |      61 |       17 |      4 |    41 |    +0.3% |   -0.757 |     -113.9 |     -105.9 |    163 | sa21_sr\[0\]$_DFF_P_/D
     130* |       0 |      66 |       19 |      4 |    45 |    +0.3% |   -0.760 |     -113.1 |     -105.6 |    163 | u0.u2.d\[1\]$_DFF_P_/D
     140* |       0 |      69 |       25 |      4 |    50 |    +0.4% |   -0.751 |     -112.5 |     -105.3 |    163 | sa31_sr\[7\]$_DFF_P_/D
     150* |       0 |      70 |       30 |      4 |    54 |    +0.4% |   -0.741 |     -112.1 |     -105.1 |    163 | u0.u3.d\[1\]$_DFF_P_/D
     160* |       0 |      75 |       32 |      4 |    57 |    +0.4% |   -0.755 |     -112.4 |     -105.0 |    163 | sa10_sr\[0\]$_DFF_P_/D
     170* |       0 |      83 |       34 |      4 |    57 |    +0.5% |   -0.780 |     -112.5 |     -105.1 |    163 | u0.u2.d\[7\]$_DFF_P_/D
     180* |       0 |      85 |       35 |      4 |    64 |    +0.5% |   -0.736 |     -111.2 |     -104.6 |    163 | u0.u0.d\[6\]$_DFF_P_/D
     190* |       0 |      92 |       38 |      4 |    65 |    +0.5% |   -0.777 |     -111.0 |     -104.6 |    163 | u0.u1.d\[7\]$_DFF_P_/D
     200* |       0 |      96 |       40 |      4 |    69 |    +0.5% |   -0.764 |     -111.0 |     -104.6 |    163 | u0.u1.d\[3\]$_DFF_P_/D
     210* |       0 |     100 |       44 |      4 |    73 |    +0.6% |   -0.729 |     -109.9 |     -104.2 |    163 | u0.u0.d\[0\]$_DFF_P_/D
     220* |       0 |     106 |       45 |      5 |    75 |    +0.6% |   -0.722 |     -110.0 |     -103.9 |    163 | u0.u0.d\[5\]$_DFF_P_/D
     230* |       0 |     111 |       47 |      5 |    78 |    +0.6% |   -0.825 |     -110.1 |     -104.2 |    163 | u0.u0.d\[6\]$_DFF_P_/D
     240* |       0 |     117 |       49 |      7 |    79 |    +0.7% |   -0.719 |     -109.8 |     -103.5 |    163 | u0.u3.d\[7\]$_DFF_P_/D
     250* |       0 |     119 |       51 |      8 |    84 |    +0.7% |   -0.715 |     -109.7 |     -103.1 |    163 | sa22_sr\[1\]$_DFF_P_/D
     260* |       0 |     124 |       54 |      8 |    87 |    +0.7% |   -0.713 |     -108.7 |     -102.8 |    163 | u0.u0.d\[7\]$_DFF_P_/D
     270* |       0 |     129 |       57 |      9 |    88 |    +0.8% |   -0.727 |     -108.5 |     -102.8 |    163 | sa10_sr\[7\]$_DFF_P_/D
     280* |       0 |     132 |       60 |      9 |    93 |    +0.8% |   -0.707 |     -108.1 |     -101.1 |    163 | u0.u0.d\[4\]$_DFF_P_/D
     290* |       0 |     141 |       60 |     10 |    93 |    +0.8% |   -0.704 |     -108.2 |     -100.6 |    163 | sa32_sr\[7\]$_DFF_P_/D
     300* |       0 |     148 |       60 |     10 |    96 |    +0.8% |   -0.699 |     -107.8 |     -100.1 |    163 | u0.u1.d\[7\]$_DFF_P_/D
     310* |       0 |     152 |       61 |     10 |   101 |    +0.9% |   -0.724 |     -108.2 |     -100.1 |    163 | u0.u1.d\[3\]$_DFF_P_/D
     320* |       0 |     154 |       62 |     10 |   108 |    +0.9% |   -0.732 |     -108.0 |     -100.1 |    163 | u0.u1.d\[5\]$_DFF_P_/D
     330* |       0 |     159 |       64 |     10 |   111 |    +0.9% |   -0.694 |     -106.5 |      -99.4 |    163 | sa11_sr\[1\]$_DFF_P_/D
     340* |       0 |     165 |       64 |     10 |   115 |    +0.9% |   -0.706 |     -106.5 |      -99.4 |    163 | u0.u0.d\[0\]$_DFF_P_/D
     350* |       0 |     167 |       69 |     10 |   119 |    +0.9% |   -0.687 |     -106.3 |      -99.2 |    163 | sa32_sr\[0\]$_DFF_P_/D
     360* |       0 |     171 |       72 |     11 |   122 |    +1.0% |   -0.683 |     -106.5 |      -98.8 |    163 | u0.u0.d\[5\]$_DFF_P_/D
     370* |       0 |     178 |       73 |     11 |   124 |    +1.0% |   -0.679 |     -106.4 |      -98.4 |    163 | u0.u0.d\[0\]$_DFF_P_/D
     380* |       0 |     182 |       76 |     11 |   129 |    +1.1% |   -0.674 |     -105.8 |      -98.1 |    163 | sa13_sr\[1\]$_DFF_P_/D
     390* |       0 |     188 |       76 |     11 |   133 |    +1.1% |   -0.668 |     -105.0 |      -97.3 |    163 | sa10_sr\[7\]$_DFF_P_/D
     400* |       0 |     195 |       79 |     11 |   134 |    +1.1% |   -0.665 |     -104.6 |      -97.3 |    163 | u0.u0.d\[0\]$_DFF_P_/D
     410* |       0 |     200 |       80 |     11 |   138 |    +1.1% |   -0.677 |     -103.7 |      -97.0 |    163 | u0.u0.d\[5\]$_DFF_P_/D
     420* |       0 |     205 |       82 |     11 |   141 |    +1.2% |   -0.674 |     -103.4 |      -96.9 |    163 | sa30_sr\[2\]$_DFF_P_/D
     430* |       0 |     207 |       86 |     11 |   145 |    +1.2% |   -0.683 |     -103.3 |      -97.0 |    163 | sa31_sr\[7\]$_DFF_P_/D
     440* |       0 |     215 |       86 |     11 |   147 |    +1.2% |   -0.667 |     -103.6 |      -96.8 |    163 | sa13_sr\[1\]$_DFF_P_/D
     450* |       0 |     216 |       91 |     11 |   152 |    +1.2% |   -0.654 |     -103.3 |      -96.5 |    163 | sa23_sr\[2\]$_DFF_P_/D
     460* |       0 |     224 |       93 |     11 |   153 |    +1.3% |   -0.652 |     -102.5 |      -96.3 |    163 | sa21_sr\[7\]$_DFF_P_/D
     470* |       0 |     228 |       95 |     11 |   157 |    +1.3% |   -0.652 |     -102.7 |      -96.5 |    163 | sa22_sr\[2\]$_DFF_P_/D
     480* |       0 |     231 |      100 |     11 |   161 |    +1.3% |   -0.648 |     -102.4 |      -96.3 |    163 | u0.u1.d\[5\]$_DFF_P_/D
     490* |       0 |     239 |      100 |     12 |   162 |    +1.4% |   -0.664 |     -102.5 |      -96.1 |    163 | sa01_sr\[1\]$_DFF_P_/D
     500* |       0 |     246 |      100 |     12 |   165 |    +1.4% |   -0.660 |     -102.3 |      -96.1 |    163 | u0.u1.d\[0\]$_DFF_P_/D
     510* |       0 |     254 |      101 |     12 |   166 |    +1.4% |   -0.643 |     -101.6 |      -95.9 |    163 | sa30_sr\[1\]$_DFF_P_/D
     520* |       0 |     257 |      103 |     12 |   171 |    +1.4% |   -0.676 |     -100.8 |      -95.9 |    163 | sa01_sr\[4\]$_DFF_P_/D
     530* |       0 |     263 |      109 |     12 |   171 |    +1.5% |   -0.640 |     -100.7 |      -95.4 |    163 | sa32_sr\[7\]$_DFF_P_/D
     540* |       0 |     269 |      110 |     12 |   174 |    +1.5% |   -0.638 |     -100.6 |      -95.4 |    163 | sa23_sr\[6\]$_DFF_P_/D
     550* |       0 |     275 |      110 |     12 |   178 |    +1.5% |   -0.635 |     -100.6 |      -95.1 |    163 | u0.u3.d\[4\]$_DFF_P_/D
     560* |       0 |     279 |      114 |     14 |   180 |    +1.6% |   -0.634 |     -100.3 |      -94.8 |    163 | sa11_sr\[1\]$_DFF_P_/D
     570* |       0 |     285 |      114 |     14 |   184 |    +1.6% |   -0.690 |     -100.6 |      -94.9 |    163 | u0.u1.d\[0\]$_DFF_P_/D
     580* |       0 |     289 |      116 |     14 |   188 |    +1.6% |   -0.698 |     -100.6 |      -94.8 |    163 | u0.u1.d\[0\]$_DFF_P_/D
     581* |       0 |     279 |      114 |     14 |   181 |    +1.6% |   -0.634 |     -100.3 |      -94.8 |    163 | u0.u1.d\[0\]$_DFF_P_/D
     590* |       0 |     285 |      115 |     14 |   182 |    +1.6% |   -0.634 |     -100.2 |      -94.8 |    163 | u0.u1.d\[0\]$_DFF_P_/D
     600* |       0 |     292 |      115 |     14 |   185 |    +1.6% |   -0.634 |      -99.6 |      -94.3 |    163 | u0.u1.d\[0\]$_DFF_P_/D
     610* |       0 |     298 |      117 |     14 |   187 |    +1.6% |   -0.634 |      -99.5 |      -94.2 |    163 | u0.u1.d\[0\]$_DFF_P_/D
     620* |       0 |     302 |      119 |     14 |   192 |    +1.7% |   -0.634 |      -99.6 |      -94.3 |    163 | sa10_sr\[4\]$_DFF_P_/D
     630* |       0 |     307 |      119 |     14 |   197 |    +1.7% |   -0.634 |      -99.6 |      -94.3 |    163 | sa10_sr\[4\]$_DFF_P_/D
     634* |       0 |     301 |      117 |     14 |   189 |    +1.7% |   -0.634 |      -99.6 |      -94.2 |    163 | sa10_sr\[4\]$_DFF_P_/D
     640* |       0 |     304 |      119 |     14 |   190 |    +1.7% |   -0.634 |      -99.3 |      -94.1 |    163 | sa10_sr\[4\]$_DFF_P_/D
     650* |       0 |     309 |      120 |     14 |   194 |    +1.7% |   -0.634 |      -99.4 |      -94.1 |    163 | sa10_sr\[4\]$_DFF_P_/D
     660* |       0 |     316 |      120 |     15 |   196 |    +1.7% |   -0.634 |      -99.4 |      -94.0 |    163 | sa10_sr\[4\]$_DFF_P_/D
     670* |       0 |     318 |      123 |     15 |   201 |    +1.8% |   -0.634 |      -99.1 |      -93.9 |    163 | sa10_sr\[4\]$_DFF_P_/D
     680* |       0 |     322 |      125 |     15 |   206 |    +1.8% |   -0.634 |      -99.1 |      -93.9 |    163 | sa10_sr\[4\]$_DFF_P_/D
     690* |       0 |     328 |      126 |     15 |   209 |    +1.8% |   -0.634 |      -99.4 |      -93.8 |    163 | sa10_sr\[4\]$_DFF_P_/D
     700* |       0 |     332 |      128 |     15 |   213 |    +1.8% |   -0.634 |      -99.4 |      -93.8 |    163 | sa10_sr\[4\]$_DFF_P_/D
     710* |       0 |     336 |      130 |     15 |   217 |    +1.9% |   -0.634 |      -99.5 |      -93.8 |    163 | sa10_sr\[4\]$_DFF_P_/D
     713* |       0 |     330 |      128 |     15 |   211 |    +1.8% |   -0.634 |      -99.4 |      -93.8 |    163 | sa10_sr\[4\]$_DFF_P_/D
     720* |       0 |     333 |      129 |     15 |   213 |    +1.8% |   -0.634 |      -99.3 |      -93.8 |    163 | sa10_sr\[4\]$_DFF_P_/D
     730* |       0 |     339 |      132 |     15 |   215 |    +1.9% |   -0.634 |      -99.1 |      -94.0 |    163 | sa10_sr\[4\]$_DFF_P_/D
     739* |       0 |     339 |      132 |     15 |   215 |    +1.9% |   -0.634 |      -99.1 |      -94.0 |    163 | sa10_sr\[4\]$_DFF_P_/D
     740* |       0 |     339 |      132 |     15 |   215 |    +1.9% |   -0.634 |      -99.1 |      -94.0 |    163 | sa10_sr\[4\]$_DFF_P_/D
     750* |       0 |     343 |      132 |     15 |   221 |    +1.9% |   -0.634 |      -98.9 |      -93.7 |    163 | sa10_sr\[4\]$_DFF_P_/D
     760* |       0 |     348 |      132 |     15 |   226 |    +1.9% |   -0.634 |      -99.0 |      -93.7 |    163 | sa10_sr\[4\]$_DFF_P_/D
     767* |       0 |     353 |      132 |     15 |   228 |    +1.9% |   -0.634 |      -98.9 |      -93.7 |    163 | sa10_sr\[4\]$_DFF_P_/D
     770* |       0 |     353 |      133 |     15 |   229 |    +1.9% |   -0.634 |      -98.8 |      -93.8 |    163 | sa10_sr\[4\]$_DFF_P_/D
     780* |       0 |     356 |      135 |     15 |   234 |    +1.9% |   -0.634 |      -98.9 |      -93.7 |    163 | sa10_sr\[4\]$_DFF_P_/D
     783* |       0 |     355 |      134 |     15 |   233 |    +1.9% |   -0.634 |      -98.8 |      -93.7 |    163 | sa10_sr\[4\]$_DFF_P_/D
     790* |       0 |     358 |      135 |     16 |   234 |    +2.0% |   -0.634 |      -98.9 |      -93.6 |    163 | sa10_sr\[4\]$_DFF_P_/D
     800* |       0 |     365 |      138 |     16 |   235 |    +2.0% |   -0.634 |      -98.3 |      -93.1 |    163 | sa10_sr\[4\]$_DFF_P_/D
     810* |       0 |     369 |      139 |     18 |   238 |    +2.0% |   -0.634 |      -98.4 |      -93.2 |    163 | sa10_sr\[4\]$_DFF_P_/D
     820* |       0 |     376 |      140 |     19 |   239 |    +2.1% |   -0.634 |      -98.1 |      -93.0 |    163 | sa10_sr\[4\]$_DFF_P_/D
     830* |       0 |     385 |      140 |     19 |   240 |    +2.1% |   -0.634 |      -98.0 |      -93.1 |    163 | sa10_sr\[4\]$_DFF_P_/D
     840* |       0 |     390 |      141 |     19 |   244 |    +2.1% |   -0.634 |      -97.6 |      -93.0 |    163 | sa10_sr\[4\]$_DFF_P_/D
     850* |       0 |     398 |      142 |     19 |   245 |    +2.2% |   -0.634 |      -97.7 |      -93.0 |    163 | sa10_sr\[4\]$_DFF_P_/D
     860* |       0 |     405 |      145 |     20 |   246 |    +2.2% |   -0.634 |      -97.7 |      -93.1 |    163 | sa10_sr\[4\]$_DFF_P_/D
     870* |       0 |     409 |      150 |     20 |   249 |    +2.3% |   -0.634 |      -97.1 |      -92.4 |    163 | sa10_sr\[4\]$_DFF_P_/D
     880* |       0 |     415 |      150 |     21 |   252 |    +2.3% |   -0.634 |      -96.8 |      -92.5 |    163 | sa10_sr\[4\]$_DFF_P_/D
     890* |       0 |     419 |      156 |     21 |   254 |    +2.3% |   -0.634 |      -96.6 |      -92.4 |    163 | sa10_sr\[4\]$_DFF_P_/D
     893* |       0 |     419 |      156 |     21 |   254 |    +2.3% |   -0.634 |      -96.6 |      -92.4 |    163 | sa10_sr\[4\]$_DFF_P_/D
     900* |       0 |     424 |      157 |     21 |   254 |    +2.4% |   -0.634 |      -96.5 |      -92.3 |    163 | sa10_sr\[4\]$_DFF_P_/D
     910* |       0 |     433 |      157 |     21 |   255 |    +2.4% |   -0.634 |      -96.5 |      -92.2 |    163 | sa10_sr\[4\]$_DFF_P_/D
     920* |       0 |     440 |      158 |     21 |   257 |    +2.4% |   -0.634 |      -96.4 |      -92.2 |    163 | sa10_sr\[4\]$_DFF_P_/D
     928* |       0 |     441 |      158 |     21 |   257 |    +2.4% |   -0.634 |      -96.4 |      -92.2 |    163 | sa10_sr\[4\]$_DFF_P_/D
     930* |       0 |     442 |      158 |     21 |   257 |    +2.4% |   -0.634 |      -96.4 |      -92.2 |    163 | sa10_sr\[4\]$_DFF_P_/D
     940* |       0 |     445 |      161 |     22 |   261 |    +2.5% |   -0.634 |      -95.0 |      -91.6 |    163 | sa10_sr\[4\]$_DFF_P_/D
     950* |       0 |     451 |      163 |     22 |   263 |    +2.5% |   -0.634 |      -94.7 |      -91.5 |    163 | sa10_sr\[4\]$_DFF_P_/D
     960* |       0 |     458 |      163 |     22 |   266 |    +2.5% |   -0.634 |      -94.8 |      -91.5 |    163 | sa10_sr\[4\]$_DFF_P_/D
     970* |       0 |     464 |      165 |     22 |   268 |    +2.6% |   -0.634 |      -94.5 |      -91.4 |    163 | sa10_sr\[4\]$_DFF_P_/D
     980* |       0 |     468 |      169 |     22 |   270 |    +2.6% |   -0.634 |      -94.2 |      -91.3 |    163 | sa10_sr\[4\]$_DFF_P_/D
     990* |       0 |     472 |      172 |     23 |   273 |    +2.6% |   -0.634 |      -94.3 |      -91.3 |    163 | sa10_sr\[4\]$_DFF_P_/D
    1000* |       0 |     477 |      173 |     23 |   277 |    +2.7% |   -0.634 |      -94.2 |      -91.5 |    163 | sa10_sr\[4\]$_DFF_P_/D
    1010* |       0 |     485 |      173 |     23 |   279 |    +2.7% |   -0.634 |      -94.2 |      -91.3 |    163 | sa10_sr\[4\]$_DFF_P_/D
    1020* |       0 |     491 |      175 |     23 |   281 |    +2.7% |   -0.634 |      -94.3 |      -91.4 |    163 | sa10_sr\[4\]$_DFF_P_/D
    1029* |       0 |     487 |      174 |     23 |   280 |    +2.7% |   -0.634 |      -94.0 |      -91.3 |    163 | sa10_sr\[4\]$_DFF_P_/D
    1030* |       0 |     487 |      174 |     23 |   280 |    +2.7% |   -0.634 |      -94.0 |      -91.3 |    163 | sa10_sr\[4\]$_DFF_P_/D
    1040* |       0 |     492 |      176 |     23 |   283 |    +2.7% |   -0.634 |      -93.6 |      -91.2 |    163 | sa10_sr\[4\]$_DFF_P_/D
    1050* |       0 |     495 |      179 |     23 |   288 |    +2.7% |   -0.634 |      -93.7 |      -91.3 |    163 | sa10_sr\[4\]$_DFF_P_/D
    1060* |       0 |     503 |      179 |     24 |   289 |    +2.8% |   -0.634 |      -93.6 |      -91.2 |    163 | sa10_sr\[4\]$_DFF_P_/D
    1070* |       0 |     507 |      182 |     24 |   292 |    +2.8% |   -0.634 |      -93.7 |      -91.2 |    163 | sa10_sr\[4\]$_DFF_P_/D
    1070* |       0 |     502 |      179 |     24 |   288 |    +2.8% |   -0.634 |      -93.6 |      -91.1 |    163 | sa10_sr\[4\]$_DFF_P_/D
    1080* |       0 |     507 |      181 |     24 |   290 |    +2.8% |   -0.634 |      -93.5 |      -91.1 |    163 | sa10_sr\[4\]$_DFF_P_/D
    1090* |       0 |     513 |      182 |     24 |   293 |    +2.8% |   -0.634 |      -93.5 |      -91.1 |    163 | sa10_sr\[4\]$_DFF_P_/D
    1095* |       0 |     509 |      181 |     24 |   291 |    +2.8% |   -0.634 |      -93.6 |      -91.1 |    163 | sa10_sr\[4\]$_DFF_P_/D
    1100* |       0 |     512 |      181 |     24 |   292 |    +2.8% |   -0.634 |      -93.5 |      -91.1 |    163 | sa10_sr\[4\]$_DFF_P_/D
    1109* |       0 |     510 |      181 |     24 |   292 |    +2.8% |   -0.634 |      -93.5 |      -91.1 |    163 | sa10_sr\[4\]$_DFF_P_/D
    1110* |       0 |     510 |      181 |     24 |   292 |    +2.8% |   -0.634 |      -93.5 |      -91.1 |    163 | sa10_sr\[4\]$_DFF_P_/D
    1120* |       0 |     519 |      181 |     24 |   293 |    +2.8% |   -0.634 |      -93.4 |      -91.1 |    163 | sa10_sr\[4\]$_DFF_P_/D
    1130* |       0 |     524 |      182 |     24 |   297 |    +2.9% |   -0.634 |      -93.6 |      -91.1 |    163 | sa10_sr\[4\]$_DFF_P_/D
    1140* |       0 |     528 |      184 |     24 |   301 |    +2.9% |   -0.634 |      -93.6 |      -91.3 |    163 | sa10_sr\[4\]$_DFF_P_/D
    1146* |       0 |     515 |      181 |     24 |   293 |    +2.8% |   -0.634 |      -93.3 |      -91.0 |    163 | sa10_sr\[4\]$_DFF_P_/D
    1150* |       0 |     517 |      181 |     24 |   294 |    +2.8% |   -0.642 |      -93.4 |      -91.0 |    163 | u0.u1.d\[1\]$_DFF_P_/D
    1160* |       0 |     522 |      183 |     24 |   297 |    +2.8% |   -0.636 |      -93.5 |      -90.9 |    163 | u0.u1.d\[0\]$_DFF_P_/D
    1164* |       0 |     521 |      182 |     24 |   294 |    +2.8% |   -0.634 |      -93.2 |      -90.9 |    163 | sa10_sr\[4\]$_DFF_P_/D
    1170* |       0 |     524 |      182 |     24 |   296 |    +2.8% |   -0.634 |      -93.4 |      -91.1 |    163 | sa10_sr\[4\]$_DFF_P_/D
    1174* |       0 |     522 |      182 |     24 |   295 |    +2.8% |   -0.634 |      -93.2 |      -90.9 |    163 | sa10_sr\[4\]$_DFF_P_/D
    1180* |       0 |     525 |      183 |     24 |   296 |    +2.9% |   -0.634 |      -93.2 |      -90.9 |    163 | sa10_sr\[4\]$_DFF_P_/D
    1190* |       1 |     529 |      184 |     25 |   299 |    +2.9% |   -0.634 |      -93.0 |      -90.9 |    163 | sa10_sr\[4\]$_DFF_P_/D
    1200* |       1 |     534 |      186 |     25 |   302 |    +2.9% |   -0.634 |      -92.8 |      -90.5 |    163 | sa10_sr\[4\]$_DFF_P_/D
    1210* |       1 |     539 |      189 |     25 |   305 |    +3.0% |   -0.634 |      -92.8 |      -90.5 |    163 | sa10_sr\[4\]$_DFF_P_/D
    1220* |       1 |     546 |      189 |     25 |   308 |    +3.0% |   -0.634 |      -92.7 |      -90.4 |    163 | sa10_sr\[4\]$_DFF_P_/D
    1230* |       1 |     551 |      190 |     25 |   312 |    +3.0% |   -0.634 |      -92.8 |      -90.6 |    163 | sa10_sr\[4\]$_DFF_P_/D
    1240* |       1 |     553 |      190 |     25 |   320 |    +3.0% |   -0.638 |      -92.9 |      -90.9 |    163 | sa21_sr\[1\]$_DFF_P_/D
    1242* |       1 |     546 |      189 |     25 |   309 |    +3.0% |   -0.634 |      -92.7 |      -90.4 |    163 | sa10_sr\[4\]$_DFF_P_/D
    1250* |       1 |     550 |      189 |     25 |   312 |    +3.0% |   -0.634 |      -92.8 |      -90.4 |    163 | sa10_sr\[4\]$_DFF_P_/D
    1260* |       1 |     555 |      190 |     25 |   316 |    +3.0% |   -0.634 |      -92.8 |      -90.5 |    163 | sa10_sr\[4\]$_DFF_P_/D
    1260* |       1 |     555 |      190 |     25 |   315 |    +3.0% |   -0.634 |      -92.8 |      -90.5 |    163 | sa10_sr\[4\]$_DFF_P_/D
    1270* |       1 |     557 |      190 |     25 |   322 |    +3.0% |   -0.634 |      -93.1 |      -90.8 |    163 | sa10_sr\[4\]$_DFF_P_/D
    1280* |       1 |     562 |      192 |     25 |   325 |    +3.0% |   -0.634 |      -92.9 |      -90.6 |    163 | sa10_sr\[4\]$_DFF_P_/D
    1284* |       1 |     564 |      193 |     25 |   326 |    +3.1% |   -0.634 |      -92.9 |      -90.5 |    163 | sa10_sr\[4\]$_DFF_P_/D
    1290* |       1 |     569 |      193 |     25 |   326 |    +3.1% |   -0.634 |      -92.8 |      -90.5 |    163 | sa10_sr\[4\]$_DFF_P_/D
    1293* |       1 |     568 |      193 |     25 |   326 |    +3.1% |   -0.634 |      -92.7 |      -90.4 |    163 | sa10_sr\[4\]$_DFF_P_/D
    1300* |       1 |     568 |      194 |     25 |   331 |    +3.1% |   -0.634 |      -92.7 |      -90.4 |    163 | sa10_sr\[4\]$_DFF_P_/D
    1302* |       1 |     568 |      194 |     25 |   327 |    +3.1% |   -0.634 |      -92.5 |      -90.4 |    163 | sa10_sr\[4\]$_DFF_P_/D
    1310* |       1 |     570 |      199 |     26 |   328 |    +3.1% |   -0.634 |      -92.6 |      -90.5 |    163 | sa10_sr\[4\]$_DFF_P_/D
    1320* |       1 |     575 |      201 |     26 |   331 |    +3.2% |   -0.634 |      -92.6 |      -90.4 |    163 | sa10_sr\[4\]$_DFF_P_/D
    1330* |       1 |     581 |      203 |     26 |   333 |    +3.2% |   -0.634 |      -92.6 |      -90.3 |    163 | sa10_sr\[4\]$_DFF_P_/D
    1338* |       1 |     581 |      202 |     26 |   332 |    +3.2% |   -0.634 |      -92.6 |      -90.3 |    163 | sa10_sr\[4\]$_DFF_P_/D
    1340* |       1 |     582 |      202 |     26 |   332 |    +3.2% |   -0.634 |      -92.5 |      -90.2 |    163 | sa10_sr\[4\]$_DFF_P_/D
    1350* |       1 |     591 |      202 |     26 |   333 |    +3.2% |   -0.634 |      -92.6 |      -90.3 |    163 | sa10_sr\[4\]$_DFF_P_/D
    1360* |       1 |     596 |      202 |     26 |   338 |    +3.2% |   -0.634 |      -92.7 |      -90.2 |    163 | sa10_sr\[4\]$_DFF_P_/D
    1370* |       1 |     600 |      204 |     26 |   343 |    +3.3% |   -0.634 |      -92.7 |      -90.3 |    163 | sa10_sr\[4\]$_DFF_P_/D
    1372* |       1 |     598 |      204 |     26 |   340 |    +3.3% |   -0.634 |      -92.7 |      -90.2 |    163 | sa10_sr\[4\]$_DFF_P_/D
    1379* |       1 |     599 |      204 |     26 |   345 |    +3.3% |   -0.634 |      -92.7 |      -90.2 |    163 | sa10_sr\[4\]$_DFF_P_/D
    1380* |       1 |     599 |      204 |     26 |   345 |    +3.3% |   -0.634 |      -92.7 |      -90.2 |    163 | sa10_sr\[4\]$_DFF_P_/D
    1390* |       1 |     603 |      204 |     26 |   351 |    +3.3% |   -0.634 |      -92.9 |      -90.5 |    163 | sa10_sr\[4\]$_DFF_P_/D
    1398* |       1 |     601 |      204 |     26 |   349 |    +3.3% |   -0.634 |      -92.8 |      -90.2 |    163 | sa10_sr\[4\]$_DFF_P_/D
    1400* |       1 |     602 |      204 |     26 |   349 |    +3.3% |   -0.634 |      -92.7 |      -90.2 |    163 | sa10_sr\[4\]$_DFF_P_/D
    1410* |       1 |     605 |      206 |     26 |   354 |    +3.3% |   -0.634 |      -92.6 |      -89.9 |    163 | sa10_sr\[4\]$_DFF_P_/D
    1420* |       1 |     611 |      207 |     26 |   357 |    +3.3% |   -0.634 |      -92.6 |      -89.9 |    163 | sa10_sr\[4\]$_DFF_P_/D
    1430* |       1 |     613 |      207 |     26 |   365 |    +3.3% |   -0.634 |      -92.6 |      -90.0 |    163 | sa10_sr\[4\]$_DFF_P_/D
    1440* |       1 |     616 |      211 |     26 |   369 |    +3.4% |   -0.634 |      -92.6 |      -89.9 |    163 | sa10_sr\[4\]$_DFF_P_/D
    1450* |       1 |     621 |      214 |     26 |   371 |    +3.4% |   -0.634 |      -92.6 |      -90.0 |    163 | sa10_sr\[4\]$_DFF_P_/D
    1460* |       1 |     625 |      217 |     26 |   375 |    +3.4% |   -0.634 |      -92.6 |      -89.9 |    163 | sa10_sr\[4\]$_DFF_P_/D
    1470* |       1 |     630 |      217 |     26 |   380 |    +3.4% |   -0.634 |      -92.6 |      -90.1 |    163 | sa10_sr\[4\]$_DFF_P_/D
    1480* |       1 |     635 |      220 |     26 |   383 |    +3.5% |   -0.634 |      -92.5 |      -90.0 |    163 | sa10_sr\[4\]$_DFF_P_/D
    1488* |       1 |     629 |      217 |     26 |   378 |    +3.4% |   -0.634 |      -92.5 |      -89.9 |    163 | sa10_sr\[4\]$_DFF_P_/D
    1490* |       1 |     630 |      217 |     26 |   378 |    +3.4% |   -0.634 |      -92.6 |      -89.9 |    163 | sa10_sr\[4\]$_DFF_P_/D
    1500* |       1 |     634 |      219 |     26 |   382 |    +3.5% |   -0.634 |      -92.4 |      -89.9 |    163 | sa10_sr\[4\]$_DFF_P_/D
    1504* |       1 |     634 |      219 |     26 |   381 |    +3.5% |   -0.634 |      -92.4 |      -89.9 |    163 | sa10_sr\[4\]$_DFF_P_/D
    1510* |       1 |     636 |      219 |     26 |   384 |    +3.5% |   -0.634 |      -92.5 |      -90.1 |    163 | sa10_sr\[4\]$_DFF_P_/D
    1513* |       1 |     635 |      219 |     26 |   381 |    +3.5% |   -0.634 |      -92.4 |      -89.9 |    163 | sa10_sr\[4\]$_DFF_P_/D
    1520* |       1 |     637 |      219 |     26 |   385 |    +3.5% |   -0.634 |      -92.4 |      -89.9 |    163 | sa10_sr\[4\]$_DFF_P_/D
    1526* |       1 |     637 |      219 |     26 |   385 |    +3.5% |   -0.634 |      -92.4 |      -89.9 |    163 | sa10_sr\[4\]$_DFF_P_/D
    1530* |       1 |     637 |      220 |     26 |   387 |    +3.5% |   -0.634 |      -92.4 |      -89.9 |    163 | sa10_sr\[4\]$_DFF_P_/D
    1538* |       1 |     640 |      220 |     26 |   387 |    +3.5% |   -0.634 |      -92.4 |      -89.9 |    163 | sa10_sr\[4\]$_DFF_P_/D
    1540* |       1 |     641 |      220 |     26 |   387 |    +3.5% |   -0.634 |      -92.4 |      -89.9 |    163 | sa10_sr\[4\]$_DFF_P_/D
    1550* |       1 |     644 |      221 |     26 |   393 |    +3.5% |   -0.634 |      -92.5 |      -89.9 |    163 | sa10_sr\[4\]$_DFF_P_/D
    1560* |       1 |     649 |      224 |     26 |   395 |    +3.6% |   -0.634 |      -92.5 |      -90.1 |    163 | sa10_sr\[4\]$_DFF_P_/D
    1567* |       1 |     642 |      220 |     26 |   389 |    +3.5% |   -0.634 |      -92.4 |      -89.8 |    163 | sa10_sr\[4\]$_DFF_P_/D
    1570* |       1 |     643 |      220 |     26 |   390 |    +3.5% |   -0.634 |      -92.4 |      -89.9 |    163 | sa10_sr\[4\]$_DFF_P_/D
    1580* |       1 |     645 |      225 |     26 |   393 |    +3.6% |   -0.634 |      -92.4 |      -90.1 |    163 | sa10_sr\[4\]$_DFF_P_/D
    1590* |       1 |     650 |      226 |     26 |   397 |    +3.6% |   -0.634 |      -92.5 |      -90.1 |    163 | sa10_sr\[4\]$_DFF_P_/D
    1600* |       1 |     651 |      228 |     26 |   404 |    +3.6% |   -0.634 |      -92.7 |      -90.2 |    163 | sa10_sr\[4\]$_DFF_P_/D
    1600* |       1 |     642 |      220 |     26 |   389 |    +3.5% |   -0.634 |      -92.4 |      -89.8 |    163 | sa10_sr\[4\]$_DFF_P_/D
    1610* |       1 |     647 |      221 |     26 |   392 |    +3.5% |   -0.634 |      -92.5 |      -89.9 |    163 | sa10_sr\[4\]$_DFF_P_/D
    1620* |       1 |     652 |      222 |     26 |   396 |    +3.6% |   -0.634 |      -92.6 |      -89.9 |    163 | sa10_sr\[4\]$_DFF_P_/D
    1620* |       1 |     650 |      222 |     26 |   394 |    +3.6% |   -0.634 |      -92.5 |      -89.8 |    163 | sa10_sr\[4\]$_DFF_P_/D
    1630* |       1 |     652 |      224 |     26 |   399 |    +3.6% |   -0.634 |      -92.4 |      -89.6 |    163 | sa10_sr\[4\]$_DFF_P_/D
    1640* |       1 |     655 |      224 |     27 |   405 |    +3.6% |   -0.634 |      -92.4 |      -89.6 |    163 | sa10_sr\[4\]$_DFF_P_/D
    1645* |       1 |     655 |      224 |     27 |   400 |    +3.6% |   -0.634 |      -92.3 |      -89.5 |    163 | sa10_sr\[4\]$_DFF_P_/D
    1650* |       1 |     658 |      224 |     27 |   401 |    +3.6% |   -0.634 |      -92.4 |      -89.5 |    163 | sa10_sr\[4\]$_DFF_P_/D
    1660* |       1 |     659 |      224 |     27 |   410 |    +3.6% |   -0.634 |      -92.6 |      -89.5 |    163 | sa10_sr\[4\]$_DFF_P_/D
    1660* |       1 |     658 |      224 |     27 |   401 |    +3.6% |   -0.634 |      -92.4 |      -89.5 |    163 | sa10_sr\[4\]$_DFF_P_/D
    1670* |       1 |     664 |      226 |     27 |   402 |    +3.6% |   -0.634 |      -92.3 |      -89.3 |    163 | sa10_sr\[4\]$_DFF_P_/D
    1680* |       1 |     667 |      226 |     27 |   409 |    +3.6% |   -0.634 |      -92.2 |      -89.1 |    163 | sa10_sr\[4\]$_DFF_P_/D
    1690* |       1 |     673 |      227 |     27 |   412 |    +3.7% |   -0.634 |      -92.2 |      -89.2 |    163 | sa10_sr\[4\]$_DFF_P_/D
    1700* |       1 |     678 |      227 |     27 |   417 |    +3.7% |   -0.638 |      -92.3 |      -89.3 |    163 | sa32_sr\[2\]$_DFF_P_/D
    1710* |       1 |     683 |      230 |     27 |   419 |    +3.7% |   -0.634 |      -92.2 |      -89.1 |    163 | sa10_sr\[4\]$_DFF_P_/D
    1720* |       1 |     686 |      231 |     27 |   425 |    +3.7% |   -0.634 |      -92.3 |      -89.1 |    163 | sa10_sr\[4\]$_DFF_P_/D
    1730* |       1 |     692 |      232 |     27 |   428 |    +3.8% |   -0.634 |      -92.3 |      -89.1 |    163 | sa10_sr\[4\]$_DFF_P_/D
    1740* |       1 |     697 |      233 |     27 |   432 |    +3.8% |   -0.634 |      -92.2 |      -89.1 |    163 | sa10_sr\[4\]$_DFF_P_/D
    1750* |       1 |     701 |      235 |     27 |   436 |    +3.8% |   -0.634 |      -92.2 |      -88.8 |    163 | sa10_sr\[4\]$_DFF_P_/D
    1760* |       1 |     704 |      236 |     27 |   442 |    +3.8% |   -0.634 |      -92.2 |      -89.3 |    163 | sa10_sr\[4\]$_DFF_P_/D
    1766* |       1 |     692 |      232 |     27 |   431 |    +3.8% |   -0.634 |      -92.3 |      -89.1 |    163 | sa10_sr\[4\]$_DFF_P_/D
    1770* |       1 |     692 |      233 |     27 |   433 |    +3.8% |   -0.634 |      -92.3 |      -89.1 |    163 | sa10_sr\[4\]$_DFF_P_/D
    1780* |       1 |     700 |      234 |     27 |   434 |    +3.8% |   -0.634 |      -92.2 |      -89.1 |    163 | sa10_sr\[4\]$_DFF_P_/D
    1790* |       1 |     704 |      237 |     27 |   437 |    +3.8% |   -0.634 |      -92.2 |      -89.1 |    163 | sa10_sr\[4\]$_DFF_P_/D
    1800* |       1 |     705 |      240 |     27 |   443 |    +3.9% |   -0.634 |      -92.2 |      -89.0 |    163 | sa10_sr\[4\]$_DFF_P_/D
    1810* |       1 |     710 |      242 |     27 |   447 |    +3.9% |   -0.634 |      -92.2 |      -89.3 |    163 | sa10_sr\[4\]$_DFF_P_/D
    1812* |       1 |     705 |      242 |     27 |   443 |    +3.9% |   -0.634 |      -92.2 |      -89.0 |    163 | sa10_sr\[4\]$_DFF_P_/D
    1820* |       1 |     707 |      245 |     27 |   445 |    +3.9% |   -0.634 |      -92.0 |      -89.0 |    163 | sa10_sr\[4\]$_DFF_P_/D
    1827* |       1 |     706 |      244 |     27 |   443 |    +3.9% |   -0.634 |      -92.1 |      -89.0 |    163 | sa10_sr\[4\]$_DFF_P_/D
    1830* |       1 |     708 |      244 |     27 |   443 |    +3.9% |   -0.634 |      -92.1 |      -88.9 |    163 | sa10_sr\[4\]$_DFF_P_/D
    1840* |       1 |     713 |      247 |     27 |   446 |    +3.9% |   -0.634 |      -92.3 |      -89.0 |    163 | sa10_sr\[4\]$_DFF_P_/D
    1850* |       2 |     719 |      249 |     27 |   448 |    +3.9% |   -0.634 |      -92.4 |      -89.0 |    163 | sa10_sr\[4\]$_DFF_P_/D
    1855* |       2 |     719 |      249 |     27 |   448 |    +3.9% |   -0.634 |      -92.4 |      -89.0 |    163 | sa10_sr\[4\]$_DFF_P_/D
    1860* |       2 |     722 |      249 |     27 |   449 |    +4.0% |   -0.634 |      -92.2 |      -89.0 |    163 | sa10_sr\[4\]$_DFF_P_/D
    1870* |       2 |     725 |      251 |     27 |   454 |    +4.0% |   -0.634 |      -92.2 |      -88.9 |    163 | sa10_sr\[4\]$_DFF_P_/D
    1880* |       2 |     732 |      251 |     27 |   457 |    +4.0% |   -0.634 |      -92.3 |      -89.0 |    163 | sa10_sr\[4\]$_DFF_P_/D
    1890* |       2 |     735 |      252 |     28 |   462 |    +4.0% |   -0.634 |      -92.4 |      -88.9 |    163 | sa10_sr\[4\]$_DFF_P_/D
    1900* |       2 |     741 |      253 |     28 |   465 |    +4.1% |   -0.634 |      -92.4 |      -88.9 |    163 | sa10_sr\[4\]$_DFF_P_/D
    1910* |       2 |     748 |      254 |     28 |   467 |    +4.1% |   -0.634 |      -92.6 |      -88.9 |    163 | sa10_sr\[4\]$_DFF_P_/D
    1913* |       2 |     743 |      254 |     28 |   465 |    +4.1% |   -0.634 |      -92.4 |      -88.9 |    163 | sa10_sr\[4\]$_DFF_P_/D
    1920* |       2 |     746 |      255 |     28 |   467 |    +4.1% |   -0.634 |      -92.4 |      -89.1 |    163 | sa10_sr\[4\]$_DFF_P_/D
    1930* |       2 |     749 |      255 |     28 |   474 |    +4.1% |   -0.701 |      -92.6 |      -89.4 |    163 | sa01_sr\[5\]$_DFF_P_/D
    1940* |       3 |     752 |      255 |     28 |   480 |    +4.1% |   -0.663 |      -92.4 |      -89.2 |    163 | sa01_sr\[5\]$_DFF_P_/D
    1949* |       2 |     744 |      254 |     28 |   466 |    +4.1% |   -0.634 |      -92.4 |      -88.9 |    163 | sa10_sr\[4\]$_DFF_P_/D
    1950* |       2 |     744 |      254 |     28 |   466 |    +4.1% |   -0.634 |      -92.4 |      -88.9 |    163 | sa10_sr\[4\]$_DFF_P_/D
    1960* |       2 |     751 |      254 |     28 |   469 |    +4.1% |   -0.634 |      -92.4 |      -88.8 |    163 | sa10_sr\[4\]$_DFF_P_/D
    1970* |       2 |     757 |      254 |     28 |   473 |    +4.1% |   -0.634 |      -92.3 |      -88.8 |    163 | sa10_sr\[4\]$_DFF_P_/D
    1980* |       2 |     763 |      255 |     29 |   475 |    +4.1% |   -0.634 |      -92.3 |      -88.8 |    163 | sa10_sr\[4\]$_DFF_P_/D
    1990* |       2 |     769 |      256 |     29 |   478 |    +4.2% |   -0.634 |      -92.3 |      -88.6 |    163 | sa10_sr\[4\]$_DFF_P_/D
    2000* |       2 |     771 |      257 |     29 |   485 |    +4.2% |   -0.648 |      -92.3 |      -88.7 |    163 | sa23_sr\[5\]$_DFF_P_/D
    2008* |       2 |     769 |      256 |     29 |   478 |    +4.2% |   -0.634 |      -92.3 |      -88.6 |    163 | sa10_sr\[4\]$_DFF_P_/D
    2010* |       2 |     770 |      256 |     29 |   478 |    +4.2% |   -0.633 |      -92.2 |      -88.5 |    163 | sa11_sr\[2\]$_DFF_P_/D
    2020* |       2 |     777 |      256 |     29 |   481 |    +4.2% |   -0.633 |      -92.2 |      -88.5 |    163 | sa11_sr\[2\]$_DFF_P_/D
    2030* |       2 |     780 |      257 |     29 |   487 |    +4.2% |   -0.633 |      -92.2 |      -88.4 |    163 | sa11_sr\[2\]$_DFF_P_/D
    2040* |       2 |     782 |      259 |     29 |   493 |    +4.2% |   -0.633 |      -92.3 |      -88.4 |    163 | sa11_sr\[2\]$_DFF_P_/D
    2050* |       2 |     789 |      263 |     29 |   493 |    +4.3% |   -0.633 |      -92.2 |      -88.2 |    163 | sa11_sr\[2\]$_DFF_P_/D
    2060* |       2 |     794 |      264 |     29 |   497 |    +4.3% |   -0.633 |      -92.2 |      -88.4 |    163 | sa11_sr\[2\]$_DFF_P_/D
    2070* |       2 |     802 |      264 |     29 |   499 |    +4.3% |   -0.641 |      -92.3 |      -88.4 |    163 | sa10_sr\[7\]$_DFF_P_/D
    2076* |       2 |     789 |      263 |     29 |   493 |    +4.3% |   -0.633 |      -92.2 |      -88.2 |    163 | sa11_sr\[2\]$_DFF_P_/D
    2080* |       2 |     790 |      264 |     29 |   494 |    +4.3% |   -0.633 |      -92.2 |      -88.2 |    163 | sa11_sr\[2\]$_DFF_P_/D
    2090* |       2 |     795 |      268 |     29 |   497 |    +4.3% |   -0.633 |      -92.2 |      -88.4 |    163 | sa11_sr\[2\]$_DFF_P_/D
    2100* |       2 |     800 |      269 |     29 |   501 |    +4.3% |   -0.641 |      -92.3 |      -88.4 |    163 | sa10_sr\[0\]$_DFF_P_/D
    2110* |       2 |     804 |      270 |     29 |   506 |    +4.4% |   -0.646 |      -92.3 |      -88.3 |    163 | sa23_sr\[5\]$_DFF_P_/D
    2120* |       2 |     811 |      271 |     29 |   508 |    +4.4% |   -0.646 |      -92.3 |      -88.3 |    163 | sa23_sr\[5\]$_DFF_P_/D
    2127* |       2 |     789 |      263 |     29 |   493 |    +4.3% |   -0.633 |      -92.2 |      -88.2 |    163 | sa11_sr\[2\]$_DFF_P_/D
    2130* |       2 |     791 |      263 |     29 |   493 |    +4.3% |   -0.633 |      -92.2 |      -88.3 |    163 | sa11_sr\[2\]$_DFF_P_/D
    2140* |       2 |     799 |      263 |     29 |   495 |    +4.3% |   -0.633 |      -92.2 |      -88.1 |    163 | sa11_sr\[2\]$_DFF_P_/D
    2150* |       2 |     806 |      265 |     29 |   497 |    +4.3% |   -0.633 |      -92.2 |      -88.2 |    163 | sa11_sr\[2\]$_DFF_P_/D
    2160* |       2 |     813 |      265 |     29 |   500 |    +4.4% |   -0.633 |      -92.2 |      -88.0 |    163 | sa11_sr\[2\]$_DFF_P_/D
    2167* |       2 |     812 |      265 |     29 |   497 |    +4.4% |   -0.633 |      -92.2 |      -88.0 |    163 | sa11_sr\[2\]$_DFF_P_/D
    2170* |       2 |     813 |      265 |     29 |   498 |    +4.4% |   -0.633 |      -92.2 |      -88.0 |    163 | sa11_sr\[2\]$_DFF_P_/D
    2180* |       2 |     819 |      267 |     29 |   501 |    +4.4% |   -0.633 |      -92.2 |      -88.0 |    163 | sa11_sr\[2\]$_DFF_P_/D
    2190* |       2 |     825 |      267 |     29 |   505 |    +4.4% |   -0.633 |      -92.2 |      -88.0 |    163 | sa11_sr\[2\]$_DFF_P_/D
    2200* |       2 |     833 |      268 |     29 |   506 |    +4.4% |   -0.633 |      -92.2 |      -88.3 |    163 | sa11_sr\[2\]$_DFF_P_/D
    2210* |       2 |     835 |      269 |     29 |   513 |    +4.4% |   -0.646 |      -92.2 |      -88.2 |    163 | sa23_sr\[5\]$_DFF_P_/D
    2211* |       2 |     827 |      267 |     29 |   505 |    +4.4% |   -0.633 |      -92.2 |      -88.0 |    163 | sa11_sr\[2\]$_DFF_P_/D
    2220* |       2 |     832 |      267 |     30 |   507 |    +4.4% |   -0.633 |      -92.1 |      -88.0 |    163 | sa11_sr\[2\]$_DFF_P_/D
    2230* |       2 |     835 |      269 |     30 |   512 |    +4.5% |   -0.633 |      -92.2 |      -88.0 |    163 | sa11_sr\[2\]$_DFF_P_/D
    2240* |       2 |     841 |      270 |     30 |   515 |    +4.5% |   -0.642 |      -92.3 |      -88.1 |    163 | sa22_sr\[2\]$_DFF_P_/D
    2250* |       2 |     842 |      275 |     30 |   520 |    +4.5% |   -0.633 |      -92.2 |      -88.4 |    163 | sa11_sr\[2\]$_DFF_P_/D
    2260* |       2 |     845 |      276 |     30 |   526 |    +4.5% |   -0.633 |      -92.2 |      -88.4 |    163 | sa11_sr\[2\]$_DFF_P_/D
    2270* |       2 |     849 |      278 |     30 |   530 |    +4.6% |   -0.633 |      -92.1 |      -88.4 |    163 | sa11_sr\[2\]$_DFF_P_/D
    2280* |       2 |     853 |      282 |     30 |   534 |    +4.6% |   -0.633 |      -92.1 |      -88.4 |    163 | sa11_sr\[2\]$_DFF_P_/D
    2290* |       2 |     860 |      285 |     30 |   534 |    +4.7% |   -0.633 |      -92.1 |      -88.7 |    163 | sa11_sr\[2\]$_DFF_P_/D
    2300* |       2 |     866 |      286 |     30 |   537 |    +4.7% |   -0.633 |      -92.1 |      -88.6 |    163 | sa11_sr\[2\]$_DFF_P_/D
    2300* |       2 |     853 |      281 |     30 |   532 |    +4.6% |   -0.633 |      -92.1 |      -88.4 |    163 | sa11_sr\[2\]$_DFF_P_/D
    2307* |       2 |     854 |      282 |     30 |   535 |    +4.6% |   -0.633 |      -92.1 |      -88.4 |    163 | sa11_sr\[2\]$_DFF_P_/D
    2310* |       2 |     855 |      282 |     31 |   535 |    +4.6% |   -0.633 |      -92.1 |      -88.4 |    163 | sa11_sr\[2\]$_DFF_P_/D
    2320* |       2 |     859 |      285 |     31 |   539 |    +4.6% |   -0.633 |      -92.0 |      -88.3 |    163 | sa11_sr\[2\]$_DFF_P_/D
    2330* |       2 |     862 |      287 |     31 |   545 |    +4.7% |   -0.633 |      -92.0 |      -88.3 |    163 | sa11_sr\[2\]$_DFF_P_/D
    2340* |       2 |     864 |      288 |     31 |   552 |    +4.7% |   -0.635 |      -92.1 |      -88.6 |    163 | sa31_sr\[7\]$_DFF_P_/D
    2340* |       2 |     860 |      287 |     31 |   540 |    +4.7% |   -0.633 |      -92.0 |      -88.3 |    163 | sa11_sr\[2\]$_DFF_P_/D
    2350* |       2 |     864 |      289 |     31 |   543 |    +4.7% |   -0.633 |      -92.0 |      -88.6 |    163 | sa11_sr\[2\]$_DFF_P_/D
    2360* |       2 |     873 |      289 |     31 |   544 |    +4.7% |   -0.652 |      -92.1 |      -88.7 |    163 | sa10_sr\[5\]$_DFF_P_/D
    2370* |       2 |     883 |      289 |     31 |   544 |    +4.8% |   -0.642 |      -92.1 |      -88.7 |    163 | sa10_sr\[5\]$_DFF_P_/D
    2380* |       2 |     888 |      289 |     31 |   549 |    +4.8% |   -0.640 |      -92.1 |      -88.7 |    163 | sa10_sr\[5\]$_DFF_P_/D
    2381* |       2 |     862 |      287 |     31 |   540 |    +4.7% |   -0.633 |      -92.0 |      -88.3 |    163 | sa11_sr\[2\]$_DFF_P_/D
    2390* |       2 |     865 |      290 |     31 |   544 |    +4.7% |   -0.631 |      -91.9 |      -88.2 |    163 | sa23_sr\[2\]$_DFF_P_/D
    2400* |       2 |     870 |      292 |     31 |   547 |    +4.7% |   -0.635 |      -92.0 |      -88.2 |    163 | sa11_sr\[5\]$_DFF_P_/D
    2410* |       2 |     874 |      293 |     31 |   552 |    +4.7% |   -0.640 |      -92.0 |      -88.1 |    163 | sa11_sr\[5\]$_DFF_P_/D
    2420* |       2 |     881 |      297 |     31 |   552 |    +4.8% |   -0.633 |      -91.8 |      -88.1 |    163 | sa02_sr\[3\]$_DFF_P_/D
    2430* |       2 |     885 |      298 |     32 |   556 |    +4.8% |   -0.664 |      -91.9 |      -88.3 |    163 | sa11_sr\[3\]$_DFF_P_/D
    2440* |       2 |     890 |      300 |     32 |   559 |    +4.9% |   -0.638 |      -91.8 |      -88.3 |    163 | sa11_sr\[3\]$_DFF_P_/D
    2450* |       2 |     893 |      303 |     32 |   563 |    +4.9% |   -0.638 |      -91.8 |      -88.1 |    163 | sa11_sr\[3\]$_DFF_P_/D
    2460* |       2 |     897 |      305 |     32 |   567 |    +4.9% |   -0.631 |      -91.8 |      -88.1 |    163 | sa23_sr\[2\]$_DFF_P_/D
    2464* |       2 |     877 |      294 |     31 |   552 |    +4.8% |   -0.631 |      -91.9 |      -88.0 |    163 | sa23_sr\[2\]$_DFF_P_/D
    2470* |       2 |     878 |      297 |     31 |   554 |    +4.8% |   -0.649 |      -92.0 |      -88.1 |    163 | sa22_sr\[2\]$_DFF_P_/D
    2480* |       2 |     880 |      303 |     31 |   556 |    +4.8% |   -0.631 |      -91.8 |      -87.9 |    163 | sa23_sr\[2\]$_DFF_P_/D
    2490* |       2 |     888 |      303 |     31 |   558 |    +4.9% |   -0.631 |      -91.8 |      -87.9 |    163 | sa23_sr\[2\]$_DFF_P_/D
    2500* |       2 |     892 |      306 |     31 |   563 |    +4.9% |   -0.631 |      -91.9 |      -88.0 |    163 | sa23_sr\[2\]$_DFF_P_/D
    2510* |       2 |     898 |      307 |     31 |   566 |    +4.9% |   -0.648 |      -91.8 |      -88.0 |    163 | sa22_sr\[3\]$_DFF_P_/D
    2520* |       2 |     903 |      309 |     31 |   569 |    +5.0% |   -0.634 |      -91.8 |      -87.8 |    163 | sa22_sr\[3\]$_DFF_P_/D
    2530* |       2 |     905 |      310 |     31 |   576 |    +5.0% |   -0.636 |      -91.8 |      -87.9 |    163 | sa22_sr\[3\]$_DFF_P_/D
    2533* |       2 |     907 |      310 |     31 |   577 |    +5.0% |   -0.631 |      -91.8 |      -87.7 |    163 | sa23_sr\[2\]$_DFF_P_/D
    2540* |       2 |     908 |      312 |     31 |   580 |    +5.0% |   -0.631 |      -91.8 |      -87.7 |    163 | sa23_sr\[2\]$_DFF_P_/D
    2550* |       2 |     913 |      317 |     31 |   581 |    +5.0% |   -0.631 |      -91.7 |      -87.6 |    163 | sa23_sr\[2\]$_DFF_P_/D
    2560* |       2 |     919 |      317 |     31 |   585 |    +5.1% |   -0.631 |      -91.7 |      -87.6 |    163 | sa23_sr\[2\]$_DFF_P_/D
    2570* |       2 |     924 |      317 |     32 |   589 |    +5.1% |   -0.630 |      -91.7 |      -87.5 |    163 | sa01_sr\[1\]$_DFF_P_/D
    2580* |       2 |     931 |      317 |     33 |   591 |    +5.1% |   -0.630 |      -91.7 |      -87.6 |    163 | sa01_sr\[1\]$_DFF_P_/D
    2590* |       2 |     938 |      317 |     33 |   594 |    +5.2% |   -0.630 |      -91.7 |      -87.6 |    163 | sa01_sr\[1\]$_DFF_P_/D
    2600* |       2 |     944 |      317 |     33 |   598 |    +5.2% |   -0.630 |      -91.7 |      -87.6 |    163 | sa01_sr\[1\]$_DFF_P_/D
    2607* |       2 |     929 |      317 |     33 |   590 |    +5.1% |   -0.630 |      -91.7 |      -87.5 |    163 | sa01_sr\[1\]$_DFF_P_/D
    2610* |       2 |     930 |      318 |     33 |   590 |    +5.1% |   -0.630 |      -91.7 |      -87.7 |    163 | sa01_sr\[1\]$_DFF_P_/D
    2620* |       2 |     934 |      320 |     33 |   594 |    +5.1% |   -0.672 |      -91.8 |      -88.1 |    163 | sa10_sr\[3\]$_DFF_P_/D
    2630* |       2 |     942 |      323 |     33 |   595 |    +5.2% |   -0.637 |      -91.7 |      -87.9 |    163 | sa10_sr\[6\]$_DFF_P_/D
    2637* |       2 |     929 |      317 |     33 |   590 |    +5.1% |   -0.630 |      -91.7 |      -87.5 |    163 | sa01_sr\[1\]$_DFF_P_/D
    2640* |       2 |     930 |      317 |     33 |   591 |    +5.1% |   -0.640 |      -91.6 |      -87.5 |    163 | sa23_sr\[5\]$_DFF_P_/D
    2650* |       2 |     935 |      321 |     33 |   593 |    +5.2% |   -0.655 |      -91.6 |      -87.4 |    163 | sa23_sr\[5\]$_DFF_P_/D
    2660* |       2 |     941 |      321 |     33 |   597 |    +5.2% |   -0.633 |      -91.5 |      -87.1 |    163 | sa01_sr\[1\]$_DFF_P_/D
    2670* |       2 |     945 |      324 |     33 |   601 |    +5.2% |   -0.633 |      -91.3 |      -87.0 |    163 | sa01_sr\[1\]$_DFF_P_/D
    2680* |       2 |     950 |      326 |     33 |   604 |    +5.2% |   -0.632 |      -91.3 |      -87.1 |    163 | sa01_sr\[1\]$_DFF_P_/D
    2688* |       2 |     929 |      317 |     33 |   590 |    +5.1% |   -0.630 |      -91.7 |      -87.5 |    163 | sa01_sr\[1\]$_DFF_P_/D
    2690* |       2 |     929 |      317 |     33 |   591 |    +5.1% |   -0.630 |      -91.7 |      -87.5 |    163 | sa01_sr\[1\]$_DFF_P_/D
    2700* |       2 |     935 |      319 |     33 |   594 |    +5.1% |   -0.630 |      -91.6 |      -87.9 |    163 | sa01_sr\[1\]$_DFF_P_/D
    2700* |       2 |     930 |      319 |     33 |   593 |    +5.1% |   -0.630 |      -91.7 |      -87.9 |    163 | sa01_sr\[1\]$_DFF_P_/D
    2710* |       2 |     935 |      320 |     33 |   596 |    +5.1% |   -0.630 |      -91.6 |      -87.8 |    163 | sa01_sr\[1\]$_DFF_P_/D
    2720* |       2 |     941 |      321 |     33 |   599 |    +5.2% |   -0.630 |      -91.6 |      -87.8 |    163 | sa01_sr\[1\]$_DFF_P_/D
    2730* |       2 |     948 |      324 |     33 |   601 |    +5.2% |   -0.630 |      -91.7 |      -88.0 |    163 | sa01_sr\[1\]$_DFF_P_/D
    2739* |       2 |     941 |      321 |     33 |   599 |    +5.2% |   -0.630 |      -91.6 |      -87.8 |    163 | sa01_sr\[1\]$_DFF_P_/D
    2740* |       2 |     941 |      321 |     33 |   599 |    +5.2% |   -0.630 |      -91.6 |      -87.8 |    163 | sa01_sr\[1\]$_DFF_P_/D
    2750* |       2 |     946 |      322 |     33 |   603 |    +5.2% |   -0.630 |      -91.7 |      -87.9 |    163 | sa01_sr\[1\]$_DFF_P_/D
    2760* |       2 |     956 |      322 |     33 |   603 |    +5.2% |   -0.632 |      -91.7 |      -87.9 |    163 | sa10_sr\[6\]$_DFF_P_/D
    2770* |       2 |     960 |      326 |     33 |   607 |    +5.3% |   -0.642 |      -91.7 |      -88.2 |    163 | sa10_sr\[6\]$_DFF_P_/D
    2773* |       2 |     955 |      322 |     33 |   603 |    +5.2% |   -0.630 |      -91.6 |      -87.8 |    163 | sa01_sr\[1\]$_DFF_P_/D
    2780* |       2 |     955 |      323 |     33 |   608 |    +5.2% |   -0.630 |      -91.6 |      -87.9 |    163 | sa01_sr\[1\]$_DFF_P_/D
    2784* |       2 |     955 |      323 |     33 |   606 |    +5.2% |   -0.630 |      -91.6 |      -87.9 |    163 | sa01_sr\[1\]$_DFF_P_/D
    2790* |       2 |     958 |      324 |     33 |   607 |    +5.2% |   -0.630 |      -91.6 |      -87.9 |    163 | sa01_sr\[1\]$_DFF_P_/D
    2800* |       2 |     961 |      326 |     33 |   613 |    +5.3% |   -0.630 |      -91.6 |      -88.2 |    163 | sa01_sr\[1\]$_DFF_P_/D
    2800* |       2 |     958 |      323 |     33 |   606 |    +5.2% |   -0.630 |      -91.6 |      -87.8 |    163 | sa01_sr\[1\]$_DFF_P_/D
    2800* |       2 |     958 |      323 |     33 |   606 |    +5.2% |   -0.630 |      -91.6 |      -87.8 |    163 | sa01_sr\[1\]$_DFF_P_/D
    2800+ |       2 |     958 |      323 |     33 |   606 |    +5.2% |   -0.630 |      -91.6 |      -87.8 |    161 | sa01_sr\[1\]$_DFF_P_/D
    2801+ |       2 |     958 |      323 |     33 |   606 |    +5.2% |   -0.630 |      -91.6 |      -87.8 |    161 | sa01_sr\[1\]$_DFF_P_/D
    2802+ |       2 |     958 |      323 |     33 |   606 |    +5.2% |   -0.630 |      -91.6 |      -87.8 |    161 | sa01_sr\[1\]$_DFF_P_/D
    2803+ |       2 |     958 |      323 |     33 |   606 |    +5.2% |   -0.630 |      -91.6 |      -87.8 |    161 | sa01_sr\[1\]$_DFF_P_/D
    2806+ |       2 |     960 |      323 |     33 |   606 |    +5.2% |   -0.630 |      -91.4 |      -87.7 |    161 | sa01_sr\[1\]$_DFF_P_/D
    2807+ |       2 |     960 |      323 |     33 |   606 |    +5.2% |   -0.630 |      -91.4 |      -87.7 |    161 | sa01_sr\[1\]$_DFF_P_/D
    2808+ |       2 |     960 |      323 |     33 |   606 |    +5.2% |   -0.630 |      -91.4 |      -87.7 |    161 | sa01_sr\[1\]$_DFF_P_/D
    2809+ |       2 |     960 |      323 |     33 |   606 |    +5.2% |   -0.630 |      -91.4 |      -87.7 |    161 | sa01_sr\[1\]$_DFF_P_/D
    2810+ |       2 |     960 |      323 |     33 |   606 |    +5.2% |   -0.630 |      -91.4 |      -87.7 |    161 | sa01_sr\[1\]$_DFF_P_/D
    2811+ |       2 |     961 |      323 |     33 |   606 |    +5.2% |   -0.630 |      -91.4 |      -87.7 |    161 | sa01_sr\[1\]$_DFF_P_/D
    2813+ |       2 |     961 |      323 |     33 |   607 |    +5.2% |   -0.630 |      -91.4 |      -87.7 |    161 | sa01_sr\[1\]$_DFF_P_/D
    2815+ |       2 |     961 |      323 |     33 |   608 |    +5.2% |   -0.630 |      -91.4 |      -87.7 |    161 | sa01_sr\[1\]$_DFF_P_/D
    2817+ |       2 |     962 |      323 |     33 |   608 |    +5.2% |   -0.630 |      -91.4 |      -87.6 |    161 | sa01_sr\[1\]$_DFF_P_/D
    2818+ |       2 |     962 |      323 |     33 |   608 |    +5.2% |   -0.630 |      -91.4 |      -87.6 |    161 | sa01_sr\[1\]$_DFF_P_/D
    2819+ |       2 |     962 |      323 |     33 |   608 |    +5.2% |   -0.630 |      -91.4 |      -87.6 |    161 | sa01_sr\[1\]$_DFF_P_/D
    2820+ |       2 |     962 |      323 |     33 |   608 |    +5.2% |   -0.630 |      -91.4 |      -87.6 |    161 | sa01_sr\[1\]$_DFF_P_/D
    2820+ |       2 |     962 |      323 |     33 |   608 |    +5.2% |   -0.630 |      -91.4 |      -87.6 |    161 | sa01_sr\[1\]$_DFF_P_/D
    2823+ |       2 |     964 |      323 |     33 |   608 |    +5.3% |   -0.630 |      -91.4 |      -87.5 |    161 | sa01_sr\[1\]$_DFF_P_/D
    2826+ |       2 |     966 |      323 |     33 |   608 |    +5.3% |   -0.630 |      -91.3 |      -87.4 |    161 | sa01_sr\[1\]$_DFF_P_/D
    2830+ |       2 |     969 |      323 |     33 |   608 |    +5.3% |   -0.630 |      -91.2 |      -87.3 |    161 | sa01_sr\[1\]$_DFF_P_/D
    2833+ |       2 |     971 |      323 |     33 |   609 |    +5.3% |   -0.630 |      -91.2 |      -87.3 |    161 | sa01_sr\[1\]$_DFF_P_/D
    2834+ |       2 |     971 |      323 |     33 |   609 |    +5.3% |   -0.630 |      -91.2 |      -87.3 |    161 | sa01_sr\[1\]$_DFF_P_/D
    2837+ |       2 |     971 |      323 |     33 |   611 |    +5.3% |   -0.630 |      -91.1 |      -87.3 |    161 | sa01_sr\[1\]$_DFF_P_/D
    2838+ |       2 |     971 |      323 |     33 |   611 |    +5.3% |   -0.630 |      -91.1 |      -87.3 |    161 | sa01_sr\[1\]$_DFF_P_/D
    2839+ |       2 |     971 |      323 |     33 |   611 |    +5.3% |   -0.630 |      -91.1 |      -87.3 |    161 | sa01_sr\[1\]$_DFF_P_/D
    2840+ |       2 |     971 |      323 |     33 |   611 |    +5.3% |   -0.630 |      -91.1 |      -87.3 |    161 | sa01_sr\[1\]$_DFF_P_/D
    2840+ |       2 |     971 |      323 |     33 |   611 |    +5.3% |   -0.630 |      -91.1 |      -87.3 |    161 | sa01_sr\[1\]$_DFF_P_/D
    2841+ |       2 |     971 |      323 |     33 |   611 |    +5.3% |   -0.630 |      -91.1 |      -87.3 |    161 | sa01_sr\[1\]$_DFF_P_/D
    2845+ |       2 |     974 |      323 |     33 |   611 |    +5.3% |   -0.630 |      -91.0 |      -87.0 |    161 | sa01_sr\[1\]$_DFF_P_/D
    2846+ |       2 |     974 |      323 |     33 |   611 |    +5.3% |   -0.630 |      -91.0 |      -87.0 |    161 | sa01_sr\[1\]$_DFF_P_/D
    2847+ |       2 |     974 |      323 |     33 |   611 |    +5.3% |   -0.630 |      -91.0 |      -87.0 |    161 | sa01_sr\[1\]$_DFF_P_/D
    2848+ |       2 |     974 |      323 |     33 |   611 |    +5.3% |   -0.630 |      -91.0 |      -87.0 |    161 | sa01_sr\[1\]$_DFF_P_/D
    2850+ |       2 |     975 |      323 |     33 |   611 |    +5.3% |   -0.630 |      -91.0 |      -86.9 |    161 | sa01_sr\[1\]$_DFF_P_/D
    2850+ |       2 |     975 |      323 |     33 |   611 |    +5.3% |   -0.630 |      -91.0 |      -86.9 |    161 | sa01_sr\[1\]$_DFF_P_/D
    2851+ |       2 |     975 |      323 |     33 |   611 |    +5.3% |   -0.630 |      -91.0 |      -86.9 |    161 | sa01_sr\[1\]$_DFF_P_/D
    2855+ |       2 |     978 |      323 |     33 |   611 |    +5.3% |   -0.630 |      -91.0 |      -86.9 |    161 | sa01_sr\[1\]$_DFF_P_/D
    2857+ |       2 |     979 |      323 |     33 |   611 |    +5.3% |   -0.630 |      -91.0 |      -86.7 |    161 | sa01_sr\[1\]$_DFF_P_/D
    2860+ |       2 |     981 |      323 |     33 |   611 |    +5.3% |   -0.630 |      -90.9 |      -86.6 |    161 | sa01_sr\[1\]$_DFF_P_/D
    2863+ |       2 |     983 |      323 |     33 |   612 |    +5.3% |   -0.630 |      -90.8 |      -86.5 |    161 | sa01_sr\[1\]$_DFF_P_/D
    2866+ |       2 |     985 |      323 |     33 |   612 |    +5.3% |   -0.630 |      -90.8 |      -86.5 |    161 | sa01_sr\[1\]$_DFF_P_/D
    2867+ |       2 |     985 |      323 |     33 |   612 |    +5.3% |   -0.630 |      -90.8 |      -86.5 |    161 | sa01_sr\[1\]$_DFF_P_/D
    2868+ |       2 |     985 |      323 |     33 |   612 |    +5.3% |   -0.630 |      -90.8 |      -86.5 |    161 | sa01_sr\[1\]$_DFF_P_/D
    2869+ |       2 |     985 |      323 |     33 |   612 |    +5.3% |   -0.630 |      -90.8 |      -86.5 |    161 | sa01_sr\[1\]$_DFF_P_/D
    2870+ |       2 |     985 |      323 |     33 |   612 |    +5.3% |   -0.630 |      -90.8 |      -86.5 |    161 | sa01_sr\[1\]$_DFF_P_/D
    2871+ |       2 |     986 |      323 |     33 |   612 |    +5.3% |   -0.630 |      -90.8 |      -86.5 |    161 | sa01_sr\[1\]$_DFF_P_/D
    2872+ |       2 |     986 |      323 |     33 |   612 |    +5.3% |   -0.630 |      -90.8 |      -86.5 |    161 | sa01_sr\[1\]$_DFF_P_/D
    2873+ |       2 |     986 |      323 |     33 |   612 |    +5.3% |   -0.630 |      -90.8 |      -86.5 |    161 | sa01_sr\[1\]$_DFF_P_/D
    2874+ |       2 |     986 |      323 |     33 |   612 |    +5.3% |   -0.630 |      -90.8 |      -86.5 |    161 | sa01_sr\[1\]$_DFF_P_/D
    2875+ |       2 |     986 |      323 |     33 |   612 |    +5.3% |   -0.630 |      -90.8 |      -86.5 |    161 | sa01_sr\[1\]$_DFF_P_/D
    2876+ |       2 |     986 |      323 |     33 |   612 |    +5.3% |   -0.630 |      -90.8 |      -86.5 |    161 | sa01_sr\[1\]$_DFF_P_/D
    2878+ |       2 |     987 |      323 |     33 |   612 |    +5.3% |   -0.630 |      -90.8 |      -86.5 |    161 | sa01_sr\[1\]$_DFF_P_/D
    2879+ |       2 |     987 |      323 |     33 |   612 |    +5.3% |   -0.630 |      -90.8 |      -86.5 |    161 | sa01_sr\[1\]$_DFF_P_/D
    2880+ |       2 |     987 |      323 |     33 |   612 |    +5.3% |   -0.630 |      -90.8 |      -86.5 |    161 | sa01_sr\[1\]$_DFF_P_/D
    2880+ |       2 |     987 |      323 |     33 |   612 |    +5.3% |   -0.630 |      -90.8 |      -86.5 |    161 | sa01_sr\[1\]$_DFF_P_/D
    2881+ |       2 |     987 |      323 |     33 |   612 |    +5.3% |   -0.630 |      -90.8 |      -86.5 |    161 | sa01_sr\[1\]$_DFF_P_/D
    2888+ |       2 |     990 |      323 |     33 |   615 |    +5.3% |   -0.630 |      -90.8 |      -86.4 |    161 | sa01_sr\[1\]$_DFF_P_/D
    2889+ |       2 |     990 |      323 |     33 |   615 |    +5.3% |   -0.630 |      -90.8 |      -86.4 |    161 | sa01_sr\[1\]$_DFF_P_/D
    2890+ |       2 |     990 |      323 |     33 |   615 |    +5.3% |   -0.630 |      -90.8 |      -86.4 |    161 | sa01_sr\[1\]$_DFF_P_/D
    2895+ |       2 |     995 |      323 |     33 |   615 |    +5.4% |   -0.630 |      -90.6 |      -86.0 |    161 | sa01_sr\[1\]$_DFF_P_/D
    2896+ |       2 |     995 |      323 |     33 |   615 |    +5.4% |   -0.630 |      -90.6 |      -86.0 |    161 | sa01_sr\[1\]$_DFF_P_/D
    2897+ |       2 |     995 |      323 |     33 |   615 |    +5.4% |   -0.630 |      -90.6 |      -86.0 |    161 | sa01_sr\[1\]$_DFF_P_/D
    2898+ |       2 |     995 |      323 |     33 |   615 |    +5.4% |   -0.630 |      -90.6 |      -86.0 |    161 | sa01_sr\[1\]$_DFF_P_/D
    2899+ |       2 |     995 |      323 |     33 |   615 |    +5.4% |   -0.630 |      -90.6 |      -86.0 |    161 | sa01_sr\[1\]$_DFF_P_/D
    2900+ |       2 |     995 |      323 |     33 |   615 |    +5.4% |   -0.630 |      -90.6 |      -86.0 |    161 | sa01_sr\[1\]$_DFF_P_/D
    2901+ |       2 |     995 |      323 |     33 |   615 |    +5.4% |   -0.630 |      -90.6 |      -86.0 |    161 | sa01_sr\[1\]$_DFF_P_/D
    2902+ |       2 |     995 |      323 |     33 |   615 |    +5.4% |   -0.630 |      -90.6 |      -86.0 |    161 | sa01_sr\[1\]$_DFF_P_/D
    2903+ |       2 |     995 |      323 |     33 |   615 |    +5.4% |   -0.630 |      -90.6 |      -86.0 |    161 | sa01_sr\[1\]$_DFF_P_/D
    2908+ |       2 |     996 |      323 |     33 |   618 |    +5.4% |   -0.630 |      -90.5 |      -85.8 |    161 | sa01_sr\[1\]$_DFF_P_/D
    2909+ |       2 |     996 |      323 |     33 |   618 |    +5.4% |   -0.630 |      -90.5 |      -85.8 |    161 | sa01_sr\[1\]$_DFF_P_/D
    2910+ |       2 |     996 |      323 |     33 |   618 |    +5.4% |   -0.630 |      -90.5 |      -85.8 |    161 | sa01_sr\[1\]$_DFF_P_/D
    2910+ |       2 |     996 |      323 |     33 |   618 |    +5.4% |   -0.630 |      -90.5 |      -85.8 |    161 | sa01_sr\[1\]$_DFF_P_/D
    2914+ |       2 |     999 |      323 |     33 |   618 |    +5.4% |   -0.630 |      -90.4 |      -85.6 |    161 | sa01_sr\[1\]$_DFF_P_/D
    2915+ |       2 |     999 |      323 |     33 |   618 |    +5.4% |   -0.630 |      -90.4 |      -85.6 |    161 | sa01_sr\[1\]$_DFF_P_/D
    2916+ |       2 |     999 |      323 |     33 |   618 |    +5.4% |   -0.630 |      -90.4 |      -85.6 |    161 | sa01_sr\[1\]$_DFF_P_/D
    2919+ |       2 |    1001 |      323 |     33 |   618 |    +5.4% |   -0.630 |      -90.3 |      -85.6 |    161 | sa01_sr\[1\]$_DFF_P_/D
    2920+ |       2 |    1001 |      323 |     33 |   618 |    +5.4% |   -0.630 |      -90.3 |      -85.6 |    161 | sa01_sr\[1\]$_DFF_P_/D
    2920+ |       2 |    1001 |      323 |     33 |   618 |    +5.4% |   -0.630 |      -90.3 |      -85.6 |    161 | sa01_sr\[1\]$_DFF_P_/D
    2921+ |       2 |    1001 |      323 |     33 |   618 |    +5.4% |   -0.630 |      -90.3 |      -85.6 |    161 | sa01_sr\[1\]$_DFF_P_/D
    2922+ |       2 |    1001 |      323 |     33 |   618 |    +5.4% |   -0.630 |      -90.3 |      -85.6 |    161 | sa01_sr\[1\]$_DFF_P_/D
    2923+ |       2 |    1001 |      323 |     33 |   618 |    +5.4% |   -0.630 |      -90.3 |      -85.6 |    161 | sa01_sr\[1\]$_DFF_P_/D
    2925+ |       2 |    1001 |      323 |     33 |   619 |    +5.4% |   -0.630 |      -90.3 |      -85.6 |    161 | sa01_sr\[1\]$_DFF_P_/D
    2926+ |       2 |    1001 |      323 |     33 |   619 |    +5.4% |   -0.630 |      -90.3 |      -85.6 |    161 | sa01_sr\[1\]$_DFF_P_/D
    2928+ |       2 |    1002 |      323 |     33 |   619 |    +5.4% |   -0.630 |      -90.3 |      -85.5 |    161 | sa01_sr\[1\]$_DFF_P_/D
    2929+ |       2 |    1002 |      323 |     33 |   619 |    +5.4% |   -0.630 |      -90.3 |      -85.5 |    161 | sa01_sr\[1\]$_DFF_P_/D
    2930+ |       2 |    1002 |      323 |     33 |   619 |    +5.4% |   -0.630 |      -90.3 |      -85.5 |    161 | sa01_sr\[1\]$_DFF_P_/D
    2931+ |       2 |    1003 |      323 |     33 |   619 |    +5.4% |   -0.630 |      -90.3 |      -85.5 |    161 | sa01_sr\[1\]$_DFF_P_/D
    2932+ |       2 |    1003 |      323 |     33 |   619 |    +5.4% |   -0.630 |      -90.3 |      -85.5 |    161 | sa01_sr\[1\]$_DFF_P_/D
    2936+ |       2 |    1006 |      323 |     33 |   619 |    +5.4% |   -0.630 |      -90.3 |      -85.5 |    161 | sa01_sr\[1\]$_DFF_P_/D
    2938+ |       2 |    1006 |      323 |     33 |   620 |    +5.4% |   -0.630 |      -90.3 |      -85.5 |    161 | sa01_sr\[1\]$_DFF_P_/D
    2940+ |       2 |    1006 |      323 |     33 |   621 |    +5.4% |   -0.630 |      -90.3 |      -85.4 |    161 | sa01_sr\[1\]$_DFF_P_/D
    2943+ |       2 |    1007 |      323 |     33 |   623 |    +5.4% |   -0.630 |      -90.3 |      -85.3 |    161 | sa01_sr\[1\]$_DFF_P_/D
    2944+ |       2 |    1007 |      323 |     33 |   623 |    +5.4% |   -0.630 |      -90.3 |      -85.3 |    161 | sa01_sr\[1\]$_DFF_P_/D
    2946+ |       2 |    1007 |      323 |     33 |   624 |    +5.4% |   -0.630 |      -90.3 |      -85.3 |    161 | sa01_sr\[1\]$_DFF_P_/D
    2947+ |       2 |    1007 |      323 |     33 |   624 |    +5.4% |   -0.630 |      -90.3 |      -85.3 |    161 | sa01_sr\[1\]$_DFF_P_/D
    2950+ |       2 |    1008 |      323 |     33 |   625 |    +5.4% |   -0.630 |      -90.3 |      -85.3 |    161 | sa01_sr\[1\]$_DFF_P_/D
    2951+ |       2 |    1009 |      323 |     33 |   625 |    +5.4% |   -0.630 |      -90.3 |      -85.3 |    161 | sa01_sr\[1\]$_DFF_P_/D
    2954+ |       2 |    1011 |      323 |     33 |   625 |    +5.4% |   -0.630 |      -90.3 |      -85.2 |    161 | sa01_sr\[1\]$_DFF_P_/D
    2955+ |       2 |    1011 |      323 |     33 |   625 |    +5.4% |   -0.630 |      -90.3 |      -85.2 |    161 | sa01_sr\[1\]$_DFF_P_/D
    2956+ |       2 |    1011 |      323 |     33 |   625 |    +5.4% |   -0.630 |      -90.3 |      -85.2 |    161 | sa01_sr\[1\]$_DFF_P_/D
    2957+ |       2 |    1011 |      323 |     33 |   625 |    +5.4% |   -0.630 |      -90.3 |      -85.2 |    161 | sa01_sr\[1\]$_DFF_P_/D
    2958+ |       2 |    1011 |      323 |     33 |   625 |    +5.4% |   -0.630 |      -90.3 |      -85.2 |    161 | sa01_sr\[1\]$_DFF_P_/D
    2960+ |       2 |    1011 |      323 |     33 |   626 |    +5.4% |   -0.630 |      -90.3 |      -85.2 |    161 | sa01_sr\[1\]$_DFF_P_/D
    2961+ |       2 |    1012 |      323 |     33 |   626 |    +5.4% |   -0.630 |      -90.3 |      -85.2 |    161 | sa01_sr\[1\]$_DFF_P_/D
    2962+ |       2 |    1012 |      323 |     33 |   626 |    +5.4% |   -0.630 |      -90.3 |      -85.2 |    161 | sa01_sr\[1\]$_DFF_P_/D
    2963+ |       2 |    1012 |      323 |     33 |   626 |    +5.4% |   -0.630 |      -90.3 |      -85.2 |    161 | sa01_sr\[1\]$_DFF_P_/D
    2964+ |       2 |    1012 |      323 |     33 |   626 |    +5.4% |   -0.630 |      -90.3 |      -85.2 |    161 | sa01_sr\[1\]$_DFF_P_/D
    2967+ |       2 |    1014 |      323 |     33 |   626 |    +5.4% |   -0.630 |      -90.2 |      -85.2 |    161 | sa01_sr\[1\]$_DFF_P_/D
    2968+ |       2 |    1014 |      323 |     33 |   626 |    +5.4% |   -0.630 |      -90.2 |      -85.2 |    161 | sa01_sr\[1\]$_DFF_P_/D
    2970+ |       2 |    1014 |      323 |     33 |   627 |    +5.4% |   -0.630 |      -90.2 |      -85.2 |    161 | sa01_sr\[1\]$_DFF_P_/D
    2970+ |       2 |    1014 |      323 |     33 |   627 |    +5.4% |   -0.630 |      -90.2 |      -85.2 |    161 | sa01_sr\[1\]$_DFF_P_/D
    2972+ |       2 |    1015 |      323 |     33 |   627 |    +5.4% |   -0.630 |      -90.2 |      -85.2 |    161 | sa01_sr\[1\]$_DFF_P_/D
    2973+ |       2 |    1015 |      323 |     33 |   627 |    +5.4% |   -0.630 |      -90.2 |      -85.2 |    161 | sa01_sr\[1\]$_DFF_P_/D
    2974+ |       2 |    1015 |      323 |     33 |   627 |    +5.4% |   -0.630 |      -90.2 |      -85.2 |    161 | sa01_sr\[1\]$_DFF_P_/D
    2976+ |       2 |    1016 |      323 |     33 |   627 |    +5.4% |   -0.630 |      -90.2 |      -85.2 |    161 | sa01_sr\[1\]$_DFF_P_/D
    2977+ |       2 |    1016 |      323 |     33 |   627 |    +5.4% |   -0.630 |      -90.2 |      -85.2 |    161 | sa01_sr\[1\]$_DFF_P_/D
    2978+ |       2 |    1016 |      323 |     33 |   627 |    +5.4% |   -0.630 |      -90.2 |      -85.2 |    161 | sa01_sr\[1\]$_DFF_P_/D
    2979+ |       2 |    1016 |      323 |     33 |   627 |    +5.4% |   -0.630 |      -90.2 |      -85.2 |    161 | sa01_sr\[1\]$_DFF_P_/D
    2980+ |       2 |    1016 |      323 |     33 |   627 |    +5.4% |   -0.630 |      -90.2 |      -85.2 |    161 | sa01_sr\[1\]$_DFF_P_/D
    2982+ |       2 |    1018 |      323 |     33 |   627 |    +5.4% |   -0.630 |      -90.2 |      -85.1 |    161 | sa01_sr\[1\]$_DFF_P_/D
    2983+ |       2 |    1018 |      323 |     33 |   627 |    +5.4% |   -0.630 |      -90.2 |      -85.1 |    161 | sa01_sr\[1\]$_DFF_P_/D
    2984+ |       2 |    1018 |      323 |     33 |   627 |    +5.4% |   -0.630 |      -90.2 |      -85.1 |    161 | sa01_sr\[1\]$_DFF_P_/D
    2985+ |       2 |    1018 |      323 |     33 |   627 |    +5.4% |   -0.630 |      -90.2 |      -85.1 |    161 | sa01_sr\[1\]$_DFF_P_/D
    2986+ |       2 |    1018 |      323 |     33 |   627 |    +5.4% |   -0.630 |      -90.2 |      -85.1 |    161 | sa01_sr\[1\]$_DFF_P_/D
    2990+ |       2 |    1020 |      323 |     33 |   628 |    +5.4% |   -0.630 |      -90.2 |      -85.0 |    161 | sa01_sr\[1\]$_DFF_P_/D
    2990+ |       2 |    1020 |      323 |     33 |   628 |    +5.4% |   -0.630 |      -90.2 |      -85.0 |    161 | sa01_sr\[1\]$_DFF_P_/D
    2991+ |       2 |    1020 |      323 |     33 |   628 |    +5.4% |   -0.630 |      -90.2 |      -85.0 |    161 | sa01_sr\[1\]$_DFF_P_/D
    2992+ |       2 |    1020 |      323 |     33 |   628 |    +5.4% |   -0.630 |      -90.2 |      -85.0 |    161 | sa01_sr\[1\]$_DFF_P_/D
    2994+ |       2 |    1021 |      323 |     33 |   628 |    +5.4% |   -0.630 |      -90.2 |      -85.0 |    161 | sa01_sr\[1\]$_DFF_P_/D
    2995+ |       2 |    1021 |      323 |     33 |   628 |    +5.4% |   -0.630 |      -90.2 |      -85.0 |    161 | sa01_sr\[1\]$_DFF_P_/D
    2996+ |       2 |    1021 |      323 |     33 |   628 |    +5.4% |   -0.630 |      -90.2 |      -85.0 |    161 | sa01_sr\[1\]$_DFF_P_/D
    2998+ |       2 |    1022 |      323 |     33 |   628 |    +5.4% |   -0.630 |      -90.2 |      -85.0 |    161 | sa01_sr\[1\]$_DFF_P_/D
    3000+ |       2 |    1023 |      323 |     33 |   628 |    +5.4% |   -0.630 |      -90.2 |      -84.9 |    161 | sa01_sr\[1\]$_DFF_P_/D
    final |       2 |    1023 |      323 |     33 |   628 |    +5.4% |   -0.630 |      -90.2 |      -84.9 |    161 | sa01_sr\[1\]$_DFF_P_/D
------------------------------------------------------------------------------------------------------------------------------
[INFO RSZ-0059] Removed 2 buffers.
[INFO RSZ-0045] Inserted 323 buffers, 4 to split loads.
[INFO RSZ-0051] Resized 1023 instances: 1023 up, 0 up match, 0 down, 0 VT
[INFO RSZ-0043] Swapped pins on 628 instances.
[INFO RSZ-0049] Cloned 33 instances.
[WARNING RSZ-0062] Unable to repair all setup violations.
[INFO RSZ-0505] Runtime: 44.32s
[INFO RSZ-0033] No hold violations found.
[INFO RSZ-0506] Runtime: 0.01s
Took 45 seconds: repair_timing -setup_margin 0 -hold_margin 0 -repair_tns 100 -verbose
Repair timing output passed lec test
detailed_placement
[INFO DPL-0006] Core area: 992482.85 um^2
[INFO DPL-0007] Movable instances area: 684310.64 um^2
[INFO DPL-0008] Fixed instances area within core: 7840.63 um^2
[INFO DPL-0009] Utilization: 69.7%
[INFO DPL-0005] Diamond search max displacement: +/- 500 sites horizontally, +/- 100 rows vertically.
[INFO DPL-1102] Legalizing using negotiation legalizer.
[INFO DPL-1103] Negotiation base search window: +/-20 sites horizontally, +/-5 rows vertically 
	Automatic search window extension enabled.
	Search window extendable up to the max displacement cap of +/-500 sites, +/-100 rows near walls.
[INFO DPL-1104] NegotiationLegalizer DRC penalty: 5.
[INFO DPL-0392] Negotiation cell height distribution (1 unique row-count(s)):
[INFO DPL-0393]   height 1 row(s): 19683 cells
          |      Total |  Illegal |  Illegal
Iteration | Violations |    Cells |    Sites
---------------------------------------------
        0 |       3717 |       554 |      3163
        1 |       2417 |       280 |      2134
        2 |       1705 |       181 |      1506
        3 |       1257 |       119 |      1138
        4 |        763 |        81 |       682
        5 |        584 |        58 |       526
        6 |        325 |        33 |       292
        7 |        333 |        31 |       302
        8 |        242 |        24 |       218
        9 |        101 |        13 |        88
       10 |         98 |        13 |        85
       12 |          0 |         0 |         0
Negotiation phase 1 converged at iteration 12.
[INFO DPL-0500] Runtime: 0.55s
Placement Analysis
---------------------------------
total displacement      20577.8 u
average displacement        1.0 u
max displacement           86.5 u
original HPWL         1016417.1 u
legalized HPWL        1037619.4 u
delta HPWL                    2 %

estimate_parasitics -placement
Report metrics stage 4, cts final...

==========================================================================
cts final report_design_area
--------------------------------------------------------------------------
Design area 692151 um^2 70% utilization.
write_db /tmp/workspace/scripts-Private_test-fr_cugr_cmp-1-/results/gf180/aes/base/4_1_cts.odb
write_sdc -no_timestamp /tmp/workspace/scripts-Private_test-fr_cugr_cmp-1-/results/gf180/aes/base/4_cts.sdc
Elapsed time: 1:02.85[h:]min:sec. CPU time: user 120.20 sys 49.11 (269%). Peak memory: 372344KB.
Log                       Ext     Elapsed/s Peak Memory/MB sha1sum result [0:20)
4_1_cts                   .odb           62            363 c463112a1dd70c8d680a
