OpenROAD 26Q3-1464-gb22abfea20 
Features included (+) or not (-): +GPU +GUI +Python
This program is licensed under the BSD-3 license. See the LICENSE file for details.
Components of this program may be licensed under more restrictive licenses which must be honored.
[INFO ORD-0030] Using 30 thread(s).
read_liberty /OpenROAD-flow-scripts/flow/platforms/gf180/lib/gf180mcu_fd_sc_mcu9t5v0__ff_n40C_5v50.lib.gz
read_db /tmp/workspace/scripts-Private_test-fr_cugr_cmp-1-/results/gf180/aes/base/4_cts.odb
read_sdc /tmp/workspace/scripts-Private_test-fr_cugr_cmp-1-/results/gf180/aes/base/4_cts.sdc
source ./platforms/gf180/setRC.tcl
pin_access
[INFO DRT-0149] Reading tech and libs.
[WARNING DRT-0349] LEF58_ENCLOSURE with no CUTCLASS is not supported. Skipping for layer Via1
[WARNING DRT-0349] LEF58_ENCLOSURE with no CUTCLASS is not supported. Skipping for layer Via1
[WARNING DRT-0349] LEF58_ENCLOSURE with no CUTCLASS is not supported. Skipping for layer Via2
[WARNING DRT-0349] LEF58_ENCLOSURE with no CUTCLASS is not supported. Skipping for layer Via2
[WARNING DRT-0349] LEF58_ENCLOSURE with no CUTCLASS is not supported. Skipping for layer Via3
[WARNING DRT-0349] LEF58_ENCLOSURE with no CUTCLASS is not supported. Skipping for layer Via3
[WARNING DRT-0349] LEF58_ENCLOSURE with no CUTCLASS is not supported. Skipping for layer Via4
[WARNING DRT-0349] LEF58_ENCLOSURE with no CUTCLASS is not supported. Skipping for layer Via4

Units:                2000
Number of layers:     11
Number of macros:     229
Number of vias:       64
Number of viarulegen: 18

[INFO DRT-0150] Reading design.

Design:                   aes_cipher_top
Die area:                 ( 0 0 ) ( 2008060 2008060 )
Number of track patterns: 10
Number of DEF vias:       0
Number of components:     19683
Number of terminals:      390
Number of snets:          2
Number of nets:           18528

[INFO DRT-0167] List of default vias:
  Layer Via2
    default via: Via2_VH
  Layer Via3
    default via: Via3_HV
  Layer Via4
    default via: Via4_1_VH
[INFO DRT-0162] Library cell analysis.
[INFO DRT-0163] Instance analysis.
[INFO DRT-0164] Number of unique instances = 128.
[INFO DRT-0168] Init region query.
[INFO DRT-0024]   Complete Poly2.
[INFO DRT-0024]   Complete CON.
[INFO DRT-0024]   Complete Metal1.
[INFO DRT-0024]   Complete Via1.
[INFO DRT-0024]   Complete Metal2.
[INFO DRT-0024]   Complete Via2.
[INFO DRT-0024]   Complete Metal3.
[INFO DRT-0024]   Complete Via3.
[INFO DRT-0024]   Complete Metal4.
[INFO DRT-0024]   Complete Via4.
[INFO DRT-0024]   Complete Metal5.
[INFO DRT-0033] Poly2 shape region query size = 0.
[INFO DRT-0033] CON shape region query size = 0.
[INFO DRT-0033] Metal1 shape region query size = 456380.
[INFO DRT-0033] Via1 shape region query size = 43560.
[INFO DRT-0033] Metal2 shape region query size = 161172.
[INFO DRT-0033] Via2 shape region query size = 152460.
[INFO DRT-0033] Metal3 shape region query size = 305132.
[INFO DRT-0033] Via3 shape region query size = 152460.
[INFO DRT-0033] Metal4 shape region query size = 153164.
[INFO DRT-0033] Via4 shape region query size = 7744.
[INFO DRT-0033] Metal5 shape region query size = 528.
[INFO DRT-0165] Start pin access.
[INFO DRT-0078]   Complete 637 pins.
[INFO DRT-0079]   Complete 100 unique inst patterns.
[INFO DRT-0081]   Complete 124 unique inst patterns.
[INFO DRT-0082]   Complete 10000 groups.
[INFO DRT-0084]   Complete 11598 groups.
#scanned instances     = 19683
#unique  instances     = 128
#stdCellGenAp          = 4959
#stdCellValidPlanarAp  = 0
#stdCellValidViaAp     = 3138
#stdCellPinNoAp        = 0
#stdCellPinCnt         = 55460
#instTermValidViaApCnt = 0
#macroGenAp            = 0
#macroValidPlanarAp    = 0
#macroValidViaAp       = 0
#macroNoAp             = 0
[INFO DRT-0166] Complete pin access.
[INFO DRT-0267] cpu time = 00:02:22, elapsed time = 00:00:05, memory = 281.45 (MB), peak = 288.19 (MB)
Took 6 seconds: pin_access
global_route -congestion_report_file /tmp/workspace/scripts-Private_test-fr_cugr_cmp-1-/reports/gf180/aes/base/congestion.rpt -congestion_iterations 30 -congestion_report_iter_step 5 -verbose
[INFO GRT-0020] Min routing layer: Metal2
[INFO GRT-0021] Max routing layer: Metal5
[INFO GRT-0022] Global adjustment: 0%
[INFO GRT-0023] Grid origin: (0, 0)
[INFO GRT-0088] Layer Metal1  Track-Pitch = 0.5600  line-2-Via Pitch: 0.4750
[INFO GRT-0088] Layer Metal2  Track-Pitch = 0.5600  line-2-Via Pitch: 0.5600
[INFO GRT-0088] Layer Metal3  Track-Pitch = 0.5600  line-2-Via Pitch: 0.5600
[INFO GRT-0088] Layer Metal4  Track-Pitch = 0.5600  line-2-Via Pitch: 0.5600
[INFO GRT-0088] Layer Metal5  Track-Pitch = 0.9000  line-2-Via Pitch: 0.8200
[INFO GRT-0003] Macros: 0
[INFO GRT-0004] Blockages: 0
[INFO GRT-0019] Found 35 clock nets.
[INFO GRT-0001] Minimum degree: 2
[INFO GRT-0002] Maximum degree: 100

[INFO GRT-0053] Routing resources analysis:
          Routing      Original      Derated      Resource
Layer     Direction    Resources     Resources    Reduction (%)
---------------------------------------------------------------
Metal1     Horizontal          0             0          0.00%
Metal2     Vertical       188305        136365          27.58%
Metal3     Horizontal     202744        147188          27.40%
Metal4     Vertical       170096        124032          27.08%
Metal5     Horizontal     117646         80122          31.90%
---------------------------------------------------------------

[INFO GRT-0101] Running extra iterations to remove congestion.
[INFO GRT-0102] Start extra iteration 1/30
[INFO GRT-0102] Start extra iteration 2/30
[INFO GRT-0102] Start extra iteration 3/30
[INFO GRT-0102] Start extra iteration 4/30
[INFO GRT-0197] Via related to pin nodes: 104636
[INFO GRT-0198] Via related Steiner nodes: 2844
[INFO GRT-0199] Via filling finished.
[INFO GRT-0111] Final number of vias: 135230
[INFO GRT-0112] Final usage 3D: 543693

[INFO GRT-0096] Final congestion report:
Layer         Resource        Demand        Usage (%)    Max H / Max V / Total Congestion
---------------------------------------------------------------------------------------
Metal1               0             0            0.00%             0 /  0 /  0
Metal2          136365         70023           51.35%             0 /  0 /  0
Metal3          147188         61359           41.69%             0 /  0 /  0
Metal4          124032          4755            3.83%             0 /  0 /  0
Metal5           80122          1866            2.33%             0 /  0 /  0
---------------------------------------------------------------------------------------
Total           487707        138003           28.30%             0 /  0 /  0

[INFO GRT-0018] Total wirelength: 1601905 um
[INFO GRT-0014] Routed nets: 18528
[INFO GRT-0303] Global routing runtime = 00:00:03
[WARNING STA-0450] virtual clock vclk_clk can not be propagated.
estimate_parasitics -global_routing
Perform buffer insertion and gate resizing...
repair_design -verbose
Iteration |   Area    | Resized | Buffers | Nets repaired | Remaining
---------------------------------------------------------------------
        0 |     +0.0% |       0 |       0 |             0 |     18555
     1000 |     +0.0% |       0 |       0 |             0 |     17555
     2000 |     +0.0% |       0 |       0 |             0 |     16555
     3000 |     +0.0% |       0 |       0 |             0 |     15555
     4000 |     +0.0% |       0 |       0 |             0 |     14555
     5000 |     +0.0% |       0 |       0 |             0 |     13555
     6000 |     +0.0% |       0 |       0 |             0 |     12555
     7000 |     +0.0% |       0 |       0 |             0 |     11555
     8000 |     +0.0% |       0 |       0 |             0 |     10555
     9000 |     +0.0% |       0 |       0 |             0 |      9555
    10000 |     +0.0% |       0 |       0 |             0 |      8555
    11000 |     +0.0% |       0 |       0 |             0 |      7555
    12000 |     +0.0% |       0 |       0 |             0 |      6555
    13000 |     +0.0% |       0 |       0 |             0 |      5555
    14000 |     +0.0% |       0 |       0 |             0 |      4555
    15000 |     +0.0% |       0 |       0 |             0 |      3555
    16000 |     +0.0% |       0 |       0 |             0 |      2555
    17000 |     +0.0% |       0 |       0 |             0 |      1555
    18000 |     +0.0% |       0 |       0 |             0 |       555
    final |     +0.0% |       0 |       0 |             0 |         0
---------------------------------------------------------------------
[INFO RSZ-0504] Runtime: 1.12s
global_route -start_incremental
detailed_placement
[INFO DPL-0006] Core area: 992482.85 um^2
[INFO DPL-0007] Movable instances area: 684310.64 um^2
[INFO DPL-0008] Fixed instances area within core: 7840.63 um^2
[INFO DPL-0009] Utilization: 69.7%
[INFO DPL-0005] Diamond search max displacement: +/- 500 sites horizontally, +/- 100 rows vertically.
[INFO DPL-1102] Legalizing using negotiation legalizer.
[INFO DPL-1103] Negotiation base search window: +/-20 sites horizontally, +/-5 rows vertically 
	Automatic search window extension enabled.
	Search window extendable up to the max displacement cap of +/-500 sites, +/-100 rows near walls.
[INFO DPL-1104] NegotiationLegalizer DRC penalty: 5.
[INFO DPL-0392] Negotiation cell height distribution (1 unique row-count(s)):
[INFO DPL-0393]   height 1 row(s): 19683 cells
[INFO DPL-0500] Runtime: 0.11s
Placement Analysis
---------------------------------
total displacement          0.0 u
average displacement        0.0 u
max displacement            0.0 u
original HPWL         1037619.4 u
legalized HPWL        1037619.4 u
delta HPWL                    0 %

global_route -end_incremental -congestion_report_file /tmp/workspace/scripts-Private_test-fr_cugr_cmp-1-/reports/gf180/aes/base/congestion_post_repair_design.rpt
Repair setup and hold violations...
estimate_parasitics -global_routing
repair_timing -setup_margin 0 -hold_margin 0 -repair_tns 100 -verbose
[INFO RSZ-0100] Repair move sequence: UnbufferMove SizeUpMove SwapPinsMove BufferMove CloneMove SplitLoadMove 
[INFO RSZ-0094] Found 161 endpoints with setup violations.
[INFO RSZ-0099] Repairing 161 out of 161 (100.00%) violating endpoints...
   Iter   | Removed | Resized | Inserted | Cloned |  Pin  |   Area   |    WNS   |   StTNS    |   EnTNS    |  Viol  |  Worst  
          | Buffers |  Gates  | Buffers  |  Gates | Swaps |          |          |            |            | Endpts | St/EnPt 
------------------------------------------------------------------------------------------------------------------------------
       0* |       0 |       0 |        0 |      0 |     0 |    +0.0% |   -0.783 |     -121.8 |     -106.4 |    161 | sa01_sr\[1\]$_DFF_P_/D
      10* |       0 |       0 |        6 |      0 |     4 |    +0.0% |   -0.764 |     -121.6 |     -106.2 |    161 | u0.u1.d\[0\]$_DFF_P_/D
      20* |       0 |       3 |        7 |      0 |    10 |    +0.1% |   -0.771 |     -121.4 |     -106.3 |    161 | sa31_sr\[3\]$_DFF_P_/D
      30* |       0 |      11 |        7 |      0 |    12 |    +0.1% |   -0.758 |     -121.3 |     -106.1 |    161 | sa01_sr\[1\]$_DFF_P_/D
      40* |       0 |      14 |        8 |      0 |    18 |    +0.1% |   -0.810 |     -121.7 |     -107.0 |    161 | sa01_sr\[1\]$_DFF_P_/D
      50* |       1 |      18 |        8 |      0 |    23 |    +0.1% |   -0.779 |     -121.2 |     -107.0 |    161 | sa01_sr\[1\]$_DFF_P_/D
      60* |       1 |      23 |       10 |      0 |    26 |    +0.1% |   -0.749 |     -121.1 |     -106.7 |    161 | u0.u1.d\[1\]$_DFF_P_/D
      70* |       1 |      24 |       11 |      0 |    34 |    +0.1% |   -0.769 |     -121.1 |     -106.7 |    161 | sa01_sr\[0\]$_DFF_P_/D
      80* |       1 |      30 |       12 |      0 |    37 |    +0.1% |   -0.772 |     -121.0 |     -106.7 |    161 | sa01_sr\[1\]$_DFF_P_/D
      90* |       1 |      34 |       12 |      0 |    43 |    +0.1% |   -0.769 |     -121.1 |     -106.7 |    161 | sa01_sr\[1\]$_DFF_P_/D
     100* |       1 |      39 |       13 |      0 |    47 |    +0.2% |   -0.785 |     -121.0 |     -106.8 |    161 | sa01_sr\[5\]$_DFF_P_/D
     110* |       1 |      43 |       14 |      0 |    52 |    +0.2% |   -0.758 |     -121.1 |     -106.5 |    161 | sa01_sr\[5\]$_DFF_P_/D
     111* |       1 |      23 |       10 |      0 |    27 |    +0.1% |   -0.749 |     -121.0 |     -106.6 |    161 | sa01_sr\[1\]$_DFF_P_/D
     120* |       1 |      24 |       11 |      0 |    33 |    +0.1% |   -0.749 |     -120.9 |     -106.8 |    161 | sa01_sr\[1\]$_DFF_P_/D
     130* |       1 |      28 |       11 |      0 |    39 |    +0.1% |   -0.749 |     -120.8 |     -106.7 |    161 | sa01_sr\[1\]$_DFF_P_/D
     140* |       1 |      29 |       17 |      0 |    44 |    +0.2% |   -0.749 |     -120.5 |     -106.5 |    161 | sa01_sr\[1\]$_DFF_P_/D
     150* |       1 |      33 |       18 |      0 |    49 |    +0.2% |   -0.749 |     -120.5 |     -106.5 |    161 | sa01_sr\[1\]$_DFF_P_/D
     160* |       1 |      36 |       20 |      0 |    54 |    +0.2% |   -0.749 |     -120.5 |     -106.6 |    161 | sa01_sr\[1\]$_DFF_P_/D
     163* |       1 |      30 |       17 |      0 |    44 |    +0.2% |   -0.749 |     -120.5 |     -106.5 |    161 | sa01_sr\[1\]$_DFF_P_/D
     170* |       1 |      32 |       18 |      0 |    47 |    +0.2% |   -0.749 |     -120.5 |     -106.6 |    161 | sa01_sr\[1\]$_DFF_P_/D
     180* |       1 |      33 |       20 |      0 |    54 |    +0.2% |   -0.749 |     -120.7 |     -106.6 |    161 | sa01_sr\[1\]$_DFF_P_/D
     190* |       1 |      37 |       23 |      0 |    57 |    +0.2% |   -0.782 |     -120.6 |     -107.1 |    161 | sa13_sr\[7\]$_DFF_P_/D
     198* |       1 |      33 |       18 |      0 |    48 |    +0.2% |   -0.749 |     -120.5 |     -106.6 |    161 | sa01_sr\[1\]$_DFF_P_/D
     200* |       1 |      33 |       18 |      0 |    49 |    +0.2% |   -0.749 |     -120.5 |     -106.6 |    161 | sa01_sr\[1\]$_DFF_P_/D
     210* |       1 |      37 |       21 |      0 |    52 |    +0.2% |   -0.749 |     -120.6 |     -106.7 |    161 | sa01_sr\[1\]$_DFF_P_/D
     220* |       1 |      39 |       22 |      0 |    59 |    +0.2% |   -0.790 |     -120.9 |     -107.0 |    161 | sa31_sr\[7\]$_DFF_P_/D
     230* |       1 |      44 |       23 |      0 |    63 |    +0.3% |   -0.767 |     -120.7 |     -106.8 |    161 | sa31_sr\[6\]$_DFF_P_/D
     235* |       1 |      35 |       19 |      0 |    50 |    +0.2% |   -0.749 |     -120.5 |     -106.6 |    161 | sa01_sr\[1\]$_DFF_P_/D
     240* |       1 |      36 |       21 |      0 |    52 |    +0.2% |   -0.749 |     -120.3 |     -106.4 |    161 | sa01_sr\[1\]$_DFF_P_/D
     250* |       1 |      37 |       23 |      0 |    60 |    +0.3% |   -0.749 |     -120.4 |     -106.5 |    161 | sa01_sr\[1\]$_DFF_P_/D
     260* |       1 |      39 |       25 |      0 |    66 |    +0.3% |   -0.749 |     -120.4 |     -106.5 |    161 | sa01_sr\[1\]$_DFF_P_/D
     270* |       1 |      42 |       27 |      0 |    71 |    +0.3% |   -0.749 |     -119.5 |     -106.5 |    161 | sa01_sr\[1\]$_DFF_P_/D
     275* |       1 |      40 |       26 |      0 |    69 |    +0.3% |   -0.749 |     -120.0 |     -106.4 |    161 | sa01_sr\[1\]$_DFF_P_/D
     280* |       1 |      42 |       27 |      0 |    70 |    +0.3% |   -0.763 |     -120.0 |     -106.6 |    161 | sa23_sr\[5\]$_DFF_P_/D
     290* |       1 |      47 |       28 |      0 |    74 |    +0.3% |   -0.749 |     -119.9 |     -106.2 |    161 | sa01_sr\[1\]$_DFF_P_/D
     300* |       1 |      51 |       29 |      0 |    79 |    +0.3% |   -0.749 |     -119.9 |     -106.3 |    161 | sa01_sr\[1\]$_DFF_P_/D
     310* |       1 |      55 |       33 |      0 |    82 |    +0.4% |   -0.749 |     -119.8 |     -106.2 |    161 | sa01_sr\[1\]$_DFF_P_/D
     320* |       1 |      59 |       34 |      0 |    87 |    +0.4% |   -0.750 |     -119.8 |     -106.1 |    161 | sa01_sr\[4\]$_DFF_P_/D
     330* |       1 |      63 |       35 |      0 |    92 |    +0.4% |   -0.750 |     -119.8 |     -106.2 |    161 | sa01_sr\[4\]$_DFF_P_/D
     340* |       1 |      68 |       36 |      0 |    96 |    +0.4% |   -0.750 |     -119.8 |     -106.4 |    161 | sa01_sr\[4\]$_DFF_P_/D
     350* |       1 |      74 |       36 |      0 |   100 |    +0.4% |   -0.750 |     -119.8 |     -106.3 |    161 | sa01_sr\[4\]$_DFF_P_/D
     360* |       1 |      76 |       37 |      0 |   107 |    +0.5% |   -0.750 |     -119.8 |     -106.4 |    161 | sa01_sr\[4\]$_DFF_P_/D
     360* |       1 |      56 |       34 |      0 |    83 |    +0.4% |   -0.749 |     -119.8 |     -106.2 |    161 | sa01_sr\[1\]$_DFF_P_/D
     370* |       2 |      57 |       36 |      0 |    88 |    +0.4% |   -0.749 |     -119.7 |     -106.2 |    161 | sa01_sr\[1\]$_DFF_P_/D
     373* |       2 |      57 |       35 |      0 |    83 |    +0.4% |   -0.749 |     -119.7 |     -106.1 |    161 | sa01_sr\[1\]$_DFF_P_/D
     380* |       2 |      61 |       35 |      0 |    85 |    +0.4% |   -0.749 |     -119.8 |     -106.1 |    161 | sa01_sr\[1\]$_DFF_P_/D
     390* |       2 |      68 |       35 |      0 |    88 |    +0.4% |   -0.751 |     -119.6 |     -105.6 |    161 | sa01_sr\[4\]$_DFF_P_/D
     396* |       2 |      61 |       35 |      0 |    84 |    +0.4% |   -0.749 |     -119.8 |     -106.1 |    161 | sa01_sr\[1\]$_DFF_P_/D
     400* |       2 |      63 |       36 |      0 |    84 |    +0.4% |   -0.749 |     -119.8 |     -106.1 |    161 | sa01_sr\[1\]$_DFF_P_/D
     410* |       2 |      67 |       37 |      0 |    89 |    +0.4% |   -0.749 |     -119.8 |     -106.2 |    161 | sa01_sr\[1\]$_DFF_P_/D
     413* |       2 |      63 |       36 |      0 |    84 |    +0.4% |   -0.749 |     -119.8 |     -106.1 |    161 | sa01_sr\[1\]$_DFF_P_/D
     420* |       2 |      64 |       39 |      1 |    85 |    +0.4% |   -0.749 |     -119.7 |     -106.0 |    161 | sa01_sr\[1\]$_DFF_P_/D
     430* |       2 |      68 |       43 |      1 |    87 |    +0.5% |   -0.749 |     -119.5 |     -105.7 |    161 | sa01_sr\[1\]$_DFF_P_/D
     440* |       2 |      68 |       47 |      1 |    93 |    +0.5% |   -0.749 |     -119.5 |     -105.8 |    161 | sa01_sr\[1\]$_DFF_P_/D
     450* |       2 |      71 |       49 |      1 |    99 |    +0.5% |   -0.749 |     -119.5 |     -105.8 |    161 | sa01_sr\[1\]$_DFF_P_/D
     460* |       2 |      78 |       50 |      1 |   101 |    +0.5% |   -0.749 |     -119.5 |     -105.8 |    161 | sa01_sr\[1\]$_DFF_P_/D
     470* |       2 |      82 |       52 |      1 |   105 |    +0.5% |   -0.749 |     -119.5 |     -105.8 |    161 | sa01_sr\[1\]$_DFF_P_/D
     480* |       2 |      86 |       52 |      1 |   111 |    +0.6% |   -0.749 |     -119.5 |     -105.6 |    161 | sa01_sr\[1\]$_DFF_P_/D
     481* |       2 |      83 |       52 |      1 |   106 |    +0.5% |   -0.749 |     -119.5 |     -105.6 |    161 | sa01_sr\[1\]$_DFF_P_/D
     490* |       2 |      88 |       53 |      1 |   108 |    +0.6% |   -0.744 |     -119.4 |     -105.4 |    161 | sa11_sr\[5\]$_DFF_P_/D
     500* |       2 |      89 |       54 |      1 |   116 |    +0.6% |   -0.752 |     -119.3 |     -105.9 |    161 | sa01_sr\[5\]$_DFF_P_/D
     508* |       2 |      89 |       53 |      1 |   108 |    +0.6% |   -0.744 |     -119.4 |     -105.4 |    161 | sa11_sr\[5\]$_DFF_P_/D
     510* |       2 |      89 |       53 |      1 |   109 |    +0.6% |   -0.741 |     -119.4 |     -105.4 |    161 | sa11_sr\[5\]$_DFF_P_/D
     520* |       2 |      97 |       53 |      1 |   111 |    +0.6% |   -0.739 |     -119.2 |     -105.3 |    161 | sa02_sr\[3\]$_DFF_P_/D
     530* |       2 |     102 |       53 |      1 |   116 |    +0.6% |   -0.751 |     -119.2 |     -105.3 |    161 | sa11_sr\[4\]$_DFF_P_/D
     540* |       2 |     109 |       54 |      1 |   118 |    +0.6% |   -0.734 |     -119.0 |     -105.0 |    161 | sa23_sr\[2\]$_DFF_P_/D
     550* |       2 |     113 |       57 |      1 |   121 |    +0.7% |   -0.734 |     -119.0 |     -105.0 |    161 | sa23_sr\[2\]$_DFF_P_/D
     560* |       2 |     116 |       58 |      1 |   127 |    +0.7% |   -0.781 |     -119.3 |     -105.5 |    161 | sa11_sr\[4\]$_DFF_P_/D
     570* |       2 |     121 |       59 |      1 |   131 |    +0.7% |   -0.734 |     -118.9 |     -105.2 |    161 | sa23_sr\[2\]$_DFF_P_/D
     580* |       2 |     124 |       64 |      1 |   135 |    +0.7% |   -0.759 |     -118.9 |     -105.4 |    161 | sa11_sr\[4\]$_DFF_P_/D
     590* |       2 |     126 |       65 |      1 |   142 |    +0.8% |   -0.738 |     -118.9 |     -105.3 |    161 | sa02_sr\[3\]$_DFF_P_/D
     600* |       2 |     131 |       67 |      1 |   145 |    +0.8% |   -0.734 |     -118.8 |     -105.1 |    161 | sa23_sr\[2\]$_DFF_P_/D
     606* |       2 |     115 |       57 |      1 |   125 |    +0.7% |   -0.734 |     -118.9 |     -105.0 |    161 | sa23_sr\[2\]$_DFF_P_/D
     610* |       2 |     116 |       58 |      1 |   126 |    +0.7% |   -0.734 |     -118.9 |     -104.9 |    161 | sa23_sr\[2\]$_DFF_P_/D
     620* |       2 |     119 |       61 |      2 |   130 |    +0.7% |   -0.734 |     -118.8 |     -105.1 |    161 | sa23_sr\[2\]$_DFF_P_/D
     630* |       2 |     122 |       66 |      2 |   133 |    +0.8% |   -0.734 |     -118.7 |     -104.6 |    161 | sa23_sr\[2\]$_DFF_P_/D
     640* |       2 |     128 |       68 |      2 |   135 |    +0.8% |   -0.761 |     -118.6 |     -104.9 |    161 | sa11_sr\[4\]$_DFF_P_/D
     650* |       2 |     130 |       72 |      2 |   140 |    +0.8% |   -0.761 |     -118.7 |     -104.9 |    161 | sa11_sr\[4\]$_DFF_P_/D
     660* |       2 |     132 |       72 |      2 |   148 |    +0.8% |   -0.761 |     -118.7 |     -104.9 |    161 | sa11_sr\[4\]$_DFF_P_/D
     670* |       3 |     134 |       73 |      2 |   154 |    +0.8% |   -0.761 |     -118.7 |     -104.8 |    161 | sa11_sr\[4\]$_DFF_P_/D
     680* |       3 |     140 |       75 |      2 |   156 |    +0.9% |   -0.761 |     -118.8 |     -104.8 |    161 | sa11_sr\[4\]$_DFF_P_/D
     686* |       2 |     124 |       68 |      2 |   135 |    +0.8% |   -0.734 |     -118.6 |     -104.6 |    161 | sa23_sr\[2\]$_DFF_P_/D
     690* |       2 |     126 |       69 |      2 |   135 |    +0.8% |   -0.734 |     -118.6 |     -104.5 |    161 | sa23_sr\[2\]$_DFF_P_/D
     700* |       2 |     130 |       70 |      2 |   140 |    +0.8% |   -0.734 |     -118.6 |     -104.6 |    161 | sa23_sr\[2\]$_DFF_P_/D
     707* |       2 |     127 |       69 |      2 |   135 |    +0.8% |   -0.734 |     -118.6 |     -104.6 |    161 | sa23_sr\[2\]$_DFF_P_/D
     710* |       2 |     128 |       69 |      2 |   136 |    +0.8% |   -0.734 |     -118.5 |     -104.5 |    161 | sa23_sr\[2\]$_DFF_P_/D
     720* |       2 |     132 |       69 |      2 |   142 |    +0.8% |   -0.734 |     -118.5 |     -104.5 |    161 | sa23_sr\[2\]$_DFF_P_/D
     730* |       2 |     136 |       70 |      2 |   147 |    +0.8% |   -0.734 |     -118.6 |     -104.6 |    161 | sa23_sr\[2\]$_DFF_P_/D
     733* |       2 |     129 |       69 |      2 |   139 |    +0.8% |   -0.734 |     -118.5 |     -104.5 |    161 | sa23_sr\[2\]$_DFF_P_/D
     740* |       2 |     135 |       69 |      2 |   139 |    +0.8% |   -0.732 |     -118.4 |     -104.1 |    161 | sa01_sr\[1\]$_DFF_P_/D
     750* |       2 |     139 |       71 |      2 |   143 |    +0.8% |   -0.732 |     -118.4 |     -104.1 |    161 | sa01_sr\[1\]$_DFF_P_/D
     760* |       2 |     147 |       71 |      3 |   144 |    +0.9% |   -0.732 |     -118.4 |     -104.1 |    161 | sa01_sr\[1\]$_DFF_P_/D
     770* |       2 |     152 |       73 |      3 |   147 |    +0.9% |   -0.732 |     -118.4 |     -104.1 |    161 | sa01_sr\[1\]$_DFF_P_/D
     780* |       2 |     159 |       74 |      3 |   149 |    +0.9% |   -0.732 |     -118.4 |     -104.1 |    161 | sa01_sr\[1\]$_DFF_P_/D
     790* |       2 |     164 |       74 |      3 |   154 |    +0.9% |   -0.732 |     -118.4 |     -104.0 |    161 | sa01_sr\[1\]$_DFF_P_/D
     800* |       2 |     167 |       76 |      3 |   159 |    +0.9% |   -0.732 |     -118.4 |     -104.3 |    161 | sa01_sr\[1\]$_DFF_P_/D
     800* |       2 |     164 |       74 |      3 |   153 |    +0.9% |   -0.732 |     -118.4 |     -104.0 |    161 | sa01_sr\[1\]$_DFF_P_/D
     810* |       2 |     170 |       74 |      3 |   156 |    +0.9% |   -0.732 |     -118.4 |     -104.0 |    161 | sa01_sr\[1\]$_DFF_P_/D
     816* |       2 |     170 |       74 |      3 |   155 |    +0.9% |   -0.732 |     -118.4 |     -103.9 |    161 | sa01_sr\[1\]$_DFF_P_/D
     820* |       2 |     172 |       75 |      3 |   155 |    +1.0% |   -0.741 |     -118.4 |     -104.1 |    161 | sa11_sr\[4\]$_DFF_P_/D
     830* |       2 |     178 |       78 |      3 |   157 |    +1.0% |   -0.761 |     -118.5 |     -104.3 |    161 | sa11_sr\[4\]$_DFF_P_/D
     840* |       2 |     178 |       80 |      3 |   165 |    +1.0% |   -0.761 |     -118.5 |     -104.4 |    161 | sa11_sr\[4\]$_DFF_P_/D
     842* |       2 |     170 |       75 |      3 |   155 |    +1.0% |   -0.732 |     -118.4 |     -103.9 |    161 | sa01_sr\[1\]$_DFF_P_/D
     850* |       2 |     172 |       76 |      3 |   159 |    +1.0% |   -0.756 |     -118.4 |     -104.2 |    161 | sa31_sr\[6\]$_DFF_P_/D
     855* |       2 |     171 |       76 |      3 |   157 |    +1.0% |   -0.732 |     -118.4 |     -103.9 |    161 | sa01_sr\[1\]$_DFF_P_/D
     860* |       2 |     173 |       76 |      3 |   159 |    +1.0% |   -0.732 |     -118.4 |     -103.9 |    161 | sa01_sr\[1\]$_DFF_P_/D
     868* |       2 |     173 |       77 |      3 |   161 |    +1.0% |   -0.732 |     -118.4 |     -103.9 |    161 | sa01_sr\[1\]$_DFF_P_/D
     870* |       2 |     174 |       77 |      3 |   161 |    +1.0% |   -0.732 |     -118.4 |     -104.0 |    161 | sa01_sr\[1\]$_DFF_P_/D
     880* |       2 |     177 |       83 |      3 |   165 |    +1.0% |   -0.732 |     -118.2 |     -103.5 |    161 | sa01_sr\[1\]$_DFF_P_/D
     890* |       2 |     180 |       87 |      3 |   168 |    +1.1% |   -0.732 |     -118.4 |     -104.1 |    161 | sa01_sr\[1\]$_DFF_P_/D
     900* |       3 |     182 |       87 |      3 |   175 |    +1.1% |   -0.732 |     -118.4 |     -103.9 |    161 | sa01_sr\[1\]$_DFF_P_/D
     910* |       3 |     189 |       87 |      4 |   177 |    +1.1% |   -0.732 |     -118.5 |     -104.0 |    161 | sa01_sr\[1\]$_DFF_P_/D
     920* |       3 |     197 |       87 |      4 |   179 |    +1.1% |   -0.732 |     -118.5 |     -103.9 |    161 | sa12_sr\[4\]$_DFF_P_/D
     930* |       3 |     201 |       90 |      4 |   182 |    +1.2% |   -0.732 |     -118.5 |     -103.9 |    161 | sa01_sr\[1\]$_DFF_P_/D
     940* |       3 |     204 |       93 |      4 |   187 |    +1.2% |   -0.754 |     -118.6 |     -104.3 |    161 | sa21_sr\[1\]$_DFF_P_/D
     950* |       3 |     207 |       94 |      4 |   193 |    +1.2% |   -0.754 |     -118.7 |     -104.4 |    161 | sa21_sr\[1\]$_DFF_P_/D
     960* |       3 |     210 |       98 |      4 |   197 |    +1.2% |   -0.747 |     -118.6 |     -104.3 |    161 | sa03_sr\[2\]$_DFF_P_/D
     970* |       3 |     215 |      101 |      4 |   199 |    +1.3% |   -0.753 |     -118.6 |     -104.4 |    161 | sa21_sr\[0\]$_DFF_P_/D
     973* |       3 |     200 |       87 |      4 |   179 |    +1.1% |   -0.732 |     -118.5 |     -103.9 |    161 | sa01_sr\[1\]$_DFF_P_/D
     980* |       3 |     204 |       87 |      4 |   181 |    +1.1% |   -0.732 |     -118.4 |     -103.8 |    161 | sa01_sr\[1\]$_DFF_P_/D
     990* |       4 |     210 |       87 |      4 |   184 |    +1.2% |   -0.735 |     -118.5 |     -103.8 |    161 | sa01_sr\[5\]$_DFF_P_/D
     995* |       3 |     200 |       87 |      4 |   179 |    +1.1% |   -0.732 |     -118.5 |     -103.9 |    161 | sa01_sr\[1\]$_DFF_P_/D
    1000* |       3 |     203 |       87 |      4 |   180 |    +1.1% |   -0.732 |     -118.5 |     -103.9 |    161 | sa01_sr\[1\]$_DFF_P_/D
    1010* |       3 |     207 |       89 |      4 |   184 |    +1.2% |   -0.732 |     -118.4 |     -103.8 |    161 | sa01_sr\[1\]$_DFF_P_/D
    1020* |       3 |     210 |       94 |      4 |   188 |    +1.2% |   -0.732 |     -118.3 |     -103.6 |    161 | sa01_sr\[1\]$_DFF_P_/D
    1030* |       3 |     212 |       97 |      4 |   193 |    +1.2% |   -0.732 |     -118.2 |     -103.5 |    161 | sa01_sr\[1\]$_DFF_P_/D
    1040* |       3 |     213 |      100 |      4 |   200 |    +1.2% |   -0.732 |     -118.3 |     -103.8 |    161 | sa01_sr\[1\]$_DFF_P_/D
    1050* |       3 |     217 |      100 |      4 |   206 |    +1.3% |   -0.732 |     -118.2 |     -103.8 |    161 | sa01_sr\[1\]$_DFF_P_/D
    1060* |       3 |     220 |      102 |      4 |   211 |    +1.3% |   -0.732 |     -118.2 |     -103.8 |    161 | sa01_sr\[1\]$_DFF_P_/D
    1061* |       3 |     212 |       97 |      4 |   196 |    +1.2% |   -0.732 |     -118.2 |     -103.6 |    161 | sa01_sr\[1\]$_DFF_P_/D
    1070* |       3 |     218 |       99 |      4 |   197 |    +1.3% |   -0.732 |     -118.2 |     -103.5 |    161 | sa01_sr\[1\]$_DFF_P_/D
    1080* |       3 |     226 |      100 |      4 |   198 |    +1.3% |   -0.761 |     -118.3 |     -103.9 |    161 | sa11_sr\[4\]$_DFF_P_/D
    1090* |       3 |     235 |      101 |      4 |   198 |    +1.3% |   -0.761 |     -118.3 |     -104.0 |    161 | sa11_sr\[4\]$_DFF_P_/D
    1100* |       3 |     240 |      101 |      4 |   203 |    +1.3% |   -0.761 |     -118.3 |     -104.1 |    161 | sa11_sr\[4\]$_DFF_P_/D
    1100* |       3 |     218 |       99 |      4 |   197 |    +1.3% |   -0.732 |     -118.2 |     -103.5 |    161 | sa01_sr\[1\]$_DFF_P_/D
    1110* |       3 |     219 |      103 |      4 |   202 |    +1.3% |   -0.732 |     -118.1 |     -103.8 |    161 | sa01_sr\[1\]$_DFF_P_/D
    1120* |       3 |     224 |      103 |      4 |   207 |    +1.3% |   -0.741 |     -118.2 |     -103.8 |    161 | sa10_sr\[6\]$_DFF_P_/D
    1130* |       3 |     229 |      107 |      4 |   208 |    +1.4% |   -0.734 |     -118.1 |     -103.9 |    161 | sa10_sr\[6\]$_DFF_P_/D
    1140* |       3 |     231 |      108 |      4 |   215 |    +1.4% |   -0.748 |     -118.2 |     -103.9 |    161 | sa10_sr\[6\]$_DFF_P_/D
    1146* |       3 |     221 |      103 |      4 |   203 |    +1.3% |   -0.732 |     -118.2 |     -103.7 |    161 | sa01_sr\[1\]$_DFF_P_/D
    1150* |       3 |     223 |      103 |      4 |   204 |    +1.3% |   -0.734 |     -118.0 |     -103.9 |    161 | sa11_sr\[2\]$_DFF_P_/D
    1160* |       3 |     228 |      104 |      4 |   208 |    +1.3% |   -0.732 |     -118.0 |     -103.7 |    161 | sa01_sr\[1\]$_DFF_P_/D
    1169* |       3 |     228 |      104 |      4 |   207 |    +1.3% |   -0.732 |     -118.0 |     -103.6 |    161 | sa01_sr\[1\]$_DFF_P_/D
    1170* |       3 |     228 |      104 |      4 |   207 |    +1.3% |   -0.732 |     -118.0 |     -103.6 |    161 | sa01_sr\[1\]$_DFF_P_/D
    1180* |       3 |     231 |      106 |      4 |   212 |    +1.3% |   -0.767 |     -118.1 |     -104.0 |    161 | sa13_sr\[7\]$_DFF_P_/D
    1181* |       3 |     228 |      104 |      4 |   207 |    +1.3% |   -0.732 |     -118.0 |     -103.6 |    161 | sa01_sr\[1\]$_DFF_P_/D
    1190* |       3 |     231 |      104 |      4 |   212 |    +1.3% |   -0.772 |     -118.0 |     -103.7 |    161 | sa13_sr\[5\]$_DFF_P_/D
    1200* |       3 |     236 |      106 |      4 |   215 |    +1.4% |   -0.823 |     -118.1 |     -104.2 |    161 | sa13_sr\[5\]$_DFF_P_/D
    1200* |       3 |     230 |      104 |      4 |   209 |    +1.3% |   -0.732 |     -118.0 |     -103.6 |    161 | sa01_sr\[1\]$_DFF_P_/D
    1200* |       3 |     230 |      104 |      4 |   209 |    +1.3% |   -0.732 |     -118.0 |     -103.6 |    161 | sa01_sr\[1\]$_DFF_P_/D
    1200+ |       3 |     230 |      104 |      4 |   209 |    +1.3% |   -0.732 |     -118.0 |     -103.6 |    161 | sa01_sr\[1\]$_DFF_P_/D
    1201+ |       3 |     230 |      104 |      4 |   209 |    +1.3% |   -0.732 |     -118.0 |     -103.6 |    161 | sa01_sr\[1\]$_DFF_P_/D
    1202+ |       3 |     230 |      104 |      4 |   209 |    +1.3% |   -0.732 |     -118.0 |     -103.6 |    161 | sa01_sr\[1\]$_DFF_P_/D
    1203+ |       3 |     230 |      104 |      4 |   209 |    +1.3% |   -0.732 |     -118.0 |     -103.6 |    161 | sa01_sr\[1\]$_DFF_P_/D
    1204+ |       3 |     230 |      104 |      4 |   209 |    +1.3% |   -0.732 |     -118.0 |     -103.6 |    161 | sa01_sr\[1\]$_DFF_P_/D
    1207+ |       3 |     231 |      104 |      4 |   210 |    +1.3% |   -0.732 |     -118.0 |     -103.6 |    161 | sa01_sr\[1\]$_DFF_P_/D
    1210+ |       3 |     232 |      104 |      4 |   211 |    +1.3% |   -0.732 |     -117.7 |     -103.5 |    161 | sa01_sr\[1\]$_DFF_P_/D
    1213+ |       3 |     234 |      104 |      4 |   212 |    +1.3% |   -0.732 |     -117.7 |     -103.4 |    161 | sa01_sr\[1\]$_DFF_P_/D
    1217+ |       3 |     237 |      104 |      4 |   212 |    +1.4% |   -0.732 |     -117.6 |     -103.4 |    161 | sa01_sr\[1\]$_DFF_P_/D
    1219+ |       3 |     238 |      104 |      4 |   212 |    +1.4% |   -0.731 |     -117.6 |     -103.3 |    161 | sa10_sr\[6\]$_DFF_P_/D
    1220+ |       3 |     238 |      104 |      4 |   212 |    +1.4% |   -0.731 |     -117.6 |     -103.3 |    161 | sa10_sr\[6\]$_DFF_P_/D
    1222+ |       3 |     240 |      104 |      4 |   212 |    +1.4% |   -0.731 |     -117.6 |     -103.3 |    161 | sa10_sr\[6\]$_DFF_P_/D
    1224+ |       3 |     240 |      104 |      4 |   213 |    +1.4% |   -0.731 |     -117.6 |     -103.3 |    161 | sa10_sr\[6\]$_DFF_P_/D
    1225+ |       3 |     240 |      104 |      4 |   213 |    +1.4% |   -0.731 |     -117.6 |     -103.3 |    161 | sa10_sr\[6\]$_DFF_P_/D
    1227+ |       3 |     241 |      104 |      4 |   213 |    +1.4% |   -0.731 |     -117.6 |     -103.3 |    161 | sa10_sr\[6\]$_DFF_P_/D
    1228+ |       3 |     241 |      104 |      4 |   213 |    +1.4% |   -0.731 |     -117.6 |     -103.3 |    161 | sa10_sr\[6\]$_DFF_P_/D
    1229+ |       3 |     241 |      104 |      4 |   213 |    +1.4% |   -0.731 |     -117.6 |     -103.3 |    161 | sa10_sr\[6\]$_DFF_P_/D
    1230+ |       3 |     241 |      104 |      4 |   213 |    +1.4% |   -0.731 |     -117.6 |     -103.3 |    161 | sa10_sr\[6\]$_DFF_P_/D
    1230+ |       3 |     241 |      104 |      4 |   213 |    +1.4% |   -0.731 |     -117.6 |     -103.3 |    161 | sa10_sr\[6\]$_DFF_P_/D
    1239+ |       3 |     245 |      104 |      4 |   217 |    +1.4% |   -0.731 |     -117.5 |     -103.0 |    161 | sa10_sr\[6\]$_DFF_P_/D
    1240+ |       3 |     245 |      104 |      4 |   217 |    +1.4% |   -0.731 |     -117.5 |     -103.0 |    161 | sa10_sr\[6\]$_DFF_P_/D
    1240+ |       3 |     245 |      104 |      4 |   217 |    +1.4% |   -0.731 |     -117.5 |     -103.0 |    161 | sa10_sr\[6\]$_DFF_P_/D
    1242+ |       3 |     245 |      104 |      4 |   218 |    +1.4% |   -0.731 |     -117.5 |     -103.0 |    161 | sa10_sr\[6\]$_DFF_P_/D
    1243+ |       3 |     245 |      104 |      4 |   218 |    +1.4% |   -0.731 |     -117.5 |     -103.0 |    161 | sa10_sr\[6\]$_DFF_P_/D
    1244+ |       3 |     245 |      104 |      4 |   218 |    +1.4% |   -0.731 |     -117.5 |     -103.0 |    161 | sa10_sr\[6\]$_DFF_P_/D
    1245+ |       3 |     245 |      104 |      4 |   218 |    +1.4% |   -0.731 |     -117.5 |     -103.0 |    161 | sa10_sr\[6\]$_DFF_P_/D
    1248+ |       3 |     245 |      104 |      4 |   220 |    +1.4% |   -0.731 |     -117.5 |     -102.9 |    161 | sa10_sr\[6\]$_DFF_P_/D
    1249+ |       3 |     245 |      104 |      4 |   220 |    +1.4% |   -0.731 |     -117.5 |     -102.9 |    161 | sa10_sr\[6\]$_DFF_P_/D
    1250+ |       3 |     245 |      104 |      4 |   220 |    +1.4% |   -0.731 |     -117.5 |     -102.9 |    161 | sa10_sr\[6\]$_DFF_P_/D
    1256+ |       3 |     249 |      104 |      4 |   222 |    +1.4% |   -0.731 |     -117.5 |     -102.8 |    161 | sa10_sr\[6\]$_DFF_P_/D
    1257+ |       3 |     249 |      104 |      4 |   222 |    +1.4% |   -0.731 |     -117.5 |     -102.8 |    161 | sa10_sr\[6\]$_DFF_P_/D
    1258+ |       3 |     249 |      104 |      4 |   222 |    +1.4% |   -0.731 |     -117.5 |     -102.8 |    161 | sa10_sr\[6\]$_DFF_P_/D
    1259+ |       3 |     249 |      104 |      4 |   222 |    +1.4% |   -0.731 |     -117.5 |     -102.8 |    161 | sa10_sr\[6\]$_DFF_P_/D
    1260+ |       3 |     249 |      104 |      4 |   222 |    +1.4% |   -0.731 |     -117.5 |     -102.8 |    161 | sa10_sr\[6\]$_DFF_P_/D
    1260+ |       3 |     249 |      104 |      4 |   222 |    +1.4% |   -0.731 |     -117.5 |     -102.8 |    161 | sa10_sr\[6\]$_DFF_P_/D
    1263+ |       3 |     249 |      104 |      4 |   224 |    +1.4% |   -0.731 |     -117.5 |     -102.8 |    161 | sa10_sr\[6\]$_DFF_P_/D
    1265+ |       3 |     249 |      104 |      4 |   225 |    +1.4% |   -0.731 |     -117.5 |     -102.7 |    161 | sa10_sr\[6\]$_DFF_P_/D
    1266+ |       3 |     249 |      104 |      4 |   225 |    +1.4% |   -0.731 |     -117.5 |     -102.7 |    161 | sa10_sr\[6\]$_DFF_P_/D
    1270+ |       3 |     252 |      104 |      4 |   225 |    +1.4% |   -0.731 |     -117.4 |     -102.7 |    161 | sa10_sr\[6\]$_DFF_P_/D
    1271+ |       3 |     252 |      104 |      4 |   226 |    +1.4% |   -0.731 |     -117.4 |     -102.7 |    161 | sa10_sr\[6\]$_DFF_P_/D
    1272+ |       3 |     252 |      104 |      4 |   226 |    +1.4% |   -0.731 |     -117.4 |     -102.7 |    161 | sa10_sr\[6\]$_DFF_P_/D
    1274+ |       3 |     253 |      104 |      4 |   226 |    +1.4% |   -0.731 |     -117.4 |     -102.7 |    161 | sa10_sr\[6\]$_DFF_P_/D
    1279+ |       3 |     255 |      104 |      4 |   228 |    +1.4% |   -0.731 |     -117.4 |     -102.6 |    161 | sa10_sr\[6\]$_DFF_P_/D
    1280+ |       3 |     255 |      104 |      4 |   228 |    +1.4% |   -0.731 |     -117.4 |     -102.6 |    161 | sa10_sr\[6\]$_DFF_P_/D
    1281+ |       3 |     256 |      104 |      4 |   228 |    +1.4% |   -0.731 |     -117.4 |     -102.6 |    161 | sa10_sr\[6\]$_DFF_P_/D
    1282+ |       3 |     256 |      104 |      4 |   228 |    +1.4% |   -0.731 |     -117.4 |     -102.6 |    161 | sa10_sr\[6\]$_DFF_P_/D
    1283+ |       3 |     256 |      104 |      4 |   228 |    +1.4% |   -0.731 |     -117.4 |     -102.6 |    161 | sa10_sr\[6\]$_DFF_P_/D
    1284+ |       3 |     256 |      104 |      4 |   228 |    +1.4% |   -0.731 |     -117.4 |     -102.6 |    161 | sa10_sr\[6\]$_DFF_P_/D
    1285+ |       3 |     256 |      104 |      4 |   228 |    +1.4% |   -0.731 |     -117.4 |     -102.6 |    161 | sa10_sr\[6\]$_DFF_P_/D
    1286+ |       3 |     256 |      104 |      4 |   228 |    +1.4% |   -0.731 |     -117.4 |     -102.6 |    161 | sa10_sr\[6\]$_DFF_P_/D
    1287+ |       3 |     256 |      104 |      4 |   228 |    +1.4% |   -0.731 |     -117.4 |     -102.6 |    161 | sa10_sr\[6\]$_DFF_P_/D
    1289+ |       3 |     256 |      104 |      4 |   229 |    +1.4% |   -0.731 |     -117.4 |     -102.6 |    161 | sa10_sr\[6\]$_DFF_P_/D
    1290+ |       3 |     256 |      104 |      4 |   229 |    +1.4% |   -0.731 |     -117.4 |     -102.6 |    161 | sa10_sr\[6\]$_DFF_P_/D
    1291+ |       3 |     257 |      104 |      4 |   229 |    +1.4% |   -0.731 |     -117.4 |     -102.6 |    161 | sa10_sr\[6\]$_DFF_P_/D
    1293+ |       3 |     258 |      104 |      4 |   229 |    +1.4% |   -0.731 |     -117.4 |     -102.6 |    161 | sa10_sr\[6\]$_DFF_P_/D
    1294+ |       3 |     258 |      104 |      4 |   229 |    +1.4% |   -0.731 |     -117.4 |     -102.6 |    161 | sa10_sr\[6\]$_DFF_P_/D
    1295+ |       3 |     258 |      104 |      4 |   229 |    +1.4% |   -0.731 |     -117.4 |     -102.6 |    161 | sa10_sr\[6\]$_DFF_P_/D
    1296+ |       3 |     258 |      104 |      4 |   229 |    +1.4% |   -0.731 |     -117.4 |     -102.6 |    161 | sa10_sr\[6\]$_DFF_P_/D
    1297+ |       3 |     258 |      104 |      4 |   229 |    +1.4% |   -0.731 |     -117.4 |     -102.6 |    161 | sa10_sr\[6\]$_DFF_P_/D
    1298+ |       3 |     258 |      104 |      4 |   229 |    +1.4% |   -0.731 |     -117.4 |     -102.6 |    161 | sa10_sr\[6\]$_DFF_P_/D
    1300+ |       3 |     259 |      104 |      4 |   229 |    +1.4% |   -0.731 |     -117.4 |     -102.6 |    161 | sa10_sr\[6\]$_DFF_P_/D
    1301+ |       3 |     259 |      104 |      4 |   229 |    +1.4% |   -0.731 |     -117.4 |     -102.6 |    161 | sa10_sr\[6\]$_DFF_P_/D
    1302+ |       3 |     259 |      104 |      4 |   229 |    +1.4% |   -0.731 |     -117.4 |     -102.6 |    161 | sa10_sr\[6\]$_DFF_P_/D
    1303+ |       3 |     259 |      104 |      4 |   229 |    +1.4% |   -0.731 |     -117.4 |     -102.6 |    161 | sa10_sr\[6\]$_DFF_P_/D
    1304+ |       3 |     259 |      104 |      4 |   229 |    +1.4% |   -0.731 |     -117.4 |     -102.6 |    161 | sa10_sr\[6\]$_DFF_P_/D
    1305+ |       3 |     259 |      104 |      4 |   229 |    +1.4% |   -0.731 |     -117.4 |     -102.6 |    161 | sa10_sr\[6\]$_DFF_P_/D
    1306+ |       3 |     259 |      104 |      4 |   229 |    +1.4% |   -0.731 |     -117.4 |     -102.6 |    161 | sa10_sr\[6\]$_DFF_P_/D
    1307+ |       3 |     259 |      104 |      4 |   229 |    +1.4% |   -0.731 |     -117.4 |     -102.6 |    161 | sa10_sr\[6\]$_DFF_P_/D
    1308+ |       3 |     259 |      104 |      4 |   229 |    +1.4% |   -0.731 |     -117.4 |     -102.6 |    161 | sa10_sr\[6\]$_DFF_P_/D
    1309+ |       3 |     259 |      104 |      4 |   229 |    +1.4% |   -0.731 |     -117.4 |     -102.6 |    161 | sa10_sr\[6\]$_DFF_P_/D
    1310+ |       3 |     259 |      104 |      4 |   229 |    +1.4% |   -0.731 |     -117.4 |     -102.6 |    161 | sa10_sr\[6\]$_DFF_P_/D
    1310+ |       3 |     259 |      104 |      4 |   229 |    +1.4% |   -0.731 |     -117.4 |     -102.6 |    161 | sa10_sr\[6\]$_DFF_P_/D
    1313+ |       3 |     260 |      104 |      4 |   230 |    +1.4% |   -0.731 |     -117.4 |     -102.5 |    161 | sa10_sr\[6\]$_DFF_P_/D
    1317+ |       3 |     262 |      104 |      4 |   231 |    +1.4% |   -0.731 |     -117.4 |     -102.5 |    161 | sa10_sr\[6\]$_DFF_P_/D
    1320+ |       3 |     262 |      104 |      4 |   233 |    +1.4% |   -0.731 |     -117.4 |     -102.5 |    161 | sa10_sr\[6\]$_DFF_P_/D
    1320+ |       3 |     262 |      104 |      4 |   233 |    +1.4% |   -0.731 |     -117.4 |     -102.5 |    161 | sa10_sr\[6\]$_DFF_P_/D
    1323+ |       3 |     263 |      104 |      4 |   234 |    +1.4% |   -0.731 |     -117.4 |     -102.4 |    161 | sa10_sr\[6\]$_DFF_P_/D
    1326+ |       3 |     265 |      104 |      4 |   234 |    +1.4% |   -0.731 |     -117.4 |     -102.3 |    161 | sa10_sr\[6\]$_DFF_P_/D
    1327+ |       3 |     265 |      104 |      4 |   234 |    +1.4% |   -0.731 |     -117.4 |     -102.3 |    161 | sa10_sr\[6\]$_DFF_P_/D
    1330+ |       3 |     265 |      104 |      4 |   236 |    +1.4% |   -0.731 |     -117.4 |     -102.3 |    161 | sa10_sr\[6\]$_DFF_P_/D
    1333+ |       3 |     267 |      104 |      4 |   237 |    +1.4% |   -0.731 |     -117.5 |     -102.3 |    161 | sa10_sr\[6\]$_DFF_P_/D
    1334+ |       3 |     267 |      104 |      4 |   237 |    +1.4% |   -0.731 |     -117.5 |     -102.3 |    161 | sa10_sr\[6\]$_DFF_P_/D
    1336+ |       3 |     268 |      104 |      4 |   237 |    +1.4% |   -0.731 |     -117.5 |     -102.3 |    161 | sa10_sr\[6\]$_DFF_P_/D
    1338+ |       3 |     269 |      104 |      4 |   237 |    +1.4% |   -0.731 |     -117.5 |     -102.2 |    161 | sa10_sr\[6\]$_DFF_P_/D
    1339+ |       3 |     269 |      104 |      4 |   237 |    +1.4% |   -0.731 |     -117.5 |     -102.2 |    161 | sa10_sr\[6\]$_DFF_P_/D
    1340+ |       3 |     269 |      104 |      4 |   237 |    +1.4% |   -0.731 |     -117.5 |     -102.2 |    161 | sa10_sr\[6\]$_DFF_P_/D
    1340+ |       3 |     269 |      104 |      4 |   237 |    +1.4% |   -0.731 |     -117.5 |     -102.2 |    161 | sa10_sr\[6\]$_DFF_P_/D
    1342+ |       3 |     269 |      104 |      4 |   238 |    +1.4% |   -0.731 |     -117.5 |     -102.2 |    161 | sa10_sr\[6\]$_DFF_P_/D
    1344+ |       3 |     269 |      104 |      4 |   239 |    +1.4% |   -0.731 |     -117.5 |     -102.2 |    161 | sa10_sr\[6\]$_DFF_P_/D
    1345+ |       3 |     269 |      104 |      4 |   239 |    +1.4% |   -0.731 |     -117.5 |     -102.2 |    161 | sa10_sr\[6\]$_DFF_P_/D
    1349+ |       3 |     271 |      104 |      4 |   240 |    +1.4% |   -0.731 |     -117.5 |     -102.2 |    161 | sa10_sr\[6\]$_DFF_P_/D
    1350+ |       3 |     271 |      104 |      4 |   240 |    +1.4% |   -0.731 |     -117.5 |     -102.2 |    161 | sa10_sr\[6\]$_DFF_P_/D
    1351+ |       3 |     271 |      104 |      4 |   241 |    +1.4% |   -0.731 |     -117.5 |     -102.2 |    161 | sa10_sr\[6\]$_DFF_P_/D
    1353+ |       3 |     272 |      104 |      4 |   241 |    +1.4% |   -0.731 |     -117.5 |     -102.1 |    161 | sa10_sr\[6\]$_DFF_P_/D
    1355+ |       3 |     273 |      104 |      4 |   241 |    +1.4% |   -0.731 |     -117.5 |     -102.1 |    161 | sa10_sr\[6\]$_DFF_P_/D
    1356+ |       3 |     273 |      104 |      4 |   241 |    +1.4% |   -0.731 |     -117.5 |     -102.1 |    161 | sa10_sr\[6\]$_DFF_P_/D
    1358+ |       3 |     274 |      104 |      4 |   241 |    +1.5% |   -0.731 |     -117.5 |     -102.1 |    161 | sa10_sr\[6\]$_DFF_P_/D
    1359+ |       3 |     274 |      104 |      4 |   241 |    +1.5% |   -0.731 |     -117.5 |     -102.1 |    161 | sa10_sr\[6\]$_DFF_P_/D
    1360+ |       3 |     274 |      104 |      4 |   241 |    +1.5% |   -0.731 |     -117.5 |     -102.1 |    161 | sa10_sr\[6\]$_DFF_P_/D
    1364+ |       3 |     275 |      104 |      4 |   244 |    +1.5% |   -0.731 |     -117.5 |     -102.0 |    161 | sa10_sr\[6\]$_DFF_P_/D
    1368+ |       3 |     276 |      104 |      4 |   246 |    +1.5% |   -0.731 |     -117.5 |     -102.0 |    161 | sa10_sr\[6\]$_DFF_P_/D
    1370+ |       3 |     277 |      104 |      4 |   246 |    +1.5% |   -0.731 |     -117.4 |     -101.9 |    161 | sa10_sr\[6\]$_DFF_P_/D
    1370+ |       3 |     277 |      104 |      4 |   246 |    +1.5% |   -0.731 |     -117.4 |     -101.9 |    161 | sa10_sr\[6\]$_DFF_P_/D
    1373+ |       3 |     278 |      104 |      4 |   247 |    +1.5% |   -0.731 |     -117.4 |     -101.9 |    161 | sa10_sr\[6\]$_DFF_P_/D
    1374+ |       3 |     278 |      104 |      4 |   247 |    +1.5% |   -0.731 |     -117.4 |     -101.9 |    161 | sa10_sr\[6\]$_DFF_P_/D
    1375+ |       3 |     278 |      104 |      4 |   247 |    +1.5% |   -0.731 |     -117.4 |     -101.9 |    161 | sa10_sr\[6\]$_DFF_P_/D
    1376+ |       3 |     278 |      104 |      4 |   247 |    +1.5% |   -0.731 |     -117.4 |     -101.9 |    161 | sa10_sr\[6\]$_DFF_P_/D
    1380+ |       3 |     278 |      104 |      4 |   250 |    +1.5% |   -0.731 |     -117.4 |     -101.9 |    161 | sa10_sr\[6\]$_DFF_P_/D
    1380+ |       3 |     278 |      104 |      4 |   250 |    +1.5% |   -0.731 |     -117.4 |     -101.9 |    161 | sa10_sr\[6\]$_DFF_P_/D
    1383+ |       3 |     280 |      104 |      4 |   250 |    +1.5% |   -0.731 |     -117.4 |     -101.7 |    161 | sa10_sr\[6\]$_DFF_P_/D
    1386+ |       3 |     280 |      104 |      4 |   252 |    +1.5% |   -0.731 |     -117.4 |     -101.7 |    161 | sa10_sr\[6\]$_DFF_P_/D
    1387+ |       3 |     280 |      104 |      4 |   252 |    +1.5% |   -0.731 |     -117.4 |     -101.7 |    161 | sa10_sr\[6\]$_DFF_P_/D
    1388+ |       3 |     280 |      104 |      4 |   252 |    +1.5% |   -0.731 |     -117.4 |     -101.7 |    161 | sa10_sr\[6\]$_DFF_P_/D
    1389+ |       3 |     280 |      104 |      4 |   252 |    +1.5% |   -0.731 |     -117.4 |     -101.7 |    161 | sa10_sr\[6\]$_DFF_P_/D
    1390+ |       3 |     280 |      104 |      4 |   252 |    +1.5% |   -0.731 |     -117.4 |     -101.7 |    161 | sa10_sr\[6\]$_DFF_P_/D
    1391+ |       3 |     280 |      104 |      4 |   253 |    +1.5% |   -0.731 |     -117.4 |     -101.6 |    161 | sa10_sr\[6\]$_DFF_P_/D
    1392+ |       3 |     280 |      104 |      4 |   253 |    +1.5% |   -0.731 |     -117.4 |     -101.6 |    161 | sa10_sr\[6\]$_DFF_P_/D
    1394+ |       3 |     280 |      104 |      4 |   254 |    +1.5% |   -0.731 |     -117.3 |     -101.6 |    161 | sa10_sr\[6\]$_DFF_P_/D
    1395+ |       3 |     280 |      104 |      4 |   254 |    +1.5% |   -0.731 |     -117.3 |     -101.6 |    161 | sa10_sr\[6\]$_DFF_P_/D
    1397+ |       3 |     280 |      104 |      4 |   255 |    +1.5% |   -0.731 |     -117.3 |     -101.6 |    161 | sa10_sr\[6\]$_DFF_P_/D
    1400+ |       3 |     281 |      104 |      4 |   256 |    +1.5% |   -0.731 |     -117.3 |     -101.6 |    161 | sa10_sr\[6\]$_DFF_P_/D
    final |       3 |     281 |      104 |      4 |   256 |    +1.5% |   -0.731 |     -117.3 |     -101.6 |    161 | sa10_sr\[6\]$_DFF_P_/D
------------------------------------------------------------------------------------------------------------------------------
[INFO RSZ-0059] Removed 3 buffers.
[INFO RSZ-0045] Inserted 104 buffers, 2 to split loads.
[INFO RSZ-0051] Resized 281 instances: 281 up, 0 up match, 0 down, 0 VT
[INFO RSZ-0043] Swapped pins on 256 instances.
[INFO RSZ-0049] Cloned 4 instances.
[WARNING RSZ-0062] Unable to repair all setup violations.
[INFO RSZ-0505] Runtime: 40.59s
[INFO RSZ-0033] No hold violations found.
[INFO RSZ-0506] Runtime: 0.07s
Took 40 seconds: repair_timing -setup_margin 0 -hold_margin 0 -repair_tns 100 -verbose
global_route -start_incremental
detailed_placement
[INFO DPL-0006] Core area: 992482.85 um^2
[INFO DPL-0007] Movable instances area: 694550.30 um^2
[INFO DPL-0008] Fixed instances area within core: 7840.63 um^2
[INFO DPL-0009] Utilization: 70.8%
[INFO DPL-0005] Diamond search max displacement: +/- 500 sites horizontally, +/- 100 rows vertically.
[INFO DPL-1102] Legalizing using negotiation legalizer.
[INFO DPL-1103] Negotiation base search window: +/-20 sites horizontally, +/-5 rows vertically 
	Automatic search window extension enabled.
	Search window extendable up to the max displacement cap of +/-500 sites, +/-100 rows near walls.
[INFO DPL-1104] NegotiationLegalizer DRC penalty: 5.
[INFO DPL-0392] Negotiation cell height distribution (1 unique row-count(s)):
[INFO DPL-0393]   height 1 row(s): 19788 cells
          |      Total |  Illegal |  Illegal
Iteration | Violations |    Cells |    Sites
---------------------------------------------
        0 |       1356 |       204 |      1152
        1 |        503 |        75 |       428
        2 |        280 |        38 |       242
        3 |        150 |        18 |       132
        4 |        140 |        18 |       122
        5 |        110 |        14 |        96
        6 |        111 |        13 |        98
        7 |        126 |        14 |       112
        8 |        110 |        13 |        97
        9 |        148 |        12 |       136
       10 |         91 |        11 |        80
       20 |         50 |         2 |        48
       23 |          0 |         0 |         0
Negotiation phase 1 converged at iteration 23.
[INFO DPL-0500] Runtime: 0.60s
Placement Analysis
---------------------------------
total displacement       6454.6 u
average displacement        0.3 u
max displacement           87.4 u
original HPWL         1041948.9 u
legalized HPWL        1048492.2 u
delta HPWL                    1 %

check_placement -verbose
global_route -end_incremental -congestion_report_file /tmp/workspace/scripts-Private_test-fr_cugr_cmp-1-/reports/gf180/aes/base/congestion_post_repair_timing.rpt
estimate_parasitics -global_routing
global_route -start_incremental
global_route -end_incremental -congestion_report_file /tmp/workspace/scripts-Private_test-fr_cugr_cmp-1-/reports/gf180/aes/base/congestion_post_recover_power.rpt
Repair antennas...
[INFO GRT-0012] Found 16 antenna violations.
[INFO GRT-0302] Inserted 6 jumpers for 6 nets.
[INFO GRT-0012] Found 10 antenna violations.
[INFO DPL-0006] Core area: 992482.85 um^2
[INFO DPL-0007] Movable instances area: 694126.94 um^2
[INFO DPL-0008] Fixed instances area within core: 8320.44 um^2
[INFO DPL-0009] Utilization: 70.8%
[INFO DPL-0005] Diamond search max displacement: +/- 500 sites horizontally, +/- 100 rows vertically.
[INFO DPL-1102] Legalizing using negotiation legalizer.
[INFO DPL-1103] Negotiation base search window: +/-20 sites horizontally, +/-5 rows vertically 
	Automatic search window extension enabled.
	Search window extendable up to the max displacement cap of +/-500 sites, +/-100 rows near walls.
[INFO DPL-1104] NegotiationLegalizer DRC penalty: 5.
[INFO DPL-0392] Negotiation cell height distribution (1 unique row-count(s)):
[INFO DPL-0393]   height 1 row(s): 19798 cells
          |      Total |  Illegal |  Illegal
Iteration | Violations |    Cells |    Sites
---------------------------------------------
        0 |         32 |         6 |        26
        1 |          5 |         2 |         3
        2 |          0 |         0 |         0
Negotiation phase 1 converged at iteration 2.
[INFO DPL-0500] Runtime: 0.16s
[INFO GRT-0015] Inserted 10 diodes.
[INFO GRT-0012] Found 0 antenna violations.
[INFO ANT-0002] Found 0 net violations.
[INFO ANT-0001] Found 0 pin violations.
Estimate parasitics...
estimate_parasitics -global_routing
Report metrics stage 5, global route...

==========================================================================
global route report_design_area
--------------------------------------------------------------------------
Design area 702447 um^2 71% utilization.
[INFO FLW-0007] clock clk period 3.000000
[WARNING FLW-0010] more than one clock found. Skipping sdc update.
[INFO FLW-0011] Path endpoint path count 728
write_db /tmp/workspace/scripts-Private_test-fr_cugr_cmp-1-/results/gf180/aes/base/5_1_grt.odb
write_sdc -no_timestamp /tmp/workspace/scripts-Private_test-fr_cugr_cmp-1-/results/gf180/aes/base/5_1_grt.sdc
Elapsed time: 1:01.75[h:]min:sec. CPU time: user 629.04 sys 33.16 (1072%). Peak memory: 653980KB.
Log                       Ext     Elapsed/s Peak Memory/MB sha1sum result [0:20)
5_1_grt                   .odb           61            638 a7ae9b5f1f5670b84276
5_1_grt                   .sdc                             6f6091be4fc5821bfb6a
