OpenROAD 26Q3-1464-gb22abfea20 
Features included (+) or not (-): +GPU +GUI +Python
This program is licensed under the BSD-3 license. See the LICENSE file for details.
Components of this program may be licensed under more restrictive licenses which must be honored.
[INFO ORD-0030] Using 30 thread(s).
source ./platforms/ihp-sg13g2/suppress_message.tcl
read_liberty -corner slow ./platforms/ihp-sg13g2/lib/sg13g2_stdcell_slow_1p08V_125C.lib
read_liberty -corner typ ./platforms/ihp-sg13g2/lib/sg13g2_stdcell_typ_1p20V_25C.lib
read_liberty -corner fast ./platforms/ihp-sg13g2/lib/sg13g2_stdcell_fast_1p32V_m40C.lib
read_db /tmp/workspace/scripts-Private_test-fr_cugr_cmp-2-/results/ihp-sg13g2/i2c-gpio-expander_I2cDeviceCtrl/base/3_place.odb
read_sdc /tmp/workspace/scripts-Private_test-fr_cugr_cmp-2-/results/ihp-sg13g2/i2c-gpio-expander_I2cDeviceCtrl/base/3_place.sdc
source ./platforms/ihp-sg13g2/setRC.tcl
clock_tree_synthesis -sink_clustering_enable -repair_clock_nets
[INFO CTS-0050] Root buffer is sg13g2_buf_4.
[INFO CTS-0051] Sink buffer is sg13g2_buf_8.
[INFO CTS-0052] The following clock buffers will be used for CTS:
                    sg13g2_buf_4
                    sg13g2_buf_8
[INFO CTS-0049] Characterization buffer is sg13g2_buf_8.
[INFO CTS-0007] Net "clock" found for clock "clock".
[INFO CTS-0010]  Clock net "clock" has 78 sinks.
[INFO CTS-0008] TritonCTS found 1 clock nets.
[INFO CTS-0097] Characterization used 2 buffer(s) types.
[INFO CTS-0201] 0 blockages from hard placement blockages and placed macros will be used.
[INFO CTS-0027] Generating H-Tree topology for net clock.
[INFO CTS-0028]  Total number of sinks: 78.
[INFO CTS-0060]  Register sinks will be clustered in groups of up to 8 and based on buffer max cap.
[INFO CTS-0030]  Number of static layers: 0.
[INFO CTS-0020]  Wire segment unit: 18900  dbu (18 um).
[INFO CTS-0023]  Original sink region: [(25440, 20580), (122400, 126420)].
[INFO CTS-0024]  Normalized sink region: [(1.34603, 1.08889), (6.47619, 6.68889)].
[INFO CTS-0025]     Width:  5.1302.
[INFO CTS-0026]     Height: 5.6000.
 Level 1
    Direction: Vertical
    Sinks per sub-region: 39
    Sub-region size: 5.1302 X 2.8000
[INFO CTS-0034]     Segment length (rounded): 1.
 Level 2
    Direction: Horizontal
    Sinks per sub-region: 20
    Sub-region size: 2.5651 X 2.8000
[INFO CTS-0034]     Segment length (rounded): 1.
 Level 3
    Direction: Vertical
    Sinks per sub-region: 10
    Sub-region size: 2.5651 X 1.4000
[INFO CTS-0034]     Segment length (rounded): 1.
 Level 4
    Direction: Horizontal
    Sinks per sub-region: 5
    Sub-region size: 1.2825 X 1.4000
[INFO CTS-0034]     Segment length (rounded): 1.
[INFO CTS-0038]  Stop criterion found. Sink region hpwl is smaller than max wirelength (1470.650 um) and max number of sinks is 8.
[INFO CTS-0035]  Number of sinks covered: 78.
[INFO CTS-0018]     Created 17 clock buffers.
[INFO CTS-0012]     Minimum number of buffers in the clock path: 2.
[INFO CTS-0013]     Maximum number of buffers in the clock path: 2.
[INFO CTS-0015]     Created 17 clock nets.
[INFO CTS-0016]     Fanout distribution for the current clock = 4:2, 5:14..
[INFO CTS-0017]     Max level of the clock tree: 4.
[INFO CTS-0098] Clock net "clock"
[INFO CTS-0099]  Sinks 80
[INFO CTS-0100]  Leaf buffers 0
[INFO CTS-0101]  Average sink wire length 191.77 um
[INFO CTS-0102]  Path depth 2 - 2
[INFO CTS-0207]  Dummy loads inserted 2
[INFO CTS-0500] Runtime: 3.50s
estimate_parasitics -placement
detailed_placement
[INFO DPL-0006] Core area: 12049.43 um^2
[INFO DPL-0007] Movable instances area: 9019.38 um^2
[INFO DPL-0008] Fixed instances area within core: 0.00 um^2
[INFO DPL-0009] Utilization: 74.9%
[INFO DPL-0005] Diamond search max displacement: +/- 500 sites horizontally, +/- 100 rows vertically.
[INFO DPL-1102] Legalizing using negotiation legalizer.
[INFO DPL-1103] Negotiation base search window: +/-20 sites horizontally, +/-5 rows vertically 
	Automatic search window extension enabled.
	Search window extendable up to the max displacement cap of +/-500 sites, +/-100 rows near walls.
[INFO DPL-1104] NegotiationLegalizer DRC penalty: 5.
[INFO DPL-0392] Negotiation cell height distribution (1 unique row-count(s)):
[INFO DPL-0393]   height 1 row(s): 596 cells
          |      Total |  Illegal |  Illegal
Iteration | Violations |    Cells |    Sites
---------------------------------------------
        0 |         39 |         5 |        34
        1 |         12 |         2 |        10
        2 |          0 |         0 |         0
Negotiation phase 1 converged at iteration 2.
[INFO DPL-0500] Runtime: 0.00s
Placement Analysis
---------------------------------
total displacement        633.9 u
average displacement        1.1 u
max displacement           27.6 u
original HPWL           10275.7 u
legalized HPWL          10656.6 u
delta HPWL                    4 %

estimate_parasitics -placement
[WARNING STA-0101] object 'bondpad_70*' not found.
repair_timing -setup_margin 0 -hold_margin 0 -repair_tns 100 -match_cell_footprint -verbose
[INFO RSZ-0100] Repair move sequence: UnbufferMove SizeUpMove SwapPinsMove BufferMove CloneMove SplitLoadMove 
[INFO RSZ-0098] No setup violations found
[INFO RSZ-0505] Runtime: 0.05s
[INFO RSZ-0033] No hold violations found.
[INFO RSZ-0506] Runtime: 0.01s
[WARNING STA-0101] object 'bondpad_70*' not found.
Repair timing output passed lec test
detailed_placement
[INFO DPL-0006] Core area: 12049.43 um^2
[INFO DPL-0007] Movable instances area: 9019.38 um^2
[INFO DPL-0008] Fixed instances area within core: 0.00 um^2
[INFO DPL-0009] Utilization: 74.9%
[INFO DPL-0005] Diamond search max displacement: +/- 500 sites horizontally, +/- 100 rows vertically.
[INFO DPL-1102] Legalizing using negotiation legalizer.
[INFO DPL-1103] Negotiation base search window: +/-20 sites horizontally, +/-5 rows vertically 
	Automatic search window extension enabled.
	Search window extendable up to the max displacement cap of +/-500 sites, +/-100 rows near walls.
[INFO DPL-1104] NegotiationLegalizer DRC penalty: 5.
[INFO DPL-0392] Negotiation cell height distribution (1 unique row-count(s)):
[INFO DPL-0393]   height 1 row(s): 596 cells
[INFO DPL-0500] Runtime: 0.00s
Placement Analysis
---------------------------------
total displacement          0.0 u
average displacement        0.0 u
max displacement            0.0 u
original HPWL           10656.6 u
legalized HPWL          10656.6 u
delta HPWL                    0 %

estimate_parasitics -placement
Report metrics stage 4, cts final...

==========================================================================
cts final report_design_area
--------------------------------------------------------------------------
Design area 9019 um^2 75% utilization.
write_db /tmp/workspace/scripts-Private_test-fr_cugr_cmp-2-/results/ihp-sg13g2/i2c-gpio-expander_I2cDeviceCtrl/base/4_1_cts.odb
write_sdc -no_timestamp /tmp/workspace/scripts-Private_test-fr_cugr_cmp-2-/results/ihp-sg13g2/i2c-gpio-expander_I2cDeviceCtrl/base/4_cts.sdc
Elapsed time: 0:04.32[h:]min:sec. CPU time: user 4.61 sys 0.42 (116%). Peak memory: 158844KB.
Log                       Ext     Elapsed/s Peak Memory/MB sha1sum result [0:20)
4_1_cts                   .odb            4            155 5ceb5c5a8e38777147ac
