OpenROAD 26Q3-1464-gb22abfea20 
Features included (+) or not (-): +GPU +GUI +Python
This program is licensed under the BSD-3 license. See the LICENSE file for details.
Components of this program may be licensed under more restrictive licenses which must be honored.
[INFO ORD-0030] Using 32 thread(s).
read_liberty ./platforms/sky130hd/lib/sky130_fd_sc_hd__tt_025C_1v80.lib
read_db /tmp/workspace/scripts-Private_test-fr_cugr_cmp-1-/results/sky130hd/chameleon/base/3_4_place_resized.odb
read_sdc /tmp/workspace/scripts-Private_test-fr_cugr_cmp-1-/results/sky130hd/chameleon/base/2_floorplan.sdc
source ./platforms/sky130hd/setRC.tcl
detailed_placement
[INFO DPL-0006] Core area: 9325744.13 um^2
[INFO DPL-0007] Movable instances area: 36459.97 um^2
[INFO DPL-0008] Fixed instances area within core: 5636568.15 um^2
[INFO DPL-0009] Utilization: 60.8%
[INFO DPL-0005] Diamond search max displacement: +/- 500 sites horizontally, +/- 100 rows vertically.
[INFO DPL-1102] Legalizing using negotiation legalizer.
[INFO DPL-1103] Negotiation base search window: +/-20 sites horizontally, +/-5 rows vertically 
	Automatic search window extension enabled.
	Search window extendable up to the max displacement cap of +/-500 sites, +/-100 rows near walls.
[INFO DPL-1104] NegotiationLegalizer DRC penalty: 5.
[INFO DPL-0392] Negotiation cell height distribution (5 unique row-count(s)):
[INFO DPL-0393]   height 1 row(s): 52605 cells
[INFO DPL-0393]   height 221 row(s): 1 cells
[INFO DPL-0393]   height 258 row(s): 1 cells
[INFO DPL-0393]   height 295 row(s): 1 cells
[INFO DPL-0393]   height 511 row(s): 3 cells
          |      Total |  Illegal |  Illegal
Iteration | Violations |    Cells |    Sites
---------------------------------------------
        0 |        124 |        26 |        98
        1 |          6 |         2 |         4
        2 |          0 |         0 |         0
Negotiation phase 1 converged at iteration 2.
[INFO DPL-0500] Runtime: 0.19s
Placement Analysis
---------------------------------
total displacement      20688.9 u
average displacement        0.4 u
max displacement          196.7 u
original HPWL          726567.4 u
legalized HPWL         730119.8 u
delta HPWL                    0 %

improve_placement -max_displacement "5 1"
Detailed placement improvement.
[INFO DPL-0401] Setting random seed to 1.
[INFO DPL-0402] Setting maximum displacement 5 1 to 13600 2720 units.
[INFO DPL-0320] Collected 51324 fixed cells.
[INFO DPL-0318] Collected 3230 single height cells.
[INFO DPL-0321] Collected 0 wide cells.
[INFO DPL-0322] Image (2300, 2720) - (2680880, 3484320)
[INFO DPL-0310] Assigned 3230 cells into segments.  Movement in X-direction is 0.000000, movement in Y-direction is 0.000000.
[INFO DPL-0313] Found 0 cells in wrong regions.
[INFO DPL-0315] Found 0 row alignment problems.
[INFO DPL-0314] Found 0 site alignment problems.
[INFO DPL-0311] Found 0 overlaps between adjacent cells.
[INFO DPL-0312] Found 0 edge spacing violations and 0 padding violations.
[INFO DPL-0303] Running algorithm for independent set matching.
[INFO DPL-0300] Set matching objective is wirelength.
[INFO DPL-0301] Pass   1 of matching; objective is 5.602237e+08.
[INFO DPL-0302] End of matching; objective is 5.584390e+08, improvement is 0.32 percent.
[INFO DPL-0303] Running algorithm for global swaps.
[INFO DPL-0306] Pass   1 of global swaps; hpwl is 5.389457e+08.
[INFO DPL-0306] Pass   2 of global swaps; hpwl is 5.358888e+08.
[INFO DPL-0307] End of global swaps; objective is 5.358888e+08, improvement is 4.04 percent.
[INFO DPL-0303] Running algorithm for vertical swaps.
[INFO DPL-0308] Pass   1 of vertical swaps; hpwl is 5.351164e+08.
[INFO DPL-0309] End of vertical swaps; objective is 5.351164e+08, improvement is 0.14 percent.
[INFO DPL-0303] Running algorithm for reordering.
[INFO DPL-0304] Pass   1 of reordering; objective is 5.337952e+08.
[INFO DPL-0305] End of reordering; objective is 5.337952e+08, improvement is 0.25 percent.
[INFO DPL-0303] Running algorithm for random improvement.
[INFO DPL-0324] Random improver is using random generator.
[INFO DPL-0325] Random improver is using hpwl objective.
[INFO DPL-0326] Random improver cost string is (a).
[INFO DPL-0332] End of pass, Generator random called 64600 times.
[INFO DPL-0335] Generator random, Cumulative attempts 64600, swaps 3438, moves 21114 since last reset.
[INFO DPL-0333] End of pass, Objective hpwl, Initial cost 5.312338e+08, Scratch cost 5.182641e+08, Incremental cost 5.182641e+08, Mismatch? N
[INFO DPL-0338] End of pass, Total cost is 5.182641e+08.
[INFO DPL-0327] Pass   1 of random improver; improvement in cost is 2.44 percent.
[INFO DPL-0332] End of pass, Generator random called 64600 times.
[INFO DPL-0335] Generator random, Cumulative attempts 129200, swaps 6577, moves 40758 since last reset.
[INFO DPL-0333] End of pass, Objective hpwl, Initial cost 5.182641e+08, Scratch cost 5.151502e+08, Incremental cost 5.151502e+08, Mismatch? N
[INFO DPL-0338] End of pass, Total cost is 5.151502e+08.
[INFO DPL-0327] Pass   2 of random improver; improvement in cost is 0.60 percent.
[INFO DPL-0328] End of random improver; improvement is 3.027598 percent.
[INFO DPL-0380] Cell flipping.
[INFO DPL-0382] Changed 0 cell orientations for row compatibility.
[INFO DPL-0383] Performed 1285 cell flips.
[INFO DPL-0384] End of flipping; objective is 5.148502e+08, improvement is 0.55 percent.
[INFO DPL-0313] Found 0 cells in wrong regions.
[INFO DPL-0315] Found 0 row alignment problems.
[INFO DPL-0314] Found 0 site alignment problems.
[INFO DPL-0311] Found 0 overlaps between adjacent cells.
[INFO DPL-0312] Found 0 edge spacing violations and 0 padding violations.
Detailed Improvement Results
------------------------------------------
Original HPWL           730119.8 u (  382770.1,   347349.7)
Final HPWL              686847.0 u (  348143.6,   338703.4)
Delta HPWL                  -5.9 % (      -9.0,       -2.5)

optimize_mirroring
[INFO DPL-0020] Mirrored 264 instances
[INFO DPL-0021] HPWL before          686847.0 u
[INFO DPL-0022] HPWL after           686747.7 u
[INFO DPL-0023] HPWL delta               -0.0 %
[INFO FLW-0012] Placement violations .
estimate_parasitics -placement
Report metrics stage 3, detailed place...

==========================================================================
detailed place report_design_area
--------------------------------------------------------------------------
Design area 5673028 um^2 61% utilization.
write_db /tmp/workspace/scripts-Private_test-fr_cugr_cmp-1-/results/sky130hd/chameleon/base/3_5_place_dp.odb
write_sdc -no_timestamp /tmp/workspace/scripts-Private_test-fr_cugr_cmp-1-/results/sky130hd/chameleon/base/3_place.sdc
Elapsed time: 0:02.31[h:]min:sec. CPU time: user 2.38 sys 0.78 (136%). Peak memory: 599252KB.
Log                       Ext     Elapsed/s Peak Memory/MB sha1sum result [0:20)
3_5_place_dp              .odb            2            585 44f1554d4e6674f2f3ea
