OpenROAD 26Q3-1464-gb22abfea20 
Features included (+) or not (-): +GPU +GUI +Python
This program is licensed under the BSD-3 license. See the LICENSE file for details.
Components of this program may be licensed under more restrictive licenses which must be honored.
[INFO ORD-0030] Using 32 thread(s).
read_liberty ./platforms/sky130hd/lib/sky130_fd_sc_hd__tt_025C_1v80.lib
read_db /tmp/workspace/scripts-Private_test-fr_cugr_cmp-1-/results/sky130hd/chameleon/base/4_cts.odb
read_sdc /tmp/workspace/scripts-Private_test-fr_cugr_cmp-1-/results/sky130hd/chameleon/base/4_cts.sdc
source ./platforms/sky130hd/setRC.tcl
pin_access
[INFO DRT-0149] Reading tech and libs.
[WARNING DRT-0349] LEF58_ENCLOSURE with no CUTCLASS is not supported. Skipping for layer mcon
[WARNING DRT-0349] LEF58_ENCLOSURE with no CUTCLASS is not supported. Skipping for layer mcon
[WARNING DRT-0349] LEF58_ENCLOSURE with no CUTCLASS is not supported. Skipping for layer via
[WARNING DRT-0349] LEF58_ENCLOSURE with no CUTCLASS is not supported. Skipping for layer via
[WARNING DRT-0349] LEF58_ENCLOSURE with no CUTCLASS is not supported. Skipping for layer via2
[WARNING DRT-0349] LEF58_ENCLOSURE with no CUTCLASS is not supported. Skipping for layer via2
[WARNING DRT-0349] LEF58_ENCLOSURE with no CUTCLASS is not supported. Skipping for layer via3
[WARNING DRT-0349] LEF58_ENCLOSURE with no CUTCLASS is not supported. Skipping for layer via3
[WARNING DRT-0349] LEF58_ENCLOSURE with no CUTCLASS is not supported. Skipping for layer via4
[WARNING DRT-0349] LEF58_ENCLOSURE with no CUTCLASS is not supported. Skipping for layer via4

Units:                1000
Number of layers:     13
Number of macros:     445
Number of vias:       29
Number of viarulegen: 25

[INFO DRT-0150] Reading design.

Design:                   soc_core
Die area:                 ( 0 0 ) ( 2683215 3486980 )
Number of track patterns: 12
Number of DEF vias:       0
Number of components:     52747
Number of terminals:      147
Number of snets:          2
Number of nets:           3683

[INFO DRT-0167] List of default vias:
  Layer via
    default via: M1M2_PR
  Layer via2
    default via: M2M3_PR
  Layer via3
    default via: M3M4_PR
  Layer via4
    default via: M4M5_PR
[INFO DRT-0162] Library cell analysis.
[INFO DRT-0163] Instance analysis.
[INFO DRT-0164] Number of unique instances = 168.
[INFO DRT-0168] Init region query.
[INFO DRT-0024]   Complete FR_MASTERSLICE.
[INFO DRT-0024]   Complete Fr_VIA.
[INFO DRT-0024]   Complete li1.
[INFO DRT-0024]   Complete mcon.
[INFO DRT-0024]   Complete met1.
[INFO DRT-0024]   Complete via.
[INFO DRT-0024]   Complete met2.
[INFO DRT-0024]   Complete via2.
[INFO DRT-0024]   Complete met3.
[INFO DRT-0024]   Complete via3.
[INFO DRT-0024]   Complete met4.
[INFO DRT-0024]   Complete via4.
[INFO DRT-0024]   Complete met5.
[INFO DRT-0033] FR_MASTERSLICE shape region query size = 0.
[INFO DRT-0033] FR_VIA shape region query size = 0.
[INFO DRT-0033] li1 shape region query size = 303257.
[INFO DRT-0033] mcon shape region query size = 168492.
[INFO DRT-0033] met1 shape region query size = 166153.
[INFO DRT-0033] via shape region query size = 251950.
[INFO DRT-0033] met2 shape region query size = 152420.
[INFO DRT-0033] via2 shape region query size = 201560.
[INFO DRT-0033] met3 shape region query size = 151761.
[INFO DRT-0033] via3 shape region query size = 201560.
[INFO DRT-0033] met4 shape region query size = 65378.
[INFO DRT-0033] via4 shape region query size = 14382.
[INFO DRT-0033] met5 shape region query size = 14894.
[INFO DRT-0165] Start pin access.
[INFO DRT-0076]   Complete 1000 pins.
[INFO DRT-0078]   Complete 1986 pins.
[INFO DRT-0079]   Complete 100 unique inst patterns.
[INFO DRT-0081]   Complete 162 unique inst patterns.
[INFO DRT-0084]   Complete 2674 groups.
#scanned instances     = 52747
#unique  instances     = 168
#stdCellGenAp          = 6621
#stdCellValidPlanarAp  = 137
#stdCellValidViaAp     = 3602
#stdCellPinNoAp        = 10
#stdCellPinCnt         = 10156
#instTermValidViaApCnt = 0
#macroGenAp            = 3925
#macroValidPlanarAp    = 3925
#macroValidViaAp       = 3349
#macroNoAp             = 0
[INFO DRT-0166] Complete pin access.
[INFO DRT-0267] cpu time = 00:01:35, elapsed time = 00:00:07, memory = 327.29 (MB), peak = 323.29 (MB)
Took 7 seconds: pin_access
global_route -congestion_report_file /tmp/workspace/scripts-Private_test-fr_cugr_cmp-1-/reports/sky130hd/chameleon/base/congestion.rpt -congestion_iterations 30 -congestion_report_iter_step 5 -verbose
[INFO GRT-0020] Min routing layer: met1
[INFO GRT-0021] Max routing layer: met5
[INFO GRT-0022] Global adjustment: 0%
[INFO GRT-0023] Grid origin: (0, 0)
[INFO GRT-0088] Layer li1     Track-Pitch = 0.4600  line-2-Via Pitch: 0.3400
[INFO GRT-0088] Layer met1    Track-Pitch = 0.3400  line-2-Via Pitch: 0.3400
[INFO GRT-0088] Layer met2    Track-Pitch = 0.4600  line-2-Via Pitch: 0.3500
[INFO GRT-0088] Layer met3    Track-Pitch = 0.6800  line-2-Via Pitch: 0.6150
[INFO GRT-0088] Layer met4    Track-Pitch = 0.9200  line-2-Via Pitch: 1.0400
[INFO GRT-0088] Layer met5    Track-Pitch = 3.4000  line-2-Via Pitch: 3.1100
[INFO GRT-0003] Macros: 6
[INFO GRT-0004] Blockages: 10603
[INFO GRT-0019] Found 75 clock nets.
[INFO GRT-0001] Minimum degree: 2
[INFO GRT-0002] Maximum degree: 74

[INFO GRT-0053] Routing resources analysis:
          Routing      Original      Derated      Resource
Layer     Direction    Resources     Resources    Reduction (%)
---------------------------------------------------------------
li1        Vertical            0             0          0.00%
met1       Horizontal    1289221        991820          23.07%
met2       Vertical      1025670        788118          23.16%
met3       Horizontal     774938        608402          21.49%
met4       Vertical       529849        385472          27.25%
met5       Horizontal     123450         89671          27.36%
---------------------------------------------------------------

[INFO GRT-0101] Running extra iterations to remove congestion.
[INFO GRT-0102] Start extra iteration 1/30
[INFO GRT-0102] Start extra iteration 2/30
[INFO GRT-0102] Start extra iteration 3/30
[INFO GRT-0102] Start extra iteration 4/30
[INFO GRT-0102] Start extra iteration 5/30
[INFO GRT-0102] Start extra iteration 6/30
[INFO GRT-0197] Via related to pin nodes: 20127
[INFO GRT-0198] Via related Steiner nodes: 537
[INFO GRT-0199] Via filling finished.
[INFO GRT-0111] Final number of vias: 29164
[INFO GRT-0112] Final usage 3D: 197218

[INFO GRT-0096] Final congestion report:
Layer         Resource        Demand        Usage (%)    Max H / Max V / Total Congestion
---------------------------------------------------------------------------------------
li1                  0             0            0.00%             0 /  0 /  0
met1            991820         41215            4.16%             0 /  0 /  0
met2            788118         44965            5.71%             0 /  0 /  0
met3            608402         13810            2.27%             0 /  0 /  0
met4            385472          9435            2.45%             0 /  0 /  0
met5             89671           301            0.34%             0 /  0 /  0
---------------------------------------------------------------------------------------
Total          2863483        109726            3.83%             0 /  0 /  0

[INFO GRT-0018] Total wirelength: 833333 um
[INFO GRT-0014] Routed nets: 3665
[INFO GRT-0303] Global routing runtime = 00:00:02
[WARNING STA-0450] virtual clock vclk_core_clock can not be propagated.
estimate_parasitics -global_routing
Perform buffer insertion and gate resizing...
repair_design -verbose
Iteration |   Area    | Resized | Buffers | Nets repaired | Remaining
---------------------------------------------------------------------
        0 |     +0.0% |       0 |       0 |             0 |      3772
       10 |     +0.0% |       0 |       0 |             0 |      3762
       20 |     +0.0% |       0 |       0 |             0 |      3752
       30 |     +0.0% |       1 |       0 |             0 |      3742
       40 |     +0.0% |       2 |       1 |             1 |      3732
       50 |     +0.0% |       2 |       1 |             1 |      3722
       60 |     +0.0% |       3 |       1 |             1 |      3712
       70 |     +0.0% |       3 |       2 |             2 |      3702
       80 |     +0.0% |       3 |       2 |             2 |      3692
       90 |     +0.0% |       3 |       2 |             2 |      3682
      100 |     +0.0% |       3 |       2 |             2 |      3672
      110 |     +0.0% |       3 |       2 |             2 |      3662
      120 |     +0.0% |       3 |       2 |             2 |      3652
      130 |     +0.0% |       3 |       2 |             2 |      3642
      140 |     +0.0% |       3 |       2 |             2 |      3632
      150 |     +0.0% |       3 |       2 |             2 |      3622
      160 |     +0.0% |       3 |       2 |             2 |      3612
      170 |     +0.0% |       3 |       2 |             2 |      3602
      180 |     +0.0% |       3 |       2 |             2 |      3592
      190 |     +0.0% |       3 |       2 |             2 |      3582
      200 |     +0.0% |       3 |       2 |             2 |      3572
      210 |     +0.0% |       3 |       2 |             2 |      3562
      220 |     +0.0% |       3 |       2 |             2 |      3552
      230 |     +0.0% |       3 |       2 |             2 |      3542
      240 |     +0.0% |       3 |       2 |             2 |      3532
      250 |     +0.0% |       3 |       2 |             2 |      3522
      260 |     +0.0% |       3 |       2 |             2 |      3512
      270 |     +0.0% |       3 |       2 |             2 |      3502
      280 |     +0.0% |       3 |       2 |             2 |      3492
      290 |     +0.0% |       3 |       2 |             2 |      3482
      300 |     +0.0% |       3 |       2 |             2 |      3472
      310 |     +0.0% |       3 |       2 |             2 |      3462
      320 |     +0.0% |       3 |       2 |             2 |      3452
      330 |     +0.0% |       3 |       2 |             2 |      3442
      340 |     +0.0% |       3 |       2 |             2 |      3432
      350 |     +0.0% |       3 |       2 |             2 |      3422
      360 |     +0.0% |       3 |       2 |             2 |      3412
      370 |     +0.0% |       3 |       2 |             2 |      3402
      380 |     +0.0% |       3 |       2 |             2 |      3392
      390 |     +0.0% |       3 |       2 |             2 |      3382
      400 |     +0.0% |       3 |       2 |             2 |      3372
      410 |     +0.0% |       3 |       2 |             2 |      3362
      420 |     +0.0% |       3 |       2 |             2 |      3352
      430 |     +0.0% |       3 |       2 |             2 |      3342
      440 |     +0.0% |       3 |       2 |             2 |      3332
      450 |     +0.0% |       3 |       2 |             2 |      3322
      460 |     +0.0% |       3 |       2 |             2 |      3312
      470 |     +0.0% |       3 |       2 |             2 |      3302
      480 |     +0.0% |       3 |       2 |             2 |      3292
      490 |     +0.0% |       3 |       2 |             2 |      3282
      500 |     +0.0% |       3 |       2 |             2 |      3272
      510 |     +0.0% |       3 |       2 |             2 |      3262
      520 |     +0.0% |       3 |       2 |             2 |      3252
      530 |     +0.0% |       3 |       2 |             2 |      3242
      540 |     +0.0% |       3 |       2 |             2 |      3232
      550 |     +0.0% |       3 |       2 |             2 |      3222
      560 |     +0.0% |       3 |       2 |             2 |      3212
      570 |     +0.0% |       3 |       2 |             2 |      3202
      580 |     +0.0% |       3 |       2 |             2 |      3192
      590 |     +0.0% |       3 |       2 |             2 |      3182
      600 |     +0.0% |       3 |       2 |             2 |      3172
      610 |     +0.0% |       3 |       2 |             2 |      3162
      620 |     +0.0% |       3 |       2 |             2 |      3152
      630 |     +0.0% |       3 |       2 |             2 |      3142
      640 |     +0.0% |       3 |       2 |             2 |      3132
      650 |     +0.0% |       3 |       2 |             2 |      3122
      660 |     +0.0% |       3 |       2 |             2 |      3112
      670 |     +0.0% |       3 |       2 |             2 |      3102
      680 |     +0.0% |       3 |       2 |             2 |      3092
      690 |     +0.0% |       3 |       2 |             2 |      3082
      700 |     +0.0% |       3 |       2 |             2 |      3072
      710 |     +0.0% |       3 |       2 |             2 |      3062
      720 |     +0.0% |       3 |       2 |             2 |      3052
      730 |     +0.0% |       3 |       2 |             2 |      3042
      740 |     +0.0% |       3 |       2 |             2 |      3032
      750 |     +0.0% |       3 |       2 |             2 |      3022
      760 |     +0.0% |       3 |       2 |             2 |      3012
      770 |     +0.0% |       3 |       2 |             2 |      3002
      780 |     +0.0% |       3 |       2 |             2 |      2992
      790 |     +0.0% |       3 |       2 |             2 |      2982
      800 |     +0.0% |       3 |       2 |             2 |      2972
      810 |     +0.0% |       3 |       2 |             2 |      2962
      820 |     +0.0% |       3 |       2 |             2 |      2952
      830 |     +0.0% |       3 |       2 |             2 |      2942
      840 |     +0.0% |       3 |       2 |             2 |      2932
      850 |     +0.0% |       3 |       2 |             2 |      2922
      860 |     +0.0% |       3 |       2 |             2 |      2912
      870 |     +0.0% |       3 |       2 |             2 |      2902
      880 |     +0.0% |       3 |       2 |             2 |      2892
      890 |     +0.0% |       3 |       2 |             2 |      2882
      900 |     +0.0% |       3 |       2 |             2 |      2872
      910 |     +0.0% |       3 |       2 |             2 |      2862
      920 |     +0.0% |       3 |       2 |             2 |      2852
      930 |     +0.0% |       3 |       2 |             2 |      2842
      940 |     +0.0% |       3 |       2 |             2 |      2832
      950 |     +0.0% |       3 |       2 |             2 |      2822
      960 |     +0.0% |       3 |       2 |             2 |      2812
      970 |     +0.0% |       3 |       2 |             2 |      2802
      980 |     +0.0% |       3 |       2 |             2 |      2792
      990 |     +0.0% |       3 |       2 |             2 |      2782
     1000 |     +0.0% |       3 |       2 |             2 |      2772
     1010 |     +0.0% |       3 |       2 |             2 |      2762
     1020 |     +0.0% |       3 |       2 |             2 |      2752
     1030 |     +0.0% |       3 |       2 |             2 |      2742
     1040 |     +0.0% |       3 |       2 |             2 |      2732
     1050 |     +0.0% |       3 |       2 |             2 |      2722
     1060 |     +0.0% |       3 |       2 |             2 |      2712
     1070 |     +0.0% |       3 |       2 |             2 |      2702
     1080 |     +0.0% |       3 |       2 |             2 |      2692
     1090 |     +0.0% |       3 |       2 |             2 |      2682
     1100 |     +0.0% |       3 |       2 |             2 |      2672
     1110 |     +0.0% |       3 |       2 |             2 |      2662
     1120 |     +0.0% |       3 |       2 |             2 |      2652
     1130 |     +0.0% |       3 |       2 |             2 |      2642
     1140 |     +0.0% |       3 |       2 |             2 |      2632
     1150 |     +0.0% |       3 |       2 |             2 |      2622
     1160 |     +0.0% |       3 |       2 |             2 |      2612
     1170 |     +0.0% |       3 |       2 |             2 |      2602
     1180 |     +0.0% |       3 |       2 |             2 |      2592
     1190 |     +0.0% |       3 |       2 |             2 |      2582
     1200 |     +0.0% |       3 |       2 |             2 |      2572
     1210 |     +0.0% |       3 |       2 |             2 |      2562
     1220 |     +0.0% |       3 |       2 |             2 |      2552
     1230 |     +0.0% |       3 |       2 |             2 |      2542
     1240 |     +0.0% |       3 |       2 |             2 |      2532
     1250 |     +0.0% |       3 |       2 |             2 |      2522
     1260 |     +0.0% |       3 |       2 |             2 |      2512
     1270 |     +0.0% |       3 |       2 |             2 |      2502
     1280 |     +0.0% |       3 |       2 |             2 |      2492
     1290 |     +0.0% |       3 |       2 |             2 |      2482
     1300 |     +0.0% |       3 |       2 |             2 |      2472
     1310 |     +0.0% |       3 |       2 |             2 |      2462
     1320 |     +0.0% |       3 |       2 |             2 |      2452
     1330 |     +0.0% |       3 |       2 |             2 |      2442
     1340 |     +0.0% |       3 |       2 |             2 |      2432
     1350 |     +0.0% |       3 |       2 |             2 |      2422
     1360 |     +0.0% |       3 |       2 |             2 |      2412
     1370 |     +0.0% |       3 |       2 |             2 |      2402
     1380 |     +0.0% |       3 |       2 |             2 |      2392
     1390 |     +0.0% |       3 |       2 |             2 |      2382
     1400 |     +0.0% |       3 |       2 |             2 |      2372
     1410 |     +0.0% |       3 |       2 |             2 |      2362
     1420 |     +0.0% |       3 |       2 |             2 |      2352
     1430 |     +0.0% |       3 |       2 |             2 |      2342
     1440 |     +0.0% |       3 |       2 |             2 |      2332
     1450 |     +0.0% |       3 |       2 |             2 |      2322
     1460 |     +0.0% |       3 |       2 |             2 |      2312
     1470 |     +0.0% |       3 |       2 |             2 |      2302
     1480 |     +0.0% |       3 |       2 |             2 |      2292
     1490 |     +0.0% |       3 |       2 |             2 |      2282
     1500 |     +0.0% |       3 |       2 |             2 |      2272
     1510 |     +0.0% |       3 |       2 |             2 |      2262
     1520 |     +0.0% |       3 |       2 |             2 |      2252
     1530 |     +0.0% |       3 |       2 |             2 |      2242
     1540 |     +0.0% |       3 |       2 |             2 |      2232
     1550 |     +0.0% |       3 |       2 |             2 |      2222
[WARNING RSZ-0104] Net _1708_ only has one pin. Check if it is intended to be dangling.
     1560 |     +0.0% |       3 |       2 |             2 |      2212
     1570 |     +0.0% |       3 |       2 |             2 |      2202
     1580 |     +0.0% |       3 |       2 |             2 |      2192
     1590 |     +0.0% |       3 |       2 |             2 |      2182
     1600 |     +0.0% |       3 |       2 |             2 |      2172
     1610 |     +0.0% |       3 |       2 |             2 |      2162
     1620 |     +0.0% |       3 |       2 |             2 |      2152
     1630 |     +0.0% |       3 |       2 |             2 |      2142
     1640 |     +0.0% |       3 |       2 |             2 |      2132
     1650 |     +0.0% |       3 |       2 |             2 |      2122
     1660 |     +0.0% |       3 |       2 |             2 |      2112
     1670 |     +0.0% |       3 |       2 |             2 |      2102
     1680 |     +0.0% |       3 |       2 |             2 |      2092
     1690 |     +0.0% |       3 |       2 |             2 |      2082
     1700 |     +0.0% |       3 |       2 |             2 |      2072
     1710 |     +0.0% |       3 |       2 |             2 |      2062
     1720 |     +0.0% |       3 |       2 |             2 |      2052
     1730 |     +0.0% |       3 |       2 |             2 |      2042
[WARNING RSZ-0104] Net _1711_ only has one pin. Check if it is intended to be dangling.
[WARNING RSZ-0104] Net _1710_ only has one pin. Check if it is intended to be dangling.
     1740 |     +0.0% |       3 |       2 |             2 |      2032
[WARNING RSZ-0104] Net _1703_ only has one pin. Check if it is intended to be dangling.
[WARNING RSZ-0104] Net _1702_ only has one pin. Check if it is intended to be dangling.
     1750 |     +0.0% |       3 |       2 |             2 |      2022
     1760 |     +0.0% |       3 |       2 |             2 |      2012
     1770 |     +0.0% |       3 |       2 |             2 |      2002
     1780 |     +0.0% |       3 |       2 |             2 |      1992
     1790 |     +0.0% |       3 |       2 |             2 |      1982
     1800 |     +0.0% |       3 |       2 |             2 |      1972
     1810 |     +0.0% |       3 |       2 |             2 |      1962
     1820 |     +0.0% |       3 |       2 |             2 |      1952
     1830 |     +0.0% |       3 |       2 |             2 |      1942
     1840 |     +0.0% |       3 |       2 |             2 |      1932
     1850 |     +0.0% |       3 |       2 |             2 |      1922
     1860 |     +0.0% |       3 |       2 |             2 |      1912
     1870 |     +0.0% |       3 |       2 |             2 |      1902
[WARNING RSZ-0104] Net _1713_ only has one pin. Check if it is intended to be dangling.
[WARNING RSZ-0104] Net _1709_ only has one pin. Check if it is intended to be dangling.
[WARNING RSZ-0104] Net _1704_ only has one pin. Check if it is intended to be dangling.
     1880 |     +0.0% |       3 |       2 |             2 |      1892
     1890 |     +0.0% |       3 |       2 |             2 |      1882
     1900 |     +0.0% |       3 |       2 |             2 |      1872
     1910 |     +0.0% |       3 |       2 |             2 |      1862
     1920 |     +0.0% |       3 |       2 |             2 |      1852
     1930 |     +0.0% |       3 |       2 |             2 |      1842
     1940 |     +0.0% |       3 |       2 |             2 |      1832
     1950 |     +0.0% |       3 |       2 |             2 |      1822
     1960 |     +0.0% |       3 |       2 |             2 |      1812
     1970 |     +0.0% |       3 |       2 |             2 |      1802
     1980 |     +0.0% |       3 |       2 |             2 |      1792
     1990 |     +0.0% |       3 |       2 |             2 |      1782
[WARNING RSZ-0104] Net _1712_ only has one pin. Check if it is intended to be dangling.
[WARNING RSZ-0104] Net _1706_ only has one pin. Check if it is intended to be dangling.
     2000 |     +0.0% |       3 |       2 |             2 |      1772
[WARNING RSZ-0104] Net _1705_ only has one pin. Check if it is intended to be dangling.
     2010 |     +0.0% |       3 |       2 |             2 |      1762
     2020 |     +0.0% |       3 |       2 |             2 |      1752
     2030 |     +0.0% |       3 |       2 |             2 |      1742
     2040 |     +0.0% |       3 |       2 |             2 |      1732
     2050 |     +0.0% |       3 |       2 |             2 |      1722
     2060 |     +0.0% |       3 |       2 |             2 |      1712
     2070 |     +0.0% |       3 |       2 |             2 |      1702
     2080 |     +0.0% |       3 |       2 |             2 |      1692
     2090 |     +0.0% |       3 |       2 |             2 |      1682
     2100 |     +0.0% |       3 |       2 |             2 |      1672
     2110 |     +0.0% |       3 |       2 |             2 |      1662
     2120 |     +0.0% |       3 |       2 |             2 |      1652
     2130 |     +0.0% |       3 |       2 |             2 |      1642
     2140 |     +0.0% |       3 |       2 |             2 |      1632
     2150 |     +0.0% |       3 |       2 |             2 |      1622
     2160 |     +0.0% |       3 |       2 |             2 |      1612
     2170 |     +0.0% |       3 |       2 |             2 |      1602
     2180 |     +0.0% |       3 |       2 |             2 |      1592
     2190 |     +0.0% |       3 |       2 |             2 |      1582
     2200 |     +0.0% |       3 |       2 |             2 |      1572
     2210 |     +0.0% |       3 |       2 |             2 |      1562
     2220 |     +0.0% |       3 |       2 |             2 |      1552
     2230 |     +0.0% |       3 |       2 |             2 |      1542
     2240 |     +0.0% |       3 |       2 |             2 |      1532
     2250 |     +0.0% |       3 |       2 |             2 |      1522
     2260 |     +0.0% |       3 |       2 |             2 |      1512
     2270 |     +0.0% |       3 |       2 |             2 |      1502
     2280 |     +0.0% |       3 |       2 |             2 |      1492
     2290 |     +0.0% |       3 |       2 |             2 |      1482
     2300 |     +0.0% |       3 |       2 |             2 |      1472
     2310 |     +0.0% |       3 |       2 |             2 |      1462
     2320 |     +0.0% |       3 |       2 |             2 |      1452
     2330 |     +0.0% |       3 |       2 |             2 |      1442
     2340 |     +0.0% |       3 |       2 |             2 |      1432
     2350 |     +0.0% |       3 |       2 |             2 |      1422
     2360 |     +0.0% |       3 |       2 |             2 |      1412
     2370 |     +0.0% |       3 |       2 |             2 |      1402
     2380 |     +0.0% |       3 |       2 |             2 |      1392
     2390 |     +0.0% |       3 |       2 |             2 |      1382
     2400 |     +0.0% |       3 |       2 |             2 |      1372
     2410 |     +0.0% |       3 |       2 |             2 |      1362
     2420 |     +0.0% |       3 |       2 |             2 |      1352
     2430 |     +0.0% |       3 |       2 |             2 |      1342
     2440 |     +0.0% |       3 |       2 |             2 |      1332
     2450 |     +0.0% |       3 |       2 |             2 |      1322
[WARNING RSZ-0104] Net _1701_ only has one pin. Check if it is intended to be dangling.
     2460 |     +0.0% |       3 |       2 |             2 |      1312
     2470 |     +0.0% |       3 |       2 |             2 |      1302
     2480 |     +0.0% |       3 |       2 |             2 |      1292
     2490 |     +0.0% |       3 |       2 |             2 |      1282
     2500 |     +0.0% |       3 |       2 |             2 |      1272
     2510 |     +0.0% |       3 |       2 |             2 |      1262
     2520 |     +0.0% |       3 |       2 |             2 |      1252
     2530 |     +0.0% |       3 |       2 |             2 |      1242
     2540 |     +0.0% |       3 |       2 |             2 |      1232
     2550 |     +0.0% |       3 |       2 |             2 |      1222
     2560 |     +0.0% |       3 |       2 |             2 |      1212
     2570 |     +0.0% |       3 |       2 |             2 |      1202
     2580 |     +0.0% |       3 |       2 |             2 |      1192
     2590 |     +0.0% |       3 |       2 |             2 |      1182
     2600 |     +0.0% |       3 |       2 |             2 |      1172
     2610 |     +0.0% |       3 |       2 |             2 |      1162
     2620 |     +0.0% |       3 |       2 |             2 |      1152
     2630 |     +0.0% |       3 |       2 |             2 |      1142
     2640 |     +0.0% |       3 |       2 |             2 |      1132
     2650 |     +0.0% |       3 |       2 |             2 |      1122
     2660 |     +0.0% |       3 |       2 |             2 |      1112
     2670 |     +0.0% |       3 |       2 |             2 |      1102
     2680 |     +0.0% |       3 |       2 |             2 |      1092
     2690 |     +0.0% |       3 |       2 |             2 |      1082
     2700 |     +0.0% |       3 |       2 |             2 |      1072
     2710 |     +0.0% |       3 |       2 |             2 |      1062
     2720 |     +0.0% |       3 |       2 |             2 |      1052
     2730 |     +0.0% |       3 |       2 |             2 |      1042
     2740 |     +0.0% |       3 |       2 |             2 |      1032
     2750 |     +0.0% |       3 |       2 |             2 |      1022
     2760 |     +0.0% |       3 |       2 |             2 |      1012
     2770 |     +0.0% |       3 |       2 |             2 |      1002
     2780 |     +0.0% |       3 |       2 |             2 |       992
     2790 |     +0.0% |       3 |       2 |             2 |       982
     2800 |     +0.0% |       3 |       2 |             2 |       972
     2810 |     +0.0% |       3 |       2 |             2 |       962
     2820 |     +0.0% |       3 |       2 |             2 |       952
     2830 |     +0.0% |       3 |       2 |             2 |       942
     2840 |     +0.0% |       3 |       2 |             2 |       932
     2850 |     +0.0% |       3 |       2 |             2 |       922
     2860 |     +0.0% |       3 |       2 |             2 |       912
     2870 |     +0.0% |       3 |       2 |             2 |       902
     2880 |     +0.0% |       3 |       2 |             2 |       892
     2890 |     +0.0% |       3 |       2 |             2 |       882
     2900 |     +0.0% |       3 |       2 |             2 |       872
     2910 |     +0.0% |       3 |       2 |             2 |       862
     2920 |     +0.0% |       3 |       2 |             2 |       852
     2930 |     +0.0% |       3 |       2 |             2 |       842
     2940 |     +0.0% |       3 |       2 |             2 |       832
     2950 |     +0.0% |       3 |       2 |             2 |       822
     2960 |     +0.0% |       3 |       2 |             2 |       812
     2970 |     +0.0% |       3 |       2 |             2 |       802
     2980 |     +0.0% |       3 |       2 |             2 |       792
     2990 |     +0.0% |       3 |       2 |             2 |       782
     3000 |     +0.0% |       4 |       2 |             3 |       772
     3010 |     +0.0% |       4 |       2 |             3 |       762
     3020 |     +0.0% |       4 |       2 |             3 |       752
     3030 |     +0.0% |       4 |       2 |             3 |       742
     3040 |     +0.0% |       4 |       2 |             3 |       732
     3050 |     +0.0% |       4 |       2 |             3 |       722
     3060 |     +0.0% |       4 |       2 |             3 |       712
     3070 |     +0.0% |       4 |       2 |             3 |       702
     3080 |     +0.0% |       4 |       2 |             3 |       692
     3090 |     +0.0% |       4 |       2 |             3 |       682
     3100 |     +0.0% |       4 |       2 |             3 |       672
     3110 |     +0.0% |       4 |       2 |             3 |       662
     3120 |     +0.0% |       4 |       2 |             3 |       652
     3130 |     +0.0% |       4 |       2 |             3 |       642
     3140 |     +0.0% |       4 |       2 |             3 |       632
     3150 |     +0.0% |       4 |       2 |             3 |       622
     3160 |     +0.0% |       4 |       2 |             3 |       612
     3170 |     +0.0% |       4 |       2 |             3 |       602
     3180 |     +0.0% |       4 |       2 |             3 |       592
     3190 |     +0.0% |       4 |       2 |             3 |       582
     3200 |     +0.0% |       4 |       2 |             3 |       572
     3210 |     +0.0% |       4 |       2 |             3 |       562
     3220 |     +0.0% |       4 |       2 |             3 |       552
     3230 |     +0.0% |       4 |       2 |             3 |       542
     3240 |     +0.0% |       4 |       2 |             3 |       532
     3250 |     +0.0% |       4 |       2 |             3 |       522
     3260 |     +0.0% |       4 |       3 |             4 |       512
     3270 |     +0.0% |       4 |       3 |             4 |       502
     3280 |     +0.0% |       4 |       3 |             4 |       492
     3290 |     +0.0% |       4 |       3 |             4 |       482
     3300 |     +0.0% |       4 |       3 |             4 |       472
     3310 |     +0.0% |       4 |       3 |             4 |       462
     3320 |     +0.0% |       4 |       3 |             4 |       452
     3330 |     +0.0% |       4 |       3 |             4 |       442
     3340 |     +0.0% |       4 |       3 |             4 |       432
     3350 |     +0.0% |       4 |       3 |             4 |       422
     3360 |     +0.0% |       4 |       3 |             4 |       412
     3370 |     +0.0% |       4 |       3 |             4 |       402
     3380 |     +0.0% |       4 |       3 |             4 |       392
     3390 |     +0.0% |       4 |       3 |             4 |       382
     3400 |     +0.0% |       4 |       3 |             4 |       372
     3410 |     +0.0% |       4 |       3 |             4 |       362
     3420 |     +0.0% |       4 |       3 |             4 |       352
[WARNING RSZ-0104] Net HSIZE_Sys0\[2\] only has one pin. Check if it is intended to be dangling.
     3430 |     +0.0% |       4 |       3 |             4 |       342
     3440 |     +0.0% |       4 |       3 |             4 |       332
     3450 |     +0.0% |       4 |       3 |             4 |       322
     3460 |     +0.0% |       4 |       3 |             4 |       312
     3470 |     +0.0% |       4 |       3 |             4 |       302
     3480 |     +0.0% |       4 |       3 |             4 |       292
[WARNING RSZ-0104] Net M2_IRQ\[31\] only has one pin. Check if it is intended to be dangling.
[WARNING RSZ-0104] Net M2_IRQ\[30\] only has one pin. Check if it is intended to be dangling.
[WARNING RSZ-0104] Net M2_IRQ\[29\] only has one pin. Check if it is intended to be dangling.
[WARNING RSZ-0104] Net M2_IRQ\[28\] only has one pin. Check if it is intended to be dangling.
[WARNING RSZ-0104] Net M2_IRQ\[27\] only has one pin. Check if it is intended to be dangling.
     3490 |     +0.0% |       4 |       3 |             4 |       282
     3500 |     +0.0% |       4 |       3 |             4 |       272
     3510 |     +0.0% |       4 |       3 |             4 |       262
     3520 |     +0.0% |       4 |       3 |             4 |       252
     3530 |     +0.0% |       4 |       3 |             4 |       242
     3540 |     +0.0% |       4 |       3 |             4 |       232
     3550 |     +0.0% |       4 |       3 |             4 |       222
     3560 |     +0.0% |       4 |       3 |             4 |       212
     3570 |     +0.0% |       4 |       3 |             4 |       202
     3580 |     +0.0% |       4 |       3 |             4 |       192
     3590 |     +0.0% |       4 |       3 |             4 |       182
     3600 |     +0.0% |       4 |       3 |             4 |       172
     3610 |     +0.0% |       4 |       3 |             4 |       162
     3620 |     +0.0% |       4 |       3 |             4 |       152
     3630 |     +0.0% |       4 |       3 |             4 |       142
     3640 |     +0.0% |       4 |       3 |             4 |       132
     3650 |     +0.0% |       4 |       3 |             4 |       122
     3660 |     +0.0% |       4 |       3 |             4 |       112
     3670 |     +0.0% |       4 |       3 |             4 |       102
     3680 |     +0.0% |       4 |       3 |             4 |        92
     3690 |     +0.0% |       4 |       3 |             4 |        82
     3700 |     +0.0% |       4 |       3 |             4 |        72
     3710 |     +0.0% |       4 |       3 |             4 |        62
     3720 |     +0.0% |       4 |       3 |             4 |        52
     3730 |     +0.0% |       4 |       3 |             4 |        42
     3740 |     +0.0% |       4 |       3 |             4 |        32
     3750 |     +0.0% |       4 |       3 |             4 |        22
     3760 |     +0.0% |       4 |       3 |             4 |        12
     3770 |     +0.0% |       4 |       3 |             4 |         2
    final |     +0.0% |       4 |       3 |             4 |         0
---------------------------------------------------------------------
[INFO RSZ-0034] Found 5 slew violations.
[INFO RSZ-0036] Found 3 capacitance violations.
[INFO RSZ-0039] Resized 4 instances.
[INFO RSZ-0038] Inserted 3 buffers in 4 nets.
[INFO RSZ-0504] Runtime: 0.88s
global_route -start_incremental
detailed_placement
[INFO DPL-0006] Core area: 9325744.13 um^2
[INFO DPL-0007] Movable instances area: 40277.38 um^2
[INFO DPL-0008] Fixed instances area within core: 5636568.15 um^2
[INFO DPL-0009] Utilization: 60.9%
[INFO DPL-0005] Diamond search max displacement: +/- 500 sites horizontally, +/- 100 rows vertically.
[INFO DPL-1102] Legalizing using negotiation legalizer.
[INFO DPL-1103] Negotiation base search window: +/-20 sites horizontally, +/-5 rows vertically 
	Automatic search window extension enabled.
	Search window extendable up to the max displacement cap of +/-500 sites, +/-100 rows near walls.
[INFO DPL-1104] NegotiationLegalizer DRC penalty: 5.
[INFO DPL-0392] Negotiation cell height distribution (5 unique row-count(s)):
[INFO DPL-0393]   height 1 row(s): 52744 cells
[INFO DPL-0393]   height 221 row(s): 1 cells
[INFO DPL-0393]   height 258 row(s): 1 cells
[INFO DPL-0393]   height 295 row(s): 1 cells
[INFO DPL-0393]   height 511 row(s): 3 cells
          |      Total |  Illegal |  Illegal
Iteration | Violations |    Cells |    Sites
---------------------------------------------
        0 |          0 |         0 |         0
Negotiation phase 1 converged at iteration 0.
[INFO DPL-0500] Runtime: 0.13s
Placement Analysis
---------------------------------
total displacement         10.5 u
average displacement        0.0 u
max displacement            5.4 u
original HPWL          699475.8 u
legalized HPWL         699487.6 u
delta HPWL                    0 %

global_route -end_incremental -congestion_report_file /tmp/workspace/scripts-Private_test-fr_cugr_cmp-1-/reports/sky130hd/chameleon/base/congestion_post_repair_design.rpt
Repair setup and hold violations...
estimate_parasitics -global_routing
repair_timing -setup_margin 0 -hold_margin 0 -repair_tns 100 -verbose
[INFO RSZ-0100] Repair move sequence: UnbufferMove SizeUpMove SwapPinsMove BufferMove CloneMove SplitLoadMove 
[INFO RSZ-0094] Found 345 endpoints with setup violations.
[INFO RSZ-0099] Repairing 345 out of 345 (100.00%) violating endpoints...
   Iter   | Removed | Resized | Inserted | Cloned |  Pin  |   Area   |    WNS   |   StTNS    |   EnTNS    |  Viol  |  Worst  
          | Buffers |  Gates  | Buffers  |  Gates | Swaps |          |          |            |            | Endpts | St/EnPt 
------------------------------------------------------------------------------------------------------------------------------
       0* |       0 |       0 |        0 |      0 |     0 |    +0.0% |   -2.930 |      -48.2 |     -117.8 |    345 | fdo_Sys0_S0[0]
      10* |       1 |       0 |        0 |      0 |     8 |    -0.0% |   -2.850 |      -47.4 |     -117.7 |    345 | fdo_Sys0_S0[0]
      20* |       1 |       6 |        1 |      0 |    11 |    +0.0% |   -2.820 |      -47.3 |     -117.6 |    345 | fdo_Sys0_S0[0]
      22* |       1 |       7 |        2 |      0 |    11 |    +0.0% |   -2.812 |      -47.3 |     -117.6 |    345 | fdo_Sys0_S0[0]
      30* |       2 |       8 |        4 |      0 |    14 |    +0.0% |   -2.812 |      -47.2 |     -117.7 |    345 | fdo_Sys0_S0[0]
      40* |       4 |      14 |        6 |      0 |    14 |    +0.0% |   -2.812 |      -46.9 |     -117.4 |    345 | fdo_Sys0_S0[0]
      50* |       6 |      18 |        8 |      0 |    16 |    +0.0% |   -2.812 |      -46.7 |     -117.4 |    345 | fdo_Sys0_S0[0]
      60* |       8 |      22 |       12 |      0 |    17 |    +0.0% |   -2.812 |      -46.6 |     -117.3 |    345 | fdo_Sys0_S0[0]
      70* |       8 |      26 |       19 |      0 |    17 |    +0.0% |   -2.812 |      -46.6 |     -117.8 |    345 | fdo_Sys0_S0[0]
      80* |       9 |      32 |       21 |      0 |    18 |    +0.0% |   -2.812 |      -46.5 |     -118.3 |    345 | fdo_Sys0_S0[0]
      88* |       8 |      22 |       12 |      0 |    17 |    +0.0% |   -2.812 |      -46.6 |     -117.3 |    345 | fdo_Sys0_S0[0]
      90* |       8 |      22 |       12 |      0 |    18 |    +0.0% |   -2.812 |      -46.6 |     -117.2 |    345 | fdo_Sys0_S0[0]
     100* |       9 |      27 |       14 |      0 |    20 |    +0.0% |   -2.812 |      -46.6 |     -117.3 |    345 | fdo_Sys0_S0[0]
     103* |       9 |      24 |       12 |      0 |    18 |    +0.0% |   -2.812 |      -46.6 |     -117.1 |    345 | fdo_Sys0_S0[0]
     110* |       9 |      26 |       13 |      0 |    21 |    +0.0% |   -2.810 |      -46.6 |     -117.2 |    345 | fdo_Sys0_S0[0]
     112* |       9 |      26 |       13 |      0 |    20 |    +0.0% |   -2.810 |      -46.6 |     -117.2 |    345 | fdo_Sys0_S0[0]
     120* |      10 |      31 |       13 |      0 |    21 |    +0.0% |   -2.810 |      -46.3 |     -116.6 |    345 | fdo_Sys0_S0[0]
     129* |      11 |      33 |       14 |      0 |    21 |    +0.0% |   -2.810 |      -46.2 |     -116.4 |    345 | fdo_Sys0_S0[0]
     130* |      11 |      33 |       14 |      0 |    21 |    +0.0% |   -2.810 |      -46.2 |     -116.4 |    345 | fdo_Sys0_S0[0]
     140* |      13 |      39 |       15 |      0 |    22 |    +0.0% |   -2.810 |      -46.1 |     -116.2 |    345 | fdo_Sys0_S0[0]
     141* |      13 |      39 |       15 |      0 |    22 |    +0.0% |   -2.810 |      -46.1 |     -116.2 |    345 | fdo_Sys0_S0[0]
     150* |      14 |      44 |       15 |      0 |    24 |    +0.0% |   -2.810 |      -45.7 |     -115.6 |    345 | fdo_Sys0_S0[0]
     155* |      15 |      45 |       15 |      0 |    24 |    +0.0% |   -2.810 |      -45.7 |     -115.5 |    345 | fdo_Sys0_S0[0]
     160* |      15 |      48 |       15 |      0 |    25 |    +0.0% |   -2.810 |      -45.4 |     -115.1 |    345 | fdo_Sys0_S0[0]
     170* |      17 |      55 |       16 |      0 |    25 |    +0.0% |   -2.810 |      -45.2 |     -114.4 |    345 | fdo_Sys0_S0[0]
     173* |      18 |      57 |       16 |      0 |    25 |    +0.0% |   -2.810 |      -45.1 |     -114.3 |    345 | fdo_Sys0_S0[0]
     180* |      20 |      59 |       17 |      0 |    26 |    +0.0% |   -2.810 |      -45.0 |     -114.3 |    345 | fdo_Sys0_S0[0]
     185* |      21 |      61 |       17 |      0 |    26 |    +0.0% |   -2.810 |      -44.9 |     -114.1 |    345 | fdo_Sys0_S0[0]
     190* |      21 |      64 |       17 |      0 |    27 |    +0.0% |   -2.810 |      -44.7 |     -113.3 |    345 | fdo_Sys0_S0[0]
     200* |      23 |      71 |       17 |      0 |    28 |    +0.0% |   -2.810 |      -44.4 |     -112.9 |    345 | fdo_Sys0_S0[0]
     200* |      23 |      71 |       17 |      0 |    28 |    +0.0% |   -2.810 |      -44.4 |     -112.9 |    345 | fdo_Sys0_S0[0]
     210* |      23 |      77 |       20 |      0 |    29 |    +0.0% |   -2.810 |      -43.9 |     -120.2 |    345 | fdo_Sys0_S0[0]
     220* |      25 |      83 |       21 |      0 |    30 |    +0.0% |   -2.810 |      -43.8 |     -118.6 |    345 | fdo_Sys0_S0[0]
     230* |      27 |      88 |       21 |      0 |    33 |    +0.0% |   -2.810 |      -43.3 |     -109.0 |    345 | fdo_Sys0_S0[0]
     240* |      28 |      95 |       22 |      0 |    34 |    +0.0% |   -2.810 |      -42.9 |     -104.3 |    345 | fdo_Sys0_S0[0]
     250* |      28 |     103 |       23 |      0 |    35 |    +0.0% |   -2.810 |      -42.8 |     -102.7 |    345 | fdo_Sys0_S0[0]
     260* |      29 |     109 |       24 |      0 |    37 |    +0.0% |   -2.810 |      -42.4 |     -102.3 |    345 | fdo_Sys0_S0[0]
     270* |      29 |     113 |       29 |      0 |    38 |    +0.0% |   -2.810 |      -41.9 |      -99.5 |    345 | fdo_Sys0_S0[0]
     280* |      30 |     118 |       32 |      0 |    39 |    +0.0% |   -2.810 |      -41.7 |      -97.2 |    345 | fdo_Sys0_S0[0]
     281* |      31 |     118 |       32 |      0 |    39 |    +0.0% |   -2.810 |      -41.7 |      -97.2 |    345 | fdo_Sys0_S0[0]
     286* |      32 |     119 |       32 |      0 |    39 |    +0.0% |   -2.810 |      -41.7 |      -97.0 |    345 | fdo_Sys0_S0[0]
     290* |      33 |     120 |       33 |      0 |    39 |    +0.0% |   -2.810 |      -41.6 |      -97.0 |    345 | fdo_Sys0_S0[0]
     291* |      33 |     119 |       32 |      0 |    39 |    +0.0% |   -2.810 |      -41.6 |      -96.9 |    345 | fdo_Sys0_S0[0]
     300* |      34 |     125 |       34 |      0 |    39 |    +0.0% |   -2.810 |      -41.2 |      -96.2 |    345 | fdo_Sys0_S0[0]
     310* |      35 |     131 |       36 |      0 |    40 |    +0.0% |   -2.810 |      -41.0 |      -95.9 |    345 | fdo_Sys0_S0[0]
     314* |      35 |     130 |       35 |      0 |    40 |    +0.0% |   -2.810 |      -41.0 |      -95.9 |    345 | fdo_Sys0_S0[0]
     320* |      35 |     133 |       36 |      0 |    41 |    +0.0% |   -2.810 |      -40.8 |      -95.6 |    345 | fdo_Sys0_S0[0]
     330* |      38 |     139 |       36 |      0 |    42 |    +0.0% |   -2.810 |      -40.4 |      -94.9 |    345 | fdo_Sys0_S0[0]
     330* |      38 |     138 |       36 |      0 |    42 |    +0.0% |   -2.810 |      -40.4 |      -94.9 |    345 | fdo_Sys0_S0[0]
     339* |      40 |     144 |       36 |      0 |    42 |    +0.0% |   -2.810 |      -40.1 |      -94.6 |    345 | fdo_Sys0_S0[0]
     340* |      40 |     144 |       36 |      0 |    42 |    +0.0% |   -2.810 |      -40.1 |      -94.6 |    345 | fdo_Sys0_S0[0]
     341* |      41 |     144 |       36 |      0 |    42 |    +0.0% |   -2.810 |      -40.1 |      -94.5 |    345 | fdo_Sys0_S0[0]
     350* |      42 |     149 |       37 |      0 |    43 |    +0.0% |   -2.810 |      -39.8 |      -94.3 |    345 | fdo_Sys0_S0[0]
     357* |      44 |     151 |       37 |      0 |    44 |    +0.0% |   -2.810 |      -39.6 |      -93.9 |    345 | fdo_Sys0_S0[0]
     359* |      45 |     151 |       37 |      0 |    44 |    +0.0% |   -2.810 |      -39.6 |      -93.8 |    345 | fdo_Sys0_S0[0]
     360* |      45 |     151 |       37 |      0 |    44 |    +0.0% |   -2.810 |      -39.6 |      -93.8 |    345 | fdo_Sys0_S0[0]
     370* |      47 |     157 |       38 |      0 |    45 |    +0.0% |   -2.810 |      -39.2 |      -94.4 |    345 | fdo_Sys0_S0[0]
     375* |      48 |     161 |       38 |      0 |    45 |    +0.0% |   -2.810 |      -39.1 |      -93.9 |    345 | fdo_Sys0_S0[0]
     380* |      48 |     164 |       38 |      0 |    46 |    +0.0% |   -2.810 |      -38.9 |      -93.6 |    345 | fdo_Sys0_S0[0]
     390* |      53 |     168 |       39 |      0 |    46 |    +0.0% |   -2.810 |      -38.5 |      -92.1 |    345 | fdo_Sys0_S0[0]
     397* |      53 |     168 |       39 |      0 |    46 |    +0.0% |   -2.810 |      -38.5 |      -92.1 |    345 | fdo_Sys0_S0[0]
     400* |      54 |     168 |       39 |      0 |    47 |    +0.0% |   -2.810 |      -38.5 |      -92.0 |    345 | fdo_Sys0_S0[0]
     408* |      56 |     173 |       41 |      0 |    47 |    +0.0% |   -2.810 |      -38.3 |      -92.2 |    345 | fdo_Sys0_S0[0]
     410* |      57 |     173 |       41 |      0 |    47 |    +0.0% |   -2.810 |      -38.3 |      -92.1 |    345 | fdo_Sys0_S0[0]
     410* |      57 |     173 |       41 |      0 |    47 |    +0.0% |   -2.810 |      -38.3 |      -92.1 |    345 | fdo_Sys0_S0[0]
     420* |      58 |     179 |       42 |      0 |    48 |    +0.0% |   -2.810 |      -38.0 |      -91.7 |    345 | fdo_Sys0_S0[0]
     428* |      58 |     179 |       41 |      0 |    48 |    +0.0% |   -2.810 |      -38.0 |      -91.6 |    345 | fdo_Sys0_S0[0]
     430* |      58 |     180 |       41 |      0 |    48 |    +0.0% |   -2.810 |      -37.9 |      -91.4 |    345 | fdo_Sys0_S0[0]
     440* |      60 |     185 |       43 |      0 |    49 |    +0.0% |   -2.810 |      -37.6 |      -91.3 |    345 | fdo_Sys0_S0[0]
     448* |      59 |     184 |       41 |      0 |    49 |    +0.0% |   -2.810 |      -37.7 |      -91.0 |    345 | fdo_Sys0_S0[0]
     450* |      59 |     185 |       41 |      0 |    49 |    +0.0% |   -2.810 |      -37.6 |      -91.0 |    345 | fdo_Sys0_S0[0]
     460* |      60 |     190 |       44 |      1 |    50 |    +0.0% |   -2.810 |      -37.6 |      -91.5 |    345 | fdo_Sys0_S0[0]
     466* |      61 |     192 |       44 |      2 |    52 |    +0.0% |   -2.810 |      -37.8 |      -91.7 |    345 | fdo_Sys0_S0[0]
     470* |      62 |     193 |       44 |      2 |    53 |    +0.0% |   -2.810 |      -37.5 |      -91.4 |    345 | fdo_Sys0_S0[0]
     480* |      65 |     199 |       44 |      2 |    54 |    +0.0% |   -2.810 |      -37.2 |      -90.9 |    345 | fdo_Sys0_S0[0]
     481* |      65 |     199 |       44 |      2 |    54 |    +0.0% |   -2.810 |      -37.2 |      -90.9 |    345 | fdo_Sys0_S0[0]
     490* |      67 |     204 |       44 |      2 |    55 |    +0.0% |   -2.810 |      -36.9 |      -90.4 |    345 | fdo_Sys0_S0[0]
     497* |      68 |     204 |       44 |      2 |    55 |    +0.0% |   -2.810 |      -36.9 |      -90.3 |    345 | fdo_Sys0_S0[0]
     500* |      68 |     205 |       44 |      2 |    56 |    +0.0% |   -2.810 |      -36.7 |      -90.1 |    345 | fdo_Sys0_S0[0]
     510* |      70 |     211 |       45 |      2 |    57 |    +0.0% |   -2.810 |      -36.3 |      -90.3 |    345 | fdo_Sys0_S0[0]
     516* |      70 |     211 |       44 |      2 |    56 |    +0.0% |   -2.810 |      -36.3 |      -89.5 |    345 | fdo_Sys0_S0[0]
     520* |      71 |     212 |       45 |      2 |    56 |    +0.0% |   -2.810 |      -36.3 |      -90.0 |    345 | fdo_Sys0_S0[0]
     524* |      71 |     211 |       44 |      2 |    56 |    +0.0% |   -2.810 |      -36.3 |      -89.4 |    345 | fdo_Sys0_S0[0]
     528* |      72 |     211 |       44 |      2 |    56 |    +0.0% |   -2.810 |      -36.3 |      -89.3 |    345 | fdo_Sys0_S0[0]
     530* |      73 |     211 |       44 |      2 |    56 |    +0.0% |   -2.810 |      -36.3 |      -89.2 |    345 | fdo_Sys0_S0[0]
     531* |      73 |     211 |       45 |      2 |    56 |    +0.0% |   -2.810 |      -36.3 |      -90.0 |    345 | fdo_Sys0_S0[0]
     540* |      74 |     216 |       46 |      2 |    57 |    +0.0% |   -2.810 |      -36.1 |      -89.5 |    345 | fdo_Sys0_S0[0]
     550* |      76 |     221 |       49 |      2 |    58 |    +0.0% |   -2.810 |      -36.0 |      -90.3 |    345 | fdo_Sys0_S0[0]
     552* |      77 |     221 |       49 |      2 |    58 |    +0.0% |   -2.810 |      -35.9 |      -90.1 |    345 | fdo_Sys0_S0[0]
     560* |      78 |     226 |       49 |      2 |    59 |    +0.0% |   -2.810 |      -35.6 |      -89.5 |    345 | fdo_Sys0_S0[0]
     565* |      78 |     227 |       49 |      2 |    59 |    +0.0% |   -2.810 |      -35.6 |      -89.5 |    345 | fdo_Sys0_S0[0]
     570* |      78 |     230 |       49 |      2 |    60 |    +0.0% |   -2.810 |      -35.4 |      -89.1 |    345 | fdo_Sys0_S0[0]
     580* |      80 |     234 |       53 |      2 |    61 |    +0.0% |   -2.810 |      -35.3 |      -89.5 |    345 | fdo_Sys0_S0[0]
     585* |      80 |     233 |       52 |      2 |    60 |    +0.0% |   -2.810 |      -35.3 |      -89.2 |    345 | fdo_Sys0_S0[0]
     590* |      81 |     235 |       53 |      2 |    60 |    +0.0% |   -2.810 |      -35.2 |      -89.3 |    345 | fdo_Sys0_S0[0]
     592* |      81 |     234 |       52 |      2 |    60 |    +0.0% |   -2.810 |      -35.2 |      -89.1 |    345 | fdo_Sys0_S0[0]
     600* |      82 |     238 |       53 |      2 |    61 |    +0.0% |   -2.810 |      -35.0 |      -88.5 |    345 | fdo_Sys0_S0[0]
     610* |      85 |     244 |       54 |      2 |    61 |    +0.0% |   -2.810 |      -34.7 |      -88.4 |    345 | fdo_Sys0_S0[0]
     614* |      85 |     243 |       54 |      2 |    61 |    +0.0% |   -2.810 |      -34.7 |      -88.4 |    345 | fdo_Sys0_S0[0]
     620* |      86 |     245 |       56 |      2 |    61 |    +0.0% |   -2.810 |      -34.7 |      -88.6 |    345 | fdo_Sys0_S0[0]
     621* |      86 |     244 |       55 |      2 |    61 |    +0.0% |   -2.810 |      -34.7 |      -88.4 |    345 | fdo_Sys0_S0[0]
     627* |      86 |     245 |       55 |      2 |    61 |    +0.0% |   -2.810 |      -34.6 |      -88.3 |    345 | fdo_Sys0_S0[0]
     630* |      87 |     246 |       55 |      2 |    61 |    +0.0% |   -2.810 |      -34.6 |      -88.2 |    345 | fdo_Sys0_S0[0]
     632* |      87 |     246 |       55 |      2 |    61 |    +0.0% |   -2.810 |      -34.6 |      -88.2 |    345 | fdo_Sys0_S0[0]
     640* |      88 |     250 |       57 |      2 |    61 |    +0.0% |   -2.810 |      -34.5 |      -88.0 |    345 | fdo_Sys0_S0[0]
     650* |      89 |     255 |       59 |      2 |    63 |    +0.0% |   -2.810 |      -34.4 |      -87.8 |    345 | fdo_Sys0_S0[0]
     655* |      89 |     255 |       59 |      2 |    63 |    +0.0% |   -2.810 |      -34.4 |      -87.8 |    345 | fdo_Sys0_S0[0]
     660* |      90 |     257 |       59 |      2 |    64 |    +0.0% |   -2.810 |      -34.1 |      -87.4 |    345 | fdo_Sys0_S0[0]
     667* |      91 |     259 |       59 |      2 |    64 |    +0.0% |   -2.810 |      -34.1 |      -87.3 |    345 | fdo_Sys0_S0[0]
     670* |      92 |     259 |       59 |      2 |    65 |    +0.0% |   -2.810 |      -34.0 |      -87.2 |    345 | fdo_Sys0_S0[0]
     680* |      94 |     264 |       62 |      2 |    66 |    +0.0% |   -2.810 |      -33.8 |      -87.4 |    345 | fdo_Sys0_S0[0]
     681* |      94 |     265 |       62 |      2 |    66 |    +0.0% |   -2.810 |      -33.7 |      -87.3 |    345 | fdo_Sys0_S0[0]
     683* |      95 |     265 |       62 |      2 |    66 |    +0.0% |   -2.810 |      -33.7 |      -87.2 |    345 | fdo_Sys0_S0[0]
     690* |      96 |     269 |       63 |      2 |    66 |    +0.0% |   -2.810 |      -33.7 |      -87.4 |    345 | fdo_Sys0_S0[0]
     691* |      96 |     268 |       63 |      2 |    66 |    +0.0% |   -2.810 |      -33.7 |      -87.4 |    345 | fdo_Sys0_S0[0]
     700* |      98 |     272 |       63 |      2 |    68 |    +0.0% |   -2.810 |      -33.6 |      -87.2 |    345 | fdo_Sys0_S0[0]
     701* |      99 |     272 |       63 |      2 |    68 |    +0.0% |   -2.810 |      -33.5 |      -87.0 |    345 | fdo_Sys0_S0[0]
     709* |     100 |     272 |       64 |      2 |    68 |    +0.0% |   -2.810 |      -33.5 |      -87.1 |    345 | fdo_Sys0_S0[0]
     710* |     100 |     272 |       64 |      2 |    68 |    +0.0% |   -2.810 |      -33.5 |      -87.1 |    345 | fdo_Sys0_S0[0]
     717* |     101 |     276 |       65 |      3 |    68 |    +0.0% |   -2.810 |      -33.5 |      -87.3 |    345 | fdo_Sys0_S0[0]
     720* |     101 |     277 |       65 |      3 |    69 |    +0.0% |   -2.810 |      -33.4 |      -87.1 |    345 | fdo_Sys0_S0[0]
     730* |     103 |     283 |       67 |      3 |    69 |    +0.0% |   -2.810 |      -33.2 |      -87.7 |    345 | fdo_Sys0_S0[0]
     734* |     103 |     282 |       66 |      3 |    69 |    +0.0% |   -2.810 |      -33.2 |      -87.3 |    345 | fdo_Sys0_S0[0]
     740* |     103 |     285 |       66 |      4 |    70 |    +0.0% |   -2.810 |      -33.2 |      -87.3 |    345 | fdo_Sys0_S0[0]
     747* |     107 |     287 |       67 |      4 |    70 |    +0.0% |   -2.810 |      -33.2 |      -86.9 |    345 | fdo_Sys0_S0[0]
     750* |     107 |     288 |       68 |      4 |    70 |    +0.0% |   -2.810 |      -33.1 |      -87.0 |    345 | fdo_Sys0_S0[0]
     760* |     109 |     294 |       69 |      4 |    71 |    +0.0% |   -2.810 |      -32.9 |      -86.9 |    345 | fdo_Sys0_S0[0]
     761* |     109 |     292 |       68 |      4 |    71 |    +0.0% |   -2.810 |      -32.9 |      -86.8 |    345 | fdo_Sys0_S0[0]
     770* |     111 |     296 |       69 |      4 |    72 |    +0.0% |   -2.810 |      -32.8 |      -86.8 |    345 | fdo_Sys0_S0[0]
     774* |     111 |     293 |       68 |      4 |    72 |    +0.0% |   -2.810 |      -32.8 |      -86.6 |    345 | fdo_Sys0_S0[0]
     780* |     112 |     296 |       69 |      4 |    72 |    +0.0% |   -2.810 |      -32.8 |      -86.6 |    345 | fdo_Sys0_S0[0]
     780* |     112 |     296 |       69 |      4 |    72 |    +0.0% |   -2.810 |      -32.8 |      -86.6 |    345 | fdo_Sys0_S0[0]
     790* |     112 |     304 |       70 |      4 |    72 |    +0.0% |   -2.810 |      -32.8 |      -85.9 |    345 | fdo_Sys0_S0[0]
     791* |     113 |     304 |       70 |      4 |    72 |    +0.0% |   -2.810 |      -32.8 |      -85.8 |    345 | fdo_Sys0_S0[0]
     800* |     115 |     308 |       71 |      4 |    73 |    +0.0% |   -2.810 |      -32.5 |      -85.5 |    345 | fdo_Sys0_S0[0]
     804* |     115 |     308 |       70 |      4 |    73 |    +0.0% |   -2.810 |      -32.5 |      -85.5 |    345 | fdo_Sys0_S0[0]
     810* |     115 |     313 |       70 |      4 |    73 |    +0.0% |   -2.814 |      -32.5 |      -84.5 |    345 | fdo_Sys0_S0[0]
     820* |     117 |     315 |       75 |      4 |    76 |    +0.0% |   -2.814 |      -32.4 |      -78.2 |    345 | fdo_Sys0_S0[0]
     830* |     118 |     319 |       79 |      4 |    77 |    +0.0% |   -2.814 |      -32.4 |      -86.4 |    345 | fdo_Sys0_S0[0]
     840* |     119 |     322 |       85 |      4 |    78 |    +0.0% |   -2.814 |      -32.4 |     -152.9 |    345 | fdo_Sys0_S0[0]
     850* |     119 |     327 |       90 |      4 |    78 |    +0.0% |   -2.814 |      -32.4 |     -230.2 |    345 | fdo_Sys0_S0[0]
     855* |     115 |     308 |       70 |      4 |    73 |    +0.0% |   -2.810 |      -32.5 |      -85.4 |    345 | fdo_Sys0_S0[0]
     860* |     116 |     310 |       71 |      4 |    73 |    +0.0% |   -2.810 |      -32.5 |      -85.2 |    345 | fdo_Sys0_S0[0]
     866* |     116 |     311 |       71 |      4 |    73 |    +0.0% |   -2.810 |      -32.5 |      -85.2 |    345 | fdo_Sys0_S0[0]
     870* |     117 |     313 |       71 |      4 |    73 |    +0.0% |   -2.810 |      -32.5 |      -85.0 |    345 | fdo_Sys0_S0[0]
     871* |     117 |     311 |       71 |      4 |    73 |    +0.0% |   -2.810 |      -32.5 |      -85.1 |    345 | fdo_Sys0_S0[0]
     875* |     117 |     313 |       72 |      4 |    73 |    +0.0% |   -2.810 |      -32.5 |      -85.1 |    345 | fdo_Sys0_S0[0]
     880* |     118 |     316 |       72 |      4 |    73 |    +0.0% |   -2.810 |      -32.5 |      -84.8 |    345 | fdo_Sys0_S0[0]
     881* |     118 |     316 |       72 |      4 |    73 |    +0.0% |   -2.810 |      -32.5 |      -84.8 |    345 | fdo_Sys0_S0[0]
     889* |     118 |     317 |       72 |      4 |    73 |    +0.0% |   -2.810 |      -32.5 |      -84.7 |    345 | fdo_Sys0_S0[0]
     890* |     118 |     317 |       72 |      4 |    73 |    +0.0% |   -2.810 |      -32.5 |      -84.7 |    345 | fdo_Sys0_S0[0]
     894* |     120 |     318 |       72 |      4 |    73 |    +0.0% |   -2.810 |      -32.4 |      -84.4 |    345 | fdo_Sys0_S0[0]
     898* |     121 |     320 |       72 |      4 |    73 |    +0.0% |   -2.810 |      -32.4 |      -84.2 |    345 | fdo_Sys0_S0[0]
     900* |     121 |     321 |       72 |      4 |    73 |    +0.0% |   -2.810 |      -32.4 |      -83.1 |    345 | fdo_Sys0_S0[0]
     910* |     121 |     327 |       72 |      4 |    77 |    +0.0% |   -2.810 |      -32.4 |      -76.0 |    345 | fdo_Sys0_S0[0]
     920* |     121 |     333 |       74 |      5 |    78 |    +0.0% |   -2.810 |      -32.4 |      -75.7 |    345 | fdo_Sys0_S0[0]
     923* |     122 |     335 |       74 |      5 |    78 |    +0.0% |   -2.810 |      -32.3 |      -64.5 |    345 | fdo_Sys0_S0[0]
     924* |     122 |     335 |       74 |      5 |    78 |    +0.0% |   -2.810 |      -32.3 |      -64.5 |    345 | fdo_Sys0_S0[0]
     925* |     122 |     335 |       74 |      5 |    78 |    +0.0% |   -2.810 |      -32.3 |      -64.5 |    345 | fdo_Sys0_S0[0]
     926* |     122 |     335 |       74 |      5 |    78 |    +0.0% |   -2.810 |      -32.3 |      -64.5 |    345 | fdo_Sys0_S0[0]
     930* |     122 |     337 |       74 |      5 |    79 |    +0.0% |   -2.810 |      -32.2 |      -64.2 |    345 | fdo_Sys0_S0[0]
     940* |     124 |     343 |       75 |      5 |    80 |    +0.0% |   -2.810 |      -31.9 |      -64.1 |    345 | fdo_Sys0_S0[0]
     941* |     125 |     343 |       75 |      5 |    80 |    +0.0% |   -2.810 |      -31.8 |      -63.9 |    345 | fdo_Sys0_S0[0]
     950* |     126 |     348 |       76 |      5 |    81 |    +0.0% |   -2.810 |      -31.5 |      -63.5 |    345 | fdo_Sys0_S0[0]
     959* |     126 |     347 |       75 |      5 |    81 |    +0.0% |   -2.810 |      -31.5 |      -63.5 |    345 | fdo_Sys0_S0[0]
     960* |     126 |     347 |       75 |      5 |    81 |    +0.0% |   -2.810 |      -31.5 |      -63.5 |    345 | fdo_Sys0_S0[0]
     968* |     128 |     352 |       75 |      5 |    82 |    +0.0% |   -2.810 |      -31.4 |      -63.3 |    345 | fdo_Sys0_S0[0]
     970* |     128 |     352 |       76 |      5 |    82 |    +0.0% |   -2.810 |      -31.4 |      -63.5 |    345 | fdo_Sys0_S0[0]
     972* |     129 |     352 |       77 |      5 |    82 |    +0.0% |   -2.810 |      -31.4 |      -63.4 |    345 | fdo_Sys0_S0[0]
     977* |     131 |     354 |       77 |      5 |    82 |    +0.0% |   -2.810 |      -31.4 |      -63.3 |    345 | fdo_Sys0_S0[0]
     978* |     131 |     354 |       77 |      5 |    82 |    +0.0% |   -2.810 |      -31.4 |      -63.3 |    345 | fdo_Sys0_S0[0]
     979* |     131 |     354 |       77 |      5 |    82 |    +0.0% |   -2.810 |      -31.4 |      -63.3 |    345 | fdo_Sys0_S0[0]
     980* |     131 |     354 |       77 |      5 |    82 |    +0.0% |   -2.810 |      -31.4 |      -63.3 |    345 | fdo_Sys0_S0[0]
     980* |     131 |     354 |       77 |      5 |    82 |    +0.0% |   -2.810 |      -31.4 |      -63.3 |    345 | fdo_Sys0_S0[0]
     981* |     131 |     354 |       77 |      5 |    82 |    +0.0% |   -2.810 |      -31.4 |      -63.3 |    345 | fdo_Sys0_S0[0]
     983* |     132 |     354 |       77 |      5 |    82 |    +0.0% |   -2.810 |      -31.4 |      -63.1 |    345 | fdo_Sys0_S0[0]
     984* |     132 |     354 |       77 |      5 |    82 |    +0.0% |   -2.810 |      -31.4 |      -63.1 |    345 | fdo_Sys0_S0[0]
     990* |     133 |     356 |       78 |      5 |    83 |    +0.0% |   -2.810 |      -31.4 |      -63.1 |    345 | fdo_Sys0_S0[0]
     991* |     134 |     356 |       78 |      5 |    83 |    +0.0% |   -2.810 |      -31.4 |      -63.0 |    345 | fdo_Sys0_S0[0]
    1000* |     136 |     361 |       78 |      5 |    84 |    +0.0% |   -2.810 |      -31.3 |      -62.8 |    345 | fdo_Sys0_S0[0]
    1000* |     136 |     361 |       78 |      5 |    84 |    +0.0% |   -2.810 |      -31.3 |      -62.8 |    345 | fdo_Sys0_S0[0]
    1010* |     136 |     365 |       82 |      5 |    86 |    +0.0% |   -2.810 |      -31.3 |      -62.4 |    345 | fdo_Sys0_S0[0]
    1020* |     137 |     369 |       84 |      6 |    88 |    +0.0% |   -2.810 |      -31.3 |      -82.3 |    345 | fdo_Sys0_S0[0]
    1030* |     142 |     369 |       89 |      6 |    88 |    +0.0% |   -2.810 |      -31.3 |      -82.3 |    345 | fdo_Sys0_S0[0]
    1040* |     147 |     369 |       94 |      6 |    88 |    +0.0% |   -2.810 |      -31.3 |      -82.3 |    345 | fdo_Sys0_S0[0]
    1050* |     152 |     369 |       99 |      6 |    88 |    +0.0% |   -2.810 |      -31.3 |      -82.3 |    345 | fdo_Sys0_S0[0]
    1060* |     157 |     369 |      104 |      6 |    88 |    +0.0% |   -2.810 |      -31.3 |      -82.3 |    345 | fdo_Sys0_S0[0]
    1062* |     136 |     366 |       82 |      5 |    87 |    +0.0% |   -2.810 |      -31.3 |      -62.3 |    345 | fdo_Sys0_S0[0]
    1070* |     137 |     369 |       84 |      6 |    87 |    +0.0% |   -2.810 |      -31.3 |      -81.1 |    345 | fdo_Sys0_S0[0]
    1080* |     142 |     369 |       89 |      6 |    87 |    +0.0% |   -2.810 |      -31.3 |      -81.1 |    345 | fdo_Sys0_S0[0]
    1090* |     147 |     369 |       94 |      6 |    87 |    +0.0% |   -2.810 |      -31.3 |      -81.1 |    345 | fdo_Sys0_S0[0]
    1100* |     152 |     369 |       99 |      6 |    87 |    +0.0% |   -2.810 |      -31.3 |      -81.1 |    345 | fdo_Sys0_S0[0]
    1100* |     136 |     366 |       82 |      5 |    87 |    +0.0% |   -2.810 |      -31.3 |      -62.3 |    345 | fdo_Sys0_S0[0]
    1110* |     138 |     370 |       84 |      5 |    89 |    +0.0% |   -2.810 |      -31.3 |      -62.2 |    345 | fdo_Sys0_S0[0]
    1110* |     138 |     370 |       84 |      5 |    89 |    +0.0% |   -2.810 |      -31.3 |      -62.2 |    345 | fdo_Sys0_S0[0]
    1117* |     138 |     372 |       84 |      5 |    89 |    +0.0% |   -2.810 |      -31.3 |      -62.2 |    345 | fdo_Sys0_S0[0]
    1120* |     138 |     372 |       85 |      6 |    89 |    +0.0% |   -2.810 |      -31.3 |      -68.9 |    345 | fdo_Sys0_S0[0]
    1130* |     139 |     376 |       90 |      6 |    89 |    +0.0% |   -2.810 |      -31.3 |     -143.1 |    345 | fdo_Sys0_S0[0]
    1140* |     140 |     381 |       94 |      6 |    89 |    +0.0% |   -2.810 |      -31.3 |     -176.6 |    345 | fdo_Sys0_S0[0]
    1150* |     140 |     386 |       99 |      6 |    89 |    +0.0% |   -2.810 |      -31.3 |     -276.9 |    345 | fdo_Sys0_S0[0]
    1160* |     140 |     391 |      104 |      6 |    89 |    +0.0% |   -2.810 |      -31.3 |     -352.4 |    345 | fdo_Sys0_S0[0]
    1168* |     138 |     372 |       84 |      5 |    89 |    +0.0% |   -2.810 |      -31.3 |      -62.2 |    345 | fdo_Sys0_S0[0]
    1170* |     138 |     372 |       84 |      6 |    89 |    +0.0% |   -2.810 |      -31.3 |      -65.2 |    345 | fdo_Sys0_S0[0]
    1180* |     138 |     376 |       90 |      6 |    89 |    +0.0% |   -2.810 |      -31.3 |     -148.2 |    345 | fdo_Sys0_S0[0]
    1190* |     138 |     381 |       95 |      6 |    89 |    +0.0% |   -2.810 |      -31.3 |     -222.5 |    345 | fdo_Sys0_S0[0]
    1200* |     138 |     386 |      100 |      6 |    89 |    +0.0% |   -2.810 |      -31.3 |     -325.8 |    345 | fdo_Sys0_S0[0]
    1200* |     138 |     372 |       84 |      5 |    89 |    +0.0% |   -2.810 |      -31.3 |      -62.2 |    345 | fdo_Sys0_S0[0]
    1200* |     138 |     372 |       84 |      5 |    89 |    +0.0% |   -2.810 |      -31.3 |      -62.2 |    345 | fdo_Sys0_S0[0]
    1200+ |     138 |     372 |       84 |      5 |    89 |    +0.0% |   -2.810 |      -31.3 |      -62.2 |    269 | fdo_Sys0_S0[0]
    1201+ |     138 |     372 |       84 |      5 |    89 |    +0.0% |   -2.810 |      -31.3 |      -62.2 |    269 | fdo_Sys0_S0[0]
    1205+ |     138 |     375 |       84 |      5 |    89 |    +0.0% |   -2.810 |      -31.2 |      -62.1 |    269 | fdo_Sys0_S0[0]
    1206+ |     138 |     375 |       84 |      5 |    89 |    +0.0% |   -2.810 |      -31.2 |      -62.1 |    269 | fdo_Sys0_S0[0]
    1210+ |     138 |     378 |       84 |      5 |    89 |    +0.0% |   -2.810 |      -31.2 |      -62.1 |    269 | fdo_Sys0_S0[0]
    1210+ |     138 |     378 |       84 |      5 |    89 |    +0.0% |   -2.810 |      -31.2 |      -62.1 |    269 | fdo_Sys0_S0[0]
    1211+ |     138 |     378 |       84 |      5 |    89 |    +0.0% |   -2.810 |      -31.2 |      -62.1 |    269 | fdo_Sys0_S0[0]
    1212+ |     138 |     378 |       84 |      5 |    89 |    +0.0% |   -2.810 |      -31.2 |      -62.1 |    269 | fdo_Sys0_S0[0]
    1215+ |     138 |     380 |       84 |      5 |    89 |    +0.0% |   -2.810 |      -31.2 |      -62.1 |    269 | fdo_Sys0_S0[0]
    1218+ |     138 |     382 |       84 |      5 |    89 |    +0.0% |   -2.810 |      -31.2 |      -62.0 |    269 | fdo_Sys0_S0[0]
    1220+ |     138 |     383 |       84 |      5 |    89 |    +0.0% |   -2.810 |      -31.2 |      -62.0 |    269 | fdo_Sys0_S0[0]
    1220+ |     138 |     383 |       84 |      5 |    89 |    +0.0% |   -2.810 |      -31.2 |      -62.0 |    269 | fdo_Sys0_S0[0]
    1221+ |     138 |     383 |       84 |      5 |    89 |    +0.0% |   -2.810 |      -31.2 |      -62.0 |    269 | fdo_Sys0_S0[0]
    1223+ |     138 |     384 |       84 |      5 |    89 |    +0.0% |   -2.810 |      -31.2 |      -61.8 |    269 | fdo_Sys0_S0[0]
    1224+ |     138 |     384 |       84 |      5 |    89 |    +0.0% |   -2.810 |      -31.2 |      -61.8 |    269 | fdo_Sys0_S0[0]
    1225+ |     138 |     384 |       84 |      5 |    89 |    +0.0% |   -2.810 |      -31.2 |      -61.8 |    269 | fdo_Sys0_S0[0]
    1227+ |     138 |     385 |       84 |      5 |    89 |    +0.0% |   -2.810 |      -31.1 |      -61.7 |    269 | fdo_Sys0_S0[0]
    1228+ |     138 |     385 |       84 |      5 |    89 |    +0.0% |   -2.810 |      -31.1 |      -61.7 |    269 | fdo_Sys0_S0[0]
    1229+ |     138 |     385 |       84 |      5 |    89 |    +0.0% |   -2.810 |      -31.1 |      -61.7 |    269 | fdo_Sys0_S0[0]
    1230+ |     138 |     385 |       84 |      5 |    89 |    +0.0% |   -2.810 |      -31.1 |      -61.7 |    269 | fdo_Sys0_S0[0]
    1231+ |     138 |     386 |       84 |      5 |    89 |    +0.0% |   -2.810 |      -31.1 |      -61.7 |    269 | fdo_Sys0_S0[0]
    1240+ |     138 |     394 |       84 |      5 |    89 |    +0.0% |   -2.810 |      -31.1 |      -61.4 |    269 | fdo_Sys0_S0[0]
    1241+ |     138 |     395 |       84 |      5 |    89 |    +0.0% |   -2.810 |      -31.1 |      -61.4 |    269 | fdo_Sys0_S0[0]
    1242+ |     138 |     395 |       84 |      5 |    89 |    +0.0% |   -2.810 |      -31.1 |      -61.4 |    269 | fdo_Sys0_S0[0]
    1245+ |     138 |     396 |       84 |      5 |    90 |    +0.0% |   -2.810 |      -31.0 |      -61.2 |    269 | fdo_Sys0_S0[0]
    1247+ |     138 |     397 |       84 |      5 |    90 |    +0.0% |   -2.810 |      -31.0 |      -61.2 |    269 | fdo_Sys0_S0[0]
    1248+ |     138 |     397 |       84 |      5 |    90 |    +0.0% |   -2.810 |      -31.0 |      -61.2 |    269 | fdo_Sys0_S0[0]
    1249+ |     138 |     397 |       84 |      5 |    90 |    +0.0% |   -2.810 |      -31.0 |      -61.2 |    269 | fdo_Sys0_S0[0]
    1250+ |     138 |     397 |       84 |      5 |    90 |    +0.0% |   -2.810 |      -31.0 |      -61.2 |    269 | fdo_Sys0_S0[0]
    1250+ |     138 |     397 |       84 |      5 |    90 |    +0.0% |   -2.810 |      -31.0 |      -61.2 |    269 | fdo_Sys0_S0[0]
    1251+ |     138 |     397 |       84 |      5 |    90 |    +0.0% |   -2.810 |      -31.0 |      -61.2 |    269 | fdo_Sys0_S0[0]
    1252+ |     138 |     397 |       84 |      5 |    90 |    +0.0% |   -2.810 |      -31.0 |      -61.2 |    269 | fdo_Sys0_S0[0]
    1257+ |     138 |     400 |       84 |      5 |    91 |    +0.0% |   -2.810 |      -30.9 |      -61.0 |    269 | fdo_Sys0_S0[0]
    1258+ |     138 |     400 |       84 |      5 |    91 |    +0.0% |   -2.810 |      -30.9 |      -61.0 |    269 | fdo_Sys0_S0[0]
    1259+ |     138 |     400 |       84 |      5 |    91 |    +0.0% |   -2.810 |      -30.9 |      -61.0 |    269 | fdo_Sys0_S0[0]
    1260+ |     138 |     400 |       84 |      5 |    91 |    +0.0% |   -2.810 |      -30.9 |      -61.0 |    269 | fdo_Sys0_S0[0]
    1260+ |     138 |     400 |       84 |      5 |    91 |    +0.0% |   -2.810 |      -30.9 |      -61.0 |    269 | fdo_Sys0_S0[0]
    1261+ |     138 |     400 |       84 |      5 |    91 |    +0.0% |   -2.810 |      -30.9 |      -61.0 |    269 | fdo_Sys0_S0[0]
    1265+ |     138 |     403 |       84 |      5 |    91 |    +0.0% |   -2.810 |      -30.8 |      -60.8 |    269 | fdo_Sys0_S0[0]
    1267+ |     138 |     404 |       84 |      5 |    91 |    +0.0% |   -2.810 |      -30.8 |      -60.8 |    269 | fdo_Sys0_S0[0]
    1268+ |     138 |     404 |       84 |      5 |    91 |    +0.0% |   -2.810 |      -30.8 |      -60.8 |    269 | fdo_Sys0_S0[0]
    1269+ |     138 |     404 |       84 |      5 |    91 |    +0.0% |   -2.810 |      -30.8 |      -60.8 |    269 | fdo_Sys0_S0[0]
    1270+ |     138 |     404 |       84 |      5 |    91 |    +0.0% |   -2.810 |      -30.8 |      -60.8 |    269 | fdo_Sys0_S0[0]
    1276+ |     138 |     410 |       84 |      5 |    91 |    +0.0% |   -2.810 |      -30.8 |      -59.8 |    269 | fdo_Sys0_S0[0]
    1277+ |     138 |     410 |       84 |      5 |    91 |    +0.0% |   -2.810 |      -30.8 |      -59.8 |    269 | fdo_Sys0_S0[0]
    1279+ |     138 |     411 |       84 |      5 |    91 |    +0.0% |   -2.810 |      -30.8 |      -59.8 |    269 | fdo_Sys0_S0[0]
    1280+ |     138 |     411 |       84 |      5 |    91 |    +0.0% |   -2.810 |      -30.8 |      -59.8 |    269 | fdo_Sys0_S0[0]
    1280+ |     138 |     411 |       84 |      5 |    91 |    +0.0% |   -2.810 |      -30.8 |      -59.8 |    269 | fdo_Sys0_S0[0]
    1281+ |     138 |     411 |       84 |      5 |    91 |    +0.0% |   -2.810 |      -30.8 |      -59.8 |    269 | fdo_Sys0_S0[0]
    1282+ |     138 |     411 |       84 |      5 |    91 |    +0.0% |   -2.810 |      -30.8 |      -59.8 |    269 | fdo_Sys0_S0[0]
    1283+ |     138 |     411 |       84 |      5 |    91 |    +0.0% |   -2.810 |      -30.8 |      -59.8 |    269 | fdo_Sys0_S0[0]
    1284+ |     138 |     411 |       84 |      5 |    91 |    +0.0% |   -2.810 |      -30.8 |      -59.8 |    269 | fdo_Sys0_S0[0]
    1285+ |     138 |     411 |       84 |      5 |    91 |    +0.0% |   -2.810 |      -30.8 |      -59.8 |    269 | fdo_Sys0_S0[0]
    1286+ |     138 |     411 |       84 |      5 |    91 |    +0.0% |   -2.810 |      -30.8 |      -59.8 |    269 | fdo_Sys0_S0[0]
    1287+ |     138 |     411 |       84 |      5 |    91 |    +0.0% |   -2.810 |      -30.8 |      -59.8 |    269 | fdo_Sys0_S0[0]
    1288+ |     138 |     411 |       84 |      5 |    91 |    +0.0% |   -2.810 |      -30.8 |      -59.8 |    269 | fdo_Sys0_S0[0]
    1289+ |     138 |     411 |       84 |      5 |    91 |    +0.0% |   -2.810 |      -30.8 |      -59.8 |    269 | fdo_Sys0_S0[0]
    1290+ |     138 |     411 |       84 |      5 |    91 |    +0.0% |   -2.810 |      -30.8 |      -59.8 |    269 | fdo_Sys0_S0[0]
    1290+ |     138 |     411 |       84 |      5 |    91 |    +0.0% |   -2.810 |      -30.8 |      -59.8 |    269 | fdo_Sys0_S0[0]
    1294+ |     138 |     414 |       84 |      5 |    91 |    +0.0% |   -2.810 |      -30.8 |      -57.4 |    269 | fdo_Sys0_S0[0]
    1299+ |     138 |     418 |       84 |      5 |    91 |    +0.0% |   -2.810 |      -30.8 |      -52.9 |    269 | fdo_Sys0_S0[0]
    1300+ |     138 |     418 |       84 |      5 |    91 |    +0.0% |   -2.810 |      -30.8 |      -52.9 |    269 | fdo_Sys0_S0[0]
    1301+ |     138 |     418 |       84 |      5 |    91 |    +0.0% |   -2.810 |      -30.8 |      -52.9 |    269 | fdo_Sys0_S0[0]
    1302+ |     138 |     418 |       84 |      5 |    91 |    +0.0% |   -2.810 |      -30.8 |      -52.9 |    269 | fdo_Sys0_S0[0]
    1303+ |     138 |     418 |       84 |      5 |    91 |    +0.0% |   -2.810 |      -30.8 |      -52.9 |    269 | fdo_Sys0_S0[0]
    1309+ |     138 |     424 |       84 |      5 |    91 |    +0.0% |   -2.810 |      -30.8 |      -52.4 |    269 | fdo_Sys0_S0[0]
    1310+ |     138 |     424 |       84 |      5 |    91 |    +0.0% |   -2.810 |      -30.8 |      -52.4 |    269 | fdo_Sys0_S0[0]
    1310+ |     138 |     424 |       84 |      5 |    91 |    +0.0% |   -2.810 |      -30.8 |      -52.4 |    269 | fdo_Sys0_S0[0]
    1311+ |     138 |     424 |       84 |      5 |    91 |    +0.0% |   -2.810 |      -30.8 |      -52.4 |    269 | fdo_Sys0_S0[0]
    1312+ |     138 |     424 |       84 |      5 |    91 |    +0.0% |   -2.810 |      -30.8 |      -52.4 |    269 | fdo_Sys0_S0[0]
    1313+ |     138 |     424 |       84 |      5 |    91 |    +0.0% |   -2.810 |      -30.8 |      -52.4 |    269 | fdo_Sys0_S0[0]
    1314+ |     138 |     424 |       84 |      5 |    91 |    +0.0% |   -2.810 |      -30.8 |      -52.4 |    269 | fdo_Sys0_S0[0]
    1316+ |     138 |     424 |       84 |      5 |    92 |    +0.0% |   -2.810 |      -30.8 |      -52.3 |    269 | fdo_Sys0_S0[0]
    1319+ |     138 |     426 |       84 |      5 |    92 |    +0.0% |   -2.810 |      -30.8 |      -52.1 |    269 | fdo_Sys0_S0[0]
    1320+ |     138 |     426 |       84 |      5 |    92 |    +0.0% |   -2.810 |      -30.8 |      -52.1 |    269 | fdo_Sys0_S0[0]
    1320+ |     138 |     426 |       84 |      5 |    92 |    +0.0% |   -2.810 |      -30.8 |      -52.1 |    269 | fdo_Sys0_S0[0]
    1323+ |     138 |     428 |       84 |      5 |    92 |    +0.0% |   -2.810 |      -30.8 |      -52.0 |    269 | fdo_Sys0_S0[0]
    1324+ |     138 |     428 |       84 |      5 |    92 |    +0.0% |   -2.810 |      -30.8 |      -52.0 |    269 | fdo_Sys0_S0[0]
    1325+ |     138 |     428 |       84 |      5 |    92 |    +0.0% |   -2.810 |      -30.8 |      -52.0 |    269 | fdo_Sys0_S0[0]
    1326+ |     138 |     428 |       84 |      5 |    92 |    +0.0% |   -2.810 |      -30.8 |      -52.0 |    269 | fdo_Sys0_S0[0]
    1327+ |     138 |     428 |       84 |      5 |    92 |    +0.0% |   -2.810 |      -30.8 |      -52.0 |    269 | fdo_Sys0_S0[0]
    1328+ |     138 |     428 |       84 |      5 |    92 |    +0.0% |   -2.810 |      -30.8 |      -52.0 |    269 | fdo_Sys0_S0[0]
    1329+ |     138 |     428 |       84 |      5 |    92 |    +0.0% |   -2.810 |      -30.8 |      -52.0 |    269 | fdo_Sys0_S0[0]
    1330+ |     138 |     428 |       84 |      5 |    92 |    +0.0% |   -2.810 |      -30.8 |      -52.0 |    269 | fdo_Sys0_S0[0]
    1333+ |     138 |     431 |       84 |      5 |    92 |    +0.0% |   -2.810 |      -30.8 |      -51.9 |    269 | fdo_Sys0_S0[0]
    1334+ |     138 |     431 |       84 |      5 |    92 |    +0.0% |   -2.810 |      -30.8 |      -51.9 |    269 | fdo_Sys0_S0[0]
    1335+ |     138 |     431 |       84 |      5 |    92 |    +0.0% |   -2.810 |      -30.8 |      -51.9 |    269 | fdo_Sys0_S0[0]
    1336+ |     138 |     431 |       84 |      5 |    92 |    +0.0% |   -2.810 |      -30.8 |      -51.9 |    269 | fdo_Sys0_S0[0]
    1337+ |     138 |     431 |       84 |      5 |    92 |    +0.0% |   -2.810 |      -30.8 |      -51.9 |    269 | fdo_Sys0_S0[0]
    1340+ |     138 |     433 |       84 |      5 |    92 |    +0.0% |   -2.810 |      -30.8 |      -51.9 |    269 | fdo_Sys0_S0[0]
    1340+ |     138 |     433 |       84 |      5 |    92 |    +0.0% |   -2.810 |      -30.8 |      -51.9 |    269 | fdo_Sys0_S0[0]
    1341+ |     138 |     433 |       84 |      5 |    92 |    +0.0% |   -2.810 |      -30.8 |      -51.9 |    269 | fdo_Sys0_S0[0]
    1344+ |     138 |     435 |       84 |      5 |    92 |    +0.0% |   -2.810 |      -30.8 |      -51.5 |    269 | fdo_Sys0_S0[0]
    1345+ |     138 |     435 |       84 |      5 |    92 |    +0.0% |   -2.810 |      -30.8 |      -51.5 |    269 | fdo_Sys0_S0[0]
    1350+ |     138 |     439 |       84 |      5 |    92 |    +0.0% |   -2.810 |      -30.8 |      -50.8 |    269 | fdo_Sys0_S0[0]
    1350+ |     138 |     439 |       84 |      5 |    92 |    +0.0% |   -2.810 |      -30.8 |      -50.8 |    269 | fdo_Sys0_S0[0]
    1351+ |     138 |     439 |       84 |      5 |    92 |    +0.0% |   -2.810 |      -30.8 |      -50.8 |    269 | fdo_Sys0_S0[0]
    1352+ |     138 |     439 |       84 |      5 |    92 |    +0.0% |   -2.810 |      -30.8 |      -50.8 |    269 | fdo_Sys0_S0[0]
    1353+ |     138 |     439 |       84 |      5 |    92 |    +0.0% |   -2.810 |      -30.8 |      -50.8 |    269 | fdo_Sys0_S0[0]
    1354+ |     138 |     439 |       84 |      5 |    92 |    +0.0% |   -2.810 |      -30.8 |      -50.8 |    269 | fdo_Sys0_S0[0]
    1355+ |     138 |     439 |       84 |      5 |    92 |    +0.0% |   -2.810 |      -30.8 |      -50.8 |    269 | fdo_Sys0_S0[0]
    1356+ |     138 |     439 |       84 |      5 |    92 |    +0.0% |   -2.810 |      -30.8 |      -50.8 |    269 | fdo_Sys0_S0[0]
    1358+ |     138 |     441 |       84 |      5 |    92 |    +0.0% |   -2.810 |      -30.0 |      -49.7 |    269 | fdo_Sys0_S0[0]
    1359+ |     138 |     441 |       84 |      5 |    92 |    +0.0% |   -2.810 |      -30.0 |      -49.7 |    269 | fdo_Sys0_S0[0]
    1360+ |     138 |     441 |       84 |      5 |    92 |    +0.0% |   -2.810 |      -30.0 |      -49.7 |    269 | fdo_Sys0_S0[0]
    1365+ |     138 |     445 |       84 |      5 |    93 |    +0.0% |   -2.810 |      -30.0 |      -49.1 |    269 | fdo_Sys0_S0[0]
    1366+ |     138 |     445 |       84 |      5 |    93 |    +0.0% |   -2.810 |      -30.0 |      -49.1 |    269 | fdo_Sys0_S0[0]
    1367+ |     138 |     445 |       84 |      5 |    93 |    +0.0% |   -2.810 |      -30.0 |      -49.1 |    269 | fdo_Sys0_S0[0]
    1368+ |     138 |     445 |       84 |      5 |    93 |    +0.0% |   -2.810 |      -30.0 |      -49.1 |    269 | fdo_Sys0_S0[0]
    1369+ |     138 |     445 |       84 |      5 |    93 |    +0.0% |   -2.810 |      -30.0 |      -49.1 |    269 | fdo_Sys0_S0[0]
    1370+ |     138 |     445 |       84 |      5 |    93 |    +0.0% |   -2.810 |      -30.0 |      -49.1 |    269 | fdo_Sys0_S0[0]
    1370+ |     138 |     445 |       84 |      5 |    93 |    +0.0% |   -2.810 |      -30.0 |      -49.1 |    269 | fdo_Sys0_S0[0]
    1371+ |     138 |     445 |       84 |      5 |    93 |    +0.0% |   -2.810 |      -30.0 |      -49.1 |    269 | fdo_Sys0_S0[0]
    1372+ |     138 |     445 |       84 |      5 |    93 |    +0.0% |   -2.810 |      -30.0 |      -49.1 |    269 | fdo_Sys0_S0[0]
    1373+ |     138 |     445 |       84 |      5 |    93 |    +0.0% |   -2.810 |      -30.0 |      -49.1 |    269 | fdo_Sys0_S0[0]
    1374+ |     138 |     445 |       84 |      5 |    93 |    +0.0% |   -2.810 |      -30.0 |      -49.1 |    269 | fdo_Sys0_S0[0]
    1375+ |     138 |     445 |       84 |      5 |    93 |    +0.0% |   -2.810 |      -30.0 |      -49.1 |    269 | fdo_Sys0_S0[0]
    1379+ |     138 |     448 |       84 |      5 |    93 |    +0.0% |   -2.810 |      -30.0 |      -49.0 |    269 | fdo_Sys0_S0[0]
    1380+ |     138 |     448 |       84 |      5 |    93 |    +0.0% |   -2.810 |      -30.0 |      -49.0 |    269 | fdo_Sys0_S0[0]
    1380+ |     138 |     448 |       84 |      5 |    93 |    +0.0% |   -2.810 |      -30.0 |      -49.0 |    269 | fdo_Sys0_S0[0]
    1381+ |     138 |     448 |       84 |      5 |    93 |    +0.0% |   -2.810 |      -30.0 |      -49.0 |    269 | fdo_Sys0_S0[0]
    1382+ |     138 |     448 |       84 |      5 |    93 |    +0.0% |   -2.810 |      -30.0 |      -49.0 |    269 | fdo_Sys0_S0[0]
    1383+ |     138 |     448 |       84 |      5 |    93 |    +0.0% |   -2.810 |      -30.0 |      -49.0 |    269 | fdo_Sys0_S0[0]
    1384+ |     138 |     448 |       84 |      5 |    93 |    +0.0% |   -2.810 |      -30.0 |      -49.0 |    269 | fdo_Sys0_S0[0]
    1385+ |     138 |     448 |       84 |      5 |    93 |    +0.0% |   -2.810 |      -30.0 |      -49.0 |    269 | fdo_Sys0_S0[0]
    1386+ |     138 |     448 |       84 |      5 |    93 |    +0.0% |   -2.810 |      -30.0 |      -49.0 |    269 | fdo_Sys0_S0[0]
    1387+ |     138 |     448 |       84 |      5 |    93 |    +0.0% |   -2.810 |      -30.0 |      -49.0 |    269 | fdo_Sys0_S0[0]
    1389+ |     138 |     448 |       84 |      5 |    94 |    +0.0% |   -2.810 |      -30.0 |      -49.0 |    269 | fdo_Sys0_S0[0]
    1390+ |     138 |     448 |       84 |      5 |    94 |    +0.0% |   -2.810 |      -30.0 |      -49.0 |    269 | fdo_Sys0_S0[0]
    1394+ |     138 |     452 |       84 |      5 |    94 |    +0.0% |   -2.810 |      -30.0 |      -48.9 |    269 | fdo_Sys0_S0[0]
    1400+ |     138 |     456 |       84 |      5 |    95 |    +0.0% |   -2.810 |      -29.7 |      -48.8 |    269 | fdo_Sys0_S0[0]
    final |     138 |     456 |       84 |      5 |    95 |    +0.0% |   -2.810 |      -29.7 |      -48.8 |    237 | fdo_Sys0_S0[0]
------------------------------------------------------------------------------------------------------------------------------
[INFO RSZ-0059] Removed 138 buffers.
[INFO RSZ-0040] Inserted 84 buffers.
[INFO RSZ-0051] Resized 456 instances: 456 up, 0 up match, 0 down, 0 VT
[INFO RSZ-0043] Swapped pins on 95 instances.
[INFO RSZ-0049] Cloned 5 instances.
[WARNING RSZ-0062] Unable to repair all setup violations.
[INFO RSZ-0505] Runtime: 29.62s
[INFO RSZ-0033] No hold violations found.
[INFO RSZ-0506] Runtime: 0.08s
Took 30 seconds: repair_timing -setup_margin 0 -hold_margin 0 -repair_tns 100 -verbose
global_route -start_incremental
detailed_placement
[INFO DPL-0006] Core area: 9325744.13 um^2
[INFO DPL-0007] Movable instances area: 40948.02 um^2
[INFO DPL-0008] Fixed instances area within core: 5636568.15 um^2
[INFO DPL-0009] Utilization: 60.9%
[INFO DPL-0005] Diamond search max displacement: +/- 500 sites horizontally, +/- 100 rows vertically.
[INFO DPL-1102] Legalizing using negotiation legalizer.
[INFO DPL-1103] Negotiation base search window: +/-20 sites horizontally, +/-5 rows vertically 
	Automatic search window extension enabled.
	Search window extendable up to the max displacement cap of +/-500 sites, +/-100 rows near walls.
[INFO DPL-1104] NegotiationLegalizer DRC penalty: 5.
[INFO DPL-0392] Negotiation cell height distribution (5 unique row-count(s)):
[INFO DPL-0393]   height 1 row(s): 52695 cells
[INFO DPL-0393]   height 221 row(s): 1 cells
[INFO DPL-0393]   height 258 row(s): 1 cells
[INFO DPL-0393]   height 295 row(s): 1 cells
[INFO DPL-0393]   height 511 row(s): 3 cells
          |      Total |  Illegal |  Illegal
Iteration | Violations |    Cells |    Sites
---------------------------------------------
        0 |         18 |         6 |        12
        1 |          0 |         0 |         0
Negotiation phase 1 converged at iteration 1.
[INFO DPL-0500] Runtime: 0.15s
Placement Analysis
---------------------------------
total displacement        872.3 u
average displacement        0.0 u
max displacement           18.2 u
original HPWL          687127.9 u
legalized HPWL         687617.6 u
delta HPWL                    0 %

check_placement -verbose
global_route -end_incremental -congestion_report_file /tmp/workspace/scripts-Private_test-fr_cugr_cmp-1-/reports/sky130hd/chameleon/base/congestion_post_repair_timing.rpt
estimate_parasitics -global_routing
global_route -start_incremental
global_route -end_incremental -congestion_report_file /tmp/workspace/scripts-Private_test-fr_cugr_cmp-1-/reports/sky130hd/chameleon/base/congestion_post_recover_power.rpt
Repair antennas...
[INFO GRT-0012] Found 225 antenna violations.
[INFO GRT-0302] Inserted 368 jumpers for 204 nets.
[INFO GRT-0012] Found 41 antenna violations.
[WARNING GRT-0243] Unable to repair antennas on net with diodes.
[INFO DPL-0006] Core area: 9325744.13 um^2
[INFO DPL-0007] Movable instances area: 40157.26 um^2
[INFO DPL-0008] Fixed instances area within core: 5637626.66 um^2
[INFO DPL-0009] Utilization: 60.9%
[INFO DPL-0005] Diamond search max displacement: +/- 500 sites horizontally, +/- 100 rows vertically.
[INFO DPL-1102] Legalizing using negotiation legalizer.
[INFO DPL-1103] Negotiation base search window: +/-20 sites horizontally, +/-5 rows vertically 
	Automatic search window extension enabled.
	Search window extendable up to the max displacement cap of +/-500 sites, +/-100 rows near walls.
[INFO DPL-1104] NegotiationLegalizer DRC penalty: 5.
[INFO DPL-0392] Negotiation cell height distribution (5 unique row-count(s)):
[INFO DPL-0393]   height 1 row(s): 52802 cells
[INFO DPL-0393]   height 221 row(s): 1 cells
[INFO DPL-0393]   height 258 row(s): 1 cells
[INFO DPL-0393]   height 295 row(s): 1 cells
[INFO DPL-0393]   height 511 row(s): 3 cells
          |      Total |  Illegal |  Illegal
Iteration | Violations |    Cells |    Sites
---------------------------------------------
        0 |          4 |         2 |         2
        1 |          0 |         0 |         0
Negotiation phase 1 converged at iteration 1.
[INFO DPL-0500] Runtime: 0.14s
[INFO GRT-0015] Inserted 107 diodes.
[INFO GRT-0012] Found 19 antenna violations.
[INFO GRT-0302] Inserted 53 jumpers for 17 nets.
[INFO GRT-0012] Found 5 antenna violations.
[INFO DPL-0006] Core area: 9325744.13 um^2
[INFO DPL-0007] Movable instances area: 41174.49 um^2
[INFO DPL-0008] Fixed instances area within core: 5636709.53 um^2
[INFO DPL-0009] Utilization: 60.9%
[INFO DPL-0005] Diamond search max displacement: +/- 500 sites horizontally, +/- 100 rows vertically.
[INFO DPL-1102] Legalizing using negotiation legalizer.
[INFO DPL-1103] Negotiation base search window: +/-20 sites horizontally, +/-5 rows vertically 
	Automatic search window extension enabled.
	Search window extendable up to the max displacement cap of +/-500 sites, +/-100 rows near walls.
[INFO DPL-1104] NegotiationLegalizer DRC penalty: 5.
[INFO DPL-0392] Negotiation cell height distribution (5 unique row-count(s)):
[INFO DPL-0393]   height 1 row(s): 52842 cells
[INFO DPL-0393]   height 221 row(s): 1 cells
[INFO DPL-0393]   height 258 row(s): 1 cells
[INFO DPL-0393]   height 295 row(s): 1 cells
[INFO DPL-0393]   height 511 row(s): 3 cells
          |      Total |  Illegal |  Illegal
Iteration | Violations |    Cells |    Sites
---------------------------------------------
        0 |         20 |         4 |        16
        1 |          0 |         0 |         0
Negotiation phase 1 converged at iteration 1.
[INFO DPL-0500] Runtime: 0.13s
[INFO GRT-0015] Inserted 40 diodes.
[INFO GRT-0012] Found 3 antenna violations.
[INFO GRT-0302] Inserted 5 jumpers for 2 nets.
[INFO GRT-0012] Found 2 antenna violations.
[INFO DPL-0006] Core area: 9325744.13 um^2
[INFO DPL-0007] Movable instances area: 41287.10 um^2
[INFO DPL-0008] Fixed instances area within core: 5636626.95 um^2
[INFO DPL-0009] Utilization: 60.9%
[INFO DPL-0005] Diamond search max displacement: +/- 500 sites horizontally, +/- 100 rows vertically.
[INFO DPL-1102] Legalizing using negotiation legalizer.
[INFO DPL-1103] Negotiation base search window: +/-20 sites horizontally, +/-5 rows vertically 
	Automatic search window extension enabled.
	Search window extendable up to the max displacement cap of +/-500 sites, +/-100 rows near walls.
[INFO DPL-1104] NegotiationLegalizer DRC penalty: 5.
[INFO DPL-0392] Negotiation cell height distribution (5 unique row-count(s)):
[INFO DPL-0393]   height 1 row(s): 52854 cells
[INFO DPL-0393]   height 221 row(s): 1 cells
[INFO DPL-0393]   height 258 row(s): 1 cells
[INFO DPL-0393]   height 295 row(s): 1 cells
[INFO DPL-0393]   height 511 row(s): 3 cells
          |      Total |  Illegal |  Illegal
Iteration | Violations |    Cells |    Sites
---------------------------------------------
        0 |          0 |         0 |         0
Negotiation phase 1 converged at iteration 0.
[INFO DPL-0500] Runtime: 0.12s
[INFO GRT-0015] Inserted 12 diodes.
[INFO GRT-0012] Found 3 antenna violations.
[INFO GRT-0302] Inserted 7 jumpers for 2 nets.
[INFO GRT-0012] Found 2 antenna violations.
[INFO DPL-0006] Core area: 9325744.13 um^2
[INFO DPL-0007] Movable instances area: 41305.87 um^2
[INFO DPL-0008] Fixed instances area within core: 5636640.72 um^2
[INFO DPL-0009] Utilization: 60.9%
[INFO DPL-0005] Diamond search max displacement: +/- 500 sites horizontally, +/- 100 rows vertically.
[INFO DPL-1102] Legalizing using negotiation legalizer.
[INFO DPL-1103] Negotiation base search window: +/-20 sites horizontally, +/-5 rows vertically 
	Automatic search window extension enabled.
	Search window extendable up to the max displacement cap of +/-500 sites, +/-100 rows near walls.
[INFO DPL-1104] NegotiationLegalizer DRC penalty: 5.
[INFO DPL-0392] Negotiation cell height distribution (5 unique row-count(s)):
[INFO DPL-0393]   height 1 row(s): 52867 cells
[INFO DPL-0393]   height 221 row(s): 1 cells
[INFO DPL-0393]   height 258 row(s): 1 cells
[INFO DPL-0393]   height 295 row(s): 1 cells
[INFO DPL-0393]   height 511 row(s): 3 cells
          |      Total |  Illegal |  Illegal
Iteration | Violations |    Cells |    Sites
---------------------------------------------
        0 |          0 |         0 |         0
Negotiation phase 1 converged at iteration 0.
[INFO DPL-0500] Runtime: 0.12s
[INFO GRT-0015] Inserted 13 diodes.
[INFO GRT-0012] Found 2 antenna violations.
[INFO GRT-0302] Inserted 1 jumpers for 1 nets.
[INFO GRT-0012] Found 1 antenna violations.
[INFO DPL-0006] Core area: 9325744.13 um^2
[INFO DPL-0007] Movable instances area: 41374.68 um^2
[INFO DPL-0008] Fixed instances area within core: 5636589.42 um^2
[INFO DPL-0009] Utilization: 60.9%
[INFO DPL-0005] Diamond search max displacement: +/- 500 sites horizontally, +/- 100 rows vertically.
[INFO DPL-1102] Legalizing using negotiation legalizer.
[INFO DPL-1103] Negotiation base search window: +/-20 sites horizontally, +/-5 rows vertically 
	Automatic search window extension enabled.
	Search window extendable up to the max displacement cap of +/-500 sites, +/-100 rows near walls.
[INFO DPL-1104] NegotiationLegalizer DRC penalty: 5.
[INFO DPL-0392] Negotiation cell height distribution (5 unique row-count(s)):
[INFO DPL-0393]   height 1 row(s): 52874 cells
[INFO DPL-0393]   height 221 row(s): 1 cells
[INFO DPL-0393]   height 258 row(s): 1 cells
[INFO DPL-0393]   height 295 row(s): 1 cells
[INFO DPL-0393]   height 511 row(s): 3 cells
          |      Total |  Illegal |  Illegal
Iteration | Violations |    Cells |    Sites
---------------------------------------------
        0 |          0 |         0 |         0
Negotiation phase 1 converged at iteration 0.
[INFO DPL-0500] Runtime: 0.12s
[INFO GRT-0015] Inserted 7 diodes.
[INFO ANT-0002] Found 0 net violations.
[INFO ANT-0001] Found 0 pin violations.
Estimate parasitics...
estimate_parasitics -global_routing
Report metrics stage 5, global route...

==========================================================================
global route report_design_area
--------------------------------------------------------------------------
Design area 5677964 um^2 61% utilization.
[INFO FLW-0007] clock core_clock period 3.000000
[WARNING FLW-0010] more than one clock found. Skipping sdc update.
[INFO FLW-0011] Path endpoint path count 1857
write_db /tmp/workspace/scripts-Private_test-fr_cugr_cmp-1-/results/sky130hd/chameleon/base/5_1_grt.odb
write_sdc -no_timestamp /tmp/workspace/scripts-Private_test-fr_cugr_cmp-1-/results/sky130hd/chameleon/base/5_1_grt.sdc
Elapsed time: 0:45.26[h:]min:sec. CPU time: user 390.16 sys 3.01 (868%). Peak memory: 1134204KB.
Log                       Ext     Elapsed/s Peak Memory/MB sha1sum result [0:20)
5_1_grt                   .odb           45           1107 fa8d22184c473ce48c11
5_1_grt                   .sdc                             85242b36b15ab5cfe39c
