Yosys 0.68+post (git sha1 UNKNOWN, Release, GNU /usr/local/bin/wrapped-cc/g++ 11.4.0)
Using ABC speed script.
Extracting clock period from SDC file: /tmp/workspace/scripts-Private_test-fr_cugr_cmp-1-/results/ihp-sg13g2/jpeg/base/clock_period.txt
Setting clock period to 8000
1. Executing RTLIL frontend.
2. Executing HIERARCHY pass (managing design hierarchy).
2.1. Analyzing design hierarchy..
2.2. Analyzing design hierarchy..
3. Executing SYNTH pass.
3.1. Executing HIERARCHY pass (managing design hierarchy).
3.1.1. Analyzing design hierarchy..
3.1.2. Analyzing design hierarchy..
3.2. Executing PROC pass (convert processes to netlists).
3.2.1. Executing PROC_CLEAN pass (remove empty switches from decision trees).
3.2.2. Executing PROC_RMDEAD pass (remove dead branches from decision trees).
3.2.3. Executing PROC_PRUNE pass (remove redundant assignments in processes).
3.2.4. Executing PROC_INIT pass (extract init attributes).
3.2.5. Executing PROC_ARST pass (detect async resets in processes).
3.2.6. Executing PROC_ROM pass (convert switches to ROMs).
3.2.7. Executing PROC_MUX pass (convert decision trees to multiplexers).
3.2.8. Executing PROC_DLATCH pass (convert process syncs to latches).
3.2.9. Executing PROC_DFF pass (convert process syncs to FFs).
3.2.10. Executing PROC_MEMWR pass (convert process memory writes to cells).
3.2.11. Executing PROC_CLEAN pass (remove empty switches from decision trees).
3.2.12. Executing OPT_EXPR pass (perform const folding).
3.3. Executing CHECK pass (checking for obvious problems).
3.4. Executing FLATTEN pass (flatten design).
3.5. Executing OPT_EXPR pass (perform const folding).
3.6. Executing OPT_CLEAN pass (remove unused cells and wires).
3.7. Executing CHECK pass (checking for obvious problems).
3.8. Executing OPT pass (performing simple optimizations).
3.8.1. Executing OPT_EXPR pass (perform const folding).
3.8.2. Executing OPT_MERGE pass (detect identical cells).
3.8.3. Executing OPT_MUXTREE pass (detect dead branches in mux trees).
3.8.4. Executing OPT_REDUCE pass (consolidate $*mux and $reduce_* inputs).
3.8.5. Executing OPT_MERGE pass (detect identical cells).
3.8.6. Executing OPT_DFF pass (perform DFF optimizations).
3.8.7. Executing OPT_CLEAN pass (remove unused cells and wires).
3.8.8. Executing OPT_EXPR pass (perform const folding).
3.8.9. Rerunning OPT passes. (Maybe there is more to do..)
3.8.10. Executing OPT_MUXTREE pass (detect dead branches in mux trees).
3.8.11. Executing OPT_REDUCE pass (consolidate $*mux and $reduce_* inputs).
3.8.12. Executing OPT_MERGE pass (detect identical cells).
3.8.13. Executing OPT_DFF pass (perform DFF optimizations).
3.8.14. Executing OPT_CLEAN pass (remove unused cells and wires).
3.8.15. Executing OPT_EXPR pass (perform const folding).
3.8.16. Finished fast OPT passes. (There is nothing left to do.)
3.9. Executing FSM pass (extract and optimize FSM).
3.9.1. Executing FSM_DETECT pass (finding FSMs in design).
3.9.2. Executing FSM_EXTRACT pass (extracting FSM from design).
3.9.3. Executing FSM_OPT pass (simple optimizations of FSMs).
3.9.4. Executing OPT_CLEAN pass (remove unused cells and wires).
3.9.5. Executing FSM_OPT pass (simple optimizations of FSMs).
3.9.6. Executing FSM_RECODE pass (re-assigning FSM state encoding).
3.9.7. Executing FSM_INFO pass (dumping all available information on FSM cells).
3.9.8. Executing FSM_MAP pass (mapping FSMs to basic logic).
3.10. Executing OPT pass (performing simple optimizations).
3.10.1. Executing OPT_EXPR pass (perform const folding).
3.10.2. Executing OPT_MERGE pass (detect identical cells).
3.10.3. Executing OPT_MUXTREE pass (detect dead branches in mux trees).
3.10.4. Executing OPT_REDUCE pass (consolidate $*mux and $reduce_* inputs).
3.10.5. Executing OPT_MERGE pass (detect identical cells).
3.10.6. Executing OPT_DFF pass (perform DFF optimizations).
3.10.7. Executing OPT_CLEAN pass (remove unused cells and wires).
3.10.8. Executing OPT_EXPR pass (perform const folding).
3.10.9. Rerunning OPT passes. (Maybe there is more to do..)
3.10.10. Executing OPT_MUXTREE pass (detect dead branches in mux trees).
3.10.11. Executing OPT_REDUCE pass (consolidate $*mux and $reduce_* inputs).
3.10.12. Executing OPT_MERGE pass (detect identical cells).
3.10.13. Executing OPT_DFF pass (perform DFF optimizations).
3.10.14. Executing OPT_CLEAN pass (remove unused cells and wires).
3.10.15. Executing OPT_EXPR pass (perform const folding).
3.10.16. Rerunning OPT passes. (Maybe there is more to do..)
3.10.17. Executing OPT_MUXTREE pass (detect dead branches in mux trees).
3.10.18. Executing OPT_REDUCE pass (consolidate $*mux and $reduce_* inputs).
3.10.19. Executing OPT_MERGE pass (detect identical cells).
3.10.20. Executing OPT_DFF pass (perform DFF optimizations).
3.10.21. Executing OPT_CLEAN pass (remove unused cells and wires).
3.10.22. Executing OPT_EXPR pass (perform const folding).
3.10.23. Rerunning OPT passes. (Maybe there is more to do..)
3.10.24. Executing OPT_MUXTREE pass (detect dead branches in mux trees).
3.10.25. Executing OPT_REDUCE pass (consolidate $*mux and $reduce_* inputs).
3.10.26. Executing OPT_MERGE pass (detect identical cells).
3.10.27. Executing OPT_DFF pass (perform DFF optimizations).
3.10.28. Executing OPT_CLEAN pass (remove unused cells and wires).
3.10.29. Executing OPT_EXPR pass (perform const folding).
3.10.30. Rerunning OPT passes. (Maybe there is more to do..)
3.10.31. Executing OPT_MUXTREE pass (detect dead branches in mux trees).
3.10.32. Executing OPT_REDUCE pass (consolidate $*mux and $reduce_* inputs).
3.10.33. Executing OPT_MERGE pass (detect identical cells).
3.10.34. Executing OPT_DFF pass (perform DFF optimizations).
3.10.35. Executing OPT_CLEAN pass (remove unused cells and wires).
3.10.36. Executing OPT_EXPR pass (perform const folding).
3.10.37. Rerunning OPT passes. (Maybe there is more to do..)
3.10.38. Executing OPT_MUXTREE pass (detect dead branches in mux trees).
3.10.39. Executing OPT_REDUCE pass (consolidate $*mux and $reduce_* inputs).
3.10.40. Executing OPT_MERGE pass (detect identical cells).
3.10.41. Executing OPT_DFF pass (perform DFF optimizations).
3.10.42. Executing OPT_CLEAN pass (remove unused cells and wires).
3.10.43. Executing OPT_EXPR pass (perform const folding).
3.10.44. Rerunning OPT passes. (Maybe there is more to do..)
3.10.45. Executing OPT_MUXTREE pass (detect dead branches in mux trees).
3.10.46. Executing OPT_REDUCE pass (consolidate $*mux and $reduce_* inputs).
3.10.47. Executing OPT_MERGE pass (detect identical cells).
3.10.48. Executing OPT_DFF pass (perform DFF optimizations).
3.10.49. Executing OPT_CLEAN pass (remove unused cells and wires).
3.10.50. Executing OPT_EXPR pass (perform const folding).
3.10.51. Rerunning OPT passes. (Maybe there is more to do..)
3.10.52. Executing OPT_MUXTREE pass (detect dead branches in mux trees).
3.10.53. Executing OPT_REDUCE pass (consolidate $*mux and $reduce_* inputs).
3.10.54. Executing OPT_MERGE pass (detect identical cells).
3.10.55. Executing OPT_DFF pass (perform DFF optimizations).
3.10.56. Executing OPT_CLEAN pass (remove unused cells and wires).
3.10.57. Executing OPT_EXPR pass (perform const folding).
3.10.58. Rerunning OPT passes. (Maybe there is more to do..)
3.10.59. Executing OPT_MUXTREE pass (detect dead branches in mux trees).
3.10.60. Executing OPT_REDUCE pass (consolidate $*mux and $reduce_* inputs).
3.10.61. Executing OPT_MERGE pass (detect identical cells).
3.10.62. Executing OPT_DFF pass (perform DFF optimizations).
3.10.63. Executing OPT_CLEAN pass (remove unused cells and wires).
3.10.64. Executing OPT_EXPR pass (perform const folding).
3.10.65. Rerunning OPT passes. (Maybe there is more to do..)
3.10.66. Executing OPT_MUXTREE pass (detect dead branches in mux trees).
3.10.67. Executing OPT_REDUCE pass (consolidate $*mux and $reduce_* inputs).
3.10.68. Executing OPT_MERGE pass (detect identical cells).
3.10.69. Executing OPT_DFF pass (perform DFF optimizations).
3.10.70. Executing OPT_CLEAN pass (remove unused cells and wires).
3.10.71. Executing OPT_EXPR pass (perform const folding).
3.10.72. Rerunning OPT passes. (Maybe there is more to do..)
3.10.73. Executing OPT_MUXTREE pass (detect dead branches in mux trees).
3.10.74. Executing OPT_REDUCE pass (consolidate $*mux and $reduce_* inputs).
3.10.75. Executing OPT_MERGE pass (detect identical cells).
3.10.76. Executing OPT_DFF pass (perform DFF optimizations).
3.10.77. Executing OPT_CLEAN pass (remove unused cells and wires).
3.10.78. Executing OPT_EXPR pass (perform const folding).
3.10.79. Rerunning OPT passes. (Maybe there is more to do..)
3.10.80. Executing OPT_MUXTREE pass (detect dead branches in mux trees).
3.10.81. Executing OPT_REDUCE pass (consolidate $*mux and $reduce_* inputs).
3.10.82. Executing OPT_MERGE pass (detect identical cells).
3.10.83. Executing OPT_DFF pass (perform DFF optimizations).
3.10.84. Executing OPT_CLEAN pass (remove unused cells and wires).
3.10.85. Executing OPT_EXPR pass (perform const folding).
3.10.86. Rerunning OPT passes. (Maybe there is more to do..)
3.10.87. Executing OPT_MUXTREE pass (detect dead branches in mux trees).
3.10.88. Executing OPT_REDUCE pass (consolidate $*mux and $reduce_* inputs).
3.10.89. Executing OPT_MERGE pass (detect identical cells).
3.10.90. Executing OPT_DFF pass (perform DFF optimizations).
3.10.91. Executing OPT_CLEAN pass (remove unused cells and wires).
3.10.92. Executing OPT_EXPR pass (perform const folding).
3.10.93. Finished fast OPT passes. (There is nothing left to do.)
3.11. Executing WREDUCE pass (reducing word size of cells).
3.12. Executing PEEPOPT pass (run peephole optimizers).
3.13. Executing OPT_CLEAN pass (remove unused cells and wires).
3.14. Executing ALUMACC pass (create $alu and $macc cells).
3.15. Executing SHARE pass (SAT-based resource sharing).
3.16. Executing OPT pass (performing simple optimizations).
3.16.1. Executing OPT_EXPR pass (perform const folding).
3.16.2. Executing OPT_MERGE pass (detect identical cells).
3.16.3. Executing OPT_MUXTREE pass (detect dead branches in mux trees).
3.16.4. Executing OPT_REDUCE pass (consolidate $*mux and $reduce_* inputs).
3.16.5. Executing OPT_MERGE pass (detect identical cells).
3.16.6. Executing OPT_DFF pass (perform DFF optimizations).
3.16.7. Executing OPT_CLEAN pass (remove unused cells and wires).
3.16.8. Executing OPT_EXPR pass (perform const folding).
3.16.9. Finished fast OPT passes. (There is nothing left to do.)
3.17. Executing MEMORY pass.
3.17.1. Executing OPT_MEM pass (optimize memories).
3.17.2. Executing OPT_MEM_PRIORITY pass (removing unnecessary memory write priority relations).
3.17.3. Executing OPT_MEM_FEEDBACK pass (finding memory read-to-write feedback paths).
3.17.4. Executing MEMORY_BMUX2ROM pass (converting muxes to ROMs).
3.17.5. Executing MEMORY_DFF pass (merging $dff cells to $memrd).
3.17.6. Executing OPT_CLEAN pass (remove unused cells and wires).
3.17.7. Executing MEMORY_SHARE pass (consolidating $memrd/$memwr cells).
3.17.8. Executing OPT_MEM_WIDEN pass (optimize memories where all ports are wide).
3.17.9. Executing OPT_CLEAN pass (remove unused cells and wires).
3.17.10. Executing MEMORY_COLLECT pass (generating $mem cells).
3.18. Executing OPT_CLEAN pass (remove unused cells and wires).
4. Executing SYNTH pass.
4.1. Executing OPT pass (performing simple optimizations).
4.1.1. Executing OPT_EXPR pass (perform const folding).
4.1.2. Executing OPT_MERGE pass (detect identical cells).
4.1.3. Executing OPT_DFF pass (perform DFF optimizations).
4.1.4. Executing OPT_CLEAN pass (remove unused cells and wires).
4.1.5. Rerunning OPT passes. (Removed registers in this run.)
4.1.6. Executing OPT_EXPR pass (perform const folding).
4.1.7. Executing OPT_MERGE pass (detect identical cells).
4.1.8. Executing OPT_DFF pass (perform DFF optimizations).
4.1.9. Executing OPT_CLEAN pass (remove unused cells and wires).
4.1.10. Rerunning OPT passes. (Removed registers in this run.)
4.1.11. Executing OPT_EXPR pass (perform const folding).
4.1.12. Executing OPT_MERGE pass (detect identical cells).
4.1.13. Executing OPT_DFF pass (perform DFF optimizations).
4.1.14. Executing OPT_CLEAN pass (remove unused cells and wires).
4.1.15. Finished fast OPT passes.
4.2. Executing MEMORY_MAP pass (converting memories to logic and flip-flops).
4.3. Executing OPT pass (performing simple optimizations).
4.3.1. Executing OPT_EXPR pass (perform const folding).
4.3.2. Executing OPT_MERGE pass (detect identical cells).
4.3.3. Executing OPT_MUXTREE pass (detect dead branches in mux trees).
4.3.4. Executing OPT_REDUCE pass (consolidate $*mux and $reduce_* inputs).
4.3.5. Executing OPT_MERGE pass (detect identical cells).
4.3.6. Executing OPT_SHARE pass.
4.3.7. Executing OPT_DFF pass (perform DFF optimizations).
4.3.8. Executing OPT_CLEAN pass (remove unused cells and wires).
4.3.9. Executing OPT_EXPR pass (perform const folding).
4.3.10. Rerunning OPT passes. (Maybe there is more to do..)
4.3.11. Executing OPT_MUXTREE pass (detect dead branches in mux trees).
4.3.12. Executing OPT_REDUCE pass (consolidate $*mux and $reduce_* inputs).
4.3.13. Executing OPT_MERGE pass (detect identical cells).
4.3.14. Executing OPT_SHARE pass.
4.3.15. Executing OPT_DFF pass (perform DFF optimizations).
4.3.16. Executing OPT_CLEAN pass (remove unused cells and wires).
4.3.17. Executing OPT_EXPR pass (perform const folding).
4.3.18. Rerunning OPT passes. (Maybe there is more to do..)
4.3.19. Executing OPT_MUXTREE pass (detect dead branches in mux trees).
4.3.20. Executing OPT_REDUCE pass (consolidate $*mux and $reduce_* inputs).
4.3.21. Executing OPT_MERGE pass (detect identical cells).
4.3.22. Executing OPT_SHARE pass.
4.3.23. Executing OPT_DFF pass (perform DFF optimizations).
4.3.24. Executing OPT_CLEAN pass (remove unused cells and wires).
4.3.25. Executing OPT_EXPR pass (perform const folding).
4.3.26. Rerunning OPT passes. (Maybe there is more to do..)
4.3.27. Executing OPT_MUXTREE pass (detect dead branches in mux trees).
4.3.28. Executing OPT_REDUCE pass (consolidate $*mux and $reduce_* inputs).
4.3.29. Executing OPT_MERGE pass (detect identical cells).
4.3.30. Executing OPT_SHARE pass.
4.3.31. Executing OPT_DFF pass (perform DFF optimizations).
4.3.32. Executing OPT_CLEAN pass (remove unused cells and wires).
4.3.33. Executing OPT_EXPR pass (perform const folding).
4.3.34. Rerunning OPT passes. (Maybe there is more to do..)
4.3.35. Executing OPT_MUXTREE pass (detect dead branches in mux trees).
4.3.36. Executing OPT_REDUCE pass (consolidate $*mux and $reduce_* inputs).
4.3.37. Executing OPT_MERGE pass (detect identical cells).
4.3.38. Executing OPT_SHARE pass.
4.3.39. Executing OPT_DFF pass (perform DFF optimizations).
4.3.40. Executing OPT_CLEAN pass (remove unused cells and wires).
4.3.41. Executing OPT_EXPR pass (perform const folding).
4.3.42. Rerunning OPT passes. (Maybe there is more to do..)
4.3.43. Executing OPT_MUXTREE pass (detect dead branches in mux trees).
4.3.44. Executing OPT_REDUCE pass (consolidate $*mux and $reduce_* inputs).
4.3.45. Executing OPT_MERGE pass (detect identical cells).
4.3.46. Executing OPT_SHARE pass.
4.3.47. Executing OPT_DFF pass (perform DFF optimizations).
4.3.48. Executing OPT_CLEAN pass (remove unused cells and wires).
4.3.49. Executing OPT_EXPR pass (perform const folding).
4.3.50. Rerunning OPT passes. (Maybe there is more to do..)
4.3.51. Executing OPT_MUXTREE pass (detect dead branches in mux trees).
4.3.52. Executing OPT_REDUCE pass (consolidate $*mux and $reduce_* inputs).
4.3.53. Executing OPT_MERGE pass (detect identical cells).
4.3.54. Executing OPT_SHARE pass.
4.3.55. Executing OPT_DFF pass (perform DFF optimizations).
4.3.56. Executing OPT_CLEAN pass (remove unused cells and wires).
4.3.57. Executing OPT_EXPR pass (perform const folding).
4.3.58. Rerunning OPT passes. (Maybe there is more to do..)
4.3.59. Executing OPT_MUXTREE pass (detect dead branches in mux trees).
4.3.60. Executing OPT_REDUCE pass (consolidate $*mux and $reduce_* inputs).
4.3.61. Executing OPT_MERGE pass (detect identical cells).
4.3.62. Executing OPT_SHARE pass.
4.3.63. Executing OPT_DFF pass (perform DFF optimizations).
4.3.64. Executing OPT_CLEAN pass (remove unused cells and wires).
4.3.65. Executing OPT_EXPR pass (perform const folding).
4.3.66. Rerunning OPT passes. (Maybe there is more to do..)
4.3.67. Executing OPT_MUXTREE pass (detect dead branches in mux trees).
4.3.68. Executing OPT_REDUCE pass (consolidate $*mux and $reduce_* inputs).
4.3.69. Executing OPT_MERGE pass (detect identical cells).
4.3.70. Executing OPT_SHARE pass.
4.3.71. Executing OPT_DFF pass (perform DFF optimizations).
4.3.72. Executing OPT_CLEAN pass (remove unused cells and wires).
4.3.73. Executing OPT_EXPR pass (perform const folding).
4.3.74. Rerunning OPT passes. (Maybe there is more to do..)
4.3.75. Executing OPT_MUXTREE pass (detect dead branches in mux trees).
4.3.76. Executing OPT_REDUCE pass (consolidate $*mux and $reduce_* inputs).
4.3.77. Executing OPT_MERGE pass (detect identical cells).
4.3.78. Executing OPT_SHARE pass.
4.3.79. Executing OPT_DFF pass (perform DFF optimizations).
4.3.80. Executing OPT_CLEAN pass (remove unused cells and wires).
4.3.81. Executing OPT_EXPR pass (perform const folding).
4.3.82. Rerunning OPT passes. (Maybe there is more to do..)
4.3.83. Executing OPT_MUXTREE pass (detect dead branches in mux trees).
4.3.84. Executing OPT_REDUCE pass (consolidate $*mux and $reduce_* inputs).
4.3.85. Executing OPT_MERGE pass (detect identical cells).
4.3.86. Executing OPT_SHARE pass.
4.3.87. Executing OPT_DFF pass (perform DFF optimizations).
4.3.88. Executing OPT_CLEAN pass (remove unused cells and wires).
4.3.89. Executing OPT_EXPR pass (perform const folding).
4.3.90. Rerunning OPT passes. (Maybe there is more to do..)
4.3.91. Executing OPT_MUXTREE pass (detect dead branches in mux trees).
4.3.92. Executing OPT_REDUCE pass (consolidate $*mux and $reduce_* inputs).
4.3.93. Executing OPT_MERGE pass (detect identical cells).
4.3.94. Executing OPT_SHARE pass.
4.3.95. Executing OPT_DFF pass (perform DFF optimizations).
4.3.96. Executing OPT_CLEAN pass (remove unused cells and wires).
4.3.97. Executing OPT_EXPR pass (perform const folding).
4.3.98. Rerunning OPT passes. (Maybe there is more to do..)
4.3.99. Executing OPT_MUXTREE pass (detect dead branches in mux trees).
4.3.100. Executing OPT_REDUCE pass (consolidate $*mux and $reduce_* inputs).
4.3.101. Executing OPT_MERGE pass (detect identical cells).
4.3.102. Executing OPT_SHARE pass.
4.3.103. Executing OPT_DFF pass (perform DFF optimizations).
4.3.104. Executing OPT_CLEAN pass (remove unused cells and wires).
4.3.105. Executing OPT_EXPR pass (perform const folding).
4.3.106. Finished fast OPT passes. (There is nothing left to do.)
4.4. Executing TECHMAP pass (map to technology primitives).
4.4.1. Executing Verilog-2005 frontend: /OpenROAD-flow-scripts/tools/install/yosys/bin/../share/yosys/techmap.v
4.4.2. Executing Verilog-2005 frontend: /OpenROAD-flow-scripts/flow/platforms/common/lcu_kogge_stone.v
4.4.3. Continuing TECHMAP pass.
4.5. Executing OPT pass (performing simple optimizations).
4.5.1. Executing OPT_EXPR pass (perform const folding).
4.5.2. Executing OPT_MERGE pass (detect identical cells).
4.5.3. Executing OPT_DFF pass (perform DFF optimizations).
4.5.4. Executing OPT_CLEAN pass (remove unused cells and wires).
4.5.5. Rerunning OPT passes. (Removed registers in this run.)
4.5.6. Executing OPT_EXPR pass (perform const folding).
4.5.7. Executing OPT_MERGE pass (detect identical cells).
4.5.8. Executing OPT_DFF pass (perform DFF optimizations).
4.5.9. Executing OPT_CLEAN pass (remove unused cells and wires).
4.5.10. Rerunning OPT passes. (Removed registers in this run.)
4.5.11. Executing OPT_EXPR pass (perform const folding).
4.5.12. Executing OPT_MERGE pass (detect identical cells).
4.5.13. Executing OPT_DFF pass (perform DFF optimizations).
4.5.14. Executing OPT_CLEAN pass (remove unused cells and wires).
4.5.15. Finished fast OPT passes.
4.6. Executing HIERARCHY pass (managing design hierarchy).
4.6.1. Analyzing design hierarchy..
4.6.2. Analyzing design hierarchy..
4.7. Printing statistics.
4.8. Executing CHECK pass (checking for obvious problems).
5. Executing OPT pass (performing simple optimizations).
5.1. Executing OPT_EXPR pass (perform const folding).
5.2. Executing OPT_MERGE pass (detect identical cells).
5.3. Executing OPT_MUXTREE pass (detect dead branches in mux trees).
5.4. Executing OPT_REDUCE pass (consolidate $*mux and $reduce_* inputs).
5.5. Executing OPT_MERGE pass (detect identical cells).
5.6. Executing OPT_DFF pass (perform DFF optimizations).
5.7. Executing OPT_CLEAN pass (remove unused cells and wires).
5.8. Executing OPT_EXPR pass (perform const folding).
5.9. Rerunning OPT passes. (Maybe there is more to do..)
5.10. Executing OPT_MUXTREE pass (detect dead branches in mux trees).
5.11. Executing OPT_REDUCE pass (consolidate $*mux and $reduce_* inputs).
5.12. Executing OPT_MERGE pass (detect identical cells).
5.13. Executing OPT_DFF pass (perform DFF optimizations).
5.14. Executing OPT_CLEAN pass (remove unused cells and wires).
5.15. Executing OPT_EXPR pass (perform const folding).
5.16. Finished fast OPT passes. (There is nothing left to do.)
6. Executing DFFLEGALIZE pass (convert FFs to types supported by the target).
7. Executing TECHMAP pass (map to technology primitives).
7.1. Executing Verilog-2005 frontend: ./platforms/ihp-sg13g2/cells_latch.v
7.2. Continuing TECHMAP pass.
8. Executing DFFLIBMAP pass (mapping DFF cells to sequential cells from liberty file).
8.1. Executing DFFLEGALIZE pass (convert FFs to types supported by the target).
9. Executing OPT pass (performing simple optimizations).
9.1. Executing OPT_EXPR pass (perform const folding).
9.2. Executing OPT_MERGE pass (detect identical cells).
9.3. Executing OPT_MUXTREE pass (detect dead branches in mux trees).
9.4. Executing OPT_REDUCE pass (consolidate $*mux and $reduce_* inputs).
9.5. Executing OPT_MERGE pass (detect identical cells).
9.6. Executing OPT_DFF pass (perform DFF optimizations).
9.7. Executing OPT_CLEAN pass (remove unused cells and wires).
9.8. Executing OPT_EXPR pass (perform const folding).
9.9. Rerunning OPT passes. (Maybe there is more to do..)
9.10. Executing OPT_MUXTREE pass (detect dead branches in mux trees).
9.11. Executing OPT_REDUCE pass (consolidate $*mux and $reduce_* inputs).
9.12. Executing OPT_MERGE pass (detect identical cells).
9.13. Executing OPT_DFF pass (perform DFF optimizations).
9.14. Executing OPT_CLEAN pass (remove unused cells and wires).
9.15. Executing OPT_EXPR pass (perform const folding).
9.16. Finished fast OPT passes. (There is nothing left to do.)
10. Executing SETUNDEF pass (replace undef values with defined constants).
abc -script /OpenROAD-flow-scripts/flow/scripts/abc_speed.script -liberty ./platforms/ihp-sg13g2/lib/sg13g2_stdcell_typ_1p20V_25C.lib -dont_use sg13g2_lgcp_1 -dont_use sg13g2_sighold -dont_use sg13g2_slgcp_1 -dont_use sg13g2_dfrbp_2 -constr /tmp/workspace/scripts-Private_test-fr_cugr_cmp-1-/objects/ihp-sg13g2/jpeg/base/abc.constr -D 8000
11. Executing ABC pass (technology mapping using ABC).
11.1. Extracting gate netlist of module `\jpeg_encoder' to `<abc-temp-dir>/input.blif'..
11.1.1. Executed ABC.
11.1.2. Re-integrating ABC results.
Took 92 seconds: abc -script /OpenROAD-flow-scripts/flow/scripts/abc_speed.script -liberty ./platforms/ihp-sg13g2/lib/sg13g2_stdcell_typ_1p20V_25C.lib -dont_use sg13g2_lgcp_1 -dont_use sg13g2_sighold -dont_use sg13g2_slgcp_1 -dont_use sg13g2_dfrbp_2 -constr /tmp/workspace/scripts-Private_test-fr_cugr_cmp-1-/objects/ihp-sg13g2/jpeg/base/abc.constr -D 8000
12. Executing SPLITNETS pass (splitting up multi-bit signals).
13. Executing OPT_CLEAN pass (remove unused cells and wires).
14. Executing HILOMAP pass (mapping to constant drivers).
15. Executing INSBUF pass (insert buffer cells for connected wires).
16. Executing CHECK pass (checking for obvious problems).
17. Printing statistics.
18. Executing CHECK pass (checking for obvious problems).
19. Executing Verilog backend.
19.1. Executing BMUXMAP pass.
19.2. Executing DEMUXMAP pass.
End of script. Logfile hash: cd0bd6953a, time: 107.04s, user: 20.96s, system: 0.69s, MEM: 495.46 MB peak
Yosys 0.68+post (git sha1 UNKNOWN, Release, GNU /usr/local/bin/wrapped-cc/g++ 11.4.0)
Time spent: 81% 1x abc (92 sec), 4% 54x opt_clean (5 sec), ...
Elapsed time: 1:47.24[h:]min:sec. CPU time: user 112.07 sys 0.89 (105%). Peak memory: 508628KB.
Log                       Ext     Elapsed/s Peak Memory/MB sha1sum result [0:20)
1_2_yosys                 .v            107            496 a10f7bb4ec3f096ec91e
