OpenROAD 26Q3-1464-gb22abfea20 
Features included (+) or not (-): +GPU +GUI +Python
This program is licensed under the BSD-3 license. See the LICENSE file for details.
Components of this program may be licensed under more restrictive licenses which must be honored.
[INFO ORD-0030] Using 30 thread(s).
read_liberty ./platforms/sky130hd/lib/sky130_fd_sc_hd__tt_025C_1v80.lib
read_liberty ./designs/sky130hd/microwatt/lib/Microwatt_FP_DFFRFile.lib
read_liberty ./designs/sky130hd/microwatt/lib/RAM32_1RW1R.lib
read_liberty ./designs/sky130hd/microwatt/lib/RAM512.lib
read_liberty ./designs/sky130hd/microwatt/lib/multiply_add_64x64.lib
read_db -hier /tmp/workspace/scripts-Private_test-fr_cugr_cmp-2-/results/sky130hd/microwatt/base/2_2_floorplan_macro.odb
[WARNING ORD-0012] Hierarchical flow (-hier) is currently in development and may cause multiple issues. Do not use in production environments.
read_sdc /tmp/workspace/scripts-Private_test-fr_cugr_cmp-2-/results/sky130hd/microwatt/base/2_1_floorplan.sdc
source ./platforms/sky130hd/setRC.tcl
[INFO ODB-0303] The initial 1052 rows (6550804 sites) were cut with 6 shapes for a total of 1194 rows (3368139 sites).
[INFO TAP-0005] Inserted 56914 tapcells.
Design area 4588340 um^2 56% utilization.
write_db /tmp/workspace/scripts-Private_test-fr_cugr_cmp-2-/results/sky130hd/microwatt/base/2_3_floorplan_tapcell.odb
Elapsed time: 0:01.00[h:]min:sec. CPU time: user 0.84 sys 0.16 (100%). Peak memory: 267028KB.
Log                       Ext     Elapsed/s Peak Memory/MB sha1sum result [0:20)
2_3_floorplan_tapcell     .odb            1            260 6d14745c1c88fef40e88
