[2026-08-20 04:15:32.723] [miter_logger] [info] MiterStrategy::run starting
[2026-08-20 04:15:32.723] [miter_logger] [info] Collecting POs for design 0: spi

[2026-08-20 04:15:32.724] [miter_logger] [info] Collected 13 PIs for design 0

[2026-08-20 04:15:32.724] [miter_logger] [info] Collected 0 POs for design 0

[2026-08-20 04:15:32.724] [miter_logger] [info] design 0 PI summary by model/term (13 total terminals, 6 unique rows):
| Model | Term | Count |
|-------|------|-------|
| spi   | din  |     8 |
| spi   | clk  |     1 |
| spi   | mosi |     1 |
| spi   | rst  |     1 |
| spi   | sck  |     1 |
| spi   | ss   |     1 |

[2026-08-20 04:15:32.724] [miter_logger] [info] design 0 PO summary by model/term (0 total terminals, 0 unique rows):
| Model | Term | Count |
|-------|------|-------|
| <none> | <none> |     0 |

[2026-08-20 04:15:32.724] [miter_logger] [info] Collecting POs for design 1: spi

[2026-08-20 04:15:32.724] [miter_logger] [info] size of common inputs: 13
[2026-08-20 04:15:32.724] [miter_logger] [info] size of diff0 inputs: 0
[2026-08-20 04:15:32.724] [miter_logger] [info] size of diff1 inputs: 0
[2026-08-20 04:15:32.724] [miter_logger] [info] Collected 13 PIs for design 1

[2026-08-20 04:15:32.724] [miter_logger] [info] Collected 0 POs for design 1

[2026-08-20 04:15:32.724] [miter_logger] [info] design 1 PI summary by model/term (13 total terminals, 6 unique rows):
| Model | Term | Count |
|-------|------|-------|
| spi   | din  |     8 |
| spi   | clk  |     1 |
| spi   | mosi |     1 |
| spi   | rst  |     1 |
| spi   | sck  |     1 |
| spi   | ss   |     1 |

[2026-08-20 04:15:32.724] [miter_logger] [info] design 1 PO summary by model/term (0 total terminals, 0 unique rows):
| Model | Term | Count |
|-------|------|-------|
| <none> | <none> |     0 |

[2026-08-20 04:15:32.724] [miter_logger] [info] normalizeInputs: starting
[2026-08-20 04:15:32.724] [miter_logger] [info] size of common inputs: 13
[2026-08-20 04:15:32.724] [miter_logger] [info] size of diff0 inputs: 0
[2026-08-20 04:15:32.724] [miter_logger] [info] size of diff1 inputs: 0
[2026-08-20 04:15:32.724] [miter_logger] [info] normalizeOutputs: starting
[2026-08-20 04:15:32.724] [miter_logger] [info] size of common outputs: 0
[2026-08-20 04:15:32.724] [miter_logger] [info] size of diff0 outputs: 0
[2026-08-20 04:15:32.724] [miter_logger] [info] size of diff1 outputs: 0
[2026-08-20 04:15:32.724] [miter_logger] [info] size of PIs in circuit 0: 13
[2026-08-20 04:15:32.724] [miter_logger] [info] size of PIs in circuit 1: 13
[2026-08-20 04:15:32.724] [miter_logger] [info] size of POs in circuit 0: 0
[2026-08-20 04:15:32.724] [miter_logger] [info] size of POs in circuit 1: 0
[2026-08-20 04:15:32.724] [miter_logger] [warning] No valid outputs to compare. Miter vacuously equivalent.
