OpenROAD 26Q3-1464-gb22abfea20 
Features included (+) or not (-): +GPU +GUI +Python
This program is licensed under the BSD-3 license. See the LICENSE file for details.
Components of this program may be licensed under more restrictive licenses which must be honored.
[INFO ORD-0030] Using 30 thread(s).
source ./platforms/ihp-sg13g2/suppress_message.tcl
read_liberty ./platforms/ihp-sg13g2/lib/sg13g2_stdcell_typ_1p20V_25C.lib
read_db -hier /tmp/workspace/scripts-Private_test-fr_cugr_cmp-1-/results/ihp-sg13g2/spi/base/5_route.odb
[WARNING ORD-0012] Hierarchical flow (-hier) is currently in development and may cause multiple issues. Do not use in production environments.
read_sdc /tmp/workspace/scripts-Private_test-fr_cugr_cmp-1-/results/ihp-sg13g2/spi/base/5_route.sdc
source ./platforms/ihp-sg13g2/setRC.tcl
[WARNING STA-0450] virtual clock vclk_core_clock can not be propagated.
[WARNING FIN-0010] Skipping layer OVERLAP.
[WARNING FIN-0010] Skipping layer LOCKED.
[WARNING FIN-0010] Skipping layer LOCKED1.
[WARNING FIN-0010] Skipping layer LOCKED2.
[WARNING FIN-0010] Skipping layer GatPoly.
[WARNING FIN-0010] Skipping layer Cont.
[INFO FIN-0003] Filling layer Metal1.
[INFO FIN-0009] Filling 17 areas with non-OPC fill.
[INFO FIN-0004] Total fills: 0.
[WARNING FIN-0010] Skipping layer Via1.
[INFO FIN-0003] Filling layer Metal2.
[INFO FIN-0009] Filling 36 areas with non-OPC fill.
[INFO FIN-0004] Total fills: 232.
[WARNING FIN-0010] Skipping layer Via2.
[INFO FIN-0003] Filling layer Metal3.
[INFO FIN-0009] Filling 16 areas with non-OPC fill.
[INFO FIN-0004] Total fills: 512.
[WARNING FIN-0010] Skipping layer Via3.
[INFO FIN-0003] Filling layer Metal4.
[INFO FIN-0009] Filling 5 areas with non-OPC fill.
[INFO FIN-0004] Total fills: 918.
[WARNING FIN-0010] Skipping layer Via4.
[INFO FIN-0003] Filling layer Metal5.
[INFO FIN-0009] Filling 1 areas with non-OPC fill.
[INFO FIN-0004] Total fills: 1358.
[WARNING FIN-0010] Skipping layer TopVia1.
[INFO FIN-0003] Filling layer TopMetal1.
[INFO FIN-0009] Filling 4 areas with non-OPC fill.
[INFO FIN-0004] Total fills: 1414.
[WARNING FIN-0010] Skipping layer TopVia2.
[INFO FIN-0003] Filling layer TopMetal2.
[INFO FIN-0009] Filling 4 areas with non-OPC fill.
[INFO FIN-0004] Total fills: 1470.
write_db /tmp/workspace/scripts-Private_test-fr_cugr_cmp-1-/results/ihp-sg13g2/spi/base/6_1_fill.odb
Elapsed time: 0:00.21[h:]min:sec. CPU time: user 0.18 sys 0.03 (100%). Peak memory: 107904KB.
Log                       Ext     Elapsed/s Peak Memory/MB sha1sum result [0:20)
6_1_fill                  .v              0            105 a1fae740d766eee19294
6_1_fill                  .odb                             5cb94d4da7deda3b3095
