OpenROAD 26Q3-1464-gb22abfea20 
Features included (+) or not (-): +GPU +GUI +Python
This program is licensed under the BSD-3 license. See the LICENSE file for details.
Components of this program may be licensed under more restrictive licenses which must be honored.
[INFO ORD-0030] Using 30 thread(s).
read_liberty ./platforms/nangate45/lib/NangateOpenCellLibrary_typical.lib
read_db /tmp/workspace/scripts-Private_test-fr_cugr_cmp-2-/results/nangate45/jpeg/base/3_place.odb
read_sdc /tmp/workspace/scripts-Private_test-fr_cugr_cmp-2-/results/nangate45/jpeg/base/3_place.sdc
source ./platforms/nangate45/setRC.tcl
clock_tree_synthesis -sink_clustering_enable -repair_clock_nets
[INFO CTS-0050] Root buffer is CLKBUF_X3.
[INFO CTS-0051] Sink buffer is CLKBUF_X3.
[INFO CTS-0052] The following clock buffers will be used for CTS:
                    CLKBUF_X3
[INFO CTS-0049] Characterization buffer is CLKBUF_X3.
[INFO CTS-0007] Net "clk" found for clock "clk".
[INFO CTS-0010]  Clock net "clk" has 4384 sinks.
[INFO CTS-0008] TritonCTS found 1 clock nets.
[INFO CTS-0097] Characterization used 1 buffer(s) types.
[INFO CTS-0201] 0 blockages from hard placement blockages and placed macros will be used.
[INFO CTS-0027] Generating H-Tree topology for net clk.
[INFO CTS-0028]  Total number of sinks: 4384.
[INFO CTS-0090]  Sinks will be clustered based on buffer max cap.
[INFO CTS-0030]  Number of static layers: 0.
[INFO CTS-0020]  Wire segment unit: 14000  dbu (7 um).
[INFO CTS-0206] Best clustering solution was found from max clustering size of 10 and max clustering diameter of 49.
[INFO CTS-0019]  Total number of sinks after clustering: 632.
[INFO CTS-0024]  Normalized sink region: [(0.580179, 0.55), (46.6605, 46.7589)].
[INFO CTS-0025]     Width:  46.0803.
[INFO CTS-0026]     Height: 46.2089.
 Level 1
    Direction: Vertical
    Sinks per sub-region: 316
    Sub-region size: 46.0803 X 23.1044
[INFO CTS-0034]     Segment length (rounded): 12.
 Level 2
    Direction: Horizontal
    Sinks per sub-region: 158
    Sub-region size: 23.0402 X 23.1044
[INFO CTS-0034]     Segment length (rounded): 12.
 Level 3
    Direction: Vertical
    Sinks per sub-region: 79
    Sub-region size: 23.0402 X 11.5522
[INFO CTS-0034]     Segment length (rounded): 6.
 Level 4
    Direction: Horizontal
    Sinks per sub-region: 40
    Sub-region size: 11.5201 X 11.5522
[INFO CTS-0034]     Segment length (rounded): 6.
 Level 5
    Direction: Vertical
    Sinks per sub-region: 20
    Sub-region size: 11.5201 X 5.7761
[INFO CTS-0034]     Segment length (rounded): 2.
 Level 6
    Direction: Horizontal
    Sinks per sub-region: 10
    Sub-region size: 5.7600 X 5.7761
[INFO CTS-0034]     Segment length (rounded): 2.
[INFO CTS-0038]  Stop criterion found. Sink region hpwl is smaller than max wirelength (591.189 um) and max number of sinks is 15.
[INFO CTS-0035]  Number of sinks covered: 632.
[INFO CTS-0018]     Created 701 clock buffers.
[INFO CTS-0012]     Minimum number of buffers in the clock path: 4.
[INFO CTS-0013]     Maximum number of buffers in the clock path: 4.
[INFO CTS-0015]     Created 701 clock nets.
[INFO CTS-0016]     Fanout distribution for the current clock = 2:1, 3:12, 4:20, 5:50, 6:110, 7:224, 8:194, 9:51, 10:10, 11:5, 12:5, 13:7, 14:3, 15:3, 16:1..
[INFO CTS-0017]     Max level of the clock tree: 6.
[INFO CTS-0098] Clock net "clk"
[INFO CTS-0099]  Sinks 4947
[INFO CTS-0100]  Leaf buffers 632
[INFO CTS-0101]  Average sink wire length 576.55 um
[INFO CTS-0102]  Path depth 3 - 4
[INFO CTS-0207]  Dummy loads inserted 563
[INFO CTS-0500] Runtime: 3.65s
estimate_parasitics -placement
detailed_placement
[INFO DPL-0006] Core area: 107806.61 um^2
[INFO DPL-0007] Movable instances area: 90891.40 um^2
[INFO DPL-0008] Fixed instances area within core: 187.26 um^2
[INFO DPL-0009] Utilization: 84.5%
[INFO DPL-0005] Diamond search max displacement: +/- 500 sites horizontally, +/- 100 rows vertically.
[INFO DPL-1102] Legalizing using negotiation legalizer.
[INFO DPL-1103] Negotiation base search window: +/-20 sites horizontally, +/-5 rows vertically 
	Automatic search window extension enabled.
	Search window extendable up to the max displacement cap of +/-500 sites, +/-100 rows near walls.
[INFO DPL-1104] NegotiationLegalizer DRC penalty: 5.
[INFO DPL-0392] Negotiation cell height distribution (1 unique row-count(s)):
[INFO DPL-0393]   height 1 row(s): 60647 cells
          |      Total |  Illegal |  Illegal
Iteration | Violations |    Cells |    Sites
---------------------------------------------
        0 |       3363 |       879 |      2484
        1 |       1302 |       276 |      1026
        2 |        980 |       156 |       824
        3 |        594 |        90 |       504
        4 |        532 |        71 |       461
        5 |        444 |        66 |       378
        6 |        461 |        56 |       405
        7 |        365 |        44 |       321
        8 |        382 |        52 |       330
        9 |        267 |        41 |       226
       10 |        251 |        33 |       218
       20 |         66 |        14 |        52
       30 |         37 |         5 |        32
       40 |         26 |         3 |        23
       49 |          0 |         0 |         0
Negotiation phase 1 converged at iteration 49.
[INFO DPL-0500] Runtime: 3.91s
Placement Analysis
---------------------------------
total displacement      29194.7 u
average displacement        0.5 u
max displacement           19.8 u
original HPWL          551867.6 u
legalized HPWL         569082.0 u
delta HPWL                    3 %

estimate_parasitics -placement
repair_timing -setup_margin 0 -hold_margin 0 -repair_tns 100 -verbose
[INFO RSZ-0100] Repair move sequence: UnbufferMove SizeUpMove SwapPinsMove BufferMove CloneMove SplitLoadMove 
[INFO RSZ-0094] Found 684 endpoints with setup violations.
[INFO RSZ-0099] Repairing 684 out of 684 (100.00%) violating endpoints...
   Iter   | Removed | Resized | Inserted | Cloned |  Pin  |   Area   |    WNS   |   StTNS    |   EnTNS    |  Viol  |  Worst  
          | Buffers |  Gates  | Buffers  |  Gates | Swaps |          |          |            |            | Endpts | St/EnPt 
------------------------------------------------------------------------------------------------------------------------------
       0* |       0 |       0 |        0 |      0 |     0 |    +0.0% |   -0.170 |       -1.4 |      -60.5 |    684 | fdct_zigzag.dct_mod.dct_block_5.dct_unit_6.macu.mult_res\[16\]$_DFFE_PP_/D
      10* |       0 |       5 |        3 |      0 |     1 |    +0.0% |   -0.167 |       -1.4 |      -64.8 |    684 | fdct_zigzag.dct_mod.dct_block_5.dct_unit_6.macu.mult_res\[16\]$_DFFE_PP_/D
      20* |       0 |      15 |        3 |      0 |     1 |    +0.0% |   -0.161 |       -1.4 |      -65.4 |    684 | fdct_zigzag.dct_mod.dct_block_1.dct_unit_3.macu.mult_res\[15\]$_DFFE_PP_/D
      30* |       0 |      25 |        3 |      0 |     1 |    +0.0% |   -0.156 |       -1.3 |      -66.1 |    684 | fdct_zigzag.dct_mod.dct_block_6.dct_unit_4.macu.mult_res\[16\]$_DFFE_PP_/D
      40* |       0 |      32 |        3 |      0 |     4 |    +0.0% |   -0.159 |       -1.3 |      -67.0 |    684 | fdct_zigzag.dct_mod.dct_block_3.dct_unit_1.macu.mult_res\[16\]$_DFFE_PP_/D
      50* |       0 |      36 |        5 |      0 |     8 |    +0.1% |   -0.160 |       -1.3 |      -67.7 |    684 | fdct_zigzag.dct_mod.dct_block_7.dct_unit_2.macu.mult_res\[16\]$_DFFE_PP_/D
      60* |       0 |      38 |        6 |      0 |    15 |    +0.1% |   -0.164 |       -1.3 |      -70.1 |    684 | fdct_zigzag.dct_mod.dct_block_5.dct_unit_6.macu.mult_res\[16\]$_DFFE_PP_/D
      70* |       0 |      44 |        6 |      0 |    19 |    +0.1% |   -0.164 |       -1.3 |      -69.9 |    684 | fdct_zigzag.dct_mod.dct_block_7.dct_unit_5.macu.mult_res\[16\]$_DFFE_PP_/D
      80* |       0 |      48 |        8 |      0 |    23 |    +0.1% |   -0.163 |       -1.3 |      -69.8 |    684 | fdct_zigzag.dct_mod.dct_block_7.dct_unit_5.macu.mult_res\[16\]$_DFFE_PP_/D
      81* |       0 |      26 |        3 |      0 |     1 |    +0.0% |   -0.156 |       -1.3 |      -66.1 |    684 | fdct_zigzag.dct_mod.dct_block_1.dct_unit_3.macu.mult_res\[15\]$_DFFE_PP_/D
      90* |       0 |      30 |        4 |      0 |     4 |    +0.1% |   -0.168 |       -1.3 |      -69.7 |    684 | fdct_zigzag.dct_mod.dct_block_7.dct_unit_6.macu.mult_res\[16\]$_DFFE_PP_/D
     100* |       0 |      34 |        6 |      0 |     8 |    +0.1% |   -0.177 |       -1.3 |      -72.7 |    684 | fdct_zigzag.dct_mod.dct_block_7.dct_unit_6.macu.mult_res\[16\]$_DFFE_PP_/D
     110* |       0 |      37 |       14 |      1 |     9 |    +0.1% |   -0.166 |       -1.3 |      -61.6 |    684 | fdct_zigzag.dct_mod.dct_block_2.dct_unit_7.macu.mult_res\[18\]$_DFFE_PP_/D
     120* |       0 |      45 |       14 |      1 |    11 |    +0.1% |   -0.166 |       -1.3 |      -60.8 |    684 | fdct_zigzag.dct_mod.dct_block_2.dct_unit_7.macu.mult_res\[18\]$_DFFE_PP_/D
     130* |       0 |      54 |       15 |      1 |    11 |    +0.1% |   -0.166 |       -1.3 |      -61.4 |    684 | fdct_zigzag.dct_mod.dct_block_2.dct_unit_7.macu.mult_res\[18\]$_DFFE_PP_/D
     132* |       0 |      26 |        3 |      0 |     1 |    +0.0% |   -0.156 |       -1.3 |      -66.1 |    684 | fdct_zigzag.dct_mod.dct_block_1.dct_unit_3.macu.mult_res\[15\]$_DFFE_PP_/D
     140* |       0 |      31 |        3 |      1 |     2 |    +0.1% |   -0.179 |       -1.4 |      -74.0 |    684 | fdct_zigzag.dct_mod.dct_block_7.dct_unit_6.macu.mult_res\[16\]$_DFFE_PP_/D
     150* |       0 |      37 |       10 |      2 |     2 |    +0.1% |   -0.166 |       -1.3 |      -61.8 |    684 | fdct_zigzag.dct_mod.dct_block_2.dct_unit_7.macu.mult_res\[18\]$_DFFE_PP_/D
     160* |       0 |      45 |       11 |      2 |     3 |    +0.1% |   -0.166 |       -1.3 |      -62.0 |    684 | fdct_zigzag.dct_mod.dct_block_2.dct_unit_7.macu.mult_res\[18\]$_DFFE_PP_/D
     170* |       0 |      53 |       12 |      2 |     4 |    +0.1% |   -0.166 |       -1.3 |      -62.2 |    684 | fdct_zigzag.dct_mod.dct_block_2.dct_unit_7.macu.mult_res\[18\]$_DFFE_PP_/D
     173* |       0 |      26 |        3 |      0 |     1 |    +0.0% |   -0.156 |       -1.3 |      -66.1 |    684 | fdct_zigzag.dct_mod.dct_block_1.dct_unit_3.macu.mult_res\[15\]$_DFFE_PP_/D
     180* |       0 |      29 |        4 |      0 |     3 |    +0.0% |   -0.159 |       -1.4 |      -67.0 |    684 | fdct_zigzag.dct_mod.dct_block_1.dct_unit_3.macu.mult_res\[15\]$_DFFE_PP_/D
     190* |       0 |      34 |        5 |      0 |     7 |    +0.1% |   -0.178 |       -1.4 |      -73.1 |    684 | fdct_zigzag.dct_mod.dct_block_1.dct_unit_3.macu.mult_res\[15\]$_DFFE_PP_/D
     200* |       0 |      38 |        7 |      0 |    11 |    +0.1% |   -0.178 |       -1.3 |      -73.0 |    684 | fdct_zigzag.dct_mod.dct_block_1.dct_unit_3.macu.mult_res\[15\]$_DFFE_PP_/D
     210* |       0 |      41 |        7 |      3 |    15 |    +0.1% |   -0.217 |       -1.4 |      -87.3 |    684 | fdct_zigzag.dct_mod.dct_block_5.dct_unit_6.macu.mult_res\[15\]$_DFFE_PP_/D
     220* |       0 |      45 |       10 |      3 |    18 |    +0.1% |   -0.244 |       -1.4 |      -97.1 |    684 | fdct_zigzag.dct_mod.dct_block_3.dct_unit_7.macu.mult_res\[16\]$_DFFE_PP_/D
     227* |       0 |      28 |        4 |      0 |     1 |    +0.0% |   -0.156 |       -1.3 |      -66.0 |    684 | fdct_zigzag.dct_mod.dct_block_1.dct_unit_3.macu.mult_res\[15\]$_DFFE_PP_/D
     230* |       0 |      29 |        5 |      0 |     1 |    +0.1% |   -0.164 |       -1.3 |      -68.9 |    684 | fdct_zigzag.dct_mod.dct_block_1.dct_unit_3.macu.mult_res\[15\]$_DFFE_PP_/D
     240* |       0 |      38 |        5 |      0 |     2 |    +0.1% |   -0.168 |       -1.3 |      -70.0 |    684 | fdct_zigzag.dct_mod.dct_block_1.dct_unit_3.macu.mult_res\[15\]$_DFFE_PP_/D
     250* |       0 |      40 |        7 |      2 |     7 |    +0.1% |   -0.195 |       -1.4 |      -79.8 |    684 | fdct_zigzag.dct_mod.dct_block_1.dct_unit_3.macu.mult_res\[15\]$_DFFE_PP_/D
     260* |       0 |      44 |       10 |      3 |     9 |    +0.1% |   -0.167 |       -1.4 |      -66.6 |    684 | fdct_zigzag.dct_mod.dct_block_1.dct_unit_3.macu.mult_res\[15\]$_DFFE_PP_/D
     270* |       0 |      51 |       11 |      3 |    11 |    +0.1% |   -0.167 |       -1.4 |      -66.6 |    684 | fdct_zigzag.dct_mod.dct_block_1.dct_unit_3.macu.mult_res\[15\]$_DFFE_PP_/D
     280* |       0 |      59 |       15 |      3 |    12 |    +0.1% |   -0.150 |       -1.3 |      -60.2 |    684 | fdct_zigzag.dct_mod.dct_block_3.dct_unit_0.macu.mult_res\[18\]$_DFFE_PP_/D
     290* |       0 |      68 |       16 |      3 |    12 |    +0.2% |   -0.150 |       -1.3 |      -62.8 |    684 | fdct_zigzag.dct_mod.dct_block_3.dct_unit_0.macu.mult_res\[18\]$_DFFE_PP_/D
     293* |       0 |      61 |       15 |      3 |    12 |    +0.1% |   -0.150 |       -1.3 |      -60.2 |    684 | fdct_zigzag.dct_mod.dct_block_3.dct_unit_0.macu.mult_res\[18\]$_DFFE_PP_/D
     300* |       0 |      64 |       17 |      3 |    14 |    +0.2% |   -0.150 |       -1.3 |      -60.2 |    684 | fdct_zigzag.dct_mod.dct_block_3.dct_unit_0.macu.mult_res\[18\]$_DFFE_PP_/D
     310* |       0 |      72 |       18 |      3 |    15 |    +0.2% |   -0.150 |       -1.3 |      -62.2 |    684 | fdct_zigzag.dct_mod.dct_block_3.dct_unit_0.macu.mult_res\[18\]$_DFFE_PP_/D
     320* |       0 |      80 |       19 |      3 |    16 |    +0.2% |   -0.150 |       -1.3 |      -62.2 |    684 | fdct_zigzag.dct_mod.dct_block_3.dct_unit_0.macu.mult_res\[18\]$_DFFE_PP_/D
     330* |       0 |      88 |       19 |      3 |    18 |    +0.2% |   -0.150 |       -1.3 |      -62.0 |    684 | fdct_zigzag.dct_mod.dct_block_3.dct_unit_0.macu.mult_res\[18\]$_DFFE_PP_/D
     340* |       0 |      93 |       22 |      4 |    19 |    +0.2% |   -0.150 |       -1.3 |      -62.1 |    684 | fdct_zigzag.dct_mod.dct_block_3.dct_unit_0.macu.mult_res\[18\]$_DFFE_PP_/D
     350* |       0 |     101 |       23 |      4 |    20 |    +0.2% |   -0.150 |       -1.3 |      -62.7 |    684 | fdct_zigzag.dct_mod.dct_block_3.dct_unit_0.macu.mult_res\[18\]$_DFFE_PP_/D
     353* |       0 |      69 |       18 |      3 |    15 |    +0.2% |   -0.150 |       -1.3 |      -60.5 |    684 | fdct_zigzag.dct_mod.dct_block_3.dct_unit_0.macu.mult_res\[18\]$_DFFE_PP_/D
     360* |       0 |      71 |       18 |      3 |    19 |    +0.2% |   -0.150 |       -1.3 |      -60.5 |    684 | fdct_zigzag.dct_mod.dct_block_3.dct_unit_0.macu.mult_res\[18\]$_DFFE_PP_/D
     370* |       0 |      75 |       19 |      3 |    24 |    +0.2% |   -0.150 |       -1.3 |      -60.5 |    684 | fdct_zigzag.dct_mod.dct_block_3.dct_unit_0.macu.mult_res\[18\]$_DFFE_PP_/D
     380* |       0 |      78 |       20 |      3 |    30 |    +0.2% |   -0.150 |       -1.3 |      -60.5 |    684 | fdct_zigzag.dct_mod.dct_block_3.dct_unit_0.macu.mult_res\[18\]$_DFFE_PP_/D
     390* |       0 |      85 |       20 |      3 |    33 |    +0.2% |   -0.150 |       -1.3 |      -60.5 |    684 | fdct_zigzag.dct_mod.dct_block_3.dct_unit_0.macu.mult_res\[18\]$_DFFE_PP_/D
     400* |       0 |      93 |       20 |      3 |    35 |    +0.2% |   -0.152 |       -1.3 |      -62.5 |    684 | fdct_zigzag.dct_mod.dct_block_7.dct_unit_6.macu.mult_res\[16\]$_DFFE_PP_/D
     410* |       0 |     102 |       20 |      3 |    36 |    +0.2% |   -0.152 |       -1.3 |      -62.5 |    684 | fdct_zigzag.dct_mod.dct_block_7.dct_unit_6.macu.mult_res\[16\]$_DFFE_PP_/D
     416* |       0 |      78 |       20 |      3 |    29 |    +0.2% |   -0.150 |       -1.3 |      -60.4 |    684 | fdct_zigzag.dct_mod.dct_block_3.dct_unit_0.macu.mult_res\[18\]$_DFFE_PP_/D
     420* |       0 |      81 |       20 |      3 |    29 |    +0.2% |   -0.150 |       -1.3 |      -60.4 |    684 | fdct_zigzag.dct_mod.dct_block_3.dct_unit_0.macu.mult_res\[18\]$_DFFE_PP_/D
     430* |       0 |      89 |       20 |      3 |    31 |    +0.2% |   -0.150 |       -1.2 |      -60.4 |    684 | fdct_zigzag.dct_mod.dct_block_3.dct_unit_0.macu.mult_res\[18\]$_DFFE_PP_/D
     440* |       0 |      96 |       20 |      3 |    34 |    +0.2% |   -0.150 |       -1.2 |      -60.3 |    684 | fdct_zigzag.dct_mod.dct_block_3.dct_unit_0.macu.mult_res\[18\]$_DFFE_PP_/D
     450* |       0 |     103 |       22 |      3 |    36 |    +0.2% |   -0.150 |       -1.2 |      -60.3 |    684 | fdct_zigzag.dct_mod.dct_block_3.dct_unit_0.macu.mult_res\[18\]$_DFFE_PP_/D
     460* |       0 |     106 |       24 |      3 |    41 |    +0.2% |   -0.150 |       -1.2 |      -60.3 |    684 | fdct_zigzag.dct_mod.dct_block_3.dct_unit_0.macu.mult_res\[18\]$_DFFE_PP_/D
     470* |       0 |     114 |       25 |      3 |    42 |    +0.2% |   -0.150 |       -1.3 |      -60.3 |    684 | fdct_zigzag.dct_mod.dct_block_3.dct_unit_0.macu.mult_res\[18\]$_DFFE_PP_/D
     480* |       0 |     118 |       27 |      3 |    46 |    +0.2% |   -0.150 |       -1.3 |      -60.3 |    684 | fdct_zigzag.dct_mod.dct_block_3.dct_unit_0.macu.mult_res\[18\]$_DFFE_PP_/D
     490* |       0 |     123 |       27 |      3 |    51 |    +0.2% |   -0.150 |       -1.3 |      -60.3 |    684 | fdct_zigzag.dct_mod.dct_block_3.dct_unit_0.macu.mult_res\[18\]$_DFFE_PP_/D
     500* |       0 |     132 |       27 |      4 |    51 |    +0.3% |   -0.150 |       -1.3 |      -60.5 |    684 | fdct_zigzag.dct_mod.dct_block_3.dct_unit_0.macu.mult_res\[18\]$_DFFE_PP_/D
     510* |       0 |     139 |       32 |      4 |    52 |    +0.3% |   -0.150 |       -1.3 |      -60.4 |    684 | fdct_zigzag.dct_mod.dct_block_3.dct_unit_0.macu.mult_res\[18\]$_DFFE_PP_/D
     520* |       0 |     145 |       32 |      4 |    56 |    +0.3% |   -0.150 |       -1.3 |      -60.4 |    684 | fdct_zigzag.dct_mod.dct_block_3.dct_unit_0.macu.mult_res\[18\]$_DFFE_PP_/D
     523* |       0 |     117 |       25 |      3 |    42 |    +0.2% |   -0.150 |       -1.3 |      -60.3 |    684 | fdct_zigzag.dct_mod.dct_block_3.dct_unit_0.macu.mult_res\[18\]$_DFFE_PP_/D
     530* |       0 |     120 |       25 |      3 |    45 |    +0.2% |   -0.150 |       -1.3 |      -60.3 |    684 | fdct_zigzag.dct_mod.dct_block_3.dct_unit_0.macu.mult_res\[18\]$_DFFE_PP_/D
     540* |       0 |     128 |       25 |      3 |    47 |    +0.2% |   -0.150 |       -1.3 |      -60.4 |    684 | fdct_zigzag.dct_mod.dct_block_3.dct_unit_0.macu.mult_res\[18\]$_DFFE_PP_/D
     550* |       0 |     134 |       25 |      3 |    51 |    +0.2% |   -0.151 |       -1.3 |      -61.8 |    684 | fdct_zigzag.dct_mod.dct_block_1.dct_unit_3.macu.mult_res\[15\]$_DFFE_PP_/D
     560* |       0 |     143 |       25 |      3 |    52 |    +0.3% |   -0.153 |       -1.3 |      -62.2 |    684 | fdct_zigzag.dct_mod.dct_block_7.dct_unit_6.macu.mult_res\[16\]$_DFFE_PP_/D
     570* |       0 |     150 |       26 |      3 |    54 |    +0.3% |   -0.151 |       -1.3 |      -62.9 |    684 | fdct_zigzag.dct_mod.dct_block_7.dct_unit_6.macu.mult_res\[16\]$_DFFE_PP_/D
     576* |       0 |     131 |       25 |      3 |    49 |    +0.2% |   -0.150 |       -1.3 |      -60.4 |    684 | fdct_zigzag.dct_mod.dct_block_3.dct_unit_0.macu.mult_res\[18\]$_DFFE_PP_/D
     580* |       0 |     133 |       25 |      3 |    50 |    +0.2% |   -0.150 |       -1.3 |      -60.4 |    684 | fdct_zigzag.dct_mod.dct_block_3.dct_unit_0.macu.mult_res\[18\]$_DFFE_PP_/D
     590* |       0 |     139 |       26 |      3 |    53 |    +0.2% |   -0.150 |       -1.3 |      -60.3 |    684 | fdct_zigzag.dct_mod.dct_block_3.dct_unit_0.macu.mult_res\[18\]$_DFFE_PP_/D
     600* |       0 |     145 |       27 |      3 |    56 |    +0.2% |   -0.150 |       -1.3 |      -60.2 |    684 | fdct_zigzag.dct_mod.dct_block_3.dct_unit_0.macu.mult_res\[18\]$_DFFE_PP_/D
     610* |       0 |     151 |       27 |      3 |    60 |    +0.3% |   -0.150 |       -1.3 |      -60.2 |    684 | fdct_zigzag.dct_mod.dct_block_3.dct_unit_0.macu.mult_res\[18\]$_DFFE_PP_/D
     620* |       0 |     157 |       27 |      3 |    64 |    +0.3% |   -0.159 |       -1.3 |      -62.7 |    684 | fdct_zigzag.dct_mod.dct_block_7.dct_unit_6.macu.mult_res\[16\]$_DFFE_PP_/D
     630* |       1 |     164 |       29 |      3 |    64 |    +0.3% |   -0.159 |       -1.3 |      -62.8 |    684 | fdct_zigzag.dct_mod.dct_block_7.dct_unit_6.macu.mult_res\[16\]$_DFFE_PP_/D
     640* |       1 |     172 |       32 |      3 |    65 |    +0.3% |   -0.156 |       -1.3 |      -64.4 |    684 | fdct_zigzag.dct_mod.dct_block_7.dct_unit_5.macu.mult_res\[16\]$_DFFE_PP_/D
     646* |       0 |     144 |       26 |      3 |    56 |    +0.2% |   -0.150 |       -1.3 |      -60.3 |    684 | fdct_zigzag.dct_mod.dct_block_3.dct_unit_0.macu.mult_res\[18\]$_DFFE_PP_/D
     650* |       0 |     146 |       27 |      3 |    56 |    +0.2% |   -0.150 |       -1.3 |      -60.3 |    684 | fdct_zigzag.dct_mod.dct_block_3.dct_unit_0.macu.mult_res\[18\]$_DFFE_PP_/D
     660* |       0 |     150 |       29 |      3 |    60 |    +0.3% |   -0.150 |       -1.3 |      -60.2 |    684 | fdct_zigzag.dct_mod.dct_block_3.dct_unit_0.macu.mult_res\[18\]$_DFFE_PP_/D
     670* |       0 |     157 |       30 |      3 |    62 |    +0.3% |   -0.150 |       -1.3 |      -60.2 |    684 | fdct_zigzag.dct_mod.dct_block_3.dct_unit_0.macu.mult_res\[18\]$_DFFE_PP_/D
     680* |       0 |     158 |       30 |      3 |    71 |    +0.3% |   -0.150 |       -1.3 |      -60.1 |    684 | fdct_zigzag.dct_mod.dct_block_3.dct_unit_0.macu.mult_res\[18\]$_DFFE_PP_/D
     690* |       0 |     162 |       32 |      3 |    75 |    +0.3% |   -0.150 |       -1.3 |      -60.1 |    684 | fdct_zigzag.dct_mod.dct_block_3.dct_unit_0.macu.mult_res\[18\]$_DFFE_PP_/D
     700* |       0 |     168 |       32 |      3 |    79 |    +0.3% |   -0.155 |       -1.3 |      -61.4 |    684 | fdct_zigzag.dct_mod.dct_block_7.dct_unit_5.macu.mult_res\[16\]$_DFFE_PP_/D
     710* |       0 |     174 |       32 |      3 |    83 |    +0.3% |   -0.155 |       -1.3 |      -61.4 |    684 | fdct_zigzag.dct_mod.dct_block_7.dct_unit_5.macu.mult_res\[16\]$_DFFE_PP_/D
     720* |       0 |     181 |       34 |      4 |    83 |    +0.3% |   -0.155 |       -1.3 |      -62.4 |    684 | fdct_zigzag.dct_mod.dct_block_7.dct_unit_5.macu.mult_res\[16\]$_DFFE_PP_/D
     730* |       0 |     186 |       36 |      4 |    86 |    +0.3% |   -0.153 |       -1.3 |      -63.7 |    684 | fdct_zigzag.dct_mod.dct_block_7.dct_unit_6.macu.mult_res\[16\]$_DFFE_PP_/D
     740* |       0 |     192 |       38 |      4 |    88 |    +0.3% |   -0.155 |       -1.3 |      -63.8 |    684 | fdct_zigzag.dct_mod.dct_block_1.dct_unit_2.macu.mult_res\[16\]$_DFFE_PP_/D
     744* |       0 |     164 |       32 |      3 |    77 |    +0.3% |   -0.150 |       -1.3 |      -60.0 |    684 | fdct_zigzag.dct_mod.dct_block_3.dct_unit_0.macu.mult_res\[18\]$_DFFE_PP_/D
     750* |       0 |     166 |       32 |      3 |    80 |    +0.3% |   -0.150 |       -1.3 |      -60.0 |    684 | fdct_zigzag.dct_mod.dct_block_3.dct_unit_0.macu.mult_res\[18\]$_DFFE_PP_/D
     760* |       0 |     173 |       33 |      3 |    82 |    +0.3% |   -0.150 |       -1.3 |      -59.9 |    684 | fdct_zigzag.dct_mod.dct_block_3.dct_unit_0.macu.mult_res\[18\]$_DFFE_PP_/D
     770* |       1 |     176 |       35 |      3 |    86 |    +0.3% |   -0.150 |       -1.3 |      -59.8 |    684 | fdct_zigzag.dct_mod.dct_block_3.dct_unit_0.macu.mult_res\[18\]$_DFFE_PP_/D
     780* |       1 |     183 |       35 |      3 |    89 |    +0.3% |   -0.155 |       -1.3 |      -61.2 |    684 | fdct_zigzag.dct_mod.dct_block_7.dct_unit_5.macu.mult_res\[16\]$_DFFE_PP_/D
     790* |       1 |     189 |       36 |      4 |    91 |    +0.3% |   -0.155 |       -1.3 |      -61.9 |    684 | fdct_zigzag.dct_mod.dct_block_7.dct_unit_5.macu.mult_res\[16\]$_DFFE_PP_/D
     800* |       1 |     197 |       37 |      4 |    92 |    +0.3% |   -0.155 |       -1.3 |      -62.7 |    684 | fdct_zigzag.dct_mod.dct_block_7.dct_unit_5.macu.mult_res\[16\]$_DFFE_PP_/D
     810* |       1 |     201 |       39 |      5 |    95 |    +0.4% |   -0.153 |       -1.3 |      -63.3 |    684 | fdct_zigzag.dct_mod.dct_block_7.dct_unit_5.macu.mult_res\[16\]$_DFFE_PP_/D
     810* |       1 |     181 |       35 |      3 |    87 |    +0.3% |   -0.150 |       -1.3 |      -59.8 |    684 | fdct_zigzag.dct_mod.dct_block_3.dct_unit_0.macu.mult_res\[18\]$_DFFE_PP_/D
     820* |       1 |     186 |       36 |      3 |    90 |    +0.3% |   -0.150 |       -1.3 |      -59.6 |    684 | fdct_zigzag.dct_mod.dct_block_3.dct_unit_0.macu.mult_res\[18\]$_DFFE_PP_/D
     830* |       1 |     192 |       36 |      3 |    94 |    +0.3% |   -0.150 |       -1.3 |      -59.4 |    684 | fdct_zigzag.dct_mod.dct_block_3.dct_unit_0.macu.mult_res\[18\]$_DFFE_PP_/D
     840* |       1 |     197 |       36 |      3 |    99 |    +0.3% |   -0.150 |       -1.3 |      -59.4 |    684 | fdct_zigzag.dct_mod.dct_block_3.dct_unit_0.macu.mult_res\[18\]$_DFFE_PP_/D
     850* |       1 |     204 |       37 |      3 |   101 |    +0.3% |   -0.150 |       -1.3 |      -59.6 |    684 | fdct_zigzag.dct_mod.dct_block_3.dct_unit_0.macu.mult_res\[18\]$_DFFE_PP_/D
     860* |       1 |     211 |       38 |      3 |   103 |    +0.3% |   -0.159 |       -1.3 |      -62.0 |    684 | fdct_zigzag.dct_mod.dct_block_7.dct_unit_6.macu.mult_res\[16\]$_DFFE_PP_/D
     870* |       1 |     217 |       39 |      3 |   106 |    +0.3% |   -0.159 |       -1.3 |      -62.0 |    684 | fdct_zigzag.dct_mod.dct_block_7.dct_unit_6.macu.mult_res\[16\]$_DFFE_PP_/D
     880* |       2 |     219 |       43 |      3 |   110 |    +0.3% |   -0.159 |       -1.3 |      -62.1 |    684 | fdct_zigzag.dct_mod.dct_block_7.dct_unit_6.macu.mult_res\[16\]$_DFFE_PP_/D
     890* |       2 |     227 |       46 |      3 |   111 |    +0.3% |   -0.150 |       -1.3 |      -61.2 |    684 | fdct_zigzag.dct_mod.dct_block_3.dct_unit_0.macu.mult_res\[18\]$_DFFE_PP_/D
     898* |       1 |     209 |       37 |      3 |   102 |    +0.3% |   -0.150 |       -1.3 |      -59.5 |    684 | fdct_zigzag.dct_mod.dct_block_3.dct_unit_0.macu.mult_res\[18\]$_DFFE_PP_/D
     900* |       1 |     210 |       37 |      3 |   102 |    +0.3% |   -0.150 |       -1.3 |      -59.4 |    684 | fdct_zigzag.dct_mod.dct_block_3.dct_unit_0.macu.mult_res\[18\]$_DFFE_PP_/D
     910* |       1 |     217 |       37 |      3 |   105 |    +0.3% |   -0.150 |       -1.3 |      -59.5 |    684 | fdct_zigzag.dct_mod.dct_block_3.dct_unit_0.macu.mult_res\[18\]$_DFFE_PP_/D
     920* |       1 |     222 |       38 |      3 |   109 |    +0.3% |   -0.150 |       -1.3 |      -59.4 |    684 | fdct_zigzag.dct_mod.dct_block_3.dct_unit_0.macu.mult_res\[18\]$_DFFE_PP_/D
     930* |       1 |     227 |       40 |      3 |   113 |    +0.3% |   -0.150 |       -1.3 |      -60.1 |    684 | fdct_zigzag.dct_mod.dct_block_7.dct_unit_6.macu.mult_res\[16\]$_DFFE_PP_/D
     940* |       1 |     235 |       40 |      3 |   115 |    +0.3% |   -0.159 |       -1.3 |      -62.0 |    684 | fdct_zigzag.dct_mod.dct_block_7.dct_unit_6.macu.mult_res\[16\]$_DFFE_PP_/D
     950* |       1 |     244 |       43 |      3 |   115 |    +0.4% |   -0.155 |       -1.3 |      -63.7 |    684 | fdct_zigzag.dct_mod.dct_block_7.dct_unit_3.macu.mult_res\[18\]$_DFFE_PP_/D
     960* |       1 |     249 |       46 |      3 |   117 |    +0.4% |   -0.155 |       -1.3 |      -63.9 |    684 | fdct_zigzag.dct_mod.dct_block_7.dct_unit_3.macu.mult_res\[18\]$_DFFE_PP_/D
     970* |       1 |     257 |       48 |      3 |   117 |    +0.4% |   -0.159 |       -1.3 |      -64.4 |    684 | fdct_zigzag.dct_mod.dct_block_4.dct_unit_6.macu.mult_res\[16\]$_DFFE_PP_/D
     972* |       1 |     224 |       40 |      3 |   110 |    +0.3% |   -0.150 |       -1.3 |      -59.4 |    684 | fdct_zigzag.dct_mod.dct_block_3.dct_unit_0.macu.mult_res\[18\]$_DFFE_PP_/D
     980* |       1 |     225 |       43 |      3 |   113 |    +0.3% |   -0.150 |       -1.3 |      -59.4 |    684 | fdct_zigzag.dct_mod.dct_block_3.dct_unit_0.macu.mult_res\[18\]$_DFFE_PP_/D
     990* |       1 |     232 |       44 |      3 |   115 |    +0.3% |   -0.150 |       -1.3 |      -59.4 |    684 | fdct_zigzag.dct_mod.dct_block_3.dct_unit_0.macu.mult_res\[18\]$_DFFE_PP_/D
    1000* |       1 |     238 |       45 |      3 |   118 |    +0.3% |   -0.150 |       -1.3 |      -59.4 |    684 | fdct_zigzag.dct_mod.dct_block_3.dct_unit_0.macu.mult_res\[18\]$_DFFE_PP_/D
    1010* |       1 |     248 |       45 |      3 |   118 |    +0.4% |   -0.159 |       -1.3 |      -61.9 |    684 | fdct_zigzag.dct_mod.dct_block_7.dct_unit_6.macu.mult_res\[16\]$_DFFE_PP_/D
    1020* |       1 |     256 |       45 |      3 |   120 |    +0.4% |   -0.159 |       -1.3 |      -62.0 |    684 | fdct_zigzag.dct_mod.dct_block_7.dct_unit_6.macu.mult_res\[16\]$_DFFE_PP_/D
    1030* |       1 |     261 |       49 |      3 |   123 |    +0.4% |   -0.150 |       -1.3 |      -61.6 |    684 | fdct_zigzag.dct_mod.dct_block_3.dct_unit_0.macu.mult_res\[18\]$_DFFE_PP_/D
    1040* |       1 |     268 |       51 |      3 |   125 |    +0.4% |   -0.159 |       -1.3 |      -64.0 |    684 | fdct_zigzag.dct_mod.dct_block_4.dct_unit_6.macu.mult_res\[15\]$_DFFE_PP_/D
    1050* |       1 |     274 |       54 |      3 |   126 |    +0.4% |   -0.160 |       -1.3 |      -64.3 |    684 | fdct_zigzag.dct_mod.dct_block_4.dct_unit_6.macu.mult_res\[15\]$_DFFE_PP_/D
    1051* |       1 |     239 |       45 |      3 |   118 |    +0.3% |   -0.150 |       -1.3 |      -59.4 |    684 | fdct_zigzag.dct_mod.dct_block_3.dct_unit_0.macu.mult_res\[18\]$_DFFE_PP_/D
    1060* |       1 |     245 |       46 |      3 |   119 |    +0.4% |   -0.150 |       -1.3 |      -59.3 |    684 | fdct_zigzag.dct_mod.dct_block_3.dct_unit_0.macu.mult_res\[18\]$_DFFE_PP_/D
    1070* |       1 |     251 |       46 |      3 |   123 |    +0.4% |   -0.150 |       -1.3 |      -59.3 |    684 | fdct_zigzag.dct_mod.dct_block_3.dct_unit_0.macu.mult_res\[18\]$_DFFE_PP_/D
    1080* |       1 |     257 |       47 |      3 |   126 |    +0.4% |   -0.158 |       -1.3 |      -61.6 |    684 | fdct_zigzag.dct_mod.dct_block_7.dct_unit_6.macu.mult_res\[16\]$_DFFE_PP_/D
    1090* |       1 |     261 |       51 |      3 |   128 |    +0.4% |   -0.158 |       -1.3 |      -61.9 |    684 | fdct_zigzag.dct_mod.dct_block_7.dct_unit_6.macu.mult_res\[16\]$_DFFE_PP_/D
    1100* |       1 |     269 |       51 |      3 |   130 |    +0.4% |   -0.167 |       -1.3 |      -63.8 |    684 | fdct_zigzag.dct_mod.dct_block_7.dct_unit_6.macu.mult_res\[16\]$_DFFE_PP_/D
    1100* |       1 |     254 |       46 |      3 |   125 |    +0.4% |   -0.150 |       -1.3 |      -59.3 |    684 | fdct_zigzag.dct_mod.dct_block_3.dct_unit_0.macu.mult_res\[18\]$_DFFE_PP_/D
    1110* |       1 |     262 |       46 |      3 |   126 |    +0.4% |   -0.150 |       -1.2 |      -58.9 |    684 | fdct_zigzag.dct_mod.dct_block_3.dct_unit_0.macu.mult_res\[18\]$_DFFE_PP_/D
    1120* |       1 |     265 |       49 |      3 |   130 |    +0.4% |   -0.150 |       -1.2 |      -58.8 |    684 | fdct_zigzag.dct_mod.dct_block_3.dct_unit_0.macu.mult_res\[18\]$_DFFE_PP_/D
    1130* |       1 |     270 |       50 |      3 |   134 |    +0.4% |   -0.150 |       -1.2 |      -58.8 |    684 | fdct_zigzag.dct_mod.dct_block_3.dct_unit_0.macu.mult_res\[18\]$_DFFE_PP_/D
    1140* |       1 |     278 |       51 |      4 |   134 |    +0.4% |   -0.152 |       -1.2 |      -61.1 |    684 | fdct_zigzag.dct_mod.dct_block_7.dct_unit_6.macu.mult_res\[16\]$_DFFE_PP_/D
    1150* |       1 |     285 |       52 |      4 |   136 |    +0.4% |   -0.158 |       -1.3 |      -62.1 |    684 | fdct_zigzag.dct_mod.dct_block_7.dct_unit_6.macu.mult_res\[16\]$_DFFE_PP_/D
    1158* |       1 |     264 |       48 |      3 |   128 |    +0.4% |   -0.150 |       -1.2 |      -58.8 |    684 | fdct_zigzag.dct_mod.dct_block_3.dct_unit_0.macu.mult_res\[18\]$_DFFE_PP_/D
    1160* |       1 |     264 |       49 |      3 |   128 |    +0.4% |   -0.150 |       -1.2 |      -58.9 |    684 | fdct_zigzag.dct_mod.dct_block_3.dct_unit_0.macu.mult_res\[18\]$_DFFE_PP_/D
    1170* |       1 |     272 |       51 |      3 |   128 |    +0.4% |   -0.159 |       -1.3 |      -61.4 |    684 | fdct_zigzag.dct_mod.dct_block_7.dct_unit_6.macu.mult_res\[16\]$_DFFE_PP_/D
    1180* |       1 |     280 |       51 |      3 |   130 |    +0.4% |   -0.159 |       -1.3 |      -61.3 |    684 | fdct_zigzag.dct_mod.dct_block_7.dct_unit_6.macu.mult_res\[16\]$_DFFE_PP_/D
    1190* |       1 |     286 |       58 |      3 |   130 |    +0.4% |   -0.171 |       -1.3 |      -66.0 |    684 | fdct_zigzag.dct_mod.dct_block_4.dct_unit_2.macu.mult_res\[15\]$_DFFE_PP_/D
    1194* |       1 |     265 |       49 |      3 |   128 |    +0.4% |   -0.150 |       -1.2 |      -58.9 |    684 | fdct_zigzag.dct_mod.dct_block_3.dct_unit_0.macu.mult_res\[18\]$_DFFE_PP_/D
    1200* |       1 |     267 |       50 |      3 |   130 |    +0.4% |   -0.150 |       -1.2 |      -58.8 |    684 | fdct_zigzag.dct_mod.dct_block_3.dct_unit_0.macu.mult_res\[18\]$_DFFE_PP_/D
    1210* |       1 |     273 |       50 |      3 |   134 |    +0.4% |   -0.152 |       -1.2 |      -60.2 |    684 | fdct_zigzag.dct_mod.dct_block_7.dct_unit_6.macu.mult_res\[16\]$_DFFE_PP_/D
    1220* |       1 |     276 |       52 |      3 |   139 |    +0.4% |   -0.153 |       -1.2 |      -60.2 |    684 | fdct_zigzag.dct_mod.dct_block_7.dct_unit_6.macu.mult_res\[16\]$_DFFE_PP_/D
    1230* |       1 |     281 |       53 |      3 |   143 |    +0.4% |   -0.153 |       -1.2 |      -60.2 |    684 | fdct_zigzag.dct_mod.dct_block_7.dct_unit_6.macu.mult_res\[16\]$_DFFE_PP_/D
    1240* |       1 |     288 |       54 |      3 |   145 |    +0.4% |   -0.154 |       -1.3 |      -60.3 |    684 | fdct_zigzag.dct_mod.dct_block_7.dct_unit_6.macu.mult_res\[16\]$_DFFE_PP_/D
    1250* |       1 |     296 |       54 |      3 |   147 |    +0.4% |   -0.154 |       -1.3 |      -60.3 |    684 | fdct_zigzag.dct_mod.dct_block_7.dct_unit_6.macu.mult_res\[16\]$_DFFE_PP_/D
    1258* |       1 |     271 |       50 |      3 |   134 |    +0.4% |   -0.150 |       -1.2 |      -58.8 |    684 | fdct_zigzag.dct_mod.dct_block_3.dct_unit_0.macu.mult_res\[18\]$_DFFE_PP_/D
    1260* |       1 |     272 |       50 |      3 |   134 |    +0.4% |   -0.150 |       -1.2 |      -58.8 |    684 | fdct_zigzag.dct_mod.dct_block_3.dct_unit_0.macu.mult_res\[18\]$_DFFE_PP_/D
    1270* |       1 |     278 |       50 |      3 |   138 |    +0.4% |   -0.150 |       -1.2 |      -58.7 |    684 | fdct_zigzag.dct_mod.dct_block_3.dct_unit_0.macu.mult_res\[18\]$_DFFE_PP_/D
    1280* |       1 |     286 |       50 |      3 |   140 |    +0.4% |   -0.150 |       -1.2 |      -58.7 |    684 | fdct_zigzag.dct_mod.dct_block_3.dct_unit_0.macu.mult_res\[18\]$_DFFE_PP_/D
    1290* |       1 |     293 |       50 |      3 |   143 |    +0.4% |   -0.151 |       -1.2 |      -59.3 |    684 | fdct_zigzag.dct_mod.dct_block_7.dct_unit_6.macu.mult_res\[16\]$_DFFE_PP_/D
    1300* |       1 |     298 |       52 |      3 |   146 |    +0.4% |   -0.160 |       -1.3 |      -61.3 |    684 | fdct_zigzag.dct_mod.dct_block_7.dct_unit_6.macu.mult_res\[16\]$_DFFE_PP_/D
    1300* |       1 |     291 |       50 |      3 |   142 |    +0.4% |   -0.150 |       -1.2 |      -58.6 |    684 | fdct_zigzag.dct_mod.dct_block_3.dct_unit_0.macu.mult_res\[18\]$_DFFE_PP_/D
    1310* |       1 |     297 |       53 |      3 |   142 |    +0.4% |   -0.150 |       -1.2 |      -58.6 |    684 | fdct_zigzag.dct_mod.dct_block_3.dct_unit_0.macu.mult_res\[18\]$_DFFE_PP_/D
    1320* |       1 |     304 |       54 |      3 |   144 |    +0.4% |   -0.155 |       -1.3 |      -60.4 |    684 | fdct_zigzag.dct_mod.dct_block_7.dct_unit_6.macu.mult_res\[16\]$_DFFE_PP_/D
    1330* |       1 |     312 |       55 |      3 |   145 |    +0.4% |   -0.155 |       -1.3 |      -60.4 |    684 | fdct_zigzag.dct_mod.dct_block_7.dct_unit_6.macu.mult_res\[16\]$_DFFE_PP_/D
    1340* |       2 |     320 |       55 |      3 |   146 |    +0.4% |   -0.155 |       -1.3 |      -60.3 |    684 | fdct_zigzag.dct_mod.dct_block_7.dct_unit_6.macu.mult_res\[16\]$_DFFE_PP_/D
    1350* |       2 |     329 |       55 |      3 |   147 |    +0.4% |   -0.155 |       -1.3 |      -60.1 |    684 | fdct_zigzag.dct_mod.dct_block_7.dct_unit_6.macu.mult_res\[16\]$_DFFE_PP_/D
    1354* |       2 |     330 |       57 |      3 |   148 |    +0.5% |   -0.150 |       -1.3 |      -59.7 |    684 | fdct_zigzag.dct_mod.dct_block_3.dct_unit_0.macu.mult_res\[18\]$_DFFE_PP_/D
    1360* |       2 |     332 |       58 |      3 |   150 |    +0.5% |   -0.150 |       -1.3 |      -59.6 |    684 | fdct_zigzag.dct_mod.dct_block_3.dct_unit_0.macu.mult_res\[18\]$_DFFE_PP_/D
    1370* |       2 |     336 |       58 |      3 |   156 |    +0.5% |   -0.150 |       -1.3 |      -59.6 |    684 | fdct_zigzag.dct_mod.dct_block_3.dct_unit_0.macu.mult_res\[18\]$_DFFE_PP_/D
    1380* |       2 |     340 |       60 |      3 |   160 |    +0.5% |   -0.153 |       -1.3 |      -61.4 |    684 | fdct_zigzag.dct_mod.dct_block_7.dct_unit_6.macu.mult_res\[16\]$_DFFE_PP_/D
    1390* |       2 |     346 |       61 |      3 |   163 |    +0.5% |   -0.153 |       -1.3 |      -61.4 |    684 | fdct_zigzag.dct_mod.dct_block_7.dct_unit_6.macu.mult_res\[16\]$_DFFE_PP_/D
    1400* |       2 |     354 |       62 |      4 |   163 |    +0.5% |   -0.153 |       -1.3 |      -61.5 |    684 | fdct_zigzag.dct_mod.dct_block_7.dct_unit_6.macu.mult_res\[16\]$_DFFE_PP_/D
    1400* |       2 |     339 |       60 |      3 |   159 |    +0.5% |   -0.150 |       -1.3 |      -59.5 |    684 | fdct_zigzag.dct_mod.dct_block_3.dct_unit_0.macu.mult_res\[18\]$_DFFE_PP_/D
    1400* |       2 |     339 |       60 |      3 |   159 |    +0.5% |   -0.150 |       -1.3 |      -59.5 |    684 | fdct_zigzag.dct_mod.dct_block_3.dct_unit_0.macu.mult_res\[18\]$_DFFE_PP_/D
    1400+ |       2 |     339 |       60 |      3 |   159 |    +0.5% |   -0.150 |       -1.3 |      -59.5 |    679 | fdct_zigzag.dct_mod.dct_block_3.dct_unit_0.macu.mult_res\[18\]$_DFFE_PP_/D
    1407+ |       2 |     345 |       60 |      3 |   159 |    +0.5% |   -0.143 |       -1.2 |      -58.7 |    679 | fdct_zigzag.dct_mod.dct_block_6.dct_unit_4.macu.mult_res\[18\]$_DFFE_PP_/D
    1408+ |       2 |     345 |       60 |      3 |   159 |    +0.5% |   -0.143 |       -1.2 |      -58.7 |    679 | fdct_zigzag.dct_mod.dct_block_6.dct_unit_4.macu.mult_res\[18\]$_DFFE_PP_/D
    1410+ |       2 |     346 |       60 |      3 |   159 |    +0.5% |   -0.143 |       -1.2 |      -58.5 |    679 | fdct_zigzag.dct_mod.dct_block_6.dct_unit_4.macu.mult_res\[18\]$_DFFE_PP_/D
    1411+ |       2 |     347 |       60 |      3 |   159 |    +0.5% |   -0.143 |       -1.2 |      -58.5 |    679 | fdct_zigzag.dct_mod.dct_block_6.dct_unit_4.macu.mult_res\[18\]$_DFFE_PP_/D
    1417+ |       2 |     351 |       60 |      3 |   160 |    +0.5% |   -0.143 |       -1.2 |      -58.4 |    679 | fdct_zigzag.dct_mod.dct_block_6.dct_unit_4.macu.mult_res\[18\]$_DFFE_PP_/D
    1420+ |       2 |     352 |       60 |      3 |   161 |    +0.5% |   -0.143 |       -1.2 |      -58.4 |    679 | fdct_zigzag.dct_mod.dct_block_6.dct_unit_4.macu.mult_res\[18\]$_DFFE_PP_/D
    1424+ |       2 |     353 |       60 |      3 |   164 |    +0.5% |   -0.143 |       -1.2 |      -58.4 |    679 | fdct_zigzag.dct_mod.dct_block_6.dct_unit_4.macu.mult_res\[18\]$_DFFE_PP_/D
    1428+ |       2 |     355 |       60 |      3 |   165 |    +0.5% |   -0.143 |       -1.2 |      -58.3 |    679 | fdct_zigzag.dct_mod.dct_block_6.dct_unit_4.macu.mult_res\[18\]$_DFFE_PP_/D
    1429+ |       2 |     355 |       60 |      3 |   165 |    +0.5% |   -0.143 |       -1.2 |      -58.3 |    679 | fdct_zigzag.dct_mod.dct_block_6.dct_unit_4.macu.mult_res\[18\]$_DFFE_PP_/D
    1430+ |       2 |     355 |       60 |      3 |   165 |    +0.5% |   -0.143 |       -1.2 |      -58.3 |    679 | fdct_zigzag.dct_mod.dct_block_6.dct_unit_4.macu.mult_res\[18\]$_DFFE_PP_/D
    1434+ |       2 |     357 |       60 |      3 |   167 |    +0.5% |   -0.141 |       -1.2 |      -58.3 |    679 | fdct_zigzag.dct_mod.dct_block_6.dct_unit_7.macu.mult_res\[16\]$_DFFE_PP_/D
    1439+ |       2 |     360 |       60 |      3 |   168 |    +0.5% |   -0.141 |       -1.2 |      -57.8 |    679 | fdct_zigzag.dct_mod.dct_block_3.dct_unit_1.macu.mult_res\[16\]$_DFFE_PP_/D
    1440+ |       2 |     360 |       60 |      3 |   168 |    +0.5% |   -0.141 |       -1.2 |      -57.8 |    679 | fdct_zigzag.dct_mod.dct_block_3.dct_unit_1.macu.mult_res\[16\]$_DFFE_PP_/D
    1440+ |       2 |     360 |       60 |      3 |   168 |    +0.5% |   -0.141 |       -1.2 |      -57.8 |    679 | fdct_zigzag.dct_mod.dct_block_3.dct_unit_1.macu.mult_res\[16\]$_DFFE_PP_/D
    1442+ |       2 |     361 |       60 |      3 |   168 |    +0.5% |   -0.140 |       -1.2 |      -57.8 |    679 | fdct_zigzag.dct_mod.dct_block_7.dct_unit_2.macu.mult_res\[18\]$_DFFE_PP_/D
    1443+ |       2 |     361 |       60 |      3 |   168 |    +0.5% |   -0.140 |       -1.2 |      -57.8 |    679 | fdct_zigzag.dct_mod.dct_block_7.dct_unit_2.macu.mult_res\[18\]$_DFFE_PP_/D
    1449+ |       2 |     366 |       60 |      3 |   168 |    +0.5% |   -0.140 |       -1.2 |      -57.6 |    679 | fdct_zigzag.dct_mod.dct_block_7.dct_unit_2.macu.mult_res\[18\]$_DFFE_PP_/D
    1450+ |       2 |     366 |       60 |      3 |   168 |    +0.5% |   -0.140 |       -1.2 |      -57.6 |    679 | fdct_zigzag.dct_mod.dct_block_7.dct_unit_2.macu.mult_res\[18\]$_DFFE_PP_/D
    1452+ |       2 |     368 |       60 |      3 |   168 |    +0.5% |   -0.140 |       -1.2 |      -57.6 |    679 | fdct_zigzag.dct_mod.dct_block_7.dct_unit_2.macu.mult_res\[18\]$_DFFE_PP_/D
    1454+ |       2 |     369 |       60 |      3 |   168 |    +0.5% |   -0.140 |       -1.2 |      -57.6 |    679 | fdct_zigzag.dct_mod.dct_block_7.dct_unit_2.macu.mult_res\[18\]$_DFFE_PP_/D
    1460+ |       2 |     371 |       60 |      3 |   171 |    +0.5% |   -0.140 |       -1.2 |      -57.3 |    679 | fdct_zigzag.dct_mod.dct_block_7.dct_unit_2.macu.mult_res\[18\]$_DFFE_PP_/D
    1463+ |       2 |     372 |       60 |      3 |   173 |    +0.5% |   -0.140 |       -1.2 |      -57.2 |    679 | fdct_zigzag.dct_mod.dct_block_7.dct_unit_2.macu.mult_res\[18\]$_DFFE_PP_/D
    1464+ |       2 |     372 |       60 |      3 |   173 |    +0.5% |   -0.140 |       -1.2 |      -57.2 |    679 | fdct_zigzag.dct_mod.dct_block_7.dct_unit_2.macu.mult_res\[18\]$_DFFE_PP_/D
    1470+ |       2 |     377 |       60 |      3 |   173 |    +0.5% |   -0.140 |       -1.2 |      -56.6 |    679 | fdct_zigzag.dct_mod.dct_block_7.dct_unit_2.macu.mult_res\[18\]$_DFFE_PP_/D
    1472+ |       2 |     379 |       60 |      3 |   173 |    +0.5% |   -0.140 |       -1.2 |      -56.6 |    679 | fdct_zigzag.dct_mod.dct_block_7.dct_unit_2.macu.mult_res\[18\]$_DFFE_PP_/D
    1473+ |       2 |     379 |       60 |      3 |   173 |    +0.5% |   -0.140 |       -1.2 |      -56.6 |    679 | fdct_zigzag.dct_mod.dct_block_7.dct_unit_2.macu.mult_res\[18\]$_DFFE_PP_/D
    1476+ |       2 |     381 |       60 |      3 |   173 |    +0.5% |   -0.140 |       -1.2 |      -56.6 |    679 | fdct_zigzag.dct_mod.dct_block_7.dct_unit_2.macu.mult_res\[18\]$_DFFE_PP_/D
    1477+ |       2 |     381 |       60 |      3 |   173 |    +0.5% |   -0.140 |       -1.2 |      -56.6 |    679 | fdct_zigzag.dct_mod.dct_block_7.dct_unit_2.macu.mult_res\[18\]$_DFFE_PP_/D
    1479+ |       2 |     381 |       60 |      3 |   174 |    +0.5% |   -0.140 |       -1.2 |      -56.5 |    679 | fdct_zigzag.dct_mod.dct_block_7.dct_unit_2.macu.mult_res\[18\]$_DFFE_PP_/D
    1480+ |       2 |     381 |       60 |      3 |   174 |    +0.5% |   -0.140 |       -1.2 |      -56.5 |    679 | fdct_zigzag.dct_mod.dct_block_7.dct_unit_2.macu.mult_res\[18\]$_DFFE_PP_/D
    1480+ |       2 |     381 |       60 |      3 |   174 |    +0.5% |   -0.140 |       -1.2 |      -56.5 |    679 | fdct_zigzag.dct_mod.dct_block_7.dct_unit_2.macu.mult_res\[18\]$_DFFE_PP_/D
    1486+ |       2 |     385 |       60 |      3 |   175 |    +0.5% |   -0.140 |       -1.2 |      -56.4 |    679 | fdct_zigzag.dct_mod.dct_block_7.dct_unit_2.macu.mult_res\[18\]$_DFFE_PP_/D
    1487+ |       2 |     385 |       60 |      3 |   175 |    +0.5% |   -0.140 |       -1.2 |      -56.4 |    679 | fdct_zigzag.dct_mod.dct_block_7.dct_unit_2.macu.mult_res\[18\]$_DFFE_PP_/D
    1488+ |       2 |     385 |       60 |      3 |   175 |    +0.5% |   -0.140 |       -1.2 |      -56.4 |    679 | fdct_zigzag.dct_mod.dct_block_7.dct_unit_2.macu.mult_res\[18\]$_DFFE_PP_/D
    1490+ |       2 |     385 |       60 |      3 |   176 |    +0.5% |   -0.140 |       -1.2 |      -56.4 |    679 | fdct_zigzag.dct_mod.dct_block_7.dct_unit_2.macu.mult_res\[18\]$_DFFE_PP_/D
    1490+ |       2 |     385 |       60 |      3 |   176 |    +0.5% |   -0.140 |       -1.2 |      -56.4 |    679 | fdct_zigzag.dct_mod.dct_block_7.dct_unit_2.macu.mult_res\[18\]$_DFFE_PP_/D
    1492+ |       2 |     385 |       60 |      3 |   177 |    +0.5% |   -0.140 |       -1.2 |      -56.3 |    679 | fdct_zigzag.dct_mod.dct_block_7.dct_unit_2.macu.mult_res\[18\]$_DFFE_PP_/D
    1493+ |       2 |     385 |       60 |      3 |   177 |    +0.5% |   -0.140 |       -1.2 |      -56.3 |    679 | fdct_zigzag.dct_mod.dct_block_7.dct_unit_2.macu.mult_res\[18\]$_DFFE_PP_/D
    1495+ |       2 |     386 |       60 |      3 |   177 |    +0.5% |   -0.140 |       -1.2 |      -56.3 |    679 | fdct_zigzag.dct_mod.dct_block_7.dct_unit_2.macu.mult_res\[18\]$_DFFE_PP_/D
    1498+ |       2 |     388 |       60 |      3 |   177 |    +0.5% |   -0.140 |       -1.2 |      -56.3 |    679 | fdct_zigzag.dct_mod.dct_block_7.dct_unit_2.macu.mult_res\[18\]$_DFFE_PP_/D
    1499+ |       2 |     388 |       60 |      3 |   177 |    +0.5% |   -0.140 |       -1.2 |      -56.3 |    679 | fdct_zigzag.dct_mod.dct_block_7.dct_unit_2.macu.mult_res\[18\]$_DFFE_PP_/D
    1500+ |       2 |     388 |       60 |      3 |   177 |    +0.5% |   -0.140 |       -1.2 |      -56.3 |    679 | fdct_zigzag.dct_mod.dct_block_7.dct_unit_2.macu.mult_res\[18\]$_DFFE_PP_/D
    1501+ |       2 |     388 |       60 |      3 |   177 |    +0.5% |   -0.140 |       -1.2 |      -56.3 |    679 | fdct_zigzag.dct_mod.dct_block_7.dct_unit_2.macu.mult_res\[18\]$_DFFE_PP_/D
    1510+ |       2 |     392 |       60 |      3 |   181 |    +0.5% |   -0.140 |       -1.1 |      -56.1 |    679 | fdct_zigzag.dct_mod.dct_block_7.dct_unit_2.macu.mult_res\[18\]$_DFFE_PP_/D
    1511+ |       2 |     394 |       60 |      3 |   181 |    +0.5% |   -0.140 |       -1.1 |      -56.1 |    679 | fdct_zigzag.dct_mod.dct_block_7.dct_unit_2.macu.mult_res\[18\]$_DFFE_PP_/D
    1513+ |       2 |     395 |       60 |      3 |   181 |    +0.5% |   -0.140 |       -1.1 |      -56.0 |    679 | fdct_zigzag.dct_mod.dct_block_7.dct_unit_2.macu.mult_res\[18\]$_DFFE_PP_/D
    1515+ |       2 |     396 |       60 |      3 |   181 |    +0.5% |   -0.140 |       -1.1 |      -56.0 |    679 | fdct_zigzag.dct_mod.dct_block_7.dct_unit_2.macu.mult_res\[18\]$_DFFE_PP_/D
    1516+ |       2 |     396 |       60 |      3 |   181 |    +0.5% |   -0.140 |       -1.1 |      -56.0 |    679 | fdct_zigzag.dct_mod.dct_block_7.dct_unit_2.macu.mult_res\[18\]$_DFFE_PP_/D
    1518+ |       2 |     397 |       60 |      3 |   181 |    +0.5% |   -0.140 |       -1.1 |      -56.0 |    679 | fdct_zigzag.dct_mod.dct_block_7.dct_unit_2.macu.mult_res\[18\]$_DFFE_PP_/D
    1520+ |       2 |     397 |       60 |      3 |   182 |    +0.5% |   -0.140 |       -1.1 |      -56.0 |    679 | fdct_zigzag.dct_mod.dct_block_7.dct_unit_2.macu.mult_res\[18\]$_DFFE_PP_/D
    1520+ |       2 |     397 |       60 |      3 |   182 |    +0.5% |   -0.140 |       -1.1 |      -56.0 |    679 | fdct_zigzag.dct_mod.dct_block_7.dct_unit_2.macu.mult_res\[18\]$_DFFE_PP_/D
    1522+ |       2 |     398 |       60 |      3 |   182 |    +0.5% |   -0.140 |       -1.1 |      -56.0 |    679 | fdct_zigzag.dct_mod.dct_block_7.dct_unit_2.macu.mult_res\[18\]$_DFFE_PP_/D
    1523+ |       2 |     398 |       60 |      3 |   182 |    +0.5% |   -0.140 |       -1.1 |      -56.0 |    679 | fdct_zigzag.dct_mod.dct_block_7.dct_unit_2.macu.mult_res\[18\]$_DFFE_PP_/D
    1524+ |       2 |     398 |       60 |      3 |   182 |    +0.5% |   -0.140 |       -1.1 |      -56.0 |    679 | fdct_zigzag.dct_mod.dct_block_7.dct_unit_2.macu.mult_res\[18\]$_DFFE_PP_/D
    1526+ |       2 |     399 |       60 |      3 |   182 |    +0.5% |   -0.140 |       -1.1 |      -56.0 |    679 | fdct_zigzag.dct_mod.dct_block_7.dct_unit_2.macu.mult_res\[18\]$_DFFE_PP_/D
    1530+ |       2 |     402 |       60 |      3 |   182 |    +0.5% |   -0.140 |       -1.1 |      -55.7 |    679 | fdct_zigzag.dct_mod.dct_block_7.dct_unit_2.macu.mult_res\[18\]$_DFFE_PP_/D
    1530+ |       2 |     402 |       60 |      3 |   182 |    +0.5% |   -0.140 |       -1.1 |      -55.7 |    679 | fdct_zigzag.dct_mod.dct_block_7.dct_unit_2.macu.mult_res\[18\]$_DFFE_PP_/D
    1531+ |       2 |     402 |       60 |      3 |   182 |    +0.5% |   -0.140 |       -1.1 |      -55.7 |    679 | fdct_zigzag.dct_mod.dct_block_7.dct_unit_2.macu.mult_res\[18\]$_DFFE_PP_/D
    1535+ |       2 |     405 |       60 |      3 |   182 |    +0.5% |   -0.140 |       -1.1 |      -55.6 |    679 | fdct_zigzag.dct_mod.dct_block_7.dct_unit_2.macu.mult_res\[18\]$_DFFE_PP_/D
    1540+ |       2 |     409 |       60 |      3 |   182 |    +0.5% |   -0.140 |       -1.1 |      -55.6 |    679 | fdct_zigzag.dct_mod.dct_block_7.dct_unit_2.macu.mult_res\[18\]$_DFFE_PP_/D
    1543+ |       2 |     412 |       60 |      3 |   182 |    +0.5% |   -0.140 |       -1.1 |      -55.6 |    679 | fdct_zigzag.dct_mod.dct_block_7.dct_unit_2.macu.mult_res\[18\]$_DFFE_PP_/D
    1544+ |       2 |     412 |       60 |      3 |   182 |    +0.5% |   -0.140 |       -1.1 |      -55.6 |    679 | fdct_zigzag.dct_mod.dct_block_7.dct_unit_2.macu.mult_res\[18\]$_DFFE_PP_/D
    1547+ |       2 |     414 |       60 |      3 |   182 |    +0.5% |   -0.140 |       -1.1 |      -55.6 |    679 | fdct_zigzag.dct_mod.dct_block_7.dct_unit_2.macu.mult_res\[18\]$_DFFE_PP_/D
    1550+ |       2 |     416 |       60 |      3 |   182 |    +0.5% |   -0.140 |       -1.1 |      -55.6 |    679 | fdct_zigzag.dct_mod.dct_block_7.dct_unit_2.macu.mult_res\[18\]$_DFFE_PP_/D
    1551+ |       2 |     417 |       60 |      3 |   182 |    +0.5% |   -0.140 |       -1.1 |      -55.5 |    679 | fdct_zigzag.dct_mod.dct_block_7.dct_unit_2.macu.mult_res\[18\]$_DFFE_PP_/D
    1556+ |       2 |     421 |       60 |      3 |   182 |    +0.5% |   -0.140 |       -1.1 |      -55.4 |    679 | fdct_zigzag.dct_mod.dct_block_7.dct_unit_2.macu.mult_res\[18\]$_DFFE_PP_/D
    1560+ |       2 |     423 |       60 |      3 |   183 |    +0.5% |   -0.140 |       -1.1 |      -55.3 |    679 | fdct_zigzag.dct_mod.dct_block_7.dct_unit_2.macu.mult_res\[18\]$_DFFE_PP_/D
    1560+ |       2 |     423 |       60 |      3 |   183 |    +0.5% |   -0.140 |       -1.1 |      -55.3 |    679 | fdct_zigzag.dct_mod.dct_block_7.dct_unit_2.macu.mult_res\[18\]$_DFFE_PP_/D
    1565+ |       2 |     425 |       60 |      3 |   185 |    +0.5% |   -0.140 |       -1.1 |      -55.3 |    679 | fdct_zigzag.dct_mod.dct_block_7.dct_unit_2.macu.mult_res\[18\]$_DFFE_PP_/D
    1568+ |       2 |     427 |       60 |      3 |   185 |    +0.5% |   -0.140 |       -1.1 |      -55.0 |    679 | fdct_zigzag.dct_mod.dct_block_7.dct_unit_2.macu.mult_res\[18\]$_DFFE_PP_/D
    1570+ |       2 |     428 |       60 |      3 |   185 |    +0.5% |   -0.140 |       -1.1 |      -55.0 |    679 | fdct_zigzag.dct_mod.dct_block_7.dct_unit_2.macu.mult_res\[18\]$_DFFE_PP_/D
    1574+ |       2 |     431 |       60 |      3 |   186 |    +0.5% |   -0.140 |       -1.1 |      -54.9 |    679 | fdct_zigzag.dct_mod.dct_block_7.dct_unit_2.macu.mult_res\[18\]$_DFFE_PP_/D
    1575+ |       2 |     431 |       60 |      3 |   186 |    +0.5% |   -0.140 |       -1.1 |      -54.9 |    679 | fdct_zigzag.dct_mod.dct_block_7.dct_unit_2.macu.mult_res\[18\]$_DFFE_PP_/D
    1579+ |       2 |     432 |       60 |      3 |   188 |    +0.5% |   -0.140 |       -1.1 |      -54.9 |    679 | fdct_zigzag.dct_mod.dct_block_7.dct_unit_2.macu.mult_res\[18\]$_DFFE_PP_/D
    1580+ |       2 |     432 |       60 |      3 |   188 |    +0.5% |   -0.140 |       -1.1 |      -54.9 |    679 | fdct_zigzag.dct_mod.dct_block_7.dct_unit_2.macu.mult_res\[18\]$_DFFE_PP_/D
    1580+ |       2 |     432 |       60 |      3 |   188 |    +0.5% |   -0.140 |       -1.1 |      -54.9 |    679 | fdct_zigzag.dct_mod.dct_block_7.dct_unit_2.macu.mult_res\[18\]$_DFFE_PP_/D
    1581+ |       2 |     432 |       60 |      3 |   188 |    +0.5% |   -0.140 |       -1.1 |      -54.9 |    679 | fdct_zigzag.dct_mod.dct_block_7.dct_unit_2.macu.mult_res\[18\]$_DFFE_PP_/D
    1582+ |       2 |     432 |       60 |      3 |   188 |    +0.5% |   -0.140 |       -1.1 |      -54.9 |    679 | fdct_zigzag.dct_mod.dct_block_7.dct_unit_2.macu.mult_res\[18\]$_DFFE_PP_/D
    1583+ |       2 |     432 |       60 |      3 |   188 |    +0.5% |   -0.140 |       -1.1 |      -54.9 |    679 | fdct_zigzag.dct_mod.dct_block_7.dct_unit_2.macu.mult_res\[18\]$_DFFE_PP_/D
    1585+ |       2 |     433 |       60 |      3 |   188 |    +0.5% |   -0.140 |       -1.1 |      -54.9 |    679 | fdct_zigzag.dct_mod.dct_block_7.dct_unit_2.macu.mult_res\[18\]$_DFFE_PP_/D
    1589+ |       2 |     435 |       60 |      3 |   189 |    +0.5% |   -0.140 |       -1.1 |      -54.9 |    679 | fdct_zigzag.dct_mod.dct_block_7.dct_unit_2.macu.mult_res\[18\]$_DFFE_PP_/D
    1590+ |       2 |     435 |       60 |      3 |   189 |    +0.5% |   -0.140 |       -1.1 |      -54.9 |    679 | fdct_zigzag.dct_mod.dct_block_7.dct_unit_2.macu.mult_res\[18\]$_DFFE_PP_/D
    1599+ |       2 |     441 |       60 |      3 |   193 |    +0.5% |   -0.140 |       -1.1 |      -54.7 |    679 | fdct_zigzag.dct_mod.dct_block_7.dct_unit_2.macu.mult_res\[18\]$_DFFE_PP_/D
    1600+ |       2 |     441 |       60 |      3 |   193 |    +0.5% |   -0.140 |       -1.1 |      -54.7 |    679 | fdct_zigzag.dct_mod.dct_block_7.dct_unit_2.macu.mult_res\[18\]$_DFFE_PP_/D
    final |       2 |     441 |       60 |      3 |   193 |    +0.5% |   -0.140 |       -1.1 |      -54.7 |    674 | fdct_zigzag.dct_mod.dct_block_7.dct_unit_2.macu.mult_res\[18\]$_DFFE_PP_/D
------------------------------------------------------------------------------------------------------------------------------
[INFO RSZ-0059] Removed 2 buffers.
[INFO RSZ-0040] Inserted 60 buffers.
[INFO RSZ-0051] Resized 441 instances: 441 up, 0 up match, 0 down, 0 VT
[INFO RSZ-0043] Swapped pins on 193 instances.
[INFO RSZ-0049] Cloned 3 instances.
[WARNING RSZ-0062] Unable to repair all setup violations.
[INFO RSZ-0505] Runtime: 41.33s
[INFO RSZ-0033] No hold violations found.
[INFO RSZ-0506] Runtime: 0.05s
Took 41 seconds: repair_timing -setup_margin 0 -hold_margin 0 -repair_tns 100 -verbose
Repair timing output passed lec test
detailed_placement
[INFO DPL-0006] Core area: 107806.61 um^2
[INFO DPL-0007] Movable instances area: 91381.11 um^2
[INFO DPL-0008] Fixed instances area within core: 187.26 um^2
[INFO DPL-0009] Utilization: 84.9%
[INFO DPL-0005] Diamond search max displacement: +/- 500 sites horizontally, +/- 100 rows vertically.
[INFO DPL-1102] Legalizing using negotiation legalizer.
[INFO DPL-1103] Negotiation base search window: +/-20 sites horizontally, +/-5 rows vertically 
	Automatic search window extension enabled.
	Search window extendable up to the max displacement cap of +/-500 sites, +/-100 rows near walls.
[INFO DPL-1104] NegotiationLegalizer DRC penalty: 5.
[INFO DPL-0392] Negotiation cell height distribution (1 unique row-count(s)):
[INFO DPL-0393]   height 1 row(s): 60708 cells
          |      Total |  Illegal |  Illegal
Iteration | Violations |    Cells |    Sites
---------------------------------------------
        0 |       2823 |       627 |      2181
        1 |       2451 |       393 |      2055
        2 |       2225 |       305 |      1920
        3 |       1908 |       266 |      1642
        4 |       1717 |       235 |      1482
        5 |       1591 |       217 |      1374
        6 |       1602 |       226 |      1376
        7 |       1363 |       195 |      1168
        8 |       1399 |       206 |      1190
        9 |       1164 |       166 |       998
       10 |       1250 |       156 |      1092
       20 |        487 |        76 |       411
       30 |        281 |        54 |       227
       40 |        138 |        29 |       109
       50 |         61 |         7 |        54
       60 |         25 |         8 |        17
       70 |         18 |         5 |        13
       80 |         24 |         3 |        21
       90 |          8 |         2 |         6
      100 |         25 |         4 |        21
      103 |          0 |         0 |         0
Negotiation phase 1 converged at iteration 103.
[INFO DPL-0500] Runtime: 5.17s
Placement Analysis
---------------------------------
total displacement       9523.5 u
average displacement        0.2 u
max displacement           55.4 u
original HPWL          569998.5 u
legalized HPWL         582070.1 u
delta HPWL                    2 %

Took 5 seconds: detailed_placement
estimate_parasitics -placement
Report metrics stage 4, cts final...

==========================================================================
cts final report_design_area
--------------------------------------------------------------------------
Design area 91568 um^2 85% utilization.
write_db /tmp/workspace/scripts-Private_test-fr_cugr_cmp-2-/results/nangate45/jpeg/base/4_1_cts.odb
write_sdc -no_timestamp /tmp/workspace/scripts-Private_test-fr_cugr_cmp-2-/results/nangate45/jpeg/base/4_cts.sdc
Elapsed time: 1:22.36[h:]min:sec. CPU time: user 197.19 sys 122.09 (387%). Peak memory: 500052KB.
Log                       Ext     Elapsed/s Peak Memory/MB sha1sum result [0:20)
4_1_cts                   .odb           82            488 2bd9411920a067e80ed2
