OpenROAD 26Q3-1464-gb22abfea20 
Features included (+) or not (-): +GPU +GUI +Python
This program is licensed under the BSD-3 license. See the LICENSE file for details.
Components of this program may be licensed under more restrictive licenses which must be honored.
[INFO ORD-0030] Using 32 thread(s).
source ./platforms/asap7/liberty_suppressions.tcl
read_liberty ./platforms/asap7/lib/NLDM/asap7sc7p5t_AO_RVT_FF_nldm_211120.lib.gz
read_liberty ./platforms/asap7/lib/NLDM/asap7sc7p5t_INVBUF_RVT_FF_nldm_220122.lib.gz
read_liberty ./platforms/asap7/lib/NLDM/asap7sc7p5t_OA_RVT_FF_nldm_211120.lib.gz
read_liberty ./platforms/asap7/lib/NLDM/asap7sc7p5t_SIMPLE_RVT_FF_nldm_211120.lib.gz
read_liberty ./platforms/asap7/lib/NLDM/asap7sc7p5t_SEQ_RVT_FF_nldm_220123.lib
read_db /tmp/workspace/scripts-Private_test-fr_cugr_cmp-2-/results/asap7/ethmac/base/3_3_place_gp.odb
read_sdc /tmp/workspace/scripts-Private_test-fr_cugr_cmp-2-/results/asap7/ethmac/base/2_floorplan.sdc
source ./platforms/asap7/setRC.tcl
estimate_parasitics -placement
Perform buffer insertion and gate resizing...
repair_design -verbose
Iteration |   Area    | Resized | Buffers | Nets repaired | Remaining
---------------------------------------------------------------------
        0 |     +0.0% |       0 |       0 |             0 |     58513
     1000 |     +0.0% |       0 |       0 |             0 |     57513
     2000 |     +0.0% |       0 |       0 |             0 |     56513
     3000 |     +0.0% |       0 |       0 |             0 |     55513
     4000 |     +0.0% |       0 |       0 |             0 |     54513
     5000 |     +0.0% |       0 |       0 |             0 |     53513
     6000 |     +0.0% |       0 |       0 |             0 |     52513
     7000 |     +0.0% |       0 |       0 |             0 |     51513
     8000 |     +0.0% |       0 |       0 |             0 |     50513
     9000 |     +0.0% |       0 |       0 |             0 |     49513
    10000 |     +0.0% |       0 |       0 |             0 |     48513
    11000 |     +0.0% |       0 |       0 |             0 |     47513
    12000 |     +0.0% |       0 |       0 |             0 |     46513
    13000 |     +0.0% |       0 |       0 |             0 |     45513
    14000 |     +0.0% |       0 |       0 |             0 |     44513
    15000 |     +0.0% |       0 |       0 |             0 |     43513
    16000 |     +0.0% |       0 |       0 |             0 |     42513
    17000 |     +0.0% |       0 |       0 |             0 |     41513
    18000 |     +0.0% |       0 |       0 |             0 |     40513
    19000 |     +0.0% |       0 |       0 |             0 |     39513
    20000 |     +0.0% |       0 |       0 |             0 |     38513
    21000 |     +0.0% |       0 |       0 |             0 |     37513
    22000 |     +0.0% |       0 |       0 |             0 |     36513
    23000 |     +0.0% |       0 |       0 |             0 |     35513
    24000 |     +0.0% |       0 |       0 |             0 |     34513
    25000 |     +0.0% |       0 |       0 |             0 |     33513
    26000 |     +0.0% |       0 |       0 |             0 |     32513
    27000 |     +0.0% |       0 |       0 |             0 |     31513
    28000 |     +0.0% |       0 |       0 |             0 |     30513
    29000 |     +0.0% |       0 |       0 |             0 |     29513
    30000 |     +0.0% |       0 |       0 |             0 |     28513
    31000 |     +0.0% |       0 |       0 |             0 |     27513
    32000 |     +0.0% |       0 |       0 |             0 |     26513
    33000 |     +0.0% |       0 |       0 |             0 |     25513
    34000 |     +0.0% |       0 |       0 |             0 |     24513
    35000 |     +0.0% |       0 |       0 |             0 |     23513
    36000 |     +0.0% |       0 |       0 |             0 |     22513
    37000 |     +0.0% |       0 |       0 |             0 |     21513
    38000 |     +0.0% |       0 |       0 |             0 |     20513
    39000 |     +0.0% |       0 |       0 |             0 |     19513
    40000 |     +0.0% |       0 |       0 |             0 |     18513
    41000 |     +0.0% |       0 |       0 |             0 |     17513
    42000 |     +0.0% |       0 |       0 |             0 |     16513
    43000 |     +0.0% |       0 |       0 |             0 |     15513
    44000 |     +0.0% |       0 |       0 |             0 |     14513
    45000 |     +0.0% |       0 |       0 |             0 |     13513
    46000 |     +0.0% |       0 |       0 |             0 |     12513
    47000 |     +0.0% |       0 |       0 |             0 |     11513
    48000 |     +0.0% |       0 |       0 |             0 |     10513
    49000 |     +0.0% |       0 |       0 |             0 |      9513
    50000 |     +0.0% |       0 |       0 |             0 |      8513
    51000 |     +0.0% |       0 |       0 |             0 |      7513
    52000 |     +0.0% |       0 |       0 |             0 |      6513
    53000 |     +0.0% |       0 |       0 |             0 |      5513
    54000 |     +0.0% |       0 |       0 |             0 |      4513
    55000 |     +0.0% |       0 |       0 |             0 |      3513
    56000 |     +0.0% |       0 |       0 |             0 |      2513
    57000 |     +0.0% |       0 |       0 |             0 |      1513
    58000 |     +0.0% |       0 |       0 |             0 |       513
    final |     +0.0% |       0 |       0 |             0 |         0
---------------------------------------------------------------------
[INFO RSZ-0504] Runtime: 2.89s
Floating nets: 
Report metrics stage 3, resizer...

==========================================================================
resizer report_design_area
--------------------------------------------------------------------------
Design area 7575 um^2 73% utilization.
Instance count before 59750, after 59750
Pin count before 193835, after 193835
write_db /tmp/workspace/scripts-Private_test-fr_cugr_cmp-2-/results/asap7/ethmac/base/3_4_place_resized.odb
Elapsed time: 0:17.03[h:]min:sec. CPU time: user 23.48 sys 19.46 (252%). Peak memory: 477504KB.
Log                       Ext     Elapsed/s Peak Memory/MB sha1sum result [0:20)
3_4_place_resized         .odb           17            466 f1e435ec995ce1e36c9b
