[2026-08-20 04:23:06.967] [miter_logger] [info] MiterStrategy::run starting
[2026-08-20 04:23:06.967] [miter_logger] [info] Collecting POs for design 0: ethmac

[2026-08-20 04:23:07.062] [miter_logger] [info] Collected 11887 PIs for design 0

[2026-08-20 04:23:07.062] [miter_logger] [info] Collected 23694 POs for design 0

[2026-08-20 04:23:07.062] [miter_logger] [info] design 0 PI summary by model/term (11887 total terminals, 23 unique rows):
| Model                   | Term          | Count |
|-------------------------|---------------|-------|
| DFFHQNx1_ASAP7_75t_R    | QN            |  9305 |
| DFFASRHQNx1_ASAP7_75t_R | QN            |  1241 |
| TIEHIx1_ASAP7_75t_R     | H             |  1241 |
| ethmac                  | m_wb_dat_i    |    32 |
| ethmac                  | wb_dat_i      |    32 |
| ethmac                  | wb_adr_i      |    10 |
| TIELOx1_ASAP7_75t_R     | L             |     4 |
| ethmac                  | mrxd_pad_i    |     4 |
| ethmac                  | wb_sel_i      |     4 |
| ethmac                  | m_wb_ack_i    |     1 |
| ethmac                  | m_wb_err_i    |     1 |
| ethmac                  | mcoll_pad_i   |     1 |
| ethmac                  | mcrs_pad_i    |     1 |
| ethmac                  | md_pad_i      |     1 |
| ethmac                  | mrx_clk_pad_i |     1 |
| ethmac                  | mrxdv_pad_i   |     1 |
| ethmac                  | mrxerr_pad_i  |     1 |
| ethmac                  | mtx_clk_pad_i |     1 |
| ethmac                  | wb_clk_i      |     1 |
| ethmac                  | wb_cyc_i      |     1 |
| ethmac                  | wb_rst_i      |     1 |
| ethmac                  | wb_stb_i      |     1 |
| ethmac                  | wb_we_i       |     1 |

[2026-08-20 04:23:07.063] [miter_logger] [info] design 0 PO summary by model/term (23694 total terminals, 24 unique rows):
| Model                   | Term         | Count |
|-------------------------|--------------|-------|
| DFFHQNx1_ASAP7_75t_R    | CLK          |  9305 |
| DFFHQNx1_ASAP7_75t_R    | D            |  9305 |
| DFFASRHQNx1_ASAP7_75t_R | CLK          |  1241 |
| DFFASRHQNx1_ASAP7_75t_R | D            |  1241 |
| DFFASRHQNx1_ASAP7_75t_R | RESETN       |  1241 |
| DFFASRHQNx1_ASAP7_75t_R | SETN         |  1241 |
| ethmac                  | m_wb_adr_o   |    32 |
| ethmac                  | m_wb_dat_o   |    32 |
| ethmac                  | wb_dat_o     |    32 |
| ethmac                  | m_wb_sel_o   |     4 |
| ethmac                  | mtxd_pad_o   |     4 |
| ethmac                  | m_wb_cti_o   |     3 |
| ethmac                  | m_wb_bte_o   |     2 |
| ethmac                  | int_o        |     1 |
| ethmac                  | m_wb_cyc_o   |     1 |
| ethmac                  | m_wb_stb_o   |     1 |
| ethmac                  | m_wb_we_o    |     1 |
| ethmac                  | md_pad_o     |     1 |
| ethmac                  | md_padoe_o   |     1 |
| ethmac                  | mdc_pad_o    |     1 |
| ethmac                  | mtxen_pad_o  |     1 |
| ethmac                  | mtxerr_pad_o |     1 |
| ethmac                  | wb_ack_o     |     1 |
| ethmac                  | wb_err_o     |     1 |

[2026-08-20 04:23:07.064] [miter_logger] [info] Collecting POs for design 1: ethmac

[2026-08-20 04:23:07.160] [miter_logger] [info] size of common inputs: 10642
[2026-08-20 04:23:07.160] [miter_logger] [info] size of diff0 inputs: 0
[2026-08-20 04:23:07.160] [miter_logger] [info] size of diff1 inputs: 0
[2026-08-20 04:23:07.162] [miter_logger] [info] Collected 11887 PIs for design 1

[2026-08-20 04:23:07.162] [miter_logger] [info] Collected 23694 POs for design 1

[2026-08-20 04:23:07.162] [miter_logger] [info] design 1 PI summary by model/term (11887 total terminals, 23 unique rows):
| Model                   | Term          | Count |
|-------------------------|---------------|-------|
| DFFHQNx1_ASAP7_75t_R    | QN            |  9305 |
| DFFASRHQNx1_ASAP7_75t_R | QN            |  1241 |
| TIEHIx1_ASAP7_75t_R     | H             |  1241 |
| ethmac                  | m_wb_dat_i    |    32 |
| ethmac                  | wb_dat_i      |    32 |
| ethmac                  | wb_adr_i      |    10 |
| TIELOx1_ASAP7_75t_R     | L             |     4 |
| ethmac                  | mrxd_pad_i    |     4 |
| ethmac                  | wb_sel_i      |     4 |
| ethmac                  | m_wb_ack_i    |     1 |
| ethmac                  | m_wb_err_i    |     1 |
| ethmac                  | mcoll_pad_i   |     1 |
| ethmac                  | mcrs_pad_i    |     1 |
| ethmac                  | md_pad_i      |     1 |
| ethmac                  | mrx_clk_pad_i |     1 |
| ethmac                  | mrxdv_pad_i   |     1 |
| ethmac                  | mrxerr_pad_i  |     1 |
| ethmac                  | mtx_clk_pad_i |     1 |
| ethmac                  | wb_clk_i      |     1 |
| ethmac                  | wb_cyc_i      |     1 |
| ethmac                  | wb_rst_i      |     1 |
| ethmac                  | wb_stb_i      |     1 |
| ethmac                  | wb_we_i       |     1 |

[2026-08-20 04:23:07.164] [miter_logger] [info] design 1 PO summary by model/term (23694 total terminals, 24 unique rows):
| Model                   | Term         | Count |
|-------------------------|--------------|-------|
| DFFHQNx1_ASAP7_75t_R    | CLK          |  9305 |
| DFFHQNx1_ASAP7_75t_R    | D            |  9305 |
| DFFASRHQNx1_ASAP7_75t_R | CLK          |  1241 |
| DFFASRHQNx1_ASAP7_75t_R | D            |  1241 |
| DFFASRHQNx1_ASAP7_75t_R | RESETN       |  1241 |
| DFFASRHQNx1_ASAP7_75t_R | SETN         |  1241 |
| ethmac                  | m_wb_adr_o   |    32 |
| ethmac                  | m_wb_dat_o   |    32 |
| ethmac                  | wb_dat_o     |    32 |
| ethmac                  | m_wb_sel_o   |     4 |
| ethmac                  | mtxd_pad_o   |     4 |
| ethmac                  | m_wb_cti_o   |     3 |
| ethmac                  | m_wb_bte_o   |     2 |
| ethmac                  | int_o        |     1 |
| ethmac                  | m_wb_cyc_o   |     1 |
| ethmac                  | m_wb_stb_o   |     1 |
| ethmac                  | m_wb_we_o    |     1 |
| ethmac                  | md_pad_o     |     1 |
| ethmac                  | md_padoe_o   |     1 |
| ethmac                  | mdc_pad_o    |     1 |
| ethmac                  | mtxen_pad_o  |     1 |
| ethmac                  | mtxerr_pad_o |     1 |
| ethmac                  | wb_ack_o     |     1 |
| ethmac                  | wb_err_o     |     1 |

[2026-08-20 04:23:07.164] [miter_logger] [info] normalizeInputs: starting
[2026-08-20 04:23:07.175] [miter_logger] [info] size of common inputs: 11887
[2026-08-20 04:23:07.175] [miter_logger] [info] size of diff0 inputs: 0
[2026-08-20 04:23:07.175] [miter_logger] [info] size of diff1 inputs: 0
[2026-08-20 04:23:07.176] [miter_logger] [info] normalizeOutputs: starting
[2026-08-20 04:23:07.196] [miter_logger] [info] size of common outputs: 23694
[2026-08-20 04:23:07.196] [miter_logger] [info] size of diff0 outputs: 0
[2026-08-20 04:23:07.196] [miter_logger] [info] size of diff1 outputs: 0
[2026-08-20 04:23:07.198] [miter_logger] [info] size of PIs in circuit 0: 11887
[2026-08-20 04:23:07.198] [miter_logger] [info] size of PIs in circuit 1: 11887
[2026-08-20 04:23:07.198] [miter_logger] [info] size of POs in circuit 0: 23694
[2026-08-20 04:23:07.198] [miter_logger] [info] size of POs in circuit 1: 23694
[2026-08-20 04:23:07.611] [miter_logger] [info] Building miter expression
[2026-08-20 04:23:07.612] [miter_logger] [info] Finished building miter expression
[2026-08-20 04:23:07.614] [miter_logger] [info] Starting solver
[2026-08-20 04:23:07.643] [miter_logger] [info] SAT solver finished: UNSAT
[2026-08-20 04:23:07.643] [miter_logger] [info] Circuits are IDENTICAL
