OpenROAD 26Q3-1464-gb22abfea20 
Features included (+) or not (-): +GPU +GUI +Python
This program is licensed under the BSD-3 license. See the LICENSE file for details.
Components of this program may be licensed under more restrictive licenses which must be honored.
[INFO ORD-0030] Using 32 thread(s).
source ./platforms/asap7/liberty_suppressions.tcl
read_liberty ./platforms/asap7/lib/NLDM/asap7sc7p5t_AO_RVT_FF_nldm_211120.lib.gz
read_liberty ./platforms/asap7/lib/NLDM/asap7sc7p5t_INVBUF_RVT_FF_nldm_220122.lib.gz
read_liberty ./platforms/asap7/lib/NLDM/asap7sc7p5t_OA_RVT_FF_nldm_211120.lib.gz
read_liberty ./platforms/asap7/lib/NLDM/asap7sc7p5t_SIMPLE_RVT_FF_nldm_211120.lib.gz
read_liberty ./platforms/asap7/lib/NLDM/asap7sc7p5t_SEQ_RVT_FF_nldm_220123.lib
read_db /tmp/workspace/scripts-Private_test-fr_cugr_cmp-2-/results/asap7/ethmac/base/5_1_grt.odb
read_sdc /tmp/workspace/scripts-Private_test-fr_cugr_cmp-2-/results/asap7/ethmac/base/5_1_grt.sdc
source ./platforms/asap7/setRC.tcl
[WARNING STA-0450] virtual clock vclk_wb_clk_i can not be propagated.
[WARNING STA-0450] virtual clock vclk_mtx_clk_pad_i can not be propagated.
[WARNING STA-0450] virtual clock vclk_mrx_clk_pad_i can not be propagated.
detailed_route -output_drc /tmp/workspace/scripts-Private_test-fr_cugr_cmp-2-/reports/asap7/ethmac/base/5_route_drc.rpt -output_maze /tmp/workspace/scripts-Private_test-fr_cugr_cmp-2-/results/asap7/ethmac/base/maze.log -droute_end_iter 64 -verbose 1 -drc_report_iter_step 5
[INFO DRT-0149] Reading tech and libs.

Units:                1000
Number of layers:     21
Number of macros:     212
Number of vias:       14
Number of viarulegen: 11

[INFO DRT-0150] Reading design.

Design:                   ethmac
Die area:                 ( 0 0 ) ( 106329 106329 )
Number of track patterns: 32
Number of DEF vias:       0
Number of components:     61081
Number of terminals:      218
Number of snets:          2
Number of nets:           59816

[INFO DRT-0167] List of default vias:
  Layer V2
    default via: VIA23
  Layer V3
    default via: VIA34
  Layer V4
    default via: VIA45
  Layer V5
    default via: VIA56
  Layer V6
    default via: VIA67
  Layer V7
    default via: VIA78
  Layer V8
    default via: VIA89
  Layer V9
    default via: VIA9Pad
[INFO DRT-0162] Library cell analysis.
[INFO DRT-0163] Instance analysis.
[INFO DRT-0164] Number of unique instances = 195.
[INFO DRT-0168] Init region query.
[INFO DRT-0024]   Complete Active.
[INFO DRT-0024]   Complete V0.
[INFO DRT-0024]   Complete M1.
[INFO DRT-0024]   Complete V1.
[INFO DRT-0024]   Complete M2.
[INFO DRT-0024]   Complete V2.
[INFO DRT-0024]   Complete M3.
[INFO DRT-0024]   Complete V3.
[INFO DRT-0024]   Complete M4.
[INFO DRT-0024]   Complete V4.
[INFO DRT-0024]   Complete M5.
[INFO DRT-0024]   Complete V5.
[INFO DRT-0024]   Complete M6.
[INFO DRT-0024]   Complete V6.
[INFO DRT-0024]   Complete M7.
[INFO DRT-0024]   Complete V7.
[INFO DRT-0024]   Complete M8.
[INFO DRT-0024]   Complete V8.
[INFO DRT-0024]   Complete M9.
[INFO DRT-0024]   Complete V9.
[INFO DRT-0024]   Complete Pad.
[INFO DRT-0033] Active shape region query size = 0.
[INFO DRT-0033] V0 shape region query size = 0.
[INFO DRT-0033] M1 shape region query size = 1115148.
[INFO DRT-0033] V1 shape region query size = 1186585.
[INFO DRT-0033] M2 shape region query size = 45822.
[INFO DRT-0033] V2 shape region query size = 21603.
[INFO DRT-0033] M3 shape region query size = 21603.
[INFO DRT-0033] V3 shape region query size = 14402.
[INFO DRT-0033] M4 shape region query size = 14435.
[INFO DRT-0033] V4 shape region query size = 14402.
[INFO DRT-0033] M5 shape region query size = 8144.
[INFO DRT-0033] V5 shape region query size = 1444.
[INFO DRT-0033] M6 shape region query size = 798.
[INFO DRT-0033] V6 shape region query size = 0.
[INFO DRT-0033] M7 shape region query size = 0.
[INFO DRT-0033] V7 shape region query size = 0.
[INFO DRT-0033] M8 shape region query size = 0.
[INFO DRT-0033] V8 shape region query size = 0.
[INFO DRT-0033] M9 shape region query size = 0.
[INFO DRT-0033] V9 shape region query size = 0.
[INFO DRT-0033] Pad shape region query size = 0.
[INFO DRT-0165] Start pin access.
[INFO DRT-0076]   Complete 1000 pins.
[INFO DRT-0078]   Complete 1104 pins.
[INFO DRT-0079]   Complete 100 unique inst patterns.
[INFO DRT-0081]   Complete 195 unique inst patterns.
[INFO DRT-0082]   Complete 10000 groups.
[INFO DRT-0082]   Complete 20000 groups.
[INFO DRT-0082]   Complete 30000 groups.
[INFO DRT-0084]   Complete 34125 groups.
#scanned instances     = 61081
#unique  instances     = 195
#stdCellGenAp          = 6018
#stdCellValidPlanarAp  = 54
#stdCellValidViaAp     = 4728
#stdCellPinNoAp        = 0
#stdCellPinCnt         = 195224
#instTermValidViaApCnt = 0
#macroGenAp            = 0
#macroValidPlanarAp    = 0
#macroValidViaAp       = 0
#macroNoAp             = 0
[INFO DRT-0166] Complete pin access.
[INFO DRT-0267] cpu time = 00:16:51, elapsed time = 00:00:34, memory = 803.89 (MB), peak = 808.62 (MB)
[INFO DRT-0156] guideIn read 100000 guides.
[INFO DRT-0156] guideIn read 200000 guides.
[INFO DRT-0156] guideIn read 300000 guides.
[INFO DRT-0156] guideIn read 400000 guides.
[INFO DRT-0156] guideIn read 500000 guides.
[INFO DRT-0156] guideIn read 600000 guides.

[INFO DRT-0157] Number of guides:     601254

[INFO DRT-0169] Post process guides.
[INFO DRT-0176] GCELLGRID X 0 DO 186 STEP 570 ;
[INFO DRT-0177] GCELLGRID Y 0 DO 186 STEP 570 ;
[INFO DRT-0026]   Complete 100000 origin guides.
[INFO DRT-0026]   Complete 200000 origin guides.
[INFO DRT-0026]   Complete 300000 origin guides.
[INFO DRT-0026]   Complete 400000 origin guides.
[INFO DRT-0026]   Complete 500000 origin guides.
[INFO DRT-0026]   Complete 600000 origin guides.
[INFO DRT-0028]   Complete Active.
[INFO DRT-0028]   Complete V0.
[INFO DRT-0028]   Complete M1.
[INFO DRT-0028]   Complete V1.
[INFO DRT-0028]   Complete M2.
[INFO DRT-0028]   Complete V2.
[INFO DRT-0028]   Complete M3.
[INFO DRT-0028]   Complete V3.
[INFO DRT-0028]   Complete M4.
[INFO DRT-0028]   Complete V4.
[INFO DRT-0028]   Complete M5.
[INFO DRT-0028]   Complete V5.
[INFO DRT-0028]   Complete M6.
[INFO DRT-0028]   Complete V6.
[INFO DRT-0028]   Complete M7.
[INFO DRT-0028]   Complete V7.
[INFO DRT-0028]   Complete M8.
[INFO DRT-0028]   Complete V8.
[INFO DRT-0028]   Complete M9.
[INFO DRT-0028]   Complete V9.
[INFO DRT-0028]   Complete Pad.
[INFO DRT-0178] Init guide query.
[INFO DRT-0035]   Complete Active (guide).
[INFO DRT-0035]   Complete V0 (guide).
[INFO DRT-0035]   Complete M1 (guide).
[INFO DRT-0035]   Complete V1 (guide).
[INFO DRT-0035]   Complete M2 (guide).
[INFO DRT-0035]   Complete V2 (guide).
[INFO DRT-0035]   Complete M3 (guide).
[INFO DRT-0035]   Complete V3 (guide).
[INFO DRT-0035]   Complete M4 (guide).
[INFO DRT-0035]   Complete V4 (guide).
[INFO DRT-0035]   Complete M5 (guide).
[INFO DRT-0035]   Complete V5 (guide).
[INFO DRT-0035]   Complete M6 (guide).
[INFO DRT-0035]   Complete V6 (guide).
[INFO DRT-0035]   Complete M7 (guide).
[INFO DRT-0035]   Complete V7 (guide).
[INFO DRT-0035]   Complete M8 (guide).
[INFO DRT-0035]   Complete V8 (guide).
[INFO DRT-0035]   Complete M9 (guide).
[INFO DRT-0035]   Complete V9 (guide).
[INFO DRT-0035]   Complete Pad (guide).
[INFO DRT-0036] Active guide region query size = 0.
[INFO DRT-0036] V0 guide region query size = 0.
[INFO DRT-0036] M1 guide region query size = 171302.
[INFO DRT-0036] V1 guide region query size = 0.
[INFO DRT-0036] M2 guide region query size = 153958.
[INFO DRT-0036] V2 guide region query size = 0.
[INFO DRT-0036] M3 guide region query size = 95034.
[INFO DRT-0036] V3 guide region query size = 0.
[INFO DRT-0036] M4 guide region query size = 31422.
[INFO DRT-0036] V4 guide region query size = 0.
[INFO DRT-0036] M5 guide region query size = 16159.
[INFO DRT-0036] V5 guide region query size = 0.
[INFO DRT-0036] M6 guide region query size = 10320.
[INFO DRT-0036] V6 guide region query size = 0.
[INFO DRT-0036] M7 guide region query size = 4456.
[INFO DRT-0036] V7 guide region query size = 0.
[INFO DRT-0036] M8 guide region query size = 0.
[INFO DRT-0036] V8 guide region query size = 0.
[INFO DRT-0036] M9 guide region query size = 0.
[INFO DRT-0036] V9 guide region query size = 0.
[INFO DRT-0036] Pad guide region query size = 0.
[INFO DRT-0179] Init gr pin query.
[INFO DRT-0267] cpu time = 00:00:01, elapsed time = 00:00:00, memory = 995.98 (MB), peak = 991.56 (MB)
[INFO DRT-0245] skipped writing guide updates to database.
[INFO DRT-0181] Start track assignment.
[INFO DRT-0184] Done with 286951 vertical wires in 4 frboxes and 195700 horizontal wires in 4 frboxes.
[INFO DRT-0186] Done with 27538 vertical wires in 4 frboxes and 31300 horizontal wires in 4 frboxes.
[INFO DRT-0182] Complete track assignment.
[INFO DRT-0267] cpu time = 00:00:21, elapsed time = 00:00:06, memory = 2422.40 (MB), peak = 2417.90 (MB)
[INFO DRT-0187] Start routing data preparation.
[INFO DRT-0267] cpu time = 00:00:00, elapsed time = 00:00:00, memory = 2422.40 (MB), peak = 2417.90 (MB)
[INFO DRT-0194] Start detail routing.
[INFO DRT-0195] Start 0th optimization iteration.
    Completing 10% with 0 violations.
    elapsed time = 00:00:02, memory = 4867.46 (MB).
    Completing 20% with 0 violations.
    elapsed time = 00:00:05, memory = 6333.04 (MB).
    Completing 30% with 1646 violations.
    elapsed time = 00:00:09, memory = 6940.70 (MB).
    Completing 40% with 1646 violations.
    elapsed time = 00:00:13, memory = 7009.83 (MB).
    Completing 50% with 1646 violations.
    elapsed time = 00:00:15, memory = 6792.09 (MB).
    Completing 60% with 3165 violations.
    elapsed time = 00:00:21, memory = 7910.39 (MB).
    Completing 70% with 3165 violations.
    elapsed time = 00:00:25, memory = 8043.48 (MB).
    Completing 80% with 4490 violations.
    elapsed time = 00:00:31, memory = 8499.23 (MB).
    Completing 90% with 4490 violations.
    elapsed time = 00:00:36, memory = 8501.29 (MB).
    Completing 100% with 5965 violations.
    elapsed time = 00:00:42, memory = 7123.79 (MB).
[INFO DRT-0199]   Number of violations = 10291.
Viol/Layer          M1     M2     V2     M3     V3     M4     V4     M5     V5     M6     V6     M7
CutSpcTbl            0      0      0      0     48      0     18      0      3      0     10      0
EOL                  0    334      0     58      0     54      0      5      0      0      0      0
Metal Spacing     1033    156      0    548      0     19      0      4      0      3      0      2
Recheck              5   1328      0   1196      0    766      0    543      0    389      0     99
Short                0    426      4    109      2     15      1      9      1     15      0      0
eolKeepOut           0   2655      0    211      0    204      0     18      0      0      0      0
[INFO DRT-0267] cpu time = 00:17:07, elapsed time = 00:00:43, memory = 7433.29 (MB), peak = 8682.48 (MB)
Total wire length = 211319 um.
Total wire length on LAYER M1 = 0 um.
Total wire length on LAYER M2 = 50527 um.
Total wire length on LAYER M3 = 88315 um.
Total wire length on LAYER M4 = 41998 um.
Total wire length on LAYER M5 = 16684 um.
Total wire length on LAYER M6 = 8548 um.
Total wire length on LAYER M7 = 5245 um.
Total wire length on LAYER M8 = 0 um.
Total wire length on LAYER M9 = 0 um.
Total wire length on LAYER Pad = 0 um.
Total number of vias = 581338.
Up-via summary (total 581338):

-----------------
 Active         0
     M1    193947
     M2    287031
     M3     70002
     M4     18109
     M5      7968
     M6      4281
     M7         0
     M8         0
     M9         0
-----------------
       581338


[INFO DRT-0195] Start 1st optimization iteration.
    Completing 10% with 10291 violations.
    elapsed time = 00:00:03, memory = 9199.32 (MB).
    Completing 20% with 10291 violations.
    elapsed time = 00:00:07, memory = 9261.82 (MB).
    Completing 30% with 7427 violations.
    elapsed time = 00:00:12, memory = 9474.60 (MB).
    Completing 40% with 7427 violations.
    elapsed time = 00:00:16, memory = 9603.25 (MB).
    Completing 50% with 7427 violations.
    elapsed time = 00:00:19, memory = 8534.64 (MB).
    Completing 60% with 5296 violations.
    elapsed time = 00:00:26, memory = 9556.21 (MB).
    Completing 70% with 5296 violations.
    elapsed time = 00:00:30, memory = 9559.78 (MB).
    Completing 80% with 2587 violations.
    elapsed time = 00:00:35, memory = 9567.75 (MB).
    Completing 90% with 2587 violations.
    elapsed time = 00:00:40, memory = 9641.45 (MB).
    Completing 100% with 494 violations.
    elapsed time = 00:00:45, memory = 7912.74 (MB).
[INFO DRT-0199]   Number of violations = 512.
Viol/Layer          M1     M2     M3     V3     M4     M5     V5     V6
CutSpcTbl            0      0      0     13      0      0      2      2
EOL                  0     25      3      0      1      1      0      0
Metal Spacing      114      4    119      0      1      1      0      0
Recheck              0     13      5      0      0      0      0      0
Short                0     24     29      0      1      0      0      0
eolKeepOut           0    135     12      0      4      3      0      0
[INFO DRT-0267] cpu time = 00:18:23, elapsed time = 00:00:46, memory = 7896.98 (MB), peak = 9705.40 (MB)
Total wire length = 209291 um.
Total wire length on LAYER M1 = 0 um.
Total wire length on LAYER M2 = 49801 um.
Total wire length on LAYER M3 = 88322 um.
Total wire length on LAYER M4 = 42431 um.
Total wire length on LAYER M5 = 16222 um.
Total wire length on LAYER M6 = 7850 um.
Total wire length on LAYER M7 = 4663 um.
Total wire length on LAYER M8 = 0 um.
Total wire length on LAYER M9 = 0 um.
Total wire length on LAYER Pad = 0 um.
Total number of vias = 555708.
Up-via summary (total 555708):

-----------------
 Active         0
     M1    193896
     M2    272884
     M3     65159
     M4     15104
     M5      5873
     M6      2792
     M7         0
     M8         0
     M9         0
-----------------
       555708


[INFO DRT-0195] Start 2nd optimization iteration.
    Completing 10% with 512 violations.
    elapsed time = 00:00:01, memory = 9617.45 (MB).
    Completing 20% with 512 violations.
    elapsed time = 00:00:02, memory = 9619.45 (MB).
    Completing 30% with 472 violations.
    elapsed time = 00:00:05, memory = 7894.70 (MB).
    Completing 40% with 472 violations.
    elapsed time = 00:00:07, memory = 9691.73 (MB).
    Completing 50% with 472 violations.
    elapsed time = 00:00:09, memory = 7894.70 (MB).
    Completing 60% with 413 violations.
    elapsed time = 00:00:11, memory = 9637.77 (MB).
    Completing 70% with 413 violations.
    elapsed time = 00:00:13, memory = 9604.74 (MB).
    Completing 80% with 377 violations.
    elapsed time = 00:00:15, memory = 7894.70 (MB).
    Completing 90% with 377 violations.
    elapsed time = 00:00:17, memory = 9640.21 (MB).
    Completing 100% with 337 violations.
    elapsed time = 00:00:20, memory = 7894.70 (MB).
[INFO DRT-0199]   Number of violations = 349.
Viol/Layer          M1     M2     M3     V3     M4     V4     M6     M7
CutSpcTbl            0      0      0      7      0      1      0      0
EOL                  0     21      1      0      1      0      0      0
Metal Spacing       57      8     80      0      1      0      2      2
Recheck              0      9      3      0      0      0      0      0
Short                0      8     18      0      1      0      0      0
eolKeepOut           0    117      3      0      9      0      0      0
[INFO DRT-0267] cpu time = 00:07:16, elapsed time = 00:00:21, memory = 7873.34 (MB), peak = 9750.04 (MB)
Total wire length = 209023 um.
Total wire length on LAYER M1 = 0 um.
Total wire length on LAYER M2 = 49913 um.
Total wire length on LAYER M3 = 88354 um.
Total wire length on LAYER M4 = 42280 um.
Total wire length on LAYER M5 = 16133 um.
Total wire length on LAYER M6 = 7742 um.
Total wire length on LAYER M7 = 4598 um.
Total wire length on LAYER M8 = 0 um.
Total wire length on LAYER M9 = 0 um.
Total wire length on LAYER Pad = 0 um.
Total number of vias = 552972.
Up-via summary (total 552972):

-----------------
 Active         0
     M1    193896
     M2    271799
     M3     64199
     M4     14790
     M5      5626
     M6      2662
     M7         0
     M8         0
     M9         0
-----------------
       552972


[INFO DRT-0195] Start 3rd optimization iteration.
    Completing 10% with 349 violations.
    elapsed time = 00:00:00, memory = 7873.34 (MB).
    Completing 20% with 349 violations.
    elapsed time = 00:00:00, memory = 9647.92 (MB).
    Completing 30% with 294 violations.
    elapsed time = 00:00:02, memory = 7873.34 (MB).
    Completing 40% with 294 violations.
    elapsed time = 00:00:02, memory = 7875.24 (MB).
    Completing 50% with 294 violations.
    elapsed time = 00:00:03, memory = 8572.92 (MB).
    Completing 60% with 202 violations.
    elapsed time = 00:00:04, memory = 7873.34 (MB).
    Completing 70% with 202 violations.
    elapsed time = 00:00:04, memory = 7873.34 (MB).
    Completing 80% with 112 violations.
    elapsed time = 00:00:06, memory = 7873.34 (MB).
    Completing 90% with 112 violations.
    elapsed time = 00:00:06, memory = 7873.34 (MB).
    Completing 100% with 25 violations.
    elapsed time = 00:00:08, memory = 7873.34 (MB).
[INFO DRT-0199]   Number of violations = 25.
Viol/Layer          M1     M2     V2     M3     V3
CutSpcTbl            0      0      0      0      2
EOL                  0      1      0      1      0
Metal Spacing        1      1      0      3      0
Short                0      3      1      2      0
eolKeepOut           0      6      0      4      0
[INFO DRT-0267] cpu time = 00:01:51, elapsed time = 00:00:08, memory = 7873.34 (MB), peak = 9750.04 (MB)
Total wire length = 209033 um.
Total wire length on LAYER M1 = 0 um.
Total wire length on LAYER M2 = 49823 um.
Total wire length on LAYER M3 = 88313 um.
Total wire length on LAYER M4 = 42389 um.
Total wire length on LAYER M5 = 16180 um.
Total wire length on LAYER M6 = 7737 um.
Total wire length on LAYER M7 = 4590 um.
Total wire length on LAYER M8 = 0 um.
Total wire length on LAYER M9 = 0 um.
Total wire length on LAYER Pad = 0 um.
Total number of vias = 553055.
Up-via summary (total 553055):

-----------------
 Active         0
     M1    193896
     M2    271606
     M3     64415
     M4     14863
     M5      5626
     M6      2649
     M7         0
     M8         0
     M9         0
-----------------
       553055


[INFO DRT-0195] Start 4th guides tiles iteration.
    Completing 10% with 25 violations.
    elapsed time = 00:00:00, memory = 7966.33 (MB).
    Completing 20% with 25 violations.
    elapsed time = 00:00:00, memory = 7966.33 (MB).
    Completing 30% with 25 violations.
    elapsed time = 00:00:00, memory = 7966.33 (MB).
    Completing 40% with 25 violations.
    elapsed time = 00:00:00, memory = 7930.65 (MB).
    Completing 50% with 25 violations.
    elapsed time = 00:00:00, memory = 7873.34 (MB).
    Completing 60% with 2 violations.
    elapsed time = 00:00:00, memory = 7873.34 (MB).
    Completing 70% with 2 violations.
    elapsed time = 00:00:00, memory = 7873.34 (MB).
    Completing 80% with 2 violations.
    elapsed time = 00:00:00, memory = 7873.34 (MB).
    Completing 90% with 2 violations.
    elapsed time = 00:00:01, memory = 7873.34 (MB).
    Completing 100% with 0 violations.
    elapsed time = 00:00:01, memory = 7873.34 (MB).
[INFO DRT-0199]   Number of violations = 0.
[INFO DRT-0267] cpu time = 00:00:03, elapsed time = 00:00:01, memory = 7873.34 (MB), peak = 9750.04 (MB)
Total wire length = 209036 um.
Total wire length on LAYER M1 = 0 um.
Total wire length on LAYER M2 = 49822 um.
Total wire length on LAYER M3 = 88311 um.
Total wire length on LAYER M4 = 42389 um.
Total wire length on LAYER M5 = 16184 um.
Total wire length on LAYER M6 = 7738 um.
Total wire length on LAYER M7 = 4590 um.
Total wire length on LAYER M8 = 0 um.
Total wire length on LAYER M9 = 0 um.
Total wire length on LAYER Pad = 0 um.
Total number of vias = 553063.
Up-via summary (total 553063):

-----------------
 Active         0
     M1    193896
     M2    271606
     M3     64415
     M4     14867
     M5      5630
     M6      2649
     M7         0
     M8         0
     M9         0
-----------------
       553063


[INFO DRT-0198] Complete detail routing.
Total wire length = 209036 um.
Total wire length on LAYER M1 = 0 um.
Total wire length on LAYER M2 = 49822 um.
Total wire length on LAYER M3 = 88311 um.
Total wire length on LAYER M4 = 42389 um.
Total wire length on LAYER M5 = 16184 um.
Total wire length on LAYER M6 = 7738 um.
Total wire length on LAYER M7 = 4590 um.
Total wire length on LAYER M8 = 0 um.
Total wire length on LAYER M9 = 0 um.
Total wire length on LAYER Pad = 0 um.
Total number of vias = 553063.
Up-via summary (total 553063):

-----------------
 Active         0
     M1    193896
     M2    271606
     M3     64415
     M4     14867
     M5      5630
     M6      2649
     M7         0
     M8         0
     M9         0
-----------------
       553063


[INFO DRT-0267] cpu time = 00:44:43, elapsed time = 00:02:02, memory = 7873.47 (MB), peak = 9750.04 (MB)

[INFO DRT-0180] Post processing.
[INFO DRT-0501] Runtime: 165.16s
Took 165 seconds: detailed_route -output_drc /tmp/workspace/scripts-Private_test-fr_cugr_cmp-2-/reports/asap7/ethmac/base/5_route_drc.rpt -output_maze /tmp/workspace/scripts-Private_test-fr_cugr_cmp-2-/results/asap7/ethmac/base/maze.log -droute_end_iter 64 -verbose 1 -drc_report_iter_step 5
[WARNING GRT-0246] No diode with LEF class CORE ANTENNACELL found.
[INFO ANT-0002] Found 0 net violations.
[INFO ANT-0001] Found 0 pin violations.
[INFO ANT-0002] Found 0 net violations.
[INFO ANT-0001] Found 0 pin violations.
Design area 8147 um^2 78% utilization.
write_db /tmp/workspace/scripts-Private_test-fr_cugr_cmp-2-/results/asap7/ethmac/base/5_2_route.odb
Elapsed time: 2:50.88[h:]min:sec. CPU time: user 3765.25 sys 15.20 (2212%). Peak memory: 9984036KB.
Log                       Ext     Elapsed/s Peak Memory/MB sha1sum result [0:20)
5_2_route                 .odb          170           9750 34dfcf1f12bab551fb2d
