OpenROAD 26Q3-1464-gb22abfea20 
Features included (+) or not (-): +GPU +GUI +Python
This program is licensed under the BSD-3 license. See the LICENSE file for details.
Components of this program may be licensed under more restrictive licenses which must be honored.
[INFO ORD-0030] Using 30 thread(s).
read_liberty ./platforms/nangate45/lib/NangateOpenCellLibrary_typical.lib
read_liberty ./platforms/nangate45/lib/fakeram45_512x64.lib
read_liberty ./platforms/nangate45/lib/fakeram45_256x95.lib
read_liberty ./platforms/nangate45/lib/fakeram45_64x7.lib
read_liberty ./platforms/nangate45/lib/fakeram45_64x15.lib
read_liberty ./platforms/nangate45/lib/fakeram45_64x96.lib
read_db /tmp/workspace/scripts-Private_test-fr_cugr_cmp-2-/results/nangate45/bp/base/3_3_place_gp.odb
read_sdc /tmp/workspace/scripts-Private_test-fr_cugr_cmp-2-/results/nangate45/bp/base/2_floorplan.sdc
source ./platforms/nangate45/setRC.tcl
estimate_parasitics -placement
Took 9 seconds: estimate_parasitics -placement
Perform buffer insertion and gate resizing...
repair_design -verbose
Iteration |   Area    | Resized | Buffers | Nets repaired | Remaining
---------------------------------------------------------------------
        0 |     +0.0% |       0 |       0 |             0 |    231604
     1000 |     +0.0% |       0 |       0 |             1 |    230604
     2000 |     +0.0% |       0 |       1 |             2 |    229604
     3000 |     +0.0% |       0 |       1 |             2 |    228604
     4000 |     +0.0% |       0 |       1 |             2 |    227604
     5000 |     +0.0% |       0 |       2 |             3 |    226604
     6000 |     +0.0% |       0 |       2 |             3 |    225604
     7000 |     +0.0% |       0 |      17 |            18 |    224604
     8000 |     +0.0% |       0 |      17 |            18 |    223604
     9000 |     +0.0% |       0 |      18 |            19 |    222604
    10000 |     +0.0% |       0 |      19 |            20 |    221604
    11000 |     +0.0% |       0 |      28 |            29 |    220604
    12000 |     +0.0% |       0 |      59 |            65 |    219604
    13000 |     +0.0% |       0 |      66 |            72 |    218604
    14000 |     +0.0% |       0 |      75 |            81 |    217604
    15000 |     +0.0% |       0 |      75 |            81 |    216604
    16000 |     +0.0% |       0 |      87 |            93 |    215604
    17000 |     +0.0% |       0 |      95 |           101 |    214604
    18000 |     +0.0% |       0 |      97 |           103 |    213604
    19000 |     +0.0% |       0 |     112 |           118 |    212604
    20000 |     +0.0% |       0 |     123 |           129 |    211604
    21000 |     +0.0% |       0 |     127 |           133 |    210604
    22000 |     +0.0% |       0 |     127 |           133 |    209604
    23000 |     +0.0% |       0 |     145 |           151 |    208604
    24000 |     +0.0% |       0 |     145 |           151 |    207604
    25000 |     +0.0% |       0 |     145 |           151 |    206604
    26000 |     +0.0% |       0 |     145 |           151 |    205604
    27000 |     +0.0% |       0 |     148 |           154 |    204604
    28000 |     +0.0% |       0 |     148 |           154 |    203604
    29000 |     +0.0% |       0 |     148 |           154 |    202604
    30000 |     +0.0% |       0 |     148 |           154 |    201604
    31000 |     +0.0% |       0 |     148 |           154 |    200604
    32000 |     +0.0% |       0 |     149 |           155 |    199604
    33000 |     +0.0% |       0 |     149 |           155 |    198604
    34000 |     +0.0% |       0 |     150 |           156 |    197604
    35000 |     +0.0% |       0 |     150 |           156 |    196604
    36000 |     +0.0% |       0 |     150 |           156 |    195604
    37000 |     +0.0% |       0 |     154 |           160 |    194604
    38000 |     +0.0% |       0 |     154 |           160 |    193604
    39000 |     +0.0% |       0 |     154 |           160 |    192604
    40000 |     +0.0% |       0 |     155 |           161 |    191604
    41000 |     +0.0% |       0 |     156 |           162 |    190604
    42000 |     +0.0% |       0 |     156 |           162 |    189604
    43000 |     +0.0% |       0 |     169 |           175 |    188604
    44000 |     +0.0% |       0 |     169 |           175 |    187604
    45000 |     +0.0% |       0 |     178 |           184 |    186604
    46000 |     +0.0% |       0 |     183 |           189 |    185604
    47000 |     +0.0% |       0 |     183 |           189 |    184604
    48000 |     +0.0% |       0 |     183 |           189 |    183604
    49000 |     +0.1% |       0 |     211 |           217 |    182604
    50000 |     +0.1% |       0 |     227 |           233 |    181604
    51000 |     +0.1% |       0 |     237 |           243 |    180604
    52000 |     +0.1% |       0 |     237 |           243 |    179604
    53000 |     +0.1% |       0 |     237 |           243 |    178604
    54000 |     +0.1% |       0 |     237 |           243 |    177604
    55000 |     +0.1% |       0 |     263 |           270 |    176604
    56000 |     +0.1% |       0 |     271 |           278 |    175604
    57000 |     +0.1% |       0 |     272 |           279 |    174604
    58000 |     +0.1% |       0 |     272 |           279 |    173604
    59000 |     +0.1% |       0 |     272 |           279 |    172604
    60000 |     +0.1% |       0 |     272 |           279 |    171604
    61000 |     +0.1% |       0 |     274 |           281 |    170604
    62000 |     +0.1% |       0 |     286 |           293 |    169604
    63000 |     +0.1% |       0 |     298 |           305 |    168604
    64000 |     +0.1% |       0 |     299 |           306 |    167604
    65000 |     +0.1% |       0 |     299 |           306 |    166604
    66000 |     +0.1% |       0 |     299 |           306 |    165604
    67000 |     +0.1% |       0 |     299 |           306 |    164604
    68000 |     +0.1% |       0 |     301 |           308 |    163604
    69000 |     +0.1% |       0 |     312 |           319 |    162604
    70000 |     +0.1% |       0 |     319 |           326 |    161604
    71000 |     +0.1% |       0 |     319 |           326 |    160604
    72000 |     +0.1% |       0 |     319 |           326 |    159604
    73000 |     +0.1% |       0 |     319 |           326 |    158604
    74000 |     +0.1% |       0 |     319 |           326 |    157604
    75000 |     +0.1% |       0 |     344 |           351 |    156604
    76000 |     +0.1% |       0 |     348 |           355 |    155604
    77000 |     +0.1% |       0 |     352 |           359 |    154604
    78000 |     +0.1% |       0 |     352 |           359 |    153604
    79000 |     +0.1% |       0 |     352 |           359 |    152604
    80000 |     +0.1% |       0 |     352 |           359 |    151604
    81000 |     +0.1% |       0 |     352 |           359 |    150604
    82000 |     +0.1% |       0 |     352 |           359 |    149604
    83000 |     +0.1% |       0 |     355 |           362 |    148604
    84000 |     +0.1% |       0 |     362 |           369 |    147604
    85000 |     +0.1% |       0 |     366 |           373 |    146604
    86000 |     +0.1% |       0 |     366 |           373 |    145604
    87000 |     +0.1% |       0 |     366 |           373 |    144604
    88000 |     +0.1% |       0 |     368 |           375 |    143604
    89000 |     +0.1% |       0 |     373 |           380 |    142604
    90000 |     +0.1% |       0 |     383 |           390 |    141604
    91000 |     +0.1% |       0 |     383 |           390 |    140604
    92000 |     +0.1% |       0 |     383 |           390 |    139604
    93000 |     +0.1% |       0 |     383 |           390 |    138604
    94000 |     +0.1% |       0 |     389 |           396 |    137604
    95000 |     +0.1% |       0 |     392 |           399 |    136604
    96000 |     +0.1% |       0 |     404 |           411 |    135604
    97000 |     +0.1% |       0 |     404 |           411 |    134604
    98000 |     +0.1% |       0 |     404 |           411 |    133604
    99000 |     +0.1% |       0 |     404 |           411 |    132604
   100000 |     +0.1% |       0 |     404 |           411 |    131604
   101000 |     +0.1% |       0 |     407 |           414 |    130604
   102000 |     +0.1% |       0 |     423 |           430 |    129604
   103000 |     +0.1% |       0 |     424 |           431 |    128604
   104000 |     +0.1% |       0 |     430 |           437 |    127604
   105000 |     +0.1% |       0 |     430 |           437 |    126604
   106000 |     +0.1% |       0 |     430 |           437 |    125604
   107000 |     +0.1% |       0 |     430 |           437 |    124604
   108000 |     +0.1% |       0 |     430 |           437 |    123604
   109000 |     +0.1% |       0 |     430 |           437 |    122604
   110000 |     +0.1% |       0 |     441 |           448 |    121604
   111000 |     +0.1% |       0 |     441 |           448 |    120604
   112000 |     +0.1% |       0 |     451 |           458 |    119604
   113000 |     +0.1% |       0 |     459 |           466 |    118604
   114000 |     +0.1% |       0 |     463 |           470 |    117604
   115000 |     +0.1% |       0 |     463 |           470 |    116604
   116000 |     +0.1% |       0 |     463 |           470 |    115604
   117000 |     +0.1% |       0 |     463 |           470 |    114604
   118000 |     +0.1% |       0 |     464 |           471 |    113604
   119000 |     +0.1% |       0 |     464 |           471 |    112604
   120000 |     +0.1% |       0 |     469 |           476 |    111604
   121000 |     +0.1% |       0 |     486 |           493 |    110604
   122000 |     +0.1% |       0 |     489 |           496 |    109604
   123000 |     +0.1% |       0 |     490 |           497 |    108604
   124000 |     +0.1% |       0 |     495 |           502 |    107604
   125000 |     +0.1% |       0 |     506 |           513 |    106604
   126000 |     +0.1% |       0 |     507 |           514 |    105604
   127000 |     +0.1% |       0 |     508 |           515 |    104604
   128000 |     +0.1% |       0 |     508 |           515 |    103604
   129000 |     +0.1% |       0 |     516 |           523 |    102604
   130000 |     +0.1% |       0 |     517 |           524 |    101604
   131000 |     +0.1% |       0 |     529 |           536 |    100604
   132000 |     +0.1% |       0 |     530 |           537 |     99604
   133000 |     +0.1% |       0 |     531 |           538 |     98604
   134000 |     +0.1% |       0 |     538 |           545 |     97604
   135000 |     +0.1% |       0 |     538 |           545 |     96604
   136000 |     +0.1% |       0 |     538 |           545 |     95604
   137000 |     +0.1% |       0 |     539 |           546 |     94604
   138000 |     +0.1% |       0 |     555 |           562 |     93604
   139000 |     +0.1% |       0 |     556 |           563 |     92604
   140000 |     +0.1% |       0 |     556 |           563 |     91604
   141000 |     +0.1% |       0 |     557 |           564 |     90604
   142000 |     +0.1% |       0 |     558 |           565 |     89604
   143000 |     +0.1% |       0 |     558 |           565 |     88604
   144000 |     +0.1% |       0 |     558 |           565 |     87604
   145000 |     +0.1% |       0 |     558 |           565 |     86604
   146000 |     +0.1% |       0 |     564 |           571 |     85604
   147000 |     +0.1% |       0 |     564 |           571 |     84604
   148000 |     +0.2% |       0 |     566 |           573 |     83604
   149000 |     +0.2% |       0 |     566 |           573 |     82604
   150000 |     +0.2% |       0 |     566 |           573 |     81604
   151000 |     +0.2% |       0 |     566 |           573 |     80604
   152000 |     +0.2% |       0 |     566 |           573 |     79604
   153000 |     +0.2% |       0 |     567 |           574 |     78604
   154000 |     +0.2% |       0 |     567 |           574 |     77604
   155000 |     +0.2% |       0 |     567 |           574 |     76604
   156000 |     +0.2% |       0 |     567 |           574 |     75604
   157000 |     +0.2% |       0 |     567 |           574 |     74604
   158000 |     +0.2% |       0 |     567 |           574 |     73604
   159000 |     +0.2% |       0 |     567 |           574 |     72604
   160000 |     +0.2% |       0 |     567 |           574 |     71604
   161000 |     +0.2% |       0 |     567 |           574 |     70604
   162000 |     +0.2% |       0 |     567 |           574 |     69604
   163000 |     +0.2% |       0 |     567 |           574 |     68604
   164000 |     +0.2% |       0 |     567 |           574 |     67604
   165000 |     +0.2% |       0 |     567 |           574 |     66604
   166000 |     +0.2% |       0 |     567 |           574 |     65604
   167000 |     +0.2% |       0 |     567 |           574 |     64604
   168000 |     +0.2% |       0 |     567 |           574 |     63604
   169000 |     +0.2% |       0 |     567 |           574 |     62604
   170000 |     +0.2% |       0 |     567 |           574 |     61604
   171000 |     +0.2% |       0 |     567 |           574 |     60604
   172000 |     +0.2% |       0 |     567 |           574 |     59604
   173000 |     +0.2% |       0 |     567 |           574 |     58604
   174000 |     +0.2% |       0 |     567 |           574 |     57604
   175000 |     +0.2% |       0 |     567 |           574 |     56604
   176000 |     +0.2% |       0 |     567 |           574 |     55604
   177000 |     +0.2% |       0 |     567 |           574 |     54604
   178000 |     +0.2% |       0 |     567 |           574 |     53604
   179000 |     +0.2% |       0 |     567 |           574 |     52604
   180000 |     +0.2% |       0 |     567 |           574 |     51604
   181000 |     +0.2% |       0 |     567 |           574 |     50604
   182000 |     +0.2% |       0 |     567 |           574 |     49604
   183000 |     +0.2% |       0 |     567 |           574 |     48604
   184000 |     +0.2% |       0 |     567 |           574 |     47604
   185000 |     +0.2% |       0 |     567 |           574 |     46604
   186000 |     +0.2% |       0 |     567 |           574 |     45604
   187000 |     +0.2% |       0 |     567 |           574 |     44604
   188000 |     +0.2% |       0 |     567 |           574 |     43604
   189000 |     +0.2% |       0 |     567 |           574 |     42604
   190000 |     +0.2% |       0 |     567 |           574 |     41604
   191000 |     +0.2% |       0 |     567 |           574 |     40604
   192000 |     +0.2% |       0 |     567 |           574 |     39604
   193000 |     +0.2% |       0 |     567 |           574 |     38604
   194000 |     +0.2% |       0 |     567 |           574 |     37604
   195000 |     +0.2% |       0 |     567 |           574 |     36604
   196000 |     +0.2% |       0 |     567 |           574 |     35604
   197000 |     +0.2% |       0 |     567 |           574 |     34604
   198000 |     +0.2% |       0 |     567 |           574 |     33604
   199000 |     +0.2% |       0 |     567 |           574 |     32604
   200000 |     +0.2% |       0 |     567 |           574 |     31604
   201000 |     +0.2% |       0 |     567 |           574 |     30604
   202000 |     +0.2% |       0 |     567 |           574 |     29604
   203000 |     +0.2% |       0 |     567 |           574 |     28604
   204000 |     +0.2% |       0 |     567 |           574 |     27604
   205000 |     +0.2% |       0 |     567 |           574 |     26604
   206000 |     +0.2% |       0 |     567 |           574 |     25604
   207000 |     +0.2% |       0 |     567 |           574 |     24604
   208000 |     +0.2% |       0 |     567 |           574 |     23604
   209000 |     +0.2% |       0 |     567 |           574 |     22604
   210000 |     +0.2% |       0 |     567 |           574 |     21604
   211000 |     +0.2% |       0 |     567 |           574 |     20604
   212000 |     +0.2% |       0 |     567 |           574 |     19604
   213000 |     +0.2% |       0 |     567 |           574 |     18604
   214000 |     +0.2% |       0 |     567 |           574 |     17604
   215000 |     +0.2% |       0 |     567 |           574 |     16604
   216000 |     +0.2% |       0 |     568 |           575 |     15604
   217000 |     +0.2% |       0 |     568 |           575 |     14604
   218000 |     +0.2% |       0 |     568 |           575 |     13604
   219000 |     +0.2% |       0 |     568 |           575 |     12604
   220000 |     +0.2% |       0 |     568 |           575 |     11604
   221000 |     +0.2% |       0 |     568 |           575 |     10604
   222000 |     +0.2% |       0 |     568 |           575 |      9604
   223000 |     +0.2% |       0 |     568 |           575 |      8604
   224000 |     +0.2% |       0 |     568 |           575 |      7604
   225000 |     +0.2% |       0 |     568 |           575 |      6604
   226000 |     +0.2% |       0 |     568 |           575 |      5604
   227000 |     +0.2% |       0 |     568 |           575 |      4604
   228000 |     +0.2% |       0 |     568 |           575 |      3604
   229000 |     +0.2% |       0 |     568 |           575 |      2604
   230000 |     +0.2% |       0 |     568 |           575 |      1604
   231000 |     +0.2% |       0 |     568 |           575 |       604
    final |     +0.2% |       0 |     568 |           575 |         0
---------------------------------------------------------------------
[INFO RSZ-0034] Found 46 slew violations.
[INFO RSZ-0036] Found 567 capacitance violations.
[INFO RSZ-0038] Inserted 568 buffers in 575 nets.
[INFO RSZ-0504] Runtime: 18.06s
Took 18 seconds: repair_design -verbose
Floating nets: 
Report metrics stage 3, resizer...

==========================================================================
resizer report_design_area
--------------------------------------------------------------------------
Design area 628779 um^2 37% utilization.
Instance count before 208635, after 209203
Pin count before 675938, after 677074
write_db /tmp/workspace/scripts-Private_test-fr_cugr_cmp-2-/results/nangate45/bp/base/3_4_place_resized.odb
Elapsed time: 1:25.95[h:]min:sec. CPU time: user 125.05 sys 76.99 (235%). Peak memory: 1169848KB.
Log                       Ext     Elapsed/s Peak Memory/MB sha1sum result [0:20)
3_4_place_resized         .odb           85           1142 b51a2cd52f40fe1ee8ef
