OpenROAD 26Q3-1464-gb22abfea20 
Features included (+) or not (-): +GPU +GUI +Python
This program is licensed under the BSD-3 license. See the LICENSE file for details.
Components of this program may be licensed under more restrictive licenses which must be honored.
[INFO ORD-0030] Using 32 thread(s).
source ./platforms/asap7/liberty_suppressions.tcl
read_liberty ./platforms/asap7/lib/NLDM/asap7sc7p5t_AO_RVT_FF_nldm_211120.lib.gz
read_liberty ./platforms/asap7/lib/NLDM/asap7sc7p5t_INVBUF_RVT_FF_nldm_220122.lib.gz
read_liberty ./platforms/asap7/lib/NLDM/asap7sc7p5t_OA_RVT_FF_nldm_211120.lib.gz
read_liberty ./platforms/asap7/lib/NLDM/asap7sc7p5t_SIMPLE_RVT_FF_nldm_211120.lib.gz
read_liberty ./platforms/asap7/lib/NLDM/asap7sc7p5t_SEQ_RVT_FF_nldm_220123.lib
read_liberty ./platforms/asap7/lib/NLDM/fakeram7_256x32.lib
read_db -hier /tmp/workspace/scripts-Private_test-fr_cugr_cmp-1-/results/asap7/riscv32i/base/6_1_fill.odb
[WARNING ORD-0012] Hierarchical flow (-hier) is currently in development and may cause multiple issues. Do not use in production environments.
read_sdc /tmp/workspace/scripts-Private_test-fr_cugr_cmp-1-/results/asap7/riscv32i/base/6_1_fill.sdc
source ./platforms/asap7/setRC.tcl
[WARNING STA-0450] virtual clock vclk_clk can not be propagated.
write_db /tmp/workspace/scripts-Private_test-fr_cugr_cmp-1-/results/asap7/riscv32i/base/6_final.odb
write_sdc -no_timestamp /tmp/workspace/scripts-Private_test-fr_cugr_cmp-1-/results/asap7/riscv32i/base/6_final.sdc
Deleted 0 routing obstructions
[INFO RCX-0431] Defined process_corner X with ext_model_index 0
[INFO RCX-0029] Defined extraction corner X
[WARNING RCX-0514] The ext_model_file option is deprecated. Use set_extraction_rules_file command instead.
[INFO RCX-0435] Reading extraction model file ./platforms/asap7/rcx_patterns.rules ...
[INFO RCX-0436] RC segment generation riscv_top (max_merge_res 50.0) ...
[INFO RCX-0040] Final 83495 rc segments
[INFO RCX-0439] Coupling Cap extraction riscv_top ...
[INFO RCX-0440] Coupling threshhold is 0.1000 fF, coupling capacitance less than 0.1000 fF will be grounded.
[INFO RCX-0442] 42% of 93644 wires extracted
[INFO RCX-0442] 55% of 93644 wires extracted
[INFO RCX-0442] 69% of 93644 wires extracted
[INFO RCX-0442] 100% of 93644 wires extracted
[INFO RCX-0045] Extract 10280 nets, 93734 rsegs, 93734 caps, 138708 ccs
[INFO RCX-0443] 10280 nets finished
[INFO PSM-0040] All shapes on net VDD are connected.
########## IR report #################
Net              : VDD
Corner           : default
Total power      : 3.18e-02 W
Supply voltage   : 7.70e-01 V
Worstcase voltage: 7.61e-01 V
Average voltage  : 7.68e-01 V
Average IR drop  : 1.88e-03 V
Worstcase IR drop: 9.07e-03 V
Percentage drop  : 1.18 %
######################################
[INFO PSM-0040] All shapes on net VSS are connected.
########## IR report #################
Net              : VSS
Corner           : default
Total power      : 3.18e-02 W
Supply voltage   : 0.00e+00 V
Worstcase voltage: 9.92e-03 V
Average voltage  : 1.88e-03 V
Average IR drop  : 1.88e-03 V
Worstcase IR drop: 9.92e-03 V
Percentage drop  : 1.29 %
######################################
Cell type report:                       Count       Area
  Macro                                     4    1404.48
  Fill cell                              9875     612.62
  Tap cell                                538      15.69
  Tie cell                                 69       3.02
  Clock buffer                            132      54.30
  Timing Repair Buffer                   1012     106.70
  Inverter                                335      15.25
  Clock inverter                            4       1.50
  Sequential cell                        1056     310.73
  Multi-Input combinational cell         7322     754.33
  Total                                 20347    3278.61
Report metrics stage 6, finish...

==========================================================================
finish report_design_area
--------------------------------------------------------------------------
Design area 2666 um^2 67% utilization.
[WARNING GUI-0076] QStandardPaths: XDG_RUNTIME_DIR not set, defaulting to '/tmp/runtime-root'
Elapsed time: 0:09.40[h:]min:sec. CPU time: user 15.88 sys 4.37 (215%). Peak memory: 567956KB.
Log                       Ext     Elapsed/s Peak Memory/MB sha1sum result [0:20)
6_report                                  9            554                  N/A
