OpenROAD 26Q3-1464-gb22abfea20 
Features included (+) or not (-): +GPU +GUI +Python
This program is licensed under the BSD-3 license. See the LICENSE file for details.
Components of this program may be licensed under more restrictive licenses which must be honored.
[INFO ORD-0030] Using 30 thread(s).
read_liberty ./platforms/nangate45/lib/NangateOpenCellLibrary_typical.lib
read_db /tmp/workspace/scripts-Private_test-fr_cugr_cmp-2-/results/nangate45/ibex/base/2_floorplan.odb
read_sdc /tmp/workspace/scripts-Private_test-fr_cugr_cmp-2-/results/nangate45/ibex/base/2_floorplan.sdc
source ./platforms/nangate45/setRC.tcl
[INFO GPL-0022] Initialize gpl and calculate uniform density.
Placement density is 0.6500000095367432, computed from PLACE_DENSITY_LB_ADDON  0.20 and lower bound 0.550000011920929
global_placement -skip_io -density 0.6500000095367432 -pad_left 0 -pad_right 0
[INFO GPL-0001] ---- Initialize GPL Main Data Structures
[INFO GPL-0002] DBU: 2000
[INFO GPL-0003] SiteSize: (  0.190  1.400 ) um
[INFO GPL-0004] CoreBBox: (  1.140  1.400 ) ( 238.260 238.000 ) um
[INFO GPL-0016] Core area:                   56102.592 um^2
[INFO GPL-0036] Movable instances area:      28209.566 um^2
[INFO GPL-0037] Total instances area:        28322.084 um^2
[INFO GPL-0035] Pin density area adjust:      2117.739 um^2
[INFO GPL-0032] ---- Initialize Region: Top-level
[INFO GPL-0006] Number of instances:             14852
[INFO GPL-0007] Movable instances:               14429
[INFO GPL-0008] Fixed instances:                   423
[INFO GPL-0009] Dummy instances:                     0
[INFO GPL-0010] Number of nets:                  17090
[INFO GPL-0011] Number of pins:                  55764
[INFO GPL-0012] Die BBox:       (  0.000  0.000 ) ( 239.280 239.280 ) um
[INFO GPL-0013] Placement BBox: (  1.140  1.400 ) ( 238.260 238.000 ) um
[INFO GPL-0014] Region name: top-level.
[INFO GPL-0015] Region area:                 56102.592 um^2
[INFO GPL-0017] Fixed instances area:          112.518 um^2
[INFO GPL-0018] Movable instances area:      30327.305 um^2
[INFO GPL-0019] Utilization:                    54.166 %
[INFO GPL-0020] Standard cells area:         30327.305 um^2
[INFO GPL-0021] Large instances area:            0.000 um^2
[INFO GPL-0005] ---- Execute Conjugate Gradient Initial Placement.
[INFO GPL-0051] Source of initial instance position counters:
	Odb location = 0	Core center = 14429	Region center = 0
[INFO GPL-0033] ---- Initialize Nesterov Region: Top-level
[INFO GPL-0023] Placement target density:       0.6500
[INFO GPL-0024] Movable insts average area:      2.102 um^2
[INFO GPL-0025] Ideal bin area:                  3.234 um^2
[INFO GPL-0026] Ideal bin count:                 17349
[INFO GPL-0027] Total bin area:              56102.592 um^2
[INFO GPL-0028] Bin count (X, Y):         128 ,    128
[INFO GPL-0029] Bin size (W * H):       1.853 *  1.848 um
[INFO GPL-0030] Number of bins:                  16384
[INFO GPL-0084] ---- Execute Nesterov Global Placement.
[INFO GPL-0031] HPWL: Half-Perimeter Wirelength
Iteration | Overflow |     HPWL (um) |  HPWL(%) |   Penalty | Group
---------------------------------------------------------------
        0 |   0.9992 |  1.567811e+04 |   +0.00% |  6.04e-16 |      
       10 |   0.9991 |  1.259577e+04 |  -19.66% |  9.83e-16 |      
       20 |   0.9990 |  1.255159e+04 |   -0.35% |  1.60e-15 |      
       30 |   0.9989 |  1.253143e+04 |   -0.16% |  2.61e-15 |      
       40 |   0.9989 |  1.250928e+04 |   -0.18% |  4.25e-15 |      
       50 |   0.9989 |  1.249122e+04 |   -0.14% |  6.92e-15 |      
       60 |   0.9989 |  1.248045e+04 |   -0.09% |  1.13e-14 |      
       70 |   0.9989 |  1.247824e+04 |   -0.02% |  1.84e-14 |      
       80 |   0.9989 |  1.248214e+04 |   +0.03% |  2.99e-14 |      
       90 |   0.9988 |  1.250234e+04 |   +0.16% |  4.87e-14 |      
      100 |   0.9986 |  1.258688e+04 |   +0.68% |  7.94e-14 |      
      110 |   0.9983 |  1.282489e+04 |   +1.89% |  1.29e-13 |      
      120 |   0.9978 |  1.339657e+04 |   +4.46% |  2.11e-13 |      
      130 |   0.9972 |  1.446890e+04 |   +8.00% |  3.43e-13 |      
      140 |   0.9960 |  1.633710e+04 |  +12.91% |  5.58e-13 |      
      150 |   0.9938 |  1.953010e+04 |  +19.54% |  9.09e-13 |      
      160 |   0.9905 |  2.430348e+04 |  +24.44% |  1.48e-12 |      
      170 |   0.9858 |  2.998581e+04 |  +23.38% |  2.41e-12 |      
      180 |   0.9800 |  3.623772e+04 |  +20.85% |  3.91e-12 |      
      190 |   0.9711 |  4.334877e+04 |  +19.62% |  6.37e-12 |      
      200 |   0.9601 |  5.204248e+04 |  +20.06% |  1.03e-11 |      
      210 |   0.9450 |  6.219753e+04 |  +19.51% |  1.68e-11 |      
      220 |   0.9258 |  7.361881e+04 |  +18.36% |  2.73e-11 |      
      230 |   0.9021 |  8.583064e+04 |  +16.59% |  4.44e-11 |      
      240 |   0.8748 |  9.835024e+04 |  +14.59% |  7.21e-11 |      
      250 |   0.8437 |  1.109800e+05 |  +12.84% |  1.17e-10 |      
      260 |   0.8099 |  1.228535e+05 |  +10.70% |  1.90e-10 |      
      270 |   0.7711 |  1.349196e+05 |   +9.82% |  3.09e-10 |      
      280 |   0.7309 |  1.462381e+05 |   +8.39% |  5.02e-10 |      
      290 |   0.6872 |  1.557328e+05 |   +6.49% |  8.17e-10 |      
      300 |   0.6413 |  1.639606e+05 |   +5.28% |  1.33e-09 |      
      310 |   0.5946 |  1.716295e+05 |   +4.68% |  2.16e-09 |      
      320 |   0.5456 |  1.775217e+05 |   +3.43% |  3.51e-09 |      
      330 |   0.4971 |  1.819132e+05 |   +2.47% |  5.72e-09 |      
      340 |   0.4525 |  1.868658e+05 |   +2.72% |  9.30e-09 |      
      350 |   0.4092 |  1.899686e+05 |   +1.66% |  1.51e-08 |      
      360 |   0.3625 |  1.920339e+05 |   +1.09% |  2.46e-08 |      
      370 |   0.3246 |  1.941225e+05 |   +1.09% |  3.78e-08 |      
      380 |   0.2899 |  1.951986e+05 |   +0.55% |  5.57e-08 |      
      390 |   0.2571 |  1.962734e+05 |   +0.55% |  8.20e-08 |      
      400 |   0.2256 |  1.970593e+05 |   +0.40% |  1.21e-07 |      
      410 |   0.1974 |  1.977067e+05 |   +0.33% |  1.78e-07 |      
      420 |   0.1704 |  1.982545e+05 |   +0.28% |  2.62e-07 |      
      430 |   0.1466 |  1.986362e+05 |   +0.19% |  3.86e-07 |      
      440 |   0.1272 |  1.990919e+05 |   +0.23% |  5.68e-07 |      
      450 |   0.1106 |  1.994703e+05 |   +0.19% |  8.37e-07 |      
      457 |   0.0990 |  1.997655e+05 |          |  1.14e-06 |      
---------------------------------------------------------------
[INFO GPL-1001] Global placement finished at iteration 457
[INFO GPL-1002] Placed Cell Area            30327.3049
[INFO GPL-1003] Available Free Area         55990.0740
[INFO GPL-1004] Minimum Feasible Density        0.5500 (cell_area / free_area)
[INFO GPL-1006]   Suggested Target Densities:
[INFO GPL-1007]     - For 90% usage of free space: 0.6018
[INFO GPL-1008]     - For 80% usage of free space: 0.6771
[INFO GPL-1014] Final placement area: 30327.30 (+0.00%)
Design area 28322 um^2 50% utilization.
write_db /tmp/workspace/scripts-Private_test-fr_cugr_cmp-2-/results/nangate45/ibex/base/3_1_place_gp_skip_io.odb
Elapsed time: 0:03.21[h:]min:sec. CPU time: user 82.93 sys 0.14 (2586%). Peak memory: 164780KB.
Log                       Ext     Elapsed/s Peak Memory/MB sha1sum result [0:20)
3_1_place_gp_skip_io      .odb            3            160 35355d100343f0e04b6a
