OpenROAD 26Q3-1464-gb22abfea20 
Features included (+) or not (-): +GPU +GUI +Python
This program is licensed under the BSD-3 license. See the LICENSE file for details.
Components of this program may be licensed under more restrictive licenses which must be honored.
[INFO ORD-0030] Using 30 thread(s).
source ./platforms/asap7/liberty_suppressions.tcl
read_liberty ./platforms/asap7/lib/NLDM/asap7sc7p5t_AO_RVT_TT_nldm_211120.lib.gz
read_liberty ./platforms/asap7/lib/NLDM/asap7sc7p5t_INVBUF_RVT_TT_nldm_220122.lib.gz
read_liberty ./platforms/asap7/lib/NLDM/asap7sc7p5t_OA_RVT_TT_nldm_211120.lib.gz
read_liberty ./platforms/asap7/lib/NLDM/asap7sc7p5t_SEQ_RVT_TT_nldm_220123.lib
read_liberty ./platforms/asap7/lib/NLDM/asap7sc7p5t_SIMPLE_RVT_TT_nldm_211120.lib.gz
read_db /tmp/workspace/scripts-Private_test-fr_cugr_cmp-1-/results/asap7/uart/base/6_1_fill.odb
read_sdc /tmp/workspace/scripts-Private_test-fr_cugr_cmp-1-/results/asap7/uart/base/6_1_fill.sdc
source ./platforms/asap7/setRC.tcl
[WARNING STA-0450] virtual clock vclk_clk can not be propagated.
write_db /tmp/workspace/scripts-Private_test-fr_cugr_cmp-1-/results/asap7/uart/base/6_final.odb
write_sdc -no_timestamp /tmp/workspace/scripts-Private_test-fr_cugr_cmp-1-/results/asap7/uart/base/6_final.sdc
Deleted 0 routing obstructions
[INFO RCX-0431] Defined process_corner X with ext_model_index 0
[INFO RCX-0029] Defined extraction corner X
[WARNING RCX-0514] The ext_model_file option is deprecated. Use set_extraction_rules_file command instead.
[INFO RCX-0435] Reading extraction model file ./platforms/asap7/rcx_patterns.rules ...
[INFO RCX-0436] RC segment generation uart (max_merge_res 50.0) ...
[INFO RCX-0040] Final 4924 rc segments
[INFO RCX-0439] Coupling Cap extraction uart ...
[INFO RCX-0440] Coupling threshhold is 0.1000 fF, coupling capacitance less than 0.1000 fF will be grounded.
[INFO RCX-0442] 56% of 5533 wires extracted
[INFO RCX-0442] 100% of 5533 wires extracted
[INFO RCX-0045] Extract 837 nets, 5756 rsegs, 5756 caps, 5983 ccs
[INFO RCX-0443] 837 nets finished
[INFO PSM-0040] All shapes on net VDD are connected.
########## IR report #################
Net              : VDD
Corner           : default
Total power      : 2.48e-03 W
Supply voltage   : 7.00e-01 V
Worstcase voltage: 6.93e-01 V
Average voltage  : 6.98e-01 V
Average IR drop  : 2.39e-03 V
Worstcase IR drop: 6.82e-03 V
Percentage drop  : 0.97 %
######################################
[INFO PSM-0040] All shapes on net VSS are connected.
########## IR report #################
Net              : VSS
Corner           : default
Total power      : 2.48e-03 W
Supply voltage   : 0.00e+00 V
Worstcase voltage: 7.50e-03 V
Average voltage  : 2.45e-03 V
Average IR drop  : 2.45e-03 V
Worstcase IR drop: 7.50e-03 V
Percentage drop  : 1.07 %
######################################
Cell type report:                       Count       Area
  Fill cell                              1054     117.69
  Tap cell                                110       3.21
  Clock buffer                             13       1.75
  Timing Repair Buffer                    208      21.32
  Inverter                                 54       2.55
  Clock inverter                            3       0.25
  Sequential cell                          79      23.04
  Multi-Input combinational cell          448      51.53
  Total                                  1969     221.32
Report metrics stage 6, finish...

==========================================================================
finish report_design_area
--------------------------------------------------------------------------
Design area 104 um^2 47% utilization.
[WARNING GUI-0076] QStandardPaths: XDG_RUNTIME_DIR not set, defaulting to '/tmp/runtime-root'
Elapsed time: 0:03.15[h:]min:sec. CPU time: user 3.34 sys 0.43 (119%). Peak memory: 277708KB.
Log                       Ext     Elapsed/s Peak Memory/MB sha1sum result [0:20)
6_report                                  3            271                  N/A
