OpenROAD 26Q3-1464-gb22abfea20 
Features included (+) or not (-): +GPU +GUI +Python
This program is licensed under the BSD-3 license. See the LICENSE file for details.
Components of this program may be licensed under more restrictive licenses which must be honored.
[INFO ORD-0030] Using 30 thread(s).
read_liberty /OpenROAD-flow-scripts/flow/platforms/gf180/lib/gf180mcu_fd_sc_mcu9t5v0__ff_n40C_5v50.lib.gz
[INFO ODB-0388] unsupported LEF58_EOLENCLOSURE property for layer Via1 :"
  	EOLENCLOSURE 0.34 0.06 ;"
[INFO ODB-0388] unsupported LEF58_EOLENCLOSURE property for layer Via2 :" EOLENCLOSURE 0.34 0.06 ; "
[INFO ODB-0388] unsupported LEF58_EOLENCLOSURE property for layer Via3 :" EOLENCLOSURE 0.34 0.06 ; "
[INFO ODB-0388] unsupported LEF58_EOLENCLOSURE property for layer Via4 :" EOLENCLOSURE 0.34 0.06 ; "
[INFO ODB-0227] LEF file: ./platforms/gf180/lef/gf180mcu_5LM_1TM_9K_9t_tech.lef, created 13 layers, 60 vias
[INFO ODB-0227] LEF file: ./platforms/gf180/lef/gf180mcu_5LM_1TM_9K_9t_sc.lef, created 229 library cells
link_design -hier riscv
[WARNING ORD-0011] Hierarchical flow (-hier) is currently in development and may cause multiple issues. Do not use in production environments.
read_sdc /tmp/workspace/scripts-Private_test-fr_cugr_cmp-2-/results/gf180/riscv32i/base/1_2_yosys.sdc
source ./platforms/gf180/setRC.tcl
eliminate_dead_logic
Removed 0 unused instances and 0 unused nets.
Design area 301650 um^2 100% utilization.
write_db /tmp/workspace/scripts-Private_test-fr_cugr_cmp-2-/results/gf180/riscv32i/base/1_synth.odb
write_sdc -no_timestamp /tmp/workspace/scripts-Private_test-fr_cugr_cmp-2-/results/gf180/riscv32i/base/1_synth.sdc
Elapsed time: 0:00.78[h:]min:sec. CPU time: user 0.72 sys 0.07 (100%). Peak memory: 152236KB.
Log                       Ext     Elapsed/s Peak Memory/MB sha1sum result [0:20)
1_synth                   .odb            0            148 7057cbb7b40acf252627
1_synth                   .sdc                             f3bf968e420157023587
