OpenROAD 26Q3-1464-gb22abfea20 
Features included (+) or not (-): +GPU +GUI +Python
This program is licensed under the BSD-3 license. See the LICENSE file for details.
Components of this program may be licensed under more restrictive licenses which must be honored.
[INFO ORD-0030] Using 30 thread(s).
read_liberty /OpenROAD-flow-scripts/flow/platforms/gf180/lib/gf180mcu_fd_sc_mcu9t5v0__ff_n40C_5v50.lib.gz
read_db -hier /tmp/workspace/scripts-Private_test-fr_cugr_cmp-2-/results/gf180/riscv32i/base/2_floorplan.odb
[WARNING ORD-0012] Hierarchical flow (-hier) is currently in development and may cause multiple issues. Do not use in production environments.
read_sdc /tmp/workspace/scripts-Private_test-fr_cugr_cmp-2-/results/gf180/riscv32i/base/2_floorplan.sdc
source ./platforms/gf180/setRC.tcl
[INFO GPL-0022] Initialize gpl and calculate uniform density.
Placement density is 0.7219999885559082, computed from PLACE_DENSITY_LB_ADDON  0.2 and lower bound 0.6399999856948853
global_placement -skip_io -density 0.7219999885559082 -pad_left 0 -pad_right 0
[INFO GPL-0001] ---- Initialize GPL Main Data Structures
[INFO GPL-0002] DBU: 2000
[INFO GPL-0003] SiteSize: (  0.560  5.040 ) um
[INFO GPL-0004] CoreBBox: (  1.120  5.040 ) ( 741.440 740.880 ) um
[INFO GPL-0016] Core area:                  544757.069 um^2
[INFO GPL-0036] Movable instances area:     308632.262 um^2
[INFO GPL-0037] Total instances area:       311556.269 um^2
[INFO GPL-0035] Pin density area adjust:     35704.481 um^2
[INFO GPL-0032] ---- Initialize Region: Top-level
[INFO GPL-0006] Number of instances:              6732
[INFO GPL-0007] Movable instances:                6214
[INFO GPL-0008] Fixed instances:                   518
[INFO GPL-0009] Dummy instances:                     0
[INFO GPL-0010] Number of nets:                   6432
[INFO GPL-0011] Number of pins:                  23861
[INFO GPL-0012] Die BBox:       (  0.000  0.000 ) ( 742.575 742.575 ) um
[INFO GPL-0013] Placement BBox: (  1.120  5.040 ) ( 741.440 740.880 ) um
[INFO GPL-0014] Region name: top-level.
[INFO GPL-0015] Region area:                544757.069 um^2
[INFO GPL-0017] Fixed instances area:         2924.006 um^2
[INFO GPL-0018] Movable instances area:     344336.743 um^2
[INFO GPL-0019] Utilization:                    63.550 %
[INFO GPL-0020] Standard cells area:        344336.743 um^2
[INFO GPL-0021] Large instances area:            0.000 um^2
[INFO GPL-0005] ---- Execute Conjugate Gradient Initial Placement.
[INFO GPL-0051] Source of initial instance position counters:
	Odb location = 0	Core center = 6214	Region center = 0
[INFO GPL-0033] ---- Initialize Nesterov Region: Top-level
[INFO GPL-0023] Placement target density:       0.7220
[INFO GPL-0024] Movable insts average area:     55.413 um^2
[INFO GPL-0025] Ideal bin area:                 76.749 um^2
[INFO GPL-0026] Ideal bin count:                  7097
[INFO GPL-0027] Total bin area:             544757.069 um^2
[INFO GPL-0028] Bin count (X, Y):          64 ,     64
[INFO GPL-0029] Bin size (W * H):      11.568 * 11.498 um
[INFO GPL-0030] Number of bins:                   4096
[INFO GPL-0084] ---- Execute Nesterov Global Placement.
[INFO GPL-0031] HPWL: Half-Perimeter Wirelength
Iteration | Overflow |     HPWL (um) |  HPWL(%) |   Penalty | Group
---------------------------------------------------------------
        0 |   0.9988 |  2.929866e+04 |   +0.00% |  2.32e-16 |      
       10 |   0.9977 |  2.326789e+04 |  -20.58% |  3.78e-16 |      
       20 |   0.9977 |  2.317243e+04 |   -0.41% |  6.16e-16 |      
       30 |   0.9977 |  2.313013e+04 |   -0.18% |  1.00e-15 |      
       40 |   0.9977 |  2.312804e+04 |   -0.01% |  1.63e-15 |      
       50 |   0.9977 |  2.312867e+04 |   +0.00% |  2.66e-15 |      
       60 |   0.9977 |  2.313994e+04 |   +0.05% |  4.33e-15 |      
       70 |   0.9976 |  2.317672e+04 |   +0.16% |  7.06e-15 |      
       80 |   0.9976 |  2.327604e+04 |   +0.43% |  1.15e-14 |      
       90 |   0.9974 |  2.361292e+04 |   +1.45% |  1.87e-14 |      
      100 |   0.9961 |  2.484910e+04 |   +5.24% |  3.05e-14 |      
      110 |   0.9940 |  2.906491e+04 |  +16.97% |  4.96e-14 |      
      120 |   0.9913 |  3.658092e+04 |  +25.86% |  8.07e-14 |      
      130 |   0.9847 |  4.597868e+04 |  +25.69% |  1.31e-13 |      
      140 |   0.9738 |  5.539695e+04 |  +20.48% |  2.13e-13 |      
      150 |   0.9658 |  6.302428e+04 |  +13.77% |  3.47e-13 |      
      160 |   0.9572 |  7.165179e+04 |  +13.69% |  5.64e-13 |      
      170 |   0.9406 |  8.494612e+04 |  +18.55% |  9.16e-13 |      
      180 |   0.9150 |  1.011892e+05 |  +19.12% |  1.49e-12 |      
      190 |   0.8903 |  1.170745e+05 |  +15.70% |  2.41e-12 |      
      200 |   0.8605 |  1.332964e+05 |  +13.86% |  3.92e-12 |      
      210 |   0.8247 |  1.490230e+05 |  +11.80% |  6.36e-12 |      
      220 |   0.7884 |  1.633967e+05 |   +9.65% |  1.03e-11 |      
      230 |   0.7476 |  1.779870e+05 |   +8.93% |  1.68e-11 |      
      240 |   0.7034 |  1.929283e+05 |   +8.39% |  2.72e-11 |      
      250 |   0.6558 |  2.081061e+05 |   +7.87% |  4.42e-11 |      
      260 |   0.6105 |  2.217070e+05 |   +6.54% |  7.18e-11 |      
      270 |   0.5664 |  2.339406e+05 |   +5.52% |  1.17e-10 |      
      280 |   0.5224 |  2.438224e+05 |   +4.22% |  1.90e-10 |      
      290 |   0.4794 |  2.516475e+05 |   +3.21% |  3.08e-10 |      
      300 |   0.4335 |  2.575088e+05 |   +2.33% |  5.01e-10 |      
      310 |   0.3852 |  2.626725e+05 |   +2.01% |  8.16e-10 |      
      320 |   0.3385 |  2.658842e+05 |   +1.22% |  1.30e-09 |      
      330 |   0.3047 |  2.678660e+05 |   +0.75% |  1.92e-09 |      
      340 |   0.2716 |  2.698298e+05 |   +0.73% |  2.82e-09 |      
      350 |   0.2369 |  2.715405e+05 |   +0.63% |  4.16e-09 |      
      360 |   0.2079 |  2.730119e+05 |   +0.54% |  6.12e-09 |      
      370 |   0.1815 |  2.741425e+05 |   +0.41% |  9.01e-09 |      
      380 |   0.1557 |  2.750383e+05 |   +0.33% |  1.33e-08 |      
      390 |   0.1324 |  2.759957e+05 |   +0.35% |  1.96e-08 |      
      400 |   0.1120 |  2.768144e+05 |   +0.30% |  2.88e-08 |      
      406 |   0.0997 |  2.773300e+05 |          |  3.78e-08 |      
---------------------------------------------------------------
[INFO GPL-1001] Global placement finished at iteration 406
[INFO GPL-1002] Placed Cell Area            344336.7429
[INFO GPL-1003] Available Free Area         541833.0624
[INFO GPL-1004] Minimum Feasible Density        0.6400 (cell_area / free_area)
[INFO GPL-1006]   Suggested Target Densities:
[INFO GPL-1007]     - For 90% usage of free space: 0.7061
[INFO GPL-1008]     - For 80% usage of free space: 0.7944
[INFO GPL-1014] Final placement area: 344336.74 (+0.00%)
Design area 313205 um^2 57% utilization.
write_db /tmp/workspace/scripts-Private_test-fr_cugr_cmp-2-/results/gf180/riscv32i/base/3_1_place_gp_skip_io.odb
Elapsed time: 0:01.99[h:]min:sec. CPU time: user 36.61 sys 0.09 (1841%). Peak memory: 168952KB.
Log                       Ext     Elapsed/s Peak Memory/MB sha1sum result [0:20)
3_1_place_gp_skip_io      .odb            1            164 81480220c3179df6b203
