Yosys 0.68+post (git sha1 UNKNOWN, Release, GNU /usr/local/bin/wrapped-cc/g++ 11.4.0)
Using ABC speed script.
Extracting clock period from SDC file: /tmp/workspace/scripts-Private_test-fr_cugr_cmp-2-/results/ihp-sg13g2/spi/base/clock_period.txt
Setting clock period to 1000
1. Executing Liberty frontend: ./platforms/ihp-sg13g2/lib/sg13g2_stdcell_typ_1p20V_25C.lib
2. Executing Liberty frontend: ./platforms/ihp-sg13g2/lib/sg13g2_stdcell_typ_1p20V_25C.lib
3. Executing Verilog-2005 frontend: /OpenROAD-flow-scripts/flow/designs/src/spi/spi.v
4. Executing Verilog-2005 frontend: ./platforms/ihp-sg13g2/cells_clkgate.v
5. Executing HIERARCHY pass (managing design hierarchy).
6. Executing AST frontend in derive mode using pre-parsed AST for module `\spi'.
6.1. Analyzing design hierarchy..
6.2. Analyzing design hierarchy..
7. Executing OPT_CLEAN pass (remove unused cells and wires).
Warning: Ignoring module spi because it contains processes (run 'proc' command first).
8. Executing RTLIL backend.
Warnings: 1 unique messages, 1 total
End of script. Logfile hash: 3da50cda01, time: 0.05s, user: 0.02s, system: 0.01s, MEM: 30.08 MB peak
Yosys 0.68+post (git sha1 UNKNOWN, Release, GNU /usr/local/bin/wrapped-cc/g++ 11.4.0)
Time spent: 69% 4x read_liberty (0 sec), 7% 1x opt_clean (0 sec), ...
Elapsed time: 0:00.06[h:]min:sec. CPU time: user 0.03 sys 0.02 (99%). Peak memory: 33360KB.
Log                       Ext     Elapsed/s Peak Memory/MB sha1sum result [0:20)
1_1_yosys_canonicalize    .rtlil          0             32 932c3068d46acd0c052f
