OpenROAD 26Q3-1464-gb22abfea20 
Features included (+) or not (-): +GPU +GUI +Python
This program is licensed under the BSD-3 license. See the LICENSE file for details.
Components of this program may be licensed under more restrictive licenses which must be honored.
[INFO ORD-0030] Using 30 thread(s).
read_liberty ./platforms/nangate45/lib/NangateOpenCellLibrary_typical.lib
read_liberty ./platforms/nangate45/lib/fakeram45_64x256.lib
read_liberty ./platforms/nangate45/lib/fakeram45_128x64.lib
read_liberty ./platforms/nangate45/lib/fakeram45_64x28.lib
read_liberty ./platforms/nangate45/lib/fakeram45_64x25.lib
read_db -hier /tmp/workspace/scripts-Private_test-fr_cugr_cmp-2-/results/nangate45/cva6/base/3_3_place_gp.odb
[WARNING ORD-0012] Hierarchical flow (-hier) is currently in development and may cause multiple issues. Do not use in production environments.
read_sdc /tmp/workspace/scripts-Private_test-fr_cugr_cmp-2-/results/nangate45/cva6/base/2_floorplan.sdc
source ./platforms/nangate45/setRC.tcl
estimate_parasitics -placement
Took 6 seconds: estimate_parasitics -placement
replace_arith_modules -path_count 1000 -target setup -slack_threshold 0.0
[INFO RSZ-0151] Starting arithmetic module replacement to optimize 'setup' target
[INFO RSZ-0152] Analyzing 1000 critical paths with slack < 0.00
[INFO RSZ-0153] Identified 0 violating endpoints
[INFO RSZ-0154] Identified 0 critical arithmetic instances
[INFO GPL-0083] Execute incremental mode global placement.
[INFO GPL-0001] ---- Initialize GPL Main Data Structures
[INFO GPL-0002] DBU: 2000
[INFO GPL-0003] SiteSize: (  0.190  1.400 ) um
[INFO GPL-0004] CoreBBox: (  2.090  2.800 ) ( 632.130 631.400 ) um
[INFO GPL-0016] Core area:                  396043.144 um^2
[INFO GPL-0036] Movable instances area:     163564.996 um^2
[INFO GPL-0037] Total instances area:       249076.282 um^2
[INFO GPL-0035] Pin density area adjust:     12161.802 um^2
[INFO GPL-0032] ---- Initialize Region: Top-level
[INFO GPL-0006] Number of instances:            102370
[INFO GPL-0007] Movable instances:               98294
[INFO GPL-0008] Fixed instances:                  2493
[INFO GPL-0009] Dummy instances:                  1583
[INFO GPL-0010] Number of nets:                 112326
[INFO GPL-0011] Number of pins:                 362653
[INFO GPL-0012] Die BBox:       (  0.000  0.000 ) ( 634.275 634.275 ) um
[INFO GPL-0013] Placement BBox: (  2.090  2.800 ) ( 632.130 631.400 ) um
[INFO GPL-0014] Region name: top-level.
[INFO GPL-0015] Region area:                396043.144 um^2
[INFO GPL-0017] Fixed instances area:        94881.402 um^2
[INFO GPL-0018] Movable instances area:     175726.798 um^2
[INFO GPL-0019] Utilization:                    58.350 %
[INFO GPL-0020] Standard cells area:        175726.798 um^2
[INFO GPL-0021] Large instances area:            0.000 um^2
[INFO GPL-0154] Identified 98294 placed instances
[INFO GPL-0155] Identified 0 not placed instances
[INFO GPL-0156] Identified all instances as placed. Skipping incremental mode
Perform buffer insertion and gate resizing...
repair_design -verbose
Iteration |   Area    | Resized | Buffers | Nets repaired | Remaining
---------------------------------------------------------------------
        0 |     +0.0% |       0 |       0 |             0 |    112326
     1000 |     +0.0% |       0 |       0 |             0 |    111326
     2000 |     +0.0% |       0 |       0 |             0 |    110326
     3000 |     +0.0% |       0 |       0 |             0 |    109326
     4000 |     +0.0% |       0 |       0 |             0 |    108326
     5000 |     +0.0% |       0 |       0 |             0 |    107326
     6000 |     +0.0% |       0 |       0 |             0 |    106326
     7000 |     +0.0% |       0 |       0 |             0 |    105326
     8000 |     +0.0% |       0 |       0 |             0 |    104326
     9000 |     +0.0% |       0 |       0 |             0 |    103326
    10000 |     +0.0% |       0 |       0 |             0 |    102326
    11000 |     +0.0% |       0 |       0 |             0 |    101326
    12000 |     +0.0% |       0 |       1 |             1 |    100326
    13000 |     +0.0% |       0 |       1 |             1 |     99326
    14000 |     +0.0% |       0 |       1 |             1 |     98326
    15000 |     +0.0% |       0 |       3 |             3 |     97326
    16000 |     +0.0% |       0 |       6 |             6 |     96326
    17000 |     +0.0% |       0 |      10 |            10 |     95326
    18000 |     +0.0% |       0 |      10 |            10 |     94326
    19000 |     +0.0% |       0 |      31 |            31 |     93326
    20000 |     +0.0% |       0 |      69 |            69 |     92326
    21000 |     +0.1% |       0 |      82 |            82 |     91326
    22000 |     +0.1% |       0 |      83 |            83 |     90326
    23000 |     +0.1% |       0 |      85 |            85 |     89326
    24000 |     +0.1% |       0 |      97 |            97 |     88326
    25000 |     +0.1% |       0 |     105 |           105 |     87326
    26000 |     +0.1% |       0 |     109 |           109 |     86326
    27000 |     +0.1% |       0 |     109 |           109 |     85326
    28000 |     +0.1% |       0 |     109 |           109 |     84326
    29000 |     +0.1% |       0 |     109 |           109 |     83326
    30000 |     +0.1% |       0 |     109 |           109 |     82326
    31000 |     +0.1% |       0 |     109 |           109 |     81326
    32000 |     +0.1% |       0 |     109 |           109 |     80326
    33000 |     +0.1% |       0 |     109 |           109 |     79326
    34000 |     +0.1% |       0 |     109 |           109 |     78326
    35000 |     +0.1% |       0 |     113 |           113 |     77326
    36000 |     +0.1% |       0 |     116 |           116 |     76326
    37000 |     +0.1% |       0 |     117 |           117 |     75326
    38000 |     +0.1% |       0 |     119 |           119 |     74326
    39000 |     +0.1% |       0 |     119 |           119 |     73326
    40000 |     +0.1% |       0 |     135 |           135 |     72326
    41000 |     +0.1% |       0 |     135 |           135 |     71326
    42000 |     +0.1% |       0 |     137 |           137 |     70326
    43000 |     +0.1% |       0 |     137 |           137 |     69326
    44000 |     +0.1% |       0 |     137 |           137 |     68326
    45000 |     +0.1% |       0 |     137 |           137 |     67326
    46000 |     +0.1% |       0 |     139 |           139 |     66326
    47000 |     +0.1% |       0 |     139 |           139 |     65326
    48000 |     +0.1% |       0 |     140 |           140 |     64326
    49000 |     +0.1% |       0 |     140 |           140 |     63326
    50000 |     +0.1% |       0 |     141 |           141 |     62326
    51000 |     +0.1% |       0 |     142 |           142 |     61326
    52000 |     +0.1% |       0 |     142 |           142 |     60326
    53000 |     +0.1% |       0 |     142 |           142 |     59326
    54000 |     +0.1% |       0 |     143 |           143 |     58326
    55000 |     +0.1% |       0 |     146 |           146 |     57326
    56000 |     +0.1% |       0 |     147 |           147 |     56326
    57000 |     +0.1% |       0 |     149 |           149 |     55326
    58000 |     +0.1% |       0 |     154 |           154 |     54326
    59000 |     +0.1% |       0 |     155 |           155 |     53326
    60000 |     +0.1% |       0 |     156 |           156 |     52326
    61000 |     +0.1% |       0 |     156 |           156 |     51326
    62000 |     +0.1% |       0 |     157 |           157 |     50326
    63000 |     +0.1% |       0 |     159 |           159 |     49326
    64000 |     +0.1% |       0 |     163 |           163 |     48326
    65000 |     +0.1% |       0 |     163 |           163 |     47326
    66000 |     +0.1% |       0 |     164 |           164 |     46326
    67000 |     +0.1% |       0 |     165 |           165 |     45326
    68000 |     +0.1% |       0 |     169 |           169 |     44326
    69000 |     +0.1% |       0 |     169 |           169 |     43326
    70000 |     +0.1% |       0 |     170 |           170 |     42326
    71000 |     +0.1% |       0 |     171 |           171 |     41326
    72000 |     +0.1% |       0 |     193 |           193 |     40326
    73000 |     +0.1% |       0 |     193 |           193 |     39326
    74000 |     +0.1% |       0 |     196 |           196 |     38326
    75000 |     +0.1% |       0 |     203 |           203 |     37326
    76000 |     +0.1% |       0 |     208 |           208 |     36326
    77000 |     +0.1% |       0 |     208 |           208 |     35326
    78000 |     +0.1% |       0 |     208 |           208 |     34326
    79000 |     +0.1% |       0 |     212 |           212 |     33326
    80000 |     +0.1% |       0 |     212 |           212 |     32326
    81000 |     +0.1% |       0 |     215 |           215 |     31326
    82000 |     +0.1% |       0 |     220 |           220 |     30326
    83000 |     +0.1% |       0 |     221 |           221 |     29326
    84000 |     +0.1% |       0 |     221 |           221 |     28326
    85000 |     +0.1% |       0 |     221 |           221 |     27326
    86000 |     +0.1% |       0 |     221 |           221 |     26326
    87000 |     +0.1% |       0 |     221 |           221 |     25326
    88000 |     +0.1% |       0 |     221 |           221 |     24326
    89000 |     +0.1% |       0 |     222 |           222 |     23326
    90000 |     +0.1% |       0 |     223 |           223 |     22326
    91000 |     +0.1% |       0 |     223 |           223 |     21326
    92000 |     +0.1% |       0 |     223 |           223 |     20326
    93000 |     +0.1% |       0 |     223 |           223 |     19326
    94000 |     +0.1% |       0 |     223 |           223 |     18326
    95000 |     +0.1% |       0 |     223 |           223 |     17326
    96000 |     +0.1% |       0 |     223 |           223 |     16326
    97000 |     +0.1% |       0 |     223 |           223 |     15326
    98000 |     +0.1% |       0 |     223 |           223 |     14326
    99000 |     +0.1% |       0 |     223 |           223 |     13326
   100000 |     +0.1% |       0 |     223 |           223 |     12326
   101000 |     +0.1% |       0 |     223 |           223 |     11326
   102000 |     +0.1% |       0 |     223 |           223 |     10326
   103000 |     +0.1% |       0 |     223 |           223 |      9326
   104000 |     +0.1% |       0 |     224 |           224 |      8326
   105000 |     +0.1% |       0 |     224 |           224 |      7326
   106000 |     +0.1% |       0 |     224 |           224 |      6326
   107000 |     +0.1% |       0 |     224 |           224 |      5326
   108000 |     +0.1% |       0 |     224 |           224 |      4326
   109000 |     +0.1% |       0 |     224 |           224 |      3326
   110000 |     +0.1% |       0 |     224 |           224 |      2326
   111000 |     +0.1% |       0 |     224 |           224 |      1326
   112000 |     +0.1% |       0 |     224 |           224 |       326
    final |     +0.1% |       0 |     224 |           224 |         0
---------------------------------------------------------------------
[INFO RSZ-0034] Found 1 slew violations.
[INFO RSZ-0036] Found 224 capacitance violations.
[INFO RSZ-0038] Inserted 224 buffers in 224 nets.
[INFO RSZ-0504] Runtime: 8.25s
Took 8 seconds: repair_design -verbose
Floating nets: 
Report metrics stage 3, resizer...

==========================================================================
resizer report_design_area
--------------------------------------------------------------------------
Design area 248481 um^2 63% utilization.
Instance count before 100787, after 101011
Pin count before 361691, after 362139
write_db /tmp/workspace/scripts-Private_test-fr_cugr_cmp-2-/results/nangate45/cva6/base/3_4_place_resized.odb
Elapsed time: 0:50.11[h:]min:sec. CPU time: user 74.99 sys 40.11 (229%). Peak memory: 742540KB.
Log                       Ext     Elapsed/s Peak Memory/MB sha1sum result [0:20)
3_4_place_resized         .odb           50            725 036761e3d59b393ac5ad
