OpenROAD 26Q3-1464-gb22abfea20 
Features included (+) or not (-): +GPU +GUI +Python
This program is licensed under the BSD-3 license. See the LICENSE file for details.
Components of this program may be licensed under more restrictive licenses which must be honored.
[INFO ORD-0030] Using 30 thread(s).
read_liberty ./platforms/nangate45/lib/NangateOpenCellLibrary_typical.lib
read_liberty ./platforms/nangate45/lib/fakeram45_512x64.lib
read_liberty ./platforms/nangate45/lib/fakeram45_64x7.lib
read_liberty ./platforms/nangate45/lib/fakeram45_64x96.lib
read_db /tmp/workspace/scripts-Private_test-fr_cugr_cmp-1-/results/nangate45/bp_fe/base/3_3_place_gp.odb
read_sdc /tmp/workspace/scripts-Private_test-fr_cugr_cmp-1-/results/nangate45/bp_fe/base/2_floorplan.sdc
source ./platforms/nangate45/setRC.tcl
estimate_parasitics -placement
Perform buffer insertion and gate resizing...
repair_design -verbose
Iteration |   Area    | Resized | Buffers | Nets repaired | Remaining
---------------------------------------------------------------------
        0 |     +0.0% |       0 |       0 |             0 |     37907
     1000 |     +0.0% |      11 |       8 |            12 |     36907
     2000 |     +0.0% |      18 |      15 |            19 |     35907
     3000 |     +0.0% |      18 |      15 |            19 |     34907
     4000 |     +0.2% |      72 |     158 |           133 |     33907
     5000 |     +0.3% |     100 |     311 |           314 |     32907
     6000 |     +0.4% |     128 |     367 |           383 |     31907
     7000 |     +0.4% |     150 |     397 |           419 |     30907
     8000 |     +0.5% |     226 |     536 |           587 |     29907
     9000 |     +0.6% |     247 |     583 |           637 |     28907
    10000 |     +0.6% |     249 |     615 |           641 |     27907
    11000 |     +0.6% |     261 |     651 |           662 |     26907
    12000 |     +0.7% |     264 |     713 |           725 |     25907
    13000 |     +0.7% |     277 |     723 |           739 |     24907
    14000 |     +0.7% |     291 |     747 |           765 |     23907
    15000 |     +0.8% |     309 |     787 |           814 |     22907
    16000 |     +0.8% |     309 |     789 |           816 |     21907
    17000 |     +0.8% |     320 |     853 |           843 |     20907
    18000 |     +0.8% |     320 |     853 |           843 |     19907
    19000 |     +0.8% |     322 |     874 |           846 |     18907
    20000 |     +0.9% |     325 |     891 |           850 |     17907
    21000 |     +1.1% |     476 |    1118 |          1125 |     16907
    22000 |     +1.2% |     489 |    1215 |          1142 |     15907
    23000 |     +1.3% |     514 |    1333 |          1182 |     14907
    24000 |     +1.3% |     516 |    1335 |          1185 |     13907
    25000 |     +1.5% |     549 |    1494 |          1237 |     12907
    26000 |     +1.5% |     551 |    1510 |          1240 |     11907
    27000 |     +1.5% |     552 |    1516 |          1245 |     10907
    28000 |     +1.5% |     552 |    1516 |          1245 |      9907
    29000 |     +1.5% |     552 |    1516 |          1245 |      8907
    30000 |     +1.5% |     554 |    1534 |          1247 |      7907
    31000 |     +1.5% |     554 |    1534 |          1247 |      6907
    32000 |     +1.5% |     555 |    1550 |          1249 |      5907
    33000 |     +1.5% |     557 |    1565 |          1251 |      4907
    34000 |     +1.6% |     564 |    1598 |          1266 |      3907
    35000 |     +1.6% |     565 |    1609 |          1277 |      2907
    36000 |     +1.6% |     565 |    1609 |          1277 |      1907
    37000 |     +1.6% |     565 |    1609 |          1277 |       907
    final |     +1.6% |     565 |    1609 |          1277 |         0
---------------------------------------------------------------------
[INFO RSZ-0034] Found 696 slew violations.
[INFO RSZ-0036] Found 1066 capacitance violations.
[INFO RSZ-0039] Resized 565 instances.
[INFO RSZ-0038] Inserted 1609 buffers in 1277 nets.
[INFO RSZ-0504] Runtime: 32.37s
Took 32 seconds: repair_design -verbose
Floating nets: 
Report metrics stage 3, resizer...

==========================================================================
resizer report_design_area
--------------------------------------------------------------------------
Design area 216469 um^2 48% utilization.
Instance count before 34502, after 36111
Pin count before 118982, after 122200
write_db /tmp/workspace/scripts-Private_test-fr_cugr_cmp-1-/results/nangate45/bp_fe/base/3_4_place_resized.odb
Elapsed time: 0:44.87[h:]min:sec. CPU time: user 91.63 sys 107.11 (442%). Peak memory: 403132KB.
Log                       Ext     Elapsed/s Peak Memory/MB sha1sum result [0:20)
3_4_place_resized         .odb           44            393 9aac595ff5c0391e8d57
