OpenROAD 26Q3-1464-gb22abfea20 
Features included (+) or not (-): +GPU +GUI +Python
This program is licensed under the BSD-3 license. See the LICENSE file for details.
Components of this program may be licensed under more restrictive licenses which must be honored.
[INFO ORD-0030] Using 32 thread(s).
source ./platforms/asap7/liberty_suppressions.tcl
read_liberty ./platforms/asap7/lib/CCS/asap7sc7p5t_AO_RVT_FF_ccs_211120.lib.gz
read_liberty ./platforms/asap7/lib/CCS/asap7sc7p5t_INVBUF_RVT_FF_ccs_220122.lib.gz
read_liberty ./platforms/asap7/lib/CCS/asap7sc7p5t_OA_RVT_FF_ccs_211120.lib.gz
read_liberty ./platforms/asap7/lib/CCS/asap7sc7p5t_SIMPLE_RVT_FF_ccs_211120.lib.gz
read_liberty ./platforms/asap7/lib/CCS/asap7sc7p5t_SEQ_RVT_FF_ccs_220123.lib
read_db /tmp/workspace/scripts-Private_test-fr_cugr_cmp-1-/results/asap7/gcd-ccs/base/4_cts.odb
read_sdc /tmp/workspace/scripts-Private_test-fr_cugr_cmp-1-/results/asap7/gcd-ccs/base/4_cts.sdc
source ./platforms/asap7/setRC.tcl
Using CCS delay calculation
set_delay_calculator prima
pin_access
[INFO DRT-0149] Reading tech and libs.

Units:                1000
Number of layers:     21
Number of macros:     212
Number of vias:       14
Number of viarulegen: 11

[INFO DRT-0150] Reading design.

Design:                   gcd
Die area:                 ( 0 0 ) ( 9211 9211 )
Number of track patterns: 32
Number of DEF vias:       0
Number of components:     424
Number of terminals:      56
Number of snets:          2
Number of nets:           399

[INFO DRT-0167] List of default vias:
  Layer V2
    default via: VIA23
  Layer V3
    default via: VIA34
  Layer V4
    default via: VIA45
  Layer V5
    default via: VIA56
  Layer V6
    default via: VIA67
  Layer V7
    default via: VIA78
  Layer V8
    default via: VIA89
  Layer V9
    default via: VIA9Pad
[INFO DRT-0162] Library cell analysis.
[INFO DRT-0163] Instance analysis.
[INFO DRT-0164] Number of unique instances = 93.
[INFO DRT-0168] Init region query.
[INFO DRT-0024]   Complete Active.
[INFO DRT-0024]   Complete V0.
[INFO DRT-0024]   Complete M1.
[INFO DRT-0024]   Complete V1.
[INFO DRT-0024]   Complete M2.
[INFO DRT-0024]   Complete V2.
[INFO DRT-0024]   Complete M3.
[INFO DRT-0024]   Complete V3.
[INFO DRT-0024]   Complete M4.
[INFO DRT-0024]   Complete V4.
[INFO DRT-0024]   Complete M5.
[INFO DRT-0024]   Complete V5.
[INFO DRT-0024]   Complete M6.
[INFO DRT-0024]   Complete V6.
[INFO DRT-0024]   Complete M7.
[INFO DRT-0024]   Complete V7.
[INFO DRT-0024]   Complete M8.
[INFO DRT-0024]   Complete V8.
[INFO DRT-0024]   Complete M9.
[INFO DRT-0024]   Complete V9.
[INFO DRT-0024]   Complete Pad.
[INFO DRT-0033] Active shape region query size = 0.
[INFO DRT-0033] V0 shape region query size = 0.
[INFO DRT-0033] M1 shape region query size = 6590.
[INFO DRT-0033] V1 shape region query size = 7312.
[INFO DRT-0033] M2 shape region query size = 226.
[INFO DRT-0033] V2 shape region query size = 186.
[INFO DRT-0033] M3 shape region query size = 186.
[INFO DRT-0033] V3 shape region query size = 124.
[INFO DRT-0033] M4 shape region query size = 149.
[INFO DRT-0033] V4 shape region query size = 124.
[INFO DRT-0033] M5 shape region query size = 103.
[INFO DRT-0033] V5 shape region query size = 16.
[INFO DRT-0033] M6 shape region query size = 16.
[INFO DRT-0033] V6 shape region query size = 0.
[INFO DRT-0033] M7 shape region query size = 0.
[INFO DRT-0033] V7 shape region query size = 0.
[INFO DRT-0033] M8 shape region query size = 0.
[INFO DRT-0033] V8 shape region query size = 0.
[INFO DRT-0033] M9 shape region query size = 0.
[INFO DRT-0033] V9 shape region query size = 0.
[INFO DRT-0033] Pad shape region query size = 0.
[INFO DRT-0165] Start pin access.
[INFO DRT-0078]   Complete 501 pins.
[INFO DRT-0081]   Complete 93 unique inst patterns.
[INFO DRT-0084]   Complete 245 groups.
#scanned instances     = 424
#unique  instances     = 93
#stdCellGenAp          = 2120
#stdCellValidPlanarAp  = 0
#stdCellValidViaAp     = 1714
#stdCellPinNoAp        = 0
#stdCellPinCnt         = 1183
#instTermValidViaApCnt = 0
#macroGenAp            = 0
#macroValidPlanarAp    = 0
#macroValidViaAp       = 0
#macroNoAp             = 0
[INFO DRT-0166] Complete pin access.
[INFO DRT-0267] cpu time = 00:00:06, elapsed time = 00:00:00, memory = 450.09 (MB), peak = 443.99 (MB)
global_route -congestion_report_file /tmp/workspace/scripts-Private_test-fr_cugr_cmp-1-/reports/asap7/gcd-ccs/base/congestion.rpt -congestion_iterations 30 -congestion_report_iter_step 5 -verbose -resistance_aware
[INFO GRT-0020] Min routing layer: M2
[INFO GRT-0021] Max routing layer: M7
[INFO GRT-0022] Global adjustment: 0%
[INFO GRT-0023] Grid origin: (0, 0)
[INFO GRT-0088] Layer M1      Track-Pitch = 0.0360  line-2-Via Pitch: 0.0360
[INFO GRT-0088] Layer M2      Track-Pitch = 0.0390  line-2-Via Pitch: 0.0360
[INFO GRT-0088] Layer M3      Track-Pitch = 0.0360  line-2-Via Pitch: 0.0360
[INFO GRT-0088] Layer M4      Track-Pitch = 0.0480  line-2-Via Pitch: 0.0480
[INFO GRT-0088] Layer M5      Track-Pitch = 0.0480  line-2-Via Pitch: 0.0480
[INFO GRT-0088] Layer M6      Track-Pitch = 0.0640  line-2-Via Pitch: 0.0640
[INFO GRT-0088] Layer M7      Track-Pitch = 0.0640  line-2-Via Pitch: 0.0640
[INFO GRT-0003] Macros: 0
[INFO GRT-0004] Blockages: 102
[INFO GRT-0019] Found 6 clock nets.
[INFO GRT-0001] Minimum degree: 2
[INFO GRT-0002] Maximum degree: 26

[INFO GRT-0053] Routing resources analysis:
          Routing      Original      Derated      Resource
Layer     Direction    Resources     Resources    Reduction (%)
---------------------------------------------------------------
M1         Vertical            0             0          0.00%
M2         Horizontal       3195          2276          28.76%
M3         Vertical         3679          2733          25.71%
M4         Horizontal       2832          2097          25.95%
M5         Vertical         2720          2013          25.99%
M6         Horizontal       1860          1245          33.06%
M7         Vertical         2160          1455          32.64%
---------------------------------------------------------------

[INFO GRT-0197] Via related to pin nodes: 2428
[INFO GRT-0198] Via related Steiner nodes: 48
[INFO GRT-0199] Via filling finished.
[INFO GRT-0111] Final number of vias: 3195
[INFO GRT-0112] Final usage 3D: 10990

[INFO GRT-0096] Final congestion report:
Layer         Resource        Demand        Usage (%)    Max H / Max V / Total Congestion
---------------------------------------------------------------------------------------
M1                   0             0            0.00%             0 /  0 /  0
M2                2276           548           24.08%             0 /  0 /  0
M3                2733           597           21.84%             0 /  0 /  0
M4                2097            42            2.00%             0 /  0 /  0
M5                2013            45            2.24%             0 /  0 /  0
M6                1245           112            9.00%             0 /  0 /  0
M7                1455            61            4.19%             0 /  0 /  0
---------------------------------------------------------------------------------------
Total            11819          1405           11.89%             0 /  0 /  0

[INFO GRT-0018] Total wirelength: 12830 um
[INFO GRT-0014] Routed nets: 399
[INFO GRT-0303] Global routing runtime = 00:00:00
[WARNING STA-0450] virtual clock vclk_core_clock can not be propagated.
estimate_parasitics -global_routing
Perform buffer insertion and gate resizing...
repair_design -verbose
Iteration |   Area    | Resized | Buffers | Nets repaired | Remaining
---------------------------------------------------------------------
        0 |     +0.0% |       0 |       0 |             0 |       400
       10 |     +0.0% |       0 |       0 |             0 |       390
       20 |     +0.0% |       0 |       0 |             0 |       380
       30 |     +0.0% |       0 |       0 |             0 |       370
       40 |     +0.0% |       0 |       0 |             0 |       360
       50 |     +0.0% |       0 |       0 |             0 |       350
       60 |     +0.0% |       0 |       0 |             0 |       340
       70 |     +0.0% |       0 |       0 |             0 |       330
       80 |     +0.0% |       0 |       0 |             0 |       320
       90 |     +0.0% |       0 |       0 |             0 |       310
      100 |     +0.0% |       0 |       0 |             0 |       300
      110 |     +0.0% |       0 |       0 |             0 |       290
      120 |     +0.0% |       0 |       0 |             0 |       280
      130 |     +0.0% |       0 |       0 |             0 |       270
      140 |     +0.0% |       0 |       0 |             0 |       260
      150 |     +0.0% |       0 |       0 |             0 |       250
      160 |     +0.0% |       0 |       0 |             0 |       240
      170 |     +0.0% |       0 |       0 |             0 |       230
      180 |     +0.0% |       0 |       0 |             0 |       220
      190 |     +0.0% |       0 |       0 |             0 |       210
      200 |     +0.0% |       0 |       0 |             0 |       200
      210 |     +0.0% |       0 |       0 |             0 |       190
      220 |     +0.0% |       0 |       0 |             0 |       180
      230 |     +0.0% |       0 |       0 |             0 |       170
      240 |     +0.0% |       0 |       0 |             0 |       160
      250 |     +0.0% |       0 |       0 |             0 |       150
      260 |     +0.0% |       0 |       0 |             0 |       140
      270 |     +0.0% |       0 |       0 |             0 |       130
      280 |     +0.0% |       0 |       0 |             0 |       120
      290 |     +0.0% |       0 |       0 |             0 |       110
      300 |     +0.0% |       0 |       0 |             0 |       100
      310 |     +0.0% |       0 |       0 |             0 |        90
      320 |     +0.0% |       0 |       0 |             0 |        80
      330 |     +0.0% |       0 |       0 |             0 |        70
      340 |     +0.0% |       0 |       0 |             0 |        60
      350 |     +0.0% |       0 |       0 |             0 |        50
      360 |     +0.0% |       0 |       0 |             0 |        40
      370 |     +0.0% |       0 |       0 |             0 |        30
      380 |     +0.0% |       0 |       0 |             0 |        20
      390 |     +0.0% |       0 |       0 |             0 |        10
      400 |     +0.0% |       0 |       0 |             0 |         0
    final |     +0.0% |       0 |       0 |             0 |         0
---------------------------------------------------------------------
[INFO RSZ-0504] Runtime: 0.58s
global_route -start_incremental
detailed_placement
[INFO DPL-0006] Core area: 66.05 um^2
[INFO DPL-0007] Movable instances area: 43.36 um^2
[INFO DPL-0008] Fixed instances area within core: 1.75 um^2
[INFO DPL-0009] Utilization: 68.3%
[INFO DPL-0005] Diamond search max displacement: +/- 500 sites horizontally, +/- 100 rows vertically.
[INFO DPL-1102] Legalizing using negotiation legalizer.
[INFO DPL-1103] Negotiation base search window: +/-20 sites horizontally, +/-5 rows vertically 
	Automatic search window extension enabled.
	Search window extendable up to the max displacement cap of +/-500 sites, +/-100 rows near walls.
[INFO DPL-1104] NegotiationLegalizer DRC penalty: 5.
[INFO DPL-0392] Negotiation cell height distribution (1 unique row-count(s)):
[INFO DPL-0393]   height 1 row(s): 424 cells
[INFO DPL-0500] Runtime: 0.00s
Placement Analysis
---------------------------------
total displacement          0.0 u
average displacement        0.0 u
max displacement            0.0 u
original HPWL             642.4 u
legalized HPWL            642.4 u
delta HPWL                    0 %

global_route -end_incremental -resistance_aware -congestion_report_file /tmp/workspace/scripts-Private_test-fr_cugr_cmp-1-/reports/asap7/gcd-ccs/base/congestion_post_repair_design.rpt
Repair setup and hold violations...
estimate_parasitics -global_routing
repair_timing -setup_margin 0 -hold_margin 0 -repair_tns 100 -skip_last_gasp -verbose
[INFO RSZ-0100] Repair move sequence: UnbufferMove SizeUpMove SwapPinsMove BufferMove CloneMove SplitLoadMove 
[INFO RSZ-0094] Found 5 endpoints with setup violations.
[INFO RSZ-0099] Repairing 5 out of 5 (100.00%) violating endpoints...
   Iter   | Removed | Resized | Inserted | Cloned |  Pin  |   Area   |    WNS   |   StTNS    |   EnTNS    |  Viol  |  Worst  
          | Buffers |  Gates  | Buffers  |  Gates | Swaps |          |          |            |            | Endpts | St/EnPt 
------------------------------------------------------------------------------------------------------------------------------
       0* |       0 |       0 |        0 |      0 |     0 |    +0.0% |  -50.541 |     -458.9 |     -149.0 |      5 | resp_msg[15]
      10* |       0 |       0 |        2 |      0 |     7 |    +0.4% |  -60.541 |     -654.2 |     -205.0 |      5 | resp_msg[15]
      12* |       0 |       0 |        0 |      0 |     0 |    +0.0% |  -50.541 |     -458.9 |     -149.0 |      5 | resp_msg[15]
      15* |       0 |       0 |        0 |      0 |     0 |    +0.0% |  -50.541 |     -458.9 |     -149.0 |      5 | resp_msg[15]
      20* |       0 |       0 |        0 |      0 |     4 |    +0.0% |  -51.960 |     -464.4 |     -155.5 |      5 | resp_msg[15]
      22* |       0 |       0 |        0 |      0 |     3 |    +0.0% |  -50.541 |     -453.7 |     -148.5 |      5 | resp_msg[15]
      25* |       0 |       0 |        0 |      0 |     3 |    +0.0% |  -50.541 |     -453.7 |     -148.5 |      5 | resp_msg[15]
      29* |       0 |       0 |        0 |      0 |     3 |    +0.0% |  -50.541 |     -453.7 |     -148.5 |      5 | resp_msg[15]
      29* |       0 |       0 |        0 |      0 |     3 |    +0.0% |  -50.541 |     -453.7 |     -148.5 |      5 | resp_msg[15]
    final |       0 |       0 |        0 |      0 |     3 |    +0.0% |  -50.541 |     -453.7 |     -148.5 |      5 | resp_msg[15]
------------------------------------------------------------------------------------------------------------------------------
[INFO RSZ-0043] Swapped pins on 3 instances.
[WARNING RSZ-0062] Unable to repair all setup violations.
[INFO RSZ-0505] Runtime: 1.01s
[INFO RSZ-0033] No hold violations found.
[INFO RSZ-0506] Runtime: 0.00s
global_route -start_incremental
detailed_placement
[INFO DPL-0006] Core area: 66.05 um^2
[INFO DPL-0007] Movable instances area: 43.36 um^2
[INFO DPL-0008] Fixed instances area within core: 1.75 um^2
[INFO DPL-0009] Utilization: 68.3%
[INFO DPL-0005] Diamond search max displacement: +/- 500 sites horizontally, +/- 100 rows vertically.
[INFO DPL-1102] Legalizing using negotiation legalizer.
[INFO DPL-1103] Negotiation base search window: +/-20 sites horizontally, +/-5 rows vertically 
	Automatic search window extension enabled.
	Search window extendable up to the max displacement cap of +/-500 sites, +/-100 rows near walls.
[INFO DPL-1104] NegotiationLegalizer DRC penalty: 5.
[INFO DPL-0392] Negotiation cell height distribution (1 unique row-count(s)):
[INFO DPL-0393]   height 1 row(s): 424 cells
[INFO DPL-0500] Runtime: 0.00s
Placement Analysis
---------------------------------
total displacement          0.0 u
average displacement        0.0 u
max displacement            0.0 u
original HPWL             642.7 u
legalized HPWL            642.7 u
delta HPWL                    0 %

check_placement -verbose
global_route -end_incremental -resistance_aware -congestion_report_file /tmp/workspace/scripts-Private_test-fr_cugr_cmp-1-/reports/asap7/gcd-ccs/base/congestion_post_repair_timing.rpt
estimate_parasitics -global_routing
repair_timing -setup -sequence "vt_swap reroute" -skip_last_gasp -repair_tns 0 -verbose
[INFO RSZ-0100] Repair move sequence: RerouteMove 
[INFO RSZ-0094] Found 5 endpoints with setup violations.
[INFO RSZ-0099] Repairing 1 out of 5 (0.00%) violating endpoints...
   Iter   | Removed | Resized | Inserted | Cloned |  Pin  |   Area   |    WNS   |   StTNS    |   EnTNS    |  Viol  |  Worst  
          | Buffers |  Gates  | Buffers  |  Gates | Swaps |          |          |            |            | Endpts | St/EnPt 
------------------------------------------------------------------------------------------------------------------------------
       0* |       0 |       0 |        0 |      0 |     0 |    +0.0% |  -50.541 |     -453.7 |     -148.5 |      5 | resp_msg[15]
       1* |       0 |       0 |        0 |      0 |     0 |    +0.0% |  -50.541 |     -453.7 |     -148.5 |      5 | resp_msg[15]
       1* |       0 |       0 |        0 |      0 |     0 |    +0.0% |  -50.541 |     -453.7 |     -148.5 |      5 | resp_msg[15]
    final |       0 |       0 |        0 |      0 |     0 |    +0.0% |  -50.541 |     -453.7 |     -148.5 |      5 | resp_msg[15]
------------------------------------------------------------------------------------------------------------------------------
[WARNING RSZ-0062] Unable to repair all setup violations.
[INFO RSZ-0505] Runtime: 0.17s
Repair antennas...
[WARNING GRT-0246] No diode with LEF class CORE ANTENNACELL found.
[INFO ANT-0002] Found 0 net violations.
[INFO ANT-0001] Found 0 pin violations.
Estimate parasitics...
estimate_parasitics -global_routing
Report metrics stage 5, global route...

==========================================================================
global route report_design_area
--------------------------------------------------------------------------
Design area 45 um^2 68% utilization.
[INFO FLW-0007] clock core_clock period 310.000000
[WARNING FLW-0010] more than one clock found. Skipping sdc update.
[INFO FLW-0011] Path endpoint path count 53
write_db /tmp/workspace/scripts-Private_test-fr_cugr_cmp-1-/results/asap7/gcd-ccs/base/5_1_grt.odb
write_sdc -no_timestamp /tmp/workspace/scripts-Private_test-fr_cugr_cmp-1-/results/asap7/gcd-ccs/base/5_1_grt.sdc
Elapsed time: 0:09.54[h:]min:sec. CPU time: user 35.77 sys 0.25 (377%). Peak memory: 574532KB.
Log                       Ext     Elapsed/s Peak Memory/MB sha1sum result [0:20)
5_1_grt                   .odb            9            561 c13bd20367c46e95d209
5_1_grt                   .sdc                             dd6b646fe32776851211
