OpenROAD 26Q3-1464-gb22abfea20 
Features included (+) or not (-): +GPU +GUI +Python
This program is licensed under the BSD-3 license. See the LICENSE file for details.
Components of this program may be licensed under more restrictive licenses which must be honored.
[INFO ORD-0030] Using 30 thread(s).
source ./platforms/asap7/liberty_suppressions.tcl
read_liberty ./platforms/asap7/lib/NLDM/asap7sc7p5t_AO_RVT_FF_nldm_211120.lib.gz
read_liberty ./platforms/asap7/lib/NLDM/asap7sc7p5t_INVBUF_RVT_FF_nldm_220122.lib.gz
read_liberty ./platforms/asap7/lib/NLDM/asap7sc7p5t_OA_RVT_FF_nldm_211120.lib.gz
read_liberty ./platforms/asap7/lib/NLDM/asap7sc7p5t_SIMPLE_RVT_FF_nldm_211120.lib.gz
read_liberty ./platforms/asap7/lib/NLDM/asap7sc7p5t_SEQ_RVT_FF_nldm_220123.lib
read_db -hier /tmp/workspace/scripts-Private_test-fr_cugr_cmp-2-/results/asap7/mock-alu/base/6_1_fill.odb
[WARNING ORD-0012] Hierarchical flow (-hier) is currently in development and may cause multiple issues. Do not use in production environments.
read_sdc /tmp/workspace/scripts-Private_test-fr_cugr_cmp-2-/results/asap7/mock-alu/base/6_1_fill.sdc
source ./platforms/asap7/setRC.tcl
write_db /tmp/workspace/scripts-Private_test-fr_cugr_cmp-2-/results/asap7/mock-alu/base/6_final.odb
write_sdc -no_timestamp /tmp/workspace/scripts-Private_test-fr_cugr_cmp-2-/results/asap7/mock-alu/base/6_final.sdc
Deleted 0 routing obstructions
[INFO RCX-0431] Defined process_corner X with ext_model_index 0
[INFO RCX-0029] Defined extraction corner X
[WARNING RCX-0514] The ext_model_file option is deprecated. Use set_extraction_rules_file command instead.
[INFO RCX-0435] Reading extraction model file ./platforms/asap7/rcx_patterns.rules ...
[INFO RCX-0436] RC segment generation MockAlu (max_merge_res 50.0) ...
[INFO RCX-0040] Final 82379 rc segments
[INFO RCX-0439] Coupling Cap extraction MockAlu ...
[INFO RCX-0440] Coupling threshhold is 0.1000 fF, coupling capacitance less than 0.1000 fF will be grounded.
[INFO RCX-0442] 51% of 89572 wires extracted
[INFO RCX-0442] 100% of 89572 wires extracted
[INFO RCX-0045] Extract 14173 nets, 96450 rsegs, 96450 caps, 126472 ccs
[INFO RCX-0443] 14173 nets finished
[INFO PSM-0040] All shapes on net VDD are connected.
########## IR report #################
Net              : VDD
Corner           : default
Total power      : 5.83e-02 W
Supply voltage   : 7.70e-01 V
Worstcase voltage: 7.40e-01 V
Average voltage  : 7.66e-01 V
Average IR drop  : 3.91e-03 V
Worstcase IR drop: 3.04e-02 V
Percentage drop  : 3.95 %
######################################
[INFO PSM-0040] All shapes on net VSS are connected.
########## IR report #################
Net              : VSS
Corner           : default
Total power      : 5.83e-02 W
Supply voltage   : 0.00e+00 V
Worstcase voltage: 3.19e-02 V
Average voltage  : 3.92e-03 V
Average IR drop  : 3.92e-03 V
Worstcase IR drop: 3.19e-02 V
Percentage drop  : 4.14 %
######################################
Cell type report:                       Count       Area
  Fill cell                             13470    1203.90
  Tap cell                                593      17.29
  Tie cell                                 38       1.66
  Clock buffer                            119      42.08
  Timing Repair Buffer                   1365     135.07
  Inverter                               3712     163.98
  Clock inverter                           29       5.15
  Sequential cell                        1413     412.15
  Multi-Input combinational cell         6144     853.64
  Total                                 26883    2834.92
Report metrics stage 6, finish...

==========================================================================
finish report_design_area
--------------------------------------------------------------------------
Design area 1631 um^2 58% utilization.
[WARNING GUI-0076] QStandardPaths: XDG_RUNTIME_DIR not set, defaulting to '/tmp/runtime-root'
Elapsed time: 0:14.02[h:]min:sec. CPU time: user 19.80 sys 5.17 (178%). Peak memory: 570464KB.
Log                       Ext     Elapsed/s Peak Memory/MB sha1sum result [0:20)
6_report                                 14            557                  N/A
