[2026-08-20 04:23:25.814] [miter_logger] [info] MiterStrategy::run starting
[2026-08-20 04:23:25.814] [miter_logger] [info] Collecting POs for design 0: jpeg_encoder

[2026-08-20 04:23:25.882] [miter_logger] [info] Collected 4430 PIs for design 0

[2026-08-20 04:23:25.882] [miter_logger] [info] Collected 13179 POs for design 0

[2026-08-20 04:23:25.882] [miter_logger] [info] design 0 PI summary by model/term (4430 total terminals, 13 unique rows):
| Model                     | Term    | Count |
|---------------------------|---------|-------|
| sky130_fd_sc_hd__edfxtp_1 | Q       |  4318 |
| sky130_fd_sc_hd__dfrtp_1  | Q       |    49 |
| sky130_fd_sc_hd__dfrtp_4  | Q       |    14 |
| sky130_fd_sc_hd__conb_1   | HI      |    13 |
| sky130_fd_sc_hd__conb_1   | LO      |    13 |
| jpeg_encoder              | din     |     8 |
| jpeg_encoder              | qnt_val |     8 |
| sky130_fd_sc_hd__dfstp_2  | Q       |     2 |
| jpeg_encoder              | clk     |     1 |
| jpeg_encoder              | dstrb   |     1 |
| jpeg_encoder              | ena     |     1 |
| jpeg_encoder              | rst     |     1 |
| sky130_fd_sc_hd__dfrtp_2  | Q       |     1 |

[2026-08-20 04:23:25.883] [miter_logger] [info] design 0 PO summary by model/term (13179 total terminals, 20 unique rows):
| Model                     | Term    | Count |
|---------------------------|---------|-------|
| sky130_fd_sc_hd__edfxtp_1 | CLK     |  4318 |
| sky130_fd_sc_hd__edfxtp_1 | D       |  4318 |
| sky130_fd_sc_hd__edfxtp_1 | DE      |  4318 |
| sky130_fd_sc_hd__dfrtp_1  | CLK     |    49 |
| sky130_fd_sc_hd__dfrtp_1  | D       |    49 |
| sky130_fd_sc_hd__dfrtp_1  | RESET_B |    49 |
| sky130_fd_sc_hd__dfrtp_4  | CLK     |    14 |
| sky130_fd_sc_hd__dfrtp_4  | D       |    14 |
| sky130_fd_sc_hd__dfrtp_4  | RESET_B |    14 |
| jpeg_encoder              | amp     |    12 |
| jpeg_encoder              | qnt_cnt |     6 |
| jpeg_encoder              | rlen    |     4 |
| jpeg_encoder              | size    |     4 |
| sky130_fd_sc_hd__dfstp_2  | CLK     |     2 |
| sky130_fd_sc_hd__dfstp_2  | D       |     2 |
| sky130_fd_sc_hd__dfstp_2  | SET_B   |     2 |
| jpeg_encoder              | douten  |     1 |
| sky130_fd_sc_hd__dfrtp_2  | CLK     |     1 |
| sky130_fd_sc_hd__dfrtp_2  | D       |     1 |
| sky130_fd_sc_hd__dfrtp_2  | RESET_B |     1 |

[2026-08-20 04:23:25.884] [miter_logger] [info] Collecting POs for design 1: jpeg_encoder

[2026-08-20 04:23:25.946] [miter_logger] [info] size of common inputs: 4404
[2026-08-20 04:23:25.946] [miter_logger] [info] size of diff0 inputs: 0
[2026-08-20 04:23:25.946] [miter_logger] [info] size of diff1 inputs: 0
[2026-08-20 04:23:25.946] [miter_logger] [info] Collected 4430 PIs for design 1

[2026-08-20 04:23:25.946] [miter_logger] [info] Collected 13179 POs for design 1

[2026-08-20 04:23:25.946] [miter_logger] [info] design 1 PI summary by model/term (4430 total terminals, 13 unique rows):
| Model                     | Term    | Count |
|---------------------------|---------|-------|
| sky130_fd_sc_hd__edfxtp_1 | Q       |  4318 |
| sky130_fd_sc_hd__dfrtp_1  | Q       |    49 |
| sky130_fd_sc_hd__dfrtp_4  | Q       |    14 |
| sky130_fd_sc_hd__conb_1   | HI      |    13 |
| sky130_fd_sc_hd__conb_1   | LO      |    13 |
| jpeg_encoder              | din     |     8 |
| jpeg_encoder              | qnt_val |     8 |
| sky130_fd_sc_hd__dfstp_2  | Q       |     2 |
| jpeg_encoder              | clk     |     1 |
| jpeg_encoder              | dstrb   |     1 |
| jpeg_encoder              | ena     |     1 |
| jpeg_encoder              | rst     |     1 |
| sky130_fd_sc_hd__dfrtp_2  | Q       |     1 |

[2026-08-20 04:23:25.947] [miter_logger] [info] design 1 PO summary by model/term (13179 total terminals, 20 unique rows):
| Model                     | Term    | Count |
|---------------------------|---------|-------|
| sky130_fd_sc_hd__edfxtp_1 | CLK     |  4318 |
| sky130_fd_sc_hd__edfxtp_1 | D       |  4318 |
| sky130_fd_sc_hd__edfxtp_1 | DE      |  4318 |
| sky130_fd_sc_hd__dfrtp_1  | CLK     |    49 |
| sky130_fd_sc_hd__dfrtp_1  | D       |    49 |
| sky130_fd_sc_hd__dfrtp_1  | RESET_B |    49 |
| sky130_fd_sc_hd__dfrtp_4  | CLK     |    14 |
| sky130_fd_sc_hd__dfrtp_4  | D       |    14 |
| sky130_fd_sc_hd__dfrtp_4  | RESET_B |    14 |
| jpeg_encoder              | amp     |    12 |
| jpeg_encoder              | qnt_cnt |     6 |
| jpeg_encoder              | rlen    |     4 |
| jpeg_encoder              | size    |     4 |
| sky130_fd_sc_hd__dfstp_2  | CLK     |     2 |
| sky130_fd_sc_hd__dfstp_2  | D       |     2 |
| sky130_fd_sc_hd__dfstp_2  | SET_B   |     2 |
| jpeg_encoder              | douten  |     1 |
| sky130_fd_sc_hd__dfrtp_2  | CLK     |     1 |
| sky130_fd_sc_hd__dfrtp_2  | D       |     1 |
| sky130_fd_sc_hd__dfrtp_2  | RESET_B |     1 |

[2026-08-20 04:23:25.947] [miter_logger] [info] normalizeInputs: starting
[2026-08-20 04:23:25.951] [miter_logger] [info] size of common inputs: 4430
[2026-08-20 04:23:25.951] [miter_logger] [info] size of diff0 inputs: 0
[2026-08-20 04:23:25.951] [miter_logger] [info] size of diff1 inputs: 0
[2026-08-20 04:23:25.951] [miter_logger] [info] normalizeOutputs: starting
[2026-08-20 04:23:25.961] [miter_logger] [info] size of common outputs: 13179
[2026-08-20 04:23:25.961] [miter_logger] [info] size of diff0 outputs: 0
[2026-08-20 04:23:25.961] [miter_logger] [info] size of diff1 outputs: 0
[2026-08-20 04:23:25.962] [miter_logger] [info] size of PIs in circuit 0: 4430
[2026-08-20 04:23:25.962] [miter_logger] [info] size of PIs in circuit 1: 4430
[2026-08-20 04:23:25.962] [miter_logger] [info] size of POs in circuit 0: 13179
[2026-08-20 04:23:25.962] [miter_logger] [info] size of POs in circuit 1: 13179
[2026-08-20 04:23:26.196] [miter_logger] [info] Building miter expression
[2026-08-20 04:23:26.197] [miter_logger] [info] Finished building miter expression
[2026-08-20 04:23:26.247] [miter_logger] [info] Starting solver
[2026-08-20 04:23:31.060] [miter_logger] [info] SAT solver finished: UNSAT
[2026-08-20 04:23:31.061] [miter_logger] [info] Circuits are IDENTICAL
