OpenROAD 26Q3-1464-gb22abfea20 
Features included (+) or not (-): +GPU +GUI +Python
This program is licensed under the BSD-3 license. See the LICENSE file for details.
Components of this program may be licensed under more restrictive licenses which must be honored.
[INFO ORD-0030] Using 32 thread(s).
read_liberty ./platforms/sky130hd/lib/sky130_fd_sc_hd__tt_025C_1v80.lib
read_db /tmp/workspace/scripts-Private_test-fr_cugr_cmp-1-/results/sky130hd/jpeg/base/5_1_grt.odb
read_sdc /tmp/workspace/scripts-Private_test-fr_cugr_cmp-1-/results/sky130hd/jpeg/base/5_1_grt.sdc
source ./platforms/sky130hd/setRC.tcl
[WARNING STA-0450] virtual clock vclk_clk can not be propagated.
detailed_route -output_drc /tmp/workspace/scripts-Private_test-fr_cugr_cmp-1-/reports/sky130hd/jpeg/base/5_route_drc.rpt -output_maze /tmp/workspace/scripts-Private_test-fr_cugr_cmp-1-/results/sky130hd/jpeg/base/maze.log -droute_end_iter 64 -verbose 1 -drc_report_iter_step 5
[INFO DRT-0149] Reading tech and libs.
[WARNING DRT-0349] LEF58_ENCLOSURE with no CUTCLASS is not supported. Skipping for layer mcon
[WARNING DRT-0349] LEF58_ENCLOSURE with no CUTCLASS is not supported. Skipping for layer mcon
[WARNING DRT-0349] LEF58_ENCLOSURE with no CUTCLASS is not supported. Skipping for layer via
[WARNING DRT-0349] LEF58_ENCLOSURE with no CUTCLASS is not supported. Skipping for layer via
[WARNING DRT-0349] LEF58_ENCLOSURE with no CUTCLASS is not supported. Skipping for layer via2
[WARNING DRT-0349] LEF58_ENCLOSURE with no CUTCLASS is not supported. Skipping for layer via2
[WARNING DRT-0349] LEF58_ENCLOSURE with no CUTCLASS is not supported. Skipping for layer via3
[WARNING DRT-0349] LEF58_ENCLOSURE with no CUTCLASS is not supported. Skipping for layer via3
[WARNING DRT-0349] LEF58_ENCLOSURE with no CUTCLASS is not supported. Skipping for layer via4
[WARNING DRT-0349] LEF58_ENCLOSURE with no CUTCLASS is not supported. Skipping for layer via4

Units:                1000
Number of layers:     13
Number of macros:     441
Number of vias:       29
Number of viarulegen: 25

[INFO DRT-0150] Reading design.
[WARNING DRT-0120] Large net net6873 has 105 pins which may impact routing performance. Consider optimization.
[WARNING DRT-0120] Large net net6875 has 114 pins which may impact routing performance. Consider optimization.
[WARNING DRT-0120] Large net net6876 has 116 pins which may impact routing performance. Consider optimization.
[WARNING DRT-0120] Large net net7233 has 134 pins which may impact routing performance. Consider optimization.
[WARNING DRT-0120] Large net net7236 has 116 pins which may impact routing performance. Consider optimization.
[WARNING DRT-0120] Large net net7203 has 105 pins which may impact routing performance. Consider optimization.
[WARNING DRT-0120] Large net net7212 has 149 pins which may impact routing performance. Consider optimization.
[WARNING DRT-0120] Large net net7210 has 152 pins which may impact routing performance. Consider optimization.
[WARNING DRT-0120] Large net net7226 has 105 pins which may impact routing performance. Consider optimization.
[WARNING DRT-0120] Large net net7225 has 107 pins which may impact routing performance. Consider optimization.
[WARNING DRT-0120] Large net net7222 has 176 pins which may impact routing performance. Consider optimization.
[WARNING DRT-0120] Large net net7219 has 120 pins which may impact routing performance. Consider optimization.
[WARNING DRT-0120] Large net net7218 has 152 pins which may impact routing performance. Consider optimization.
[WARNING DRT-0120] Large net net7541 has 113 pins which may impact routing performance. Consider optimization.
[WARNING DRT-0120] Large net net7549 has 151 pins which may impact routing performance. Consider optimization.
[WARNING DRT-0120] Large net net7550 has 105 pins which may impact routing performance. Consider optimization.
[WARNING DRT-0120] Large net net7559 has 149 pins which may impact routing performance. Consider optimization.
[WARNING DRT-0120] Large net net7560 has 104 pins which may impact routing performance. Consider optimization.
[WARNING DRT-0120] Large net net7565 has 104 pins which may impact routing performance. Consider optimization.
[WARNING DRT-0120] Large net net7634 has 108 pins which may impact routing performance. Consider optimization.

Design:                   jpeg_encoder
Die area:                 ( 0 0 ) ( 877100 877100 )
Number of track patterns: 12
Number of DEF vias:       0
Number of components:     46147
Number of terminals:      49
Number of snets:          2
Number of nets:           43424

[INFO DRT-0167] List of default vias:
  Layer via
    default via: M1M2_PR
  Layer via2
    default via: M2M3_PR
  Layer via3
    default via: M3M4_PR
  Layer via4
    default via: M4M5_PR
[INFO DRT-0162] Library cell analysis.
[INFO DRT-0163] Instance analysis.
[INFO DRT-0164] Number of unique instances = 260.
[INFO DRT-0168] Init region query.
[INFO DRT-0024]   Complete FR_MASTERSLICE.
[INFO DRT-0024]   Complete Fr_VIA.
[INFO DRT-0024]   Complete li1.
[INFO DRT-0024]   Complete mcon.
[INFO DRT-0024]   Complete met1.
[INFO DRT-0024]   Complete via.
[INFO DRT-0024]   Complete met2.
[INFO DRT-0024]   Complete via2.
[INFO DRT-0024]   Complete met3.
[INFO DRT-0024]   Complete via3.
[INFO DRT-0024]   Complete met4.
[INFO DRT-0024]   Complete via4.
[INFO DRT-0024]   Complete met5.
[INFO DRT-0033] FR_MASTERSLICE shape region query size = 0.
[INFO DRT-0033] FR_VIA shape region query size = 0.
[INFO DRT-0033] li1 shape region query size = 1293674.
[INFO DRT-0033] mcon shape region query size = 803881.
[INFO DRT-0033] met1 shape region query size = 247734.
[INFO DRT-0033] via shape region query size = 51520.
[INFO DRT-0033] met2 shape region query size = 30923.
[INFO DRT-0033] via2 shape region query size = 41216.
[INFO DRT-0033] met3 shape region query size = 30948.
[INFO DRT-0033] via3 shape region query size = 41216.
[INFO DRT-0033] met4 shape region query size = 12416.
[INFO DRT-0033] via4 shape region query size = 2048.
[INFO DRT-0033] met5 shape region query size = 2176.
[INFO DRT-0165] Start pin access.
[INFO DRT-0076]   Complete 1000 pins.
[INFO DRT-0076]   Complete 2000 pins.
[INFO DRT-0078]   Complete 2086 pins.
[INFO DRT-0079]   Complete 100 unique inst patterns.
[INFO DRT-0079]   Complete 200 unique inst patterns.
[INFO DRT-0081]   Complete 260 unique inst patterns.
[INFO DRT-0082]   Complete 10000 groups.
[INFO DRT-0082]   Complete 20000 groups.
[INFO DRT-0084]   Complete 24227 groups.
#scanned instances     = 46147
#unique  instances     = 260
#stdCellGenAp          = 9402
#stdCellValidPlanarAp  = 150
#stdCellValidViaAp     = 6187
#stdCellPinNoAp        = 10
#stdCellPinCnt         = 128638
#instTermValidViaApCnt = 0
#macroGenAp            = 0
#macroValidPlanarAp    = 0
#macroValidViaAp       = 0
#macroNoAp             = 0
[INFO DRT-0166] Complete pin access.
[INFO DRT-0267] cpu time = 00:09:04, elapsed time = 00:00:21, memory = 639.96 (MB), peak = 660.72 (MB)
[INFO DRT-0156] guideIn read 100000 guides.
[INFO DRT-0156] guideIn read 200000 guides.

[INFO DRT-0157] Number of guides:     288017

[INFO DRT-0169] Post process guides.
[INFO DRT-0176] GCELLGRID X 0 DO 127 STEP 6900 ;
[INFO DRT-0177] GCELLGRID Y 0 DO 127 STEP 6900 ;
[INFO DRT-0026]   Complete 100000 origin guides.
[INFO DRT-0026]   Complete 200000 origin guides.
[INFO DRT-0028]   Complete FR_MASTERSLICE.
[INFO DRT-0028]   Complete Fr_VIA.
[INFO DRT-0028]   Complete li1.
[INFO DRT-0028]   Complete mcon.
[INFO DRT-0028]   Complete met1.
[INFO DRT-0028]   Complete via.
[INFO DRT-0028]   Complete met2.
[INFO DRT-0028]   Complete via2.
[INFO DRT-0028]   Complete met3.
[INFO DRT-0028]   Complete via3.
[INFO DRT-0028]   Complete met4.
[INFO DRT-0028]   Complete via4.
[INFO DRT-0028]   Complete met5.
[INFO DRT-0178] Init guide query.
[INFO DRT-0035]   Complete FR_MASTERSLICE (guide).
[INFO DRT-0035]   Complete Fr_VIA (guide).
[INFO DRT-0035]   Complete li1 (guide).
[INFO DRT-0035]   Complete mcon (guide).
[INFO DRT-0035]   Complete met1 (guide).
[INFO DRT-0035]   Complete via (guide).
[INFO DRT-0035]   Complete met2 (guide).
[INFO DRT-0035]   Complete via2 (guide).
[INFO DRT-0035]   Complete met3 (guide).
[INFO DRT-0035]   Complete via3 (guide).
[INFO DRT-0035]   Complete met4 (guide).
[INFO DRT-0035]   Complete via4 (guide).
[INFO DRT-0035]   Complete met5 (guide).
[INFO DRT-0036] FR_MASTERSLICE guide region query size = 0.
[INFO DRT-0036] FR_VIA guide region query size = 0.
[INFO DRT-0036] li1 guide region query size = 98762.
[INFO DRT-0036] mcon guide region query size = 0.
[INFO DRT-0036] met1 guide region query size = 88055.
[INFO DRT-0036] via guide region query size = 0.
[INFO DRT-0036] met2 guide region query size = 42385.
[INFO DRT-0036] via2 guide region query size = 0.
[INFO DRT-0036] met3 guide region query size = 2125.
[INFO DRT-0036] via3 guide region query size = 0.
[INFO DRT-0036] met4 guide region query size = 1075.
[INFO DRT-0036] via4 guide region query size = 0.
[INFO DRT-0036] met5 guide region query size = 37.
[INFO DRT-0179] Init gr pin query.
[INFO DRT-0267] cpu time = 00:00:01, elapsed time = 00:00:00, memory = 737.12 (MB), peak = 731.50 (MB)
[INFO DRT-0245] skipped writing guide updates to database.
[INFO DRT-0181] Start track assignment.
[INFO DRT-0184] Done with 142222 vertical wires in 3 frboxes and 90217 horizontal wires in 3 frboxes.
[INFO DRT-0186] Done with 15095 vertical wires in 3 frboxes and 26203 horizontal wires in 3 frboxes.
[INFO DRT-0182] Complete track assignment.
[INFO DRT-0267] cpu time = 00:00:10, elapsed time = 00:00:04, memory = 1427.36 (MB), peak = 1431.27 (MB)
[INFO DRT-0187] Start routing data preparation.
[INFO DRT-0267] cpu time = 00:00:00, elapsed time = 00:00:00, memory = 1427.43 (MB), peak = 1431.27 (MB)
[INFO DRT-0194] Start detail routing.
[INFO DRT-0195] Start 0th optimization iteration.
    Completing 10% with 0 violations.
    elapsed time = 00:00:02, memory = 2861.71 (MB).
    Completing 20% with 0 violations.
    elapsed time = 00:00:04, memory = 3320.80 (MB).
    Completing 30% with 4147 violations.
    elapsed time = 00:00:10, memory = 3575.47 (MB).
    Completing 40% with 4147 violations.
    elapsed time = 00:00:13, memory = 3930.04 (MB).
    Completing 50% with 4147 violations.
    elapsed time = 00:00:15, memory = 3747.16 (MB).
    Completing 60% with 8475 violations.
    elapsed time = 00:00:19, memory = 3925.82 (MB).
    Completing 70% with 8475 violations.
    elapsed time = 00:00:23, memory = 4092.73 (MB).
    Completing 80% with 12869 violations.
    elapsed time = 00:00:30, memory = 4350.99 (MB).
    Completing 90% with 12869 violations.
    elapsed time = 00:00:34, memory = 4447.27 (MB).
    Completing 100% with 17876 violations.
    elapsed time = 00:00:46, memory = 4106.28 (MB).
[INFO DRT-0199]   Number of violations = 20891.
Viol/Layer         li1   mcon   met1    via   met2   met3   met4   via4   met5
Cut Spacing          0     39      0      2      0      0      0      1      0
Metal Spacing        0      0   4212      0    988     11      8      0      0
Min Hole             0      0     13      0      0      0      0      0      0
Recheck             31      0   2043      0    913     13     15      0      0
Short                0      2  11016     25   1549      5      2      0      3
[INFO DRT-0267] cpu time = 00:14:50, elapsed time = 00:00:47, memory = 4159.73 (MB), peak = 4565.16 (MB)
Total wire length = 1151447 um.
Total wire length on LAYER li1 = 0 um.
Total wire length on LAYER met1 = 522024 um.
Total wire length on LAYER met2 = 530185 um.
Total wire length on LAYER met3 = 46279 um.
Total wire length on LAYER met4 = 52553 um.
Total wire length on LAYER met5 = 402 um.
Total number of vias = 262362.
Up-via summary (total 262362):

-------------------------
 FR_MASTERSLICE         0
            li1    121173
           met1    135990
           met2      3444
           met3      1691
           met4        64
-------------------------
               262362


[INFO DRT-0195] Start 1st optimization iteration.
    Completing 10% with 20891 violations.
    elapsed time = 00:00:02, memory = 4565.20 (MB).
    Completing 20% with 20891 violations.
    elapsed time = 00:00:04, memory = 4613.24 (MB).
    Completing 30% with 18591 violations.
    elapsed time = 00:00:12, memory = 4629.44 (MB).
    Completing 40% with 18591 violations.
    elapsed time = 00:00:15, memory = 4631.59 (MB).
    Completing 50% with 18591 violations.
    elapsed time = 00:00:17, memory = 4580.25 (MB).
    Completing 60% with 16376 violations.
    elapsed time = 00:00:24, memory = 4799.53 (MB).
    Completing 70% with 16376 violations.
    elapsed time = 00:00:27, memory = 4830.57 (MB).
    Completing 80% with 13555 violations.
    elapsed time = 00:00:33, memory = 4654.29 (MB).
    Completing 90% with 13555 violations.
    elapsed time = 00:00:36, memory = 4636.35 (MB).
    Completing 100% with 11032 violations.
    elapsed time = 00:00:42, memory = 4588.61 (MB).
[INFO DRT-0199]   Number of violations = 11032.
Viol/Layer        mcon   met1    via   met2   met3   met4
Cut Spacing         26      0      0      0      0      0
Metal Spacing        0   2580      0    352      1      1
Min Hole             0      2      0      0      0      0
Short                0   7526      1    543      0      0
[INFO DRT-0267] cpu time = 00:13:13, elapsed time = 00:00:43, memory = 4588.61 (MB), peak = 4858.27 (MB)
Total wire length = 1140592 um.
Total wire length on LAYER li1 = 0 um.
Total wire length on LAYER met1 = 516227 um.
Total wire length on LAYER met2 = 525062 um.
Total wire length on LAYER met3 = 46822 um.
Total wire length on LAYER met4 = 52112 um.
Total wire length on LAYER met5 = 368 um.
Total number of vias = 258993.
Up-via summary (total 258993):

-------------------------
 FR_MASTERSLICE         0
            li1    121181
           met1    132707
           met2      3446
           met3      1601
           met4        58
-------------------------
               258993


[INFO DRT-0195] Start 2nd optimization iteration.
    Completing 10% with 11032 violations.
    elapsed time = 00:00:02, memory = 4902.48 (MB).
    Completing 20% with 11032 violations.
    elapsed time = 00:00:05, memory = 4910.47 (MB).
    Completing 30% with 10916 violations.
    elapsed time = 00:00:15, memory = 4722.45 (MB).
    Completing 40% with 10916 violations.
    elapsed time = 00:00:19, memory = 4841.61 (MB).
    Completing 50% with 10916 violations.
    elapsed time = 00:00:21, memory = 4781.52 (MB).
    Completing 60% with 10914 violations.
    elapsed time = 00:00:27, memory = 4797.65 (MB).
    Completing 70% with 10914 violations.
    elapsed time = 00:00:30, memory = 4806.66 (MB).
    Completing 80% with 10574 violations.
    elapsed time = 00:00:34, memory = 4777.14 (MB).
    Completing 90% with 10574 violations.
    elapsed time = 00:00:37, memory = 4849.12 (MB).
    Completing 100% with 10085 violations.
    elapsed time = 00:00:41, memory = 4733.83 (MB).
[INFO DRT-0199]   Number of violations = 10085.
Viol/Layer        mcon   met1   met2   met3   met4
Cut Spacing         13      0      0      0      0
Metal Spacing        0   2457    281      0      1
Short                0   6925    403      4      1
[INFO DRT-0267] cpu time = 00:12:43, elapsed time = 00:00:42, memory = 4733.83 (MB), peak = 4943.12 (MB)
Total wire length = 1138062 um.
Total wire length on LAYER li1 = 0 um.
Total wire length on LAYER met1 = 514713 um.
Total wire length on LAYER met2 = 524065 um.
Total wire length on LAYER met3 = 46907 um.
Total wire length on LAYER met4 = 52013 um.
Total wire length on LAYER met5 = 362 um.
Total number of vias = 258278.
Up-via summary (total 258278):

-------------------------
 FR_MASTERSLICE         0
            li1    121196
           met1    132054
           met2      3393
           met3      1577
           met4        58
-------------------------
               258278


[INFO DRT-0195] Start 3rd optimization iteration.
    Completing 10% with 10085 violations.
    elapsed time = 00:00:01, memory = 4870.15 (MB).
    Completing 20% with 10085 violations.
    elapsed time = 00:00:02, memory = 4889.69 (MB).
    Completing 30% with 8048 violations.
    elapsed time = 00:00:10, memory = 4872.17 (MB).
    Completing 40% with 8048 violations.
    elapsed time = 00:00:12, memory = 4941.25 (MB).
    Completing 50% with 8048 violations.
    elapsed time = 00:00:15, memory = 4843.84 (MB).
    Completing 60% with 6128 violations.
    elapsed time = 00:00:25, memory = 4948.62 (MB).
    Completing 70% with 6128 violations.
    elapsed time = 00:00:28, memory = 4837.52 (MB).
    Completing 80% with 3651 violations.
    elapsed time = 00:00:36, memory = 5065.29 (MB).
    Completing 90% with 3651 violations.
    elapsed time = 00:00:39, memory = 5050.24 (MB).
    Completing 100% with 1167 violations.
    elapsed time = 00:00:52, memory = 4839.79 (MB).
[INFO DRT-0199]   Number of violations = 1167.
Viol/Layer        mcon   met1    via   met2
Cut Spacing          3      0      3      0
Metal Spacing        0    402      0     74
Min Hole             0      1      0      0
Short                0    632      0     52
[INFO DRT-0267] cpu time = 00:09:45, elapsed time = 00:00:52, memory = 4810.10 (MB), peak = 5072.28 (MB)
Total wire length = 1136177 um.
Total wire length on LAYER li1 = 0 um.
Total wire length on LAYER met1 = 484704 um.
Total wire length on LAYER met2 = 523834 um.
Total wire length on LAYER met3 = 74504 um.
Total wire length on LAYER met4 = 52764 um.
Total wire length on LAYER met5 = 369 um.
Total number of vias = 262425.
Up-via summary (total 262425):

-------------------------
 FR_MASTERSLICE         0
            li1    121198
           met1    132722
           met2      6790
           met3      1659
           met4        56
-------------------------
               262425


[INFO DRT-0195] Start 4th optimization iteration.
    Completing 10% with 1167 violations.
    elapsed time = 00:00:00, memory = 4810.10 (MB).
    Completing 20% with 1167 violations.
    elapsed time = 00:00:00, memory = 4810.10 (MB).
    Completing 30% with 854 violations.
    elapsed time = 00:00:01, memory = 4821.89 (MB).
    Completing 40% with 854 violations.
    elapsed time = 00:00:01, memory = 4821.89 (MB).
    Completing 50% with 854 violations.
    elapsed time = 00:00:02, memory = 4957.91 (MB).
    Completing 60% with 662 violations.
    elapsed time = 00:00:04, memory = 4821.89 (MB).
    Completing 70% with 662 violations.
    elapsed time = 00:00:04, memory = 4821.89 (MB).
    Completing 80% with 474 violations.
    elapsed time = 00:00:07, memory = 4822.82 (MB).
    Completing 90% with 474 violations.
    elapsed time = 00:00:07, memory = 4822.82 (MB).
    Completing 100% with 77 violations.
    elapsed time = 00:00:10, memory = 4829.78 (MB).
[INFO DRT-0199]   Number of violations = 77.
Viol/Layer        met1   met2
Metal Spacing       31      0
Short               40      6
[INFO DRT-0267] cpu time = 00:01:00, elapsed time = 00:00:10, memory = 4829.78 (MB), peak = 5098.21 (MB)
Total wire length = 1136162 um.
Total wire length on LAYER li1 = 0 um.
Total wire length on LAYER met1 = 483870 um.
Total wire length on LAYER met2 = 523634 um.
Total wire length on LAYER met3 = 75456 um.
Total wire length on LAYER met4 = 52831 um.
Total wire length on LAYER met5 = 369 um.
Total number of vias = 262458.
Up-via summary (total 262458):

-------------------------
 FR_MASTERSLICE         0
            li1    121198
           met1    132665
           met2      6880
           met3      1659
           met4        56
-------------------------
               262458


[INFO DRT-0195] Start 5th guides tiles iteration.
    Completing 10% with 77 violations.
    elapsed time = 00:00:00, memory = 4829.78 (MB).
    Completing 20% with 77 violations.
    elapsed time = 00:00:00, memory = 4829.78 (MB).
    Completing 30% with 77 violations.
    elapsed time = 00:00:00, memory = 4829.78 (MB).
    Completing 40% with 77 violations.
    elapsed time = 00:00:00, memory = 4829.78 (MB).
    Completing 50% with 77 violations.
    elapsed time = 00:00:00, memory = 4829.78 (MB).
    Completing 60% with 77 violations.
    elapsed time = 00:00:00, memory = 4829.78 (MB).
    Completing 70% with 45 violations.
    elapsed time = 00:00:00, memory = 4829.78 (MB).
    Completing 80% with 45 violations.
    elapsed time = 00:00:00, memory = 4829.78 (MB).
    Completing 90% with 45 violations.
    elapsed time = 00:00:01, memory = 4829.78 (MB).
    Completing 100% with 45 violations.
    elapsed time = 00:00:01, memory = 4829.78 (MB).
[INFO DRT-0199]   Number of violations = 45.
Viol/Layer        met1
Metal Spacing       10
Short               35
[INFO DRT-0267] cpu time = 00:00:03, elapsed time = 00:00:01, memory = 4829.97 (MB), peak = 5098.21 (MB)
Total wire length = 1136175 um.
Total wire length on LAYER li1 = 0 um.
Total wire length on LAYER met1 = 483849 um.
Total wire length on LAYER met2 = 523637 um.
Total wire length on LAYER met3 = 75488 um.
Total wire length on LAYER met4 = 52831 um.
Total wire length on LAYER met5 = 369 um.
Total number of vias = 262469.
Up-via summary (total 262469):

-------------------------
 FR_MASTERSLICE         0
            li1    121198
           met1    132674
           met2      6882
           met3      1659
           met4        56
-------------------------
               262469


[INFO DRT-0195] Start 6th guides tiles iteration.
    Completing 10% with 45 violations.
    elapsed time = 00:00:00, memory = 4829.97 (MB).
    Completing 30% with 45 violations.
    elapsed time = 00:00:00, memory = 4829.97 (MB).
    Completing 50% with 45 violations.
    elapsed time = 00:00:00, memory = 4829.97 (MB).
    Completing 60% with 45 violations.
    elapsed time = 00:00:00, memory = 4829.97 (MB).
    Completing 80% with 45 violations.
    elapsed time = 00:00:00, memory = 4829.97 (MB).
    Completing 100% with 45 violations.
    elapsed time = 00:00:01, memory = 4829.97 (MB).
[INFO DRT-0199]   Number of violations = 45.
Viol/Layer        met1
Metal Spacing       10
Short               35
[INFO DRT-0267] cpu time = 00:00:02, elapsed time = 00:00:01, memory = 4829.97 (MB), peak = 5098.21 (MB)
Total wire length = 1136175 um.
Total wire length on LAYER li1 = 0 um.
Total wire length on LAYER met1 = 483849 um.
Total wire length on LAYER met2 = 523637 um.
Total wire length on LAYER met3 = 75488 um.
Total wire length on LAYER met4 = 52831 um.
Total wire length on LAYER met5 = 369 um.
Total number of vias = 262469.
Up-via summary (total 262469):

-------------------------
 FR_MASTERSLICE         0
            li1    121198
           met1    132674
           met2      6882
           met3      1659
           met4        56
-------------------------
               262469


[INFO DRT-0195] Start 7th stubborn tiles iteration.
    Completing 10% with 45 violations.
    elapsed time = 00:00:03, memory = 5273.43 (MB).
    Completing 20% with 45 violations.
    elapsed time = 00:00:04, memory = 5221.25 (MB).
    Completing 30% with 45 violations.
    elapsed time = 00:00:04, memory = 5166.27 (MB).
    Completing 40% with 45 violations.
    elapsed time = 00:00:05, memory = 5277.48 (MB).
    Completing 50% with 45 violations.
    elapsed time = 00:00:06, memory = 5290.20 (MB).
    Completing 60% with 45 violations.
    elapsed time = 00:00:08, memory = 5096.72 (MB).
    Completing 70% with 1 violations.
    elapsed time = 00:00:15, memory = 5119.32 (MB).
    Completing 80% with 1 violations.
    elapsed time = 00:00:15, memory = 5238.72 (MB).
    Completing 90% with 1 violations.
    elapsed time = 00:00:15, memory = 5061.93 (MB).
    Completing 100% with 0 violations.
    elapsed time = 00:00:16, memory = 4871.81 (MB).
[INFO DRT-0199]   Number of violations = 0.
[INFO DRT-0267] cpu time = 00:05:05, elapsed time = 00:00:16, memory = 4871.81 (MB), peak = 5509.01 (MB)
Total wire length = 1136172 um.
Total wire length on LAYER li1 = 0 um.
Total wire length on LAYER met1 = 483719 um.
Total wire length on LAYER met2 = 523537 um.
Total wire length on LAYER met3 = 75604 um.
Total wire length on LAYER met4 = 52941 um.
Total wire length on LAYER met5 = 369 um.
Total number of vias = 262475.
Up-via summary (total 262475):

-------------------------
 FR_MASTERSLICE         0
            li1    121198
           met1    132668
           met2      6889
           met3      1664
           met4        56
-------------------------
               262475


[INFO DRT-0198] Complete detail routing.
Total wire length = 1136172 um.
Total wire length on LAYER li1 = 0 um.
Total wire length on LAYER met1 = 483719 um.
Total wire length on LAYER met2 = 523537 um.
Total wire length on LAYER met3 = 75604 um.
Total wire length on LAYER met4 = 52941 um.
Total wire length on LAYER met5 = 369 um.
Total number of vias = 262475.
Up-via summary (total 262475):

-------------------------
 FR_MASTERSLICE         0
            li1    121198
           met1    132668
           met2      6889
           met3      1664
           met4        56
-------------------------
               262475


[INFO DRT-0267] cpu time = 00:56:46, elapsed time = 00:03:35, memory = 4871.87 (MB), peak = 5509.01 (MB)

[INFO DRT-0180] Post processing.
[INFO DRT-0501] Runtime: 243.36s
Took 244 seconds: detailed_route -output_drc /tmp/workspace/scripts-Private_test-fr_cugr_cmp-1-/reports/sky130hd/jpeg/base/5_route_drc.rpt -output_maze /tmp/workspace/scripts-Private_test-fr_cugr_cmp-1-/results/sky130hd/jpeg/base/maze.log -droute_end_iter 64 -verbose 1 -drc_report_iter_step 5
[INFO GRT-0012] Found 28 antenna violations.
[INFO DPL-0006] Core area: 763508.52 um^2
[INFO DPL-0007] Movable instances area: 0.00 um^2
[INFO DPL-0008] Fixed instances area within core: 450868.67 um^2
[INFO DPL-0009] Utilization: 59.1%
[INFO DPL-0005] Diamond search max displacement: +/- 500 sites horizontally, +/- 100 rows vertically.
[INFO DPL-1102] Legalizing using negotiation legalizer.
[INFO DPL-1103] Negotiation base search window: +/-20 sites horizontally, +/-5 rows vertically 
	Automatic search window extension enabled.
	Search window extendable up to the max displacement cap of +/-500 sites, +/-100 rows near walls.
[INFO DPL-1104] NegotiationLegalizer DRC penalty: 5.
[INFO DPL-0392] Negotiation cell height distribution (1 unique row-count(s)):
[INFO DPL-0393]   height 1 row(s): 46182 cells
[INFO DPL-0500] Runtime: 0.14s
[INFO GRT-0015] Inserted 35 diodes.
[WARNING DRT-0120] Large net net6873 has 105 pins which may impact routing performance. Consider optimization.
[WARNING DRT-0120] Large net net6875 has 114 pins which may impact routing performance. Consider optimization.
[WARNING DRT-0120] Large net net6876 has 116 pins which may impact routing performance. Consider optimization.
[WARNING DRT-0120] Large net net7233 has 134 pins which may impact routing performance. Consider optimization.
[WARNING DRT-0120] Large net net7236 has 116 pins which may impact routing performance. Consider optimization.
[WARNING DRT-0120] Large net net7203 has 105 pins which may impact routing performance. Consider optimization.
[WARNING DRT-0120] Large net net7212 has 149 pins which may impact routing performance. Consider optimization.
[WARNING DRT-0120] Large net net7210 has 152 pins which may impact routing performance. Consider optimization.
[WARNING DRT-0120] Large net net7226 has 105 pins which may impact routing performance. Consider optimization.
[WARNING DRT-0120] Large net net7225 has 107 pins which may impact routing performance. Consider optimization.
[WARNING DRT-0120] Large net net7222 has 176 pins which may impact routing performance. Consider optimization.
[WARNING DRT-0120] Large net net7219 has 120 pins which may impact routing performance. Consider optimization.
[WARNING DRT-0120] Large net net7218 has 152 pins which may impact routing performance. Consider optimization.
[WARNING DRT-0120] Large net net7541 has 113 pins which may impact routing performance. Consider optimization.
[WARNING DRT-0120] Large net net7549 has 151 pins which may impact routing performance. Consider optimization.
[WARNING DRT-0120] Large net net7550 has 105 pins which may impact routing performance. Consider optimization.
[WARNING DRT-0120] Large net net7559 has 149 pins which may impact routing performance. Consider optimization.
[WARNING DRT-0120] Large net net7560 has 104 pins which may impact routing performance. Consider optimization.
[WARNING DRT-0120] Large net net7565 has 104 pins which may impact routing performance. Consider optimization.
[WARNING DRT-0120] Large net net7634 has 108 pins which may impact routing performance. Consider optimization.
[INFO DRT-0024]   Complete FR_MASTERSLICE.
[INFO DRT-0024]   Complete Fr_VIA.
[INFO DRT-0024]   Complete li1.
[INFO DRT-0024]   Complete mcon.
[INFO DRT-0024]   Complete met1.
[INFO DRT-0024]   Complete via.
[INFO DRT-0024]   Complete met2.
[INFO DRT-0024]   Complete via2.
[INFO DRT-0024]   Complete met3.
[INFO DRT-0024]   Complete via3.
[INFO DRT-0024]   Complete met4.
[INFO DRT-0024]   Complete via4.
[INFO DRT-0024]   Complete met5.
[INFO DRT-0165] Start pin access.
[INFO DRT-0076]   Complete 1000 pins.
[INFO DRT-0076]   Complete 2000 pins.
[INFO DRT-0078]   Complete 2086 pins.
[INFO DRT-0079]   Complete 100 unique inst patterns.
[INFO DRT-0079]   Complete 200 unique inst patterns.
[INFO DRT-0081]   Complete 260 unique inst patterns.
[INFO DRT-0082]   Complete 10000 groups.
[INFO DRT-0082]   Complete 20000 groups.
[INFO DRT-0084]   Complete 24238 groups.
#scanned instances     = 46182
#unique  instances     = 260
#stdCellGenAp          = 9402
#stdCellValidPlanarAp  = 150
#stdCellValidViaAp     = 6187
#stdCellPinNoAp        = 10
#stdCellPinCnt         = 128638
#instTermValidViaApCnt = 0
#macroGenAp            = 0
#macroValidPlanarAp    = 0
#macroValidViaAp       = 0
#macroNoAp             = 0
[INFO DRT-0166] Complete pin access.
[INFO DRT-0267] cpu time = 00:09:15, elapsed time = 00:00:22, memory = 3664.97 (MB), peak = 5509.01 (MB)
[INFO DRT-0156] guideIn read 100000 guides.
[INFO DRT-0156] guideIn read 200000 guides.

[INFO DRT-0157] Number of guides:     287925

[INFO DRT-0169] Post process guides.
[INFO DRT-0176] GCELLGRID X 0 DO 127 STEP 6900 ;
[INFO DRT-0177] GCELLGRID Y 0 DO 127 STEP 6900 ;
[INFO DRT-0026]   Complete 100000 origin guides.
[INFO DRT-0026]   Complete 200000 origin guides.
[INFO DRT-0028]   Complete FR_MASTERSLICE.
[INFO DRT-0028]   Complete Fr_VIA.
[INFO DRT-0028]   Complete li1.
[INFO DRT-0028]   Complete mcon.
[INFO DRT-0028]   Complete met1.
[INFO DRT-0028]   Complete via.
[INFO DRT-0028]   Complete met2.
[INFO DRT-0028]   Complete via2.
[INFO DRT-0028]   Complete met3.
[INFO DRT-0028]   Complete via3.
[INFO DRT-0028]   Complete met4.
[INFO DRT-0028]   Complete via4.
[INFO DRT-0028]   Complete met5.
[INFO DRT-0178] Init guide query.
[INFO DRT-0035]   Complete FR_MASTERSLICE (guide).
[INFO DRT-0035]   Complete Fr_VIA (guide).
[INFO DRT-0035]   Complete li1 (guide).
[INFO DRT-0035]   Complete mcon (guide).
[INFO DRT-0035]   Complete met1 (guide).
[INFO DRT-0035]   Complete via (guide).
[INFO DRT-0035]   Complete met2 (guide).
[INFO DRT-0035]   Complete via2 (guide).
[INFO DRT-0035]   Complete met3 (guide).
[INFO DRT-0035]   Complete via3 (guide).
[INFO DRT-0035]   Complete met4 (guide).
[INFO DRT-0035]   Complete via4 (guide).
[INFO DRT-0035]   Complete met5 (guide).
[INFO DRT-0036] FR_MASTERSLICE guide region query size = 0.
[INFO DRT-0036] FR_VIA guide region query size = 0.
[INFO DRT-0036] li1 guide region query size = 98783.
[INFO DRT-0036] mcon guide region query size = 0.
[INFO DRT-0036] met1 guide region query size = 88062.
[INFO DRT-0036] via guide region query size = 0.
[INFO DRT-0036] met2 guide region query size = 42367.
[INFO DRT-0036] via2 guide region query size = 0.
[INFO DRT-0036] met3 guide region query size = 2095.
[INFO DRT-0036] via3 guide region query size = 0.
[INFO DRT-0036] met4 guide region query size = 1048.
[INFO DRT-0036] via4 guide region query size = 0.
[INFO DRT-0036] met5 guide region query size = 28.
[INFO DRT-0179] Init gr pin query.
[INFO DRT-0267] cpu time = 00:00:01, elapsed time = 00:00:00, memory = 3664.97 (MB), peak = 5509.01 (MB)
[INFO DRT-0245] skipped writing guide updates to database.
[INFO DRT-0181] Start track assignment.
[INFO DRT-0184] Done with 142198 vertical wires in 3 frboxes and 90185 horizontal wires in 3 frboxes.
[INFO DRT-0186] Done with 15039 vertical wires in 3 frboxes and 26439 horizontal wires in 3 frboxes.
[INFO DRT-0182] Complete track assignment.
[INFO DRT-0267] cpu time = 00:00:10, elapsed time = 00:00:04, memory = 3703.30 (MB), peak = 5509.01 (MB)
[INFO DRT-0187] Start routing data preparation.
[INFO DRT-0267] cpu time = 00:00:00, elapsed time = 00:00:00, memory = 3703.30 (MB), peak = 5509.01 (MB)
[INFO DRT-0194] Start detail routing.
[INFO DRT-0195] Start 0th optimization iteration.
    Completing 10% with 0 violations.
    elapsed time = 00:00:00, memory = 3958.81 (MB).
    Completing 20% with 0 violations.
    elapsed time = 00:00:01, memory = 4000.68 (MB).
    Completing 30% with 483 violations.
    elapsed time = 00:00:04, memory = 4200.05 (MB).
    Completing 40% with 483 violations.
    elapsed time = 00:00:05, memory = 4329.55 (MB).
    Completing 50% with 483 violations.
    elapsed time = 00:00:05, memory = 4338.59 (MB).
    Completing 60% with 730 violations.
    elapsed time = 00:00:07, memory = 4541.55 (MB).
    Completing 70% with 730 violations.
    elapsed time = 00:00:08, memory = 4484.15 (MB).
    Completing 80% with 1092 violations.
    elapsed time = 00:00:09, memory = 4545.77 (MB).
    Completing 90% with 1092 violations.
    elapsed time = 00:00:10, memory = 4578.44 (MB).
    Completing 100% with 1260 violations.
    elapsed time = 00:00:12, memory = 4292.83 (MB).
[INFO DRT-0199]   Number of violations = 1524.
Viol/Layer         li1   mcon   met1   met2   met3
Cut Spacing          0      2      0      0      0
Metal Spacing        0      0    143     50      4
Recheck              3      0    165     95      1
Short                0      0    825    231      5
[INFO DRT-0267] cpu time = 00:03:17, elapsed time = 00:00:12, memory = 4292.83 (MB), peak = 5509.01 (MB)
Total wire length = 1136892 um.
Total wire length on LAYER li1 = 0 um.
Total wire length on LAYER met1 = 486643 um.
Total wire length on LAYER met2 = 524647 um.
Total wire length on LAYER met3 = 73124 um.
Total wire length on LAYER met4 = 52135 um.
Total wire length on LAYER met5 = 340 um.
Total number of vias = 262593.
Up-via summary (total 262593):

-------------------------
 FR_MASTERSLICE         0
            li1    121241
           met1    132860
           met2      6800
           met3      1640
           met4        52
-------------------------
               262593


[INFO DRT-0195] Start 1st optimization iteration.
    Completing 10% with 1524 violations.
    elapsed time = 00:00:00, memory = 4536.18 (MB).
    Completing 20% with 1524 violations.
    elapsed time = 00:00:01, memory = 4463.64 (MB).
    Completing 30% with 1245 violations.
    elapsed time = 00:00:03, memory = 4368.38 (MB).
    Completing 40% with 1245 violations.
    elapsed time = 00:00:04, memory = 4540.01 (MB).
    Completing 50% with 1245 violations.
    elapsed time = 00:00:04, memory = 4404.27 (MB).
    Completing 60% with 1043 violations.
    elapsed time = 00:00:06, memory = 4577.74 (MB).
    Completing 70% with 1043 violations.
    elapsed time = 00:00:06, memory = 4368.71 (MB).
    Completing 80% with 875 violations.
    elapsed time = 00:00:08, memory = 4470.97 (MB).
    Completing 90% with 875 violations.
    elapsed time = 00:00:09, memory = 4444.80 (MB).
    Completing 100% with 710 violations.
    elapsed time = 00:00:11, memory = 4300.73 (MB).
[INFO DRT-0199]   Number of violations = 710.
Viol/Layer        met1   met2   met3
Metal Spacing       74     24      1
Short              560     50      1
[INFO DRT-0267] cpu time = 00:03:02, elapsed time = 00:00:11, memory = 4300.73 (MB), peak = 5509.01 (MB)
Total wire length = 1136673 um.
Total wire length on LAYER li1 = 0 um.
Total wire length on LAYER met1 = 486593 um.
Total wire length on LAYER met2 = 524551 um.
Total wire length on LAYER met3 = 73087 um.
Total wire length on LAYER met4 = 52100 um.
Total wire length on LAYER met5 = 340 um.
Total number of vias = 262513.
Up-via summary (total 262513):

-------------------------
 FR_MASTERSLICE         0
            li1    121245
           met1    132778
           met2      6802
           met3      1636
           met4        52
-------------------------
               262513


[INFO DRT-0195] Start 2nd optimization iteration.
    Completing 10% with 710 violations.
    elapsed time = 00:00:00, memory = 4300.73 (MB).
    Completing 20% with 710 violations.
    elapsed time = 00:00:00, memory = 4300.73 (MB).
    Completing 30% with 718 violations.
    elapsed time = 00:00:00, memory = 4300.73 (MB).
    Completing 40% with 718 violations.
    elapsed time = 00:00:00, memory = 4300.73 (MB).
    Completing 50% with 718 violations.
    elapsed time = 00:00:01, memory = 4300.73 (MB).
    Completing 60% with 683 violations.
    elapsed time = 00:00:02, memory = 4300.73 (MB).
    Completing 70% with 683 violations.
    elapsed time = 00:00:02, memory = 4300.73 (MB).
    Completing 80% with 621 violations.
    elapsed time = 00:00:03, memory = 4301.12 (MB).
    Completing 90% with 621 violations.
    elapsed time = 00:00:03, memory = 4301.12 (MB).
    Completing 100% with 657 violations.
    elapsed time = 00:00:05, memory = 4301.12 (MB).
[INFO DRT-0199]   Number of violations = 657.
Viol/Layer        met1   met2   met3
Metal Spacing       93     24      1
Short              484     50      5
[INFO DRT-0267] cpu time = 00:00:33, elapsed time = 00:00:05, memory = 4301.12 (MB), peak = 5509.01 (MB)
Total wire length = 1136574 um.
Total wire length on LAYER li1 = 0 um.
Total wire length on LAYER met1 = 486584 um.
Total wire length on LAYER met2 = 524496 um.
Total wire length on LAYER met3 = 73052 um.
Total wire length on LAYER met4 = 52100 um.
Total wire length on LAYER met5 = 340 um.
Total number of vias = 262477.
Up-via summary (total 262477):

-------------------------
 FR_MASTERSLICE         0
            li1    121242
           met1    132755
           met2      6792
           met3      1636
           met4        52
-------------------------
               262477


[INFO DRT-0195] Start 3rd optimization iteration.
    Completing 10% with 657 violations.
    elapsed time = 00:00:00, memory = 4301.12 (MB).
    Completing 20% with 657 violations.
    elapsed time = 00:00:00, memory = 4301.12 (MB).
    Completing 30% with 461 violations.
    elapsed time = 00:00:02, memory = 4301.57 (MB).
    Completing 40% with 461 violations.
    elapsed time = 00:00:02, memory = 4301.57 (MB).
    Completing 50% with 461 violations.
    elapsed time = 00:00:03, memory = 4337.29 (MB).
    Completing 60% with 409 violations.
    elapsed time = 00:00:04, memory = 4301.68 (MB).
    Completing 70% with 409 violations.
    elapsed time = 00:00:04, memory = 4301.68 (MB).
    Completing 80% with 199 violations.
    elapsed time = 00:00:08, memory = 4301.68 (MB).
    Completing 90% with 199 violations.
    elapsed time = 00:00:08, memory = 4301.68 (MB).
    Completing 100% with 124 violations.
    elapsed time = 00:00:12, memory = 4302.38 (MB).
[INFO DRT-0199]   Number of violations = 124.
Viol/Layer        met1   met2   met3
Metal Spacing       17      3      0
Short               95      8      1
[INFO DRT-0267] cpu time = 00:00:58, elapsed time = 00:00:12, memory = 4302.38 (MB), peak = 5509.01 (MB)
Total wire length = 1136470 um.
Total wire length on LAYER li1 = 0 um.
Total wire length on LAYER met1 = 484588 um.
Total wire length on LAYER met2 = 524419 um.
Total wire length on LAYER met3 = 74908 um.
Total wire length on LAYER met4 = 52213 um.
Total wire length on LAYER met5 = 340 um.
Total number of vias = 262748.
Up-via summary (total 262748):

-------------------------
 FR_MASTERSLICE         0
            li1    121245
           met1    132843
           met2      6960
           met3      1648
           met4        52
-------------------------
               262748


[INFO DRT-0195] Start 4th optimization iteration.
    Completing 10% with 124 violations.
    elapsed time = 00:00:00, memory = 4302.38 (MB).
    Completing 20% with 124 violations.
    elapsed time = 00:00:00, memory = 4302.38 (MB).
    Completing 30% with 88 violations.
    elapsed time = 00:00:00, memory = 4302.38 (MB).
    Completing 40% with 88 violations.
    elapsed time = 00:00:00, memory = 4302.38 (MB).
    Completing 50% with 88 violations.
    elapsed time = 00:00:00, memory = 4302.38 (MB).
    Completing 60% with 86 violations.
    elapsed time = 00:00:00, memory = 4302.38 (MB).
    Completing 70% with 86 violations.
    elapsed time = 00:00:00, memory = 4302.38 (MB).
    Completing 80% with 18 violations.
    elapsed time = 00:00:01, memory = 4302.38 (MB).
    Completing 90% with 18 violations.
    elapsed time = 00:00:01, memory = 4302.38 (MB).
    Completing 100% with 0 violations.
    elapsed time = 00:00:02, memory = 4302.38 (MB).
[INFO DRT-0199]   Number of violations = 0.
[INFO DRT-0267] cpu time = 00:00:09, elapsed time = 00:00:02, memory = 4302.38 (MB), peak = 5509.01 (MB)
Total wire length = 1136424 um.
Total wire length on LAYER li1 = 0 um.
Total wire length on LAYER met1 = 484085 um.
Total wire length on LAYER met2 = 524374 um.
Total wire length on LAYER met3 = 75373 um.
Total wire length on LAYER met4 = 52250 um.
Total wire length on LAYER met5 = 340 um.
Total number of vias = 262757.
Up-via summary (total 262757):

-------------------------
 FR_MASTERSLICE         0
            li1    121246
           met1    132819
           met2      6990
           met3      1650
           met4        52
-------------------------
               262757


[INFO DRT-0198] Complete detail routing.
Total wire length = 1136424 um.
Total wire length on LAYER li1 = 0 um.
Total wire length on LAYER met1 = 484085 um.
Total wire length on LAYER met2 = 524374 um.
Total wire length on LAYER met3 = 75373 um.
Total wire length on LAYER met4 = 52250 um.
Total wire length on LAYER met5 = 340 um.
Total number of vias = 262757.
Up-via summary (total 262757):

-------------------------
 FR_MASTERSLICE         0
            li1    121246
           met1    132819
           met2      6990
           met3      1650
           met4        52
-------------------------
               262757


[INFO DRT-0267] cpu time = 00:08:01, elapsed time = 00:00:44, memory = 4302.38 (MB), peak = 5509.01 (MB)

[INFO DRT-0180] Post processing.
[INFO DRT-0501] Runtime: 73.12s
[INFO ANT-0002] Found 1 net violations.
[INFO ANT-0001] Found 1 pin violations.
[INFO GRT-0012] Found 1 antenna violations.
[INFO DPL-0006] Core area: 763508.52 um^2
[INFO DPL-0007] Movable instances area: 0.00 um^2
[INFO DPL-0008] Fixed instances area within core: 450871.17 um^2
[INFO DPL-0009] Utilization: 59.1%
[INFO DPL-0005] Diamond search max displacement: +/- 500 sites horizontally, +/- 100 rows vertically.
[INFO DPL-1102] Legalizing using negotiation legalizer.
[INFO DPL-1103] Negotiation base search window: +/-20 sites horizontally, +/-5 rows vertically 
	Automatic search window extension enabled.
	Search window extendable up to the max displacement cap of +/-500 sites, +/-100 rows near walls.
[INFO DPL-1104] NegotiationLegalizer DRC penalty: 5.
[INFO DPL-0392] Negotiation cell height distribution (1 unique row-count(s)):
[INFO DPL-0393]   height 1 row(s): 46183 cells
[INFO DPL-0500] Runtime: 0.15s
[INFO GRT-0015] Inserted 1 diodes.
[WARNING DRT-0120] Large net net6873 has 105 pins which may impact routing performance. Consider optimization.
[WARNING DRT-0120] Large net net6875 has 114 pins which may impact routing performance. Consider optimization.
[WARNING DRT-0120] Large net net6876 has 116 pins which may impact routing performance. Consider optimization.
[WARNING DRT-0120] Large net net7233 has 134 pins which may impact routing performance. Consider optimization.
[WARNING DRT-0120] Large net net7236 has 116 pins which may impact routing performance. Consider optimization.
[WARNING DRT-0120] Large net net7203 has 105 pins which may impact routing performance. Consider optimization.
[WARNING DRT-0120] Large net net7212 has 149 pins which may impact routing performance. Consider optimization.
[WARNING DRT-0120] Large net net7210 has 152 pins which may impact routing performance. Consider optimization.
[WARNING DRT-0120] Large net net7226 has 105 pins which may impact routing performance. Consider optimization.
[WARNING DRT-0120] Large net net7225 has 107 pins which may impact routing performance. Consider optimization.
[WARNING DRT-0120] Large net net7222 has 176 pins which may impact routing performance. Consider optimization.
[WARNING DRT-0120] Large net net7219 has 120 pins which may impact routing performance. Consider optimization.
[WARNING DRT-0120] Large net net7218 has 152 pins which may impact routing performance. Consider optimization.
[WARNING DRT-0120] Large net net7541 has 113 pins which may impact routing performance. Consider optimization.
[WARNING DRT-0120] Large net net7549 has 151 pins which may impact routing performance. Consider optimization.
[WARNING DRT-0120] Large net net7550 has 105 pins which may impact routing performance. Consider optimization.
[WARNING DRT-0120] Large net net7559 has 149 pins which may impact routing performance. Consider optimization.
[WARNING DRT-0120] Large net net7560 has 104 pins which may impact routing performance. Consider optimization.
[WARNING DRT-0120] Large net net7565 has 104 pins which may impact routing performance. Consider optimization.
[WARNING DRT-0120] Large net net7634 has 108 pins which may impact routing performance. Consider optimization.
[INFO DRT-0024]   Complete FR_MASTERSLICE.
[INFO DRT-0024]   Complete Fr_VIA.
[INFO DRT-0024]   Complete li1.
[INFO DRT-0024]   Complete mcon.
[INFO DRT-0024]   Complete met1.
[INFO DRT-0024]   Complete via.
[INFO DRT-0024]   Complete met2.
[INFO DRT-0024]   Complete via2.
[INFO DRT-0024]   Complete met3.
[INFO DRT-0024]   Complete via3.
[INFO DRT-0024]   Complete met4.
[INFO DRT-0024]   Complete via4.
[INFO DRT-0024]   Complete met5.
[INFO DRT-0165] Start pin access.
[INFO DRT-0076]   Complete 1000 pins.
[INFO DRT-0076]   Complete 2000 pins.
[INFO DRT-0078]   Complete 2086 pins.
[INFO DRT-0079]   Complete 100 unique inst patterns.
[INFO DRT-0079]   Complete 200 unique inst patterns.
[INFO DRT-0081]   Complete 260 unique inst patterns.
[INFO DRT-0082]   Complete 10000 groups.
[INFO DRT-0082]   Complete 20000 groups.
[INFO DRT-0084]   Complete 24239 groups.
#scanned instances     = 46183
#unique  instances     = 260
#stdCellGenAp          = 9402
#stdCellValidPlanarAp  = 150
#stdCellValidViaAp     = 6187
#stdCellPinNoAp        = 10
#stdCellPinCnt         = 128638
#instTermValidViaApCnt = 0
#macroGenAp            = 0
#macroValidPlanarAp    = 0
#macroValidViaAp       = 0
#macroNoAp             = 0
[INFO DRT-0166] Complete pin access.
[INFO DRT-0267] cpu time = 00:09:16, elapsed time = 00:00:22, memory = 4206.67 (MB), peak = 5509.01 (MB)
[INFO DRT-0156] guideIn read 100000 guides.
[INFO DRT-0156] guideIn read 200000 guides.

[INFO DRT-0157] Number of guides:     287925

[INFO DRT-0169] Post process guides.
[INFO DRT-0176] GCELLGRID X 0 DO 127 STEP 6900 ;
[INFO DRT-0177] GCELLGRID Y 0 DO 127 STEP 6900 ;
[INFO DRT-0026]   Complete 100000 origin guides.
[INFO DRT-0026]   Complete 200000 origin guides.
[INFO DRT-0028]   Complete FR_MASTERSLICE.
[INFO DRT-0028]   Complete Fr_VIA.
[INFO DRT-0028]   Complete li1.
[INFO DRT-0028]   Complete mcon.
[INFO DRT-0028]   Complete met1.
[INFO DRT-0028]   Complete via.
[INFO DRT-0028]   Complete met2.
[INFO DRT-0028]   Complete via2.
[INFO DRT-0028]   Complete met3.
[INFO DRT-0028]   Complete via3.
[INFO DRT-0028]   Complete met4.
[INFO DRT-0028]   Complete via4.
[INFO DRT-0028]   Complete met5.
[INFO DRT-0178] Init guide query.
[INFO DRT-0035]   Complete FR_MASTERSLICE (guide).
[INFO DRT-0035]   Complete Fr_VIA (guide).
[INFO DRT-0035]   Complete li1 (guide).
[INFO DRT-0035]   Complete mcon (guide).
[INFO DRT-0035]   Complete met1 (guide).
[INFO DRT-0035]   Complete via (guide).
[INFO DRT-0035]   Complete met2 (guide).
[INFO DRT-0035]   Complete via2 (guide).
[INFO DRT-0035]   Complete met3 (guide).
[INFO DRT-0035]   Complete via3 (guide).
[INFO DRT-0035]   Complete met4 (guide).
[INFO DRT-0035]   Complete via4 (guide).
[INFO DRT-0035]   Complete met5 (guide).
[INFO DRT-0036] FR_MASTERSLICE guide region query size = 0.
[INFO DRT-0036] FR_VIA guide region query size = 0.
[INFO DRT-0036] li1 guide region query size = 98783.
[INFO DRT-0036] mcon guide region query size = 0.
[INFO DRT-0036] met1 guide region query size = 88062.
[INFO DRT-0036] via guide region query size = 0.
[INFO DRT-0036] met2 guide region query size = 42367.
[INFO DRT-0036] via2 guide region query size = 0.
[INFO DRT-0036] met3 guide region query size = 2095.
[INFO DRT-0036] via3 guide region query size = 0.
[INFO DRT-0036] met4 guide region query size = 1048.
[INFO DRT-0036] via4 guide region query size = 0.
[INFO DRT-0036] met5 guide region query size = 28.
[INFO DRT-0179] Init gr pin query.
[INFO DRT-0267] cpu time = 00:00:01, elapsed time = 00:00:00, memory = 4206.67 (MB), peak = 5509.01 (MB)
[INFO DRT-0245] skipped writing guide updates to database.
[INFO DRT-0181] Start track assignment.
[INFO DRT-0184] Done with 142198 vertical wires in 3 frboxes and 90185 horizontal wires in 3 frboxes.
[INFO DRT-0186] Done with 15022 vertical wires in 3 frboxes and 26393 horizontal wires in 3 frboxes.
[INFO DRT-0182] Complete track assignment.
[INFO DRT-0267] cpu time = 00:00:10, elapsed time = 00:00:04, memory = 4304.22 (MB), peak = 5509.01 (MB)
[INFO DRT-0187] Start routing data preparation.
[INFO DRT-0267] cpu time = 00:00:00, elapsed time = 00:00:00, memory = 4304.22 (MB), peak = 5509.01 (MB)
[INFO DRT-0194] Start detail routing.
[INFO DRT-0195] Start 0th optimization iteration.
    Completing 10% with 0 violations.
    elapsed time = 00:00:00, memory = 4518.32 (MB).
    Completing 20% with 0 violations.
    elapsed time = 00:00:01, memory = 4417.50 (MB).
    Completing 30% with 0 violations.
    elapsed time = 00:00:02, memory = 4513.67 (MB).
    Completing 40% with 0 violations.
    elapsed time = 00:00:02, memory = 4508.47 (MB).
    Completing 50% with 0 violations.
    elapsed time = 00:00:03, memory = 4474.83 (MB).
    Completing 60% with 0 violations.
    elapsed time = 00:00:04, memory = 4587.58 (MB).
    Completing 70% with 0 violations.
    elapsed time = 00:00:05, memory = 4618.69 (MB).
    Completing 80% with 0 violations.
    elapsed time = 00:00:06, memory = 4575.95 (MB).
    Completing 90% with 0 violations.
    elapsed time = 00:00:07, memory = 4528.89 (MB).
    Completing 100% with 1 violations.
    elapsed time = 00:00:08, memory = 4351.41 (MB).
[INFO DRT-0199]   Number of violations = 1.
Viol/Layer        met2
Short                1
[INFO DRT-0267] cpu time = 00:02:41, elapsed time = 00:00:08, memory = 4351.41 (MB), peak = 5509.01 (MB)
Total wire length = 1136429 um.
Total wire length on LAYER li1 = 0 um.
Total wire length on LAYER met1 = 484085 um.
Total wire length on LAYER met2 = 524380 um.
Total wire length on LAYER met3 = 75372 um.
Total wire length on LAYER met4 = 52250 um.
Total wire length on LAYER met5 = 340 um.
Total number of vias = 262757.
Up-via summary (total 262757):

-------------------------
 FR_MASTERSLICE         0
            li1    121247
           met1    132820
           met2      6988
           met3      1650
           met4        52
-------------------------
               262757


[INFO DRT-0195] Start 1st optimization iteration.
    Completing 10% with 1 violations.
    elapsed time = 00:00:00, memory = 4644.48 (MB).
    Completing 20% with 1 violations.
    elapsed time = 00:00:01, memory = 4606.43 (MB).
    Completing 30% with 1 violations.
    elapsed time = 00:00:02, memory = 4517.18 (MB).
    Completing 40% with 1 violations.
    elapsed time = 00:00:02, memory = 4510.00 (MB).
    Completing 50% with 1 violations.
    elapsed time = 00:00:03, memory = 4441.61 (MB).
    Completing 60% with 1 violations.
    elapsed time = 00:00:04, memory = 4608.31 (MB).
    Completing 70% with 1 violations.
    elapsed time = 00:00:04, memory = 4517.36 (MB).
    Completing 80% with 1 violations.
    elapsed time = 00:00:06, memory = 4671.73 (MB).
    Completing 90% with 1 violations.
    elapsed time = 00:00:06, memory = 4623.21 (MB).
    Completing 100% with 0 violations.
    elapsed time = 00:00:07, memory = 4488.21 (MB).
[INFO DRT-0199]   Number of violations = 0.
[INFO DRT-0267] cpu time = 00:02:35, elapsed time = 00:00:07, memory = 4488.21 (MB), peak = 5509.01 (MB)
Total wire length = 1136427 um.
Total wire length on LAYER li1 = 0 um.
Total wire length on LAYER met1 = 484084 um.
Total wire length on LAYER met2 = 524379 um.
Total wire length on LAYER met3 = 75372 um.
Total wire length on LAYER met4 = 52250 um.
Total wire length on LAYER met5 = 340 um.
Total number of vias = 262757.
Up-via summary (total 262757):

-------------------------
 FR_MASTERSLICE         0
            li1    121247
           met1    132820
           met2      6988
           met3      1650
           met4        52
-------------------------
               262757


[INFO DRT-0198] Complete detail routing.
Total wire length = 1136427 um.
Total wire length on LAYER li1 = 0 um.
Total wire length on LAYER met1 = 484084 um.
Total wire length on LAYER met2 = 524379 um.
Total wire length on LAYER met3 = 75372 um.
Total wire length on LAYER met4 = 52250 um.
Total wire length on LAYER met5 = 340 um.
Total number of vias = 262757.
Up-via summary (total 262757):

-------------------------
 FR_MASTERSLICE         0
            li1    121247
           met1    132820
           met2      6988
           met3      1650
           met4        52
-------------------------
               262757


[INFO DRT-0267] cpu time = 00:05:16, elapsed time = 00:00:16, memory = 4488.21 (MB), peak = 5509.01 (MB)

[INFO DRT-0180] Post processing.
[INFO DRT-0501] Runtime: 44.46s
[INFO ANT-0002] Found 0 net violations.
[INFO ANT-0001] Found 0 pin violations.
[INFO ANT-0002] Found 0 net violations.
[INFO ANT-0001] Found 0 pin violations.
Design area 450871 um^2 59% utilization.
write_db /tmp/workspace/scripts-Private_test-fr_cugr_cmp-1-/results/sky130hd/jpeg/base/5_2_route.odb
Elapsed time: 6:09.25[h:]min:sec. CPU time: user 6044.91 sys 3.81 (1638%). Peak memory: 5641228KB.
Log                       Ext     Elapsed/s Peak Memory/MB sha1sum result [0:20)
5_2_route                 .odb          369           5509 32c2640113830507af9a
