[2026-08-20 04:17:02.711] [miter_logger] [info] MiterStrategy::run starting
[2026-08-20 04:17:02.711] [miter_logger] [info] Collecting POs for design 0: aes_cipher_top

[2026-08-20 04:17:02.743] [miter_logger] [info] Collected 821 PIs for design 0

[2026-08-20 04:17:02.743] [miter_logger] [info] Collected 1253 POs for design 0

[2026-08-20 04:17:02.743] [miter_logger] [info] design 0 PI summary by model/term (821 total terminals, 8 unique rows):
| Model                           | Term    | Count |
|---------------------------------|---------|-------|
| gf180mcu_fd_sc_mcu7t5v0__dffq_2 | Q       |   455 |
| aes_cipher_top                  | key     |   128 |
| aes_cipher_top                  | text_in |   128 |
| gf180mcu_fd_sc_mcu9t5v0__dffq_4 | Q       |    60 |
| gf180mcu_fd_sc_mcu9t5v0__dffq_2 | Q       |    47 |
| aes_cipher_top                  | clk     |     1 |
| aes_cipher_top                  | ld      |     1 |
| aes_cipher_top                  | rst     |     1 |

[2026-08-20 04:17:02.743] [miter_logger] [info] design 0 PO summary by model/term (1253 total terminals, 8 unique rows):
| Model                           | Term     | Count |
|---------------------------------|----------|-------|
| gf180mcu_fd_sc_mcu7t5v0__dffq_2 | CLK      |   455 |
| gf180mcu_fd_sc_mcu7t5v0__dffq_2 | D        |   455 |
| aes_cipher_top                  | text_out |   128 |
| gf180mcu_fd_sc_mcu9t5v0__dffq_4 | CLK      |    60 |
| gf180mcu_fd_sc_mcu9t5v0__dffq_4 | D        |    60 |
| gf180mcu_fd_sc_mcu9t5v0__dffq_2 | CLK      |    47 |
| gf180mcu_fd_sc_mcu9t5v0__dffq_2 | D        |    47 |
| aes_cipher_top                  | done     |     1 |

[2026-08-20 04:17:02.744] [miter_logger] [info] Collecting POs for design 1: aes_cipher_top

[2026-08-20 04:17:02.773] [miter_logger] [info] size of common inputs: 821
[2026-08-20 04:17:02.773] [miter_logger] [info] size of diff0 inputs: 0
[2026-08-20 04:17:02.773] [miter_logger] [info] size of diff1 inputs: 0
[2026-08-20 04:17:02.773] [miter_logger] [info] Collected 821 PIs for design 1

[2026-08-20 04:17:02.773] [miter_logger] [info] Collected 1253 POs for design 1

[2026-08-20 04:17:02.773] [miter_logger] [info] design 1 PI summary by model/term (821 total terminals, 8 unique rows):
| Model                           | Term    | Count |
|---------------------------------|---------|-------|
| gf180mcu_fd_sc_mcu7t5v0__dffq_2 | Q       |   424 |
| aes_cipher_top                  | key     |   128 |
| aes_cipher_top                  | text_in |   128 |
| gf180mcu_fd_sc_mcu9t5v0__dffq_4 | Q       |    92 |
| gf180mcu_fd_sc_mcu9t5v0__dffq_2 | Q       |    46 |
| aes_cipher_top                  | clk     |     1 |
| aes_cipher_top                  | ld      |     1 |
| aes_cipher_top                  | rst     |     1 |

[2026-08-20 04:17:02.774] [miter_logger] [info] design 1 PO summary by model/term (1253 total terminals, 8 unique rows):
| Model                           | Term     | Count |
|---------------------------------|----------|-------|
| gf180mcu_fd_sc_mcu7t5v0__dffq_2 | CLK      |   424 |
| gf180mcu_fd_sc_mcu7t5v0__dffq_2 | D        |   424 |
| aes_cipher_top                  | text_out |   128 |
| gf180mcu_fd_sc_mcu9t5v0__dffq_4 | CLK      |    92 |
| gf180mcu_fd_sc_mcu9t5v0__dffq_4 | D        |    92 |
| gf180mcu_fd_sc_mcu9t5v0__dffq_2 | CLK      |    46 |
| gf180mcu_fd_sc_mcu9t5v0__dffq_2 | D        |    46 |
| aes_cipher_top                  | done     |     1 |

[2026-08-20 04:17:02.774] [miter_logger] [info] normalizeInputs: starting
[2026-08-20 04:17:02.774] [miter_logger] [info] size of common inputs: 821
[2026-08-20 04:17:02.774] [miter_logger] [info] size of diff0 inputs: 0
[2026-08-20 04:17:02.774] [miter_logger] [info] size of diff1 inputs: 0
[2026-08-20 04:17:02.774] [miter_logger] [info] normalizeOutputs: starting
[2026-08-20 04:17:02.775] [miter_logger] [info] size of common outputs: 1253
[2026-08-20 04:17:02.775] [miter_logger] [info] size of diff0 outputs: 0
[2026-08-20 04:17:02.775] [miter_logger] [info] size of diff1 outputs: 0
[2026-08-20 04:17:02.775] [miter_logger] [info] size of PIs in circuit 0: 821
[2026-08-20 04:17:02.775] [miter_logger] [info] size of PIs in circuit 1: 821
[2026-08-20 04:17:02.775] [miter_logger] [info] size of POs in circuit 0: 1253
[2026-08-20 04:17:02.775] [miter_logger] [info] size of POs in circuit 1: 1253
[2026-08-20 04:17:02.994] [miter_logger] [info] Building miter expression
[2026-08-20 04:17:02.994] [miter_logger] [info] Finished building miter expression
[2026-08-20 04:17:03.122] [miter_logger] [info] Starting solver
[2026-08-20 04:17:12.919] [miter_logger] [info] SAT solver finished: UNSAT
[2026-08-20 04:17:12.919] [miter_logger] [info] Circuits are IDENTICAL
