OpenROAD 26Q3-1464-gb22abfea20 
Features included (+) or not (-): +GPU +GUI +Python
This program is licensed under the BSD-3 license. See the LICENSE file for details.
Components of this program may be licensed under more restrictive licenses which must be honored.
[INFO ORD-0030] Using 30 thread(s).
read_liberty /OpenROAD-flow-scripts/flow/platforms/gf180/lib/gf180mcu_fd_sc_mcu9t5v0__ff_n40C_5v50.lib.gz
read_liberty ./platforms/gf180/lib/gf180mcu_fd_sc_mcu7t5v0__ff_n40C_5v50.lib.gz
read_db /tmp/workspace/scripts-Private_test-fr_cugr_cmp-1-/results/gf180/aes-hybrid/base/4_cts.odb
read_sdc /tmp/workspace/scripts-Private_test-fr_cugr_cmp-1-/results/gf180/aes-hybrid/base/4_cts.sdc
source ./platforms/gf180/setRC.tcl
pin_access
[INFO DRT-0149] Reading tech and libs.
[WARNING DRT-0349] LEF58_ENCLOSURE with no CUTCLASS is not supported. Skipping for layer Via1
[WARNING DRT-0349] LEF58_ENCLOSURE with no CUTCLASS is not supported. Skipping for layer Via1
[WARNING DRT-0349] LEF58_ENCLOSURE with no CUTCLASS is not supported. Skipping for layer Via2
[WARNING DRT-0349] LEF58_ENCLOSURE with no CUTCLASS is not supported. Skipping for layer Via2
[WARNING DRT-0349] LEF58_ENCLOSURE with no CUTCLASS is not supported. Skipping for layer Via3
[WARNING DRT-0349] LEF58_ENCLOSURE with no CUTCLASS is not supported. Skipping for layer Via3
[WARNING DRT-0349] LEF58_ENCLOSURE with no CUTCLASS is not supported. Skipping for layer Via4
[WARNING DRT-0349] LEF58_ENCLOSURE with no CUTCLASS is not supported. Skipping for layer Via4

Units:                2000
Number of layers:     11
Number of macros:     458
Number of vias:       64
Number of viarulegen: 18

[INFO DRT-0150] Reading design.

Design:                   aes_cipher_top
Die area:                 ( 0 0 ) ( 2315110 2315110 )
Number of track patterns: 10
Number of DEF vias:       0
Number of components:     18390
Number of terminals:      390
Number of snets:          2
Number of nets:           17589

[INFO DRT-0167] List of default vias:
  Layer Via2
    default via: Via2_VH
  Layer Via3
    default via: Via3_HV
  Layer Via4
    default via: Via4_1_VH
[INFO DRT-0162] Library cell analysis.
[INFO DRT-0163] Instance analysis.
[INFO DRT-0164] Number of unique instances = 109.
[INFO DRT-0168] Init region query.
[INFO DRT-0024]   Complete Poly2.
[INFO DRT-0024]   Complete CON.
[INFO DRT-0024]   Complete Metal1.
[INFO DRT-0024]   Complete Via1.
[INFO DRT-0024]   Complete Metal2.
[INFO DRT-0024]   Complete Via2.
[INFO DRT-0024]   Complete Metal3.
[INFO DRT-0024]   Complete Via3.
[INFO DRT-0024]   Complete Metal4.
[INFO DRT-0024]   Complete Via4.
[INFO DRT-0024]   Complete Metal5.
[INFO DRT-0033] Poly2 shape region query size = 0.
[INFO DRT-0033] CON shape region query size = 0.
[INFO DRT-0033] Metal1 shape region query size = 436613.
[INFO DRT-0033] Via1 shape region query size = 33280.
[INFO DRT-0033] Metal2 shape region query size = 146432.
[INFO DRT-0033] Via2 shape region query size = 133120.
[INFO DRT-0033] Metal3 shape region query size = 266481.
[INFO DRT-0033] Via3 shape region query size = 133120.
[INFO DRT-0033] Metal4 shape region query size = 133969.
[INFO DRT-0033] Via4 shape region query size = 10400.
[INFO DRT-0033] Metal5 shape region query size = 700.
[INFO DRT-0165] Start pin access.
[INFO DRT-0078]   Complete 560 pins.
[INFO DRT-0079]   Complete 100 unique inst patterns.
[INFO DRT-0081]   Complete 107 unique inst patterns.
[INFO DRT-0082]   Complete 10000 groups.
[INFO DRT-0084]   Complete 12674 groups.
#scanned instances     = 18390
#unique  instances     = 109
#stdCellGenAp          = 3945
#stdCellValidPlanarAp  = 0
#stdCellValidViaAp     = 2743
#stdCellPinNoAp        = 0
#stdCellPinCnt         = 53620
#instTermValidViaApCnt = 0
#macroGenAp            = 0
#macroValidPlanarAp    = 0
#macroValidViaAp       = 0
#macroNoAp             = 0
[INFO DRT-0166] Complete pin access.
[INFO DRT-0267] cpu time = 00:01:31, elapsed time = 00:00:03, memory = 302.67 (MB), peak = 312.01 (MB)
global_route -congestion_report_file /tmp/workspace/scripts-Private_test-fr_cugr_cmp-1-/reports/gf180/aes-hybrid/base/congestion.rpt -congestion_iterations 30 -congestion_report_iter_step 5 -verbose
[INFO GRT-0020] Min routing layer: Metal2
[INFO GRT-0021] Max routing layer: Metal5
[INFO GRT-0022] Global adjustment: 0%
[INFO GRT-0023] Grid origin: (0, 0)
[INFO GRT-0088] Layer Metal1  Track-Pitch = 0.5600  line-2-Via Pitch: 0.4750
[INFO GRT-0088] Layer Metal2  Track-Pitch = 0.5600  line-2-Via Pitch: 0.5600
[INFO GRT-0088] Layer Metal3  Track-Pitch = 0.5600  line-2-Via Pitch: 0.5600
[INFO GRT-0088] Layer Metal4  Track-Pitch = 0.5600  line-2-Via Pitch: 0.5600
[INFO GRT-0088] Layer Metal5  Track-Pitch = 0.9000  line-2-Via Pitch: 0.8200
[INFO GRT-0003] Macros: 0
[INFO GRT-0004] Blockages: 0
[INFO GRT-0019] Found 35 clock nets.
[INFO GRT-0001] Minimum degree: 2
[INFO GRT-0002] Maximum degree: 91

[INFO GRT-0053] Routing resources analysis:
          Routing      Original      Derated      Resource
Layer     Direction    Resources     Resources    Reduction (%)
---------------------------------------------------------------
Metal1     Horizontal          0             0          0.00%
Metal2     Vertical       247409        179132          27.60%
Metal3     Horizontal     269314        195194          27.52%
Metal4     Vertical       225086        164055          27.11%
Metal5     Horizontal     156672        106624          31.94%
---------------------------------------------------------------

[INFO GRT-0101] Running extra iterations to remove congestion.
[INFO GRT-0102] Start extra iteration 1/30
[INFO GRT-0102] Start extra iteration 2/30
[INFO GRT-0197] Via related to pin nodes: 101583
[INFO GRT-0198] Via related Steiner nodes: 3216
[INFO GRT-0199] Via filling finished.
[INFO GRT-0111] Final number of vias: 133242
[INFO GRT-0112] Final usage 3D: 562710

[INFO GRT-0096] Final congestion report:
Layer         Resource        Demand        Usage (%)    Max H / Max V / Total Congestion
---------------------------------------------------------------------------------------
Metal1               0             0            0.00%             0 /  0 /  0
Metal2          179132         84367           47.10%             0 /  0 /  0
Metal3          195194         70091           35.91%             0 /  0 /  0
Metal4          164055          6732            4.10%             0 /  0 /  0
Metal5          106624          1794            1.68%             0 /  0 /  0
---------------------------------------------------------------------------------------
Total           645005        162984           25.27%             0 /  0 /  0

[INFO GRT-0018] Total wirelength: 1832308 um
[INFO GRT-0014] Routed nets: 17589
[INFO GRT-0303] Global routing runtime = 00:00:01
[WARNING STA-0450] virtual clock vclk_clk can not be propagated.
estimate_parasitics -global_routing
Perform buffer insertion and gate resizing...
repair_design -verbose
Iteration |   Area    | Resized | Buffers | Nets repaired | Remaining
---------------------------------------------------------------------
        0 |     +0.0% |       0 |       0 |             0 |     17617
     1000 |     +0.0% |       0 |       0 |             0 |     16617
     2000 |     +0.0% |       0 |       0 |             0 |     15617
     3000 |     +0.0% |       0 |       0 |             0 |     14617
     4000 |     +0.0% |       0 |       0 |             0 |     13617
     5000 |     +0.0% |       0 |       0 |             0 |     12617
     6000 |     +0.0% |       0 |       0 |             0 |     11617
     7000 |     +0.0% |       0 |       0 |             0 |     10617
     8000 |     +0.0% |       0 |       0 |             0 |      9617
     9000 |     +0.0% |       0 |       0 |             0 |      8617
    10000 |     +0.0% |       0 |       0 |             0 |      7617
    11000 |     +0.0% |       0 |       0 |             0 |      6617
    12000 |     +0.0% |       0 |       0 |             0 |      5617
    13000 |     +0.0% |       0 |       0 |             0 |      4617
    14000 |     +0.0% |       0 |       0 |             0 |      3617
    15000 |     +0.0% |       0 |       0 |             0 |      2617
    16000 |     +0.0% |       0 |       0 |             0 |      1617
    17000 |     +0.0% |       0 |       0 |             0 |       617
    final |     +0.0% |       0 |       0 |             0 |         0
---------------------------------------------------------------------
[INFO RSZ-0504] Runtime: 1.20s
global_route -start_incremental
detailed_placement
[INFO DPL-0006] Core area: 1317878.60 um^2
[INFO DPL-0007] Movable instances area: 613332.61 um^2
[INFO DPL-0008] Fixed instances area within core: 5836.72 um^2
[INFO DPL-0009] Utilization: 47.0%
[INFO DPL-0005] Diamond search max displacement: +/- 500 sites horizontally, +/- 100 rows vertically.
[INFO DPL-1102] Legalizing using negotiation legalizer.
[INFO DPL-1103] Negotiation base search window: +/-20 sites horizontally, +/-5 rows vertically 
	Automatic search window extension enabled.
	Search window extendable up to the max displacement cap of +/-500 sites, +/-100 rows near walls.
[INFO DPL-1104] NegotiationLegalizer DRC penalty: 5.
[INFO DPL-0392] Negotiation cell height distribution (1 unique row-count(s)):
[INFO DPL-0393]   height 1 row(s): 18390 cells
[INFO DPL-0500] Runtime: 0.10s
Placement Analysis
---------------------------------
total displacement          0.0 u
average displacement        0.0 u
max displacement            0.0 u
original HPWL         1231806.9 u
legalized HPWL        1231806.9 u
delta HPWL                    0 %

global_route -end_incremental -congestion_report_file /tmp/workspace/scripts-Private_test-fr_cugr_cmp-1-/reports/gf180/aes-hybrid/base/congestion_post_repair_design.rpt
Repair setup and hold violations...
estimate_parasitics -global_routing
repair_timing -setup_margin 0 -hold_margin 0 -repair_tns 100 -verbose
[INFO RSZ-0100] Repair move sequence: UnbufferMove SizeUpMove SwapPinsMove BufferMove CloneMove SplitLoadMove 
[INFO RSZ-0094] Found 164 endpoints with setup violations.
[INFO RSZ-0099] Repairing 164 out of 164 (100.00%) violating endpoints...
   Iter   | Removed | Resized | Inserted | Cloned |  Pin  |   Area   |    WNS   |   StTNS    |   EnTNS    |  Viol  |  Worst  
          | Buffers |  Gates  | Buffers  |  Gates | Swaps |          |          |            |            | Endpts | St/EnPt 
------------------------------------------------------------------------------------------------------------------------------
       0* |       0 |       0 |        0 |      0 |     0 |    +0.0% |   -1.141 |     -258.1 |     -154.2 |    164 | sa32_sr\[3\]$_DFF_P_/D
      10* |       0 |       6 |        0 |      1 |     2 |    +0.0% |   -1.198 |     -258.5 |     -154.5 |    164 | sa23_sr\[2\]$_DFF_P_/D
      20* |       0 |       8 |        1 |      1 |     9 |    +0.0% |   -1.089 |     -257.2 |     -153.8 |    164 | sa12_sr\[1\]$_DFF_P_/D
      30* |       0 |      14 |        1 |      1 |    13 |    +0.0% |   -1.083 |     -257.0 |     -153.8 |    164 | sa32_sr\[7\]$_DFF_P_/D
      40* |       0 |      19 |        2 |      1 |    17 |    +0.1% |   -1.086 |     -256.6 |     -153.8 |    164 | sa13_sr\[2\]$_DFF_P_/D
      50* |       0 |      24 |        5 |      1 |    19 |    +0.1% |   -1.070 |     -256.0 |     -153.4 |    164 | sa32_sr\[0\]$_DFF_P_/D
      60* |       0 |      28 |        7 |      1 |    23 |    +0.1% |   -1.062 |     -255.8 |     -153.2 |    164 | sa12_sr\[1\]$_DFF_P_/D
      70* |       0 |      35 |        8 |      1 |    25 |    +0.1% |   -1.060 |     -255.5 |     -153.3 |    164 | sa32_sr\[3\]$_DFF_P_/D
      80* |       1 |      40 |       10 |      1 |    27 |    +0.2% |   -1.056 |     -255.3 |     -153.0 |    164 | sa23_sr\[3\]$_DFF_P_/D
      90* |       1 |      42 |       12 |      1 |    33 |    +0.2% |   -1.056 |     -255.1 |     -153.1 |    164 | sa12_sr\[1\]$_DFF_P_/D
     100* |       1 |      48 |       13 |      1 |    36 |    +0.2% |   -1.056 |     -255.0 |     -152.8 |    164 | sa32_sr\[3\]$_DFF_P_/D
     110* |       1 |      52 |       14 |      1 |    41 |    +0.2% |   -1.064 |     -254.6 |     -152.8 |    164 | sa30_sr\[4\]$_DFF_P_/D
     120* |       1 |      53 |       17 |      1 |    47 |    +0.2% |   -1.064 |     -254.5 |     -152.7 |    164 | sa21_sr\[0\]$_DFF_P_/D
     130* |       1 |      58 |       20 |      1 |    51 |    +0.3% |   -1.063 |     -254.2 |     -152.7 |    164 | sa12_sr\[0\]$_DFF_P_/D
     140* |       1 |      63 |       20 |      1 |    56 |    +0.3% |   -1.081 |     -254.3 |     -152.7 |    164 | sa21_sr\[2\]$_DFF_P_/D
     150* |       1 |      68 |       23 |      2 |    58 |    +0.3% |   -1.052 |     -254.1 |     -152.8 |    164 | sa12_sr\[1\]$_DFF_P_/D
     160* |       1 |      74 |       24 |      2 |    61 |    +0.4% |   -1.072 |     -254.1 |     -152.7 |    164 | sa12_sr\[1\]$_DFF_P_/D
     170* |       1 |      81 |       25 |      3 |    62 |    +0.4% |   -1.046 |     -254.0 |     -152.7 |    164 | sa30_sr\[4\]$_DFF_P_/D
     180* |       1 |      88 |       27 |      4 |    63 |    +0.4% |   -1.092 |     -254.2 |     -152.8 |    164 | sa32_sr\[7\]$_DFF_P_/D
     190* |       1 |      94 |       28 |      4 |    66 |    +0.4% |   -1.056 |     -253.8 |     -152.6 |    164 | sa21_sr\[0\]$_DFF_P_/D
     200* |       1 |     100 |       29 |      4 |    69 |    +0.4% |   -1.039 |     -253.0 |     -152.4 |    164 | sa12_sr\[1\]$_DFF_P_/D
     210* |       1 |     104 |       29 |      4 |    75 |    +0.5% |   -1.102 |     -253.3 |     -152.6 |    164 | sa12_sr\[1\]$_DFF_P_/D
     220* |       1 |     109 |       30 |      4 |    79 |    +0.5% |   -1.068 |     -253.1 |     -152.6 |    164 | sa12_sr\[0\]$_DFF_P_/D
     230* |       1 |     117 |       30 |      4 |    81 |    +0.5% |   -1.040 |     -253.0 |     -152.4 |    164 | sa12_sr\[1\]$_DFF_P_/D
     240* |       1 |     120 |       30 |      4 |    88 |    +0.5% |   -1.043 |     -253.0 |     -152.4 |    164 | sa30_sr\[4\]$_DFF_P_/D
     250* |       1 |     127 |       30 |      4 |    91 |    +0.5% |   -1.043 |     -253.0 |     -152.4 |    164 | sa12_sr\[1\]$_DFF_P_/D
     260* |       1 |     129 |       32 |      4 |    97 |    +0.5% |   -1.039 |     -252.9 |     -152.5 |    164 | sa23_sr\[3\]$_DFF_P_/D
     270* |       1 |     136 |       33 |      4 |    99 |    +0.6% |   -1.033 |     -252.7 |     -152.4 |    164 | sa32_sr\[3\]$_DFF_P_/D
     280* |       1 |     143 |       33 |      4 |   102 |    +0.6% |   -1.044 |     -252.5 |     -152.2 |    164 | sa23_sr\[7\]$_DFF_P_/D
     290* |       1 |     146 |       33 |      4 |   109 |    +0.6% |   -1.039 |     -252.6 |     -152.0 |    164 | u0.u0.d\[1\]$_DFF_P_/D
     300* |       1 |     149 |       33 |      4 |   116 |    +0.6% |   -1.033 |     -252.8 |     -151.9 |    164 | u0.u0.d\[1\]$_DFF_P_/D
     310* |       1 |     153 |       35 |      4 |   121 |    +0.6% |   -1.041 |     -252.7 |     -152.1 |    164 | sa32_sr\[0\]$_DFF_P_/D
     320* |       1 |     161 |       36 |      4 |   122 |    +0.6% |   -1.030 |     -252.4 |     -151.9 |    164 | sa12_sr\[1\]$_DFF_P_/D
     330* |       1 |     168 |       37 |      4 |   124 |    +0.6% |   -1.061 |     -252.3 |     -151.9 |    164 | sa12_sr\[3\]$_DFF_P_/D
     340* |       1 |     174 |       38 |      4 |   127 |    +0.7% |   -1.038 |     -252.4 |     -151.8 |    164 | sa12_sr\[1\]$_DFF_P_/D
     350* |       1 |     181 |       40 |      4 |   128 |    +0.7% |   -1.025 |     -252.2 |     -151.7 |    164 | u0.u0.d\[3\]$_DFF_P_/D
     360* |       1 |     185 |       41 |      4 |   133 |    +0.7% |   -1.023 |     -252.1 |     -151.7 |    164 | sa32_sr\[7\]$_DFF_P_/D
     370* |       1 |     189 |       42 |      5 |   137 |    +0.7% |   -1.023 |     -252.1 |     -151.6 |    164 | sa32_sr\[0\]$_DFF_P_/D
     380* |       1 |     193 |       42 |      5 |   143 |    +0.7% |   -1.035 |     -252.0 |     -151.2 |    164 | sa33_sr\[4\]$_DFF_P_/D
     390* |       1 |     195 |       43 |      5 |   150 |    +0.7% |   -1.028 |     -251.6 |     -151.1 |    164 | u0.u0.d\[1\]$_DFF_P_/D
     400* |       1 |     201 |       43 |      5 |   154 |    +0.8% |   -1.022 |     -251.5 |     -151.1 |    164 | sa12_sr\[1\]$_DFF_P_/D
     410* |       1 |     206 |       46 |      5 |   158 |    +0.8% |   -1.020 |     -251.5 |     -151.1 |    164 | sa00_sr\[1\]$_DFF_P_/D
     420* |       2 |     213 |       46 |      5 |   160 |    +0.8% |   -1.043 |     -252.0 |     -151.1 |    164 | sa12_sr\[1\]$_DFF_P_/D
     430* |       2 |     219 |       46 |      5 |   164 |    +0.8% |   -1.037 |     -251.2 |     -150.9 |    164 | sa12_sr\[3\]$_DFF_P_/D
     440* |       3 |     225 |       46 |      5 |   167 |    +0.8% |   -1.017 |     -251.2 |     -150.8 |    164 | u0.u0.d\[1\]$_DFF_P_/D
     450* |       3 |     231 |       46 |      5 |   171 |    +0.8% |   -1.012 |     -250.9 |     -150.7 |    164 | sa21_sr\[0\]$_DFF_P_/D
     460* |       3 |     233 |       52 |      5 |   175 |    +0.9% |   -1.014 |     -250.8 |     -150.7 |    164 | sa12_sr\[2\]$_DFF_P_/D
     470* |       4 |     240 |       52 |      5 |   177 |    +0.9% |   -1.010 |     -250.6 |     -150.5 |    164 | sa30_sr\[3\]$_DFF_P_/D
     480* |       4 |     245 |       52 |      5 |   182 |    +0.9% |   -1.028 |     -250.9 |     -150.5 |    164 | sa22_sr\[1\]$_DFF_P_/D
     490* |       4 |     249 |       53 |      5 |   187 |    +0.9% |   -1.008 |     -250.7 |     -150.4 |    164 | sa22_sr\[1\]$_DFF_P_/D
     500* |       4 |     253 |       54 |      5 |   192 |    +0.9% |   -1.007 |     -250.6 |     -150.3 |    164 | sa00_sr\[1\]$_DFF_P_/D
     510* |       4 |     257 |       56 |      5 |   196 |    +0.9% |   -1.006 |     -250.1 |     -150.2 |    164 | sa32_sr\[7\]$_DFF_P_/D
     520* |       4 |     262 |       57 |      5 |   200 |    +1.0% |   -1.005 |     -249.8 |     -150.2 |    164 | sa23_sr\[7\]$_DFF_P_/D
     530* |       4 |     266 |       60 |      6 |   204 |    +1.0% |   -1.004 |     -249.6 |     -150.0 |    164 | u0.u0.d\[0\]$_DFF_P_/D
     540* |       4 |     271 |       62 |      6 |   208 |    +1.0% |   -1.003 |     -249.4 |     -150.0 |    164 | sa13_sr\[2\]$_DFF_P_/D
     546* |       4 |     272 |       62 |      6 |   208 |    +1.0% |   -1.002 |     -249.3 |     -150.0 |    164 | u0.u0.d\[2\]$_DFF_P_/D
     550* |       4 |     274 |       62 |      6 |   209 |    +1.0% |   -1.002 |     -249.2 |     -150.0 |    164 | u0.u0.d\[2\]$_DFF_P_/D
     560* |       4 |     284 |       62 |      6 |   209 |    +1.0% |   -1.002 |     -249.3 |     -149.9 |    164 | u0.u0.d\[2\]$_DFF_P_/D
     570* |       4 |     288 |       62 |      6 |   215 |    +1.0% |   -1.002 |     -249.3 |     -149.9 |    164 | u0.u0.d\[2\]$_DFF_P_/D
     580* |       4 |     293 |       62 |      6 |   220 |    +1.1% |   -1.002 |     -249.2 |     -149.8 |    164 | u0.u0.d\[2\]$_DFF_P_/D
     590* |       4 |     302 |       62 |      6 |   221 |    +1.1% |   -1.002 |     -249.2 |     -149.8 |    164 | u0.u0.d\[2\]$_DFF_P_/D
     600* |       4 |     307 |       62 |      6 |   226 |    +1.1% |   -1.006 |     -249.2 |     -149.8 |    164 | sa12_sr\[0\]$_DFF_P_/D
     610* |       4 |     314 |       63 |      6 |   228 |    +1.1% |   -1.028 |     -249.2 |     -149.7 |    164 | sa12_sr\[0\]$_DFF_P_/D
     620* |       4 |     322 |       63 |      6 |   230 |    +1.1% |   -1.018 |     -249.2 |     -149.8 |    164 | sa21_sr\[0\]$_DFF_P_/D
     630* |       4 |     332 |       63 |      6 |   230 |    +1.1% |   -1.017 |     -249.2 |     -149.7 |    164 | sa12_sr\[0\]$_DFF_P_/D
     640* |       4 |     339 |       63 |      6 |   233 |    +1.1% |   -1.036 |     -249.3 |     -149.7 |    164 | sa12_sr\[0\]$_DFF_P_/D
     645* |       4 |     305 |       62 |      6 |   223 |    +1.1% |   -1.002 |     -249.2 |     -149.8 |    164 | u0.u0.d\[2\]$_DFF_P_/D
     650* |       4 |     309 |       62 |      6 |   223 |    +1.1% |   -1.002 |     -249.1 |     -149.7 |    164 | u0.u0.d\[2\]$_DFF_P_/D
     660* |       4 |     317 |       62 |      6 |   225 |    +1.1% |   -1.024 |     -249.2 |     -149.8 |    164 | sa12_sr\[0\]$_DFF_P_/D
     670* |       4 |     325 |       62 |      6 |   227 |    +1.1% |   -1.023 |     -249.2 |     -149.8 |    164 | sa12_sr\[0\]$_DFF_P_/D
     680* |       4 |     332 |       63 |      6 |   229 |    +1.1% |   -1.009 |     -249.1 |     -149.7 |    164 | sa30_sr\[3\]$_DFF_P_/D
     690* |       4 |     339 |       64 |      6 |   231 |    +1.1% |   -1.014 |     -249.1 |     -149.7 |    164 | sa21_sr\[2\]$_DFF_P_/D
     700* |       4 |     344 |       65 |      6 |   235 |    +1.2% |   -1.014 |     -249.1 |     -149.7 |    164 | sa21_sr\[2\]$_DFF_P_/D
     707* |       4 |     316 |       62 |      6 |   223 |    +1.1% |   -1.002 |     -249.1 |     -149.7 |    164 | u0.u0.d\[2\]$_DFF_P_/D
     710* |       4 |     318 |       62 |      6 |   223 |    +1.1% |   -1.002 |     -249.1 |     -149.7 |    164 | u0.u0.d\[2\]$_DFF_P_/D
     720* |       4 |     326 |       62 |      6 |   225 |    +1.1% |   -1.002 |     -249.1 |     -149.6 |    164 | u0.u0.d\[2\]$_DFF_P_/D
     730* |       4 |     333 |       63 |      6 |   227 |    +1.1% |   -1.002 |     -249.1 |     -149.6 |    164 | u0.u0.d\[2\]$_DFF_P_/D
     740* |       4 |     339 |       66 |      6 |   229 |    +1.2% |   -1.002 |     -248.9 |     -149.6 |    164 | u0.u0.d\[2\]$_DFF_P_/D
     750* |       4 |     345 |       69 |      7 |   230 |    +1.2% |   -1.102 |     -249.3 |     -150.2 |    164 | sa23_sr\[7\]$_DFF_P_/D
     760* |       4 |     349 |       72 |      8 |   232 |    +1.2% |   -1.002 |     -248.8 |     -149.5 |    164 | u0.u0.d\[2\]$_DFF_P_/D
     770* |       4 |     356 |       72 |      8 |   235 |    +1.3% |   -1.002 |     -248.8 |     -149.5 |    164 | u0.u0.d\[2\]$_DFF_P_/D
     780* |       4 |     364 |       72 |      8 |   237 |    +1.3% |   -1.002 |     -248.7 |     -149.4 |    164 | u0.u0.d\[2\]$_DFF_P_/D
     790* |       4 |     373 |       72 |      8 |   238 |    +1.3% |   -1.002 |     -248.7 |     -149.4 |    164 | u0.u0.d\[2\]$_DFF_P_/D
     800* |       4 |     377 |       73 |      8 |   243 |    +1.3% |   -1.050 |     -248.8 |     -149.9 |    164 | sa32_sr\[7\]$_DFF_P_/D
     810* |       4 |     385 |       74 |      8 |   244 |    +1.3% |   -1.006 |     -248.6 |     -149.4 |    164 | sa32_sr\[7\]$_DFF_P_/D
     820* |       4 |     394 |       75 |      8 |   244 |    +1.3% |   -1.041 |     -248.8 |     -149.5 |    164 | sa32_sr\[0\]$_DFF_P_/D
     830* |       4 |     401 |       76 |      9 |   245 |    +1.4% |   -1.024 |     -248.8 |     -149.8 |    164 | sa23_sr\[7\]$_DFF_P_/D
     840* |       5 |     408 |       78 |      9 |   246 |    +1.4% |   -1.013 |     -248.9 |     -149.6 |    164 | sa32_sr\[7\]$_DFF_P_/D
     850* |       5 |     416 |       78 |      9 |   248 |    +1.4% |   -1.013 |     -248.9 |     -149.5 |    164 | sa32_sr\[7\]$_DFF_P_/D
     859* |       4 |     384 |       74 |      8 |   244 |    +1.3% |   -1.002 |     -248.7 |     -149.4 |    164 | u0.u0.d\[2\]$_DFF_P_/D
     860* |       4 |     384 |       74 |      8 |   244 |    +1.3% |   -1.002 |     -248.7 |     -149.4 |    164 | u0.u0.d\[2\]$_DFF_P_/D
     870* |       4 |     393 |       74 |      8 |   245 |    +1.3% |   -1.002 |     -248.4 |     -149.3 |    164 | u0.u0.d\[2\]$_DFF_P_/D
     880* |       4 |     401 |       74 |      8 |   247 |    +1.3% |   -1.002 |     -248.2 |     -149.3 |    164 | u0.u0.d\[2\]$_DFF_P_/D
     890* |       4 |     409 |       75 |      8 |   248 |    +1.4% |   -1.002 |     -248.0 |     -149.2 |    164 | u0.u0.d\[2\]$_DFF_P_/D
     900* |       4 |     415 |       75 |      8 |   252 |    +1.4% |   -1.002 |     -248.0 |     -149.1 |    164 | u0.u0.d\[2\]$_DFF_P_/D
     910* |       4 |     418 |       77 |      8 |   257 |    +1.4% |   -1.002 |     -248.0 |     -149.2 |    164 | u0.u0.d\[2\]$_DFF_P_/D
     920* |       4 |     424 |       77 |      8 |   261 |    +1.4% |   -1.002 |     -248.0 |     -149.1 |    164 | u0.u0.d\[2\]$_DFF_P_/D
     930* |       4 |     430 |       77 |      8 |   265 |    +1.4% |   -1.002 |     -247.9 |     -149.1 |    164 | u0.u0.d\[2\]$_DFF_P_/D
     940* |       4 |     433 |       78 |      8 |   271 |    +1.4% |   -1.002 |     -247.9 |     -149.2 |    164 | u0.u0.d\[2\]$_DFF_P_/D
     950* |       4 |     441 |       78 |      8 |   273 |    +1.4% |   -1.002 |     -247.9 |     -148.9 |    164 | u0.u0.d\[2\]$_DFF_P_/D
     960* |       4 |     449 |       78 |      8 |   275 |    +1.4% |   -1.002 |     -248.0 |     -148.9 |    164 | u0.u0.d\[2\]$_DFF_P_/D
     962* |       4 |     450 |       78 |      8 |   275 |    +1.4% |   -1.002 |     -248.0 |     -148.9 |    164 | u0.u0.d\[2\]$_DFF_P_/D
     970* |       4 |     453 |       79 |      8 |   278 |    +1.5% |   -1.010 |     -247.6 |     -148.9 |    164 | u0.u0.d\[1\]$_DFF_P_/D
     978* |       4 |     450 |       78 |      8 |   275 |    +1.4% |   -1.002 |     -248.0 |     -148.9 |    164 | u0.u0.d\[2\]$_DFF_P_/D
     980* |       4 |     451 |       78 |      8 |   275 |    +1.4% |   -1.002 |     -247.9 |     -148.9 |    164 | u0.u0.d\[2\]$_DFF_P_/D
     990* |       4 |     455 |       81 |      8 |   278 |    +1.5% |   -1.002 |     -247.9 |     -148.9 |    164 | u0.u0.d\[2\]$_DFF_P_/D
    1000* |       4 |     462 |       84 |      8 |   279 |    +1.5% |   -1.020 |     -247.9 |     -149.0 |    164 | sa32_sr\[7\]$_DFF_P_/D
    1010* |       4 |     469 |       85 |      8 |   281 |    +1.5% |   -1.020 |     -248.0 |     -149.1 |    164 | sa32_sr\[7\]$_DFF_P_/D
    1020* |       4 |     475 |       88 |      8 |   282 |    +1.6% |   -1.020 |     -248.0 |     -149.2 |    164 | sa32_sr\[7\]$_DFF_P_/D
    1030* |       4 |     481 |       89 |      8 |   285 |    +1.6% |   -1.025 |     -248.1 |     -149.2 |    164 | sa23_sr\[3\]$_DFF_P_/D
    1040* |       4 |     487 |       93 |      8 |   286 |    +1.6% |   -1.025 |     -248.0 |     -149.2 |    164 | sa32_sr\[7\]$_DFF_P_/D
    1043* |       4 |     457 |       82 |      8 |   278 |    +1.5% |   -1.002 |     -247.9 |     -148.9 |    164 | u0.u0.d\[2\]$_DFF_P_/D
    1050* |       4 |     461 |       82 |      8 |   280 |    +1.5% |   -1.002 |     -247.8 |     -148.9 |    164 | u0.u0.d\[2\]$_DFF_P_/D
    1060* |       4 |     467 |       82 |      8 |   284 |    +1.5% |   -1.002 |     -247.7 |     -148.8 |    164 | u0.u0.d\[2\]$_DFF_P_/D
    1070* |       4 |     476 |       82 |      8 |   285 |    +1.5% |   -1.011 |     -247.8 |     -148.8 |    164 | sa12_sr\[0\]$_DFF_P_/D
    1080* |       4 |     486 |       82 |      8 |   285 |    +1.5% |   -1.011 |     -247.8 |     -148.8 |    164 | sa12_sr\[0\]$_DFF_P_/D
    1090* |       4 |     496 |       82 |      8 |   285 |    +1.6% |   -1.015 |     -247.8 |     -148.8 |    164 | sa12_sr\[0\]$_DFF_P_/D
    1100* |       4 |     503 |       84 |      8 |   286 |    +1.6% |   -1.003 |     -247.8 |     -148.8 |    164 | sa12_sr\[0\]$_DFF_P_/D
    1110* |       4 |     509 |       85 |      8 |   289 |    +1.6% |   -1.002 |     -247.7 |     -148.8 |    164 | u0.u0.d\[2\]$_DFF_P_/D
    1116* |       4 |     472 |       82 |      8 |   285 |    +1.5% |   -1.002 |     -247.7 |     -148.8 |    164 | u0.u0.d\[2\]$_DFF_P_/D
    1120* |       4 |     475 |       82 |      8 |   285 |    +1.5% |   -1.007 |     -247.6 |     -148.8 |    164 | u0.u0.d\[3\]$_DFF_P_/D
    1130* |       4 |     478 |       83 |      8 |   291 |    +1.5% |   -1.041 |     -247.7 |     -148.8 |    164 | u0.u0.d\[0\]$_DFF_P_/D
    1137* |       4 |     472 |       82 |      8 |   285 |    +1.5% |   -1.002 |     -247.7 |     -148.8 |    164 | u0.u0.d\[2\]$_DFF_P_/D
    1140* |       4 |     474 |       82 |      8 |   285 |    +1.5% |   -1.002 |     -247.6 |     -148.6 |    164 | u0.u0.d\[2\]$_DFF_P_/D
    1150* |       4 |     481 |       83 |      8 |   287 |    +1.5% |   -1.002 |     -247.6 |     -148.6 |    164 | u0.u0.d\[2\]$_DFF_P_/D
    1160* |       4 |     486 |       84 |      8 |   291 |    +1.6% |   -1.006 |     -247.6 |     -148.6 |    164 | sa00_sr\[7\]$_DFF_P_/D
    1170* |       4 |     493 |       84 |      8 |   294 |    +1.6% |   -1.011 |     -247.7 |     -148.6 |    164 | sa22_sr\[0\]$_DFF_P_/D
    1180* |       4 |     502 |       85 |      8 |   294 |    +1.6% |   -1.014 |     -247.6 |     -148.7 |    164 | sa00_sr\[0\]$_DFF_P_/D
    1190* |       4 |     510 |       86 |      8 |   295 |    +1.6% |   -1.031 |     -247.6 |     -148.6 |    164 | sa00_sr\[0\]$_DFF_P_/D
    1200* |       4 |     518 |       86 |      8 |   297 |    +1.6% |   -1.038 |     -247.5 |     -148.7 |    164 | sa00_sr\[0\]$_DFF_P_/D
    1202* |       4 |     482 |       84 |      8 |   287 |    +1.6% |   -1.002 |     -247.6 |     -148.5 |    164 | u0.u0.d\[2\]$_DFF_P_/D
    1210* |       4 |     484 |       85 |      8 |   291 |    +1.6% |   -1.002 |     -247.5 |     -148.6 |    164 | u0.u0.d\[2\]$_DFF_P_/D
    1220* |       5 |     489 |       85 |      8 |   295 |    +1.6% |   -1.002 |     -247.3 |     -148.5 |    164 | u0.u0.d\[2\]$_DFF_P_/D
    1230* |       5 |     495 |       86 |      8 |   298 |    +1.6% |   -1.002 |     -246.9 |     -148.2 |    164 | u0.u0.d\[2\]$_DFF_P_/D
    1240* |       5 |     501 |       86 |      9 |   301 |    +1.6% |   -1.002 |     -246.7 |     -148.0 |    164 | u0.u0.d\[2\]$_DFF_P_/D
    1250* |       5 |     507 |       86 |      9 |   305 |    +1.6% |   -1.002 |     -246.5 |     -147.9 |    164 | u0.u0.d\[2\]$_DFF_P_/D
    1260* |       5 |     513 |       86 |      9 |   309 |    +1.6% |   -1.002 |     -246.6 |     -147.9 |    164 | u0.u0.d\[2\]$_DFF_P_/D
    1270* |       5 |     518 |       87 |      9 |   313 |    +1.7% |   -1.002 |     -246.6 |     -147.9 |    164 | u0.u0.d\[2\]$_DFF_P_/D
    1280* |       5 |     524 |       87 |      9 |   317 |    +1.7% |   -1.002 |     -246.6 |     -147.9 |    164 | u0.u0.d\[2\]$_DFF_P_/D
    1290* |       5 |     529 |       87 |      9 |   322 |    +1.7% |   -1.002 |     -246.7 |     -148.1 |    164 | u0.u0.d\[2\]$_DFF_P_/D
    1291* |       5 |     514 |       86 |      9 |   310 |    +1.6% |   -1.002 |     -246.5 |     -147.8 |    164 | u0.u0.d\[2\]$_DFF_P_/D
    1300* |       5 |     521 |       86 |      9 |   311 |    +1.7% |   -1.002 |     -246.6 |     -147.8 |    164 | u0.u0.d\[2\]$_DFF_P_/D
    1310* |       5 |     526 |       88 |     10 |   313 |    +1.7% |   -1.002 |     -246.6 |     -147.8 |    164 | u0.u0.d\[2\]$_DFF_P_/D
    1320* |       5 |     533 |       89 |     10 |   315 |    +1.7% |   -1.002 |     -246.6 |     -147.8 |    164 | u0.u0.d\[2\]$_DFF_P_/D
    1330* |       5 |     541 |       89 |     10 |   317 |    +1.7% |   -1.002 |     -246.6 |     -147.8 |    164 | u0.u0.d\[2\]$_DFF_P_/D
    1340* |       5 |     548 |       90 |     10 |   319 |    +1.7% |   -1.002 |     -246.6 |     -147.8 |    164 | u0.u0.d\[2\]$_DFF_P_/D
    1350* |       5 |     556 |       90 |     10 |   321 |    +1.8% |   -1.002 |     -246.6 |     -147.8 |    164 | u0.u0.d\[2\]$_DFF_P_/D
    1360* |       5 |     564 |       90 |     10 |   323 |    +1.8% |   -1.002 |     -246.6 |     -147.8 |    164 | u0.u0.d\[2\]$_DFF_P_/D
    1370* |       5 |     569 |       90 |     10 |   328 |    +1.8% |   -1.002 |     -246.6 |     -147.9 |    164 | u0.u0.d\[2\]$_DFF_P_/D
    1380* |       5 |     578 |       90 |     10 |   329 |    +1.8% |   -1.002 |     -246.6 |     -148.2 |    164 | u0.u0.d\[2\]$_DFF_P_/D
    1390* |       5 |     585 |       92 |     10 |   330 |    +1.8% |   -1.002 |     -246.6 |     -147.9 |    164 | u0.u0.d\[2\]$_DFF_P_/D
    1400* |       5 |     592 |       93 |     10 |   332 |    +1.8% |   -1.002 |     -246.6 |     -147.8 |    164 | u0.u0.d\[2\]$_DFF_P_/D
    1410* |       5 |     598 |       93 |     10 |   336 |    +1.8% |   -1.002 |     -246.6 |     -147.7 |    164 | u0.u0.d\[2\]$_DFF_P_/D
    1420* |       5 |     605 |       93 |     10 |   339 |    +1.9% |   -1.002 |     -246.5 |     -147.7 |    164 | u0.u0.d\[2\]$_DFF_P_/D
    1429* |       5 |     605 |       93 |     10 |   337 |    +1.9% |   -1.002 |     -246.5 |     -147.7 |    164 | u0.u0.d\[2\]$_DFF_P_/D
    1430* |       5 |     605 |       93 |     10 |   337 |    +1.9% |   -1.002 |     -246.5 |     -147.7 |    164 | u0.u0.d\[2\]$_DFF_P_/D
    1440* |       5 |     611 |       94 |     10 |   340 |    +1.9% |   -1.002 |     -246.4 |     -147.6 |    164 | u0.u0.d\[2\]$_DFF_P_/D
    1450* |       5 |     616 |       95 |     10 |   344 |    +1.9% |   -1.002 |     -246.4 |     -147.6 |    164 | u0.u0.d\[2\]$_DFF_P_/D
    1460* |       5 |     621 |       95 |     10 |   349 |    +1.9% |   -1.013 |     -246.4 |     -147.7 |    164 | sa21_sr\[0\]$_DFF_P_/D
    1470* |       5 |     626 |       95 |     10 |   354 |    +1.9% |   -1.024 |     -246.4 |     -147.8 |    164 | sa21_sr\[0\]$_DFF_P_/D
    1480* |       5 |     632 |       95 |     10 |   358 |    +1.9% |   -1.038 |     -246.5 |     -147.7 |    164 | sa21_sr\[0\]$_DFF_P_/D
    1490* |       5 |     635 |       97 |     10 |   363 |    +2.0% |   -1.052 |     -246.5 |     -147.7 |    164 | sa21_sr\[0\]$_DFF_P_/D
    1500* |       5 |     641 |       98 |     10 |   366 |    +2.0% |   -1.081 |     -246.7 |     -147.8 |    164 | sa21_sr\[0\]$_DFF_P_/D
    1500* |       5 |     617 |       95 |     10 |   344 |    +1.9% |   -1.002 |     -246.4 |     -147.6 |    164 | u0.u0.d\[2\]$_DFF_P_/D
    1510* |       5 |     625 |       95 |     10 |   345 |    +1.9% |   -1.010 |     -246.3 |     -147.6 |    164 | sa12_sr\[0\]$_DFF_P_/D
    1520* |       5 |     633 |       96 |     10 |   346 |    +1.9% |   -1.002 |     -246.1 |     -147.6 |    164 | u0.u0.d\[2\]$_DFF_P_/D
    1530* |       5 |     641 |       98 |     10 |   346 |    +2.0% |   -1.002 |     -246.0 |     -147.5 |    164 | u0.u0.d\[2\]$_DFF_P_/D
    1540* |       5 |     649 |       99 |     10 |   347 |    +2.0% |   -1.002 |     -246.0 |     -147.5 |    164 | u0.u0.d\[2\]$_DFF_P_/D
    1550* |       5 |     659 |       99 |     10 |   347 |    +2.0% |   -1.002 |     -246.0 |     -147.5 |    164 | u0.u0.d\[2\]$_DFF_P_/D
    1560* |       5 |     667 |       99 |     10 |   349 |    +2.0% |   -1.007 |     -246.1 |     -147.5 |    164 | sa21_sr\[0\]$_DFF_P_/D
    1568* |       5 |     636 |       97 |     10 |   346 |    +1.9% |   -1.002 |     -246.1 |     -147.5 |    164 | u0.u0.d\[2\]$_DFF_P_/D
    1570* |       5 |     636 |       97 |     10 |   347 |    +1.9% |   -1.008 |     -246.1 |     -147.5 |    164 | u0.u0.d\[3\]$_DFF_P_/D
    1580* |       5 |     641 |       99 |     10 |   350 |    +2.0% |   -1.012 |     -246.2 |     -147.5 |    164 | u0.u0.d\[2\]$_DFF_P_/D
    1580* |       5 |     636 |       97 |     10 |   346 |    +1.9% |   -1.002 |     -246.1 |     -147.5 |    164 | u0.u0.d\[2\]$_DFF_P_/D
    1590* |       5 |     644 |       97 |     10 |   347 |    +2.0% |   -1.002 |     -246.1 |     -147.4 |    164 | u0.u0.d\[2\]$_DFF_P_/D
    1600* |       5 |     652 |       97 |     11 |   348 |    +2.0% |   -1.002 |     -246.1 |     -147.6 |    164 | u0.u0.d\[2\]$_DFF_P_/D
    1610* |       5 |     659 |       98 |     11 |   350 |    +2.0% |   -1.002 |     -246.1 |     -147.5 |    164 | u0.u0.d\[2\]$_DFF_P_/D
    1620* |       5 |     665 |       99 |     11 |   353 |    +2.0% |   -1.002 |     -246.1 |     -147.5 |    164 | u0.u0.d\[2\]$_DFF_P_/D
    1630* |       5 |     669 |      101 |     11 |   358 |    +2.1% |   -1.002 |     -246.0 |     -147.4 |    164 | u0.u0.d\[2\]$_DFF_P_/D
    1640* |       5 |     676 |      101 |     11 |   361 |    +2.1% |   -1.002 |     -246.1 |     -147.4 |    164 | u0.u0.d\[2\]$_DFF_P_/D
    1650* |       6 |     685 |      101 |     11 |   361 |    +2.1% |   -1.002 |     -246.1 |     -147.4 |    164 | u0.u0.d\[2\]$_DFF_P_/D
    1660* |       6 |     692 |      104 |     12 |   361 |    +2.2% |   -1.002 |     -246.0 |     -147.5 |    164 | u0.u0.d\[2\]$_DFF_P_/D
    1669* |       6 |     690 |      102 |     12 |   361 |    +2.1% |   -1.002 |     -246.1 |     -147.4 |    164 | u0.u0.d\[2\]$_DFF_P_/D
    1670* |       6 |     690 |      102 |     12 |   361 |    +2.1% |   -1.002 |     -246.1 |     -147.4 |    164 | u0.u0.d\[2\]$_DFF_P_/D
    1680* |       6 |     697 |      102 |     12 |   364 |    +2.1% |   -1.002 |     -246.0 |     -147.2 |    164 | u0.u0.d\[2\]$_DFF_P_/D
    1690* |       6 |     702 |      102 |     12 |   369 |    +2.1% |   -1.002 |     -245.9 |     -147.1 |    164 | u0.u0.d\[2\]$_DFF_P_/D
    1700* |       6 |     707 |      104 |     12 |   372 |    +2.2% |   -1.002 |     -245.9 |     -147.0 |    164 | u0.u0.d\[2\]$_DFF_P_/D
    1710* |       6 |     714 |      105 |     12 |   374 |    +2.2% |   -1.002 |     -245.9 |     -146.8 |    164 | u0.u0.d\[2\]$_DFF_P_/D
    1720* |       6 |     720 |      106 |     12 |   377 |    +2.2% |   -1.002 |     -245.8 |     -146.7 |    164 | u0.u0.d\[2\]$_DFF_P_/D
    1730* |       6 |     727 |      106 |     12 |   380 |    +2.2% |   -1.002 |     -245.8 |     -146.7 |    164 | u0.u0.d\[2\]$_DFF_P_/D
    1740* |       6 |     731 |      107 |     12 |   385 |    +2.2% |   -1.002 |     -245.9 |     -146.8 |    164 | u0.u0.d\[2\]$_DFF_P_/D
    1750* |       6 |     735 |      109 |     12 |   389 |    +2.3% |   -1.002 |     -245.8 |     -146.7 |    164 | u0.u0.d\[2\]$_DFF_P_/D
    1760* |       6 |     742 |      109 |     12 |   392 |    +2.3% |   -1.002 |     -245.7 |     -146.7 |    164 | u0.u0.d\[2\]$_DFF_P_/D
    1770* |       6 |     748 |      109 |     12 |   396 |    +2.3% |   -1.002 |     -245.7 |     -146.7 |    164 | u0.u0.d\[2\]$_DFF_P_/D
    1780* |       6 |     753 |      110 |     12 |   400 |    +2.3% |   -1.002 |     -245.7 |     -146.7 |    164 | u0.u0.d\[2\]$_DFF_P_/D
    1785* |       6 |     755 |      110 |     12 |   400 |    +2.3% |   -1.002 |     -245.7 |     -146.6 |    164 | u0.u0.d\[2\]$_DFF_P_/D
    1790* |       6 |     757 |      110 |     12 |   402 |    +2.3% |   -1.014 |     -245.7 |     -146.7 |    164 | sa21_sr\[0\]$_DFF_P_/D
    1800* |       6 |     763 |      110 |     12 |   406 |    +2.3% |   -1.002 |     -245.6 |     -146.6 |    164 | u0.u0.d\[2\]$_DFF_P_/D
    1810* |       6 |     770 |      111 |     12 |   408 |    +2.3% |   -1.002 |     -245.3 |     -146.5 |    164 | u0.u0.d\[2\]$_DFF_P_/D
    1820* |       6 |     776 |      112 |     12 |   411 |    +2.4% |   -1.004 |     -245.7 |     -146.5 |    164 | sa21_sr\[0\]$_DFF_P_/D
    1830* |       6 |     780 |      113 |     12 |   416 |    +2.4% |   -1.021 |     -245.4 |     -146.6 |    164 | sa21_sr\[0\]$_DFF_P_/D
    1840* |       6 |     786 |      114 |     12 |   419 |    +2.4% |   -1.002 |     -245.3 |     -146.5 |    164 | u0.u0.d\[2\]$_DFF_P_/D
    1850* |       6 |     793 |      114 |     12 |   422 |    +2.4% |   -1.020 |     -245.6 |     -146.6 |    164 | sa21_sr\[0\]$_DFF_P_/D
    1857* |       6 |     768 |      111 |     12 |   407 |    +2.3% |   -1.002 |     -245.3 |     -146.5 |    164 | u0.u0.d\[2\]$_DFF_P_/D
    1860* |       6 |     769 |      112 |     12 |   407 |    +2.4% |   -1.002 |     -245.2 |     -146.4 |    164 | u0.u0.d\[2\]$_DFF_P_/D
    1870* |       6 |     774 |      115 |     12 |   410 |    +2.4% |   -1.002 |     -245.1 |     -146.2 |    164 | u0.u0.d\[2\]$_DFF_P_/D
    1880* |       6 |     779 |      116 |     12 |   414 |    +2.4% |   -1.002 |     -245.1 |     -146.1 |    164 | u0.u0.d\[2\]$_DFF_P_/D
    1890* |       6 |     787 |      118 |     12 |   414 |    +2.4% |   -1.002 |     -245.0 |     -146.0 |    164 | u0.u0.d\[2\]$_DFF_P_/D
    1900* |       6 |     792 |      120 |     12 |   418 |    +2.5% |   -1.002 |     -245.0 |     -146.0 |    164 | u0.u0.d\[2\]$_DFF_P_/D
    1910* |       6 |     795 |      121 |     12 |   424 |    +2.5% |   -1.002 |     -245.0 |     -146.1 |    164 | u0.u0.d\[2\]$_DFF_P_/D
    1920* |       6 |     801 |      122 |     12 |   427 |    +2.5% |   -1.002 |     -244.9 |     -146.0 |    164 | u0.u0.d\[2\]$_DFF_P_/D
    1930* |       6 |     807 |      123 |     13 |   429 |    +2.5% |   -1.002 |     -245.0 |     -146.0 |    164 | u0.u0.d\[2\]$_DFF_P_/D
    1940* |       6 |     812 |      126 |     13 |   433 |    +2.6% |   -1.002 |     -245.0 |     -146.2 |    164 | u0.u0.d\[2\]$_DFF_P_/D
    1950* |       6 |     820 |      128 |     13 |   434 |    +2.6% |   -1.002 |     -245.0 |     -145.8 |    164 | u0.u0.d\[2\]$_DFF_P_/D
    1960* |       6 |     829 |      128 |     13 |   435 |    +2.6% |   -1.002 |     -245.0 |     -145.8 |    164 | u0.u0.d\[2\]$_DFF_P_/D
    1970* |       6 |     834 |      130 |     13 |   438 |    +2.6% |   -1.002 |     -244.9 |     -145.7 |    164 | u0.u0.d\[2\]$_DFF_P_/D
    1980* |       6 |     841 |      133 |     13 |   440 |    +2.7% |   -1.002 |     -244.9 |     -145.5 |    164 | u0.u0.d\[2\]$_DFF_P_/D
    1990* |       6 |     848 |      134 |     13 |   442 |    +2.7% |   -1.002 |     -244.9 |     -145.6 |    164 | u0.u0.d\[2\]$_DFF_P_/D
    2000* |       6 |     856 |      134 |     13 |   444 |    +2.7% |   -1.002 |     -245.0 |     -145.6 |    164 | u0.u0.d\[2\]$_DFF_P_/D
    2010* |       6 |     862 |      135 |     13 |   447 |    +2.7% |   -1.002 |     -245.0 |     -145.5 |    164 | u0.u0.d\[2\]$_DFF_P_/D
    2020* |       6 |     866 |      136 |     13 |   452 |    +2.8% |   -1.002 |     -245.0 |     -145.5 |    164 | u0.u0.d\[2\]$_DFF_P_/D
    2027* |       6 |     869 |      137 |     13 |   453 |    +2.8% |   -1.002 |     -245.0 |     -145.5 |    164 | u0.u0.d\[2\]$_DFF_P_/D
    2030* |       6 |     871 |      137 |     13 |   453 |    +2.8% |   -1.002 |     -244.9 |     -145.5 |    164 | u0.u0.d\[2\]$_DFF_P_/D
    2040* |       6 |     878 |      138 |     13 |   455 |    +2.8% |   -1.002 |     -244.8 |     -145.5 |    164 | u0.u0.d\[2\]$_DFF_P_/D
    2050* |       6 |     888 |      138 |     13 |   455 |    +2.8% |   -1.002 |     -244.8 |     -145.5 |    164 | u0.u0.d\[2\]$_DFF_P_/D
    2060* |       6 |     893 |      140 |     13 |   458 |    +2.8% |   -1.002 |     -244.9 |     -145.4 |    164 | u0.u0.d\[2\]$_DFF_P_/D
    2070* |       6 |     901 |      140 |     13 |   460 |    +2.8% |   -1.002 |     -244.6 |     -145.3 |    164 | u0.u0.d\[2\]$_DFF_P_/D
    2080* |       6 |     907 |      141 |     14 |   462 |    +2.9% |   -1.002 |     -244.6 |     -145.5 |    164 | u0.u0.d\[2\]$_DFF_P_/D
    2090* |       6 |     915 |      142 |     14 |   463 |    +2.9% |   -1.002 |     -244.6 |     -145.4 |    164 | u0.u0.d\[2\]$_DFF_P_/D
    2100* |       6 |     924 |      142 |     14 |   464 |    +2.9% |   -1.002 |     -244.6 |     -145.4 |    164 | u0.u0.d\[2\]$_DFF_P_/D
    2110* |       6 |     933 |      142 |     14 |   465 |    +2.9% |   -1.002 |     -244.6 |     -145.4 |    164 | u0.u0.d\[2\]$_DFF_P_/D
    2120* |       6 |     940 |      142 |     14 |   468 |    +3.0% |   -1.002 |     -244.6 |     -145.3 |    164 | u0.u0.d\[2\]$_DFF_P_/D
    2130* |       6 |     949 |      142 |     14 |   469 |    +3.0% |   -1.002 |     -244.6 |     -145.3 |    164 | u0.u0.d\[2\]$_DFF_P_/D
    2140* |       6 |     957 |      146 |     14 |   470 |    +3.0% |   -1.002 |     -244.3 |     -145.3 |    164 | u0.u0.d\[2\]$_DFF_P_/D
    2150* |       6 |     963 |      146 |     14 |   474 |    +3.0% |   -1.002 |     -244.3 |     -145.3 |    164 | u0.u0.d\[2\]$_DFF_P_/D
    2160* |       6 |     971 |      146 |     14 |   476 |    +3.1% |   -1.002 |     -244.3 |     -145.3 |    164 | u0.u0.d\[2\]$_DFF_P_/D
    2170* |       6 |     980 |      146 |     14 |   477 |    +3.1% |   -1.002 |     -244.3 |     -145.3 |    164 | u0.u0.d\[2\]$_DFF_P_/D
    2180* |       6 |     989 |      146 |     14 |   478 |    +3.1% |   -1.002 |     -244.3 |     -145.3 |    164 | u0.u0.d\[2\]$_DFF_P_/D
    2190* |       6 |     995 |      147 |     16 |   479 |    +3.1% |   -1.002 |     -244.4 |     -145.4 |    164 | u0.u0.d\[2\]$_DFF_P_/D
    2200* |       6 |    1002 |      149 |     16 |   480 |    +3.2% |   -1.002 |     -244.4 |     -145.5 |    164 | u0.u0.d\[2\]$_DFF_P_/D
    2200* |       6 |     988 |      146 |     14 |   478 |    +3.1% |   -1.002 |     -244.3 |     -145.3 |    164 | u0.u0.d\[2\]$_DFF_P_/D
    2210* |       6 |     996 |      146 |     14 |   479 |    +3.1% |   -1.002 |     -244.3 |     -145.1 |    164 | u0.u0.d\[2\]$_DFF_P_/D
    2220* |       6 |    1003 |      146 |     15 |   481 |    +3.1% |   -1.002 |     -244.3 |     -145.2 |    164 | u0.u0.d\[2\]$_DFF_P_/D
    2230* |       6 |    1010 |      146 |     15 |   484 |    +3.1% |   -1.002 |     -244.3 |     -145.2 |    164 | u0.u0.d\[2\]$_DFF_P_/D
    2240* |       6 |    1018 |      147 |     15 |   485 |    +3.2% |   -1.002 |     -244.3 |     -145.2 |    164 | u0.u0.d\[2\]$_DFF_P_/D
    2250* |       6 |    1024 |      147 |     15 |   489 |    +3.2% |   -1.012 |     -244.3 |     -145.2 |    164 | sa22_sr\[0\]$_DFF_P_/D
    2260* |       6 |    1030 |      148 |     15 |   492 |    +3.2% |   -1.012 |     -244.3 |     -145.2 |    164 | sa22_sr\[0\]$_DFF_P_/D
    2270* |       6 |    1034 |      149 |     16 |   496 |    +3.2% |   -1.012 |     -244.3 |     -145.3 |    164 | sa22_sr\[0\]$_DFF_P_/D
    2280* |       6 |    1041 |      150 |     16 |   498 |    +3.3% |   -1.012 |     -244.3 |     -145.3 |    164 | sa22_sr\[0\]$_DFF_P_/D
    2285* |       6 |    1020 |      147 |     15 |   485 |    +3.2% |   -1.002 |     -244.3 |     -145.2 |    164 | u0.u0.d\[2\]$_DFF_P_/D
    2290* |       6 |    1022 |      147 |     15 |   487 |    +3.2% |   -1.033 |     -244.3 |     -145.1 |    164 | sa30_sr\[4\]$_DFF_P_/D
    2299* |       6 |    1028 |      147 |     15 |   488 |    +3.2% |   -1.002 |     -244.3 |     -145.1 |    164 | u0.u0.d\[2\]$_DFF_P_/D
    2300* |       6 |    1028 |      147 |     15 |   488 |    +3.2% |   -1.002 |     -244.3 |     -145.1 |    164 | u0.u0.d\[2\]$_DFF_P_/D
    2310* |       6 |    1035 |      149 |     15 |   490 |    +3.2% |   -1.002 |     -244.3 |     -145.2 |    164 | u0.u0.d\[2\]$_DFF_P_/D
    2320* |       6 |    1039 |      150 |     15 |   495 |    +3.2% |   -1.002 |     -244.3 |     -145.3 |    164 | u0.u0.d\[2\]$_DFF_P_/D
    2330* |       6 |    1047 |      150 |     15 |   497 |    +3.2% |   -1.002 |     -244.3 |     -145.2 |    164 | u0.u0.d\[2\]$_DFF_P_/D
    2340* |       6 |    1053 |      152 |     16 |   498 |    +3.3% |   -1.002 |     -244.2 |     -145.2 |    164 | u0.u0.d\[2\]$_DFF_P_/D
    2350* |       6 |    1062 |      154 |     16 |   498 |    +3.3% |   -1.002 |     -244.3 |     -145.2 |    164 | u0.u0.d\[2\]$_DFF_P_/D
    2359* |       6 |    1056 |      152 |     16 |   498 |    +3.3% |   -1.002 |     -244.3 |     -145.2 |    164 | u0.u0.d\[2\]$_DFF_P_/D
    2360* |       6 |    1056 |      152 |     16 |   498 |    +3.3% |   -1.002 |     -244.3 |     -145.2 |    164 | u0.u0.d\[2\]$_DFF_P_/D
    2370* |       6 |    1060 |      155 |     16 |   501 |    +3.3% |   -1.002 |     -244.3 |     -145.2 |    164 | u0.u0.d\[2\]$_DFF_P_/D
    2380* |       6 |    1063 |      157 |     16 |   507 |    +3.3% |   -1.002 |     -244.3 |     -145.2 |    164 | u0.u0.d\[2\]$_DFF_P_/D
    2390* |       6 |    1068 |      158 |     16 |   511 |    +3.4% |   -1.002 |     -244.3 |     -145.2 |    164 | u0.u0.d\[2\]$_DFF_P_/D
    2400* |       7 |    1075 |      158 |     16 |   513 |    +3.4% |   -1.002 |     -244.2 |     -145.2 |    164 | u0.u0.d\[2\]$_DFF_P_/D
    2400* |       7 |    1075 |      158 |     16 |   513 |    +3.4% |   -1.002 |     -244.2 |     -145.2 |    164 | u0.u0.d\[2\]$_DFF_P_/D
    2410* |       7 |    1083 |      159 |     16 |   513 |    +3.4% |   -1.002 |     -244.2 |     -145.1 |    164 | u0.u0.d\[2\]$_DFF_P_/D
    2420* |       7 |    1089 |      161 |     17 |   514 |    +3.4% |   -1.002 |     -244.2 |     -145.1 |    164 | u0.u0.d\[2\]$_DFF_P_/D
    2430* |       7 |    1096 |      162 |     17 |   516 |    +3.5% |   -1.002 |     -244.2 |     -145.1 |    164 | u0.u0.d\[2\]$_DFF_P_/D
    2440* |       7 |    1105 |      162 |     17 |   517 |    +3.5% |   -1.002 |     -244.2 |     -145.0 |    164 | u0.u0.d\[2\]$_DFF_P_/D
    2450* |       7 |    1110 |      163 |     17 |   521 |    +3.5% |   -1.002 |     -244.2 |     -145.0 |    164 | u0.u0.d\[2\]$_DFF_P_/D
    2460* |       7 |    1120 |      163 |     17 |   521 |    +3.5% |   -1.012 |     -244.3 |     -145.1 |    164 | sa22_sr\[0\]$_DFF_P_/D
    2470* |       7 |    1129 |      163 |     17 |   522 |    +3.5% |   -1.002 |     -244.2 |     -145.0 |    164 | u0.u0.d\[2\]$_DFF_P_/D
    2480* |       7 |    1137 |      163 |     17 |   524 |    +3.5% |   -1.005 |     -244.2 |     -145.1 |    164 | sa22_sr\[1\]$_DFF_P_/D
    2490* |       7 |    1147 |      163 |     17 |   524 |    +3.6% |   -1.010 |     -244.1 |     -145.1 |    164 | sa22_sr\[1\]$_DFF_P_/D
    2500* |       7 |    1150 |      164 |     17 |   530 |    +3.6% |   -1.010 |     -244.1 |     -145.1 |    164 | sa22_sr\[1\]$_DFF_P_/D
    2510* |       7 |    1158 |      165 |     17 |   531 |    +3.6% |   -1.004 |     -244.1 |     -145.1 |    164 | sa22_sr\[1\]$_DFF_P_/D
    2520* |       7 |    1165 |      165 |     17 |   534 |    +3.6% |   -1.004 |     -244.2 |     -145.0 |    164 | sa22_sr\[1\]$_DFF_P_/D
    2527* |       7 |    1134 |      163 |     17 |   524 |    +3.5% |   -1.002 |     -244.2 |     -145.0 |    164 | u0.u0.d\[2\]$_DFF_P_/D
    2530* |       7 |    1136 |      163 |     17 |   524 |    +3.5% |   -1.002 |     -244.0 |     -145.0 |    164 | u0.u0.d\[2\]$_DFF_P_/D
    2540* |       7 |    1144 |      163 |     17 |   526 |    +3.6% |   -1.002 |     -244.0 |     -144.9 |    164 | u0.u0.d\[2\]$_DFF_P_/D
    2550* |       7 |    1151 |      165 |     18 |   526 |    +3.6% |   -2.316 |     -256.4 |     -151.6 |    164 | sa02_sr\[0\]$_DFF_P_/D
    2560* |       7 |    1157 |      165 |     19 |   529 |    +3.6% |   -2.316 |     -256.4 |     -151.4 |    164 | sa02_sr\[0\]$_DFF_P_/D
    2570* |       7 |    1161 |      168 |     19 |   533 |    +3.7% |   -2.316 |     -256.4 |     -151.5 |    164 | sa02_sr\[0\]$_DFF_P_/D
    2580* |       7 |    1164 |      168 |     19 |   540 |    +3.7% |   -2.316 |     -256.4 |     -151.5 |    164 | sa02_sr\[0\]$_DFF_P_/D
    2590* |       7 |    1167 |      168 |     19 |   547 |    +3.7% |   -2.316 |     -256.4 |     -151.5 |    164 | sa02_sr\[0\]$_DFF_P_/D
    2596* |       7 |    1149 |      164 |     17 |   526 |    +3.6% |   -1.002 |     -244.0 |     -144.9 |    164 | u0.u0.d\[2\]$_DFF_P_/D
    2600* |       7 |    1152 |      164 |     17 |   526 |    +3.6% |   -1.002 |     -243.9 |     -144.8 |    164 | u0.u0.d\[2\]$_DFF_P_/D
    2610* |       7 |    1156 |      167 |     17 |   529 |    +3.6% |   -1.002 |     -243.8 |     -144.8 |    164 | u0.u0.d\[2\]$_DFF_P_/D
    2620* |       7 |    1165 |      167 |     17 |   530 |    +3.6% |   -1.002 |     -243.7 |     -144.7 |    164 | u0.u0.d\[2\]$_DFF_P_/D
    2630* |       7 |    1172 |      170 |     17 |   531 |    +3.7% |   -1.002 |     -243.9 |     -144.9 |    164 | u0.u0.d\[2\]$_DFF_P_/D
    2640* |       7 |    1179 |      170 |     17 |   534 |    +3.7% |   -1.002 |     -244.0 |     -144.9 |    164 | u0.u0.d\[2\]$_DFF_P_/D
    2650* |       7 |    1186 |      171 |     17 |   536 |    +3.7% |   -1.002 |     -243.9 |     -144.8 |    164 | u0.u0.d\[2\]$_DFF_P_/D
    2660* |       7 |    1193 |      172 |     17 |   538 |    +3.7% |   -1.002 |     -243.9 |     -144.8 |    164 | u0.u0.d\[2\]$_DFF_P_/D
    2670* |       7 |    1197 |      173 |     18 |   542 |    +3.8% |   -1.002 |     -243.9 |     -144.8 |    164 | u0.u0.d\[2\]$_DFF_P_/D
    2680* |       7 |    1203 |      174 |     18 |   545 |    +3.8% |   -1.002 |     -243.9 |     -144.8 |    164 | u0.u0.d\[2\]$_DFF_P_/D
    2690* |       7 |    1206 |      174 |     18 |   552 |    +3.8% |   -1.002 |     -243.8 |     -144.8 |    164 | u0.u0.d\[2\]$_DFF_P_/D
    2690* |       7 |    1196 |      173 |     18 |   539 |    +3.8% |   -1.002 |     -243.9 |     -144.8 |    164 | u0.u0.d\[2\]$_DFF_P_/D
    2700* |       7 |    1201 |      175 |     18 |   541 |    +3.8% |   -1.002 |     -243.9 |     -144.8 |    164 | u0.u0.d\[2\]$_DFF_P_/D
    2700* |       7 |    1201 |      175 |     18 |   541 |    +3.8% |   -1.002 |     -243.9 |     -144.8 |    164 | u0.u0.d\[2\]$_DFF_P_/D
    2710* |       7 |    1205 |      175 |     18 |   546 |    +3.8% |   -1.002 |     -243.9 |     -144.7 |    164 | u0.u0.d\[2\]$_DFF_P_/D
    2720* |       7 |    1211 |      175 |     18 |   550 |    +3.8% |   -1.002 |     -243.9 |     -144.5 |    164 | u0.u0.d\[2\]$_DFF_P_/D
    2730* |       7 |    1212 |      177 |     18 |   557 |    +3.8% |   -1.002 |     -243.9 |     -144.8 |    164 | u0.u0.d\[2\]$_DFF_P_/D
    2740* |       7 |    1219 |      178 |     18 |   559 |    +3.8% |   -1.002 |     -243.8 |     -144.6 |    164 | u0.u0.d\[2\]$_DFF_P_/D
    2750* |       7 |    1226 |      178 |     18 |   562 |    +3.9% |   -1.002 |     -243.9 |     -144.5 |    164 | u0.u0.d\[2\]$_DFF_P_/D
    2760* |       7 |    1231 |      178 |     19 |   566 |    +3.9% |   -1.002 |     -243.9 |     -144.8 |    164 | u0.u0.d\[2\]$_DFF_P_/D
    2770* |       7 |    1237 |      179 |     19 |   569 |    +3.9% |   -1.002 |     -244.0 |     -144.8 |    164 | u0.u0.d\[2\]$_DFF_P_/D
    2780* |       7 |    1244 |      179 |     19 |   572 |    +3.9% |   -1.002 |     -244.0 |     -144.8 |    164 | u0.u0.d\[2\]$_DFF_P_/D
    2790* |       7 |    1252 |      180 |     19 |   573 |    +3.9% |   -1.002 |     -243.9 |     -144.8 |    164 | u0.u0.d\[2\]$_DFF_P_/D
    2796* |       7 |    1252 |      179 |     19 |   572 |    +3.9% |   -1.002 |     -244.0 |     -144.7 |    164 | u0.u0.d\[2\]$_DFF_P_/D
    2800* |       7 |    1252 |      180 |     19 |   574 |    +3.9% |   -1.002 |     -244.0 |     -144.7 |    164 | u0.u0.d\[2\]$_DFF_P_/D
    2810* |       7 |    1257 |      180 |     19 |   579 |    +3.9% |   -1.002 |     -243.9 |     -144.6 |    164 | u0.u0.d\[2\]$_DFF_P_/D
    2820* |       7 |    1263 |      181 |     19 |   582 |    +3.9% |   -1.002 |     -243.9 |     -144.8 |    164 | u0.u0.d\[2\]$_DFF_P_/D
    2830* |       7 |    1270 |      181 |     19 |   585 |    +4.0% |   -1.002 |     -243.9 |     -144.7 |    164 | u0.u0.d\[2\]$_DFF_P_/D
    2840* |       7 |    1276 |      181 |     19 |   589 |    +4.0% |   -1.002 |     -243.9 |     -144.7 |    164 | u0.u0.d\[2\]$_DFF_P_/D
    2840* |       7 |    1272 |      181 |     19 |   587 |    +4.0% |   -1.002 |     -243.9 |     -144.7 |    164 | u0.u0.d\[2\]$_DFF_P_/D
    2850* |       7 |    1276 |      183 |     19 |   591 |    +4.0% |   -1.002 |     -243.8 |     -144.8 |    164 | u0.u0.d\[2\]$_DFF_P_/D
    2860* |       7 |    1283 |      184 |     19 |   593 |    +4.0% |   -1.002 |     -243.8 |     -144.8 |    164 | u0.u0.d\[2\]$_DFF_P_/D
    2870* |       7 |    1289 |      185 |     19 |   596 |    +4.0% |   -1.002 |     -243.6 |     -144.7 |    164 | u0.u0.d\[2\]$_DFF_P_/D
    2880* |       7 |    1293 |      188 |     19 |   600 |    +4.1% |   -1.002 |     -243.5 |     -144.7 |    164 | u0.u0.d\[2\]$_DFF_P_/D
    2890* |       7 |    1299 |      188 |     19 |   604 |    +4.1% |   -1.002 |     -243.5 |     -144.7 |    164 | u0.u0.d\[2\]$_DFF_P_/D
    2900* |       7 |    1305 |      188 |     19 |   608 |    +4.1% |   -1.002 |     -243.5 |     -144.6 |    164 | u0.u0.d\[2\]$_DFF_P_/D
    2910* |       7 |    1312 |      188 |     19 |   611 |    +4.1% |   -1.002 |     -243.3 |     -144.6 |    164 | u0.u0.d\[2\]$_DFF_P_/D
    2912* |       7 |    1309 |      188 |     19 |   611 |    +4.1% |   -1.002 |     -243.5 |     -144.6 |    164 | u0.u0.d\[2\]$_DFF_P_/D
    2920* |       7 |    1311 |      188 |     19 |   616 |    +4.1% |   -1.002 |     -243.5 |     -144.5 |    164 | u0.u0.d\[2\]$_DFF_P_/D
    2930* |       7 |    1318 |      188 |     19 |   619 |    +4.1% |   -1.002 |     -243.5 |     -144.6 |    164 | u0.u0.d\[2\]$_DFF_P_/D
    2937* |       7 |    1324 |      188 |     19 |   619 |    +4.1% |   -1.002 |     -243.5 |     -144.5 |    164 | u0.u0.d\[2\]$_DFF_P_/D
    2940* |       7 |    1326 |      188 |     19 |   619 |    +4.1% |   -1.002 |     -242.9 |     -144.5 |    164 | u0.u0.d\[2\]$_DFF_P_/D
    2950* |       7 |    1332 |      192 |     19 |   621 |    +4.2% |   -1.002 |     -242.9 |     -144.6 |    164 | u0.u0.d\[2\]$_DFF_P_/D
    2960* |       7 |    1336 |      195 |     19 |   625 |    +4.2% |   -1.002 |     -242.1 |     -144.3 |    164 | sa22_sr\[1\]$_DFF_P_/D
    2970* |       7 |    1340 |      199 |     19 |   628 |    +4.2% |   -1.002 |     -241.8 |     -144.3 |    164 | sa22_sr\[1\]$_DFF_P_/D
    2980* |       7 |    1349 |      199 |     19 |   629 |    +4.3% |   -1.002 |     -241.9 |     -144.2 |    164 | sa22_sr\[1\]$_DFF_P_/D
    2990* |       7 |    1354 |      200 |     20 |   632 |    +4.3% |   -1.002 |     -241.7 |     -144.1 |    164 | sa22_sr\[1\]$_DFF_P_/D
    3000* |       7 |    1362 |      202 |     20 |   633 |    +4.3% |   -1.002 |     -241.3 |     -144.1 |    164 | sa22_sr\[1\]$_DFF_P_/D
    3010* |       7 |    1371 |      202 |     20 |   634 |    +4.3% |   -1.002 |     -239.6 |     -143.9 |    164 | sa22_sr\[1\]$_DFF_P_/D
    3020* |       7 |    1380 |      202 |     20 |   635 |    +4.3% |   -1.002 |     -239.2 |     -143.8 |    164 | sa22_sr\[1\]$_DFF_P_/D
    3030* |       7 |    1386 |      202 |     20 |   639 |    +4.4% |   -1.002 |     -239.2 |     -143.7 |    164 | sa22_sr\[1\]$_DFF_P_/D
    3040* |       7 |    1395 |      202 |     20 |   640 |    +4.4% |   -1.002 |     -238.7 |     -143.5 |    164 | sa22_sr\[1\]$_DFF_P_/D
    3050* |       7 |    1399 |      202 |     20 |   646 |    +4.4% |   -1.002 |     -238.7 |     -143.6 |    164 | sa22_sr\[1\]$_DFF_P_/D
    3060* |       7 |    1406 |      203 |     20 |   648 |    +4.4% |   -1.002 |     -238.7 |     -143.6 |    164 | sa22_sr\[1\]$_DFF_P_/D
    3070* |       7 |    1413 |      208 |     20 |   649 |    +4.5% |   -1.128 |     -238.7 |     -146.1 |    164 | u0.u2.d\[0\]$_DFF_P_/D
    3080* |       7 |    1419 |      210 |     21 |   651 |    +4.5% |   -1.104 |     -238.6 |     -145.6 |    164 | u0.u2.d\[0\]$_DFF_P_/D
    3090* |       7 |    1429 |      210 |     21 |   651 |    +4.5% |   -1.026 |     -238.3 |     -144.4 |    164 | u0.u2.d\[0\]$_DFF_P_/D
    3100* |       7 |    1437 |      210 |     21 |   653 |    +4.5% |   -1.002 |     -238.2 |     -143.9 |    164 | sa22_sr\[1\]$_DFF_P_/D
    3107* |       8 |    1441 |      213 |     21 |   653 |    +4.6% |   -1.002 |     -238.0 |     -143.3 |    164 | sa22_sr\[1\]$_DFF_P_/D
    3110* |       8 |    1443 |      213 |     21 |   653 |    +4.6% |   -1.002 |     -238.0 |     -143.3 |    164 | sa22_sr\[1\]$_DFF_P_/D
    3120* |       8 |    1449 |      213 |     21 |   657 |    +4.6% |   -1.002 |     -238.0 |     -143.3 |    164 | sa22_sr\[1\]$_DFF_P_/D
    3122* |       8 |    1449 |      213 |     21 |   657 |    +4.6% |   -1.002 |     -238.0 |     -143.3 |    164 | sa22_sr\[1\]$_DFF_P_/D
    3130* |       8 |    1454 |      214 |     21 |   658 |    +4.6% |   -1.008 |     -238.0 |     -143.3 |    164 | sa22_sr\[3\]$_DFF_P_/D
    3140* |       8 |    1462 |      214 |     21 |   660 |    +4.6% |   -1.008 |     -238.0 |     -143.3 |    164 | sa22_sr\[3\]$_DFF_P_/D
    3150* |       8 |    1465 |      215 |     21 |   666 |    +4.6% |   -1.008 |     -237.9 |     -143.2 |    164 | sa22_sr\[3\]$_DFF_P_/D
    3160* |       8 |    1470 |      217 |     21 |   669 |    +4.6% |   -1.008 |     -237.9 |     -143.1 |    164 | sa22_sr\[3\]$_DFF_P_/D
    3170* |       8 |    1475 |      218 |     22 |   672 |    +4.7% |   -1.008 |     -237.9 |     -143.1 |    164 | sa22_sr\[3\]$_DFF_P_/D
    3173* |       8 |    1449 |      213 |     21 |   657 |    +4.6% |   -1.002 |     -238.0 |     -143.3 |    164 | sa22_sr\[1\]$_DFF_P_/D
    3178* |       8 |    1452 |      214 |     21 |   657 |    +4.6% |   -1.002 |     -238.1 |     -143.2 |    164 | sa22_sr\[1\]$_DFF_P_/D
    3180* |       8 |    1453 |      214 |     21 |   657 |    +4.6% |   -1.002 |     -238.1 |     -143.2 |    164 | sa22_sr\[1\]$_DFF_P_/D
    3190* |       8 |    1457 |      214 |     21 |   663 |    +4.6% |   -1.002 |     -238.1 |     -143.2 |    164 | sa22_sr\[1\]$_DFF_P_/D
    3200* |       8 |    1466 |      214 |     21 |   664 |    +4.6% |   -1.002 |     -238.1 |     -143.2 |    164 | sa22_sr\[1\]$_DFF_P_/D
    3210* |       8 |    1474 |      214 |     21 |   666 |    +4.6% |   -1.002 |     -238.0 |     -143.1 |    164 | sa22_sr\[1\]$_DFF_P_/D
    3220* |       8 |    1482 |      215 |     22 |   666 |    +4.7% |   -1.002 |     -238.4 |     -143.3 |    164 | sa22_sr\[1\]$_DFF_P_/D
    3230* |       8 |    1490 |      216 |     22 |   667 |    +4.7% |   -1.002 |     -238.3 |     -143.2 |    164 | sa22_sr\[1\]$_DFF_P_/D
    3240* |       8 |    1496 |      216 |     23 |   670 |    +4.7% |   -1.002 |     -238.3 |     -143.1 |    164 | sa22_sr\[1\]$_DFF_P_/D
    3250* |       8 |    1503 |      217 |     23 |   672 |    +4.8% |   -1.002 |     -238.3 |     -143.4 |    164 | sa22_sr\[1\]$_DFF_P_/D
    3260* |       8 |    1511 |      217 |     23 |   674 |    +4.8% |   -1.002 |     -238.3 |     -143.3 |    164 | sa22_sr\[1\]$_DFF_P_/D
    3270* |       8 |    1517 |      217 |     24 |   677 |    +4.8% |   -1.002 |     -238.2 |     -143.4 |    164 | sa22_sr\[1\]$_DFF_P_/D
    3274* |       8 |    1520 |      217 |     24 |   677 |    +4.8% |   -1.002 |     -238.2 |     -143.3 |    164 | sa22_sr\[1\]$_DFF_P_/D
    3280* |       8 |    1522 |      218 |     24 |   679 |    +4.8% |   -1.002 |     -238.2 |     -143.3 |    164 | sa22_sr\[1\]$_DFF_P_/D
    3290* |       8 |    1526 |      219 |     24 |   684 |    +4.8% |   -1.002 |     -238.1 |     -143.3 |    164 | sa22_sr\[1\]$_DFF_P_/D
    3300* |       8 |    1530 |      219 |     24 |   690 |    +4.8% |   -1.002 |     -238.1 |     -143.3 |    164 | sa22_sr\[1\]$_DFF_P_/D
    3300* |       8 |    1526 |      219 |     24 |   683 |    +4.8% |   -1.002 |     -238.1 |     -143.2 |    164 | sa22_sr\[1\]$_DFF_P_/D
    3310* |       8 |    1531 |      220 |     24 |   686 |    +4.9% |   -1.002 |     -238.1 |     -143.2 |    164 | sa22_sr\[1\]$_DFF_P_/D
    3320* |       8 |    1539 |      221 |     24 |   687 |    +4.9% |   -1.002 |     -238.1 |     -143.2 |    164 | sa22_sr\[1\]$_DFF_P_/D
    3330* |       8 |    1546 |      221 |     24 |   690 |    +4.9% |   -1.002 |     -238.2 |     -143.2 |    164 | sa22_sr\[1\]$_DFF_P_/D
    3340* |       8 |    1553 |      221 |     24 |   693 |    +4.9% |   -1.002 |     -238.2 |     -143.2 |    164 | sa22_sr\[1\]$_DFF_P_/D
    3350* |       8 |    1560 |      221 |     24 |   696 |    +4.9% |   -1.002 |     -238.2 |     -143.2 |    164 | sa22_sr\[1\]$_DFF_P_/D
    3360* |       8 |    1567 |      222 |     24 |   698 |    +4.9% |   -1.002 |     -238.2 |     -143.2 |    164 | sa22_sr\[1\]$_DFF_P_/D
    3368* |       8 |    1564 |      222 |     24 |   696 |    +4.9% |   -1.002 |     -238.2 |     -143.2 |    164 | sa22_sr\[1\]$_DFF_P_/D
    3370* |       8 |    1564 |      222 |     24 |   697 |    +4.9% |   -1.002 |     -238.2 |     -143.3 |    164 | sa22_sr\[1\]$_DFF_P_/D
    3380* |       8 |    1570 |      222 |     24 |   701 |    +4.9% |   -1.002 |     -238.3 |     -143.3 |    164 | sa22_sr\[1\]$_DFF_P_/D
    3390* |       8 |    1575 |      223 |     24 |   705 |    +5.0% |   -1.002 |     -238.3 |     -143.2 |    164 | sa22_sr\[1\]$_DFF_P_/D
    3400* |       8 |    1584 |      224 |     24 |   705 |    +5.0% |   -1.002 |     -238.1 |     -143.2 |    164 | sa22_sr\[1\]$_DFF_P_/D
    3400* |       8 |    1584 |      224 |     24 |   705 |    +5.0% |   -1.002 |     -238.1 |     -143.2 |    164 | sa22_sr\[1\]$_DFF_P_/D
    3400* |       8 |    1584 |      224 |     24 |   705 |    +5.0% |   -1.002 |     -238.1 |     -143.2 |    164 | sa22_sr\[1\]$_DFF_P_/D
    3400+ |       8 |    1584 |      224 |     24 |   705 |    +5.0% |   -1.002 |     -238.1 |     -143.2 |    164 | sa22_sr\[1\]$_DFF_P_/D
    3401+ |       8 |    1584 |      224 |     24 |   705 |    +5.0% |   -1.002 |     -238.1 |     -143.2 |    164 | sa22_sr\[1\]$_DFF_P_/D
    3402+ |       8 |    1584 |      224 |     24 |   705 |    +5.0% |   -1.002 |     -238.1 |     -143.2 |    164 | sa22_sr\[1\]$_DFF_P_/D
    3404+ |       8 |    1585 |      224 |     24 |   705 |    +5.0% |   -1.002 |     -238.1 |     -143.2 |    164 | sa22_sr\[1\]$_DFF_P_/D
    3405+ |       8 |    1585 |      224 |     24 |   705 |    +5.0% |   -1.002 |     -238.1 |     -143.2 |    164 | sa22_sr\[1\]$_DFF_P_/D
    3406+ |       8 |    1585 |      224 |     24 |   705 |    +5.0% |   -1.002 |     -238.1 |     -143.2 |    164 | sa22_sr\[1\]$_DFF_P_/D
    3410+ |       8 |    1588 |      224 |     24 |   705 |    +5.0% |   -1.002 |     -238.1 |     -143.1 |    164 | sa22_sr\[1\]$_DFF_P_/D
    3410+ |       8 |    1588 |      224 |     24 |   705 |    +5.0% |   -1.002 |     -238.1 |     -143.1 |    164 | sa22_sr\[1\]$_DFF_P_/D
    3411+ |       8 |    1588 |      224 |     24 |   705 |    +5.0% |   -1.002 |     -238.1 |     -143.1 |    164 | sa22_sr\[1\]$_DFF_P_/D
    3415+ |       8 |    1590 |      224 |     24 |   706 |    +5.0% |   -1.002 |     -238.0 |     -143.1 |    164 | sa22_sr\[1\]$_DFF_P_/D
    3417+ |       8 |    1590 |      224 |     24 |   707 |    +5.0% |   -1.002 |     -238.0 |     -143.1 |    164 | sa22_sr\[1\]$_DFF_P_/D
    3419+ |       8 |    1590 |      224 |     24 |   708 |    +5.0% |   -1.002 |     -238.0 |     -143.1 |    164 | sa22_sr\[1\]$_DFF_P_/D
    3420+ |       8 |    1590 |      224 |     24 |   708 |    +5.0% |   -1.002 |     -238.0 |     -143.1 |    164 | sa22_sr\[1\]$_DFF_P_/D
    3426+ |       8 |    1595 |      224 |     24 |   709 |    +5.0% |   -1.002 |     -237.9 |     -143.0 |    164 | sa22_sr\[1\]$_DFF_P_/D
    3427+ |       8 |    1595 |      224 |     24 |   709 |    +5.0% |   -1.002 |     -237.9 |     -143.0 |    164 | sa22_sr\[1\]$_DFF_P_/D
    3430+ |       8 |    1595 |      224 |     24 |   711 |    +5.0% |   -1.002 |     -237.9 |     -142.9 |    164 | sa22_sr\[1\]$_DFF_P_/D
    3434+ |       8 |    1598 |      224 |     24 |   712 |    +5.0% |   -1.002 |     -237.9 |     -142.8 |    164 | sa22_sr\[1\]$_DFF_P_/D
    3435+ |       8 |    1598 |      224 |     24 |   712 |    +5.0% |   -1.002 |     -237.9 |     -142.8 |    164 | sa22_sr\[1\]$_DFF_P_/D
    3437+ |       8 |    1598 |      224 |     24 |   713 |    +5.0% |   -1.002 |     -237.9 |     -142.8 |    164 | sa22_sr\[1\]$_DFF_P_/D
    3439+ |       8 |    1599 |      224 |     24 |   713 |    +5.0% |   -1.002 |     -237.8 |     -142.8 |    164 | sa22_sr\[1\]$_DFF_P_/D
    3440+ |       8 |    1599 |      224 |     24 |   713 |    +5.0% |   -1.002 |     -237.8 |     -142.8 |    164 | sa22_sr\[1\]$_DFF_P_/D
    3443+ |       8 |    1601 |      224 |     24 |   714 |    +5.0% |   -1.002 |     -237.5 |     -142.6 |    164 | sa22_sr\[1\]$_DFF_P_/D
    3445+ |       8 |    1601 |      224 |     24 |   715 |    +5.0% |   -1.002 |     -237.5 |     -142.5 |    164 | sa22_sr\[1\]$_DFF_P_/D
    3446+ |       8 |    1601 |      224 |     24 |   715 |    +5.0% |   -1.002 |     -237.5 |     -142.5 |    164 | sa22_sr\[1\]$_DFF_P_/D
    3447+ |       8 |    1601 |      224 |     24 |   715 |    +5.0% |   -1.002 |     -237.5 |     -142.5 |    164 | sa22_sr\[1\]$_DFF_P_/D
    3449+ |       8 |    1602 |      224 |     24 |   715 |    +5.0% |   -1.002 |     -237.5 |     -142.5 |    164 | sa22_sr\[1\]$_DFF_P_/D
    3450+ |       8 |    1602 |      224 |     24 |   715 |    +5.0% |   -1.002 |     -237.5 |     -142.5 |    164 | sa22_sr\[1\]$_DFF_P_/D
    3450+ |       8 |    1602 |      224 |     24 |   715 |    +5.0% |   -1.002 |     -237.5 |     -142.5 |    164 | sa22_sr\[1\]$_DFF_P_/D
    3456+ |       8 |    1607 |      224 |     24 |   715 |    +5.0% |   -1.002 |     -237.3 |     -142.5 |    164 | sa22_sr\[1\]$_DFF_P_/D
    3458+ |       8 |    1607 |      224 |     24 |   716 |    +5.0% |   -1.002 |     -237.3 |     -142.5 |    164 | sa22_sr\[1\]$_DFF_P_/D
    3460+ |       8 |    1608 |      224 |     24 |   716 |    +5.0% |   -1.002 |     -237.3 |     -142.4 |    164 | sa22_sr\[1\]$_DFF_P_/D
    3465+ |       8 |    1613 |      224 |     24 |   716 |    +5.0% |   -1.002 |     -237.1 |     -142.4 |    164 | sa22_sr\[1\]$_DFF_P_/D
    3469+ |       8 |    1616 |      224 |     24 |   716 |    +5.0% |   -1.002 |     -237.0 |     -142.4 |    164 | sa22_sr\[1\]$_DFF_P_/D
    3470+ |       8 |    1616 |      224 |     24 |   716 |    +5.0% |   -1.002 |     -237.0 |     -142.4 |    164 | sa22_sr\[1\]$_DFF_P_/D
    3470+ |       8 |    1616 |      224 |     24 |   716 |    +5.0% |   -1.002 |     -237.0 |     -142.4 |    164 | sa22_sr\[1\]$_DFF_P_/D
    3474+ |       8 |    1617 |      224 |     24 |   718 |    +5.0% |   -1.002 |     -236.9 |     -142.2 |    164 | sa22_sr\[1\]$_DFF_P_/D
    3477+ |       8 |    1619 |      224 |     24 |   718 |    +5.0% |   -1.002 |     -236.9 |     -142.2 |    164 | sa22_sr\[1\]$_DFF_P_/D
    3479+ |       8 |    1619 |      224 |     24 |   719 |    +5.0% |   -1.002 |     -236.9 |     -142.2 |    164 | sa22_sr\[1\]$_DFF_P_/D
    3480+ |       8 |    1619 |      224 |     24 |   719 |    +5.0% |   -1.002 |     -236.9 |     -142.2 |    164 | sa22_sr\[1\]$_DFF_P_/D
    3480+ |       8 |    1619 |      224 |     24 |   719 |    +5.0% |   -1.002 |     -236.9 |     -142.2 |    164 | sa22_sr\[1\]$_DFF_P_/D
    3483+ |       8 |    1621 |      224 |     24 |   719 |    +5.0% |   -1.002 |     -236.9 |     -142.2 |    164 | sa22_sr\[1\]$_DFF_P_/D
    3485+ |       8 |    1622 |      224 |     24 |   719 |    +5.0% |   -1.002 |     -236.9 |     -142.1 |    164 | sa22_sr\[1\]$_DFF_P_/D
    3488+ |       8 |    1622 |      224 |     24 |   721 |    +5.0% |   -1.002 |     -236.9 |     -142.1 |    164 | sa22_sr\[1\]$_DFF_P_/D
    3490+ |       8 |    1623 |      224 |     24 |   721 |    +5.0% |   -1.002 |     -236.7 |     -142.1 |    164 | sa22_sr\[1\]$_DFF_P_/D
    3490+ |       8 |    1623 |      224 |     24 |   721 |    +5.0% |   -1.002 |     -236.7 |     -142.1 |    164 | sa22_sr\[1\]$_DFF_P_/D
    3491+ |       8 |    1623 |      224 |     24 |   721 |    +5.0% |   -1.002 |     -236.7 |     -142.1 |    164 | sa22_sr\[1\]$_DFF_P_/D
    3493+ |       8 |    1624 |      224 |     24 |   721 |    +5.0% |   -1.002 |     -236.7 |     -142.0 |    164 | sa22_sr\[1\]$_DFF_P_/D
    3494+ |       8 |    1624 |      224 |     24 |   721 |    +5.0% |   -1.002 |     -236.7 |     -142.0 |    164 | sa22_sr\[1\]$_DFF_P_/D
    3496+ |       8 |    1625 |      224 |     24 |   721 |    +5.0% |   -1.002 |     -236.7 |     -142.0 |    164 | sa22_sr\[1\]$_DFF_P_/D
    3498+ |       8 |    1625 |      224 |     24 |   722 |    +5.0% |   -1.002 |     -236.7 |     -142.0 |    164 | sa22_sr\[1\]$_DFF_P_/D
    3500+ |       8 |    1625 |      224 |     24 |   723 |    +5.0% |   -1.002 |     -236.7 |     -142.0 |    164 | sa22_sr\[1\]$_DFF_P_/D
    3502+ |       8 |    1626 |      224 |     24 |   723 |    +5.0% |   -1.002 |     -236.7 |     -142.0 |    164 | sa22_sr\[1\]$_DFF_P_/D
    3505+ |       8 |    1627 |      224 |     24 |   724 |    +5.0% |   -1.002 |     -236.7 |     -142.0 |    164 | sa22_sr\[1\]$_DFF_P_/D
    3510+ |       8 |    1631 |      224 |     24 |   724 |    +5.0% |   -1.002 |     -236.6 |     -141.9 |    164 | sa22_sr\[1\]$_DFF_P_/D
    3510+ |       8 |    1631 |      224 |     24 |   724 |    +5.0% |   -1.002 |     -236.6 |     -141.9 |    164 | sa22_sr\[1\]$_DFF_P_/D
    3511+ |       8 |    1631 |      224 |     24 |   724 |    +5.0% |   -1.002 |     -236.6 |     -141.9 |    164 | sa22_sr\[1\]$_DFF_P_/D
    3512+ |       8 |    1631 |      224 |     24 |   724 |    +5.0% |   -1.002 |     -236.6 |     -141.9 |    164 | sa22_sr\[1\]$_DFF_P_/D
    3519+ |       8 |    1637 |      224 |     24 |   724 |    +5.0% |   -1.002 |     -236.6 |     -141.9 |    164 | sa22_sr\[1\]$_DFF_P_/D
    3520+ |       8 |    1637 |      224 |     24 |   724 |    +5.0% |   -1.002 |     -236.6 |     -141.9 |    164 | sa22_sr\[1\]$_DFF_P_/D
    3529+ |       8 |    1639 |      224 |     24 |   731 |    +5.0% |   -1.002 |     -236.6 |     -141.6 |    164 | sa22_sr\[1\]$_DFF_P_/D
    3530+ |       8 |    1639 |      224 |     24 |   731 |    +5.0% |   -1.002 |     -236.6 |     -141.6 |    164 | sa22_sr\[1\]$_DFF_P_/D
    3530+ |       8 |    1639 |      224 |     24 |   731 |    +5.0% |   -1.002 |     -236.6 |     -141.6 |    164 | sa22_sr\[1\]$_DFF_P_/D
    3533+ |       8 |    1641 |      224 |     24 |   731 |    +5.0% |   -1.002 |     -236.6 |     -141.5 |    164 | sa22_sr\[1\]$_DFF_P_/D
    3540+ |       8 |    1643 |      224 |     24 |   735 |    +5.1% |   -1.002 |     -236.4 |     -141.4 |    164 | sa22_sr\[1\]$_DFF_P_/D
    3541+ |       8 |    1643 |      224 |     24 |   736 |    +5.1% |   -1.002 |     -236.4 |     -141.3 |    164 | sa22_sr\[1\]$_DFF_P_/D
    3544+ |       8 |    1643 |      224 |     24 |   738 |    +5.1% |   -1.002 |     -236.3 |     -141.3 |    164 | sa22_sr\[1\]$_DFF_P_/D
    3547+ |       8 |    1645 |      224 |     24 |   738 |    +5.1% |   -1.002 |     -236.3 |     -141.2 |    164 | sa22_sr\[1\]$_DFF_P_/D
    3548+ |       8 |    1645 |      224 |     24 |   738 |    +5.1% |   -1.002 |     -236.3 |     -141.2 |    164 | sa22_sr\[1\]$_DFF_P_/D
    3549+ |       8 |    1645 |      224 |     24 |   738 |    +5.1% |   -1.002 |     -236.3 |     -141.2 |    164 | sa22_sr\[1\]$_DFF_P_/D
    3550+ |       8 |    1645 |      224 |     24 |   738 |    +5.1% |   -1.002 |     -236.3 |     -141.2 |    164 | sa22_sr\[1\]$_DFF_P_/D
    3552+ |       8 |    1647 |      224 |     24 |   738 |    +5.1% |   -1.002 |     -236.3 |     -141.2 |    164 | sa22_sr\[1\]$_DFF_P_/D
    3560+ |       8 |    1650 |      224 |     24 |   742 |    +5.1% |   -1.002 |     -236.2 |     -141.1 |    164 | sa22_sr\[1\]$_DFF_P_/D
    3560+ |       8 |    1650 |      224 |     24 |   742 |    +5.1% |   -1.002 |     -236.2 |     -141.1 |    164 | sa22_sr\[1\]$_DFF_P_/D
    3562+ |       8 |    1651 |      224 |     24 |   742 |    +5.1% |   -1.002 |     -236.2 |     -141.1 |    164 | sa22_sr\[1\]$_DFF_P_/D
    3563+ |       8 |    1651 |      224 |     24 |   742 |    +5.1% |   -1.002 |     -236.2 |     -141.1 |    164 | sa22_sr\[1\]$_DFF_P_/D
    3570+ |       8 |    1655 |      224 |     24 |   744 |    +5.1% |   -1.002 |     -236.1 |     -141.0 |    164 | sa22_sr\[1\]$_DFF_P_/D
    3572+ |       8 |    1656 |      224 |     24 |   745 |    +5.1% |   -1.002 |     -236.1 |     -141.0 |    164 | sa22_sr\[1\]$_DFF_P_/D
    3578+ |       8 |    1660 |      224 |     24 |   746 |    +5.1% |   -1.002 |     -235.9 |     -140.8 |    164 | sa22_sr\[1\]$_DFF_P_/D
    3579+ |       8 |    1660 |      224 |     24 |   746 |    +5.1% |   -1.002 |     -235.9 |     -140.8 |    164 | sa22_sr\[1\]$_DFF_P_/D
    3580+ |       8 |    1660 |      224 |     24 |   746 |    +5.1% |   -1.002 |     -235.9 |     -140.8 |    164 | sa22_sr\[1\]$_DFF_P_/D
    3582+ |       8 |    1662 |      224 |     24 |   746 |    +5.1% |   -1.002 |     -236.0 |     -140.8 |    164 | sa22_sr\[1\]$_DFF_P_/D
    3583+ |       8 |    1662 |      224 |     24 |   746 |    +5.1% |   -1.002 |     -236.0 |     -140.8 |    164 | sa22_sr\[1\]$_DFF_P_/D
    3585+ |       8 |    1663 |      224 |     24 |   746 |    +5.1% |   -1.002 |     -235.9 |     -140.7 |    164 | sa22_sr\[1\]$_DFF_P_/D
    3586+ |       8 |    1663 |      224 |     24 |   746 |    +5.1% |   -1.002 |     -235.9 |     -140.7 |    164 | sa22_sr\[1\]$_DFF_P_/D
    3588+ |       8 |    1664 |      224 |     24 |   746 |    +5.1% |   -1.002 |     -235.9 |     -140.7 |    164 | sa22_sr\[1\]$_DFF_P_/D
    3589+ |       8 |    1664 |      224 |     24 |   746 |    +5.1% |   -1.002 |     -235.9 |     -140.7 |    164 | sa22_sr\[1\]$_DFF_P_/D
    3590+ |       8 |    1664 |      224 |     24 |   746 |    +5.1% |   -1.002 |     -235.9 |     -140.7 |    164 | sa22_sr\[1\]$_DFF_P_/D
    3591+ |       8 |    1664 |      224 |     24 |   747 |    +5.1% |   -1.002 |     -235.9 |     -140.7 |    164 | sa22_sr\[1\]$_DFF_P_/D
    3592+ |       8 |    1664 |      224 |     24 |   747 |    +5.1% |   -1.002 |     -235.9 |     -140.7 |    164 | sa22_sr\[1\]$_DFF_P_/D
    3594+ |       8 |    1665 |      224 |     24 |   747 |    +5.1% |   -1.002 |     -235.8 |     -140.6 |    164 | sa22_sr\[1\]$_DFF_P_/D
    3595+ |       8 |    1665 |      224 |     24 |   747 |    +5.1% |   -1.002 |     -235.8 |     -140.6 |    164 | sa22_sr\[1\]$_DFF_P_/D
    3597+ |       8 |    1666 |      224 |     24 |   747 |    +5.1% |   -1.002 |     -235.8 |     -140.6 |    164 | sa22_sr\[1\]$_DFF_P_/D
    3599+ |       8 |    1667 |      224 |     24 |   747 |    +5.1% |   -1.002 |     -235.8 |     -140.6 |    164 | sa22_sr\[1\]$_DFF_P_/D
    3600+ |       8 |    1667 |      224 |     24 |   747 |    +5.1% |   -1.002 |     -235.8 |     -140.6 |    164 | sa22_sr\[1\]$_DFF_P_/D
    final |       8 |    1667 |      224 |     24 |   747 |    +5.1% |   -1.002 |     -235.8 |     -140.6 |    164 | sa22_sr\[1\]$_DFF_P_/D
------------------------------------------------------------------------------------------------------------------------------
[INFO RSZ-0059] Removed 8 buffers.
[INFO RSZ-0045] Inserted 224 buffers, 1 to split loads.
[INFO RSZ-0051] Resized 1667 instances: 1667 up, 0 up match, 0 down, 0 VT
[INFO RSZ-0043] Swapped pins on 747 instances.
[INFO RSZ-0049] Cloned 24 instances.
[WARNING RSZ-0062] Unable to repair all setup violations.
[INFO RSZ-0505] Runtime: 120.76s
[INFO RSZ-0033] No hold violations found.
[INFO RSZ-0506] Runtime: 0.07s
Took 120 seconds: repair_timing -setup_margin 0 -hold_margin 0 -repair_tns 100 -verbose
global_route -start_incremental
detailed_placement
[INFO DPL-0006] Core area: 1317878.60 um^2
[INFO DPL-0007] Movable instances area: 644865.40 um^2
[INFO DPL-0008] Fixed instances area within core: 5836.72 um^2
[INFO DPL-0009] Utilization: 49.4%
[INFO DPL-0005] Diamond search max displacement: +/- 500 sites horizontally, +/- 100 rows vertically.
[INFO DPL-1102] Legalizing using negotiation legalizer.
[INFO DPL-1103] Negotiation base search window: +/-20 sites horizontally, +/-5 rows vertically 
	Automatic search window extension enabled.
	Search window extendable up to the max displacement cap of +/-500 sites, +/-100 rows near walls.
[INFO DPL-1104] NegotiationLegalizer DRC penalty: 5.
[INFO DPL-0392] Negotiation cell height distribution (1 unique row-count(s)):
[INFO DPL-0393]   height 1 row(s): 18630 cells
          |      Total |  Illegal |  Illegal
Iteration | Violations |    Cells |    Sites
---------------------------------------------
        0 |       2449 |       316 |      2133
        1 |        382 |        48 |       334
        2 |        133 |        13 |       120
        3 |        119 |         7 |       112
        4 |         90 |         4 |        86
        5 |         72 |         8 |        64
        6 |         64 |         2 |        62
        7 |         35 |         3 |        32
        8 |         35 |         3 |        32
        9 |          9 |         3 |         6
       10 |          0 |         0 |         0
Negotiation phase 1 converged at iteration 10.
[INFO DPL-0500] Runtime: 0.59s
Placement Analysis
---------------------------------
total displacement      20353.2 u
average displacement        1.1 u
max displacement           60.5 u
original HPWL         1246569.0 u
legalized HPWL        1262842.5 u
delta HPWL                    1 %

check_placement -verbose
global_route -end_incremental -congestion_report_file /tmp/workspace/scripts-Private_test-fr_cugr_cmp-1-/reports/gf180/aes-hybrid/base/congestion_post_repair_timing.rpt
estimate_parasitics -global_routing
global_route -start_incremental
global_route -end_incremental -congestion_report_file /tmp/workspace/scripts-Private_test-fr_cugr_cmp-1-/reports/gf180/aes-hybrid/base/congestion_post_recover_power.rpt
Repair antennas...
[INFO GRT-0012] Found 15 antenna violations.
[INFO GRT-0302] Inserted 13 jumpers for 13 nets.
[INFO GRT-0012] Found 2 antenna violations.
[INFO DPL-0006] Core area: 1317878.60 um^2
[INFO DPL-0007] Movable instances area: 644800.17 um^2
[INFO DPL-0008] Fixed instances area within core: 5913.24 um^2
[INFO DPL-0009] Utilization: 49.4%
[INFO DPL-0005] Diamond search max displacement: +/- 500 sites horizontally, +/- 100 rows vertically.
[INFO DPL-1102] Legalizing using negotiation legalizer.
[INFO DPL-1103] Negotiation base search window: +/-20 sites horizontally, +/-5 rows vertically 
	Automatic search window extension enabled.
	Search window extendable up to the max displacement cap of +/-500 sites, +/-100 rows near walls.
[INFO DPL-1104] NegotiationLegalizer DRC penalty: 5.
[INFO DPL-0392] Negotiation cell height distribution (1 unique row-count(s)):
[INFO DPL-0393]   height 1 row(s): 18632 cells
          |      Total |  Illegal |  Illegal
Iteration | Violations |    Cells |    Sites
---------------------------------------------
        0 |          0 |         0 |         0
Negotiation phase 1 converged at iteration 0.
[INFO DPL-0500] Runtime: 0.13s
[INFO GRT-0015] Inserted 2 diodes.
[INFO GRT-0012] Found 0 antenna violations.
[INFO ANT-0002] Found 0 net violations.
[INFO ANT-0001] Found 0 pin violations.
Estimate parasitics...
estimate_parasitics -global_routing
Report metrics stage 5, global route...

==========================================================================
global route report_design_area
--------------------------------------------------------------------------
Design area 650713 um^2 49% utilization.
[INFO FLW-0007] clock clk period 3.000000
[WARNING FLW-0010] more than one clock found. Skipping sdc update.
[INFO FLW-0011] Path endpoint path count 721
write_db /tmp/workspace/scripts-Private_test-fr_cugr_cmp-1-/results/gf180/aes-hybrid/base/5_1_grt.odb
write_sdc -no_timestamp /tmp/workspace/scripts-Private_test-fr_cugr_cmp-1-/results/gf180/aes-hybrid/base/5_1_grt.sdc
Elapsed time: 2:20.53[h:]min:sec. CPU time: user 1266.55 sys 47.42 (935%). Peak memory: 696044KB.
Log                       Ext     Elapsed/s Peak Memory/MB sha1sum result [0:20)
5_1_grt                   .odb          140            679 4ae7a827d198f253f0ab
5_1_grt                   .sdc                             6f6091be4fc5821bfb6a
