OpenROAD 26Q3-1464-gb22abfea20 
Features included (+) or not (-): +GPU +GUI +Python
This program is licensed under the BSD-3 license. See the LICENSE file for details.
Components of this program may be licensed under more restrictive licenses which must be honored.
[INFO ORD-0030] Using 32 thread(s).
source ./platforms/asap7/liberty_suppressions.tcl
read_liberty ./platforms/asap7/lib/NLDM/asap7sc7p5t_AO_LVT_FF_nldm_211120.lib.gz
read_liberty ./platforms/asap7/lib/NLDM/asap7sc7p5t_INVBUF_LVT_FF_nldm_220122.lib.gz
read_liberty ./platforms/asap7/lib/NLDM/asap7sc7p5t_OA_LVT_FF_nldm_211120.lib.gz
read_liberty ./platforms/asap7/lib/NLDM/asap7sc7p5t_SIMPLE_LVT_FF_nldm_211120.lib.gz
read_liberty ./platforms/asap7/lib/NLDM/asap7sc7p5t_SEQ_LVT_FF_nldm_220123.lib
read_db /tmp/workspace/scripts-Private_test-fr_cugr_cmp-2-/results/asap7/ethmac_lvt/base/3_3_place_gp.odb
read_sdc /tmp/workspace/scripts-Private_test-fr_cugr_cmp-2-/results/asap7/ethmac_lvt/base/2_floorplan.sdc
source ./platforms/asap7/setRC.tcl
estimate_parasitics -placement
Perform buffer insertion and gate resizing...
repair_design -verbose
Iteration |   Area    | Resized | Buffers | Nets repaired | Remaining
---------------------------------------------------------------------
        0 |     +0.0% |       0 |       0 |             0 |     54548
     1000 |     +0.0% |       0 |       0 |             0 |     53548
     2000 |     +0.0% |       0 |       0 |             0 |     52548
     3000 |     +0.0% |       0 |       0 |             0 |     51548
     4000 |     +0.0% |       0 |       0 |             0 |     50548
     5000 |     +0.0% |       0 |       0 |             0 |     49548
     6000 |     +0.0% |       0 |       0 |             0 |     48548
     7000 |     +0.0% |       0 |       0 |             0 |     47548
     8000 |     +0.0% |       0 |       0 |             0 |     46548
     9000 |     +0.0% |       0 |       0 |             0 |     45548
    10000 |     +0.0% |       0 |       0 |             0 |     44548
    11000 |     +0.0% |       0 |       0 |             0 |     43548
    12000 |     +0.0% |       0 |       0 |             0 |     42548
    13000 |     +0.0% |       0 |       0 |             0 |     41548
    14000 |     +0.0% |       0 |       0 |             0 |     40548
    15000 |     +0.0% |       0 |       0 |             0 |     39548
    16000 |     +0.0% |       0 |       0 |             0 |     38548
    17000 |     +0.0% |       0 |       0 |             0 |     37548
    18000 |     +0.0% |       0 |       0 |             0 |     36548
    19000 |     +0.0% |       0 |       0 |             0 |     35548
    20000 |     +0.0% |       0 |       0 |             0 |     34548
    21000 |     +0.0% |       0 |       0 |             0 |     33548
    22000 |     +0.0% |       0 |       0 |             0 |     32548
    23000 |     +0.0% |       0 |       0 |             0 |     31548
    24000 |     +0.0% |       0 |       0 |             0 |     30548
    25000 |     +0.0% |       0 |       0 |             0 |     29548
    26000 |     +0.0% |       0 |       0 |             0 |     28548
    27000 |     +0.0% |       0 |       0 |             0 |     27548
    28000 |     +0.0% |       0 |       0 |             0 |     26548
    29000 |     +0.0% |       0 |       0 |             0 |     25548
    30000 |     +0.0% |       0 |       0 |             0 |     24548
    31000 |     +0.0% |       0 |       0 |             0 |     23548
    32000 |     +0.0% |       0 |       0 |             0 |     22548
    33000 |     +0.0% |       0 |       0 |             0 |     21548
    34000 |     +0.0% |       0 |       0 |             0 |     20548
    35000 |     +0.0% |       0 |       0 |             0 |     19548
    36000 |     +0.0% |       0 |       0 |             0 |     18548
    37000 |     +0.0% |       0 |       0 |             0 |     17548
    38000 |     +0.0% |       0 |       0 |             0 |     16548
    39000 |     +0.0% |       0 |       0 |             0 |     15548
    40000 |     +0.0% |       0 |       0 |             0 |     14548
    41000 |     +0.0% |       0 |       1 |             1 |     13548
    42000 |     +0.0% |       0 |       1 |             1 |     12548
    43000 |     +0.0% |       0 |       1 |             1 |     11548
    44000 |     +0.0% |       0 |       1 |             1 |     10548
    45000 |     +0.0% |       0 |       1 |             1 |      9548
    46000 |     +0.0% |       0 |       1 |             1 |      8548
    47000 |     +0.0% |       0 |       1 |             1 |      7548
    48000 |     +0.0% |       0 |       1 |             1 |      6548
    49000 |     +0.0% |       0 |       1 |             1 |      5548
    50000 |     +0.0% |       0 |       1 |             1 |      4548
    51000 |     +0.0% |       0 |       1 |             1 |      3548
    52000 |     +0.0% |       0 |       1 |             1 |      2548
    53000 |     +0.0% |       0 |       1 |             1 |      1548
    54000 |     +0.0% |       0 |       1 |             1 |       548
    final |     +0.0% |       0 |       1 |             1 |         0
---------------------------------------------------------------------
[INFO RSZ-0034] Found 1 slew violations.
[INFO RSZ-0038] Inserted 1 buffers in 1 nets.
[INFO RSZ-0504] Runtime: 3.95s
Floating nets: 
Report metrics stage 3, resizer...

==========================================================================
resizer report_design_area
--------------------------------------------------------------------------
Design area 7224 um^2 39% utilization.
Instance count before 56533, after 56534
Pin count before 185838, after 185840
write_db /tmp/workspace/scripts-Private_test-fr_cugr_cmp-2-/results/asap7/ethmac_lvt/base/3_4_place_resized.odb
Elapsed time: 0:17.83[h:]min:sec. CPU time: user 24.35 sys 19.50 (245%). Peak memory: 474452KB.
Log                       Ext     Elapsed/s Peak Memory/MB sha1sum result [0:20)
3_4_place_resized         .odb           17            463 e223a9425aff50637c6c
