OpenROAD 26Q3-1464-gb22abfea20 
Features included (+) or not (-): +GPU +GUI +Python
This program is licensed under the BSD-3 license. See the LICENSE file for details.
Components of this program may be licensed under more restrictive licenses which must be honored.
[INFO ORD-0030] Using 32 thread(s).
source ./platforms/asap7/liberty_suppressions.tcl
read_liberty ./platforms/asap7/lib/NLDM/asap7sc7p5t_AO_LVT_FF_nldm_211120.lib.gz
read_liberty ./platforms/asap7/lib/NLDM/asap7sc7p5t_INVBUF_LVT_FF_nldm_220122.lib.gz
read_liberty ./platforms/asap7/lib/NLDM/asap7sc7p5t_OA_LVT_FF_nldm_211120.lib.gz
read_liberty ./platforms/asap7/lib/NLDM/asap7sc7p5t_SIMPLE_LVT_FF_nldm_211120.lib.gz
read_liberty ./platforms/asap7/lib/NLDM/asap7sc7p5t_SEQ_LVT_FF_nldm_220123.lib
read_db /tmp/workspace/scripts-Private_test-fr_cugr_cmp-2-/results/asap7/ethmac_lvt/base/4_cts.odb
read_sdc /tmp/workspace/scripts-Private_test-fr_cugr_cmp-2-/results/asap7/ethmac_lvt/base/4_cts.sdc
source ./platforms/asap7/setRC.tcl
pin_access
[INFO DRT-0149] Reading tech and libs.

Units:                1000
Number of layers:     21
Number of macros:     212
Number of vias:       15
Number of viarulegen: 11

[INFO DRT-0150] Reading design.
[WARNING DRT-0120] Large net _021473_ has 137 pins which may impact routing performance. Consider optimization.
[WARNING DRT-0120] Large net _024428_ has 138 pins which may impact routing performance. Consider optimization.
[WARNING DRT-0120] Large net _032988_ has 158 pins which may impact routing performance. Consider optimization.
[WARNING DRT-0120] Large net _033028_ has 128 pins which may impact routing performance. Consider optimization.
[WARNING DRT-0120] Large net _040253_ has 112 pins which may impact routing performance. Consider optimization.
[WARNING DRT-0120] Large net net3413 has 101 pins which may impact routing performance. Consider optimization.
[WARNING DRT-0120] Large net net3411 has 105 pins which may impact routing performance. Consider optimization.
[WARNING DRT-0120] Large net net3179 has 105 pins which may impact routing performance. Consider optimization.
[WARNING DRT-0120] Large net net3175 has 105 pins which may impact routing performance. Consider optimization.
[WARNING DRT-0120] Large net net3106 has 101 pins which may impact routing performance. Consider optimization.
[WARNING DRT-0120] Large net net3105 has 124 pins which may impact routing performance. Consider optimization.
[WARNING DRT-0120] Large net net3028 has 134 pins which may impact routing performance. Consider optimization.
[WARNING DRT-0120] Large net net3032 has 104 pins which may impact routing performance. Consider optimization.
[WARNING DRT-0120] Large net net3440 has 101 pins which may impact routing performance. Consider optimization.
[WARNING DRT-0120] Large net net3439 has 131 pins which may impact routing performance. Consider optimization.
[WARNING DRT-0120] Large net net3437 has 127 pins which may impact routing performance. Consider optimization.
[WARNING DRT-0120] Large net net3443 has 144 pins which may impact routing performance. Consider optimization.
[WARNING DRT-0120] Large net net3372 has 103 pins which may impact routing performance. Consider optimization.
[WARNING DRT-0120] Large net net3220 has 104 pins which may impact routing performance. Consider optimization.
[WARNING DRT-0120] Large net net3219 has 130 pins which may impact routing performance. Consider optimization.
[WARNING DRT-0120] Large net net3396 has 110 pins which may impact routing performance. Consider optimization.
[WARNING DRT-0120] Large net net3395 has 104 pins which may impact routing performance. Consider optimization.
[WARNING DRT-0120] Large net net3215 has 124 pins which may impact routing performance. Consider optimization.
[WARNING DRT-0120] Large net net3424 has 104 pins which may impact routing performance. Consider optimization.
[WARNING DRT-0120] Large net net3019 has 111 pins which may impact routing performance. Consider optimization.
[WARNING DRT-0120] Large net net3006 has 102 pins which may impact routing performance. Consider optimization.
[WARNING DRT-0120] Large net net3002 has 108 pins which may impact routing performance. Consider optimization.
[WARNING DRT-0120] Large net net2986 has 109 pins which may impact routing performance. Consider optimization.
[WARNING DRT-0120] Large net net2984 has 104 pins which may impact routing performance. Consider optimization.
[WARNING DRT-0120] Large net net2969 has 112 pins which may impact routing performance. Consider optimization.
[WARNING DRT-0120] Large net net2964 has 129 pins which may impact routing performance. Consider optimization.
[WARNING DRT-0120] Large net net3198 has 103 pins which may impact routing performance. Consider optimization.

Design:                   ethmac
Die area:                 ( 0 0 ) ( 139715 139715 )
Number of track patterns: 32
Number of DEF vias:       0
Number of components:     57557
Number of terminals:      218
Number of snets:          2
Number of nets:           55136

[INFO DRT-0167] List of default vias:
  Layer V2
    default via: VIA23
  Layer V3
    default via: VIA34
  Layer V4
    default via: VIA45
  Layer V5
    default via: VIA56
  Layer V6
    default via: VIA67
  Layer V7
    default via: VIA78
  Layer V8
    default via: VIA89
  Layer V9
    default via: VIA9Pad
[INFO DRT-0162] Library cell analysis.
[INFO DRT-0163] Instance analysis.
[INFO DRT-0164] Number of unique instances = 229.
[INFO DRT-0168] Init region query.
[INFO DRT-0024]   Complete Active.
[INFO DRT-0024]   Complete V0.
[INFO DRT-0024]   Complete M1.
[INFO DRT-0024]   Complete V1.
[INFO DRT-0024]   Complete M2.
[INFO DRT-0024]   Complete V2.
[INFO DRT-0024]   Complete M3.
[INFO DRT-0024]   Complete V3.
[INFO DRT-0024]   Complete M4.
[INFO DRT-0024]   Complete V4.
[INFO DRT-0024]   Complete M5.
[INFO DRT-0024]   Complete V5.
[INFO DRT-0024]   Complete M6.
[INFO DRT-0024]   Complete V6.
[INFO DRT-0024]   Complete M7.
[INFO DRT-0024]   Complete V7.
[INFO DRT-0024]   Complete M8.
[INFO DRT-0024]   Complete V8.
[INFO DRT-0024]   Complete M9.
[INFO DRT-0024]   Complete V9.
[INFO DRT-0024]   Complete Pad.
[INFO DRT-0033] Active shape region query size = 0.
[INFO DRT-0033] V0 shape region query size = 0.
[INFO DRT-0033] M1 shape region query size = 1061526.
[INFO DRT-0033] V1 shape region query size = 2005142.
[INFO DRT-0033] M2 shape region query size = 51943.
[INFO DRT-0033] V2 shape region query size = 39234.
[INFO DRT-0033] M3 shape region query size = 39234.
[INFO DRT-0033] V3 shape region query size = 26156.
[INFO DRT-0033] M4 shape region query size = 26202.
[INFO DRT-0033] V4 shape region query size = 26156.
[INFO DRT-0033] M5 shape region query size = 14626.
[INFO DRT-0033] V5 shape region query size = 2756.
[INFO DRT-0033] M6 shape region query size = 1428.
[INFO DRT-0033] V6 shape region query size = 0.
[INFO DRT-0033] M7 shape region query size = 0.
[INFO DRT-0033] V7 shape region query size = 0.
[INFO DRT-0033] M8 shape region query size = 0.
[INFO DRT-0033] V8 shape region query size = 0.
[INFO DRT-0033] M9 shape region query size = 0.
[INFO DRT-0033] V9 shape region query size = 0.
[INFO DRT-0033] Pad shape region query size = 0.
[INFO DRT-0165] Start pin access.
[INFO DRT-0076]   Complete 1000 pins.
[INFO DRT-0078]   Complete 1227 pins.
[INFO DRT-0079]   Complete 100 unique inst patterns.
[INFO DRT-0079]   Complete 200 unique inst patterns.
[INFO DRT-0081]   Complete 229 unique inst patterns.
[INFO DRT-0082]   Complete 10000 groups.
[INFO DRT-0082]   Complete 20000 groups.
[INFO DRT-0082]   Complete 30000 groups.
[INFO DRT-0082]   Complete 40000 groups.
[INFO DRT-0084]   Complete 40223 groups.
#scanned instances     = 57557
#unique  instances     = 229
#stdCellGenAp          = 6519
#stdCellValidPlanarAp  = 44
#stdCellValidViaAp     = 5120
#stdCellPinNoAp        = 0
#stdCellPinCnt         = 186205
#instTermValidViaApCnt = 0
#macroGenAp            = 0
#macroValidPlanarAp    = 0
#macroValidViaAp       = 0
#macroNoAp             = 0
[INFO DRT-0166] Complete pin access.
[INFO DRT-0267] cpu time = 00:10:00, elapsed time = 00:00:19, memory = 502.38 (MB), peak = 543.35 (MB)
Took 20 seconds: pin_access
global_route -congestion_report_file /tmp/workspace/scripts-Private_test-fr_cugr_cmp-2-/reports/asap7/ethmac_lvt/base/congestion.rpt -congestion_iterations 10 -congestion_report_iter_step 5 -verbose -resistance_aware -use_cugr
[INFO GRT-0020] Min routing layer: M2
[INFO GRT-0021] Max routing layer: M7
[INFO GRT-0022] Global adjustment: 0%
[INFO GRT-0023] Grid origin: (0, 0)
[INFO GRT-0088] Layer M1      Track-Pitch = 0.0360  line-2-Via Pitch: 0.0360
[INFO GRT-0088] Layer M2      Track-Pitch = 0.0390  line-2-Via Pitch: 0.0360
[INFO GRT-0088] Layer M3      Track-Pitch = 0.0360  line-2-Via Pitch: 0.0360
[INFO GRT-0088] Layer M4      Track-Pitch = 0.0480  line-2-Via Pitch: 0.0480
[INFO GRT-0088] Layer M5      Track-Pitch = 0.0480  line-2-Via Pitch: 0.0480
[INFO GRT-0088] Layer M6      Track-Pitch = 0.0640  line-2-Via Pitch: 0.0640
[INFO GRT-0088] Layer M7      Track-Pitch = 0.0640  line-2-Via Pitch: 0.0640
[INFO GRT-0003] Macros: 0
[INFO GRT-0004] Blockages: 35361
[INFO GRT-0019] Found 583 clock nets.
[INFO GRT-0001] Minimum degree: 2
[INFO GRT-0002] Maximum degree: 158
Design statistics
Nets:                55064
Special nets:        2
Routing layers:      7

[INFO GRT-0053] Routing resources analysis:
          Routing      Original      Derated      Resource
Layer     Direction    Resources     Resources    Reduction (%)
---------------------------------------------------------------
M1         Vertical            0             0          0.00%
M2         Horizontal     741995        556497          25.00%
M3         Vertical       934996        701247          25.00%
M4         Horizontal     699365        524524          25.00%
M5         Vertical       648461        486345          25.00%
M6         Horizontal     451943        339076          24.97%
M7         Vertical       532652        399489          25.00%
---------------------------------------------------------------

Stage 1: Pattern routing.
Stage 2: Resistance-aware re-route of critical nets.
Stage 3: Pattern routing with detours.
Stage 4: Maze routing on sparsified graph.
Stage 5: Iterative rip-up and re-route.
[INFO GRT-0117] Start extra iteration 1/10
[INFO GRT-0117] Start extra iteration 2/10
[INFO GRT-0117] Start extra iteration 3/10
[INFO GRT-0117] Start extra iteration 4/10
[INFO GRT-0117] Start extra iteration 5/10
[INFO GRT-0117] Start extra iteration 6/10
[INFO GRT-0117] Start extra iteration 7/10
[INFO GRT-0117] Start extra iteration 8/10
[INFO GRT-0117] Start extra iteration 9/10
[INFO GRT-0117] Start extra iteration 10/10
[WARNING GRT-0118] Iterative RRR finished with congestion remaining (64).
Routing statistics
Wire length:           5541440
Total via count:       360502
Total congestion:      64.25
Min resource:          -0.67
Bottleneck:            (1, 121, 116)
[INFO GRT-0130] CUGR congestion report:
Layer   Dir     Resource     Wire Dmd      Via Dmd    Total Dmd  Usage (%)   Wire Ovf    Via Ovf  Max Edge Ovf
--------------------------------------------------------------------------------------------------------------
M1        V         0.00         0.00         0.00         0.00       0.00       0.00       0.00          0.00
M2        H    556497.03    114973.00     28060.65    143033.65      25.70       2.83       0.45          0.67
M3        V    701247.05    151155.00     16783.94    167938.94      23.95       0.71       0.08          0.26
M4        H    524523.89     57759.00      7776.26     65535.26      12.49       0.01       0.00          0.01
M5        V    486345.42     23527.00      5043.52     28570.52       5.87       0.00       0.00          0.00
M6        H    339076.43     18473.50      3851.00     22324.50       6.58       0.00      60.18          0.53
M7        V    399489.00     13701.50      1894.52     15596.02       3.90       0.00       0.00          0.00
--------------------------------------------------------------------------------------------------------------
Total         3007178.82    379589.00     63409.89    442998.89      14.73       3.55      60.70          0.67
[INFO GRT-0018] Total wirelength: 302231 um
[INFO GRT-0014] Routed nets: 55064
[WARNING GRT-0115] Global routing finished with congestion. Check the congestion regions in the DRC Viewer.
[INFO GRT-0303] Global routing runtime = 00:01:09
Took 69 seconds: global_route -congestion_report_file /tmp/workspace/scripts-Private_test-fr_cugr_cmp-2-/reports/asap7/ethmac_lvt/base/congestion.rpt -congestion_iterations 10 -congestion_report_iter_step 5 -verbose -resistance_aware -use_cugr
[WARNING STA-0450] virtual clock vclk_wb_clk_i can not be propagated.
[WARNING STA-0450] virtual clock vclk_mtx_clk_pad_i can not be propagated.
[WARNING STA-0450] virtual clock vclk_mrx_clk_pad_i can not be propagated.
estimate_parasitics -global_routing
Perform buffer insertion and gate resizing...
repair_design -verbose
Iteration |   Area    | Resized | Buffers | Nets repaired | Remaining
---------------------------------------------------------------------
        0 |     +0.0% |       0 |       0 |             0 |     55572
     1000 |     +0.0% |       0 |       0 |             0 |     54572
     2000 |     +0.0% |       0 |       0 |             0 |     53572
     3000 |     +0.0% |       0 |       0 |             0 |     52572
     4000 |     +0.0% |       0 |       0 |             0 |     51572
     5000 |     +0.0% |       0 |       0 |             0 |     50572
     6000 |     +0.0% |       0 |       0 |             0 |     49572
     7000 |     +0.0% |       0 |       0 |             0 |     48572
     8000 |     +0.0% |       0 |       0 |             0 |     47572
     9000 |     +0.0% |       0 |       0 |             0 |     46572
    10000 |     +0.0% |       0 |       0 |             0 |     45572
    11000 |     +0.0% |       0 |       0 |             0 |     44572
    12000 |     +0.0% |       0 |       0 |             0 |     43572
    13000 |     +0.0% |       0 |       0 |             0 |     42572
    14000 |     +0.0% |       0 |       0 |             0 |     41572
    15000 |     +0.0% |       0 |       0 |             0 |     40572
    16000 |     +0.0% |       0 |       0 |             0 |     39572
    17000 |     +0.0% |       0 |       0 |             0 |     38572
    18000 |     +0.0% |       0 |       0 |             0 |     37572
    19000 |     +0.0% |       0 |       0 |             0 |     36572
    20000 |     +0.0% |       0 |       0 |             0 |     35572
    21000 |     +0.0% |       0 |       0 |             0 |     34572
    22000 |     +0.0% |       0 |       0 |             0 |     33572
    23000 |     +0.0% |       0 |       0 |             0 |     32572
    24000 |     +0.0% |       0 |       0 |             0 |     31572
    25000 |     +0.0% |       0 |       0 |             0 |     30572
    26000 |     +0.0% |       0 |       0 |             0 |     29572
    27000 |     +0.0% |       0 |       0 |             0 |     28572
    28000 |     +0.0% |       0 |       0 |             0 |     27572
[WARNING RSZ-0104] Net _056682_ only has one pin. Check if it is intended to be dangling.
[WARNING RSZ-0104] Net _056681_ only has one pin. Check if it is intended to be dangling.
    29000 |     +0.0% |       0 |       0 |             0 |     26572
    30000 |     +0.0% |       0 |       0 |             0 |     25572
    31000 |     +0.0% |       0 |       0 |             0 |     24572
    32000 |     +0.0% |       0 |       0 |             0 |     23572
    33000 |     +0.0% |       0 |       0 |             0 |     22572
    34000 |     +0.0% |       0 |       5 |             4 |     21572
    35000 |     +0.0% |       0 |       5 |             4 |     20572
    36000 |     +0.0% |       0 |       5 |             4 |     19572
    37000 |     +0.0% |       0 |       5 |             4 |     18572
[WARNING RSZ-0104] Net _056691_ only has one pin. Check if it is intended to be dangling.
[WARNING RSZ-0104] Net _056689_ only has one pin. Check if it is intended to be dangling.
[WARNING RSZ-0104] Net _056688_ only has one pin. Check if it is intended to be dangling.
[WARNING RSZ-0104] Net _056687_ only has one pin. Check if it is intended to be dangling.
[WARNING RSZ-0104] Net _056686_ only has one pin. Check if it is intended to be dangling.
[WARNING RSZ-0104] Net _056685_ only has one pin. Check if it is intended to be dangling.
[WARNING RSZ-0104] Net _056684_ only has one pin. Check if it is intended to be dangling.
[WARNING RSZ-0104] Net _056683_ only has one pin. Check if it is intended to be dangling.
[WARNING RSZ-0104] Net _056680_ only has one pin. Check if it is intended to be dangling.
[WARNING RSZ-0104] Net _056679_ only has one pin. Check if it is intended to be dangling.
[WARNING RSZ-0104] Net _056675_ only has one pin. Check if it is intended to be dangling.
[WARNING RSZ-0104] Net _056673_ only has one pin. Check if it is intended to be dangling.
[WARNING RSZ-0104] Net _056670_ only has one pin. Check if it is intended to be dangling.
[WARNING RSZ-0104] Net _056669_ only has one pin. Check if it is intended to be dangling.
[WARNING RSZ-0104] Net _056668_ only has one pin. Check if it is intended to be dangling.
[WARNING RSZ-0104] Net _056667_ only has one pin. Check if it is intended to be dangling.
[WARNING RSZ-0104] Net _056666_ only has one pin. Check if it is intended to be dangling.
[WARNING RSZ-0104] Net _056665_ only has one pin. Check if it is intended to be dangling.
[WARNING RSZ-0104] Net _056663_ only has one pin. Check if it is intended to be dangling.
[WARNING RSZ-0104] Net _056662_ only has one pin. Check if it is intended to be dangling.
[WARNING RSZ-0104] Net _056661_ only has one pin. Check if it is intended to be dangling.
[WARNING RSZ-0104] Net _056653_ only has one pin. Check if it is intended to be dangling.
[WARNING RSZ-0104] Net _056652_ only has one pin. Check if it is intended to be dangling.
[WARNING RSZ-0104] Net _056641_ only has one pin. Check if it is intended to be dangling.
[WARNING RSZ-0104] Net _056640_ only has one pin. Check if it is intended to be dangling.
[WARNING RSZ-0104] Net _056625_ only has one pin. Check if it is intended to be dangling.
[WARNING RSZ-0104] Net _056624_ only has one pin. Check if it is intended to be dangling.
[WARNING RSZ-0104] Net _056623_ only has one pin. Check if it is intended to be dangling.
[WARNING RSZ-0104] Net _056621_ only has one pin. Check if it is intended to be dangling.
[WARNING RSZ-0104] Net _056620_ only has one pin. Check if it is intended to be dangling.
    38000 |     +0.1% |       0 |      13 |            12 |     17572
    39000 |     +0.1% |       0 |      13 |            12 |     16572
[WARNING RSZ-0104] Net _056674_ only has one pin. Check if it is intended to be dangling.
[WARNING RSZ-0104] Net _056672_ only has one pin. Check if it is intended to be dangling.
[WARNING RSZ-0104] Net _056660_ only has one pin. Check if it is intended to be dangling.
[WARNING RSZ-0104] Net _056657_ only has one pin. Check if it is intended to be dangling.
[WARNING RSZ-0104] Net _056622_ only has one pin. Check if it is intended to be dangling.
[WARNING RSZ-0104] Net _056690_ only has one pin. Check if it is intended to be dangling.
[WARNING RSZ-0104] Net _056678_ only has one pin. Check if it is intended to be dangling.
[WARNING RSZ-0104] Net _056664_ only has one pin. Check if it is intended to be dangling.
    40000 |     +0.1% |       0 |      18 |            17 |     15572
    41000 |     +0.1% |       0 |      18 |            17 |     14572
[WARNING RSZ-0104] Net _056677_ only has one pin. Check if it is intended to be dangling.
[WARNING RSZ-0104] Net _056656_ only has one pin. Check if it is intended to be dangling.
[WARNING RSZ-0104] Net _056655_ only has one pin. Check if it is intended to be dangling.
[WARNING RSZ-0104] Net _056646_ only has one pin. Check if it is intended to be dangling.
[WARNING RSZ-0104] Net _056645_ only has one pin. Check if it is intended to be dangling.
[WARNING RSZ-0104] Net _056644_ only has one pin. Check if it is intended to be dangling.
    42000 |     +0.1% |       0 |      23 |            20 |     13572
    43000 |     +0.1% |       0 |      23 |            20 |     12572
    44000 |     +0.1% |       0 |      23 |            20 |     11572
    45000 |     +0.1% |       0 |      23 |            20 |     10572
    46000 |     +0.1% |       0 |      23 |            20 |      9572
    47000 |     +0.1% |       0 |      23 |            20 |      8572
    48000 |     +0.1% |       0 |      23 |            20 |      7572
    49000 |     +0.1% |       0 |      23 |            20 |      6572
    50000 |     +0.1% |       0 |      23 |            20 |      5572
    51000 |     +0.1% |       0 |      23 |            20 |      4572
    52000 |     +0.1% |       0 |      23 |            20 |      3572
[WARNING RSZ-0104] Net _056676_ only has one pin. Check if it is intended to be dangling.
[WARNING RSZ-0104] Net _056671_ only has one pin. Check if it is intended to be dangling.
[WARNING RSZ-0104] Net _056659_ only has one pin. Check if it is intended to be dangling.
[WARNING RSZ-0104] Net _056658_ only has one pin. Check if it is intended to be dangling.
[WARNING RSZ-0104] Net _056654_ only has one pin. Check if it is intended to be dangling.
[WARNING RSZ-0104] Net _056651_ only has one pin. Check if it is intended to be dangling.
[WARNING RSZ-0104] Net _056650_ only has one pin. Check if it is intended to be dangling.
[WARNING RSZ-0104] Net _056649_ only has one pin. Check if it is intended to be dangling.
[WARNING RSZ-0104] Net _056648_ only has one pin. Check if it is intended to be dangling.
[WARNING RSZ-0104] Net _056647_ only has one pin. Check if it is intended to be dangling.
[WARNING RSZ-0104] Net _056643_ only has one pin. Check if it is intended to be dangling.
[WARNING RSZ-0104] Net _056642_ only has one pin. Check if it is intended to be dangling.
[WARNING RSZ-0104] Net _056639_ only has one pin. Check if it is intended to be dangling.
[WARNING RSZ-0104] Net _056638_ only has one pin. Check if it is intended to be dangling.
[WARNING RSZ-0104] Net _056637_ only has one pin. Check if it is intended to be dangling.
[WARNING RSZ-0104] Net _056635_ only has one pin. Check if it is intended to be dangling.
[WARNING RSZ-0104] Net _056634_ only has one pin. Check if it is intended to be dangling.
[WARNING RSZ-0104] Net _056633_ only has one pin. Check if it is intended to be dangling.
[WARNING RSZ-0104] Net _056632_ only has one pin. Check if it is intended to be dangling.
[WARNING RSZ-0104] Net _056631_ only has one pin. Check if it is intended to be dangling.
[WARNING RSZ-0104] Net _056630_ only has one pin. Check if it is intended to be dangling.
[WARNING RSZ-0104] Net _056629_ only has one pin. Check if it is intended to be dangling.
[WARNING RSZ-0104] Net _056628_ only has one pin. Check if it is intended to be dangling.
[WARNING RSZ-0104] Net _056627_ only has one pin. Check if it is intended to be dangling.
[WARNING RSZ-0104] Net _056626_ only has one pin. Check if it is intended to be dangling.
[WARNING RSZ-0104] Net _056636_ only has one pin. Check if it is intended to be dangling.
    53000 |     +0.1% |       0 |      23 |            20 |      2572
    54000 |     +0.1% |       0 |      24 |            21 |      1572
    55000 |     +0.1% |       0 |      24 |            21 |       572
[WARNING GRT-0128] Incremental global routing finished with congestion. Check the congestion regions in the DRC Viewer.
    final |     +0.1% |       0 |      24 |            21 |         0
---------------------------------------------------------------------
[INFO RSZ-0034] Found 21 slew violations.
[INFO RSZ-0038] Inserted 24 buffers in 21 nets.
[INFO RSZ-0504] Runtime: 6.29s
Took 7 seconds: repair_design -verbose
global_route -start_incremental
detailed_placement
[INFO DPL-0006] Core area: 18385.73 um^2
[INFO DPL-0007] Movable instances area: 7484.83 um^2
[INFO DPL-0008] Fixed instances area within core: 66.02 um^2
[INFO DPL-0009] Utilization: 41.1%
[INFO DPL-0005] Diamond search max displacement: +/- 500 sites horizontally, +/- 100 rows vertically.
[INFO DPL-1102] Legalizing using negotiation legalizer.
[INFO DPL-1103] Negotiation base search window: +/-20 sites horizontally, +/-5 rows vertically 
	Automatic search window extension enabled.
	Search window extendable up to the max displacement cap of +/-500 sites, +/-100 rows near walls.
[INFO DPL-1104] NegotiationLegalizer DRC penalty: 5.
[INFO DPL-0392] Negotiation cell height distribution (1 unique row-count(s)):
[INFO DPL-0393]   height 1 row(s): 57581 cells
          |      Total |  Illegal |  Illegal
Iteration | Violations |    Cells |    Sites
---------------------------------------------
        0 |          0 |         0 |         0
Negotiation phase 1 converged at iteration 0.
[INFO DPL-0500] Runtime: 0.35s
Placement Analysis
---------------------------------
total displacement         21.7 u
average displacement        0.0 u
max displacement            1.4 u
original HPWL          151848.7 u
legalized HPWL         151859.1 u
delta HPWL                    0 %

global_route -end_incremental -resistance_aware -congestion_report_file /tmp/workspace/scripts-Private_test-fr_cugr_cmp-2-/reports/asap7/ethmac_lvt/base/congestion_post_repair_design.rpt
[WARNING GRT-0128] Incremental global routing finished with congestion. Check the congestion regions in the DRC Viewer.
[WARNING GRT-0115] Global routing finished with congestion. Check the congestion regions in the DRC Viewer.
Repair setup and hold violations...
estimate_parasitics -global_routing
repair_timing -setup_margin 0 -hold_margin 0 -repair_tns 100 -verbose
[INFO RSZ-0100] Repair move sequence: UnbufferMove SizeUpMove SwapPinsMove BufferMove CloneMove SplitLoadMove 
[INFO RSZ-0094] Found 18 endpoints with setup violations.
[INFO RSZ-0099] Repairing 18 out of 18 (100.00%) violating endpoints...
   Iter   | Removed | Resized | Inserted | Cloned |  Pin  |   Area   |    WNS   |   StTNS    |   EnTNS    |  Viol  |  Worst  
          | Buffers |  Gates  | Buffers  |  Gates | Swaps |          |          |            |            | Endpts | St/EnPt 
------------------------------------------------------------------------------------------------------------------------------
       0* |       0 |       0 |        0 |      0 |     0 |    +0.0% |  -32.590 |     -285.7 |     -508.7 |     18 | maccontrol1.receivecontrol1.PauseTimer\[13\]$_DFFE_PP0P_/D
      10* |       0 |       0 |        2 |      0 |     7 |    +0.0% |  -36.137 |     -333.7 |     -533.8 |     18 | maccontrol1.receivecontrol1.PauseTimer\[13\]$_DFFE_PP0P_/D
      16* |       0 |       0 |        1 |      0 |     3 |    +0.0% |  -31.072 |     -272.4 |     -490.8 |     18 | maccontrol1.receivecontrol1.PauseTimer\[13\]$_DFFE_PP0P_/D
      19* |       0 |       0 |        2 |      0 |     3 |    +0.0% |  -31.072 |     -270.1 |     -470.6 |     18 | maccontrol1.receivecontrol1.PauseTimer\[13\]$_DFFE_PP0P_/D
      20* |       0 |       0 |        2 |      0 |     3 |    +0.0% |  -31.072 |     -270.1 |     -470.6 |     18 | maccontrol1.receivecontrol1.PauseTimer\[13\]$_DFFE_PP0P_/D
      30* |       0 |       0 |        3 |      0 |    12 |    +0.0% |  -32.229 |     -281.3 |     -517.0 |     18 | maccontrol1.receivecontrol1.PauseTimer\[13\]$_DFFE_PP0P_/D
      32* |       0 |       0 |        2 |      0 |     6 |    +0.0% |  -31.072 |     -267.9 |     -467.1 |     18 | maccontrol1.receivecontrol1.PauseTimer\[13\]$_DFFE_PP0P_/D
      36* |       0 |       0 |        3 |      0 |     8 |    +0.0% |  -31.072 |     -267.6 |     -462.3 |     18 | maccontrol1.receivecontrol1.PauseTimer\[13\]$_DFFE_PP0P_/D
      38* |       0 |       0 |        3 |      0 |     8 |    +0.0% |  -31.072 |     -267.6 |     -462.3 |     18 | maccontrol1.receivecontrol1.PauseTimer\[13\]$_DFFE_PP0P_/D
      40* |       0 |       1 |        3 |      0 |     8 |    +0.0% |  -32.093 |     -279.5 |     -477.7 |     18 | maccontrol1.receivecontrol1.PauseTimer\[13\]$_DFFE_PP0P_/D
      41* |       0 |       0 |        3 |      0 |     8 |    +0.0% |  -31.072 |     -267.6 |     -462.3 |     18 | maccontrol1.receivecontrol1.PauseTimer\[13\]$_DFFE_PP0P_/D
      43* |       0 |       0 |        3 |      0 |     8 |    +0.0% |  -31.072 |     -267.6 |     -462.3 |     18 | maccontrol1.receivecontrol1.PauseTimer\[13\]$_DFFE_PP0P_/D
      45* |       0 |       0 |        3 |      0 |     8 |    +0.0% |  -31.072 |     -267.6 |     -462.3 |     18 | maccontrol1.receivecontrol1.PauseTimer\[13\]$_DFFE_PP0P_/D
      47* |       0 |       0 |        3 |      0 |     8 |    +0.0% |  -31.072 |     -267.6 |     -462.3 |     18 | maccontrol1.receivecontrol1.PauseTimer\[13\]$_DFFE_PP0P_/D
      49* |       0 |       0 |        3 |      0 |     8 |    +0.0% |  -31.072 |     -267.6 |     -462.3 |     18 | maccontrol1.receivecontrol1.PauseTimer\[13\]$_DFFE_PP0P_/D
      50* |       0 |       0 |        3 |      0 |     8 |    +0.0% |  -31.072 |     -267.6 |     -462.3 |     18 | maccontrol1.receivecontrol1.PauseTimer\[13\]$_DFFE_PP0P_/D
      52* |       0 |       0 |        3 |      0 |     8 |    +0.0% |  -31.072 |     -267.6 |     -462.3 |     18 | maccontrol1.receivecontrol1.PauseTimer\[13\]$_DFFE_PP0P_/D
      54* |       0 |       0 |        3 |      0 |     8 |    +0.0% |  -31.072 |     -267.6 |     -462.3 |     18 | maccontrol1.receivecontrol1.PauseTimer\[13\]$_DFFE_PP0P_/D
      56* |       0 |       0 |        3 |      0 |     8 |    +0.0% |  -31.072 |     -267.6 |     -462.3 |     18 | maccontrol1.receivecontrol1.PauseTimer\[13\]$_DFFE_PP0P_/D
      57* |       0 |       0 |        3 |      0 |     8 |    +0.0% |  -31.072 |     -267.6 |     -462.3 |     18 | maccontrol1.receivecontrol1.PauseTimer\[13\]$_DFFE_PP0P_/D
      59* |       0 |       0 |        3 |      0 |     8 |    +0.0% |  -31.072 |     -267.6 |     -462.3 |     18 | maccontrol1.receivecontrol1.PauseTimer\[13\]$_DFFE_PP0P_/D
      60* |       0 |       0 |        3 |      0 |     8 |    +0.0% |  -31.072 |     -267.6 |     -462.3 |     18 | maccontrol1.receivecontrol1.PauseTimer\[13\]$_DFFE_PP0P_/D
      60* |       0 |       0 |        3 |      0 |     8 |    +0.0% |  -31.072 |     -267.6 |     -462.3 |     18 | maccontrol1.receivecontrol1.PauseTimer\[13\]$_DFFE_PP0P_/D
      62* |       0 |       1 |        3 |      0 |     8 |    +0.0% |  -31.072 |     -267.6 |     -464.2 |     18 | maccontrol1.receivecontrol1.PauseTimer\[13\]$_DFFE_PP0P_/D
      66* |       0 |       3 |        4 |      0 |     8 |    +0.0% |  -31.033 |     -267.2 |     -469.9 |     18 | maccontrol1.receivecontrol1.PauseTimer\[13\]$_DFFE_PP0P_/D
      66* |       0 |       3 |        4 |      0 |     8 |    +0.0% |  -31.033 |     -267.2 |     -469.9 |     18 | maccontrol1.receivecontrol1.PauseTimer\[13\]$_DFFE_PP0P_/D
      67+ |       0 |       3 |        4 |      0 |     8 |    +0.0% |  -31.033 |     -267.2 |     -469.9 |     18 | maccontrol1.receivecontrol1.PauseTimer\[13\]$_DFFE_PP0P_/D
      68+ |       0 |       3 |        4 |      0 |     8 |    +0.0% |  -31.033 |     -267.2 |     -469.9 |     18 | maccontrol1.receivecontrol1.PauseTimer\[13\]$_DFFE_PP0P_/D
      69+ |       0 |       3 |        4 |      0 |     8 |    +0.0% |  -31.033 |     -267.2 |     -469.9 |     18 | maccontrol1.receivecontrol1.PauseTimer\[13\]$_DFFE_PP0P_/D
      70+ |       0 |       3 |        4 |      0 |     8 |    +0.0% |  -31.033 |     -267.2 |     -469.9 |     18 | maccontrol1.receivecontrol1.PauseTimer\[13\]$_DFFE_PP0P_/D
      70+ |       0 |       3 |        4 |      0 |     8 |    +0.0% |  -31.033 |     -267.2 |     -469.9 |     18 | maccontrol1.receivecontrol1.PauseTimer\[13\]$_DFFE_PP0P_/D
      71+ |       0 |       3 |        4 |      0 |     8 |    +0.0% |  -31.033 |     -267.2 |     -469.9 |     18 | maccontrol1.receivecontrol1.PauseTimer\[13\]$_DFFE_PP0P_/D
      72+ |       0 |       3 |        4 |      0 |     8 |    +0.0% |  -31.033 |     -267.2 |     -469.9 |     18 | maccontrol1.receivecontrol1.PauseTimer\[13\]$_DFFE_PP0P_/D
      73+ |       0 |       3 |        4 |      0 |     8 |    +0.0% |  -31.033 |     -267.2 |     -469.9 |     18 | maccontrol1.receivecontrol1.PauseTimer\[13\]$_DFFE_PP0P_/D
      74+ |       0 |       3 |        4 |      0 |     8 |    +0.0% |  -31.033 |     -267.2 |     -469.9 |     18 | maccontrol1.receivecontrol1.PauseTimer\[13\]$_DFFE_PP0P_/D
      75+ |       0 |       3 |        4 |      0 |     8 |    +0.0% |  -31.033 |     -267.2 |     -469.9 |     18 | maccontrol1.receivecontrol1.PauseTimer\[13\]$_DFFE_PP0P_/D
      76+ |       0 |       3 |        4 |      0 |     8 |    +0.0% |  -31.033 |     -267.2 |     -469.9 |     18 | maccontrol1.receivecontrol1.PauseTimer\[13\]$_DFFE_PP0P_/D
      77+ |       0 |       3 |        4 |      0 |     8 |    +0.0% |  -31.033 |     -267.2 |     -469.9 |     18 | maccontrol1.receivecontrol1.PauseTimer\[13\]$_DFFE_PP0P_/D
      78+ |       0 |       3 |        4 |      0 |     8 |    +0.0% |  -31.033 |     -267.2 |     -469.9 |     18 | maccontrol1.receivecontrol1.PauseTimer\[13\]$_DFFE_PP0P_/D
      79+ |       0 |       3 |        4 |      0 |     8 |    +0.0% |  -31.033 |     -267.2 |     -469.9 |     18 | maccontrol1.receivecontrol1.PauseTimer\[13\]$_DFFE_PP0P_/D
      80+ |       0 |       3 |        4 |      0 |     8 |    +0.0% |  -31.033 |     -267.2 |     -469.9 |     18 | maccontrol1.receivecontrol1.PauseTimer\[13\]$_DFFE_PP0P_/D
      80+ |       0 |       3 |        4 |      0 |     8 |    +0.0% |  -31.033 |     -267.2 |     -469.9 |     18 | maccontrol1.receivecontrol1.PauseTimer\[13\]$_DFFE_PP0P_/D
      81+ |       0 |       3 |        4 |      0 |     8 |    +0.0% |  -31.033 |     -267.2 |     -469.9 |     18 | maccontrol1.receivecontrol1.PauseTimer\[13\]$_DFFE_PP0P_/D
      82+ |       0 |       3 |        4 |      0 |     8 |    +0.0% |  -31.033 |     -267.2 |     -469.9 |     18 | maccontrol1.receivecontrol1.PauseTimer\[13\]$_DFFE_PP0P_/D
      83+ |       0 |       3 |        4 |      0 |     8 |    +0.0% |  -31.033 |     -267.2 |     -469.9 |     18 | maccontrol1.receivecontrol1.PauseTimer\[13\]$_DFFE_PP0P_/D
      84+ |       0 |       3 |        4 |      0 |     8 |    +0.0% |  -31.033 |     -267.2 |     -469.9 |     18 | maccontrol1.receivecontrol1.PauseTimer\[13\]$_DFFE_PP0P_/D
    final |       0 |       3 |        4 |      0 |     8 |    +0.0% |  -31.033 |     -267.2 |     -469.9 |     18 | maccontrol1.receivecontrol1.PauseTimer\[13\]$_DFFE_PP0P_/D
------------------------------------------------------------------------------------------------------------------------------
[INFO RSZ-0040] Inserted 4 buffers.
[INFO RSZ-0051] Resized 3 instances: 3 up, 0 up match, 0 down, 0 VT
[INFO RSZ-0043] Swapped pins on 8 instances.
[WARNING RSZ-0062] Unable to repair all setup violations.
[WARNING GRT-0128] Incremental global routing finished with congestion. Check the congestion regions in the DRC Viewer.
[INFO RSZ-0505] Runtime: 4.34s
[INFO RSZ-0033] No hold violations found.
[INFO RSZ-0506] Runtime: 0.27s
global_route -start_incremental
detailed_placement
[INFO DPL-0006] Core area: 18385.73 um^2
[INFO DPL-0007] Movable instances area: 7485.30 um^2
[INFO DPL-0008] Fixed instances area within core: 66.02 um^2
[INFO DPL-0009] Utilization: 41.1%
[INFO DPL-0005] Diamond search max displacement: +/- 500 sites horizontally, +/- 100 rows vertically.
[INFO DPL-1102] Legalizing using negotiation legalizer.
[INFO DPL-1103] Negotiation base search window: +/-20 sites horizontally, +/-5 rows vertically 
	Automatic search window extension enabled.
	Search window extendable up to the max displacement cap of +/-500 sites, +/-100 rows near walls.
[INFO DPL-1104] NegotiationLegalizer DRC penalty: 5.
[INFO DPL-0392] Negotiation cell height distribution (1 unique row-count(s)):
[INFO DPL-0393]   height 1 row(s): 57585 cells
          |      Total |  Illegal |  Illegal
Iteration | Violations |    Cells |    Sites
---------------------------------------------
        0 |          0 |         0 |         0
Negotiation phase 1 converged at iteration 0.
[INFO DPL-0500] Runtime: 0.38s
Placement Analysis
---------------------------------
total displacement          1.5 u
average displacement        0.0 u
max displacement            0.8 u
original HPWL          151860.9 u
legalized HPWL         151863.0 u
delta HPWL                    0 %

check_placement -verbose
global_route -end_incremental -resistance_aware -congestion_report_file /tmp/workspace/scripts-Private_test-fr_cugr_cmp-2-/reports/asap7/ethmac_lvt/base/congestion_post_repair_timing.rpt
[WARNING GRT-0128] Incremental global routing finished with congestion. Check the congestion regions in the DRC Viewer.
[WARNING GRT-0115] Global routing finished with congestion. Check the congestion regions in the DRC Viewer.
estimate_parasitics -global_routing
repair_timing -setup -sequence "vt_swap reroute" -skip_last_gasp -repair_tns 0 -verbose
[INFO RSZ-0100] Repair move sequence: RerouteMove 
[INFO RSZ-0094] Found 18 endpoints with setup violations.
[INFO RSZ-0099] Repairing 1 out of 18 (0.00%) violating endpoints...
   Iter   | Removed | Resized | Inserted | Cloned |  Pin  |   Area   |    WNS   |   StTNS    |   EnTNS    |  Viol  |  Worst  
          | Buffers |  Gates  | Buffers  |  Gates | Swaps |          |          |            |            | Endpts | St/EnPt 
------------------------------------------------------------------------------------------------------------------------------
       0* |       0 |       0 |        0 |      0 |     0 |    +0.0% |  -31.099 |     -268.1 |     -475.8 |     18 | maccontrol1.receivecontrol1.PauseTimer\[13\]$_DFFE_PP0P_/D
       1* |       0 |       0 |        0 |      0 |     0 |    +0.0% |  -31.099 |     -268.1 |     -475.8 |     18 | maccontrol1.receivecontrol1.PauseTimer\[13\]$_DFFE_PP0P_/D
       1* |       0 |       0 |        0 |      0 |     0 |    +0.0% |  -31.099 |     -268.1 |     -475.8 |     18 | maccontrol1.receivecontrol1.PauseTimer\[13\]$_DFFE_PP0P_/D
    final |       0 |       0 |        0 |      0 |     0 |    +0.0% |  -31.099 |     -268.1 |     -475.8 |     18 | maccontrol1.receivecontrol1.PauseTimer\[13\]$_DFFE_PP0P_/D
------------------------------------------------------------------------------------------------------------------------------
[WARNING RSZ-0062] Unable to repair all setup violations.
[INFO RSZ-0505] Runtime: 1.73s
Repair antennas...
[WARNING GRT-0246] No diode with LEF class CORE ANTENNACELL found.
[INFO ANT-0002] Found 0 net violations.
[INFO ANT-0001] Found 0 pin violations.
Estimate parasitics...
estimate_parasitics -global_routing
Report metrics stage 5, global route...

==========================================================================
global route report_design_area
--------------------------------------------------------------------------
Design area 7551 um^2 41% utilization.
[INFO FLW-0007] clock wb_clk_i period 1000.000000
[WARNING FLW-0010] more than one clock found. Skipping sdc update.
[INFO FLW-0011] Path endpoint path count 12408
write_db /tmp/workspace/scripts-Private_test-fr_cugr_cmp-2-/results/asap7/ethmac_lvt/base/5_1_grt.odb
write_sdc -no_timestamp /tmp/workspace/scripts-Private_test-fr_cugr_cmp-2-/results/asap7/ethmac_lvt/base/5_1_grt.sdc
Elapsed time: 2:12.46[h:]min:sec. CPU time: user 880.72 sys 199.98 (815%). Peak memory: 1415052KB.
Log                       Ext     Elapsed/s Peak Memory/MB sha1sum result [0:20)
5_1_grt                   .odb          132           1381 6faed3d07346af69d7c8
5_1_grt                   .sdc                             fae5df704f6ecbee0ce8
