OpenROAD 26Q3-1464-gb22abfea20 
Features included (+) or not (-): +GPU +GUI +Python
This program is licensed under the BSD-3 license. See the LICENSE file for details.
Components of this program may be licensed under more restrictive licenses which must be honored.
[INFO ORD-0030] Using 32 thread(s).
source ./platforms/asap7/liberty_suppressions.tcl
read_liberty ./platforms/asap7/lib/NLDM/asap7sc7p5t_AO_LVT_FF_nldm_211120.lib.gz
read_liberty ./platforms/asap7/lib/NLDM/asap7sc7p5t_INVBUF_LVT_FF_nldm_220122.lib.gz
read_liberty ./platforms/asap7/lib/NLDM/asap7sc7p5t_OA_LVT_FF_nldm_211120.lib.gz
read_liberty ./platforms/asap7/lib/NLDM/asap7sc7p5t_SIMPLE_LVT_FF_nldm_211120.lib.gz
read_liberty ./platforms/asap7/lib/NLDM/asap7sc7p5t_SEQ_LVT_FF_nldm_220123.lib
read_db /tmp/workspace/scripts-Private_test-fr_cugr_cmp-2-/results/asap7/ethmac_lvt/base/5_2_route.odb
read_sdc /tmp/workspace/scripts-Private_test-fr_cugr_cmp-2-/results/asap7/ethmac_lvt/base/5_1_grt.sdc
source ./platforms/asap7/setRC.tcl
[WARNING STA-0450] virtual clock vclk_wb_clk_i can not be propagated.
[WARNING STA-0450] virtual clock vclk_mtx_clk_pad_i can not be propagated.
[WARNING STA-0450] virtual clock vclk_mrx_clk_pad_i can not be propagated.
filler_placement "FILLERxp5_ASAP7_75t_L FILLER_ASAP7_75t_L DECAPx1_ASAP7_75t_L DECAPx2_ASAP7_75t_L DECAPx4_ASAP7_75t_L DECAPx6_ASAP7_75t_L DECAPx10_ASAP7_75t_L"
[INFO DPL-0001] Placed 88982 filler instances.
Design area 7551 um^2 41% utilization.
write_db /tmp/workspace/scripts-Private_test-fr_cugr_cmp-2-/results/asap7/ethmac_lvt/base/5_3_fillcell.odb
Elapsed time: 0:02.10[h:]min:sec. CPU time: user 1.99 sys 0.11 (100%). Peak memory: 496908KB.
Log                       Ext     Elapsed/s Peak Memory/MB sha1sum result [0:20)
5_3_fillcell              .odb            2            485 f8ab7c5c183b53785a7f
