OpenROAD 26Q3-1464-gb22abfea20 
Features included (+) or not (-): +GPU +GUI +Python
This program is licensed under the BSD-3 license. See the LICENSE file for details.
Components of this program may be licensed under more restrictive licenses which must be honored.
[INFO ORD-0030] Using 30 thread(s).
source ./platforms/ihp-sg13g2/suppress_message.tcl
read_liberty ./platforms/ihp-sg13g2/lib/sg13g2_stdcell_typ_1p20V_25C.lib
read_lef ./platforms/ihp-sg13g2/lef/sg13g2_tech.lef
[INFO ODB-0227] LEF file: ./platforms/ihp-sg13g2/lef/sg13g2_tech.lef, created 19 layers, 70 vias
read_lef ./platforms/ihp-sg13g2/lef/sg13g2_stdcell.lef
[INFO ODB-0227] LEF file: ./platforms/ihp-sg13g2/lef/sg13g2_stdcell.lef, created 84 library cells
set_dont_use "sg13g2_lgcp_1 sg13g2_sighold sg13g2_slgcp_1 sg13g2_dfrbp_2"
sv_elaborate -D SYNTHESIS --compat=vcs --ignore-assertions --no-implicit-memories --top gcd /OpenROAD-flow-scripts/flow/designs/src/gcd/gcd.v --std=1364-2005
Top level design units:
    gcd

Build succeeded: 0 errors, 0 warnings
syn::stats
  adc: 1 cells, 17 bits
  and: 3 cells, 3 bits
  dff: 3 cells, 34 bits
  eq: 7 cells, 7 bits
  input: 5 cells, 36 bits
  mux: 1 cells, 1 bits
  name (tentative): 143 cells, 0 bits
  not: 20 cells, 20 bits
  output: 3 cells, 0 bits
  ult: 1 cells, 1 bits
  ushr: 29 cells, 230 bits
  total: 216 cells, 349 bits
synthesize
[INFO SYN-0056] liveness: replaced 0 register bits, 0 combinational bits
[INFO SYN-0020] abc_roundtrip: exported 490 ANDs, 70 CIs, 52 COs
[1;37msyn     [0m : i/o =     70/     52  [1;36mand =     490[0m  [1;35mlev =   19[0m [1;35m(14.27)[0m  mem = 0.01 MB
Simulating 4 words for 10 rounds. SAT solving with 1000000 conflicts.
cst =     490  cls =      0  lit =     490  unused =      70  proof =     0
cst =       2  cls =      6  lit =      20  unused =     534  proof =     0
cst =       2  cls =      6  lit =      15  unused =     539  proof =     0
cst =       2  cls =      7  lit =      13  unused =     540  proof =     0
cst =       2  cls =      6  lit =      12  unused =     542  proof =     0
cst =       2  cls =      6  lit =      12  unused =     542  proof =     0
cst =       2  cls =      6  lit =      12  unused =     542  proof =     0
cst =       2  cls =      6  lit =      12  unused =     542  proof =     0
[1;37msyn     [0m : i/o =     70/     11  [1;36mand =     171[0m  [1;35mlev =   15[0m [1;35m(8.36)[0m  mem = 0.00 MB
SAT solver statistics:
CO =       11  AND =      171  Conf = 1000000  MinVar =  2000  MinCalls =   200
Unsat calls      9  ( 81.82 %)   Ave conf =      3.7   Time =     0.00 sec (  7.75 %)
Sat   calls      2  ( 18.18 %)   Ave conf =      0.0   Time =     0.00 sec (  3.61 %)
Undef calls      0  (  0.00 %)   Ave conf =      0.0   Time =     0.00 sec (  0.00 %)
Total time =     0.00 sec
  1 : P =      3. D =      2. F =     0. M =       0. And =     487. Time =     0.00 sec
[1;37msyn     [0m : i/o =     70/      5  [1;36mand =      46[0m  [1;35mlev =   11[0m [1;35m(8.40)[0m  mem = 0.00 MB
SAT solver statistics:
CO =        5  AND =       46  Conf = 1000000  MinVar =  2000  MinCalls =   200
Unsat calls      4  ( 80.00 %)   Ave conf =      2.0   Time =     0.00 sec (  2.81 %)
Sat   calls      1  ( 20.00 %)   Ave conf =      2.0   Time =     0.00 sec (  2.70 %)
Undef calls      0  (  0.00 %)   Ave conf =      0.0   Time =     0.00 sec (  0.00 %)
Total time =     0.00 sec
  2 : P =      1. D =      1. F =     0. M =       0. And =     484. Time =     0.00 sec
[1;37msyn     [0m : i/o =     70/      3  [1;36mand =      34[0m  [1;35mlev =   10[0m [1;35m(9.33)[0m  mem = 0.00 MB
SAT solver statistics:
CO =        3  AND =       34  Conf = 1000000  MinVar =  2000  MinCalls =   200
Unsat calls      3  (100.00 %)   Ave conf =      1.3   Time =     0.00 sec (  2.47 %)
Sat   calls      0  (  0.00 %)   Ave conf =      0.0   Time =     0.00 sec (  0.00 %)
Undef calls      0  (  0.00 %)   Ave conf =      0.0   Time =     0.00 sec (  0.00 %)
Total time =     0.00 sec
  3 : P =      3. D =      0. F =     0. M =       0. And =     480. Time =     0.00 sec
[1;37msyn     [0m : i/o =     70/      0  [1;36mand =       0[0m  [1;35mlev =    0[0m [1;35m(-nan)[0m  mem = 0.00 MB
Considered all available candidate equivalences.
Performed 10 SAT calls: P = 7  D = 3  F = 0
NBeg = 490. NEnd = 480. (Gain =   2.04 %).  RBeg = 0. REnd = 0. (Gain =   0.00 %).
Sim  =     0.00 sec ( 16.47 %)
Sat  =     0.00 sec ( 76.89 %)
Pat  =     0.00 sec (  0.75 %)
Time =     0.00 sec
[INFO SYN-0023] abc_roundtrip: after ABC: 480 ANDs, 70 CIs, 52 COs
[INFO SYN-0020] abc_roundtrip: exported 480 ANDs, 70 CIs, 52 COs
[1;37msyn     [0m : i/o =     70/     52  [1;36mand =     480[0m  [1;35mlev =   19[0m [1;35m(13.63)[0m  mem = 0.01 MB
Starting:  syn             : pi =    70  po =    52  and =     480  lev =  19
Rewrite:   syn             : pi =    70  po =    52  and =     442  lev =  21
Refactor:  syn             : pi =    70  po =    52  and =     425  lev =  21
Balance:   syn             : pi =    70  po =    52  and =     425  lev =  21
Rewrite:   syn             : pi =    70  po =    52  and =     425  lev =  21
RewriteZ:  syn             : pi =    70  po =    52  and =     423  lev =  21
Balance:   syn             : pi =    70  po =    52  and =     423  lev =  20
RefactorZ: syn             : pi =    70  po =    52  and =     423  lev =  20
RewriteZ:  syn             : pi =    70  po =    52  and =     418  lev =  20
Balance:   syn             : pi =    70  po =    52  and =     418  lev =  19
Starting:  syn             : pi =    70  po =    52  and =     418  lev =  19
Rewrite:   syn             : pi =    70  po =    52  and =     417  lev =  19
Refactor:  syn             : pi =    70  po =    52  and =     417  lev =  19
Balance:   syn             : pi =    70  po =    52  and =     417  lev =  19
Rewrite:   syn             : pi =    70  po =    52  and =     417  lev =  19
RewriteZ:  syn             : pi =    70  po =    52  and =     413  lev =  19
Balance:   syn             : pi =    70  po =    52  and =     413  lev =  18
RefactorZ: syn             : pi =    70  po =    52  and =     413  lev =  18
RewriteZ:  syn             : pi =    70  po =    52  and =     407  lev =  18
Balance:   syn             : pi =    70  po =    52  and =     407  lev =  18
Starting:  syn             : pi =    70  po =    52  and =     464  lev =  13
Rewrite:   syn             : pi =    70  po =    52  and =     424  lev =  17
Refactor:  syn             : pi =    70  po =    52  and =     423  lev =  17
Balance:   syn             : pi =    70  po =    52  and =     423  lev =  17
Rewrite:   syn             : pi =    70  po =    52  and =     421  lev =  17
RewriteZ:  syn             : pi =    70  po =    52  and =     421  lev =  17
Balance:   syn             : pi =    70  po =    52  and =     421  lev =  17
RefactorZ: syn             : pi =    70  po =    52  and =     421  lev =  17
RewriteZ:  syn             : pi =    70  po =    52  and =     421  lev =  17
Balance:   syn             : pi =    70  po =    52  and =     421  lev =  17
Starting:  syn             : pi =    70  po =    52  and =     421  lev =  17
Rewrite:   syn             : pi =    70  po =    52  and =     421  lev =  17
Refactor:  syn             : pi =    70  po =    52  and =     421  lev =  17
Balance:   syn             : pi =    70  po =    52  and =     421  lev =  17
Rewrite:   syn             : pi =    70  po =    52  and =     421  lev =  17
RewriteZ:  syn             : pi =    70  po =    52  and =     421  lev =  17
Balance:   syn             : pi =    70  po =    52  and =     421  lev =  17
RefactorZ: syn             : pi =    70  po =    52  and =     421  lev =  17
RewriteZ:  syn             : pi =    70  po =    52  and =     421  lev =  17
Balance:   syn             : pi =    70  po =    52  and =     420  lev =  17
Starting:  syn             : pi =    70  po =    52  and =     420  lev =  17
Rewrite:   syn             : pi =    70  po =    52  and =     420  lev =  17
Refactor:  syn             : pi =    70  po =    52  and =     420  lev =  17
Balance:   syn             : pi =    70  po =    52  and =     420  lev =  17
Rewrite:   syn             : pi =    70  po =    52  and =     420  lev =  17
RewriteZ:  syn             : pi =    70  po =    52  and =     420  lev =  17
Balance:   syn             : pi =    70  po =    52  and =     420  lev =  17
RefactorZ: syn             : pi =    70  po =    52  and =     420  lev =  17
RewriteZ:  syn             : pi =    70  po =    52  and =     420  lev =  17
Balance:   syn             : pi =    70  po =    52  and =     420  lev =  17
[1;37msyn     [0m : i/o =     70/     52  [1;36mand =     420[0m  [1;35mlev =   17[0m [1;35m(13.42)[0m  mem = 0.01 MB
[INFO SYN-0023] abc_roundtrip: after ABC: 420 ANDs, 70 CIs, 52 COs
[INFO SYN-0017] mapCombinationals: done
[INFO SYN-0040] gatefusion: 0 fusions applied, area delta 0.0000
  input: 5 cells, 36 bits
  name (tentative): 102 cells, 0 bits
  not: 1 cells, 1 bits
  output: 3 cells, 0 bits
  target: sg13g2_a21o_1: 11 cells, 11 bits, area 139.709
  target: sg13g2_a21oi_1: 11 cells, 11 bits, area 99.792
  target: sg13g2_a221oi_1: 20 cells, 20 bits, area 290.304
  target: sg13g2_a22oi_1: 14 cells, 14 bits, area 151.88
  target: sg13g2_and2_1: 3 cells, 3 bits, area 27.216
  target: sg13g2_and3_1: 1 cells, 1 bits, area 12.7008
  target: sg13g2_dfrbpq_1: 34 cells, 34 bits, area 1665.62
  target: sg13g2_inv_1: 22 cells, 22 bits, area 119.75
  target: sg13g2_nand2_1: 58 cells, 58 bits, area 420.941
  target: sg13g2_nand2b_1: 12 cells, 12 bits, area 108.864
  target: sg13g2_nand3_1: 3 cells, 3 bits, area 27.216
  target: sg13g2_nand4_1: 1 cells, 1 bits, area 10.8864
  target: sg13g2_nor2_1: 23 cells, 23 bits, area 166.925
  target: sg13g2_nor2b_1: 10 cells, 10 bits, area 90.72
  target: sg13g2_nor3_1: 1 cells, 1 bits, area 9.072
  target: sg13g2_nor4_1: 7 cells, 7 bits, area 76.2048
  target: sg13g2_o21ai_1: 46 cells, 46 bits, area 417.312
  target: sg13g2_or4_1: 1 cells, 1 bits, area 14.5152
  target: sg13g2_tiehi: 1 cells, 1 bits, area 7.2576
  target: sg13g2_xnor2_1: 8 cells, 8 bits, area 116.122
  target: sg13g2_xor2_1: 9 cells, 9 bits, area 130.637
  total: 407 cells, 333 bits, area 4103.64
[INFO SYN-0031] Export to ODB: created 296 instances, 244 nets, 54 ports
read_sdc /OpenROAD-flow-scripts/flow/designs/ihp-sg13g2/gcd/constraint.sdc
repair_design -pre_placement
[WARNING EST-0027] no estimated parasitics. Using wire load models.
Iteration |   Area    | Resized | Buffers | Nets repaired | Remaining
---------------------------------------------------------------------
        0 |    +11.1% |       0 |      34 |            46 |       366
    final |    +11.1% |       0 |      34 |            46 |         0
---------------------------------------------------------------------
[INFO RSZ-0038] Inserted 34 buffers in 46 nets.
[INFO RSZ-0504] Runtime: 0.07s
Report metrics stage 1, synth...

==========================================================================
synth report_design_area
--------------------------------------------------------------------------
Design area 4558 um^2 100% utilization.
write_db /tmp/workspace/scripts-Private_test-fr_cugr_cmp-1-/results/ihp-sg13g2/gcd/base/1_synth.odb
write_sdc -no_timestamp /tmp/workspace/scripts-Private_test-fr_cugr_cmp-1-/results/ihp-sg13g2/gcd/base/1_synth.sdc
[WARNING STA-0101] object 'bondpad_70*' not found.
Elapsed time: 0:00.37[h:]min:sec. CPU time: user 0.38 sys 0.06 (118%). Peak memory: 118072KB.
Log                       Ext     Elapsed/s Peak Memory/MB sha1sum result [0:20)
1_synth                   .v              0            115 791d7a636c26a38d38da
1_synth                   .odb                             79799315950fbe12f84f
1_synth                   .sdc                             4ce04c34f3579e84d17c
