OpenROAD 26Q3-1464-gb22abfea20 
Features included (+) or not (-): +GPU +GUI +Python
This program is licensed under the BSD-3 license. See the LICENSE file for details.
Components of this program may be licensed under more restrictive licenses which must be honored.
[INFO ORD-0030] Using 32 thread(s).
source ./platforms/asap7/liberty_suppressions.tcl
read_liberty ./platforms/asap7/lib/NLDM/asap7sc7p5t_AO_LVT_FF_nldm_211120.lib.gz
read_liberty ./platforms/asap7/lib/NLDM/asap7sc7p5t_INVBUF_LVT_FF_nldm_220122.lib.gz
read_liberty ./platforms/asap7/lib/NLDM/asap7sc7p5t_OA_LVT_FF_nldm_211120.lib.gz
read_liberty ./platforms/asap7/lib/NLDM/asap7sc7p5t_SIMPLE_LVT_FF_nldm_211120.lib.gz
read_liberty ./platforms/asap7/lib/NLDM/asap7sc7p5t_SEQ_LVT_FF_nldm_220123.lib
read_db /tmp/workspace/scripts-Private_test-fr_cugr_cmp-2-/results/asap7/aes_lvt/base/3_4_place_resized.odb
read_sdc /tmp/workspace/scripts-Private_test-fr_cugr_cmp-2-/results/asap7/aes_lvt/base/2_floorplan.sdc
source ./platforms/asap7/setRC.tcl
detailed_placement
[INFO DPL-0006] Core area: 3480.39 um^2
[INFO DPL-0007] Movable instances area: 1268.65 um^2
[INFO DPL-0008] Fixed instances area within core: 19.13 um^2
[INFO DPL-0009] Utilization: 37.0%
[INFO DPL-0005] Diamond search max displacement: +/- 500 sites horizontally, +/- 100 rows vertically.
[INFO DPL-1102] Legalizing using negotiation legalizer.
[INFO DPL-1103] Negotiation base search window: +/-20 sites horizontally, +/-5 rows vertically 
	Automatic search window extension enabled.
	Search window extendable up to the max displacement cap of +/-500 sites, +/-100 rows near walls.
[INFO DPL-1104] NegotiationLegalizer DRC penalty: 5.
[INFO DPL-0392] Negotiation cell height distribution (1 unique row-count(s)):
[INFO DPL-0393]   height 1 row(s): 11588 cells
          |      Total |  Illegal |  Illegal
Iteration | Violations |    Cells |    Sites
---------------------------------------------
        0 |         51 |        21 |        30
        1 |          0 |         0 |         0
Negotiation phase 1 converged at iteration 1.
[INFO DPL-0500] Runtime: 0.07s
Placement Analysis
---------------------------------
total displacement       2919.1 u
average displacement        0.3 u
max displacement            1.9 u
original HPWL           41758.3 u
legalized HPWL          43329.0 u
delta HPWL                    4 %

improve_placement -max_displacement "5 1"
Detailed placement improvement.
[INFO DPL-0401] Setting random seed to 1.
[INFO DPL-0402] Setting maximum displacement 5 1 to 1350 270 units.
[INFO DPL-0320] Collected 1044 fixed cells.
[INFO DPL-0318] Collected 10932 single height cells.
[INFO DPL-0321] Collected 0 wide cells.
[INFO DPL-0322] Image (2052, 2160) - (61182, 61020)
[INFO DPL-0310] Assigned 10932 cells into segments.  Movement in X-direction is 0.000000, movement in Y-direction is 0.000000.
[INFO DPL-0313] Found 0 cells in wrong regions.
[INFO DPL-0315] Found 0 row alignment problems.
[INFO DPL-0314] Found 0 site alignment problems.
[INFO DPL-0311] Found 0 overlaps between adjacent cells.
[INFO DPL-0312] Found 0 edge spacing violations and 0 padding violations.
[INFO DPL-0303] Running algorithm for independent set matching.
[INFO DPL-0300] Set matching objective is wirelength.
[INFO DPL-0301] Pass   1 of matching; objective is 4.331628e+07.
[INFO DPL-0302] End of matching; objective is 4.330063e+07, improvement is 0.04 percent.
[INFO DPL-0303] Running algorithm for global swaps.
[INFO DPL-0306] Pass   1 of global swaps; hpwl is 4.265675e+07.
[INFO DPL-0306] Pass   2 of global swaps; hpwl is 4.241754e+07.
[INFO DPL-0307] End of global swaps; objective is 4.241754e+07, improvement is 2.04 percent.
[INFO DPL-0303] Running algorithm for vertical swaps.
[INFO DPL-0308] Pass   1 of vertical swaps; hpwl is 4.222514e+07.
[INFO DPL-0309] End of vertical swaps; objective is 4.222514e+07, improvement is 0.45 percent.
[INFO DPL-0303] Running algorithm for reordering.
[INFO DPL-0304] Pass   1 of reordering; objective is 4.208082e+07.
[INFO DPL-0305] End of reordering; objective is 4.208082e+07, improvement is 0.34 percent.
[INFO DPL-0303] Running algorithm for random improvement.
[INFO DPL-0324] Random improver is using random generator.
[INFO DPL-0325] Random improver is using hpwl objective.
[INFO DPL-0326] Random improver cost string is (a).
[INFO DPL-0332] End of pass, Generator random called 218640 times.
[INFO DPL-0335] Generator random, Cumulative attempts 218640, swaps 33989, moves 56238 since last reset.
[INFO DPL-0333] End of pass, Objective hpwl, Initial cost 4.196402e+07, Scratch cost 4.111030e+07, Incremental cost 4.111030e+07, Mismatch? N
[INFO DPL-0338] End of pass, Total cost is 4.111030e+07.
[INFO DPL-0327] Pass   1 of random improver; improvement in cost is 2.03 percent.
[INFO DPL-0332] End of pass, Generator random called 218640 times.
[INFO DPL-0335] Generator random, Cumulative attempts 437280, swaps 65709, moves 110185 since last reset.
[INFO DPL-0333] End of pass, Objective hpwl, Initial cost 4.111030e+07, Scratch cost 4.069566e+07, Incremental cost 4.069566e+07, Mismatch? N
[INFO DPL-0338] End of pass, Total cost is 4.069566e+07.
[INFO DPL-0327] Pass   2 of random improver; improvement in cost is 1.01 percent.
[INFO DPL-0332] End of pass, Generator random called 218640 times.
[INFO DPL-0335] Generator random, Cumulative attempts 655920, swaps 96903, moves 162444 since last reset.
[INFO DPL-0333] End of pass, Objective hpwl, Initial cost 4.069566e+07, Scratch cost 4.042653e+07, Incremental cost 4.042653e+07, Mismatch? N
[INFO DPL-0338] End of pass, Total cost is 4.042653e+07.
[INFO DPL-0327] Pass   3 of random improver; improvement in cost is 0.66 percent.
[INFO DPL-0328] End of random improver; improvement is 3.663833 percent.
[INFO DPL-0380] Cell flipping.
[INFO DPL-0382] Changed 0 cell orientations for row compatibility.
[INFO DPL-0383] Performed 2821 cell flips.
[INFO DPL-0384] End of flipping; objective is 3.985510e+07, improvement is 1.70 percent.
[INFO DPL-0313] Found 0 cells in wrong regions.
[INFO DPL-0315] Found 0 row alignment problems.
[INFO DPL-0314] Found 0 site alignment problems.
[INFO DPL-0311] Found 0 overlaps between adjacent cells.
[INFO DPL-0312] Found 0 edge spacing violations and 0 padding violations.
Detailed Improvement Results
------------------------------------------
Original HPWL            43329.0 u (   21987.0,    21342.1)
Final HPWL               39805.6 u (   19792.7,    20012.8)
Delta HPWL                  -8.1 % (     -10.0,       -6.2)

optimize_mirroring
[INFO DPL-0020] Mirrored 1406 instances
[INFO DPL-0021] HPWL before           39805.6 u
[INFO DPL-0022] HPWL after            39785.0 u
[INFO DPL-0023] HPWL delta               -0.1 %
[INFO FLW-0012] Placement violations .
estimate_parasitics -placement
Report metrics stage 3, detailed place...

==========================================================================
detailed place report_design_area
--------------------------------------------------------------------------
Design area 1288 um^2 37% utilization.
write_db /tmp/workspace/scripts-Private_test-fr_cugr_cmp-2-/results/asap7/aes_lvt/base/3_5_place_dp.odb
write_sdc -no_timestamp /tmp/workspace/scripts-Private_test-fr_cugr_cmp-2-/results/asap7/aes_lvt/base/3_place.sdc
Elapsed time: 0:06.07[h:]min:sec. CPU time: user 7.39 sys 3.82 (184%). Peak memory: 281088KB.
Log                       Ext     Elapsed/s Peak Memory/MB sha1sum result [0:20)
3_5_place_dp              .odb            6            274 ffbc86ae4e464f4908ef
