[2026-08-20 04:19:09.192] [miter_logger] [info] MiterStrategy::run starting
[2026-08-20 04:19:09.192] [miter_logger] [info] Collecting POs for design 0: aes_cipher_top

[2026-08-20 04:19:09.209] [miter_logger] [info] Collected 789 PIs for design 0

[2026-08-20 04:19:09.209] [miter_logger] [info] Collected 1189 POs for design 0

[2026-08-20 04:19:09.209] [miter_logger] [info] design 0 PI summary by model/term (789 total terminals, 8 unique rows):
| Model                | Term    | Count |
|----------------------|---------|-------|
| DFFHQNx1_ASAP7_75t_L | QN      |   429 |
| aes_cipher_top       | key     |   128 |
| aes_cipher_top       | text_in |   128 |
| DFFHQNx3_ASAP7_75t_L | QN      |   100 |
| DFFHQNx2_ASAP7_75t_L | QN      |     1 |
| aes_cipher_top       | clk     |     1 |
| aes_cipher_top       | ld      |     1 |
| aes_cipher_top       | rst     |     1 |

[2026-08-20 04:19:09.209] [miter_logger] [info] design 0 PO summary by model/term (1189 total terminals, 8 unique rows):
| Model                | Term     | Count |
|----------------------|----------|-------|
| DFFHQNx1_ASAP7_75t_L | CLK      |   429 |
| DFFHQNx1_ASAP7_75t_L | D        |   429 |
| aes_cipher_top       | text_out |   128 |
| DFFHQNx3_ASAP7_75t_L | CLK      |   100 |
| DFFHQNx3_ASAP7_75t_L | D        |   100 |
| DFFHQNx2_ASAP7_75t_L | CLK      |     1 |
| DFFHQNx2_ASAP7_75t_L | D        |     1 |
| aes_cipher_top       | done     |     1 |

[2026-08-20 04:19:09.209] [miter_logger] [info] Collecting POs for design 1: aes_cipher_top

[2026-08-20 04:19:09.224] [miter_logger] [info] size of common inputs: 789
[2026-08-20 04:19:09.224] [miter_logger] [info] size of diff0 inputs: 0
[2026-08-20 04:19:09.224] [miter_logger] [info] size of diff1 inputs: 0
[2026-08-20 04:19:09.224] [miter_logger] [info] Collected 789 PIs for design 1

[2026-08-20 04:19:09.224] [miter_logger] [info] Collected 1189 POs for design 1

[2026-08-20 04:19:09.224] [miter_logger] [info] design 1 PI summary by model/term (789 total terminals, 8 unique rows):
| Model                | Term    | Count |
|----------------------|---------|-------|
| DFFHQNx1_ASAP7_75t_L | QN      |   429 |
| aes_cipher_top       | key     |   128 |
| aes_cipher_top       | text_in |   128 |
| DFFHQNx3_ASAP7_75t_L | QN      |   100 |
| DFFHQNx2_ASAP7_75t_L | QN      |     1 |
| aes_cipher_top       | clk     |     1 |
| aes_cipher_top       | ld      |     1 |
| aes_cipher_top       | rst     |     1 |

[2026-08-20 04:19:09.224] [miter_logger] [info] design 1 PO summary by model/term (1189 total terminals, 8 unique rows):
| Model                | Term     | Count |
|----------------------|----------|-------|
| DFFHQNx1_ASAP7_75t_L | CLK      |   429 |
| DFFHQNx1_ASAP7_75t_L | D        |   429 |
| aes_cipher_top       | text_out |   128 |
| DFFHQNx3_ASAP7_75t_L | CLK      |   100 |
| DFFHQNx3_ASAP7_75t_L | D        |   100 |
| DFFHQNx2_ASAP7_75t_L | CLK      |     1 |
| DFFHQNx2_ASAP7_75t_L | D        |     1 |
| aes_cipher_top       | done     |     1 |

[2026-08-20 04:19:09.224] [miter_logger] [info] normalizeInputs: starting
[2026-08-20 04:19:09.224] [miter_logger] [info] size of common inputs: 789
[2026-08-20 04:19:09.224] [miter_logger] [info] size of diff0 inputs: 0
[2026-08-20 04:19:09.224] [miter_logger] [info] size of diff1 inputs: 0
[2026-08-20 04:19:09.224] [miter_logger] [info] normalizeOutputs: starting
[2026-08-20 04:19:09.225] [miter_logger] [info] size of common outputs: 1189
[2026-08-20 04:19:09.225] [miter_logger] [info] size of diff0 outputs: 0
[2026-08-20 04:19:09.225] [miter_logger] [info] size of diff1 outputs: 0
[2026-08-20 04:19:09.225] [miter_logger] [info] size of PIs in circuit 0: 789
[2026-08-20 04:19:09.225] [miter_logger] [info] size of PIs in circuit 1: 789
[2026-08-20 04:19:09.225] [miter_logger] [info] size of POs in circuit 0: 1189
[2026-08-20 04:19:09.225] [miter_logger] [info] size of POs in circuit 1: 1189
[2026-08-20 04:19:09.354] [miter_logger] [info] Building miter expression
[2026-08-20 04:19:09.354] [miter_logger] [info] Finished building miter expression
[2026-08-20 04:19:09.354] [miter_logger] [info] Starting solver
[2026-08-20 04:19:09.354] [miter_logger] [info] SAT solver finished: UNSAT
[2026-08-20 04:19:09.354] [miter_logger] [info] Circuits are IDENTICAL
