OpenROAD 26Q3-1464-gb22abfea20 
Features included (+) or not (-): +GPU +GUI +Python
This program is licensed under the BSD-3 license. See the LICENSE file for details.
Components of this program may be licensed under more restrictive licenses which must be honored.
[INFO ORD-0030] Using 32 thread(s).
read_liberty ./platforms/nangate45/lib/NangateOpenCellLibrary_typical.lib
read_liberty ./platforms/nangate45/lib/fakeram45_256x32.lib
read_liberty ./platforms/nangate45/lib/fakeram45_64x64.lib
read_db /tmp/workspace/scripts-Private_test-fr_cugr_cmp-1-/results/nangate45/mempool_group/base/2_3_floorplan_tapcell.odb
read_sdc /tmp/workspace/scripts-Private_test-fr_cugr_cmp-1-/results/nangate45/mempool_group/base/2_1_floorplan.sdc
source ./platforms/nangate45/setRC.tcl
[WARNING PDN-1051] No instances found for grid (CORE_macro_grid_2).
[INFO PDN-0001] Inserting grid: grid
[INFO PDN-0001] Inserting grid: CORE_macro_grid_1 - gen_tiles\[0\].i_tile.i_tile/gen_banks\[0\].mem_bank.genblk1.sram_instance
[INFO PDN-0001] Inserting grid: CORE_macro_grid_1 - gen_tiles\[0\].i_tile.i_tile/gen_banks\[10\].mem_bank.genblk1.sram_instance
[INFO PDN-0001] Inserting grid: CORE_macro_grid_1 - gen_tiles\[0\].i_tile.i_tile/gen_banks\[11\].mem_bank.genblk1.sram_instance
[INFO PDN-0001] Inserting grid: CORE_macro_grid_1 - gen_tiles\[0\].i_tile.i_tile/gen_banks\[12\].mem_bank.genblk1.sram_instance
[INFO PDN-0001] Inserting grid: CORE_macro_grid_1 - gen_tiles\[0\].i_tile.i_tile/gen_banks\[13\].mem_bank.genblk1.sram_instance
[INFO PDN-0001] Inserting grid: CORE_macro_grid_1 - gen_tiles\[0\].i_tile.i_tile/gen_banks\[14\].mem_bank.genblk1.sram_instance
[INFO PDN-0001] Inserting grid: CORE_macro_grid_1 - gen_tiles\[0\].i_tile.i_tile/gen_banks\[15\].mem_bank.genblk1.sram_instance
[INFO PDN-0001] Inserting grid: CORE_macro_grid_1 - gen_tiles\[0\].i_tile.i_tile/gen_banks\[1\].mem_bank.genblk1.sram_instance
[INFO PDN-0001] Inserting grid: CORE_macro_grid_1 - gen_tiles\[0\].i_tile.i_tile/gen_banks\[2\].mem_bank.genblk1.sram_instance
[INFO PDN-0001] Inserting grid: CORE_macro_grid_1 - gen_tiles\[0\].i_tile.i_tile/gen_banks\[3\].mem_bank.genblk1.sram_instance
[INFO PDN-0001] Inserting grid: CORE_macro_grid_1 - gen_tiles\[0\].i_tile.i_tile/gen_banks\[4\].mem_bank.genblk1.sram_instance
[INFO PDN-0001] Inserting grid: CORE_macro_grid_1 - gen_tiles\[0\].i_tile.i_tile/gen_banks\[5\].mem_bank.genblk1.sram_instance
[INFO PDN-0001] Inserting grid: CORE_macro_grid_1 - gen_tiles\[0\].i_tile.i_tile/gen_banks\[6\].mem_bank.genblk1.sram_instance
[INFO PDN-0001] Inserting grid: CORE_macro_grid_1 - gen_tiles\[0\].i_tile.i_tile/gen_banks\[7\].mem_bank.genblk1.sram_instance
[INFO PDN-0001] Inserting grid: CORE_macro_grid_1 - gen_tiles\[0\].i_tile.i_tile/gen_banks\[8\].mem_bank.genblk1.sram_instance
[INFO PDN-0001] Inserting grid: CORE_macro_grid_1 - gen_tiles\[0\].i_tile.i_tile/gen_banks\[9\].mem_bank.genblk1.sram_instance
[INFO PDN-0001] Inserting grid: CORE_macro_grid_1 - gen_tiles\[0\].i_tile.i_tile/gen_caches\[0\].i_snitch_icache/i_lookup.i_data/genblk1.fr_sp_instance0
[INFO PDN-0001] Inserting grid: CORE_macro_grid_1 - gen_tiles\[0\].i_tile.i_tile/gen_caches\[0\].i_snitch_icache/i_lookup.i_data/genblk1.fr_sp_instance1
[INFO PDN-0001] Inserting grid: CORE_macro_grid_1 - gen_tiles\[0\].i_tile.i_tile/gen_caches\[0\].i_snitch_icache/i_lookup.i_data/genblk1.fr_sp_instance2
[INFO PDN-0001] Inserting grid: CORE_macro_grid_1 - gen_tiles\[0\].i_tile.i_tile/gen_caches\[0\].i_snitch_icache/i_lookup.i_data/genblk1.fr_sp_instance3
[WARNING PDN-0195] Removing 1 via(s) between metal4 and metal5 at (14.3900 um, 397.7400 um) for VSS
[WARNING PDN-0195] Removing 1 via(s) between metal4 and metal5 at (18.8700 um, 397.7400 um) for VSS
[WARNING PDN-0195] Removing 1 via(s) between metal4 and metal5 at (23.3500 um, 397.7400 um) for VSS
[WARNING PDN-0195] Removing 1 via(s) between metal4 and metal5 at (27.8300 um, 397.7400 um) for VSS
[WARNING PDN-0195] Removing 1 via(s) between metal4 and metal5 at (32.3100 um, 397.7400 um) for VSS
[WARNING PDN-0195] Removing 1 via(s) between metal4 and metal5 at (36.7900 um, 397.7400 um) for VSS
[WARNING PDN-0195] Removing 1 via(s) between metal4 and metal5 at (41.2700 um, 397.7400 um) for VSS
[WARNING PDN-0195] Removing 1 via(s) between metal4 and metal5 at (45.7500 um, 397.7400 um) for VSS
[WARNING PDN-0195] Removing 1 via(s) between metal4 and metal5 at (50.2300 um, 397.7400 um) for VSS
[WARNING PDN-0195] Removing 1 via(s) between metal4 and metal5 at (54.7100 um, 397.7400 um) for VSS
[WARNING PDN-0195] Removing 1 via(s) between metal4 and metal5 at (59.1900 um, 397.7400 um) for VSS
[WARNING PDN-0195] Removing 1 via(s) between metal4 and metal5 at (63.6700 um, 397.7400 um) for VSS
[WARNING PDN-0195] Removing 1 via(s) between metal4 and metal5 at (68.1500 um, 397.7400 um) for VSS
[WARNING PDN-0195] Removing 1 via(s) between metal4 and metal5 at (72.6300 um, 397.7400 um) for VSS
[WARNING PDN-0195] Removing 1 via(s) between metal4 and metal5 at (77.1100 um, 397.7400 um) for VSS
[WARNING PDN-0195] Removing 1 via(s) between metal4 and metal5 at (81.5900 um, 397.7400 um) for VSS
[WARNING PDN-0195] Removing 1 via(s) between metal4 and metal5 at (86.0700 um, 397.7400 um) for VSS
[WARNING PDN-0195] Removing 1 via(s) between metal4 and metal5 at (103.1900 um, 333.0600 um) for VSS
[WARNING PDN-0195] Removing 1 via(s) between metal4 and metal5 at (107.6700 um, 333.0600 um) for VSS
[WARNING PDN-0195] Removing 1 via(s) between metal4 and metal5 at (112.1500 um, 333.0600 um) for VSS
[WARNING PDN-0195] Removing 1 via(s) between metal4 and metal5 at (116.6300 um, 333.0600 um) for VSS
[WARNING PDN-0195] Removing 1 via(s) between metal4 and metal5 at (121.1100 um, 333.0600 um) for VSS
[WARNING PDN-0195] Removing 1 via(s) between metal4 and metal5 at (125.5900 um, 333.0600 um) for VSS
[WARNING PDN-0195] Removing 1 via(s) between metal4 and metal5 at (130.0700 um, 333.0600 um) for VSS
[WARNING PDN-0195] Removing 1 via(s) between metal4 and metal5 at (134.5500 um, 333.0600 um) for VSS
[WARNING PDN-0195] Removing 1 via(s) between metal4 and metal5 at (139.0300 um, 333.0600 um) for VSS
[WARNING PDN-0195] Removing 1 via(s) between metal4 and metal5 at (143.5100 um, 333.0600 um) for VSS
[WARNING PDN-0195] Removing 1 via(s) between metal4 and metal5 at (147.9900 um, 333.0600 um) for VSS
[WARNING PDN-0195] Removing 1 via(s) between metal4 and metal5 at (152.4700 um, 333.0600 um) for VSS
[WARNING PDN-0195] Removing 1 via(s) between metal4 and metal5 at (156.9500 um, 333.0600 um) for VSS
[WARNING PDN-0195] Removing 1 via(s) between metal4 and metal5 at (161.4300 um, 333.0600 um) for VSS
[WARNING PDN-0195] Removing 1 via(s) between metal4 and metal5 at (165.9100 um, 333.0600 um) for VSS
[WARNING PDN-0195] Removing 1 via(s) between metal4 and metal5 at (170.3900 um, 333.0600 um) for VSS
[WARNING PDN-0195] Removing 1 via(s) between metal4 and metal5 at (174.8700 um, 333.0600 um) for VSS
[WARNING PDN-0195] Removing 1 via(s) between metal4 and metal5 at (14.3900 um, 929.6000 um) for VSS
[WARNING PDN-0195] Removing 1 via(s) between metal4 and metal5 at (18.8700 um, 929.6000 um) for VSS
[WARNING PDN-0195] Removing 1 via(s) between metal4 and metal5 at (23.3500 um, 929.6000 um) for VSS
[WARNING PDN-0195] Removing 1 via(s) between metal4 and metal5 at (27.8300 um, 929.6000 um) for VSS
[WARNING PDN-0195] Removing 1 via(s) between metal4 and metal5 at (32.3100 um, 929.6000 um) for VSS
[WARNING PDN-0195] Removing 1 via(s) between metal4 and metal5 at (36.7900 um, 929.6000 um) for VSS
[WARNING PDN-0195] Removing 1 via(s) between metal4 and metal5 at (41.2700 um, 929.6000 um) for VSS
[WARNING PDN-0195] Removing 1 via(s) between metal4 and metal5 at (45.7500 um, 929.6000 um) for VSS
[WARNING PDN-0195] Removing 1 via(s) between metal4 and metal5 at (50.2300 um, 929.6000 um) for VSS
[WARNING PDN-0195] Removing 1 via(s) between metal4 and metal5 at (54.7100 um, 929.6000 um) for VSS
[WARNING PDN-0195] Removing 1 via(s) between metal4 and metal5 at (59.1900 um, 929.6000 um) for VSS
[WARNING PDN-0195] Removing 1 via(s) between metal4 and metal5 at (63.6700 um, 929.6000 um) for VSS
[WARNING PDN-0195] Removing 1 via(s) between metal4 and metal5 at (68.1500 um, 929.6000 um) for VSS
[WARNING PDN-0195] Removing 1 via(s) between metal4 and metal5 at (72.6300 um, 929.6000 um) for VSS
[WARNING PDN-0195] Removing 1 via(s) between metal4 and metal5 at (77.1100 um, 929.6000 um) for VSS
[WARNING PDN-0195] Removing 1 via(s) between metal4 and metal5 at (81.5900 um, 929.6000 um) for VSS
[WARNING PDN-0195] Removing 1 via(s) between metal4 and metal5 at (86.0700 um, 929.6000 um) for VSS
[INFO PDN-0500] Runtime: 0.23s
Design area 364132 um^2 31% utilization.
write_db /tmp/workspace/scripts-Private_test-fr_cugr_cmp-1-/results/nangate45/mempool_group/base/2_4_floorplan_pdn.odb
Elapsed time: 0:03.81[h:]min:sec. CPU time: user 3.69 sys 0.12 (100%). Peak memory: 460488KB.
Log                       Ext     Elapsed/s Peak Memory/MB sha1sum result [0:20)
2_4_floorplan_pdn         .odb            3            449 9590c17c76a179f7e47d
