[2026-08-20 04:34:47.318] [miter_logger] [info] MiterStrategy::run starting
[2026-08-20 04:34:47.318] [miter_logger] [info] Collecting POs for design 0: mempool_group

[2026-08-20 04:34:47.619] [miter_logger] [info] Collected 33231 PIs for design 0

[2026-08-20 04:34:47.619] [miter_logger] [info] Collected 47508 POs for design 0

[2026-08-20 04:34:47.620] [miter_logger] [info] design 0 PI summary by model/term (33231 total terminals, 48 unique rows):
| Model            | Term                               | Count |
|------------------|------------------------------------|-------|
| DFFR_X1          | Q                                  |  8649 |
| DFFR_X1          | QN                                 |  8649 |
| DLH_X1           | Q                                  |  5584 |
| DFF_X1           | Q                                  |  4168 |
| DFF_X1           | QN                                 |  4168 |
| fakeram45_256x32 | rd_out                             |   512 |
| LOGIC0_X1        | Z                                  |   435 |
| fakeram45_64x64  | rd_out                             |   256 |
| mempool_group    | axi_mst_resp_i                     |   144 |
| DLL_X1           | Q                                  |    66 |
| mempool_group    | tcdm_slave_bypass_req_i            |    59 |
| mempool_group    | tcdm_slave_east_req_i              |    59 |
| mempool_group    | tcdm_slave_north_req_i             |    59 |
| mempool_group    | tcdm_slave_northeast_req_i         |    59 |
| DFFS_X1          | Q                                  |    56 |
| DFFS_X1          | QN                                 |    56 |
| mempool_group    | tcdm_master_bypass_resp_i          |    41 |
| mempool_group    | tcdm_master_east_resp_i            |    41 |
| mempool_group    | tcdm_master_north_resp_i           |    41 |
| mempool_group    | tcdm_master_northeast_resp_i       |    41 |
| DFFR_X2          | Q                                  |    24 |
| DFFR_X2          | QN                                 |    24 |
| LOGIC1_X1        | Z                                  |    11 |
| mempool_group    | wake_up_i                          |     4 |
| mempool_group    | group_id_i                         |     2 |
| DFFS_X2          | Q                                  |     1 |
| DFFS_X2          | QN                                 |     1 |
| mempool_group    | clk_i                              |     1 |
| mempool_group    | rst_ni                             |     1 |
| mempool_group    | scan_data_i                        |     1 |
| mempool_group    | scan_enable_i                      |     1 |
| mempool_group    | tcdm_master_bypass_req_ready_i     |     1 |
| mempool_group    | tcdm_master_bypass_resp_valid_i    |     1 |
| mempool_group    | tcdm_master_east_req_ready_i       |     1 |
| mempool_group    | tcdm_master_east_resp_valid_i      |     1 |
| mempool_group    | tcdm_master_north_req_ready_i      |     1 |
| mempool_group    | tcdm_master_north_resp_valid_i     |     1 |
| mempool_group    | tcdm_master_northeast_req_ready_i  |     1 |
| mempool_group    | tcdm_master_northeast_resp_valid_i |     1 |
| mempool_group    | tcdm_slave_bypass_req_valid_i      |     1 |
| mempool_group    | tcdm_slave_bypass_resp_ready_i     |     1 |
| mempool_group    | tcdm_slave_east_req_valid_i        |     1 |
| mempool_group    | tcdm_slave_east_resp_ready_i       |     1 |
| mempool_group    | tcdm_slave_north_req_valid_i       |     1 |
| mempool_group    | tcdm_slave_north_resp_ready_i      |     1 |
| mempool_group    | tcdm_slave_northeast_req_valid_i   |     1 |
| mempool_group    | tcdm_slave_northeast_resp_ready_i  |     1 |
| mempool_group    | testmode_i                         |     1 |

[2026-08-20 04:34:47.622] [miter_logger] [info] design 0 PO summary by model/term (47508 total terminals, 54 unique rows):
| Model            | Term                               | Count |
|------------------|------------------------------------|-------|
| DFFR_X1          | CK                                 |  8649 |
| DFFR_X1          | D                                  |  8649 |
| DFFR_X1          | RN                                 |  8649 |
| DLH_X1           | D                                  |  5584 |
| DLH_X1           | G                                  |  5584 |
| DFF_X1           | CK                                 |  4168 |
| DFF_X1           | D                                  |  4168 |
| fakeram45_256x32 | wd_in                              |   512 |
| mempool_group    | axi_mst_req_o                      |   285 |
| fakeram45_64x64  | wd_in                              |   256 |
| fakeram45_256x32 | addr_in                            |   128 |
| DLL_X1           | D                                  |    66 |
| DLL_X1           | GN                                 |    66 |
| mempool_group    | tcdm_master_bypass_req_o           |    59 |
| mempool_group    | tcdm_master_east_req_o             |    59 |
| mempool_group    | tcdm_master_north_req_o            |    59 |
| mempool_group    | tcdm_master_northeast_req_o        |    59 |
| DFFS_X1          | CK                                 |    56 |
| DFFS_X1          | D                                  |    56 |
| DFFS_X1          | SN                                 |    56 |
| mempool_group    | tcdm_slave_bypass_resp_o           |    41 |
| mempool_group    | tcdm_slave_east_resp_o             |    41 |
| mempool_group    | tcdm_slave_north_resp_o            |    41 |
| mempool_group    | tcdm_slave_northeast_resp_o        |    41 |
| DFFR_X2          | CK                                 |    24 |
| DFFR_X2          | D                                  |    24 |
| DFFR_X2          | RN                                 |    24 |
| fakeram45_64x64  | addr_in                            |    24 |
| fakeram45_256x32 | ce_in                              |    16 |
| fakeram45_256x32 | clk                                |    16 |
| fakeram45_256x32 | we_in                              |    16 |
| fakeram45_64x64  | ce_in                              |     4 |
| fakeram45_64x64  | clk                                |     4 |
| fakeram45_64x64  | we_in                              |     4 |
| DFFS_X2          | CK                                 |     1 |
| DFFS_X2          | D                                  |     1 |
| DFFS_X2          | SN                                 |     1 |
| mempool_group    | scan_data_o                        |     1 |
| mempool_group    | tcdm_master_bypass_req_valid_o     |     1 |
| mempool_group    | tcdm_master_bypass_resp_ready_o    |     1 |
| mempool_group    | tcdm_master_east_req_valid_o       |     1 |
| mempool_group    | tcdm_master_east_resp_ready_o      |     1 |
| mempool_group    | tcdm_master_north_req_valid_o      |     1 |
| mempool_group    | tcdm_master_north_resp_ready_o     |     1 |
| mempool_group    | tcdm_master_northeast_req_valid_o  |     1 |
| mempool_group    | tcdm_master_northeast_resp_ready_o |     1 |
| mempool_group    | tcdm_slave_bypass_req_ready_o      |     1 |
| mempool_group    | tcdm_slave_bypass_resp_valid_o     |     1 |
| mempool_group    | tcdm_slave_east_req_ready_o        |     1 |
| mempool_group    | tcdm_slave_east_resp_valid_o       |     1 |
| mempool_group    | tcdm_slave_north_req_ready_o       |     1 |
| mempool_group    | tcdm_slave_north_resp_valid_o      |     1 |
| mempool_group    | tcdm_slave_northeast_req_ready_o   |     1 |
| mempool_group    | tcdm_slave_northeast_resp_valid_o  |     1 |

[2026-08-20 04:34:47.625] [miter_logger] [info] Collecting POs for design 1: mempool_group

[2026-08-20 04:34:47.904] [miter_logger] [info] size of common inputs: 27135
[2026-08-20 04:34:47.904] [miter_logger] [info] size of diff0 inputs: 0
[2026-08-20 04:34:47.904] [miter_logger] [info] size of diff1 inputs: 0
[2026-08-20 04:34:47.908] [miter_logger] [info] Collected 33231 PIs for design 1

[2026-08-20 04:34:47.908] [miter_logger] [info] Collected 47508 POs for design 1

[2026-08-20 04:34:47.909] [miter_logger] [info] design 1 PI summary by model/term (33231 total terminals, 48 unique rows):
| Model            | Term                               | Count |
|------------------|------------------------------------|-------|
| DFFR_X1          | Q                                  |  8649 |
| DFFR_X1          | QN                                 |  8649 |
| DLH_X1           | Q                                  |  5584 |
| DFF_X1           | Q                                  |  4168 |
| DFF_X1           | QN                                 |  4168 |
| fakeram45_256x32 | rd_out                             |   512 |
| LOGIC0_X1        | Z                                  |   435 |
| fakeram45_64x64  | rd_out                             |   256 |
| mempool_group    | axi_mst_resp_i                     |   144 |
| DLL_X1           | Q                                  |    66 |
| mempool_group    | tcdm_slave_bypass_req_i            |    59 |
| mempool_group    | tcdm_slave_east_req_i              |    59 |
| mempool_group    | tcdm_slave_north_req_i             |    59 |
| mempool_group    | tcdm_slave_northeast_req_i         |    59 |
| DFFS_X1          | Q                                  |    56 |
| DFFS_X1          | QN                                 |    56 |
| mempool_group    | tcdm_master_bypass_resp_i          |    41 |
| mempool_group    | tcdm_master_east_resp_i            |    41 |
| mempool_group    | tcdm_master_north_resp_i           |    41 |
| mempool_group    | tcdm_master_northeast_resp_i       |    41 |
| DFFR_X2          | Q                                  |    24 |
| DFFR_X2          | QN                                 |    24 |
| LOGIC1_X1        | Z                                  |    11 |
| mempool_group    | wake_up_i                          |     4 |
| mempool_group    | group_id_i                         |     2 |
| DFFS_X2          | Q                                  |     1 |
| DFFS_X2          | QN                                 |     1 |
| mempool_group    | clk_i                              |     1 |
| mempool_group    | rst_ni                             |     1 |
| mempool_group    | scan_data_i                        |     1 |
| mempool_group    | scan_enable_i                      |     1 |
| mempool_group    | tcdm_master_bypass_req_ready_i     |     1 |
| mempool_group    | tcdm_master_bypass_resp_valid_i    |     1 |
| mempool_group    | tcdm_master_east_req_ready_i       |     1 |
| mempool_group    | tcdm_master_east_resp_valid_i      |     1 |
| mempool_group    | tcdm_master_north_req_ready_i      |     1 |
| mempool_group    | tcdm_master_north_resp_valid_i     |     1 |
| mempool_group    | tcdm_master_northeast_req_ready_i  |     1 |
| mempool_group    | tcdm_master_northeast_resp_valid_i |     1 |
| mempool_group    | tcdm_slave_bypass_req_valid_i      |     1 |
| mempool_group    | tcdm_slave_bypass_resp_ready_i     |     1 |
| mempool_group    | tcdm_slave_east_req_valid_i        |     1 |
| mempool_group    | tcdm_slave_east_resp_ready_i       |     1 |
| mempool_group    | tcdm_slave_north_req_valid_i       |     1 |
| mempool_group    | tcdm_slave_north_resp_ready_i      |     1 |
| mempool_group    | tcdm_slave_northeast_req_valid_i   |     1 |
| mempool_group    | tcdm_slave_northeast_resp_ready_i  |     1 |
| mempool_group    | testmode_i                         |     1 |

[2026-08-20 04:34:47.911] [miter_logger] [info] design 1 PO summary by model/term (47508 total terminals, 54 unique rows):
| Model            | Term                               | Count |
|------------------|------------------------------------|-------|
| DFFR_X1          | CK                                 |  8649 |
| DFFR_X1          | D                                  |  8649 |
| DFFR_X1          | RN                                 |  8649 |
| DLH_X1           | D                                  |  5584 |
| DLH_X1           | G                                  |  5584 |
| DFF_X1           | CK                                 |  4168 |
| DFF_X1           | D                                  |  4168 |
| fakeram45_256x32 | wd_in                              |   512 |
| mempool_group    | axi_mst_req_o                      |   285 |
| fakeram45_64x64  | wd_in                              |   256 |
| fakeram45_256x32 | addr_in                            |   128 |
| DLL_X1           | D                                  |    66 |
| DLL_X1           | GN                                 |    66 |
| mempool_group    | tcdm_master_bypass_req_o           |    59 |
| mempool_group    | tcdm_master_east_req_o             |    59 |
| mempool_group    | tcdm_master_north_req_o            |    59 |
| mempool_group    | tcdm_master_northeast_req_o        |    59 |
| DFFS_X1          | CK                                 |    56 |
| DFFS_X1          | D                                  |    56 |
| DFFS_X1          | SN                                 |    56 |
| mempool_group    | tcdm_slave_bypass_resp_o           |    41 |
| mempool_group    | tcdm_slave_east_resp_o             |    41 |
| mempool_group    | tcdm_slave_north_resp_o            |    41 |
| mempool_group    | tcdm_slave_northeast_resp_o        |    41 |
| DFFR_X2          | CK                                 |    24 |
| DFFR_X2          | D                                  |    24 |
| DFFR_X2          | RN                                 |    24 |
| fakeram45_64x64  | addr_in                            |    24 |
| fakeram45_256x32 | ce_in                              |    16 |
| fakeram45_256x32 | clk                                |    16 |
| fakeram45_256x32 | we_in                              |    16 |
| fakeram45_64x64  | ce_in                              |     4 |
| fakeram45_64x64  | clk                                |     4 |
| fakeram45_64x64  | we_in                              |     4 |
| DFFS_X2          | CK                                 |     1 |
| DFFS_X2          | D                                  |     1 |
| DFFS_X2          | SN                                 |     1 |
| mempool_group    | scan_data_o                        |     1 |
| mempool_group    | tcdm_master_bypass_req_valid_o     |     1 |
| mempool_group    | tcdm_master_bypass_resp_ready_o    |     1 |
| mempool_group    | tcdm_master_east_req_valid_o       |     1 |
| mempool_group    | tcdm_master_east_resp_ready_o      |     1 |
| mempool_group    | tcdm_master_north_req_valid_o      |     1 |
| mempool_group    | tcdm_master_north_resp_ready_o     |     1 |
| mempool_group    | tcdm_master_northeast_req_valid_o  |     1 |
| mempool_group    | tcdm_master_northeast_resp_ready_o |     1 |
| mempool_group    | tcdm_slave_bypass_req_ready_o      |     1 |
| mempool_group    | tcdm_slave_bypass_resp_valid_o     |     1 |
| mempool_group    | tcdm_slave_east_req_ready_o        |     1 |
| mempool_group    | tcdm_slave_east_resp_valid_o       |     1 |
| mempool_group    | tcdm_slave_north_req_ready_o       |     1 |
| mempool_group    | tcdm_slave_north_resp_valid_o      |     1 |
| mempool_group    | tcdm_slave_northeast_req_ready_o   |     1 |
| mempool_group    | tcdm_slave_northeast_resp_valid_o  |     1 |

[2026-08-20 04:34:47.912] [miter_logger] [info] normalizeInputs: starting
[2026-08-20 04:34:47.950] [miter_logger] [info] size of common inputs: 33231
[2026-08-20 04:34:47.950] [miter_logger] [info] size of diff0 inputs: 0
[2026-08-20 04:34:47.950] [miter_logger] [info] size of diff1 inputs: 0
[2026-08-20 04:34:47.955] [miter_logger] [info] normalizeOutputs: starting
[2026-08-20 04:34:48.012] [miter_logger] [info] size of common outputs: 47508
[2026-08-20 04:34:48.012] [miter_logger] [info] size of diff0 outputs: 0
[2026-08-20 04:34:48.012] [miter_logger] [info] size of diff1 outputs: 0
[2026-08-20 04:34:48.017] [miter_logger] [info] size of PIs in circuit 0: 33231
[2026-08-20 04:34:48.017] [miter_logger] [info] size of PIs in circuit 1: 33231
[2026-08-20 04:34:48.017] [miter_logger] [info] size of POs in circuit 0: 47508
[2026-08-20 04:34:48.017] [miter_logger] [info] size of POs in circuit 1: 47508
[2026-08-20 04:34:49.303] [miter_logger] [info] Building miter expression
[2026-08-20 04:34:49.315] [miter_logger] [info] Finished building miter expression
[2026-08-20 04:34:49.995] [miter_logger] [info] Starting solver
[2026-08-20 04:36:49.175] [miter_logger] [info] SAT solver finished: UNSAT
[2026-08-20 04:36:49.175] [miter_logger] [info] Circuits are IDENTICAL
