OpenROAD 26Q3-1464-gb22abfea20 
Features included (+) or not (-): +GPU +GUI +Python
This program is licensed under the BSD-3 license. See the LICENSE file for details.
Components of this program may be licensed under more restrictive licenses which must be honored.
[INFO ORD-0030] Using 32 thread(s).
read_liberty ./platforms/nangate45/lib/NangateOpenCellLibrary_typical.lib
read_liberty ./platforms/nangate45/lib/fakeram45_256x32.lib
read_liberty ./platforms/nangate45/lib/fakeram45_64x64.lib
read_db /tmp/workspace/scripts-Private_test-fr_cugr_cmp-1-/results/nangate45/mempool_group/base/5_1_grt.odb
read_sdc /tmp/workspace/scripts-Private_test-fr_cugr_cmp-1-/results/nangate45/mempool_group/base/5_1_grt.sdc
source ./platforms/nangate45/setRC.tcl
[WARNING STA-0450] virtual clock vclk_i can not be propagated.
detailed_route -output_drc /tmp/workspace/scripts-Private_test-fr_cugr_cmp-1-/reports/nangate45/mempool_group/base/5_route_drc.rpt -output_maze /tmp/workspace/scripts-Private_test-fr_cugr_cmp-1-/results/nangate45/mempool_group/base/maze.log -droute_end_iter 64 -verbose 1 -drc_report_iter_step 5
[INFO DRT-0149] Reading tech and libs.

Units:                2000
Number of layers:     21
Number of macros:     137
Number of vias:       37
Number of viarulegen: 19

[INFO DRT-0150] Reading design.
[WARNING DRT-0120] Large net net349 has 149 pins which may impact routing performance. Consider optimization.
[WARNING DRT-0120] Large net net348 has 179 pins which may impact routing performance. Consider optimization.

Design:                   mempool_group
Die area:                 ( 0 0 ) ( 2200000 2200000 )
Number of track patterns: 20
Number of DEF vias:       0
Number of components:     165818
Number of terminals:      1275
Number of snets:          2
Number of nets:           179936

[INFO DRT-0167] List of default vias:
  Layer via2
    default via: via2_5
  Layer via3
    default via: via3_2
  Layer via4
    default via: via4_0
  Layer via5
    default via: via5_0
  Layer via6
    default via: via6_0
  Layer via7
    default via: via7_0
  Layer via8
    default via: via8_0
  Layer via9
    default via: via9_0
[INFO DRT-0162] Library cell analysis.
[INFO DRT-0163] Instance analysis.
  Complete 100000 instances.
[INFO DRT-0164] Number of unique instances = 195.
[INFO DRT-0168] Init region query.
[INFO DRT-0018]   Complete 100000 insts.
[INFO DRT-0024]   Complete active.
[INFO DRT-0024]   Complete Fr_VIA.
[INFO DRT-0024]   Complete metal1.
[INFO DRT-0024]   Complete via1.
[INFO DRT-0024]   Complete metal2.
[INFO DRT-0024]   Complete via2.
[INFO DRT-0024]   Complete metal3.
[INFO DRT-0024]   Complete via3.
[INFO DRT-0024]   Complete metal4.
[INFO DRT-0024]   Complete via4.
[INFO DRT-0024]   Complete metal5.
[INFO DRT-0024]   Complete via5.
[INFO DRT-0024]   Complete metal6.
[INFO DRT-0024]   Complete via6.
[INFO DRT-0024]   Complete metal7.
[INFO DRT-0024]   Complete via7.
[INFO DRT-0024]   Complete metal8.
[INFO DRT-0024]   Complete via8.
[INFO DRT-0024]   Complete metal9.
[INFO DRT-0024]   Complete via9.
[INFO DRT-0024]   Complete metal10.
[INFO DRT-0033] active shape region query size = 0.
[INFO DRT-0033] FR_VIA shape region query size = 0.
[INFO DRT-0033] metal1 shape region query size = 3337176.
[INFO DRT-0033] via1 shape region query size = 41772.
[INFO DRT-0033] metal2 shape region query size = 27868.
[INFO DRT-0033] via2 shape region query size = 41772.
[INFO DRT-0033] metal3 shape region query size = 32920.
[INFO DRT-0033] via3 shape region query size = 41772.
[INFO DRT-0033] metal4 shape region query size = 20271.
[INFO DRT-0033] via4 shape region query size = 23880.
[INFO DRT-0033] metal5 shape region query size = 8780.
[INFO DRT-0033] via5 shape region query size = 29436.
[INFO DRT-0033] metal6 shape region query size = 6173.
[INFO DRT-0033] via6 shape region query size = 10456.
[INFO DRT-0033] metal7 shape region query size = 2102.
[INFO DRT-0033] via7 shape region query size = 0.
[INFO DRT-0033] metal8 shape region query size = 0.
[INFO DRT-0033] via8 shape region query size = 0.
[INFO DRT-0033] metal9 shape region query size = 0.
[INFO DRT-0033] via9 shape region query size = 0.
[INFO DRT-0033] metal10 shape region query size = 0.
[INFO DRT-0165] Start pin access.
[INFO DRT-0076]   Complete 1000 pins.
[INFO DRT-0078]   Complete 1543 pins.
[INFO DRT-0079]   Complete 100 unique inst patterns.
[INFO DRT-0081]   Complete 190 unique inst patterns.
[INFO DRT-0082]   Complete 10000 groups.
[INFO DRT-0082]   Complete 20000 groups.
[INFO DRT-0082]   Complete 30000 groups.
[INFO DRT-0082]   Complete 40000 groups.
[INFO DRT-0082]   Complete 50000 groups.
[INFO DRT-0082]   Complete 60000 groups.
[INFO DRT-0082]   Complete 70000 groups.
[INFO DRT-0082]   Complete 80000 groups.
[INFO DRT-0082]   Complete 90000 groups.
[INFO DRT-0082]   Complete 100000 groups.
[INFO DRT-0084]   Complete 111470 groups.
#scanned instances     = 165818
#unique  instances     = 193
#stdCellGenAp          = 7280
#stdCellValidPlanarAp  = 0
#stdCellValidViaAp     = 4941
#stdCellPinNoAp        = 0
#stdCellPinCnt         = 560107
#instTermValidViaApCnt = 0
#macroGenAp            = 437
#macroValidPlanarAp    = 437
#macroValidViaAp       = 0
#macroNoAp             = 0
[INFO DRT-0166] Complete pin access.
[INFO DRT-0267] cpu time = 00:16:38, elapsed time = 00:00:32, memory = 1573.50 (MB), peak = 1661.66 (MB)
[INFO DRT-0156] guideIn read 100000 guides.
[INFO DRT-0156] guideIn read 200000 guides.
[INFO DRT-0156] guideIn read 300000 guides.
[INFO DRT-0156] guideIn read 400000 guides.
[INFO DRT-0156] guideIn read 500000 guides.
[INFO DRT-0156] guideIn read 600000 guides.
[INFO DRT-0156] guideIn read 700000 guides.
[INFO DRT-0156] guideIn read 800000 guides.
[INFO DRT-0156] guideIn read 900000 guides.
[INFO DRT-0156] guideIn read 1000000 guides.

[INFO DRT-0157] Number of guides:     1402746

[INFO DRT-0169] Post process guides.
[INFO DRT-0176] GCELLGRID X 0 DO 385 STEP 5700 ;
[INFO DRT-0177] GCELLGRID Y 0 DO 385 STEP 5700 ;
[INFO DRT-0026]   Complete 100000 origin guides.
[INFO DRT-0026]   Complete 200000 origin guides.
[INFO DRT-0026]   Complete 300000 origin guides.
[INFO DRT-0026]   Complete 400000 origin guides.
[INFO DRT-0026]   Complete 500000 origin guides.
[INFO DRT-0026]   Complete 600000 origin guides.
[INFO DRT-0026]   Complete 700000 origin guides.
[INFO DRT-0026]   Complete 800000 origin guides.
[INFO DRT-0026]   Complete 900000 origin guides.
[INFO DRT-0027]   Complete 1000000 origin guides.
[INFO DRT-0028]   Complete active.
[INFO DRT-0028]   Complete Fr_VIA.
[INFO DRT-0028]   Complete metal1.
[INFO DRT-0028]   Complete via1.
[INFO DRT-0028]   Complete metal2.
[INFO DRT-0028]   Complete via2.
[INFO DRT-0028]   Complete metal3.
[INFO DRT-0028]   Complete via3.
[INFO DRT-0028]   Complete metal4.
[INFO DRT-0028]   Complete via4.
[INFO DRT-0028]   Complete metal5.
[INFO DRT-0028]   Complete via5.
[INFO DRT-0028]   Complete metal6.
[INFO DRT-0028]   Complete via6.
[INFO DRT-0028]   Complete metal7.
[INFO DRT-0028]   Complete via7.
[INFO DRT-0028]   Complete metal8.
[INFO DRT-0028]   Complete via8.
[INFO DRT-0028]   Complete metal9.
[INFO DRT-0028]   Complete via9.
[INFO DRT-0028]   Complete metal10.
  complete 100000 nets.
[INFO DRT-0178] Init guide query.
[INFO DRT-0029]   Complete 100000 nets (guide).
[INFO DRT-0035]   Complete active (guide).
[INFO DRT-0035]   Complete Fr_VIA (guide).
[INFO DRT-0035]   Complete metal1 (guide).
[INFO DRT-0035]   Complete via1 (guide).
[INFO DRT-0035]   Complete metal2 (guide).
[INFO DRT-0035]   Complete via2 (guide).
[INFO DRT-0035]   Complete metal3 (guide).
[INFO DRT-0035]   Complete via3 (guide).
[INFO DRT-0035]   Complete metal4 (guide).
[INFO DRT-0035]   Complete via4 (guide).
[INFO DRT-0035]   Complete metal5 (guide).
[INFO DRT-0035]   Complete via5 (guide).
[INFO DRT-0035]   Complete metal6 (guide).
[INFO DRT-0035]   Complete via6 (guide).
[INFO DRT-0035]   Complete metal7 (guide).
[INFO DRT-0035]   Complete via7 (guide).
[INFO DRT-0035]   Complete metal8 (guide).
[INFO DRT-0035]   Complete via8 (guide).
[INFO DRT-0035]   Complete metal9 (guide).
[INFO DRT-0035]   Complete via9 (guide).
[INFO DRT-0035]   Complete metal10 (guide).
[INFO DRT-0036] active guide region query size = 0.
[INFO DRT-0036] FR_VIA guide region query size = 0.
[INFO DRT-0036] metal1 guide region query size = 469485.
[INFO DRT-0036] via1 guide region query size = 0.
[INFO DRT-0036] metal2 guide region query size = 415018.
[INFO DRT-0036] via2 guide region query size = 0.
[INFO DRT-0036] metal3 guide region query size = 229758.
[INFO DRT-0036] via3 guide region query size = 0.
[INFO DRT-0036] metal4 guide region query size = 34504.
[INFO DRT-0036] via4 guide region query size = 0.
[INFO DRT-0036] metal5 guide region query size = 13429.
[INFO DRT-0036] via5 guide region query size = 0.
[INFO DRT-0036] metal6 guide region query size = 3008.
[INFO DRT-0036] via6 guide region query size = 0.
[INFO DRT-0036] metal7 guide region query size = 299.
[INFO DRT-0036] via7 guide region query size = 0.
[INFO DRT-0036] metal8 guide region query size = 65.
[INFO DRT-0036] via8 guide region query size = 0.
[INFO DRT-0036] metal9 guide region query size = 21.
[INFO DRT-0036] via9 guide region query size = 0.
[INFO DRT-0036] metal10 guide region query size = 2.
[INFO DRT-0179] Init gr pin query.
[INFO DRT-0267] cpu time = 00:00:04, elapsed time = 00:00:00, memory = 2099.00 (MB), peak = 2093.73 (MB)
[INFO DRT-0245] skipped writing guide updates to database.
[INFO DRT-0181] Start track assignment.
[INFO DRT-0184] Done with 452597 vertical wires in 8 frboxes and 712992 horizontal wires in 8 frboxes.
[INFO DRT-0186] Done with 103381 vertical wires in 8 frboxes and 126048 horizontal wires in 8 frboxes.
[INFO DRT-0182] Complete track assignment.
[INFO DRT-0267] cpu time = 00:01:00, elapsed time = 00:00:11, memory = 4362.24 (MB), peak = 4357.66 (MB)
[INFO DRT-0187] Start routing data preparation.
[INFO DRT-0267] cpu time = 00:00:00, elapsed time = 00:00:00, memory = 4517.65 (MB), peak = 4512.66 (MB)
[INFO DRT-0194] Start detail routing.
[INFO DRT-0195] Start 0th optimization iteration.
    Completing 10% with 0 violations.
    elapsed time = 00:00:04, memory = 5997.61 (MB).
    Completing 20% with 0 violations.
    elapsed time = 00:00:10, memory = 7186.38 (MB).
    Completing 30% with 5491 violations.
    elapsed time = 00:00:15, memory = 7833.79 (MB).
    Completing 40% with 5491 violations.
    elapsed time = 00:00:22, memory = 7898.27 (MB).
    Completing 50% with 5491 violations.
    elapsed time = 00:00:27, memory = 7951.13 (MB).
    Completing 60% with 10725 violations.
    elapsed time = 00:00:34, memory = 8278.15 (MB).
    Completing 70% with 10725 violations.
    elapsed time = 00:00:40, memory = 8214.51 (MB).
    Completing 80% with 15813 violations.
    elapsed time = 00:00:46, memory = 8476.19 (MB).
    Completing 90% with 15813 violations.
    elapsed time = 00:00:53, memory = 8429.45 (MB).
    Completing 100% with 21031 violations.
    elapsed time = 00:01:01, memory = 8447.78 (MB).
[INFO DRT-0199]   Number of violations = 31375.
Viol/Layer      metal1   via1 metal2   via2 metal3   via3 metal4   via4 metal5   via5 metal6   via6 metal7
Cut Spacing          0      5      0     25      0      1      0     64      0      3      0      0      0
Metal Spacing        0      0   1994      0    199      0     16      0     88      0     13      0     27
Recheck            104      0   5483      0   4111      0    222      0    282      0     50      0     92
Short                0      6  14097     33   3295     10    344      0    601      2    165      8     35
[INFO DRT-0267] cpu time = 00:27:30, elapsed time = 00:01:04, memory = 8425.24 (MB), peak = 8534.75 (MB)
Total wire length = 4607836 um.
Total wire length on LAYER metal1 = 0 um.
Total wire length on LAYER metal2 = 1335402 um.
Total wire length on LAYER metal3 = 1696099 um.
Total wire length on LAYER metal4 = 810634 um.
Total wire length on LAYER metal5 = 482934 um.
Total wire length on LAYER metal6 = 252250 um.
Total wire length on LAYER metal7 = 20401 um.
Total wire length on LAYER metal8 = 7281 um.
Total wire length on LAYER metal9 = 2420 um.
Total wire length on LAYER metal10 = 412 um.
Total number of vias = 1180997.
Up-via summary (total 1180997):

------------------
 active          0
 metal1     553203
 metal2     553587
 metal3      47797
 metal4      20075
 metal5       5511
 metal6        656
 metal7        126
 metal8         38
 metal9          4
------------------
       1180997


[INFO DRT-0195] Start 1st optimization iteration.
    Completing 10% with 31375 violations.
    elapsed time = 00:00:04, memory = 8653.18 (MB).
    Completing 20% with 31375 violations.
    elapsed time = 00:00:10, memory = 8567.75 (MB).
    Completing 30% with 25570 violations.
    elapsed time = 00:00:16, memory = 8870.94 (MB).
    Completing 40% with 25570 violations.
    elapsed time = 00:00:22, memory = 8918.54 (MB).
    Completing 50% with 25570 violations.
    elapsed time = 00:00:27, memory = 8918.64 (MB).
    Completing 60% with 19147 violations.
    elapsed time = 00:00:34, memory = 8989.53 (MB).
    Completing 70% with 19147 violations.
    elapsed time = 00:00:40, memory = 8960.03 (MB).
    Completing 80% with 13067 violations.
    elapsed time = 00:00:46, memory = 9093.16 (MB).
    Completing 90% with 13067 violations.
    elapsed time = 00:00:52, memory = 9078.82 (MB).
    Completing 100% with 7041 violations.
    elapsed time = 00:01:00, memory = 9017.31 (MB).
[INFO DRT-0199]   Number of violations = 7041.
Viol/Layer        via1 metal2   via2 metal3 metal4   via4 metal5 metal6 metal7
Cut Spacing         12      0     10      0      0      9      0      0      0
Metal Spacing        0   1301      0     74      0      0      4      3      0
Recheck              0      1      0      1      0      0      0      0      0
Short                0   4864      0    652     13      0     59     37      1
[INFO DRT-0267] cpu time = 00:25:51, elapsed time = 00:01:03, memory = 8938.25 (MB), peak = 9146.86 (MB)
Total wire length = 4592297 um.
Total wire length on LAYER metal1 = 0 um.
Total wire length on LAYER metal2 = 1327024 um.
Total wire length on LAYER metal3 = 1690617 um.
Total wire length on LAYER metal4 = 810316 um.
Total wire length on LAYER metal5 = 481672 um.
Total wire length on LAYER metal6 = 252084 um.
Total wire length on LAYER metal7 = 20494 um.
Total wire length on LAYER metal8 = 7256 um.
Total wire length on LAYER metal9 = 2419 um.
Total wire length on LAYER metal10 = 412 um.
Total number of vias = 1171236.
Up-via summary (total 1171236):

------------------
 active          0
 metal1     553453
 metal2     544236
 metal3      47825
 metal4      19769
 metal5       5237
 metal6        554
 metal7        120
 metal8         38
 metal9          4
------------------
       1171236


[INFO DRT-0195] Start 2nd optimization iteration.
    Completing 10% with 7041 violations.
    elapsed time = 00:00:02, memory = 9028.54 (MB).
    Completing 20% with 7041 violations.
    elapsed time = 00:00:06, memory = 8997.09 (MB).
    Completing 30% with 6586 violations.
    elapsed time = 00:00:10, memory = 8997.09 (MB).
    Completing 40% with 6586 violations.
    elapsed time = 00:00:15, memory = 8999.47 (MB).
    Completing 50% with 6586 violations.
    elapsed time = 00:00:17, memory = 8999.47 (MB).
    Completing 60% with 6078 violations.
    elapsed time = 00:00:22, memory = 8952.79 (MB).
    Completing 70% with 6078 violations.
    elapsed time = 00:00:26, memory = 8917.66 (MB).
    Completing 80% with 5656 violations.
    elapsed time = 00:00:30, memory = 8950.10 (MB).
    Completing 90% with 5656 violations.
    elapsed time = 00:00:35, memory = 8918.58 (MB).
    Completing 100% with 5176 violations.
    elapsed time = 00:00:40, memory = 8864.49 (MB).
[INFO DRT-0199]   Number of violations = 5176.
Viol/Layer        via1 metal2   via2 metal3 metal4   via4 metal5 metal6
Cut Spacing          8      0     13      0      0     16      0      0
Metal Spacing        0    938      0     44      7      0      3      0
Short                0   3628      0    449     24      0     36     10
[INFO DRT-0267] cpu time = 00:17:12, elapsed time = 00:00:42, memory = 8811.49 (MB), peak = 9146.86 (MB)
Total wire length = 4589452 um.
Total wire length on LAYER metal1 = 0 um.
Total wire length on LAYER metal2 = 1325777 um.
Total wire length on LAYER metal3 = 1689565 um.
Total wire length on LAYER metal4 = 810070 um.
Total wire length on LAYER metal5 = 481561 um.
Total wire length on LAYER metal6 = 251985 um.
Total wire length on LAYER metal7 = 20449 um.
Total wire length on LAYER metal8 = 7211 um.
Total wire length on LAYER metal9 = 2419 um.
Total wire length on LAYER metal10 = 412 um.
Total number of vias = 1168538.
Up-via summary (total 1168538):

------------------
 active          0
 metal1     553466
 metal2     541791
 metal3      47620
 metal4      19751
 metal5       5208
 metal6        542
 metal7        118
 metal8         38
 metal9          4
------------------
       1168538


[INFO DRT-0195] Start 3rd optimization iteration.
    Completing 10% with 5176 violations.
    elapsed time = 00:00:01, memory = 8876.39 (MB).
    Completing 20% with 5176 violations.
    elapsed time = 00:00:02, memory = 8811.49 (MB).
    Completing 30% with 3717 violations.
    elapsed time = 00:00:04, memory = 8850.32 (MB).
    Completing 40% with 3717 violations.
    elapsed time = 00:00:06, memory = 8850.32 (MB).
    Completing 50% with 3717 violations.
    elapsed time = 00:00:07, memory = 8850.32 (MB).
    Completing 60% with 2481 violations.
    elapsed time = 00:00:10, memory = 8852.37 (MB).
    Completing 70% with 2481 violations.
    elapsed time = 00:00:11, memory = 8852.37 (MB).
    Completing 80% with 1254 violations.
    elapsed time = 00:00:13, memory = 8852.37 (MB).
    Completing 90% with 1254 violations.
    elapsed time = 00:00:15, memory = 8887.81 (MB).
    Completing 100% with 98 violations.
    elapsed time = 00:00:17, memory = 8852.37 (MB).
[INFO DRT-0199]   Number of violations = 98.
Viol/Layer        via1 metal2 metal3   via4
Cut Spacing          1      0      0      2
Metal Spacing        0     20      3      0
Short                0     72      0      0
[INFO DRT-0267] cpu time = 00:06:34, elapsed time = 00:00:18, memory = 8794.59 (MB), peak = 9146.86 (MB)
Total wire length = 4589838 um.
Total wire length on LAYER metal1 = 0 um.
Total wire length on LAYER metal2 = 1318769 um.
Total wire length on LAYER metal3 = 1690856 um.
Total wire length on LAYER metal4 = 816185 um.
Total wire length on LAYER metal5 = 481434 um.
Total wire length on LAYER metal6 = 252022 um.
Total wire length on LAYER metal7 = 20522 um.
Total wire length on LAYER metal8 = 7215 um.
Total wire length on LAYER metal9 = 2419 um.
Total wire length on LAYER metal10 = 412 um.
Total number of vias = 1174364.
Up-via summary (total 1174364):

------------------
 active          0
 metal1     553481
 metal2     545343
 metal3      49778
 metal4      19774
 metal5       5254
 metal6        572
 metal7        120
 metal8         38
 metal9          4
------------------
       1174364


[INFO DRT-0195] Start 4th guides tiles iteration.
    Completing 10% with 98 violations.
    elapsed time = 00:00:00, memory = 8834.62 (MB).
    Completing 20% with 98 violations.
    elapsed time = 00:00:00, memory = 8834.62 (MB).
    Completing 30% with 98 violations.
    elapsed time = 00:00:00, memory = 8834.62 (MB).
    Completing 40% with 98 violations.
    elapsed time = 00:00:00, memory = 8794.59 (MB).
    Completing 50% with 14 violations.
    elapsed time = 00:00:00, memory = 8794.59 (MB).
    Completing 60% with 14 violations.
    elapsed time = 00:00:00, memory = 8794.59 (MB).
    Completing 70% with 14 violations.
    elapsed time = 00:00:00, memory = 8794.59 (MB).
    Completing 80% with 14 violations.
    elapsed time = 00:00:00, memory = 8794.59 (MB).
    Completing 90% with 3 violations.
    elapsed time = 00:00:00, memory = 8794.59 (MB).
    Completing 100% with 3 violations.
    elapsed time = 00:00:00, memory = 8794.59 (MB).
[INFO DRT-0199]   Number of violations = 3.
Viol/Layer      metal2
Metal Spacing        1
Short                2
[INFO DRT-0267] cpu time = 00:00:05, elapsed time = 00:00:00, memory = 8794.59 (MB), peak = 9146.86 (MB)
Total wire length = 4589838 um.
Total wire length on LAYER metal1 = 0 um.
Total wire length on LAYER metal2 = 1318569 um.
Total wire length on LAYER metal3 = 1691008 um.
Total wire length on LAYER metal4 = 816372 um.
Total wire length on LAYER metal5 = 481296 um.
Total wire length on LAYER metal6 = 252022 um.
Total wire length on LAYER metal7 = 20522 um.
Total wire length on LAYER metal8 = 7215 um.
Total wire length on LAYER metal9 = 2419 um.
Total wire length on LAYER metal10 = 412 um.
Total number of vias = 1174401.
Up-via summary (total 1174401):

------------------
 active          0
 metal1     553481
 metal2     545357
 metal3      49805
 metal4      19770
 metal5       5254
 metal6        572
 metal7        120
 metal8         38
 metal9          4
------------------
       1174401


[INFO DRT-0195] Start 5th guides tiles iteration.
    Completing 20% with 3 violations.
    elapsed time = 00:00:00, memory = 8794.59 (MB).
    Completing 50% with 3 violations.
    elapsed time = 00:00:00, memory = 8794.59 (MB).
    Completing 70% with 2 violations.
    elapsed time = 00:00:00, memory = 8794.59 (MB).
    Completing 100% with 2 violations.
    elapsed time = 00:00:00, memory = 8794.59 (MB).
[INFO DRT-0199]   Number of violations = 2.
Viol/Layer      metal2
Short                2
[INFO DRT-0267] cpu time = 00:00:00, elapsed time = 00:00:00, memory = 8794.77 (MB), peak = 9146.86 (MB)
Total wire length = 4589836 um.
Total wire length on LAYER metal1 = 0 um.
Total wire length on LAYER metal2 = 1318568 um.
Total wire length on LAYER metal3 = 1691007 um.
Total wire length on LAYER metal4 = 816372 um.
Total wire length on LAYER metal5 = 481296 um.
Total wire length on LAYER metal6 = 252022 um.
Total wire length on LAYER metal7 = 20522 um.
Total wire length on LAYER metal8 = 7215 um.
Total wire length on LAYER metal9 = 2419 um.
Total wire length on LAYER metal10 = 412 um.
Total number of vias = 1174399.
Up-via summary (total 1174399):

------------------
 active          0
 metal1     553481
 metal2     545355
 metal3      49805
 metal4      19770
 metal5       5254
 metal6        572
 metal7        120
 metal8         38
 metal9          4
------------------
       1174399


[INFO DRT-0195] Start 6th guides tiles iteration.
    Completing 50% with 2 violations.
    elapsed time = 00:00:00, memory = 8794.77 (MB).
    Completing 100% with 2 violations.
    elapsed time = 00:00:00, memory = 8794.77 (MB).
[INFO DRT-0199]   Number of violations = 2.
Viol/Layer      metal2
Short                2
[INFO DRT-0267] cpu time = 00:00:00, elapsed time = 00:00:00, memory = 8794.77 (MB), peak = 9146.86 (MB)
Total wire length = 4589836 um.
Total wire length on LAYER metal1 = 0 um.
Total wire length on LAYER metal2 = 1318568 um.
Total wire length on LAYER metal3 = 1691007 um.
Total wire length on LAYER metal4 = 816372 um.
Total wire length on LAYER metal5 = 481296 um.
Total wire length on LAYER metal6 = 252022 um.
Total wire length on LAYER metal7 = 20522 um.
Total wire length on LAYER metal8 = 7215 um.
Total wire length on LAYER metal9 = 2419 um.
Total wire length on LAYER metal10 = 412 um.
Total number of vias = 1174399.
Up-via summary (total 1174399):

------------------
 active          0
 metal1     553481
 metal2     545355
 metal3      49805
 metal4      19770
 metal5       5254
 metal6        572
 metal7        120
 metal8         38
 metal9          4
------------------
       1174399


[INFO DRT-0195] Start 7th stubborn tiles iteration.
    Completing 10% with 2 violations.
    elapsed time = 00:00:00, memory = 8794.77 (MB).
    Completing 20% with 2 violations.
    elapsed time = 00:00:00, memory = 8794.77 (MB).
    Completing 30% with 2 violations.
    elapsed time = 00:00:00, memory = 8794.77 (MB).
    Completing 40% with 2 violations.
    elapsed time = 00:00:00, memory = 8794.77 (MB).
    Completing 50% with 2 violations.
    elapsed time = 00:00:00, memory = 8794.77 (MB).
    Completing 60% with 2 violations.
    elapsed time = 00:00:00, memory = 8794.77 (MB).
    Completing 70% with 2 violations.
    elapsed time = 00:00:00, memory = 8794.77 (MB).
    Completing 80% with 2 violations.
    elapsed time = 00:00:00, memory = 8794.77 (MB).
    Completing 90% with 2 violations.
    elapsed time = 00:00:00, memory = 8794.77 (MB).
    Completing 100% with 0 violations.
    elapsed time = 00:00:00, memory = 8794.77 (MB).
[INFO DRT-0199]   Number of violations = 0.
[INFO DRT-0267] cpu time = 00:00:16, elapsed time = 00:00:01, memory = 8794.77 (MB), peak = 9146.86 (MB)
Total wire length = 4589836 um.
Total wire length on LAYER metal1 = 0 um.
Total wire length on LAYER metal2 = 1318570 um.
Total wire length on LAYER metal3 = 1691008 um.
Total wire length on LAYER metal4 = 816370 um.
Total wire length on LAYER metal5 = 481296 um.
Total wire length on LAYER metal6 = 252022 um.
Total wire length on LAYER metal7 = 20522 um.
Total wire length on LAYER metal8 = 7215 um.
Total wire length on LAYER metal9 = 2419 um.
Total wire length on LAYER metal10 = 412 um.
Total number of vias = 1174399.
Up-via summary (total 1174399):

------------------
 active          0
 metal1     553481
 metal2     545356
 metal3      49804
 metal4      19770
 metal5       5254
 metal6        572
 metal7        120
 metal8         38
 metal9          4
------------------
       1174399


[INFO DRT-0198] Complete detail routing.
Total wire length = 4589836 um.
Total wire length on LAYER metal1 = 0 um.
Total wire length on LAYER metal2 = 1318570 um.
Total wire length on LAYER metal3 = 1691008 um.
Total wire length on LAYER metal4 = 816370 um.
Total wire length on LAYER metal5 = 481296 um.
Total wire length on LAYER metal6 = 252022 um.
Total wire length on LAYER metal7 = 20522 um.
Total wire length on LAYER metal8 = 7215 um.
Total wire length on LAYER metal9 = 2419 um.
Total wire length on LAYER metal10 = 412 um.
Total number of vias = 1174399.
Up-via summary (total 1174399):

------------------
 active          0
 metal1     553481
 metal2     545356
 metal3      49804
 metal4      19770
 metal5       5254
 metal6        572
 metal7        120
 metal8         38
 metal9          4
------------------
       1174399


[INFO DRT-0267] cpu time = 01:17:34, elapsed time = 00:03:13, memory = 8794.77 (MB), peak = 9146.86 (MB)

[INFO DRT-0180] Post processing.
[INFO DRT-0501] Runtime: 242.84s
Took 243 seconds: detailed_route -output_drc /tmp/workspace/scripts-Private_test-fr_cugr_cmp-1-/reports/nangate45/mempool_group/base/5_route_drc.rpt -output_maze /tmp/workspace/scripts-Private_test-fr_cugr_cmp-1-/results/nangate45/mempool_group/base/maze.log -droute_end_iter 64 -verbose 1 -drc_report_iter_step 5
[WARNING GRT-0246] No diode with LEF class CORE ANTENNACELL found.
[INFO ANT-0002] Found 0 net violations.
[INFO ANT-0001] Found 0 pin violations.
[INFO ANT-0002] Found 0 net violations.
[INFO ANT-0001] Found 0 pin violations.
Design area 389900 um^2 34% utilization.
write_db /tmp/workspace/scripts-Private_test-fr_cugr_cmp-1-/results/nangate45/mempool_group/base/5_2_route.odb
Elapsed time: 4:15.05[h:]min:sec. CPU time: user 5851.20 sys 3.08 (2295%). Peak memory: 9366388KB.
Log                       Ext     Elapsed/s Peak Memory/MB sha1sum result [0:20)
5_2_route                 .odb          255           9146 97ae9c5c6ee0ba6baa43
