OpenROAD 26Q3-1464-gb22abfea20 
Features included (+) or not (-): +GPU +GUI +Python
This program is licensed under the BSD-3 license. See the LICENSE file for details.
Components of this program may be licensed under more restrictive licenses which must be honored.
[INFO ORD-0030] Using 32 thread(s).
read_liberty ./platforms/nangate45/lib/NangateOpenCellLibrary_typical.lib
read_liberty ./platforms/nangate45/lib/fakeram45_256x32.lib
read_liberty ./platforms/nangate45/lib/fakeram45_64x64.lib
read_db /tmp/workspace/scripts-Private_test-fr_cugr_cmp-1-/results/nangate45/mempool_group/base/6_1_fill.odb
read_sdc /tmp/workspace/scripts-Private_test-fr_cugr_cmp-1-/results/nangate45/mempool_group/base/6_1_fill.sdc
source ./platforms/nangate45/setRC.tcl
[WARNING STA-0450] virtual clock vclk_i can not be propagated.
write_db /tmp/workspace/scripts-Private_test-fr_cugr_cmp-1-/results/nangate45/mempool_group/base/6_final.odb
write_sdc -no_timestamp /tmp/workspace/scripts-Private_test-fr_cugr_cmp-1-/results/nangate45/mempool_group/base/6_final.sdc
Deleted 0 routing obstructions
[INFO RCX-0431] Defined process_corner X with ext_model_index 0
[INFO RCX-0029] Defined extraction corner X
[WARNING RCX-0514] The ext_model_file option is deprecated. Use set_extraction_rules_file command instead.
[INFO RCX-0435] Reading extraction model file ./platforms/nangate45/rcx_patterns.rules ...
[INFO RCX-0436] RC segment generation mempool_group (max_merge_res 50.0) ...
[INFO RCX-0040] Final 745087 rc segments
[INFO RCX-0439] Coupling Cap extraction mempool_group ...
[INFO RCX-0440] Coupling threshhold is 0.1000 fF, coupling capacitance less than 0.1000 fF will be grounded.
[INFO RCX-0442] 10% of 1143683 wires extracted
[INFO RCX-0442] 17% of 1143683 wires extracted
[INFO RCX-0442] 25% of 1143683 wires extracted
[INFO RCX-0442] 32% of 1143683 wires extracted
[INFO RCX-0442] 39% of 1143683 wires extracted
[INFO RCX-0442] 48% of 1143683 wires extracted
[INFO RCX-0442] 58% of 1143683 wires extracted
[INFO RCX-0442] 66% of 1143683 wires extracted
[INFO RCX-0442] 74% of 1143683 wires extracted
[INFO RCX-0442] 82% of 1143683 wires extracted
[INFO RCX-0442] 90% of 1143683 wires extracted
[INFO RCX-0442] 100% of 1143683 wires extracted
[INFO RCX-0045] Extract 179936 nets, 912626 rsegs, 912626 caps, 1855785 ccs
[INFO RCX-0042] 100000 nets finished
[INFO RCX-0443] 179936 nets finished
[INFO PSM-0040] All shapes on net VDD are connected.
########## IR report #################
Net              : VDD
Corner           : default
Total power      : 2.69e-01 W
Supply voltage   : 1.10e+00 V
Worstcase voltage: 1.09e+00 V
Average voltage  : 1.10e+00 V
Average IR drop  : 1.30e-03 V
Worstcase IR drop: 1.12e-02 V
Percentage drop  : 1.01 %
######################################
[INFO PSM-0040] All shapes on net VSS are connected.
########## IR report #################
Net              : VSS
Corner           : default
Total power      : 2.69e-01 W
Supply voltage   : 0.00e+00 V
Worstcase voltage: 9.82e-03 V
Average voltage  : 1.30e-03 V
Average IR drop  : 1.30e-03 V
Worstcase IR drop: 9.82e-03 V
Percentage drop  : 0.89 %
######################################
Cell type report:                        Count         Area
  Macro                                     20    100432.78
  Fill cell                             296566    767062.34
  Tap cell                                5264      1400.22
  Clock buffer                            5219      6235.04
  Timing Repair Buffer                   27042     31296.50
  Inverter                                6024      3244.67
  Clock inverter                          1312       963.72
  Sequential cell                        18548     80333.33
  Multi-Input combinational cell        102389    165993.58
  Total                                 462384   1156962.17
Report metrics stage 6, finish...

==========================================================================
finish report_design_area
--------------------------------------------------------------------------
Design area 389900 um^2 34% utilization.
[WARNING GUI-0076] QStandardPaths: XDG_RUNTIME_DIR not set, defaulting to '/tmp/runtime-root'
Elapsed time: 3:27.56[h:]min:sec. CPU time: user 741.62 sys 93.67 (402%). Peak memory: 3785740KB.
Log                       Ext     Elapsed/s Peak Memory/MB sha1sum result [0:20)
6_report                                207           3697                  N/A
