OpenROAD 26Q3-1464-gb22abfea20 
Features included (+) or not (-): +GPU +GUI +Python
This program is licensed under the BSD-3 license. See the LICENSE file for details.
Components of this program may be licensed under more restrictive licenses which must be honored.
[INFO ORD-0030] Using 32 thread(s).
source ./platforms/asap7/liberty_suppressions.tcl
read_liberty ./platforms/asap7/lib/NLDM/asap7sc7p5t_AO_LVT_FF_nldm_211120.lib.gz
read_liberty ./platforms/asap7/lib/NLDM/asap7sc7p5t_INVBUF_LVT_FF_nldm_220122.lib.gz
read_liberty ./platforms/asap7/lib/NLDM/asap7sc7p5t_OA_LVT_FF_nldm_211120.lib.gz
read_liberty ./platforms/asap7/lib/NLDM/asap7sc7p5t_SIMPLE_LVT_FF_nldm_211120.lib.gz
read_liberty ./platforms/asap7/lib/NLDM/asap7sc7p5t_SEQ_LVT_FF_nldm_220123.lib
read_db /tmp/workspace/scripts-Private_test-fr_cugr_cmp-1-/results/asap7/aes_lvt/base/3_place.odb
read_sdc /tmp/workspace/scripts-Private_test-fr_cugr_cmp-1-/results/asap7/aes_lvt/base/3_place.sdc
source ./platforms/asap7/setRC.tcl
clock_tree_synthesis -sink_clustering_enable -repair_clock_nets
[INFO CTS-0050] Root buffer is BUFx16f_ASAP7_75t_L.
[INFO CTS-0051] Sink buffer is BUFx24_ASAP7_75t_L.
[INFO CTS-0052] The following clock buffers will be used for CTS:
                    BUFx16f_ASAP7_75t_L
                    BUFx24_ASAP7_75t_L
[INFO CTS-0049] Characterization buffer is BUFx24_ASAP7_75t_L.
[INFO CTS-0007] Net "clk" found for clock "clk".
[INFO CTS-0010]  Clock net "clk" has 530 sinks.
[INFO CTS-0008] TritonCTS found 1 clock nets.
[INFO CTS-0097] Characterization used 2 buffer(s) types.
[INFO CTS-0201] 0 blockages from hard placement blockages and placed macros will be used.
[INFO CTS-0027] Generating H-Tree topology for net clk.
[INFO CTS-0028]  Total number of sinks: 530.
[INFO CTS-0090]  Sinks will be clustered based on buffer max cap.
[INFO CTS-0030]  Number of static layers: 0.
[INFO CTS-0020]  Wire segment unit: 1350  dbu (1 um).
[INFO CTS-0206] Best clustering solution was found from max clustering size of 26 and max clustering diameter of 31.
[INFO CTS-0019]  Total number of sinks after clustering: 31.
[INFO CTS-0024]  Normalized sink region: [(2.8763, 3.1), (43.0499, 42.7727)].
[INFO CTS-0025]     Width:  40.1736.
[INFO CTS-0026]     Height: 39.6727.
 Level 1
    Direction: Horizontal
    Sinks per sub-region: 16
    Sub-region size: 20.0868 X 39.6727
[INFO CTS-0034]     Segment length (rounded): 10.
 Level 2
    Direction: Vertical
    Sinks per sub-region: 8
    Sub-region size: 20.0868 X 19.8364
[INFO CTS-0034]     Segment length (rounded): 10.
[INFO CTS-0038]  Stop criterion found. Sink region hpwl is smaller than max wirelength (124.954 um) and max number of sinks is 15.
[INFO CTS-0035]  Number of sinks covered: 31.
[INFO CTS-0018]     Created 36 clock buffers.
[INFO CTS-0012]     Minimum number of buffers in the clock path: 3.
[INFO CTS-0013]     Maximum number of buffers in the clock path: 3.
[INFO CTS-0015]     Created 36 clock nets.
[INFO CTS-0016]     Fanout distribution for the current clock = 6:1, 7:4, 10:1, 11:1, 12:2, 13:3, 14:1, 15:3, 16:2, 17:3, 18:2, 19:3, 20:1, 21:2, 23:1, 24:3, 25:1, 26:1..
[INFO CTS-0017]     Max level of the clock tree: 2.
[INFO CTS-0098] Clock net "clk"
[INFO CTS-0099]  Sinks 560
[INFO CTS-0100]  Leaf buffers 31
[INFO CTS-0101]  Average sink wire length 85.06 um
[INFO CTS-0102]  Path depth 2 - 3
[INFO CTS-0207]  Dummy loads inserted 30
[INFO CTS-0500] Runtime: 1.71s
estimate_parasitics -placement
detailed_placement
[INFO DPL-0006] Core area: 3480.39 um^2
[INFO DPL-0007] Movable instances area: 1291.02 um^2
[INFO DPL-0008] Fixed instances area within core: 19.13 um^2
[INFO DPL-0009] Utilization: 37.6%
[INFO DPL-0005] Diamond search max displacement: +/- 500 sites horizontally, +/- 100 rows vertically.
[INFO DPL-1102] Legalizing using negotiation legalizer.
[INFO DPL-1103] Negotiation base search window: +/-20 sites horizontally, +/-5 rows vertically 
	Automatic search window extension enabled.
	Search window extendable up to the max displacement cap of +/-500 sites, +/-100 rows near walls.
[INFO DPL-1104] NegotiationLegalizer DRC penalty: 5.
[INFO DPL-0392] Negotiation cell height distribution (1 unique row-count(s)):
[INFO DPL-0393]   height 1 row(s): 11654 cells
          |      Total |  Illegal |  Illegal
Iteration | Violations |    Cells |    Sites
---------------------------------------------
        0 |         77 |        13 |        64
        1 |          0 |         0 |         0
Negotiation phase 1 converged at iteration 1.
[INFO DPL-0500] Runtime: 0.05s
Placement Analysis
---------------------------------
total displacement       1586.0 u
average displacement        0.1 u
max displacement            2.2 u
original HPWL           40421.9 u
legalized HPWL          41229.2 u
delta HPWL                    2 %

estimate_parasitics -placement
repair_timing -setup_margin 0 -hold_margin 0 -repair_tns 100 -verbose
[INFO RSZ-0100] Repair move sequence: UnbufferMove SizeUpMove SwapPinsMove BufferMove CloneMove SplitLoadMove 
[INFO RSZ-0098] No setup violations found
[INFO RSZ-0505] Runtime: 0.21s
[INFO RSZ-0033] No hold violations found.
[INFO RSZ-0506] Runtime: 0.04s
Repair timing output passed lec test
detailed_placement
[INFO DPL-0006] Core area: 3480.39 um^2
[INFO DPL-0007] Movable instances area: 1291.02 um^2
[INFO DPL-0008] Fixed instances area within core: 19.13 um^2
[INFO DPL-0009] Utilization: 37.6%
[INFO DPL-0005] Diamond search max displacement: +/- 500 sites horizontally, +/- 100 rows vertically.
[INFO DPL-1102] Legalizing using negotiation legalizer.
[INFO DPL-1103] Negotiation base search window: +/-20 sites horizontally, +/-5 rows vertically 
	Automatic search window extension enabled.
	Search window extendable up to the max displacement cap of +/-500 sites, +/-100 rows near walls.
[INFO DPL-1104] NegotiationLegalizer DRC penalty: 5.
[INFO DPL-0392] Negotiation cell height distribution (1 unique row-count(s)):
[INFO DPL-0393]   height 1 row(s): 11654 cells
[INFO DPL-0500] Runtime: 0.04s
Placement Analysis
---------------------------------
total displacement          0.0 u
average displacement        0.0 u
max displacement            0.0 u
original HPWL           41229.2 u
legalized HPWL          41229.2 u
delta HPWL                    0 %

estimate_parasitics -placement
Report metrics stage 4, cts final...

==========================================================================
cts final report_design_area
--------------------------------------------------------------------------
Design area 1310 um^2 38% utilization.
write_db /tmp/workspace/scripts-Private_test-fr_cugr_cmp-1-/results/asap7/aes_lvt/base/4_1_cts.odb
write_sdc -no_timestamp /tmp/workspace/scripts-Private_test-fr_cugr_cmp-1-/results/asap7/aes_lvt/base/4_cts.sdc
Elapsed time: 0:07.02[h:]min:sec. CPU time: user 11.14 sys 8.03 (272%). Peak memory: 303320KB.
Log                       Ext     Elapsed/s Peak Memory/MB sha1sum result [0:20)
4_1_cts                   .odb            7            296 158a25069f4aaa4e568f
