OpenROAD 26Q3-1464-gb22abfea20 
Features included (+) or not (-): +GPU +GUI +Python
This program is licensed under the BSD-3 license. See the LICENSE file for details.
Components of this program may be licensed under more restrictive licenses which must be honored.
[INFO ORD-0030] Using 32 thread(s).
source ./platforms/asap7/liberty_suppressions.tcl
read_liberty ./platforms/asap7/lib/NLDM/asap7sc7p5t_AO_LVT_FF_nldm_211120.lib.gz
read_liberty ./platforms/asap7/lib/NLDM/asap7sc7p5t_INVBUF_LVT_FF_nldm_220122.lib.gz
read_liberty ./platforms/asap7/lib/NLDM/asap7sc7p5t_OA_LVT_FF_nldm_211120.lib.gz
read_liberty ./platforms/asap7/lib/NLDM/asap7sc7p5t_SIMPLE_LVT_FF_nldm_211120.lib.gz
read_liberty ./platforms/asap7/lib/NLDM/asap7sc7p5t_SEQ_LVT_FF_nldm_220123.lib
read_db /tmp/workspace/scripts-Private_test-fr_cugr_cmp-1-/results/asap7/aes_lvt/base/6_1_fill.odb
read_sdc /tmp/workspace/scripts-Private_test-fr_cugr_cmp-1-/results/asap7/aes_lvt/base/6_1_fill.sdc
source ./platforms/asap7/setRC.tcl
write_db /tmp/workspace/scripts-Private_test-fr_cugr_cmp-1-/results/asap7/aes_lvt/base/6_final.odb
write_sdc -no_timestamp /tmp/workspace/scripts-Private_test-fr_cugr_cmp-1-/results/asap7/aes_lvt/base/6_final.sdc
Deleted 0 routing obstructions
[INFO RCX-0431] Defined process_corner X with ext_model_index 0
[INFO RCX-0029] Defined extraction corner X
[WARNING RCX-0514] The ext_model_file option is deprecated. Use set_extraction_rules_file command instead.
[INFO RCX-0435] Reading extraction model file ./platforms/asap7/rcx_patterns.rules ...
[INFO RCX-0436] RC segment generation aes_cipher_top (max_merge_res 50.0) ...
[INFO RCX-0040] Final 97623 rc segments
[INFO RCX-0439] Coupling Cap extraction aes_cipher_top ...
[INFO RCX-0440] Coupling threshhold is 0.1000 fF, coupling capacitance less than 0.1000 fF will be grounded.
[INFO RCX-0442] 56% of 106910 wires extracted
[INFO RCX-0442] 100% of 106910 wires extracted
[INFO RCX-0045] Extract 11227 nets, 108850 rsegs, 108850 caps, 165708 ccs
[INFO RCX-0443] 11227 nets finished
[INFO PSM-0040] All shapes on net VDD are connected.
########## IR report #################
Net              : VDD
Corner           : default
Total power      : 8.75e-02 W
Supply voltage   : 7.70e-01 V
Worstcase voltage: 7.47e-01 V
Average voltage  : 7.65e-01 V
Average IR drop  : 4.84e-03 V
Worstcase IR drop: 2.34e-02 V
Percentage drop  : 3.04 %
######################################
[INFO PSM-0040] All shapes on net VSS are connected.
########## IR report #################
Net              : VSS
Corner           : default
Total power      : 8.75e-02 W
Supply voltage   : 0.00e+00 V
Worstcase voltage: 2.22e-02 V
Average voltage  : 4.82e-03 V
Average IR drop  : 4.82e-03 V
Worstcase IR drop: 2.22e-02 V
Percentage drop  : 2.88 %
######################################
Cell type report:                       Count       Area
  Fill cell                             16216    2170.23
  Tap cell                                656      19.13
  Clock buffer                             41      16.21
  Timing Repair Buffer                    905      81.06
  Inverter                                170       9.11
  Clock inverter                           25       6.15
  Sequential cell                         530     157.48
  Multi-Input combinational cell         9327    1021.01
  Total                                 27870    3480.39
Report metrics stage 6, finish...

==========================================================================
finish report_design_area
--------------------------------------------------------------------------
Design area 1310 um^2 38% utilization.
[WARNING GUI-0076] QStandardPaths: XDG_RUNTIME_DIR not set, defaulting to '/tmp/runtime-root'
Elapsed time: 0:10.52[h:]min:sec. CPU time: user 12.87 sys 5.75 (177%). Peak memory: 585720KB.
Log                       Ext     Elapsed/s Peak Memory/MB sha1sum result [0:20)
6_report                                 10            571                  N/A
