[2026-08-20 04:17:17.406] [miter_logger] [info] MiterStrategy::run starting
[2026-08-20 04:17:17.406] [miter_logger] [info] Collecting POs for design 0: aes_cipher_top

[2026-08-20 04:17:17.437] [miter_logger] [info] Collected 1383 PIs for design 0

[2026-08-20 04:17:17.437] [miter_logger] [info] Collected 1253 POs for design 0

[2026-08-20 04:17:17.437] [miter_logger] [info] design 0 PI summary by model/term (1383 total terminals, 9 unique rows):
| Model          | Term    | Count |
|----------------|---------|-------|
| DFF_X1         | Q       |   561 |
| DFF_X1         | QN      |   561 |
| aes_cipher_top | key     |   128 |
| aes_cipher_top | text_in |   128 |
| DFF_X2         | Q       |     1 |
| DFF_X2         | QN      |     1 |
| aes_cipher_top | clk     |     1 |
| aes_cipher_top | ld      |     1 |
| aes_cipher_top | rst     |     1 |

[2026-08-20 04:17:17.437] [miter_logger] [info] design 0 PO summary by model/term (1253 total terminals, 6 unique rows):
| Model          | Term     | Count |
|----------------|----------|-------|
| DFF_X1         | CK       |   561 |
| DFF_X1         | D        |   561 |
| aes_cipher_top | text_out |   128 |
| DFF_X2         | CK       |     1 |
| DFF_X2         | D        |     1 |
| aes_cipher_top | done     |     1 |

[2026-08-20 04:17:17.438] [miter_logger] [info] Collecting POs for design 1: aes_cipher_top

[2026-08-20 04:17:17.470] [miter_logger] [info] size of common inputs: 1383
[2026-08-20 04:17:17.470] [miter_logger] [info] size of diff0 inputs: 0
[2026-08-20 04:17:17.470] [miter_logger] [info] size of diff1 inputs: 0
[2026-08-20 04:17:17.470] [miter_logger] [info] Collected 1383 PIs for design 1

[2026-08-20 04:17:17.470] [miter_logger] [info] Collected 1253 POs for design 1

[2026-08-20 04:17:17.470] [miter_logger] [info] design 1 PI summary by model/term (1383 total terminals, 9 unique rows):
| Model          | Term    | Count |
|----------------|---------|-------|
| DFF_X1         | Q       |   560 |
| DFF_X1         | QN      |   560 |
| aes_cipher_top | key     |   128 |
| aes_cipher_top | text_in |   128 |
| DFF_X2         | Q       |     2 |
| DFF_X2         | QN      |     2 |
| aes_cipher_top | clk     |     1 |
| aes_cipher_top | ld      |     1 |
| aes_cipher_top | rst     |     1 |

[2026-08-20 04:17:17.470] [miter_logger] [info] design 1 PO summary by model/term (1253 total terminals, 6 unique rows):
| Model          | Term     | Count |
|----------------|----------|-------|
| DFF_X1         | CK       |   560 |
| DFF_X1         | D        |   560 |
| aes_cipher_top | text_out |   128 |
| DFF_X2         | CK       |     2 |
| DFF_X2         | D        |     2 |
| aes_cipher_top | done     |     1 |

[2026-08-20 04:17:17.470] [miter_logger] [info] normalizeInputs: starting
[2026-08-20 04:17:17.471] [miter_logger] [info] size of common inputs: 1383
[2026-08-20 04:17:17.471] [miter_logger] [info] size of diff0 inputs: 0
[2026-08-20 04:17:17.471] [miter_logger] [info] size of diff1 inputs: 0
[2026-08-20 04:17:17.471] [miter_logger] [info] normalizeOutputs: starting
[2026-08-20 04:17:17.472] [miter_logger] [info] size of common outputs: 1253
[2026-08-20 04:17:17.472] [miter_logger] [info] size of diff0 outputs: 0
[2026-08-20 04:17:17.472] [miter_logger] [info] size of diff1 outputs: 0
[2026-08-20 04:17:17.472] [miter_logger] [info] size of PIs in circuit 0: 1383
[2026-08-20 04:17:17.472] [miter_logger] [info] size of PIs in circuit 1: 1383
[2026-08-20 04:17:17.472] [miter_logger] [info] size of POs in circuit 0: 1253
[2026-08-20 04:17:17.472] [miter_logger] [info] size of POs in circuit 1: 1253
[2026-08-20 04:17:17.700] [miter_logger] [info] Building miter expression
[2026-08-20 04:17:17.700] [miter_logger] [info] Finished building miter expression
[2026-08-20 04:17:17.700] [miter_logger] [info] Starting solver
[2026-08-20 04:17:17.700] [miter_logger] [info] SAT solver finished: UNSAT
[2026-08-20 04:17:17.700] [miter_logger] [info] Circuits are IDENTICAL
