OpenROAD 26Q3-1464-gb22abfea20 
Features included (+) or not (-): +GPU +GUI +Python
This program is licensed under the BSD-3 license. See the LICENSE file for details.
Components of this program may be licensed under more restrictive licenses which must be honored.
[INFO ORD-0030] Using 30 thread(s).
read_liberty ./platforms/nangate45/lib/NangateOpenCellLibrary_typical.lib
read_db -hier /tmp/workspace/scripts-Private_test-fr_cugr_cmp-2-/results/nangate45/dynamic_node/base/6_1_fill.odb
[WARNING ORD-0012] Hierarchical flow (-hier) is currently in development and may cause multiple issues. Do not use in production environments.
read_sdc /tmp/workspace/scripts-Private_test-fr_cugr_cmp-2-/results/nangate45/dynamic_node/base/6_1_fill.sdc
source ./platforms/nangate45/setRC.tcl
[WARNING STA-0450] virtual clock vclk can not be propagated.
write_db /tmp/workspace/scripts-Private_test-fr_cugr_cmp-2-/results/nangate45/dynamic_node/base/6_final.odb
write_sdc -no_timestamp /tmp/workspace/scripts-Private_test-fr_cugr_cmp-2-/results/nangate45/dynamic_node/base/6_final.sdc
Deleted 0 routing obstructions
[INFO RCX-0431] Defined process_corner X with ext_model_index 0
[INFO RCX-0029] Defined extraction corner X
[WARNING RCX-0514] The ext_model_file option is deprecated. Use set_extraction_rules_file command instead.
[INFO RCX-0435] Reading extraction model file ./platforms/nangate45/rcx_patterns.rules ...
[INFO RCX-0436] RC segment generation dynamic_node_top_wrap (max_merge_res 50.0) ...
[INFO RCX-0040] Final 51049 rc segments
[INFO RCX-0439] Coupling Cap extraction dynamic_node_top_wrap ...
[INFO RCX-0440] Coupling threshhold is 0.1000 fF, coupling capacitance less than 0.1000 fF will be grounded.
[INFO RCX-0442] 48% of 86883 wires extracted
[INFO RCX-0442] 100% of 86883 wires extracted
[INFO RCX-0045] Extract 13872 nets, 62676 rsegs, 62676 caps, 137587 ccs
[INFO RCX-0443] 13872 nets finished
[INFO PSM-0040] All shapes on net VDD are connected.
########## IR report #################
Net              : VDD
Corner           : default
Total power      : 9.33e-03 W
Supply voltage   : 1.10e+00 V
Worstcase voltage: 1.10e+00 V
Average voltage  : 1.10e+00 V
Average IR drop  : 1.10e-03 V
Worstcase IR drop: 2.81e-03 V
Percentage drop  : 0.26 %
######################################
[INFO PSM-0040] All shapes on net VSS are connected.
########## IR report #################
Net              : VSS
Corner           : default
Total power      : 9.33e-03 W
Supply voltage   : 0.00e+00 V
Worstcase voltage: 1.75e-03 V
Average voltage  : 9.43e-04 V
Average IR drop  : 9.43e-04 V
Worstcase IR drop: 1.75e-03 V
Percentage drop  : 0.16 %
######################################
Cell type report:                       Count       Area
  Fill cell                             15688   31407.15
  Tap cell                                413     109.86
  Clock buffer                            513     607.28
  Timing Repair Buffer                   1083    1059.74
  Inverter                                 88      56.13
  Clock inverter                          102      64.37
  Sequential cell                        2245   10160.40
  Multi-Input combinational cell         7483   10256.43
  Total                                 27615   53721.36
Report metrics stage 6, finish...

==========================================================================
finish report_design_area
--------------------------------------------------------------------------
Design area 22314 um^2 42% utilization.
[WARNING GUI-0076] QStandardPaths: XDG_RUNTIME_DIR not set, defaulting to '/tmp/runtime-root'
Elapsed time: 0:14.04[h:]min:sec. CPU time: user 18.36 sys 9.70 (199%). Peak memory: 435024KB.
Log                       Ext     Elapsed/s Peak Memory/MB sha1sum result [0:20)
6_report                                 14            424                  N/A
