OpenROAD 26Q3-1464-gb22abfea20 
Features included (+) or not (-): +GPU +GUI +Python
This program is licensed under the BSD-3 license. See the LICENSE file for details.
Components of this program may be licensed under more restrictive licenses which must be honored.
[INFO ORD-0030] Using 30 thread(s).
read_liberty ./platforms/sky130hs/lib/sky130_fd_sc_hs__tt_025C_1v80.lib
read_db -hier /tmp/workspace/scripts-Private_test-fr_cugr_cmp-1-/results/sky130hs/riscv32i/base/1_synth.odb
[WARNING ORD-0012] Hierarchical flow (-hier) is currently in development and may cause multiple issues. Do not use in production environments.
read_sdc /tmp/workspace/scripts-Private_test-fr_cugr_cmp-1-/results/sky130hs/riscv32i/base/1_synth.sdc
source ./platforms/sky130hs/setRC.tcl

==========================================================================
Floorplan check_setup
--------------------------------------------------------------------------
Warning: There are 65 input ports missing set_input_delay.
Warning: There are 995 unconstrained endpoints.
number instances in verilog is 4527
[INFO IFP-0107] Defining die area using utilization: 60.00% and aspect ratio: 1.
[WARNING IFP-0028] Core area lower left (1.000, 1.000) snapped to (1.440, 3.330).
[INFO IFP-0001] Added 113 rows of 788 site unit.
[INFO IFP-0100] Die BBox:  (  0.000  0.000 ) ( 380.825 380.825 ) um
[INFO IFP-0101] Core BBox: (  1.440  3.330 ) ( 379.680 379.620 ) um
[INFO IFP-0102] Core area:                       142327.930 um^2
[INFO IFP-0103] Total instances area:             86105.808 um^2
[INFO IFP-0104] Effective utilization:                0.605
[INFO IFP-0105] Number of instances:                   4525
source ./platforms/sky130hs/make_tracks.tcl
source /OpenROAD-flow-scripts/flow/designs/sky130hs/riscv32i/fastroute.tcl
Repair tie lo fanout...
[INFO RSZ-0042] Inserted 35 tie sky130_fd_sc_hs__conb_1 instances.
Repair tie hi fanout...
replace_arith_modules -path_count 1000 -target setup -slack_threshold 0.0
[INFO RSZ-0151] Starting arithmetic module replacement to optimize 'setup' target
[INFO RSZ-0152] Analyzing 1000 critical paths with slack < 0.00
[INFO RSZ-0153] Identified 1088 violating endpoints
[INFO RSZ-0154] Identified 1 critical arithmetic instances
[INFO ODB-0496] swapMaster sanity check passed (0 failures)
[INFO RSZ-0160] 1 arithmetic instances have swapped to improve 'setup' target
[INFO RSZ-0026] Removed 0 buffers.
Default units for flow
 time 1ns
 capacitance 1pF
 resistance 1kohm
 voltage 1v
 current 1mA
 power 1nW
 distance 1um
   Layer   | Unit Resistance | Unit Capacitance 
           |       (kohm/um) |          (pF/um)
------------------------------------------------
       li1 |        6.82e-02 |         1.50e-04
      met1 |        1.21e-03 |         1.72e-04
      met2 |        1.22e-03 |         1.36e-04
      met3 |        1.66e-04 |         2.15e-04
      met4 |        1.68e-04 |         1.48e-04
      met5 |        1.84e-05 |         1.54e-04
------------------------------------------------

   Layer   | Via Resistance 
           |         (kohm) 
----------------------------
      mcon |       9.25e-03 
       via |       4.50e-03 
      via2 |       3.37e-03 
      via3 |       3.77e-04 
      via4 |       5.80e-06 
----------------------------
Report metrics stage 2, floorplan final...

==========================================================================
floorplan final report_design_area
--------------------------------------------------------------------------
Design area 86646 um^2 61% utilization.
write_db /tmp/workspace/scripts-Private_test-fr_cugr_cmp-1-/results/sky130hs/riscv32i/base/2_1_floorplan.odb
write_sdc -no_timestamp /tmp/workspace/scripts-Private_test-fr_cugr_cmp-1-/results/sky130hs/riscv32i/base/2_1_floorplan.sdc
Elapsed time: 0:02.33[h:]min:sec. CPU time: user 3.09 sys 1.30 (188%). Peak memory: 180280KB.
Log                       Ext     Elapsed/s Peak Memory/MB sha1sum result [0:20)
2_1_floorplan             .odb            2            176 51109c2572fe164dc08e
2_1_floorplan             .sdc                             39622ffbd74e27386a81
