OpenROAD 26Q3-1464-gb22abfea20 
Features included (+) or not (-): +GPU +GUI +Python
This program is licensed under the BSD-3 license. See the LICENSE file for details.
Components of this program may be licensed under more restrictive licenses which must be honored.
[INFO ORD-0030] Using 30 thread(s).
read_liberty ./platforms/sky130hs/lib/sky130_fd_sc_hs__tt_025C_1v80.lib
read_db -hier /tmp/workspace/scripts-Private_test-fr_cugr_cmp-1-/results/sky130hs/riscv32i/base/2_floorplan.odb
[WARNING ORD-0012] Hierarchical flow (-hier) is currently in development and may cause multiple issues. Do not use in production environments.
read_sdc /tmp/workspace/scripts-Private_test-fr_cugr_cmp-1-/results/sky130hs/riscv32i/base/2_floorplan.sdc
source ./platforms/sky130hs/setRC.tcl
[INFO GPL-0022] Initialize gpl and calculate uniform density.
Placement density is 0.7040000236034394, computed from PLACE_DENSITY_LB_ADDON  0.1 and lower bound 0.6600000262260437
global_placement -skip_io -density 0.7040000236034394 -pad_left 0 -pad_right 0
[INFO GPL-0001] ---- Initialize GPL Main Data Structures
[INFO GPL-0002] DBU: 1000
[INFO GPL-0003] SiteSize: (  0.480  3.330 ) um
[INFO GPL-0004] CoreBBox: (  1.440  3.330 ) ( 379.680 379.620 ) um
[INFO GPL-0016] Core area:                  142327.930 um^2
[INFO GPL-0036] Movable instances area:      86646.067 um^2
[INFO GPL-0037] Total instances area:        89126.784 um^2
[INFO GPL-0035] Pin density area adjust:      5015.427 um^2
[INFO GPL-0032] ---- Initialize Region: Top-level
[INFO GPL-0006] Number of instances:              6204
[INFO GPL-0007] Movable instances:                4652
[INFO GPL-0008] Fixed instances:                  1552
[INFO GPL-0009] Dummy instances:                     0
[INFO GPL-0010] Number of nets:                   4883
[INFO GPL-0011] Number of pins:                  19255
[INFO GPL-0012] Die BBox:       (  0.000  0.000 ) ( 380.825 380.825 ) um
[INFO GPL-0013] Placement BBox: (  1.440  3.330 ) ( 379.680 379.620 ) um
[INFO GPL-0014] Region name: top-level.
[INFO GPL-0015] Region area:                142327.930 um^2
[INFO GPL-0017] Fixed instances area:         2480.717 um^2
[INFO GPL-0018] Movable instances area:      91661.494 um^2
[INFO GPL-0019] Utilization:                    65.544 %
[INFO GPL-0020] Standard cells area:         91661.494 um^2
[INFO GPL-0021] Large instances area:            0.000 um^2
[INFO GPL-0005] ---- Execute Conjugate Gradient Initial Placement.
[INFO GPL-0051] Source of initial instance position counters:
	Odb location = 0	Core center = 4652	Region center = 0
[INFO GPL-0033] ---- Initialize Nesterov Region: Top-level
[INFO GPL-0023] Placement target density:       0.7040
[INFO GPL-0024] Movable insts average area:     19.704 um^2
[INFO GPL-0025] Ideal bin area:                 27.988 um^2
[INFO GPL-0026] Ideal bin count:                  5085
[INFO GPL-0027] Total bin area:             142327.930 um^2
[INFO GPL-0028] Bin count (X, Y):          64 ,     64
[INFO GPL-0029] Bin size (W * H):       5.910 *  5.880 um
[INFO GPL-0030] Number of bins:                   4096
[INFO GPL-0084] ---- Execute Nesterov Global Placement.
[INFO GPL-0031] HPWL: Half-Perimeter Wirelength
Iteration | Overflow |     HPWL (um) |  HPWL(%) |   Penalty | Group
---------------------------------------------------------------
        0 |   0.9978 |  1.411533e+04 |   +0.00% |  3.33e-15 |      
       10 |   0.9967 |  7.093622e+03 |  -49.75% |  5.43e-15 |      
       20 |   0.9967 |  6.961881e+03 |   -1.86% |  8.84e-15 |      
       30 |   0.9967 |  6.922915e+03 |   -0.56% |  1.44e-14 |      
       40 |   0.9967 |  6.914644e+03 |   -0.12% |  2.35e-14 |      
       50 |   0.9966 |  6.921390e+03 |   +0.10% |  3.82e-14 |      
       60 |   0.9966 |  6.953714e+03 |   +0.47% |  6.22e-14 |      
       70 |   0.9964 |  7.031632e+03 |   +1.12% |  1.01e-13 |      
       80 |   0.9958 |  7.200678e+03 |   +2.40% |  1.65e-13 |      
       90 |   0.9956 |  7.552427e+03 |   +4.88% |  2.69e-13 |      
      100 |   0.9952 |  8.249045e+03 |   +9.22% |  4.38e-13 |      
      110 |   0.9930 |  9.532113e+03 |  +15.55% |  7.13e-13 |      
      120 |   0.9920 |  1.183975e+04 |  +24.21% |  1.16e-12 |      
      130 |   0.9847 |  1.639105e+04 |  +38.44% |  1.89e-12 |      
      140 |   0.9749 |  2.065095e+04 |  +25.99% |  3.08e-12 |      
      150 |   0.9686 |  2.436230e+04 |  +17.97% |  5.01e-12 |      
      160 |   0.9564 |  3.023996e+04 |  +24.13% |  8.16e-12 |      
      170 |   0.9365 |  3.749968e+04 |  +24.01% |  1.33e-11 |      
      180 |   0.9159 |  4.411936e+04 |  +17.65% |  2.16e-11 |      
      190 |   0.8913 |  5.150659e+04 |  +16.74% |  3.52e-11 |      
      200 |   0.8592 |  5.943403e+04 |  +15.39% |  5.73e-11 |      
      210 |   0.8247 |  6.734080e+04 |  +13.30% |  9.32e-11 |      
      220 |   0.7842 |  7.511648e+04 |  +11.55% |  1.52e-10 |      
      230 |   0.7446 |  8.306590e+04 |  +10.58% |  2.47e-10 |      
      240 |   0.6983 |  9.096572e+04 |   +9.51% |  4.02e-10 |      
      250 |   0.6520 |  9.912955e+04 |   +8.97% |  6.54e-10 |      
      260 |   0.6066 |  1.064548e+05 |   +7.39% |  1.06e-09 |      
      270 |   0.5669 |  1.122241e+05 |   +5.42% |  1.73e-09 |      
      280 |   0.5245 |  1.169915e+05 |   +4.25% |  2.82e-09 |      
      290 |   0.4756 |  1.214284e+05 |   +3.79% |  4.59e-09 |      
      300 |   0.4300 |  1.251201e+05 |   +3.04% |  7.48e-09 |      
      310 |   0.3855 |  1.283330e+05 |   +2.57% |  1.22e-08 |      
      320 |   0.3370 |  1.305299e+05 |   +1.71% |  1.96e-08 |      
      330 |   0.3043 |  1.314839e+05 |   +0.73% |  2.89e-08 |      
      340 |   0.2664 |  1.323026e+05 |   +0.62% |  4.26e-08 |      
      350 |   0.2354 |  1.328535e+05 |   +0.42% |  6.27e-08 |      
      360 |   0.2025 |  1.332201e+05 |   +0.28% |  9.24e-08 |      
      370 |   0.1725 |  1.336260e+05 |   +0.30% |  1.36e-07 |      
      380 |   0.1461 |  1.340482e+05 |   +0.32% |  2.01e-07 |      
      390 |   0.1221 |  1.343734e+05 |   +0.24% |  2.95e-07 |      
      400 |   0.1029 |  1.347968e+05 |   +0.32% |  4.35e-07 |      
      402 |   0.0993 |  1.349118e+05 |          |  4.89e-07 |      
---------------------------------------------------------------
[INFO GPL-1001] Global placement finished at iteration 402
[INFO GPL-1002] Placed Cell Area            91661.4939
[INFO GPL-1003] Available Free Area         139847.2128
[INFO GPL-1004] Minimum Feasible Density        0.6600 (cell_area / free_area)
[INFO GPL-1006]   Suggested Target Densities:
[INFO GPL-1007]     - For 90% usage of free space: 0.7283
[INFO GPL-1008]     - For 80% usage of free space: 0.8193
[INFO GPL-1014] Final placement area: 91661.49 (+0.00%)
Design area 89127 um^2 63% utilization.
write_db /tmp/workspace/scripts-Private_test-fr_cugr_cmp-1-/results/sky130hs/riscv32i/base/3_1_place_gp_skip_io.odb
Elapsed time: 0:02.18[h:]min:sec. CPU time: user 26.39 sys 0.09 (1213%). Peak memory: 171520KB.
Log                       Ext     Elapsed/s Peak Memory/MB sha1sum result [0:20)
3_1_place_gp_skip_io      .odb            2            167 21f97892b0e8b2d9b80d
