[2026-08-20 04:30:00.369] [miter_logger] [info] MiterStrategy::run starting
[2026-08-20 04:30:00.369] [miter_logger] [info] Collecting POs for design 0: jpeg_encoder

[2026-08-20 04:30:00.533] [miter_logger] [info] Collected 13107 PIs for design 0

[2026-08-20 04:30:00.533] [miter_logger] [info] Collected 17563 POs for design 0

[2026-08-20 04:30:00.533] [miter_logger] [info] design 0 PI summary by model/term (13107 total terminals, 10 unique rows):
| Model                       | Term    | Count |
|-----------------------------|---------|-------|
| gt2_6t_tiehigh_w31_lvt      | Y       |  8702 |
| gt2_6t_dffasync_x1_w13_elvt | Q       |  4382 |
| jpeg_encoder                | din     |     8 |
| jpeg_encoder                | qnt_val |     8 |
| gt2_6t_dffasync_x2_w31_ulvt | Q       |     2 |
| gt2_6t_tielow_w31_lvt       | Y       |     1 |
| jpeg_encoder                | clk     |     1 |
| jpeg_encoder                | dstrb   |     1 |
| jpeg_encoder                | ena     |     1 |
| jpeg_encoder                | rst     |     1 |

[2026-08-20 04:30:00.534] [miter_logger] [info] design 0 PO summary by model/term (17563 total terminals, 13 unique rows):
| Model                       | Term    | Count |
|-----------------------------|---------|-------|
| gt2_6t_dffasync_x1_w13_elvt | CLK     |  4382 |
| gt2_6t_dffasync_x1_w13_elvt | D       |  4382 |
| gt2_6t_dffasync_x1_w13_elvt | RESETN  |  4382 |
| gt2_6t_dffasync_x1_w13_elvt | SETN    |  4382 |
| jpeg_encoder                | amp     |    12 |
| jpeg_encoder                | qnt_cnt |     6 |
| jpeg_encoder                | rlen    |     4 |
| jpeg_encoder                | size    |     4 |
| gt2_6t_dffasync_x2_w31_ulvt | CLK     |     2 |
| gt2_6t_dffasync_x2_w31_ulvt | D       |     2 |
| gt2_6t_dffasync_x2_w31_ulvt | RESETN  |     2 |
| gt2_6t_dffasync_x2_w31_ulvt | SETN    |     2 |
| jpeg_encoder                | douten  |     1 |

[2026-08-20 04:30:00.536] [miter_logger] [info] Collecting POs for design 1: jpeg_encoder

[2026-08-20 04:30:00.692] [miter_logger] [info] size of common inputs: 4404
[2026-08-20 04:30:00.692] [miter_logger] [info] size of diff0 inputs: 0
[2026-08-20 04:30:00.692] [miter_logger] [info] size of diff1 inputs: 0
[2026-08-20 04:30:00.693] [miter_logger] [info] Collected 13107 PIs for design 1

[2026-08-20 04:30:00.693] [miter_logger] [info] Collected 17563 POs for design 1

[2026-08-20 04:30:00.693] [miter_logger] [info] design 1 PI summary by model/term (13107 total terminals, 10 unique rows):
| Model                       | Term    | Count |
|-----------------------------|---------|-------|
| gt2_6t_tiehigh_w31_lvt      | Y       |  8702 |
| gt2_6t_dffasync_x1_w13_elvt | Q       |  4382 |
| jpeg_encoder                | din     |     8 |
| jpeg_encoder                | qnt_val |     8 |
| gt2_6t_dffasync_x2_w31_ulvt | Q       |     2 |
| gt2_6t_tielow_w31_lvt       | Y       |     1 |
| jpeg_encoder                | clk     |     1 |
| jpeg_encoder                | dstrb   |     1 |
| jpeg_encoder                | ena     |     1 |
| jpeg_encoder                | rst     |     1 |

[2026-08-20 04:30:00.694] [miter_logger] [info] design 1 PO summary by model/term (17563 total terminals, 13 unique rows):
| Model                       | Term    | Count |
|-----------------------------|---------|-------|
| gt2_6t_dffasync_x1_w13_elvt | CLK     |  4382 |
| gt2_6t_dffasync_x1_w13_elvt | D       |  4382 |
| gt2_6t_dffasync_x1_w13_elvt | RESETN  |  4382 |
| gt2_6t_dffasync_x1_w13_elvt | SETN    |  4382 |
| jpeg_encoder                | amp     |    12 |
| jpeg_encoder                | qnt_cnt |     6 |
| jpeg_encoder                | rlen    |     4 |
| jpeg_encoder                | size    |     4 |
| gt2_6t_dffasync_x2_w31_ulvt | CLK     |     2 |
| gt2_6t_dffasync_x2_w31_ulvt | D       |     2 |
| gt2_6t_dffasync_x2_w31_ulvt | RESETN  |     2 |
| gt2_6t_dffasync_x2_w31_ulvt | SETN    |     2 |
| jpeg_encoder                | douten  |     1 |

[2026-08-20 04:30:00.694] [miter_logger] [info] normalizeInputs: starting
[2026-08-20 04:30:00.707] [miter_logger] [info] size of common inputs: 13107
[2026-08-20 04:30:00.707] [miter_logger] [info] size of diff0 inputs: 0
[2026-08-20 04:30:00.707] [miter_logger] [info] size of diff1 inputs: 0
[2026-08-20 04:30:00.709] [miter_logger] [info] normalizeOutputs: starting
[2026-08-20 04:30:00.723] [miter_logger] [info] size of common outputs: 17563
[2026-08-20 04:30:00.723] [miter_logger] [info] size of diff0 outputs: 0
[2026-08-20 04:30:00.723] [miter_logger] [info] size of diff1 outputs: 0
[2026-08-20 04:30:00.725] [miter_logger] [info] size of PIs in circuit 0: 13107
[2026-08-20 04:30:00.725] [miter_logger] [info] size of PIs in circuit 1: 13107
[2026-08-20 04:30:00.725] [miter_logger] [info] size of POs in circuit 0: 17563
[2026-08-20 04:30:00.725] [miter_logger] [info] size of POs in circuit 1: 17563
[2026-08-20 04:30:01.207] [miter_logger] [info] Building miter expression
[2026-08-20 04:30:01.208] [miter_logger] [info] Finished building miter expression
[2026-08-20 04:30:01.208] [miter_logger] [info] Starting solver
[2026-08-20 04:30:01.208] [miter_logger] [info] SAT solver finished: UNSAT
[2026-08-20 04:30:01.208] [miter_logger] [info] Circuits are IDENTICAL
