OpenROAD 26Q3-1464-gb22abfea20 
Features included (+) or not (-): +GPU +GUI +Python
This program is licensed under the BSD-3 license. See the LICENSE file for details.
Components of this program may be licensed under more restrictive licenses which must be honored.
[INFO ORD-0030] Using 30 thread(s).
source ./platforms/asap7/liberty_suppressions.tcl
read_liberty ./platforms/asap7/lib/CCS/asap7sc7p5t_AO_RVT_FF_ccs_211120.lib.gz
Took 5 seconds: read_liberty ./platforms/asap7/lib/CCS/asap7sc7p5t_AO_RVT_FF_ccs_211120.lib.gz
read_liberty ./platforms/asap7/lib/CCS/asap7sc7p5t_INVBUF_RVT_FF_ccs_220122.lib.gz
read_liberty ./platforms/asap7/lib/CCS/asap7sc7p5t_OA_RVT_FF_ccs_211120.lib.gz
read_liberty ./platforms/asap7/lib/CCS/asap7sc7p5t_SIMPLE_RVT_FF_ccs_211120.lib.gz
read_liberty ./platforms/asap7/lib/CCS/asap7sc7p5t_SEQ_RVT_FF_ccs_220123.lib
read_liberty /OpenROAD-flow-scripts/flow/designs/asap7/swerv_wrapper/lib/fakeram7_2048x39.lib
read_liberty /OpenROAD-flow-scripts/flow/designs/asap7/swerv_wrapper/lib/fakeram7_256x34.lib
read_liberty /OpenROAD-flow-scripts/flow/designs/asap7/swerv_wrapper/lib/fakeram7_64x21.lib
read_db -hier /tmp/workspace/scripts-Private_test-fr_cugr_cmp-2-/results/asap7/swerv_wrapper/base/2_2_floorplan_macro.odb
[WARNING ORD-0012] Hierarchical flow (-hier) is currently in development and may cause multiple issues. Do not use in production environments.
read_sdc /tmp/workspace/scripts-Private_test-fr_cugr_cmp-2-/results/asap7/swerv_wrapper/base/2_1_floorplan.sdc
source ./platforms/asap7/setRC.tcl
Using CCS delay calculation
set_delay_calculator prima
Tap and End Cap cell insertion
  TAP Cell          : TAPCELL_ASAP7_75t_R
  ENDCAP Cell       : TAPCELL_ASAP7_75t_R
  Halo Around Macro : 2 2
  TAP Cell Distance : 25
[INFO ODB-0303] The initial 1480 rows (10959400 sites) were cut with 28 shapes for a total of 8396 rows (8093274 sites).
[INFO TAP-0004] Inserted 6990 endcaps.
[INFO TAP-0005] Inserted 7216 tapcells.
Design area 49303 um^2 31% utilization.
write_db /tmp/workspace/scripts-Private_test-fr_cugr_cmp-2-/results/asap7/swerv_wrapper/base/2_3_floorplan_tapcell.odb
Elapsed time: 0:10.71[h:]min:sec. CPU time: user 10.39 sys 0.32 (99%). Peak memory: 538928KB.
Log                       Ext     Elapsed/s Peak Memory/MB sha1sum result [0:20)
2_3_floorplan_tapcell     .odb           10            526 236149a3987eca808b7b
