Yosys 0.68+post (git sha1 UNKNOWN, Release, GNU /usr/local/bin/wrapped-cc/g++ 11.4.0)
Using ABC speed script.
Extracting clock period from SDC file: /tmp/workspace/scripts-Private_test-fr_cugr_cmp-1-/results/ihp-sg13g2/i2c-gpio-expander_I2cDeviceCtrl/base/clock_period.txt
Setting clock period to 20000
1. Executing Liberty frontend: ./platforms/ihp-sg13g2/lib/sg13g2_stdcell_typ_1p20V_25C.lib
2. Executing Liberty frontend: ./platforms/ihp-sg13g2/lib/sg13g2_stdcell_typ_1p20V_25C.lib
3. Executing Verilog-2005 frontend: /OpenROAD-flow-scripts/flow/designs/ihp-sg13g2/i2c-gpio-expander/I2cGpioExpander.v
4. Executing Verilog-2005 frontend: ./platforms/ihp-sg13g2/cells_clkgate.v
5. Executing HIERARCHY pass (managing design hierarchy).
6. Executing AST frontend in derive mode using pre-parsed AST for module `\I2cDeviceCtrl'.
6.1. Analyzing design hierarchy..
6.2. Executing AST frontend in derive mode using pre-parsed AST for module `\BufferCC_1'.
6.3. Analyzing design hierarchy..
6.4. Analyzing design hierarchy..
7. Executing OPT_CLEAN pass (remove unused cells and wires).
Warning: Ignoring module I2cDeviceCtrl because it contains processes (run 'proc' command first).
Warning: Ignoring module BufferCC_1 because it contains processes (run 'proc' command first).
8. Executing RTLIL backend.
Warnings: 2 unique messages, 2 total
End of script. Logfile hash: 3ac78e67ca, time: 0.06s, user: 0.03s, system: 0.02s, MEM: 30.07 MB peak
Yosys 0.68+post (git sha1 UNKNOWN, Release, GNU /usr/local/bin/wrapped-cc/g++ 11.4.0)
Time spent: 51% 4x read_liberty (0 sec), 17% 4x read_verilog (0 sec), ...
Elapsed time: 0:00.06[h:]min:sec. CPU time: user 0.04 sys 0.03 (99%). Peak memory: 33844KB.
Log                       Ext     Elapsed/s Peak Memory/MB sha1sum result [0:20)
1_1_yosys_canonicalize    .rtlil          0             33 1a869962ebf736e7f02d
