OpenROAD 26Q3-1464-gb22abfea20 
Features included (+) or not (-): +GPU +GUI +Python
This program is licensed under the BSD-3 license. See the LICENSE file for details.
Components of this program may be licensed under more restrictive licenses which must be honored.
[INFO ORD-0030] Using 30 thread(s).
source ./platforms/ihp-sg13g2/suppress_message.tcl
read_liberty -corner slow ./platforms/ihp-sg13g2/lib/sg13g2_stdcell_slow_1p08V_125C.lib
read_liberty -corner typ ./platforms/ihp-sg13g2/lib/sg13g2_stdcell_typ_1p20V_25C.lib
read_liberty -corner fast ./platforms/ihp-sg13g2/lib/sg13g2_stdcell_fast_1p32V_m40C.lib
read_db /tmp/workspace/scripts-Private_test-fr_cugr_cmp-1-/results/ihp-sg13g2/i2c-gpio-expander_I2cDeviceCtrl/base/2_floorplan.odb
read_sdc /tmp/workspace/scripts-Private_test-fr_cugr_cmp-1-/results/ihp-sg13g2/i2c-gpio-expander_I2cDeviceCtrl/base/2_floorplan.sdc
source ./platforms/ihp-sg13g2/setRC.tcl
global_placement -skip_io -density 0.75 -pad_left 0 -pad_right 0
[INFO GPL-0001] ---- Initialize GPL Main Data Structures
[INFO GPL-0002] DBU: 1000
[INFO GPL-0003] SiteSize: (  0.480  3.780 ) um
[INFO GPL-0004] CoreBBox: ( 18.720 18.900 ) ( 128.640 128.520 ) um
[INFO GPL-0016] Core area:                   12049.430 um^2
[INFO GPL-0036] Movable instances area:       8362.570 um^2
[INFO GPL-0037] Total instances area:         8362.570 um^2
[INFO GPL-0035] Pin density area adjust:       773.402 um^2
[INFO GPL-0032] ---- Initialize Region: Top-level
[INFO GPL-0006] Number of instances:               536
[INFO GPL-0007] Movable instances:                 536
[INFO GPL-0008] Fixed instances:                     0
[INFO GPL-0009] Dummy instances:                     0
[INFO GPL-0010] Number of nets:                    591
[INFO GPL-0011] Number of pins:                   1718
[INFO GPL-0012] Die BBox:       (  0.000  0.000 ) ( 147.840 147.420 ) um
[INFO GPL-0013] Placement BBox: ( 18.720 18.900 ) ( 128.640 128.520 ) um
[INFO GPL-0014] Region name: top-level.
[INFO GPL-0015] Region area:                 12049.430 um^2
[INFO GPL-0017] Fixed instances area:            0.000 um^2
[INFO GPL-0018] Movable instances area:       9135.971 um^2
[INFO GPL-0019] Utilization:                    75.821 %
[INFO GPL-0020] Standard cells area:          9135.971 um^2
[INFO GPL-0021] Large instances area:            0.000 um^2
[INFO GPL-0005] ---- Execute Conjugate Gradient Initial Placement.
[INFO GPL-0051] Source of initial instance position counters:
	Odb location = 0	Core center = 536	Region center = 0
[INFO GPL-0033] ---- Initialize Nesterov Region: Top-level
[WARNING GPL-0302] Target density 0.7500 is too low for the available free area.
Automatically adjusting to uniform density 0.7600.
[INFO GPL-0023] Placement target density:       0.7600
[INFO GPL-0024] Movable insts average area:     17.045 um^2
[INFO GPL-0025] Ideal bin area:                 22.427 um^2
[INFO GPL-0026] Ideal bin count:                   537
[INFO GPL-0027] Total bin area:              12049.430 um^2
[INFO GPL-0028] Bin count (X, Y):          16 ,     16
[INFO GPL-0029] Bin size (W * H):       6.870 *  6.851 um
[INFO GPL-0030] Number of bins:                    256
[INFO GPL-0084] ---- Execute Nesterov Global Placement.
[INFO GPL-0031] HPWL: Half-Perimeter Wirelength
Iteration | Overflow |     HPWL (um) |  HPWL(%) |   Penalty | Group
---------------------------------------------------------------
        0 |   0.9800 |  1.587852e+03 |   +0.00% |  7.14e-14 |      
       10 |   0.9675 |  1.437597e+03 |   -9.46% |  1.16e-13 |      
       20 |   0.9626 |  1.427474e+03 |   -0.70% |  1.89e-13 |      
       30 |   0.9623 |  1.424802e+03 |   -0.19% |  3.09e-13 |      
       40 |   0.9625 |  1.424549e+03 |   -0.02% |  5.03e-13 |      
       50 |   0.9621 |  1.425081e+03 |   +0.04% |  8.19e-13 |      
       60 |   0.9613 |  1.427197e+03 |   +0.15% |  1.33e-12 |      
       70 |   0.9603 |  1.432499e+03 |   +0.37% |  2.17e-12 |      
       80 |   0.9589 |  1.449038e+03 |   +1.15% |  3.54e-12 |      
       90 |   0.9538 |  1.501682e+03 |   +3.63% |  5.76e-12 |      
      100 |   0.9447 |  1.633476e+03 |   +8.78% |  9.39e-12 |      
      110 |   0.8983 |  1.828327e+03 |  +11.93% |  1.53e-11 |      
      120 |   0.8672 |  2.087959e+03 |  +14.20% |  2.49e-11 |      
      130 |   0.8463 |  2.324281e+03 |  +11.32% |  4.06e-11 |      
      140 |   0.8188 |  2.460776e+03 |   +5.87% |  6.61e-11 |      
      150 |   0.7853 |  2.691031e+03 |   +9.36% |  1.08e-10 |      
      160 |   0.7358 |  2.898084e+03 |   +7.69% |  1.75e-10 |      
      170 |   0.7009 |  3.128574e+03 |   +7.95% |  2.86e-10 |      
      180 |   0.6660 |  3.426764e+03 |   +9.53% |  4.65e-10 |      
      190 |   0.6286 |  3.683999e+03 |   +7.51% |  7.58e-10 |      
      200 |   0.5820 |  3.956770e+03 |   +7.40% |  1.23e-09 |      
      210 |   0.5408 |  4.161907e+03 |   +5.18% |  2.01e-09 |      
      220 |   0.4907 |  4.460825e+03 |   +7.18% |  3.27e-09 |      
      230 |   0.4390 |  4.663967e+03 |   +4.55% |  5.33e-09 |      
      240 |   0.3936 |  4.912417e+03 |   +5.33% |  8.69e-09 |      
      250 |   0.3492 |  5.045038e+03 |   +2.70% |  1.42e-08 |      
      260 |   0.3122 |  5.141066e+03 |   +1.90% |  2.11e-08 |      
      270 |   0.2723 |  5.246299e+03 |   +2.05% |  3.10e-08 |      
      280 |   0.2380 |  5.328602e+03 |   +1.57% |  4.57e-08 |      
      290 |   0.2050 |  5.405420e+03 |   +1.44% |  6.73e-08 |      
      300 |   0.1749 |  5.438118e+03 |   +0.60% |  9.92e-08 |      
      310 |   0.1499 |  5.503833e+03 |   +1.21% |  1.46e-07 |      
      320 |   0.1302 |  5.531489e+03 |   +0.50% |  2.15e-07 |      
      330 |   0.1083 |  5.569157e+03 |   +0.68% |  3.17e-07 |      
      335 |   0.0999 |  5.578940e+03 |          |  4.00e-07 |      
---------------------------------------------------------------
[INFO GPL-1001] Global placement finished at iteration 335
[INFO GPL-1002] Placed Cell Area             9135.9712
[INFO GPL-1003] Available Free Area         12049.4304
[INFO GPL-1004] Minimum Feasible Density        0.7600 (cell_area / free_area)
[INFO GPL-1006]   Suggested Target Densities:
[INFO GPL-1007]     - For 90% usage of free space: 0.8425
[INFO GPL-1008]     - For 80% usage of free space: 0.9478
[INFO GPL-1014] Final placement area: 9135.97 (+0.00%)
Design area 8363 um^2 69% utilization.
write_db /tmp/workspace/scripts-Private_test-fr_cugr_cmp-1-/results/ihp-sg13g2/i2c-gpio-expander_I2cDeviceCtrl/base/3_1_place_gp_skip_io.odb
Elapsed time: 0:00.36[h:]min:sec. CPU time: user 3.30 sys 0.05 (932%). Peak memory: 112692KB.
Log                       Ext     Elapsed/s Peak Memory/MB sha1sum result [0:20)
3_1_place_gp_skip_io      .odb            0            110 cf92c787e99ae2528258
