OpenROAD 26Q3-1464-gb22abfea20 
Features included (+) or not (-): +GPU +GUI +Python
This program is licensed under the BSD-3 license. See the LICENSE file for details.
Components of this program may be licensed under more restrictive licenses which must be honored.
[INFO ORD-0030] Using 30 thread(s).
source ./platforms/ihp-sg13g2/suppress_message.tcl
read_liberty -corner slow ./platforms/ihp-sg13g2/lib/sg13g2_stdcell_slow_1p08V_125C.lib
read_liberty -corner typ ./platforms/ihp-sg13g2/lib/sg13g2_stdcell_typ_1p20V_25C.lib
read_liberty -corner fast ./platforms/ihp-sg13g2/lib/sg13g2_stdcell_fast_1p32V_m40C.lib
read_db /tmp/workspace/scripts-Private_test-fr_cugr_cmp-1-/results/ihp-sg13g2/i2c-gpio-expander_I2cDeviceCtrl/base/6_1_fill.odb
read_sdc /tmp/workspace/scripts-Private_test-fr_cugr_cmp-1-/results/ihp-sg13g2/i2c-gpio-expander_I2cDeviceCtrl/base/6_1_fill.sdc
source ./platforms/ihp-sg13g2/setRC.tcl
[WARNING STA-0450] virtual clock vclk can not be propagated.
write_db /tmp/workspace/scripts-Private_test-fr_cugr_cmp-1-/results/ihp-sg13g2/i2c-gpio-expander_I2cDeviceCtrl/base/6_final.odb
write_sdc -no_timestamp /tmp/workspace/scripts-Private_test-fr_cugr_cmp-1-/results/ihp-sg13g2/i2c-gpio-expander_I2cDeviceCtrl/base/6_final.sdc
Deleted 0 routing obstructions
[INFO RCX-0431] Defined process_corner X with ext_model_index 0
[INFO RCX-0029] Defined extraction corner X
[WARNING RCX-0514] The ext_model_file option is deprecated. Use set_extraction_rules_file command instead.
[INFO RCX-0435] Reading extraction model file ./platforms/ihp-sg13g2/rcx_patterns.rules ...
[INFO RCX-0436] RC segment generation I2cDeviceCtrl (max_merge_res 50.0) ...
[INFO RCX-0040] Final 2288 rc segments
[INFO RCX-0439] Coupling Cap extraction I2cDeviceCtrl ...
[INFO RCX-0440] Coupling threshhold is 0.1000 fF, coupling capacitance less than 0.1000 fF will be grounded.
[INFO RCX-0442] 48% of 3421 wires extracted
[INFO RCX-0442] 100% of 3421 wires extracted
[INFO RCX-0045] Extract 649 nets, 2937 rsegs, 2937 caps, 3728 ccs
[INFO RCX-0443] 649 nets finished
[INFO PSM-0040] All shapes on net VDD are connected.
########## IR report #################
Net              : VDD
Corner           : slow
Total power      : 3.19e-04 W
Supply voltage   : 1.20e+00 V
Worstcase voltage: 1.20e+00 V
Average voltage  : 1.20e+00 V
Average IR drop  : 8.83e-05 V
Worstcase IR drop: 8.08e-04 V
Percentage drop  : 0.07 %
######################################
[INFO PSM-0040] All shapes on net VSS are connected.
########## IR report #################
Net              : VSS
Corner           : slow
Total power      : 3.19e-04 W
Supply voltage   : 0.00e+00 V
Worstcase voltage: 1.67e-04 V
Average voltage  : 2.89e-05 V
Average IR drop  : 2.89e-05 V
Worstcase IR drop: 1.67e-04 V
Percentage drop  : 0.01 %
######################################
Cell type report:                       Count       Area
  Fill cell                               544    3030.05
  Clock buffer                             17     391.91
  Timing Repair Buffer                     81     587.87
  Inverter                                 19     103.42
  Clock inverter                            2      10.89
  Sequential cell                          78    3821.13
  Multi-Input combinational cell          399    4104.17
  Total                                  1140   12049.43
Report metrics stage 6, finish...

==========================================================================
finish report_design_area
--------------------------------------------------------------------------
Design area 9019 um^2 75% utilization.
[WARNING GUI-0076] QStandardPaths: XDG_RUNTIME_DIR not set, defaulting to '/tmp/runtime-root'
Elapsed time: 0:02.20[h:]min:sec. CPU time: user 2.54 sys 0.61 (143%). Peak memory: 184600KB.
Log                       Ext     Elapsed/s Peak Memory/MB sha1sum result [0:20)
6_report                                  2            180                  N/A
