OpenROAD 26Q3-1464-gb22abfea20 
Features included (+) or not (-): +GPU +GUI +Python
This program is licensed under the BSD-3 license. See the LICENSE file for details.
Components of this program may be licensed under more restrictive licenses which must be honored.
[INFO ORD-0030] Using 32 thread(s).
read_liberty ./platforms/gt2n/lib/gt2_6t_w31_lvt_tt_0p7v25c.lib
[WARNING STA-1171] ./platforms/gt2n/lib/gt2_6t_w31_lvt_tt_0p7v25c.lib line 58, default_fanout_load is 0.0.
read_liberty ./platforms/gt2n/lib/gt2_6t_w31_hvt_tt_0p7v25c.lib
[WARNING STA-1171] ./platforms/gt2n/lib/gt2_6t_w31_hvt_tt_0p7v25c.lib line 58, default_fanout_load is 0.0.
read_liberty ./platforms/gt2n/lib/gt2_6t_w31_svt_tt_0p7v25c.lib
[WARNING STA-1171] ./platforms/gt2n/lib/gt2_6t_w31_svt_tt_0p7v25c.lib line 58, default_fanout_load is 0.0.
read_liberty ./platforms/gt2n/lib/gt2_6t_w31_ulvt_tt_0p7v25c.lib
[WARNING STA-1171] ./platforms/gt2n/lib/gt2_6t_w31_ulvt_tt_0p7v25c.lib line 58, default_fanout_load is 0.0.
read_liberty ./platforms/gt2n/lib/gt2_6t_w31_elvt_tt_0p7v25c.lib
[WARNING STA-1171] ./platforms/gt2n/lib/gt2_6t_w31_elvt_tt_0p7v25c.lib line 58, default_fanout_load is 0.0.
read_liberty ./platforms/gt2n/lib/gt2_6t_w13_lvt_tt_0p7v25c.lib
[WARNING STA-1171] ./platforms/gt2n/lib/gt2_6t_w13_lvt_tt_0p7v25c.lib line 58, default_fanout_load is 0.0.
read_liberty ./platforms/gt2n/lib/gt2_6t_w13_hvt_tt_0p7v25c.lib
[WARNING STA-1171] ./platforms/gt2n/lib/gt2_6t_w13_hvt_tt_0p7v25c.lib line 58, default_fanout_load is 0.0.
read_liberty ./platforms/gt2n/lib/gt2_6t_w13_svt_tt_0p7v25c.lib
[WARNING STA-1171] ./platforms/gt2n/lib/gt2_6t_w13_svt_tt_0p7v25c.lib line 58, default_fanout_load is 0.0.
read_liberty ./platforms/gt2n/lib/gt2_6t_w13_ulvt_tt_0p7v25c.lib
[WARNING STA-1171] ./platforms/gt2n/lib/gt2_6t_w13_ulvt_tt_0p7v25c.lib line 58, default_fanout_load is 0.0.
read_liberty ./platforms/gt2n/lib/gt2_6t_w13_elvt_tt_0p7v25c.lib
[WARNING STA-1171] ./platforms/gt2n/lib/gt2_6t_w13_elvt_tt_0p7v25c.lib line 58, default_fanout_load is 0.0.
read_db /tmp/workspace/scripts-Private_test-fr_cugr_cmp-2-/results/gt2n/gcd/base/3_3_place_gp.odb
read_sdc /tmp/workspace/scripts-Private_test-fr_cugr_cmp-2-/results/gt2n/gcd/base/2_floorplan.sdc
source ./platforms/gt2n/setRC.tcl
estimate_parasitics -placement
Perform buffer insertion and gate resizing...
repair_design -verbose
Iteration |   Area    | Resized | Buffers | Nets repaired | Remaining
---------------------------------------------------------------------
        0 |     +0.0% |       0 |       0 |             0 |       550
       10 |     +0.0% |       0 |       0 |             0 |       540
       20 |     +0.0% |       0 |       0 |             0 |       530
       30 |     +0.0% |       0 |       0 |             0 |       520
       40 |     +0.0% |       0 |       0 |             0 |       510
       50 |     +0.0% |       0 |       0 |             0 |       500
       60 |     +0.0% |       0 |       0 |             0 |       490
       70 |     +0.0% |       0 |       0 |             0 |       480
       80 |     +0.0% |       0 |       0 |             0 |       470
       90 |     +0.0% |       0 |       0 |             0 |       460
      100 |     +0.0% |       0 |       0 |             0 |       450
      110 |     +0.0% |       0 |       0 |             0 |       440
      120 |     +0.0% |       0 |       0 |             0 |       430
      130 |     +0.0% |       0 |       0 |             0 |       420
      140 |     +0.0% |       0 |       0 |             0 |       410
      150 |     +0.0% |       0 |       0 |             0 |       400
      160 |     +0.0% |       0 |       0 |             0 |       390
      170 |     +0.0% |       0 |       0 |             0 |       380
      180 |     +0.0% |       0 |       0 |             0 |       370
      190 |     +0.0% |       0 |       0 |             0 |       360
      200 |     +0.0% |       0 |       0 |             0 |       350
      210 |     +0.0% |       0 |       0 |             0 |       340
      220 |     +0.0% |       0 |       0 |             0 |       330
      230 |     +0.0% |       0 |       0 |             0 |       320
      240 |     +0.0% |       0 |       0 |             0 |       310
      250 |     +0.0% |       0 |       0 |             0 |       300
      260 |     +0.0% |       0 |       0 |             0 |       290
      270 |     +0.0% |       0 |       0 |             0 |       280
      280 |     +0.0% |       0 |       0 |             0 |       270
      290 |     +0.0% |       0 |       0 |             0 |       260
      300 |     +0.0% |       0 |       0 |             0 |       250
      310 |     +0.0% |       0 |       0 |             0 |       240
      320 |     +0.0% |       0 |       0 |             0 |       230
      330 |     +0.0% |       0 |       0 |             0 |       220
      340 |     +0.0% |       0 |       0 |             0 |       210
      350 |     +0.0% |       0 |       0 |             0 |       200
      360 |     +0.0% |       0 |       0 |             0 |       190
      370 |     +0.0% |       0 |       0 |             0 |       180
      380 |     +0.0% |       0 |       0 |             0 |       170
      390 |     +0.0% |       0 |       0 |             0 |       160
      400 |     +0.0% |       0 |       0 |             0 |       150
      410 |     +0.0% |       0 |       0 |             0 |       140
      420 |     +0.0% |       0 |       0 |             0 |       130
      430 |     +0.0% |       0 |       0 |             0 |       120
      440 |     +0.0% |       0 |       0 |             0 |       110
      450 |     +0.0% |       0 |       0 |             0 |       100
      460 |     +0.0% |       0 |       0 |             0 |        90
      470 |     +0.0% |       0 |       0 |             0 |        80
      480 |     +0.0% |       0 |       0 |             0 |        70
      490 |     +0.0% |       0 |       0 |             0 |        60
      500 |     +0.0% |       0 |       0 |             0 |        50
      510 |     +0.0% |       0 |       0 |             0 |        40
      520 |     +0.0% |       0 |       0 |             0 |        30
      530 |     +0.0% |       0 |       0 |             0 |        20
      540 |     +0.0% |       0 |       0 |             0 |        10
      550 |     +0.0% |       0 |       0 |             0 |         0
    final |     +0.0% |       0 |       0 |             0 |         0
---------------------------------------------------------------------
[INFO RSZ-0504] Runtime: 0.03s
Floating nets: 
Report metrics stage 3, resizer...

==========================================================================
resizer report_design_area
--------------------------------------------------------------------------
Design area 19 um^2 30% utilization.
Instance count before 706, after 706
Pin count before 1610, after 1610
write_db /tmp/workspace/scripts-Private_test-fr_cugr_cmp-2-/results/gt2n/gcd/base/3_4_place_resized.odb
Elapsed time: 0:00.38[h:]min:sec. CPU time: user 0.37 sys 0.10 (121%). Peak memory: 145652KB.
Log                       Ext     Elapsed/s Peak Memory/MB sha1sum result [0:20)
3_4_place_resized         .odb            0            142 cd9dcd4c5a0c810b911a
