OpenROAD 26Q3-1464-gb22abfea20 
Features included (+) or not (-): +GPU +GUI +Python
This program is licensed under the BSD-3 license. See the LICENSE file for details.
Components of this program may be licensed under more restrictive licenses which must be honored.
[INFO ORD-0030] Using 32 thread(s).
read_liberty ./platforms/gt2n/lib/gt2_6t_w31_lvt_tt_0p7v25c.lib
[WARNING STA-1171] ./platforms/gt2n/lib/gt2_6t_w31_lvt_tt_0p7v25c.lib line 58, default_fanout_load is 0.0.
read_liberty ./platforms/gt2n/lib/gt2_6t_w31_hvt_tt_0p7v25c.lib
[WARNING STA-1171] ./platforms/gt2n/lib/gt2_6t_w31_hvt_tt_0p7v25c.lib line 58, default_fanout_load is 0.0.
read_liberty ./platforms/gt2n/lib/gt2_6t_w31_svt_tt_0p7v25c.lib
[WARNING STA-1171] ./platforms/gt2n/lib/gt2_6t_w31_svt_tt_0p7v25c.lib line 58, default_fanout_load is 0.0.
read_liberty ./platforms/gt2n/lib/gt2_6t_w31_ulvt_tt_0p7v25c.lib
[WARNING STA-1171] ./platforms/gt2n/lib/gt2_6t_w31_ulvt_tt_0p7v25c.lib line 58, default_fanout_load is 0.0.
read_liberty ./platforms/gt2n/lib/gt2_6t_w31_elvt_tt_0p7v25c.lib
[WARNING STA-1171] ./platforms/gt2n/lib/gt2_6t_w31_elvt_tt_0p7v25c.lib line 58, default_fanout_load is 0.0.
read_liberty ./platforms/gt2n/lib/gt2_6t_w13_lvt_tt_0p7v25c.lib
[WARNING STA-1171] ./platforms/gt2n/lib/gt2_6t_w13_lvt_tt_0p7v25c.lib line 58, default_fanout_load is 0.0.
read_liberty ./platforms/gt2n/lib/gt2_6t_w13_hvt_tt_0p7v25c.lib
[WARNING STA-1171] ./platforms/gt2n/lib/gt2_6t_w13_hvt_tt_0p7v25c.lib line 58, default_fanout_load is 0.0.
read_liberty ./platforms/gt2n/lib/gt2_6t_w13_svt_tt_0p7v25c.lib
[WARNING STA-1171] ./platforms/gt2n/lib/gt2_6t_w13_svt_tt_0p7v25c.lib line 58, default_fanout_load is 0.0.
read_liberty ./platforms/gt2n/lib/gt2_6t_w13_ulvt_tt_0p7v25c.lib
[WARNING STA-1171] ./platforms/gt2n/lib/gt2_6t_w13_ulvt_tt_0p7v25c.lib line 58, default_fanout_load is 0.0.
read_liberty ./platforms/gt2n/lib/gt2_6t_w13_elvt_tt_0p7v25c.lib
[WARNING STA-1171] ./platforms/gt2n/lib/gt2_6t_w13_elvt_tt_0p7v25c.lib line 58, default_fanout_load is 0.0.
read_db /tmp/workspace/scripts-Private_test-fr_cugr_cmp-2-/results/gt2n/gcd/base/5_1_grt.odb
read_sdc /tmp/workspace/scripts-Private_test-fr_cugr_cmp-2-/results/gt2n/gcd/base/5_1_grt.sdc
source ./platforms/gt2n/setRC.tcl
detailed_route -output_drc /tmp/workspace/scripts-Private_test-fr_cugr_cmp-2-/reports/gt2n/gcd/base/5_route_drc.rpt -output_maze /tmp/workspace/scripts-Private_test-fr_cugr_cmp-2-/results/gt2n/gcd/base/maze.log -droute_end_iter 64 -verbose 1 -drc_report_iter_step 5
[INFO DRT-0149] Reading tech and libs.
[WARNING DRT-0349] LEF58_ENCLOSURE with no CUTCLASS is not supported. Skipping for layer V1
[WARNING DRT-0349] LEF58_ENCLOSURE with no CUTCLASS is not supported. Skipping for layer V1
[WARNING DRT-0349] LEF58_ENCLOSURE with no CUTCLASS is not supported. Skipping for layer V2
[WARNING DRT-0349] LEF58_ENCLOSURE with no CUTCLASS is not supported. Skipping for layer V2
[WARNING DRT-0349] LEF58_ENCLOSURE with no CUTCLASS is not supported. Skipping for layer V3
[WARNING DRT-0349] LEF58_ENCLOSURE with no CUTCLASS is not supported. Skipping for layer V3
[WARNING DRT-0349] LEF58_ENCLOSURE with no CUTCLASS is not supported. Skipping for layer V4
[WARNING DRT-0349] LEF58_ENCLOSURE with no CUTCLASS is not supported. Skipping for layer V4
[WARNING DRT-0349] LEF58_ENCLOSURE with no CUTCLASS is not supported. Skipping for layer V5
[WARNING DRT-0349] LEF58_ENCLOSURE with no CUTCLASS is not supported. Skipping for layer V5
[WARNING DRT-0349] LEF58_ENCLOSURE with no CUTCLASS is not supported. Skipping for layer V6
[WARNING DRT-0349] LEF58_ENCLOSURE with no CUTCLASS is not supported. Skipping for layer V6
[WARNING DRT-0349] LEF58_ENCLOSURE with no CUTCLASS is not supported. Skipping for layer V7
[WARNING DRT-0349] LEF58_ENCLOSURE with no CUTCLASS is not supported. Skipping for layer V7
[WARNING DRT-0349] LEF58_ENCLOSURE with no CUTCLASS is not supported. Skipping for layer V8
[WARNING DRT-0349] LEF58_ENCLOSURE with no CUTCLASS is not supported. Skipping for layer V8
[WARNING DRT-0124] Via BV4 with unused layer BV4_0 will be ignored.
[WARNING DRT-0124] Via BRDL with unused layer BV4_0 will be ignored.
[WARNING DRT-0124] Via BM4 with unused layer BV4_0 will be ignored.
[WARNING DRT-0124] Via BV3 with unused layer BV3_0 will be ignored.
[WARNING DRT-0124] Via BM4 with unused layer BV3_0 will be ignored.
[WARNING DRT-0124] Via BM3 with unused layer BV3_0 will be ignored.
[WARNING DRT-0124] Via BV2 with unused layer BV2_0 will be ignored.
[WARNING DRT-0124] Via BM3 with unused layer BV2_0 will be ignored.
[WARNING DRT-0124] Via BM2 with unused layer BV2_0 will be ignored.
[WARNING DRT-0124] Via BV1 with unused layer BV1_0 will be ignored.
[WARNING DRT-0124] Via BM2 with unused layer BV1_0 will be ignored.
[WARNING DRT-0124] Via BM1 with unused layer BV1_0 will be ignored.
[WARNING DRT-0124] Via BV0 with unused layer BV0_0 will be ignored.
[WARNING DRT-0124] Via BM1 with unused layer BV0_0 will be ignored.
[WARNING DRT-0124] Via BPR with unused layer BV0_0 will be ignored.
[WARNING DRT-0122] Layer BPR is skipped for gt2_6t_and2_x1_w31_lvt/vdd.
[WARNING DRT-0122] Layer BPR is skipped for gt2_6t_and2_x1_w31_lvt/vss.
[WARNING DRT-0122] Layer BPR is skipped for gt2_6t_and2_x2_w31_lvt/vdd.
[WARNING DRT-0122] Layer BPR is skipped for gt2_6t_and2_x2_w31_lvt/vss.
[WARNING DRT-0122] Layer BPR is skipped for gt2_6t_and2_x3_w31_lvt/vdd.
[WARNING DRT-0122] Layer BPR is skipped for gt2_6t_and2_x3_w31_lvt/vss.
[WARNING DRT-0122] Layer BPR is skipped for gt2_6t_and2_x4_w31_lvt/vdd.
[WARNING DRT-0122] Layer BPR is skipped for gt2_6t_and2_x4_w31_lvt/vss.
[WARNING DRT-0122] Layer BPR is skipped for gt2_6t_and3_x1_w31_lvt/vdd.
[WARNING DRT-0122] Layer BPR is skipped for gt2_6t_and3_x1_w31_lvt/vss.
[WARNING DRT-0122] Layer BPR is skipped for gt2_6t_ao211_x1_w31_lvt/vdd.
[WARNING DRT-0122] Layer BPR is skipped for gt2_6t_ao211_x1_w31_lvt/vss.
[WARNING DRT-0122] Layer BPR is skipped for gt2_6t_ao21_x1_w31_lvt/vdd.
[WARNING DRT-0122] Layer BPR is skipped for gt2_6t_ao21_x1_w31_lvt/vss.
[WARNING DRT-0122] Layer BPR is skipped for gt2_6t_ao22_x1_w31_lvt/vdd.
[WARNING DRT-0122] Layer BPR is skipped for gt2_6t_ao22_x1_w31_lvt/vss.
[WARNING DRT-0122] Layer BPR is skipped for gt2_6t_ao31_x1_w31_lvt/vdd.
[WARNING DRT-0122] Layer BPR is skipped for gt2_6t_ao31_x1_w31_lvt/vss.
[WARNING DRT-0122] Layer BPR is skipped for gt2_6t_ao32_x1_w31_lvt/vdd.
[WARNING DRT-0122] Layer BPR is skipped for gt2_6t_ao32_x1_w31_lvt/vss.
[WARNING DRT-0122] Layer BPR is skipped for gt2_6t_ao33_x1_w31_lvt/vdd.
[WARNING DRT-0122] Layer BPR is skipped for gt2_6t_ao33_x1_w31_lvt/vss.
[WARNING DRT-0122] Layer BPR is skipped for gt2_6t_aoi211_x1_w31_lvt/vdd.
[WARNING DRT-0122] Layer BPR is skipped for gt2_6t_aoi211_x1_w31_lvt/vss.
[WARNING DRT-0122] Layer BPR is skipped for gt2_6t_aoi21_x1_w31_lvt/vdd.
[WARNING DRT-0122] Layer BPR is skipped for gt2_6t_aoi21_x1_w31_lvt/vss.
[WARNING DRT-0122] Layer BPR is skipped for gt2_6t_aoi22_x1_w31_lvt/vdd.
[WARNING DRT-0122] Layer BPR is skipped for gt2_6t_aoi22_x1_w31_lvt/vss.
[WARNING DRT-0122] Layer BPR is skipped for gt2_6t_aoi31_x1_w31_lvt/vdd.
[WARNING DRT-0122] Layer BPR is skipped for gt2_6t_aoi31_x1_w31_lvt/vss.
[WARNING DRT-0122] Layer BPR is skipped for gt2_6t_aoi32_x1_w31_lvt/vdd.
[WARNING DRT-0122] Layer BPR is skipped for gt2_6t_aoi32_x1_w31_lvt/vss.
[WARNING DRT-0122] Layer BPR is skipped for gt2_6t_aoi33_x1_w31_lvt/vdd.
[WARNING DRT-0122] Layer BPR is skipped for gt2_6t_aoi33_x1_w31_lvt/vss.
[WARNING DRT-0122] Layer BPR is skipped for gt2_6t_buf_x1_w31_lvt/vdd.
[WARNING DRT-0122] Layer BPR is skipped for gt2_6t_buf_x1_w31_lvt/vss.
[WARNING DRT-0122] Layer BPR is skipped for gt2_6t_buf_x10_w31_lvt/vdd.
[WARNING DRT-0122] Layer BPR is skipped for gt2_6t_buf_x10_w31_lvt/vss.
[WARNING DRT-0122] Layer BPR is skipped for gt2_6t_buf_x12_w31_lvt/vdd.
[WARNING DRT-0122] Layer BPR is skipped for gt2_6t_buf_x12_w31_lvt/vss.
[WARNING DRT-0122] Layer BPR is skipped for gt2_6t_buf_x2_w31_lvt/vdd.
[WARNING DRT-0122] Layer BPR is skipped for gt2_6t_buf_x2_w31_lvt/vss.
[WARNING DRT-0122] Layer BPR is skipped for gt2_6t_buf_x3_w31_lvt/vdd.
[WARNING DRT-0122] Layer BPR is skipped for gt2_6t_buf_x3_w31_lvt/vss.
[WARNING DRT-0122] Layer BPR is skipped for gt2_6t_buf_x4_w31_lvt/vdd.
[WARNING DRT-0122] Layer BPR is skipped for gt2_6t_buf_x4_w31_lvt/vss.
[WARNING DRT-0122] Layer BPR is skipped for gt2_6t_buf_x6_w31_lvt/vdd.
[WARNING DRT-0122] Layer BPR is skipped for gt2_6t_buf_x6_w31_lvt/vss.
[WARNING DRT-0122] Layer BPR is skipped for gt2_6t_buf_x8_w31_lvt/vdd.
[WARNING DRT-0122] Layer BPR is skipped for gt2_6t_buf_x8_w31_lvt/vss.
[WARNING DRT-0122] Layer BPR is skipped for gt2_6t_decapcc_w31_lvt/vdd.
[WARNING DRT-0122] Layer BPR is skipped for gt2_6t_decapcc_w31_lvt/vss.
[WARNING DRT-0122] Layer BPR is skipped for gt2_6t_dffasync_x1_w31_lvt/vdd.
[WARNING DRT-0122] Layer BPR is skipped for gt2_6t_dffasync_x1_w31_lvt/vss.
[WARNING DRT-0122] Layer BPR is skipped for gt2_6t_dffasync_x1_w31_lvt/vss.
[WARNING DRT-0122] Layer BPR is skipped for gt2_6t_dffasync_x2_w31_lvt/vdd.
[WARNING DRT-0122] Layer BPR is skipped for gt2_6t_dffasync_x2_w31_lvt/vss.
[WARNING DRT-0122] Layer BPR is skipped for gt2_6t_dffasync_x2_w31_lvt/vss.
[WARNING DRT-0122] Layer BPR is skipped for gt2_6t_dffasync_x4_w31_lvt/vdd.
[WARNING DRT-0122] Layer BPR is skipped for gt2_6t_dffasync_x4_w31_lvt/vss.
[WARNING DRT-0122] Layer BPR is skipped for gt2_6t_dffasync_x4_w31_lvt/vss.
[WARNING DRT-0122] Layer BPR is skipped for gt2_6t_filler_w31_lvt/vdd.
[WARNING DRT-0122] Layer BPR is skipped for gt2_6t_filler_w31_lvt/vss.
[WARNING DRT-0122] Layer BPR is skipped for gt2_6t_inv_x1_w31_lvt/vdd.
[WARNING DRT-0122] Layer BPR is skipped for gt2_6t_inv_x1_w31_lvt/vss.
[WARNING DRT-0122] Layer BPR is skipped for gt2_6t_inv_x10_w31_lvt/vdd.
[WARNING DRT-0122] Layer BPR is skipped for gt2_6t_inv_x10_w31_lvt/vss.
[WARNING DRT-0122] Layer BPR is skipped for gt2_6t_inv_x12_w31_lvt/vdd.
[WARNING DRT-0122] Layer BPR is skipped for gt2_6t_inv_x12_w31_lvt/vss.
[WARNING DRT-0122] Layer BPR is skipped for gt2_6t_inv_x2_w31_lvt/vdd.
[WARNING DRT-0122] Layer BPR is skipped for gt2_6t_inv_x2_w31_lvt/vss.
[WARNING DRT-0122] Layer BPR is skipped for gt2_6t_inv_x3_w31_lvt/vdd.
[WARNING DRT-0122] Layer BPR is skipped for gt2_6t_inv_x3_w31_lvt/vss.
[WARNING DRT-0122] Layer BPR is skipped for gt2_6t_inv_x4_w31_lvt/vdd.
[WARNING DRT-0122] Layer BPR is skipped for gt2_6t_inv_x4_w31_lvt/vss.
[WARNING DRT-0122] Layer BPR is skipped for gt2_6t_inv_x6_w31_lvt/vdd.
[WARNING DRT-0122] Layer BPR is skipped for gt2_6t_inv_x6_w31_lvt/vss.
[WARNING DRT-0122] Layer BPR is skipped for gt2_6t_inv_x8_w31_lvt/vdd.
[WARNING DRT-0122] Layer BPR is skipped for gt2_6t_inv_x8_w31_lvt/vss.
[WARNING DRT-0122] Layer BPR is skipped for gt2_6t_mux2_x1_w31_lvt/vdd.
[WARNING DRT-0122] Layer BPR is skipped for gt2_6t_mux2_x1_w31_lvt/vss.
[WARNING DRT-0122] Layer BPR is skipped for gt2_6t_mux2_x1_w31_lvt/vss.
[WARNING DRT-0122] Layer BPR is skipped for gt2_6t_nand2_x1_w31_lvt/vdd.
[WARNING DRT-0122] Layer BPR is skipped for gt2_6t_nand2_x1_w31_lvt/vss.
[WARNING DRT-0122] Layer BPR is skipped for gt2_6t_nand2_x2_w31_lvt/vdd.
[WARNING DRT-0122] Layer BPR is skipped for gt2_6t_nand2_x2_w31_lvt/vss.
[WARNING DRT-0122] Layer BPR is skipped for gt2_6t_nand2_x3_w31_lvt/vdd.
[WARNING DRT-0122] Layer BPR is skipped for gt2_6t_nand2_x3_w31_lvt/vss.
[WARNING DRT-0122] Layer BPR is skipped for gt2_6t_nand2_x4_w31_lvt/vdd.
[WARNING DRT-0122] Layer BPR is skipped for gt2_6t_nand2_x4_w31_lvt/vss.
[WARNING DRT-0122] Layer BPR is skipped for gt2_6t_nand3_x1_w31_lvt/vdd.
[WARNING DRT-0122] Layer BPR is skipped for gt2_6t_nand3_x1_w31_lvt/vss.
[WARNING DRT-0122] Layer BPR is skipped for gt2_6t_nor2_x1_w31_lvt/vdd.
[WARNING DRT-0122] Layer BPR is skipped for gt2_6t_nor2_x1_w31_lvt/vss.
[WARNING DRT-0122] Layer BPR is skipped for gt2_6t_nor2_x2_w31_lvt/vdd.
[WARNING DRT-0122] Layer BPR is skipped for gt2_6t_nor2_x2_w31_lvt/vss.
[WARNING DRT-0122] Layer BPR is skipped for gt2_6t_nor2_x3_w31_lvt/vdd.
[WARNING DRT-0122] Layer BPR is skipped for gt2_6t_nor2_x3_w31_lvt/vss.
[WARNING DRT-0122] Layer BPR is skipped for gt2_6t_nor2_x4_w31_lvt/vdd.
[WARNING DRT-0122] Layer BPR is skipped for gt2_6t_nor2_x4_w31_lvt/vss.
[WARNING DRT-0122] Layer BPR is skipped for gt2_6t_nor3_x1_w31_lvt/vdd.
[WARNING DRT-0122] Layer BPR is skipped for gt2_6t_nor3_x1_w31_lvt/vss.
[WARNING DRT-0122] Layer BPR is skipped for gt2_6t_oa211_x1_w31_lvt/vdd.
[WARNING DRT-0122] Layer BPR is skipped for gt2_6t_oa211_x1_w31_lvt/vss.
[WARNING DRT-0122] Layer BPR is skipped for gt2_6t_oa21_x1_w31_lvt/vdd.
[WARNING DRT-0122] Layer BPR is skipped for gt2_6t_oa21_x1_w31_lvt/vss.
[WARNING DRT-0122] Layer BPR is skipped for gt2_6t_oa22_x1_w31_lvt/vdd.
[WARNING DRT-0122] Layer BPR is skipped for gt2_6t_oa22_x1_w31_lvt/vss.
[WARNING DRT-0122] Layer BPR is skipped for gt2_6t_oa31_x1_w31_lvt/vdd.
[WARNING DRT-0122] Layer BPR is skipped for gt2_6t_oa31_x1_w31_lvt/vss.
[WARNING DRT-0122] Layer BPR is skipped for gt2_6t_oa32_x1_w31_lvt/vdd.
[WARNING DRT-0122] Layer BPR is skipped for gt2_6t_oa32_x1_w31_lvt/vss.
[WARNING DRT-0122] Layer BPR is skipped for gt2_6t_oa33_x1_w31_lvt/vdd.
[WARNING DRT-0122] Layer BPR is skipped for gt2_6t_oa33_x1_w31_lvt/vss.
[WARNING DRT-0122] Layer BPR is skipped for gt2_6t_oai211_x1_w31_lvt/vdd.
[WARNING DRT-0122] Layer BPR is skipped for gt2_6t_oai211_x1_w31_lvt/vss.
[WARNING DRT-0122] Layer BPR is skipped for gt2_6t_oai21_x1_w31_lvt/vdd.
[WARNING DRT-0122] Layer BPR is skipped for gt2_6t_oai21_x1_w31_lvt/vss.
[WARNING DRT-0122] Layer BPR is skipped for gt2_6t_oai22_x1_w31_lvt/vdd.
[WARNING DRT-0122] Layer BPR is skipped for gt2_6t_oai22_x1_w31_lvt/vss.
[WARNING DRT-0122] Layer BPR is skipped for gt2_6t_oai31_x1_w31_lvt/vdd.
[WARNING DRT-0122] Layer BPR is skipped for gt2_6t_oai31_x1_w31_lvt/vss.
[WARNING DRT-0122] Layer BPR is skipped for gt2_6t_oai32_x1_w31_lvt/vdd.
[WARNING DRT-0122] Layer BPR is skipped for gt2_6t_oai32_x1_w31_lvt/vss.
[WARNING DRT-0122] Layer BPR is skipped for gt2_6t_oai33_x1_w31_lvt/vdd.
[WARNING DRT-0122] Layer BPR is skipped for gt2_6t_oai33_x1_w31_lvt/vss.
[WARNING DRT-0122] Layer BPR is skipped for gt2_6t_or2_x1_w31_lvt/vdd.
[WARNING DRT-0122] Layer BPR is skipped for gt2_6t_or2_x1_w31_lvt/vss.
[WARNING DRT-0122] Layer BPR is skipped for gt2_6t_or2_x2_w31_lvt/vdd.
[WARNING DRT-0122] Layer BPR is skipped for gt2_6t_or2_x2_w31_lvt/vss.
[WARNING DRT-0122] Layer BPR is skipped for gt2_6t_or2_x3_w31_lvt/vdd.
[WARNING DRT-0122] Layer BPR is skipped for gt2_6t_or2_x3_w31_lvt/vss.
[WARNING DRT-0122] Layer BPR is skipped for gt2_6t_or2_x4_w31_lvt/vdd.
[WARNING DRT-0122] Layer BPR is skipped for gt2_6t_or2_x4_w31_lvt/vss.
[WARNING DRT-0122] Layer BPR is skipped for gt2_6t_or3_x1_w31_lvt/vdd.
[WARNING DRT-0122] Layer BPR is skipped for gt2_6t_or3_x1_w31_lvt/vss.
[WARNING DRT-0122] Layer BPR is skipped for gt2_6t_tapfspdn_w31_lvt/vdd.
[WARNING DRT-0122] Layer BPR is skipped for gt2_6t_tapfspdn_w31_lvt/vss.
[WARNING DRT-0122] Layer BPR is skipped for gt2_6t_tapbspdn_w31_lvt/vdd.
[WARNING DRT-0122] Layer BPR is skipped for gt2_6t_tapbspdn_w31_lvt/vss.
[WARNING DRT-0122] Layer BPR is skipped for gt2_6t_tiehigh_w31_lvt/vdd.
[WARNING DRT-0122] Layer BPR is skipped for gt2_6t_tiehigh_w31_lvt/vss.
[WARNING DRT-0122] Layer BPR is skipped for gt2_6t_tielow_w31_lvt/vdd.
[WARNING DRT-0122] Layer BPR is skipped for gt2_6t_tielow_w31_lvt/vss.
[WARNING DRT-0122] Layer BPR is skipped for gt2_6t_xnor2_x1_w31_lvt/vdd.
[WARNING DRT-0122] Layer BPR is skipped for gt2_6t_xnor2_x1_w31_lvt/vss.
[WARNING DRT-0122] Layer BPR is skipped for gt2_6t_xor2_x1_w31_lvt/vdd.
[WARNING DRT-0122] Layer BPR is skipped for gt2_6t_xor2_x1_w31_lvt/vss.
[WARNING DRT-0122] Layer BPR is skipped for gt2_6t_and2_x1_w31_hvt/vdd.
[WARNING DRT-0122] Layer BPR is skipped for gt2_6t_and2_x1_w31_hvt/vss.
[WARNING DRT-0122] Layer BPR is skipped for gt2_6t_and2_x2_w31_hvt/vdd.
[WARNING DRT-0122] Layer BPR is skipped for gt2_6t_and2_x2_w31_hvt/vss.
[WARNING DRT-0122] Layer BPR is skipped for gt2_6t_and2_x3_w31_hvt/vdd.
[WARNING DRT-0122] Layer BPR is skipped for gt2_6t_and2_x3_w31_hvt/vss.
[WARNING DRT-0122] Layer BPR is skipped for gt2_6t_and2_x4_w31_hvt/vdd.
[WARNING DRT-0122] Layer BPR is skipped for gt2_6t_and2_x4_w31_hvt/vss.
[WARNING DRT-0122] Layer BPR is skipped for gt2_6t_and3_x1_w31_hvt/vdd.
[WARNING DRT-0122] Layer BPR is skipped for gt2_6t_and3_x1_w31_hvt/vss.
[WARNING DRT-0122] Layer BPR is skipped for gt2_6t_ao211_x1_w31_hvt/vdd.
[WARNING DRT-0122] Layer BPR is skipped for gt2_6t_ao211_x1_w31_hvt/vss.
[WARNING DRT-0122] Layer BPR is skipped for gt2_6t_ao21_x1_w31_hvt/vdd.
[WARNING DRT-0122] Layer BPR is skipped for gt2_6t_ao21_x1_w31_hvt/vss.
[WARNING DRT-0122] Layer BPR is skipped for gt2_6t_ao22_x1_w31_hvt/vdd.
[WARNING DRT-0122] Layer BPR is skipped for gt2_6t_ao22_x1_w31_hvt/vss.
[WARNING DRT-0122] Layer BPR is skipped for gt2_6t_ao31_x1_w31_hvt/vdd.
[WARNING DRT-0122] Layer BPR is skipped for gt2_6t_ao31_x1_w31_hvt/vss.
[WARNING DRT-0122] Layer BPR is skipped for gt2_6t_ao32_x1_w31_hvt/vdd.
[WARNING DRT-0122] Layer BPR is skipped for gt2_6t_ao32_x1_w31_hvt/vss.
[WARNING DRT-0122] Layer BPR is skipped for gt2_6t_ao33_x1_w31_hvt/vdd.
[WARNING DRT-0122] Layer BPR is skipped for gt2_6t_ao33_x1_w31_hvt/vss.
[WARNING DRT-0122] Layer BPR is skipped for gt2_6t_aoi211_x1_w31_hvt/vdd.
[WARNING DRT-0122] Layer BPR is skipped for gt2_6t_aoi211_x1_w31_hvt/vss.
[WARNING DRT-0122] Layer BPR is skipped for gt2_6t_aoi21_x1_w31_hvt/vdd.
[WARNING DRT-0122] Layer BPR is skipped for gt2_6t_aoi21_x1_w31_hvt/vss.
[WARNING DRT-0122] Layer BPR is skipped for gt2_6t_aoi22_x1_w31_hvt/vdd.
[WARNING DRT-0122] Layer BPR is skipped for gt2_6t_aoi22_x1_w31_hvt/vss.
[WARNING DRT-0122] Layer BPR is skipped for gt2_6t_aoi31_x1_w31_hvt/vdd.
[WARNING DRT-0122] Layer BPR is skipped for gt2_6t_aoi31_x1_w31_hvt/vss.
[WARNING DRT-0122] Layer BPR is skipped for gt2_6t_aoi32_x1_w31_hvt/vdd.
[WARNING DRT-0122] Layer BPR is skipped for gt2_6t_aoi32_x1_w31_hvt/vss.
[WARNING DRT-0122] Layer BPR is skipped for gt2_6t_aoi33_x1_w31_hvt/vdd.
[WARNING DRT-0122] Layer BPR is skipped for gt2_6t_aoi33_x1_w31_hvt/vss.
[WARNING DRT-0122] Layer BPR is skipped for gt2_6t_buf_x1_w31_hvt/vdd.
[WARNING DRT-0122] Layer BPR is skipped for gt2_6t_buf_x1_w31_hvt/vss.
[WARNING DRT-0122] Layer BPR is skipped for gt2_6t_buf_x10_w31_hvt/vdd.
[WARNING DRT-0122] Layer BPR is skipped for gt2_6t_buf_x10_w31_hvt/vss.
[WARNING DRT-0122] Layer BPR is skipped for gt2_6t_buf_x12_w31_hvt/vdd.
[WARNING DRT-0122] Layer BPR is skipped for gt2_6t_buf_x12_w31_hvt/vss.
[WARNING DRT-0122] Layer BPR is skipped for gt2_6t_buf_x2_w31_hvt/vdd.
[WARNING DRT-0122] Layer BPR is skipped for gt2_6t_buf_x2_w31_hvt/vss.
[WARNING DRT-0122] Layer BPR is skipped for gt2_6t_buf_x3_w31_hvt/vdd.
[WARNING DRT-0122] Layer BPR is skipped for gt2_6t_buf_x3_w31_hvt/vss.
[WARNING DRT-0122] Layer BPR is skipped for gt2_6t_buf_x4_w31_hvt/vdd.
[WARNING DRT-0122] Layer BPR is skipped for gt2_6t_buf_x4_w31_hvt/vss.
[WARNING DRT-0122] Layer BPR is skipped for gt2_6t_buf_x6_w31_hvt/vdd.
[WARNING DRT-0122] Layer BPR is skipped for gt2_6t_buf_x6_w31_hvt/vss.
[WARNING DRT-0122] Layer BPR is skipped for gt2_6t_buf_x8_w31_hvt/vdd.
[WARNING DRT-0122] Layer BPR is skipped for gt2_6t_buf_x8_w31_hvt/vss.
[WARNING DRT-0122] Layer BPR is skipped for gt2_6t_decapcc_w31_hvt/vdd.
[WARNING DRT-0122] Layer BPR is skipped for gt2_6t_decapcc_w31_hvt/vss.
[WARNING DRT-0122] Layer BPR is skipped for gt2_6t_dffasync_x1_w31_hvt/vdd.
[WARNING DRT-0122] Layer BPR is skipped for gt2_6t_dffasync_x1_w31_hvt/vss.
[WARNING DRT-0122] Layer BPR is skipped for gt2_6t_dffasync_x1_w31_hvt/vss.
[WARNING DRT-0122] Layer BPR is skipped for gt2_6t_dffasync_x2_w31_hvt/vdd.
[WARNING DRT-0122] Layer BPR is skipped for gt2_6t_dffasync_x2_w31_hvt/vss.
[WARNING DRT-0122] Layer BPR is skipped for gt2_6t_dffasync_x2_w31_hvt/vss.
[WARNING DRT-0122] Layer BPR is skipped for gt2_6t_dffasync_x4_w31_hvt/vdd.
[WARNING DRT-0122] Layer BPR is skipped for gt2_6t_dffasync_x4_w31_hvt/vss.
[WARNING DRT-0122] Layer BPR is skipped for gt2_6t_dffasync_x4_w31_hvt/vss.
[WARNING DRT-0122] Layer BPR is skipped for gt2_6t_filler_w31_hvt/vdd.
[WARNING DRT-0122] Layer BPR is skipped for gt2_6t_filler_w31_hvt/vss.
[WARNING DRT-0122] Layer BPR is skipped for gt2_6t_inv_x1_w31_hvt/vdd.
[WARNING DRT-0122] Layer BPR is skipped for gt2_6t_inv_x1_w31_hvt/vss.
[WARNING DRT-0122] Layer BPR is skipped for gt2_6t_inv_x10_w31_hvt/vdd.
[WARNING DRT-0122] Layer BPR is skipped for gt2_6t_inv_x10_w31_hvt/vss.
[WARNING DRT-0122] Layer BPR is skipped for gt2_6t_inv_x12_w31_hvt/vdd.
[WARNING DRT-0122] Layer BPR is skipped for gt2_6t_inv_x12_w31_hvt/vss.
[WARNING DRT-0122] Layer BPR is skipped for gt2_6t_inv_x2_w31_hvt/vdd.
[WARNING DRT-0122] Layer BPR is skipped for gt2_6t_inv_x2_w31_hvt/vss.
[WARNING DRT-0122] Layer BPR is skipped for gt2_6t_inv_x3_w31_hvt/vdd.
[WARNING DRT-0122] Layer BPR is skipped for gt2_6t_inv_x3_w31_hvt/vss.
[WARNING DRT-0122] Layer BPR is skipped for gt2_6t_inv_x4_w31_hvt/vdd.
[WARNING DRT-0122] Layer BPR is skipped for gt2_6t_inv_x4_w31_hvt/vss.
[WARNING DRT-0122] Layer BPR is skipped for gt2_6t_inv_x6_w31_hvt/vdd.
[WARNING DRT-0122] Layer BPR is skipped for gt2_6t_inv_x6_w31_hvt/vss.
[WARNING DRT-0122] Layer BPR is skipped for gt2_6t_inv_x8_w31_hvt/vdd.
[WARNING DRT-0122] Layer BPR is skipped for gt2_6t_inv_x8_w31_hvt/vss.
[WARNING DRT-0122] Layer BPR is skipped for gt2_6t_mux2_x1_w31_hvt/vdd.
[WARNING DRT-0122] Layer BPR is skipped for gt2_6t_mux2_x1_w31_hvt/vss.
[WARNING DRT-0122] Layer BPR is skipped for gt2_6t_mux2_x1_w31_hvt/vss.
[WARNING DRT-0122] Layer BPR is skipped for gt2_6t_nand2_x1_w31_hvt/vdd.
[WARNING DRT-0122] Layer BPR is skipped for gt2_6t_nand2_x1_w31_hvt/vss.
[WARNING DRT-0122] Layer BPR is skipped for gt2_6t_nand2_x2_w31_hvt/vdd.
[WARNING DRT-0122] Layer BPR is skipped for gt2_6t_nand2_x2_w31_hvt/vss.
[WARNING DRT-0122] Layer BPR is skipped for gt2_6t_nand2_x3_w31_hvt/vdd.
[WARNING DRT-0122] Layer BPR is skipped for gt2_6t_nand2_x3_w31_hvt/vss.
[WARNING DRT-0122] Layer BPR is skipped for gt2_6t_nand2_x4_w31_hvt/vdd.
[WARNING DRT-0122] Layer BPR is skipped for gt2_6t_nand2_x4_w31_hvt/vss.
[WARNING DRT-0122] Layer BPR is skipped for gt2_6t_nand3_x1_w31_hvt/vdd.
[WARNING DRT-0122] Layer BPR is skipped for gt2_6t_nand3_x1_w31_hvt/vss.
[WARNING DRT-0122] Layer BPR is skipped for gt2_6t_nor2_x1_w31_hvt/vdd.
[WARNING DRT-0122] Layer BPR is skipped for gt2_6t_nor2_x1_w31_hvt/vss.
[WARNING DRT-0122] Layer BPR is skipped for gt2_6t_nor2_x2_w31_hvt/vdd.
[WARNING DRT-0122] Layer BPR is skipped for gt2_6t_nor2_x2_w31_hvt/vss.
[WARNING DRT-0122] Layer BPR is skipped for gt2_6t_nor2_x3_w31_hvt/vdd.
[WARNING DRT-0122] Layer BPR is skipped for gt2_6t_nor2_x3_w31_hvt/vss.
[WARNING DRT-0122] Layer BPR is skipped for gt2_6t_nor2_x4_w31_hvt/vdd.
[WARNING DRT-0122] Layer BPR is skipped for gt2_6t_nor2_x4_w31_hvt/vss.
[WARNING DRT-0122] Layer BPR is skipped for gt2_6t_nor3_x1_w31_hvt/vdd.
[WARNING DRT-0122] Layer BPR is skipped for gt2_6t_nor3_x1_w31_hvt/vss.
[WARNING DRT-0122] Layer BPR is skipped for gt2_6t_oa211_x1_w31_hvt/vdd.
[WARNING DRT-0122] Layer BPR is skipped for gt2_6t_oa211_x1_w31_hvt/vss.
[WARNING DRT-0122] Layer BPR is skipped for gt2_6t_oa21_x1_w31_hvt/vdd.
[WARNING DRT-0122] Layer BPR is skipped for gt2_6t_oa21_x1_w31_hvt/vss.
[WARNING DRT-0122] Layer BPR is skipped for gt2_6t_oa22_x1_w31_hvt/vdd.
[WARNING DRT-0122] Layer BPR is skipped for gt2_6t_oa22_x1_w31_hvt/vss.
[WARNING DRT-0122] Layer BPR is skipped for gt2_6t_oa31_x1_w31_hvt/vdd.
[WARNING DRT-0122] Layer BPR is skipped for gt2_6t_oa31_x1_w31_hvt/vss.
[WARNING DRT-0122] Layer BPR is skipped for gt2_6t_oa32_x1_w31_hvt/vdd.
[WARNING DRT-0122] Layer BPR is skipped for gt2_6t_oa32_x1_w31_hvt/vss.
[WARNING DRT-0122] Layer BPR is skipped for gt2_6t_oa33_x1_w31_hvt/vdd.
[WARNING DRT-0122] Layer BPR is skipped for gt2_6t_oa33_x1_w31_hvt/vss.
[WARNING DRT-0122] Layer BPR is skipped for gt2_6t_oai211_x1_w31_hvt/vdd.
[WARNING DRT-0122] Layer BPR is skipped for gt2_6t_oai211_x1_w31_hvt/vss.
[WARNING DRT-0122] Layer BPR is skipped for gt2_6t_oai21_x1_w31_hvt/vdd.
[WARNING DRT-0122] Layer BPR is skipped for gt2_6t_oai21_x1_w31_hvt/vss.
[WARNING DRT-0122] Layer BPR is skipped for gt2_6t_oai22_x1_w31_hvt/vdd.
[WARNING DRT-0122] Layer BPR is skipped for gt2_6t_oai22_x1_w31_hvt/vss.
[WARNING DRT-0122] Layer BPR is skipped for gt2_6t_oai31_x1_w31_hvt/vdd.
[WARNING DRT-0122] Layer BPR is skipped for gt2_6t_oai31_x1_w31_hvt/vss.
[WARNING DRT-0122] Layer BPR is skipped for gt2_6t_oai32_x1_w31_hvt/vdd.
[WARNING DRT-0122] Layer BPR is skipped for gt2_6t_oai32_x1_w31_hvt/vss.
[WARNING DRT-0122] Layer BPR is skipped for gt2_6t_oai33_x1_w31_hvt/vdd.
[WARNING DRT-0122] Layer BPR is skipped for gt2_6t_oai33_x1_w31_hvt/vss.
[WARNING DRT-0122] Layer BPR is skipped for gt2_6t_or2_x1_w31_hvt/vdd.
[WARNING DRT-0122] Layer BPR is skipped for gt2_6t_or2_x1_w31_hvt/vss.
[WARNING DRT-0122] Layer BPR is skipped for gt2_6t_or2_x2_w31_hvt/vdd.
[WARNING DRT-0122] Layer BPR is skipped for gt2_6t_or2_x2_w31_hvt/vss.
[WARNING DRT-0122] Layer BPR is skipped for gt2_6t_or2_x3_w31_hvt/vdd.
[WARNING DRT-0122] Layer BPR is skipped for gt2_6t_or2_x3_w31_hvt/vss.
[WARNING DRT-0122] Layer BPR is skipped for gt2_6t_or2_x4_w31_hvt/vdd.
[WARNING DRT-0122] Layer BPR is skipped for gt2_6t_or2_x4_w31_hvt/vss.
[WARNING DRT-0122] Layer BPR is skipped for gt2_6t_or3_x1_w31_hvt/vdd.
[WARNING DRT-0122] Layer BPR is skipped for gt2_6t_or3_x1_w31_hvt/vss.
[WARNING DRT-0122] Layer BPR is skipped for gt2_6t_tapfspdn_w31_hvt/vdd.
[WARNING DRT-0122] Layer BPR is skipped for gt2_6t_tapfspdn_w31_hvt/vss.
[WARNING DRT-0122] Layer BPR is skipped for gt2_6t_tapbspdn_w31_hvt/vdd.
[WARNING DRT-0122] Layer BPR is skipped for gt2_6t_tapbspdn_w31_hvt/vss.
[WARNING DRT-0122] Layer BPR is skipped for gt2_6t_tiehigh_w31_hvt/vdd.
[WARNING DRT-0122] Layer BPR is skipped for gt2_6t_tiehigh_w31_hvt/vss.
[WARNING DRT-0122] Layer BPR is skipped for gt2_6t_tielow_w31_hvt/vdd.
[WARNING DRT-0122] Layer BPR is skipped for gt2_6t_tielow_w31_hvt/vss.
[WARNING DRT-0122] Layer BPR is skipped for gt2_6t_xnor2_x1_w31_hvt/vdd.
[WARNING DRT-0122] Layer BPR is skipped for gt2_6t_xnor2_x1_w31_hvt/vss.
[WARNING DRT-0122] Layer BPR is skipped for gt2_6t_xor2_x1_w31_hvt/vdd.
[WARNING DRT-0122] Layer BPR is skipped for gt2_6t_xor2_x1_w31_hvt/vss.
[WARNING DRT-0122] Layer BPR is skipped for gt2_6t_and2_x1_w31_svt/vdd.
[WARNING DRT-0122] Layer BPR is skipped for gt2_6t_and2_x1_w31_svt/vss.
[WARNING DRT-0122] Layer BPR is skipped for gt2_6t_and2_x2_w31_svt/vdd.
[WARNING DRT-0122] Layer BPR is skipped for gt2_6t_and2_x2_w31_svt/vss.
[WARNING DRT-0122] Layer BPR is skipped for gt2_6t_and2_x3_w31_svt/vdd.
[WARNING DRT-0122] Layer BPR is skipped for gt2_6t_and2_x3_w31_svt/vss.
[WARNING DRT-0122] Layer BPR is skipped for gt2_6t_and2_x4_w31_svt/vdd.
[WARNING DRT-0122] Layer BPR is skipped for gt2_6t_and2_x4_w31_svt/vss.
[WARNING DRT-0122] Layer BPR is skipped for gt2_6t_and3_x1_w31_svt/vdd.
[WARNING DRT-0122] Layer BPR is skipped for gt2_6t_and3_x1_w31_svt/vss.
[WARNING DRT-0122] Layer BPR is skipped for gt2_6t_ao211_x1_w31_svt/vdd.
[WARNING DRT-0122] Layer BPR is skipped for gt2_6t_ao211_x1_w31_svt/vss.
[WARNING DRT-0122] Layer BPR is skipped for gt2_6t_ao21_x1_w31_svt/vdd.
[WARNING DRT-0122] Layer BPR is skipped for gt2_6t_ao21_x1_w31_svt/vss.
[WARNING DRT-0122] Layer BPR is skipped for gt2_6t_ao22_x1_w31_svt/vdd.
[WARNING DRT-0122] Layer BPR is skipped for gt2_6t_ao22_x1_w31_svt/vss.
[WARNING DRT-0122] Layer BPR is skipped for gt2_6t_ao31_x1_w31_svt/vdd.
[WARNING DRT-0122] Layer BPR is skipped for gt2_6t_ao31_x1_w31_svt/vss.
[WARNING DRT-0122] Layer BPR is skipped for gt2_6t_ao32_x1_w31_svt/vdd.
[WARNING DRT-0122] Layer BPR is skipped for gt2_6t_ao32_x1_w31_svt/vss.
[WARNING DRT-0122] Layer BPR is skipped for gt2_6t_ao33_x1_w31_svt/vdd.
[WARNING DRT-0122] Layer BPR is skipped for gt2_6t_ao33_x1_w31_svt/vss.
[WARNING DRT-0122] Layer BPR is skipped for gt2_6t_aoi211_x1_w31_svt/vdd.
[WARNING DRT-0122] Layer BPR is skipped for gt2_6t_aoi211_x1_w31_svt/vss.
[WARNING DRT-0122] Layer BPR is skipped for gt2_6t_aoi21_x1_w31_svt/vdd.
[WARNING DRT-0122] Layer BPR is skipped for gt2_6t_aoi21_x1_w31_svt/vss.
[WARNING DRT-0122] Layer BPR is skipped for gt2_6t_aoi22_x1_w31_svt/vdd.
[WARNING DRT-0122] Layer BPR is skipped for gt2_6t_aoi22_x1_w31_svt/vss.
[WARNING DRT-0122] Layer BPR is skipped for gt2_6t_aoi31_x1_w31_svt/vdd.
[WARNING DRT-0122] Layer BPR is skipped for gt2_6t_aoi31_x1_w31_svt/vss.
[WARNING DRT-0122] Layer BPR is skipped for gt2_6t_aoi32_x1_w31_svt/vdd.
[WARNING DRT-0122] Layer BPR is skipped for gt2_6t_aoi32_x1_w31_svt/vss.
[WARNING DRT-0122] Layer BPR is skipped for gt2_6t_aoi33_x1_w31_svt/vdd.
[WARNING DRT-0122] Layer BPR is skipped for gt2_6t_aoi33_x1_w31_svt/vss.
[WARNING DRT-0122] Layer BPR is skipped for gt2_6t_buf_x1_w31_svt/vdd.
[WARNING DRT-0122] Layer BPR is skipped for gt2_6t_buf_x1_w31_svt/vss.
[WARNING DRT-0122] Layer BPR is skipped for gt2_6t_buf_x10_w31_svt/vdd.
[WARNING DRT-0122] Layer BPR is skipped for gt2_6t_buf_x10_w31_svt/vss.
[WARNING DRT-0122] Layer BPR is skipped for gt2_6t_buf_x12_w31_svt/vdd.
[WARNING DRT-0122] Layer BPR is skipped for gt2_6t_buf_x12_w31_svt/vss.
[WARNING DRT-0122] Layer BPR is skipped for gt2_6t_buf_x2_w31_svt/vdd.
[WARNING DRT-0122] Layer BPR is skipped for gt2_6t_buf_x2_w31_svt/vss.
[WARNING DRT-0122] Layer BPR is skipped for gt2_6t_buf_x3_w31_svt/vdd.
[WARNING DRT-0122] Layer BPR is skipped for gt2_6t_buf_x3_w31_svt/vss.
[WARNING DRT-0122] Layer BPR is skipped for gt2_6t_buf_x4_w31_svt/vdd.
[WARNING DRT-0122] Layer BPR is skipped for gt2_6t_buf_x4_w31_svt/vss.
[WARNING DRT-0122] Layer BPR is skipped for gt2_6t_buf_x6_w31_svt/vdd.
[WARNING DRT-0122] Layer BPR is skipped for gt2_6t_buf_x6_w31_svt/vss.
[WARNING DRT-0122] Layer BPR is skipped for gt2_6t_buf_x8_w31_svt/vdd.
[WARNING DRT-0122] Layer BPR is skipped for gt2_6t_buf_x8_w31_svt/vss.
[WARNING DRT-0122] Layer BPR is skipped for gt2_6t_decapcc_w31_svt/vdd.
[WARNING DRT-0122] Layer BPR is skipped for gt2_6t_decapcc_w31_svt/vss.
[WARNING DRT-0122] Layer BPR is skipped for gt2_6t_dffasync_x1_w31_svt/vdd.
[WARNING DRT-0122] Layer BPR is skipped for gt2_6t_dffasync_x1_w31_svt/vss.
[WARNING DRT-0122] Layer BPR is skipped for gt2_6t_dffasync_x1_w31_svt/vss.
[WARNING DRT-0122] Layer BPR is skipped for gt2_6t_dffasync_x2_w31_svt/vdd.
[WARNING DRT-0122] Layer BPR is skipped for gt2_6t_dffasync_x2_w31_svt/vss.
[WARNING DRT-0122] Layer BPR is skipped for gt2_6t_dffasync_x2_w31_svt/vss.
[WARNING DRT-0122] Layer BPR is skipped for gt2_6t_dffasync_x4_w31_svt/vdd.
[WARNING DRT-0122] Layer BPR is skipped for gt2_6t_dffasync_x4_w31_svt/vss.
[WARNING DRT-0122] Layer BPR is skipped for gt2_6t_dffasync_x4_w31_svt/vss.
[WARNING DRT-0122] Layer BPR is skipped for gt2_6t_filler_w31_svt/vdd.
[WARNING DRT-0122] Layer BPR is skipped for gt2_6t_filler_w31_svt/vss.
[WARNING DRT-0122] Layer BPR is skipped for gt2_6t_inv_x1_w31_svt/vdd.
[WARNING DRT-0122] Layer BPR is skipped for gt2_6t_inv_x1_w31_svt/vss.
[WARNING DRT-0122] Layer BPR is skipped for gt2_6t_inv_x10_w31_svt/vdd.
[WARNING DRT-0122] Layer BPR is skipped for gt2_6t_inv_x10_w31_svt/vss.
[WARNING DRT-0122] Layer BPR is skipped for gt2_6t_inv_x12_w31_svt/vdd.
[WARNING DRT-0122] Layer BPR is skipped for gt2_6t_inv_x12_w31_svt/vss.
[WARNING DRT-0122] Layer BPR is skipped for gt2_6t_inv_x2_w31_svt/vdd.
[WARNING DRT-0122] Layer BPR is skipped for gt2_6t_inv_x2_w31_svt/vss.
[WARNING DRT-0122] Layer BPR is skipped for gt2_6t_inv_x3_w31_svt/vdd.
[WARNING DRT-0122] Layer BPR is skipped for gt2_6t_inv_x3_w31_svt/vss.
[WARNING DRT-0122] Layer BPR is skipped for gt2_6t_inv_x4_w31_svt/vdd.
[WARNING DRT-0122] Layer BPR is skipped for gt2_6t_inv_x4_w31_svt/vss.
[WARNING DRT-0122] Layer BPR is skipped for gt2_6t_inv_x6_w31_svt/vdd.
[WARNING DRT-0122] Layer BPR is skipped for gt2_6t_inv_x6_w31_svt/vss.
[WARNING DRT-0122] Layer BPR is skipped for gt2_6t_inv_x8_w31_svt/vdd.
[WARNING DRT-0122] Layer BPR is skipped for gt2_6t_inv_x8_w31_svt/vss.
[WARNING DRT-0122] Layer BPR is skipped for gt2_6t_mux2_x1_w31_svt/vdd.
[WARNING DRT-0122] Layer BPR is skipped for gt2_6t_mux2_x1_w31_svt/vss.
[WARNING DRT-0122] Layer BPR is skipped for gt2_6t_mux2_x1_w31_svt/vss.
[WARNING DRT-0122] Layer BPR is skipped for gt2_6t_nand2_x1_w31_svt/vdd.
[WARNING DRT-0122] Layer BPR is skipped for gt2_6t_nand2_x1_w31_svt/vss.
[WARNING DRT-0122] Layer BPR is skipped for gt2_6t_nand2_x2_w31_svt/vdd.
[WARNING DRT-0122] Layer BPR is skipped for gt2_6t_nand2_x2_w31_svt/vss.
[WARNING DRT-0122] Layer BPR is skipped for gt2_6t_nand2_x3_w31_svt/vdd.
[WARNING DRT-0122] Layer BPR is skipped for gt2_6t_nand2_x3_w31_svt/vss.
[WARNING DRT-0122] Layer BPR is skipped for gt2_6t_nand2_x4_w31_svt/vdd.
[WARNING DRT-0122] Layer BPR is skipped for gt2_6t_nand2_x4_w31_svt/vss.
[WARNING DRT-0122] Layer BPR is skipped for gt2_6t_nand3_x1_w31_svt/vdd.
[WARNING DRT-0122] Layer BPR is skipped for gt2_6t_nand3_x1_w31_svt/vss.
[WARNING DRT-0122] Layer BPR is skipped for gt2_6t_nor2_x1_w31_svt/vdd.
[WARNING DRT-0122] Layer BPR is skipped for gt2_6t_nor2_x1_w31_svt/vss.
[WARNING DRT-0122] Layer BPR is skipped for gt2_6t_nor2_x2_w31_svt/vdd.
[WARNING DRT-0122] Layer BPR is skipped for gt2_6t_nor2_x2_w31_svt/vss.
[WARNING DRT-0122] Layer BPR is skipped for gt2_6t_nor2_x3_w31_svt/vdd.
[WARNING DRT-0122] Layer BPR is skipped for gt2_6t_nor2_x3_w31_svt/vss.
[WARNING DRT-0122] Layer BPR is skipped for gt2_6t_nor2_x4_w31_svt/vdd.
[WARNING DRT-0122] Layer BPR is skipped for gt2_6t_nor2_x4_w31_svt/vss.
[WARNING DRT-0122] Layer BPR is skipped for gt2_6t_nor3_x1_w31_svt/vdd.
[WARNING DRT-0122] Layer BPR is skipped for gt2_6t_nor3_x1_w31_svt/vss.
[WARNING DRT-0122] Layer BPR is skipped for gt2_6t_oa211_x1_w31_svt/vdd.
[WARNING DRT-0122] Layer BPR is skipped for gt2_6t_oa211_x1_w31_svt/vss.
[WARNING DRT-0122] Layer BPR is skipped for gt2_6t_oa21_x1_w31_svt/vdd.
[WARNING DRT-0122] Layer BPR is skipped for gt2_6t_oa21_x1_w31_svt/vss.
[WARNING DRT-0122] Layer BPR is skipped for gt2_6t_oa22_x1_w31_svt/vdd.
[WARNING DRT-0122] Layer BPR is skipped for gt2_6t_oa22_x1_w31_svt/vss.
[WARNING DRT-0122] Layer BPR is skipped for gt2_6t_oa31_x1_w31_svt/vdd.
[WARNING DRT-0122] Layer BPR is skipped for gt2_6t_oa31_x1_w31_svt/vss.
[WARNING DRT-0122] Layer BPR is skipped for gt2_6t_oa32_x1_w31_svt/vdd.
[WARNING DRT-0122] Layer BPR is skipped for gt2_6t_oa32_x1_w31_svt/vss.
[WARNING DRT-0122] Layer BPR is skipped for gt2_6t_oa33_x1_w31_svt/vdd.
[WARNING DRT-0122] Layer BPR is skipped for gt2_6t_oa33_x1_w31_svt/vss.
[WARNING DRT-0122] Layer BPR is skipped for gt2_6t_oai211_x1_w31_svt/vdd.
[WARNING DRT-0122] Layer BPR is skipped for gt2_6t_oai211_x1_w31_svt/vss.
[WARNING DRT-0122] Layer BPR is skipped for gt2_6t_oai21_x1_w31_svt/vdd.
[WARNING DRT-0122] Layer BPR is skipped for gt2_6t_oai21_x1_w31_svt/vss.
[WARNING DRT-0122] Layer BPR is skipped for gt2_6t_oai22_x1_w31_svt/vdd.
[WARNING DRT-0122] Layer BPR is skipped for gt2_6t_oai22_x1_w31_svt/vss.
[WARNING DRT-0122] Layer BPR is skipped for gt2_6t_oai31_x1_w31_svt/vdd.
[WARNING DRT-0122] Layer BPR is skipped for gt2_6t_oai31_x1_w31_svt/vss.
[WARNING DRT-0122] Layer BPR is skipped for gt2_6t_oai32_x1_w31_svt/vdd.
[WARNING DRT-0122] Layer BPR is skipped for gt2_6t_oai32_x1_w31_svt/vss.
[WARNING DRT-0122] Layer BPR is skipped for gt2_6t_oai33_x1_w31_svt/vdd.
[WARNING DRT-0122] Layer BPR is skipped for gt2_6t_oai33_x1_w31_svt/vss.
[WARNING DRT-0122] Layer BPR is skipped for gt2_6t_or2_x1_w31_svt/vdd.
[WARNING DRT-0122] Layer BPR is skipped for gt2_6t_or2_x1_w31_svt/vss.
[WARNING DRT-0122] Layer BPR is skipped for gt2_6t_or2_x2_w31_svt/vdd.
[WARNING DRT-0122] Layer BPR is skipped for gt2_6t_or2_x2_w31_svt/vss.
[WARNING DRT-0122] Layer BPR is skipped for gt2_6t_or2_x3_w31_svt/vdd.
[WARNING DRT-0122] Layer BPR is skipped for gt2_6t_or2_x3_w31_svt/vss.
[WARNING DRT-0122] Layer BPR is skipped for gt2_6t_or2_x4_w31_svt/vdd.
[WARNING DRT-0122] Layer BPR is skipped for gt2_6t_or2_x4_w31_svt/vss.
[WARNING DRT-0122] Layer BPR is skipped for gt2_6t_or3_x1_w31_svt/vdd.
[WARNING DRT-0122] Layer BPR is skipped for gt2_6t_or3_x1_w31_svt/vss.
[WARNING DRT-0122] Layer BPR is skipped for gt2_6t_tapfspdn_w31_svt/vdd.
[WARNING DRT-0122] Layer BPR is skipped for gt2_6t_tapfspdn_w31_svt/vss.
[WARNING DRT-0122] Layer BPR is skipped for gt2_6t_tapbspdn_w31_svt/vdd.
[WARNING DRT-0122] Layer BPR is skipped for gt2_6t_tapbspdn_w31_svt/vss.
[WARNING DRT-0122] Layer BPR is skipped for gt2_6t_tiehigh_w31_svt/vdd.
[WARNING DRT-0122] Layer BPR is skipped for gt2_6t_tiehigh_w31_svt/vss.
[WARNING DRT-0122] Layer BPR is skipped for gt2_6t_tielow_w31_svt/vdd.
[WARNING DRT-0122] Layer BPR is skipped for gt2_6t_tielow_w31_svt/vss.
[WARNING DRT-0122] Layer BPR is skipped for gt2_6t_xnor2_x1_w31_svt/vdd.
[WARNING DRT-0122] Layer BPR is skipped for gt2_6t_xnor2_x1_w31_svt/vss.
[WARNING DRT-0122] Layer BPR is skipped for gt2_6t_xor2_x1_w31_svt/vdd.
[WARNING DRT-0122] Layer BPR is skipped for gt2_6t_xor2_x1_w31_svt/vss.
[WARNING DRT-0122] Layer BPR is skipped for gt2_6t_and2_x1_w31_ulvt/vdd.
[WARNING DRT-0122] Layer BPR is skipped for gt2_6t_and2_x1_w31_ulvt/vss.
[WARNING DRT-0122] Layer BPR is skipped for gt2_6t_and2_x2_w31_ulvt/vdd.
[WARNING DRT-0122] Layer BPR is skipped for gt2_6t_and2_x2_w31_ulvt/vss.
[WARNING DRT-0122] Layer BPR is skipped for gt2_6t_and2_x3_w31_ulvt/vdd.
[WARNING DRT-0122] Layer BPR is skipped for gt2_6t_and2_x3_w31_ulvt/vss.
[WARNING DRT-0122] Layer BPR is skipped for gt2_6t_and2_x4_w31_ulvt/vdd.
[WARNING DRT-0122] Layer BPR is skipped for gt2_6t_and2_x4_w31_ulvt/vss.
[WARNING DRT-0122] Layer BPR is skipped for gt2_6t_and3_x1_w31_ulvt/vdd.
[WARNING DRT-0122] Layer BPR is skipped for gt2_6t_and3_x1_w31_ulvt/vss.
[WARNING DRT-0122] Layer BPR is skipped for gt2_6t_ao211_x1_w31_ulvt/vdd.
[WARNING DRT-0122] Layer BPR is skipped for gt2_6t_ao211_x1_w31_ulvt/vss.
[WARNING DRT-0122] Layer BPR is skipped for gt2_6t_ao21_x1_w31_ulvt/vdd.
[WARNING DRT-0122] Layer BPR is skipped for gt2_6t_ao21_x1_w31_ulvt/vss.
[WARNING DRT-0122] Layer BPR is skipped for gt2_6t_ao22_x1_w31_ulvt/vdd.
[WARNING DRT-0122] Layer BPR is skipped for gt2_6t_ao22_x1_w31_ulvt/vss.
[WARNING DRT-0122] Layer BPR is skipped for gt2_6t_ao31_x1_w31_ulvt/vdd.
[WARNING DRT-0122] Layer BPR is skipped for gt2_6t_ao31_x1_w31_ulvt/vss.
[WARNING DRT-0122] Layer BPR is skipped for gt2_6t_ao32_x1_w31_ulvt/vdd.
[WARNING DRT-0122] Layer BPR is skipped for gt2_6t_ao32_x1_w31_ulvt/vss.
[WARNING DRT-0122] Layer BPR is skipped for gt2_6t_ao33_x1_w31_ulvt/vdd.
[WARNING DRT-0122] Layer BPR is skipped for gt2_6t_ao33_x1_w31_ulvt/vss.
[WARNING DRT-0122] Layer BPR is skipped for gt2_6t_aoi211_x1_w31_ulvt/vdd.
[WARNING DRT-0122] Layer BPR is skipped for gt2_6t_aoi211_x1_w31_ulvt/vss.
[WARNING DRT-0122] Layer BPR is skipped for gt2_6t_aoi21_x1_w31_ulvt/vdd.
[WARNING DRT-0122] Layer BPR is skipped for gt2_6t_aoi21_x1_w31_ulvt/vss.
[WARNING DRT-0122] Layer BPR is skipped for gt2_6t_aoi22_x1_w31_ulvt/vdd.
[WARNING DRT-0122] Layer BPR is skipped for gt2_6t_aoi22_x1_w31_ulvt/vss.
[WARNING DRT-0122] Layer BPR is skipped for gt2_6t_aoi31_x1_w31_ulvt/vdd.
[WARNING DRT-0122] Layer BPR is skipped for gt2_6t_aoi31_x1_w31_ulvt/vss.
[WARNING DRT-0122] Layer BPR is skipped for gt2_6t_aoi32_x1_w31_ulvt/vdd.
[WARNING DRT-0122] Layer BPR is skipped for gt2_6t_aoi32_x1_w31_ulvt/vss.
[WARNING DRT-0122] Layer BPR is skipped for gt2_6t_aoi33_x1_w31_ulvt/vdd.
[WARNING DRT-0122] Layer BPR is skipped for gt2_6t_aoi33_x1_w31_ulvt/vss.
[WARNING DRT-0122] Layer BPR is skipped for gt2_6t_buf_x1_w31_ulvt/vdd.
[WARNING DRT-0122] Layer BPR is skipped for gt2_6t_buf_x1_w31_ulvt/vss.
[WARNING DRT-0122] Layer BPR is skipped for gt2_6t_buf_x10_w31_ulvt/vdd.
[WARNING DRT-0122] Layer BPR is skipped for gt2_6t_buf_x10_w31_ulvt/vss.
[WARNING DRT-0122] Layer BPR is skipped for gt2_6t_buf_x12_w31_ulvt/vdd.
[WARNING DRT-0122] Layer BPR is skipped for gt2_6t_buf_x12_w31_ulvt/vss.
[WARNING DRT-0122] Layer BPR is skipped for gt2_6t_buf_x2_w31_ulvt/vdd.
[WARNING DRT-0122] Layer BPR is skipped for gt2_6t_buf_x2_w31_ulvt/vss.
[WARNING DRT-0122] Layer BPR is skipped for gt2_6t_buf_x3_w31_ulvt/vdd.
[WARNING DRT-0122] Layer BPR is skipped for gt2_6t_buf_x3_w31_ulvt/vss.
[WARNING DRT-0122] Layer BPR is skipped for gt2_6t_buf_x4_w31_ulvt/vdd.
[WARNING DRT-0122] Layer BPR is skipped for gt2_6t_buf_x4_w31_ulvt/vss.
[WARNING DRT-0122] Layer BPR is skipped for gt2_6t_buf_x6_w31_ulvt/vdd.
[WARNING DRT-0122] Layer BPR is skipped for gt2_6t_buf_x6_w31_ulvt/vss.
[WARNING DRT-0122] Layer BPR is skipped for gt2_6t_buf_x8_w31_ulvt/vdd.
[WARNING DRT-0122] Layer BPR is skipped for gt2_6t_buf_x8_w31_ulvt/vss.
[WARNING DRT-0122] Layer BPR is skipped for gt2_6t_decapcc_w31_ulvt/vdd.
[WARNING DRT-0122] Layer BPR is skipped for gt2_6t_decapcc_w31_ulvt/vss.
[WARNING DRT-0122] Layer BPR is skipped for gt2_6t_dffasync_x1_w31_ulvt/vdd.
[WARNING DRT-0122] Layer BPR is skipped for gt2_6t_dffasync_x1_w31_ulvt/vss.
[WARNING DRT-0122] Layer BPR is skipped for gt2_6t_dffasync_x1_w31_ulvt/vss.
[WARNING DRT-0122] Layer BPR is skipped for gt2_6t_dffasync_x2_w31_ulvt/vdd.
[WARNING DRT-0122] Layer BPR is skipped for gt2_6t_dffasync_x2_w31_ulvt/vss.
[WARNING DRT-0122] Layer BPR is skipped for gt2_6t_dffasync_x2_w31_ulvt/vss.
[WARNING DRT-0122] Layer BPR is skipped for gt2_6t_dffasync_x4_w31_ulvt/vdd.
[WARNING DRT-0122] Layer BPR is skipped for gt2_6t_dffasync_x4_w31_ulvt/vss.
[WARNING DRT-0122] Layer BPR is skipped for gt2_6t_dffasync_x4_w31_ulvt/vss.
[WARNING DRT-0122] Layer BPR is skipped for gt2_6t_filler_w31_ulvt/vdd.
[WARNING DRT-0122] Layer BPR is skipped for gt2_6t_filler_w31_ulvt/vss.
[WARNING DRT-0122] Layer BPR is skipped for gt2_6t_inv_x1_w31_ulvt/vdd.
[WARNING DRT-0122] Layer BPR is skipped for gt2_6t_inv_x1_w31_ulvt/vss.
[WARNING DRT-0122] Layer BPR is skipped for gt2_6t_inv_x10_w31_ulvt/vdd.
[WARNING DRT-0122] Layer BPR is skipped for gt2_6t_inv_x10_w31_ulvt/vss.
[WARNING DRT-0122] Layer BPR is skipped for gt2_6t_inv_x12_w31_ulvt/vdd.
[WARNING DRT-0122] Layer BPR is skipped for gt2_6t_inv_x12_w31_ulvt/vss.
[WARNING DRT-0122] Layer BPR is skipped for gt2_6t_inv_x2_w31_ulvt/vdd.
[WARNING DRT-0122] Layer BPR is skipped for gt2_6t_inv_x2_w31_ulvt/vss.
[WARNING DRT-0122] Layer BPR is skipped for gt2_6t_inv_x3_w31_ulvt/vdd.
[WARNING DRT-0122] Layer BPR is skipped for gt2_6t_inv_x3_w31_ulvt/vss.
[WARNING DRT-0122] Layer BPR is skipped for gt2_6t_inv_x4_w31_ulvt/vdd.
[WARNING DRT-0122] Layer BPR is skipped for gt2_6t_inv_x4_w31_ulvt/vss.
[WARNING DRT-0122] Layer BPR is skipped for gt2_6t_inv_x6_w31_ulvt/vdd.
[WARNING DRT-0122] Layer BPR is skipped for gt2_6t_inv_x6_w31_ulvt/vss.
[WARNING DRT-0122] Layer BPR is skipped for gt2_6t_inv_x8_w31_ulvt/vdd.
[WARNING DRT-0122] Layer BPR is skipped for gt2_6t_inv_x8_w31_ulvt/vss.
[WARNING DRT-0122] Layer BPR is skipped for gt2_6t_mux2_x1_w31_ulvt/vdd.
[WARNING DRT-0122] Layer BPR is skipped for gt2_6t_mux2_x1_w31_ulvt/vss.
[WARNING DRT-0122] Layer BPR is skipped for gt2_6t_mux2_x1_w31_ulvt/vss.
[WARNING DRT-0122] Layer BPR is skipped for gt2_6t_nand2_x1_w31_ulvt/vdd.
[WARNING DRT-0122] Layer BPR is skipped for gt2_6t_nand2_x1_w31_ulvt/vss.
[WARNING DRT-0122] Layer BPR is skipped for gt2_6t_nand2_x2_w31_ulvt/vdd.
[WARNING DRT-0122] Layer BPR is skipped for gt2_6t_nand2_x2_w31_ulvt/vss.
[WARNING DRT-0122] Layer BPR is skipped for gt2_6t_nand2_x3_w31_ulvt/vdd.
[WARNING DRT-0122] Layer BPR is skipped for gt2_6t_nand2_x3_w31_ulvt/vss.
[WARNING DRT-0122] Layer BPR is skipped for gt2_6t_nand2_x4_w31_ulvt/vdd.
[WARNING DRT-0122] Layer BPR is skipped for gt2_6t_nand2_x4_w31_ulvt/vss.
[WARNING DRT-0122] Layer BPR is skipped for gt2_6t_nand3_x1_w31_ulvt/vdd.
[WARNING DRT-0122] Layer BPR is skipped for gt2_6t_nand3_x1_w31_ulvt/vss.
[WARNING DRT-0122] Layer BPR is skipped for gt2_6t_nor2_x1_w31_ulvt/vdd.
[WARNING DRT-0122] Layer BPR is skipped for gt2_6t_nor2_x1_w31_ulvt/vss.
[WARNING DRT-0122] Layer BPR is skipped for gt2_6t_nor2_x2_w31_ulvt/vdd.
[WARNING DRT-0122] Layer BPR is skipped for gt2_6t_nor2_x2_w31_ulvt/vss.
[WARNING DRT-0122] Layer BPR is skipped for gt2_6t_nor2_x3_w31_ulvt/vdd.
[WARNING DRT-0122] Layer BPR is skipped for gt2_6t_nor2_x3_w31_ulvt/vss.
[WARNING DRT-0122] Layer BPR is skipped for gt2_6t_nor2_x4_w31_ulvt/vdd.
[WARNING DRT-0122] Layer BPR is skipped for gt2_6t_nor2_x4_w31_ulvt/vss.
[WARNING DRT-0122] Layer BPR is skipped for gt2_6t_nor3_x1_w31_ulvt/vdd.
[WARNING DRT-0122] Layer BPR is skipped for gt2_6t_nor3_x1_w31_ulvt/vss.
[WARNING DRT-0122] Layer BPR is skipped for gt2_6t_oa211_x1_w31_ulvt/vdd.
[WARNING DRT-0122] Layer BPR is skipped for gt2_6t_oa211_x1_w31_ulvt/vss.
[WARNING DRT-0122] Layer BPR is skipped for gt2_6t_oa21_x1_w31_ulvt/vdd.
[WARNING DRT-0122] Layer BPR is skipped for gt2_6t_oa21_x1_w31_ulvt/vss.
[WARNING DRT-0122] Layer BPR is skipped for gt2_6t_oa22_x1_w31_ulvt/vdd.
[WARNING DRT-0122] Layer BPR is skipped for gt2_6t_oa22_x1_w31_ulvt/vss.
[WARNING DRT-0122] Layer BPR is skipped for gt2_6t_oa31_x1_w31_ulvt/vdd.
[WARNING DRT-0122] Layer BPR is skipped for gt2_6t_oa31_x1_w31_ulvt/vss.
[WARNING DRT-0122] Layer BPR is skipped for gt2_6t_oa32_x1_w31_ulvt/vdd.
[WARNING DRT-0122] Layer BPR is skipped for gt2_6t_oa32_x1_w31_ulvt/vss.
[WARNING DRT-0122] Layer BPR is skipped for gt2_6t_oa33_x1_w31_ulvt/vdd.
[WARNING DRT-0122] Layer BPR is skipped for gt2_6t_oa33_x1_w31_ulvt/vss.
[WARNING DRT-0122] Layer BPR is skipped for gt2_6t_oai211_x1_w31_ulvt/vdd.
[WARNING DRT-0122] Layer BPR is skipped for gt2_6t_oai211_x1_w31_ulvt/vss.
[WARNING DRT-0122] Layer BPR is skipped for gt2_6t_oai21_x1_w31_ulvt/vdd.
[WARNING DRT-0122] Layer BPR is skipped for gt2_6t_oai21_x1_w31_ulvt/vss.
[WARNING DRT-0122] Layer BPR is skipped for gt2_6t_oai22_x1_w31_ulvt/vdd.
[WARNING DRT-0122] Layer BPR is skipped for gt2_6t_oai22_x1_w31_ulvt/vss.
[WARNING DRT-0122] Layer BPR is skipped for gt2_6t_oai31_x1_w31_ulvt/vdd.
[WARNING DRT-0122] Layer BPR is skipped for gt2_6t_oai31_x1_w31_ulvt/vss.
[WARNING DRT-0122] Layer BPR is skipped for gt2_6t_oai32_x1_w31_ulvt/vdd.
[WARNING DRT-0122] Layer BPR is skipped for gt2_6t_oai32_x1_w31_ulvt/vss.
[WARNING DRT-0122] Layer BPR is skipped for gt2_6t_oai33_x1_w31_ulvt/vdd.
[WARNING DRT-0122] Layer BPR is skipped for gt2_6t_oai33_x1_w31_ulvt/vss.
[WARNING DRT-0122] Layer BPR is skipped for gt2_6t_or2_x1_w31_ulvt/vdd.
[WARNING DRT-0122] Layer BPR is skipped for gt2_6t_or2_x1_w31_ulvt/vss.
[WARNING DRT-0122] Layer BPR is skipped for gt2_6t_or2_x2_w31_ulvt/vdd.
[WARNING DRT-0122] Layer BPR is skipped for gt2_6t_or2_x2_w31_ulvt/vss.
[WARNING DRT-0122] Layer BPR is skipped for gt2_6t_or2_x3_w31_ulvt/vdd.
[WARNING DRT-0122] Layer BPR is skipped for gt2_6t_or2_x3_w31_ulvt/vss.
[WARNING DRT-0122] Layer BPR is skipped for gt2_6t_or2_x4_w31_ulvt/vdd.
[WARNING DRT-0122] Layer BPR is skipped for gt2_6t_or2_x4_w31_ulvt/vss.
[WARNING DRT-0122] Layer BPR is skipped for gt2_6t_or3_x1_w31_ulvt/vdd.
[WARNING DRT-0122] Layer BPR is skipped for gt2_6t_or3_x1_w31_ulvt/vss.
[WARNING DRT-0122] Layer BPR is skipped for gt2_6t_tapfspdn_w31_ulvt/vdd.
[WARNING DRT-0122] Layer BPR is skipped for gt2_6t_tapfspdn_w31_ulvt/vss.
[WARNING DRT-0122] Layer BPR is skipped for gt2_6t_tapbspdn_w31_ulvt/vdd.
[WARNING DRT-0122] Layer BPR is skipped for gt2_6t_tapbspdn_w31_ulvt/vss.
[WARNING DRT-0122] Layer BPR is skipped for gt2_6t_tiehigh_w31_ulvt/vdd.
[WARNING DRT-0122] Layer BPR is skipped for gt2_6t_tiehigh_w31_ulvt/vss.
[WARNING DRT-0122] Layer BPR is skipped for gt2_6t_tielow_w31_ulvt/vdd.
[WARNING DRT-0122] Layer BPR is skipped for gt2_6t_tielow_w31_ulvt/vss.
[WARNING DRT-0122] Layer BPR is skipped for gt2_6t_xnor2_x1_w31_ulvt/vdd.
[WARNING DRT-0122] Layer BPR is skipped for gt2_6t_xnor2_x1_w31_ulvt/vss.
[WARNING DRT-0122] Layer BPR is skipped for gt2_6t_xor2_x1_w31_ulvt/vdd.
[WARNING DRT-0122] Layer BPR is skipped for gt2_6t_xor2_x1_w31_ulvt/vss.
[WARNING DRT-0122] Layer BPR is skipped for gt2_6t_and2_x1_w31_elvt/vdd.
[WARNING DRT-0122] Layer BPR is skipped for gt2_6t_and2_x1_w31_elvt/vss.
[WARNING DRT-0122] Layer BPR is skipped for gt2_6t_and2_x2_w31_elvt/vdd.
[WARNING DRT-0122] Layer BPR is skipped for gt2_6t_and2_x2_w31_elvt/vss.
[WARNING DRT-0122] Layer BPR is skipped for gt2_6t_and2_x3_w31_elvt/vdd.
[WARNING DRT-0122] Layer BPR is skipped for gt2_6t_and2_x3_w31_elvt/vss.
[WARNING DRT-0122] Layer BPR is skipped for gt2_6t_and2_x4_w31_elvt/vdd.
[WARNING DRT-0122] Layer BPR is skipped for gt2_6t_and2_x4_w31_elvt/vss.
[WARNING DRT-0122] Layer BPR is skipped for gt2_6t_and3_x1_w31_elvt/vdd.
[WARNING DRT-0122] Layer BPR is skipped for gt2_6t_and3_x1_w31_elvt/vss.
[WARNING DRT-0122] Layer BPR is skipped for gt2_6t_ao211_x1_w31_elvt/vdd.
[WARNING DRT-0122] Layer BPR is skipped for gt2_6t_ao211_x1_w31_elvt/vss.
[WARNING DRT-0122] Layer BPR is skipped for gt2_6t_ao21_x1_w31_elvt/vdd.
[WARNING DRT-0122] Layer BPR is skipped for gt2_6t_ao21_x1_w31_elvt/vss.
[WARNING DRT-0122] Layer BPR is skipped for gt2_6t_ao22_x1_w31_elvt/vdd.
[WARNING DRT-0122] Layer BPR is skipped for gt2_6t_ao22_x1_w31_elvt/vss.
[WARNING DRT-0122] Layer BPR is skipped for gt2_6t_ao31_x1_w31_elvt/vdd.
[WARNING DRT-0122] Layer BPR is skipped for gt2_6t_ao31_x1_w31_elvt/vss.
[WARNING DRT-0122] Layer BPR is skipped for gt2_6t_ao32_x1_w31_elvt/vdd.
[WARNING DRT-0122] Layer BPR is skipped for gt2_6t_ao32_x1_w31_elvt/vss.
[WARNING DRT-0122] Layer BPR is skipped for gt2_6t_ao33_x1_w31_elvt/vdd.
[WARNING DRT-0122] Layer BPR is skipped for gt2_6t_ao33_x1_w31_elvt/vss.
[WARNING DRT-0122] Layer BPR is skipped for gt2_6t_aoi211_x1_w31_elvt/vdd.
[WARNING DRT-0122] Layer BPR is skipped for gt2_6t_aoi211_x1_w31_elvt/vss.
[WARNING DRT-0122] Layer BPR is skipped for gt2_6t_aoi21_x1_w31_elvt/vdd.
[WARNING DRT-0122] Layer BPR is skipped for gt2_6t_aoi21_x1_w31_elvt/vss.
[WARNING DRT-0122] Layer BPR is skipped for gt2_6t_aoi22_x1_w31_elvt/vdd.
[WARNING DRT-0122] Layer BPR is skipped for gt2_6t_aoi22_x1_w31_elvt/vss.
[WARNING DRT-0122] Layer BPR is skipped for gt2_6t_aoi31_x1_w31_elvt/vdd.
[WARNING DRT-0122] Layer BPR is skipped for gt2_6t_aoi31_x1_w31_elvt/vss.
[WARNING DRT-0122] Layer BPR is skipped for gt2_6t_aoi32_x1_w31_elvt/vdd.
[WARNING DRT-0122] Layer BPR is skipped for gt2_6t_aoi32_x1_w31_elvt/vss.
[WARNING DRT-0122] Layer BPR is skipped for gt2_6t_aoi33_x1_w31_elvt/vdd.
[WARNING DRT-0122] Layer BPR is skipped for gt2_6t_aoi33_x1_w31_elvt/vss.
[WARNING DRT-0122] Layer BPR is skipped for gt2_6t_buf_x1_w31_elvt/vdd.
[WARNING DRT-0122] Layer BPR is skipped for gt2_6t_buf_x1_w31_elvt/vss.
[WARNING DRT-0122] Layer BPR is skipped for gt2_6t_buf_x10_w31_elvt/vdd.
[WARNING DRT-0122] Layer BPR is skipped for gt2_6t_buf_x10_w31_elvt/vss.
[WARNING DRT-0122] Layer BPR is skipped for gt2_6t_buf_x12_w31_elvt/vdd.
[WARNING DRT-0122] Layer BPR is skipped for gt2_6t_buf_x12_w31_elvt/vss.
[WARNING DRT-0122] Layer BPR is skipped for gt2_6t_buf_x2_w31_elvt/vdd.
[WARNING DRT-0122] Layer BPR is skipped for gt2_6t_buf_x2_w31_elvt/vss.
[WARNING DRT-0122] Layer BPR is skipped for gt2_6t_buf_x3_w31_elvt/vdd.
[WARNING DRT-0122] Layer BPR is skipped for gt2_6t_buf_x3_w31_elvt/vss.
[WARNING DRT-0122] Layer BPR is skipped for gt2_6t_buf_x4_w31_elvt/vdd.
[WARNING DRT-0122] Layer BPR is skipped for gt2_6t_buf_x4_w31_elvt/vss.
[WARNING DRT-0122] Layer BPR is skipped for gt2_6t_buf_x6_w31_elvt/vdd.
[WARNING DRT-0122] Layer BPR is skipped for gt2_6t_buf_x6_w31_elvt/vss.
[WARNING DRT-0122] Layer BPR is skipped for gt2_6t_buf_x8_w31_elvt/vdd.
[WARNING DRT-0122] Layer BPR is skipped for gt2_6t_buf_x8_w31_elvt/vss.
[WARNING DRT-0122] Layer BPR is skipped for gt2_6t_decapcc_w31_elvt/vdd.
[WARNING DRT-0122] Layer BPR is skipped for gt2_6t_decapcc_w31_elvt/vss.
[WARNING DRT-0122] Layer BPR is skipped for gt2_6t_dffasync_x1_w31_elvt/vdd.
[WARNING DRT-0122] Layer BPR is skipped for gt2_6t_dffasync_x1_w31_elvt/vss.
[WARNING DRT-0122] Layer BPR is skipped for gt2_6t_dffasync_x1_w31_elvt/vss.
[WARNING DRT-0122] Layer BPR is skipped for gt2_6t_dffasync_x2_w31_elvt/vdd.
[WARNING DRT-0122] Layer BPR is skipped for gt2_6t_dffasync_x2_w31_elvt/vss.
[WARNING DRT-0122] Layer BPR is skipped for gt2_6t_dffasync_x2_w31_elvt/vss.
[WARNING DRT-0122] Layer BPR is skipped for gt2_6t_dffasync_x4_w31_elvt/vdd.
[WARNING DRT-0122] Layer BPR is skipped for gt2_6t_dffasync_x4_w31_elvt/vss.
[WARNING DRT-0122] Layer BPR is skipped for gt2_6t_dffasync_x4_w31_elvt/vss.
[WARNING DRT-0122] Layer BPR is skipped for gt2_6t_filler_w31_elvt/vdd.
[WARNING DRT-0122] Layer BPR is skipped for gt2_6t_filler_w31_elvt/vss.
[WARNING DRT-0122] Layer BPR is skipped for gt2_6t_inv_x1_w31_elvt/vdd.
[WARNING DRT-0122] Layer BPR is skipped for gt2_6t_inv_x1_w31_elvt/vss.
[WARNING DRT-0122] Layer BPR is skipped for gt2_6t_inv_x10_w31_elvt/vdd.
[WARNING DRT-0122] Layer BPR is skipped for gt2_6t_inv_x10_w31_elvt/vss.
[WARNING DRT-0122] Layer BPR is skipped for gt2_6t_inv_x12_w31_elvt/vdd.
[WARNING DRT-0122] Layer BPR is skipped for gt2_6t_inv_x12_w31_elvt/vss.
[WARNING DRT-0122] Layer BPR is skipped for gt2_6t_inv_x2_w31_elvt/vdd.
[WARNING DRT-0122] Layer BPR is skipped for gt2_6t_inv_x2_w31_elvt/vss.
[WARNING DRT-0122] Layer BPR is skipped for gt2_6t_inv_x3_w31_elvt/vdd.
[WARNING DRT-0122] Layer BPR is skipped for gt2_6t_inv_x3_w31_elvt/vss.
[WARNING DRT-0122] Layer BPR is skipped for gt2_6t_inv_x4_w31_elvt/vdd.
[WARNING DRT-0122] Layer BPR is skipped for gt2_6t_inv_x4_w31_elvt/vss.
[WARNING DRT-0122] Layer BPR is skipped for gt2_6t_inv_x6_w31_elvt/vdd.
[WARNING DRT-0122] Layer BPR is skipped for gt2_6t_inv_x6_w31_elvt/vss.
[WARNING DRT-0122] Layer BPR is skipped for gt2_6t_inv_x8_w31_elvt/vdd.
[WARNING DRT-0122] Layer BPR is skipped for gt2_6t_inv_x8_w31_elvt/vss.
[WARNING DRT-0122] Layer BPR is skipped for gt2_6t_mux2_x1_w31_elvt/vdd.
[WARNING DRT-0122] Layer BPR is skipped for gt2_6t_mux2_x1_w31_elvt/vss.
[WARNING DRT-0122] Layer BPR is skipped for gt2_6t_mux2_x1_w31_elvt/vss.
[WARNING DRT-0122] Layer BPR is skipped for gt2_6t_nand2_x1_w31_elvt/vdd.
[WARNING DRT-0122] Layer BPR is skipped for gt2_6t_nand2_x1_w31_elvt/vss.
[WARNING DRT-0122] Layer BPR is skipped for gt2_6t_nand2_x2_w31_elvt/vdd.
[WARNING DRT-0122] Layer BPR is skipped for gt2_6t_nand2_x2_w31_elvt/vss.
[WARNING DRT-0122] Layer BPR is skipped for gt2_6t_nand2_x3_w31_elvt/vdd.
[WARNING DRT-0122] Layer BPR is skipped for gt2_6t_nand2_x3_w31_elvt/vss.
[WARNING DRT-0122] Layer BPR is skipped for gt2_6t_nand2_x4_w31_elvt/vdd.
[WARNING DRT-0122] Layer BPR is skipped for gt2_6t_nand2_x4_w31_elvt/vss.
[WARNING DRT-0122] Layer BPR is skipped for gt2_6t_nand3_x1_w31_elvt/vdd.
[WARNING DRT-0122] Layer BPR is skipped for gt2_6t_nand3_x1_w31_elvt/vss.
[WARNING DRT-0122] Layer BPR is skipped for gt2_6t_nor2_x1_w31_elvt/vdd.
[WARNING DRT-0122] Layer BPR is skipped for gt2_6t_nor2_x1_w31_elvt/vss.
[WARNING DRT-0122] Layer BPR is skipped for gt2_6t_nor2_x2_w31_elvt/vdd.
[WARNING DRT-0122] Layer BPR is skipped for gt2_6t_nor2_x2_w31_elvt/vss.
[WARNING DRT-0122] Layer BPR is skipped for gt2_6t_nor2_x3_w31_elvt/vdd.
[WARNING DRT-0122] Layer BPR is skipped for gt2_6t_nor2_x3_w31_elvt/vss.
[WARNING DRT-0122] Layer BPR is skipped for gt2_6t_nor2_x4_w31_elvt/vdd.
[WARNING DRT-0122] Layer BPR is skipped for gt2_6t_nor2_x4_w31_elvt/vss.
[WARNING DRT-0122] Layer BPR is skipped for gt2_6t_nor3_x1_w31_elvt/vdd.
[WARNING DRT-0122] Layer BPR is skipped for gt2_6t_nor3_x1_w31_elvt/vss.
[WARNING DRT-0122] Layer BPR is skipped for gt2_6t_oa211_x1_w31_elvt/vdd.
[WARNING DRT-0122] Layer BPR is skipped for gt2_6t_oa211_x1_w31_elvt/vss.
[WARNING DRT-0122] Layer BPR is skipped for gt2_6t_oa21_x1_w31_elvt/vdd.
[WARNING DRT-0122] Layer BPR is skipped for gt2_6t_oa21_x1_w31_elvt/vss.
[WARNING DRT-0122] Layer BPR is skipped for gt2_6t_oa22_x1_w31_elvt/vdd.
[WARNING DRT-0122] Layer BPR is skipped for gt2_6t_oa22_x1_w31_elvt/vss.
[WARNING DRT-0122] Layer BPR is skipped for gt2_6t_oa31_x1_w31_elvt/vdd.
[WARNING DRT-0122] Layer BPR is skipped for gt2_6t_oa31_x1_w31_elvt/vss.
[WARNING DRT-0122] Layer BPR is skipped for gt2_6t_oa32_x1_w31_elvt/vdd.
[WARNING DRT-0122] Layer BPR is skipped for gt2_6t_oa32_x1_w31_elvt/vss.
[WARNING DRT-0122] Layer BPR is skipped for gt2_6t_oa33_x1_w31_elvt/vdd.
[WARNING DRT-0122] Layer BPR is skipped for gt2_6t_oa33_x1_w31_elvt/vss.
[WARNING DRT-0122] Layer BPR is skipped for gt2_6t_oai211_x1_w31_elvt/vdd.
[WARNING DRT-0122] Layer BPR is skipped for gt2_6t_oai211_x1_w31_elvt/vss.
[WARNING DRT-0122] Layer BPR is skipped for gt2_6t_oai21_x1_w31_elvt/vdd.
[WARNING DRT-0122] Layer BPR is skipped for gt2_6t_oai21_x1_w31_elvt/vss.
[WARNING DRT-0122] Layer BPR is skipped for gt2_6t_oai22_x1_w31_elvt/vdd.
[WARNING DRT-0122] Layer BPR is skipped for gt2_6t_oai22_x1_w31_elvt/vss.
[WARNING DRT-0122] Layer BPR is skipped for gt2_6t_oai31_x1_w31_elvt/vdd.
[WARNING DRT-0122] Layer BPR is skipped for gt2_6t_oai31_x1_w31_elvt/vss.
[WARNING DRT-0122] Layer BPR is skipped for gt2_6t_oai32_x1_w31_elvt/vdd.
[WARNING DRT-0122] Layer BPR is skipped for gt2_6t_oai32_x1_w31_elvt/vss.
[WARNING DRT-0122] Layer BPR is skipped for gt2_6t_oai33_x1_w31_elvt/vdd.
[WARNING DRT-0122] Layer BPR is skipped for gt2_6t_oai33_x1_w31_elvt/vss.
[WARNING DRT-0122] Layer BPR is skipped for gt2_6t_or2_x1_w31_elvt/vdd.
[WARNING DRT-0122] Layer BPR is skipped for gt2_6t_or2_x1_w31_elvt/vss.
[WARNING DRT-0122] Layer BPR is skipped for gt2_6t_or2_x2_w31_elvt/vdd.
[WARNING DRT-0122] Layer BPR is skipped for gt2_6t_or2_x2_w31_elvt/vss.
[WARNING DRT-0122] Layer BPR is skipped for gt2_6t_or2_x3_w31_elvt/vdd.
[WARNING DRT-0122] Layer BPR is skipped for gt2_6t_or2_x3_w31_elvt/vss.
[WARNING DRT-0122] Layer BPR is skipped for gt2_6t_or2_x4_w31_elvt/vdd.
[WARNING DRT-0122] Layer BPR is skipped for gt2_6t_or2_x4_w31_elvt/vss.
[WARNING DRT-0122] Layer BPR is skipped for gt2_6t_or3_x1_w31_elvt/vdd.
[WARNING DRT-0122] Layer BPR is skipped for gt2_6t_or3_x1_w31_elvt/vss.
[WARNING DRT-0122] Layer BPR is skipped for gt2_6t_tapfspdn_w31_elvt/vdd.
[WARNING DRT-0122] Layer BPR is skipped for gt2_6t_tapfspdn_w31_elvt/vss.
[WARNING DRT-0122] Layer BPR is skipped for gt2_6t_tapbspdn_w31_elvt/vdd.
[WARNING DRT-0122] Layer BPR is skipped for gt2_6t_tapbspdn_w31_elvt/vss.
[WARNING DRT-0122] Layer BPR is skipped for gt2_6t_tiehigh_w31_elvt/vdd.
[WARNING DRT-0122] Layer BPR is skipped for gt2_6t_tiehigh_w31_elvt/vss.
[WARNING DRT-0122] Layer BPR is skipped for gt2_6t_tielow_w31_elvt/vdd.
[WARNING DRT-0122] Layer BPR is skipped for gt2_6t_tielow_w31_elvt/vss.
[WARNING DRT-0122] Layer BPR is skipped for gt2_6t_xnor2_x1_w31_elvt/vdd.
[WARNING DRT-0122] Layer BPR is skipped for gt2_6t_xnor2_x1_w31_elvt/vss.
[WARNING DRT-0122] Layer BPR is skipped for gt2_6t_xor2_x1_w31_elvt/vdd.
[WARNING DRT-0122] Layer BPR is skipped for gt2_6t_xor2_x1_w31_elvt/vss.
[WARNING DRT-0122] Layer BPR is skipped for gt2_6t_and2_x1_w13_lvt/vdd.
[WARNING DRT-0122] Layer BPR is skipped for gt2_6t_and2_x1_w13_lvt/vss.
[WARNING DRT-0122] Layer BPR is skipped for gt2_6t_and2_x2_w13_lvt/vdd.
[WARNING DRT-0122] Layer BPR is skipped for gt2_6t_and2_x2_w13_lvt/vss.
[WARNING DRT-0122] Layer BPR is skipped for gt2_6t_and2_x3_w13_lvt/vdd.
[WARNING DRT-0122] Layer BPR is skipped for gt2_6t_and2_x3_w13_lvt/vss.
[WARNING DRT-0122] Layer BPR is skipped for gt2_6t_and2_x4_w13_lvt/vdd.
[WARNING DRT-0122] Layer BPR is skipped for gt2_6t_and2_x4_w13_lvt/vss.
[WARNING DRT-0122] Layer BPR is skipped for gt2_6t_and3_x1_w13_lvt/vdd.
[WARNING DRT-0122] Layer BPR is skipped for gt2_6t_and3_x1_w13_lvt/vss.
[WARNING DRT-0122] Layer BPR is skipped for gt2_6t_ao211_x1_w13_lvt/vdd.
[WARNING DRT-0122] Layer BPR is skipped for gt2_6t_ao211_x1_w13_lvt/vss.
[WARNING DRT-0122] Layer BPR is skipped for gt2_6t_ao21_x1_w13_lvt/vdd.
[WARNING DRT-0122] Layer BPR is skipped for gt2_6t_ao21_x1_w13_lvt/vss.
[WARNING DRT-0122] Layer BPR is skipped for gt2_6t_ao22_x1_w13_lvt/vdd.
[WARNING DRT-0122] Layer BPR is skipped for gt2_6t_ao22_x1_w13_lvt/vss.
[WARNING DRT-0122] Layer BPR is skipped for gt2_6t_ao31_x1_w13_lvt/vdd.
[WARNING DRT-0122] Layer BPR is skipped for gt2_6t_ao31_x1_w13_lvt/vss.
[WARNING DRT-0122] Layer BPR is skipped for gt2_6t_ao32_x1_w13_lvt/vdd.
[WARNING DRT-0122] Layer BPR is skipped for gt2_6t_ao32_x1_w13_lvt/vss.
[WARNING DRT-0122] Layer BPR is skipped for gt2_6t_ao33_x1_w13_lvt/vdd.
[WARNING DRT-0122] Layer BPR is skipped for gt2_6t_ao33_x1_w13_lvt/vss.
[WARNING DRT-0122] Layer BPR is skipped for gt2_6t_aoi211_x1_w13_lvt/vdd.
[WARNING DRT-0122] Layer BPR is skipped for gt2_6t_aoi211_x1_w13_lvt/vss.
[WARNING DRT-0122] Layer BPR is skipped for gt2_6t_aoi21_x1_w13_lvt/vdd.
[WARNING DRT-0122] Layer BPR is skipped for gt2_6t_aoi21_x1_w13_lvt/vss.
[WARNING DRT-0122] Layer BPR is skipped for gt2_6t_aoi22_x1_w13_lvt/vdd.
[WARNING DRT-0122] Layer BPR is skipped for gt2_6t_aoi22_x1_w13_lvt/vss.
[WARNING DRT-0122] Layer BPR is skipped for gt2_6t_aoi31_x1_w13_lvt/vdd.
[WARNING DRT-0122] Layer BPR is skipped for gt2_6t_aoi31_x1_w13_lvt/vss.
[WARNING DRT-0122] Layer BPR is skipped for gt2_6t_aoi32_x1_w13_lvt/vdd.
[WARNING DRT-0122] Layer BPR is skipped for gt2_6t_aoi32_x1_w13_lvt/vss.
[WARNING DRT-0122] Layer BPR is skipped for gt2_6t_aoi33_x1_w13_lvt/vdd.
[WARNING DRT-0122] Layer BPR is skipped for gt2_6t_aoi33_x1_w13_lvt/vss.
[WARNING DRT-0122] Layer BPR is skipped for gt2_6t_buf_x1_w13_lvt/vdd.
[WARNING DRT-0122] Layer BPR is skipped for gt2_6t_buf_x1_w13_lvt/vss.
[WARNING DRT-0122] Layer BPR is skipped for gt2_6t_buf_x10_w13_lvt/vdd.
[WARNING DRT-0122] Layer BPR is skipped for gt2_6t_buf_x10_w13_lvt/vss.
[WARNING DRT-0122] Layer BPR is skipped for gt2_6t_buf_x12_w13_lvt/vdd.
[WARNING DRT-0122] Layer BPR is skipped for gt2_6t_buf_x12_w13_lvt/vss.
[WARNING DRT-0122] Layer BPR is skipped for gt2_6t_buf_x2_w13_lvt/vdd.
[WARNING DRT-0122] Layer BPR is skipped for gt2_6t_buf_x2_w13_lvt/vss.
[WARNING DRT-0122] Layer BPR is skipped for gt2_6t_buf_x3_w13_lvt/vdd.
[WARNING DRT-0122] Layer BPR is skipped for gt2_6t_buf_x3_w13_lvt/vss.
[WARNING DRT-0122] Layer BPR is skipped for gt2_6t_buf_x4_w13_lvt/vdd.
[WARNING DRT-0122] Layer BPR is skipped for gt2_6t_buf_x4_w13_lvt/vss.
[WARNING DRT-0122] Layer BPR is skipped for gt2_6t_buf_x6_w13_lvt/vdd.
[WARNING DRT-0122] Layer BPR is skipped for gt2_6t_buf_x6_w13_lvt/vss.
[WARNING DRT-0122] Layer BPR is skipped for gt2_6t_buf_x8_w13_lvt/vdd.
[WARNING DRT-0122] Layer BPR is skipped for gt2_6t_buf_x8_w13_lvt/vss.
[WARNING DRT-0122] Layer BPR is skipped for gt2_6t_decapcc_w13_lvt/vdd.
[WARNING DRT-0122] Layer BPR is skipped for gt2_6t_decapcc_w13_lvt/vss.
[WARNING DRT-0122] Layer BPR is skipped for gt2_6t_dffasync_x1_w13_lvt/vdd.
[WARNING DRT-0122] Layer BPR is skipped for gt2_6t_dffasync_x1_w13_lvt/vss.
[WARNING DRT-0122] Layer BPR is skipped for gt2_6t_dffasync_x1_w13_lvt/vss.
[WARNING DRT-0122] Layer BPR is skipped for gt2_6t_dffasync_x2_w13_lvt/vdd.
[WARNING DRT-0122] Layer BPR is skipped for gt2_6t_dffasync_x2_w13_lvt/vss.
[WARNING DRT-0122] Layer BPR is skipped for gt2_6t_dffasync_x2_w13_lvt/vss.
[WARNING DRT-0122] Layer BPR is skipped for gt2_6t_dffasync_x4_w13_lvt/vdd.
[WARNING DRT-0122] Layer BPR is skipped for gt2_6t_dffasync_x4_w13_lvt/vss.
[WARNING DRT-0122] Layer BPR is skipped for gt2_6t_dffasync_x4_w13_lvt/vss.
[WARNING DRT-0122] Layer BPR is skipped for gt2_6t_filler_w13_lvt/vdd.
[WARNING DRT-0122] Layer BPR is skipped for gt2_6t_filler_w13_lvt/vss.
[WARNING DRT-0122] Layer BPR is skipped for gt2_6t_inv_x1_w13_lvt/vdd.
[WARNING DRT-0122] Layer BPR is skipped for gt2_6t_inv_x1_w13_lvt/vss.
[WARNING DRT-0122] Layer BPR is skipped for gt2_6t_inv_x10_w13_lvt/vdd.
[WARNING DRT-0122] Layer BPR is skipped for gt2_6t_inv_x10_w13_lvt/vss.
[WARNING DRT-0122] Layer BPR is skipped for gt2_6t_inv_x12_w13_lvt/vdd.
[WARNING DRT-0122] Layer BPR is skipped for gt2_6t_inv_x12_w13_lvt/vss.
[WARNING DRT-0122] Layer BPR is skipped for gt2_6t_inv_x2_w13_lvt/vdd.
[WARNING DRT-0122] Layer BPR is skipped for gt2_6t_inv_x2_w13_lvt/vss.
[WARNING DRT-0122] Layer BPR is skipped for gt2_6t_inv_x3_w13_lvt/vdd.
[WARNING DRT-0122] Layer BPR is skipped for gt2_6t_inv_x3_w13_lvt/vss.
[WARNING DRT-0122] Layer BPR is skipped for gt2_6t_inv_x4_w13_lvt/vdd.
[WARNING DRT-0122] Layer BPR is skipped for gt2_6t_inv_x4_w13_lvt/vss.
[WARNING DRT-0122] Layer BPR is skipped for gt2_6t_inv_x6_w13_lvt/vdd.
[WARNING DRT-0122] Layer BPR is skipped for gt2_6t_inv_x6_w13_lvt/vss.
[WARNING DRT-0122] Layer BPR is skipped for gt2_6t_inv_x8_w13_lvt/vdd.
[WARNING DRT-0122] Layer BPR is skipped for gt2_6t_inv_x8_w13_lvt/vss.
[WARNING DRT-0122] Layer BPR is skipped for gt2_6t_mux2_x1_w13_lvt/vdd.
[WARNING DRT-0122] Layer BPR is skipped for gt2_6t_mux2_x1_w13_lvt/vss.
[WARNING DRT-0122] Layer BPR is skipped for gt2_6t_mux2_x1_w13_lvt/vss.
[WARNING DRT-0122] Layer BPR is skipped for gt2_6t_nand2_x1_w13_lvt/vdd.
[WARNING DRT-0122] Layer BPR is skipped for gt2_6t_nand2_x1_w13_lvt/vss.
[WARNING DRT-0122] Layer BPR is skipped for gt2_6t_nand2_x2_w13_lvt/vdd.
[WARNING DRT-0122] Layer BPR is skipped for gt2_6t_nand2_x2_w13_lvt/vss.
[WARNING DRT-0122] Layer BPR is skipped for gt2_6t_nand2_x3_w13_lvt/vdd.
[WARNING DRT-0122] Layer BPR is skipped for gt2_6t_nand2_x3_w13_lvt/vss.
[WARNING DRT-0122] Layer BPR is skipped for gt2_6t_nand2_x4_w13_lvt/vdd.
[WARNING DRT-0122] Layer BPR is skipped for gt2_6t_nand2_x4_w13_lvt/vss.
[WARNING DRT-0122] Layer BPR is skipped for gt2_6t_nand3_x1_w13_lvt/vdd.
[WARNING DRT-0122] Layer BPR is skipped for gt2_6t_nand3_x1_w13_lvt/vss.
[WARNING DRT-0122] Layer BPR is skipped for gt2_6t_nor2_x1_w13_lvt/vdd.
[WARNING DRT-0122] Layer BPR is skipped for gt2_6t_nor2_x1_w13_lvt/vss.
[WARNING DRT-0122] Layer BPR is skipped for gt2_6t_nor2_x2_w13_lvt/vdd.
[WARNING DRT-0122] Layer BPR is skipped for gt2_6t_nor2_x2_w13_lvt/vss.
[WARNING DRT-0122] Layer BPR is skipped for gt2_6t_nor2_x3_w13_lvt/vdd.
[WARNING DRT-0122] Layer BPR is skipped for gt2_6t_nor2_x3_w13_lvt/vss.
[WARNING DRT-0122] Layer BPR is skipped for gt2_6t_nor2_x4_w13_lvt/vdd.
[WARNING DRT-0122] Layer BPR is skipped for gt2_6t_nor2_x4_w13_lvt/vss.
[WARNING DRT-0122] Layer BPR is skipped for gt2_6t_nor3_x1_w13_lvt/vdd.
[WARNING DRT-0122] Layer BPR is skipped for gt2_6t_nor3_x1_w13_lvt/vss.
[WARNING DRT-0122] Layer BPR is skipped for gt2_6t_oa211_x1_w13_lvt/vdd.
[WARNING DRT-0122] Layer BPR is skipped for gt2_6t_oa211_x1_w13_lvt/vss.
[WARNING DRT-0122] Layer BPR is skipped for gt2_6t_oa21_x1_w13_lvt/vdd.
[WARNING DRT-0122] Layer BPR is skipped for gt2_6t_oa21_x1_w13_lvt/vss.
[WARNING DRT-0122] Layer BPR is skipped for gt2_6t_oa22_x1_w13_lvt/vdd.
[WARNING DRT-0122] Layer BPR is skipped for gt2_6t_oa22_x1_w13_lvt/vss.
[WARNING DRT-0122] Layer BPR is skipped for gt2_6t_oa31_x1_w13_lvt/vdd.
[WARNING DRT-0122] Layer BPR is skipped for gt2_6t_oa31_x1_w13_lvt/vss.
[WARNING DRT-0122] Layer BPR is skipped for gt2_6t_oa32_x1_w13_lvt/vdd.
[WARNING DRT-0122] Layer BPR is skipped for gt2_6t_oa32_x1_w13_lvt/vss.
[WARNING DRT-0122] Layer BPR is skipped for gt2_6t_oa33_x1_w13_lvt/vdd.
[WARNING DRT-0122] Layer BPR is skipped for gt2_6t_oa33_x1_w13_lvt/vss.
[WARNING DRT-0122] Layer BPR is skipped for gt2_6t_oai211_x1_w13_lvt/vdd.
[WARNING DRT-0122] Layer BPR is skipped for gt2_6t_oai211_x1_w13_lvt/vss.
[WARNING DRT-0122] Layer BPR is skipped for gt2_6t_oai21_x1_w13_lvt/vdd.
[WARNING DRT-0122] Layer BPR is skipped for gt2_6t_oai21_x1_w13_lvt/vss.
[WARNING DRT-0122] Layer BPR is skipped for gt2_6t_oai22_x1_w13_lvt/vdd.
[WARNING DRT-0122] Layer BPR is skipped for gt2_6t_oai22_x1_w13_lvt/vss.
[WARNING DRT-0122] Layer BPR is skipped for gt2_6t_oai31_x1_w13_lvt/vdd.
[WARNING DRT-0122] Layer BPR is skipped for gt2_6t_oai31_x1_w13_lvt/vss.
[WARNING DRT-0122] Layer BPR is skipped for gt2_6t_oai32_x1_w13_lvt/vdd.
[WARNING DRT-0122] Layer BPR is skipped for gt2_6t_oai32_x1_w13_lvt/vss.
[WARNING DRT-0122] Layer BPR is skipped for gt2_6t_oai33_x1_w13_lvt/vdd.
[WARNING DRT-0122] Layer BPR is skipped for gt2_6t_oai33_x1_w13_lvt/vss.
[WARNING DRT-0122] Layer BPR is skipped for gt2_6t_or2_x1_w13_lvt/vdd.
[WARNING DRT-0122] Layer BPR is skipped for gt2_6t_or2_x1_w13_lvt/vss.
[WARNING DRT-0122] Layer BPR is skipped for gt2_6t_or2_x2_w13_lvt/vdd.
[WARNING DRT-0122] Layer BPR is skipped for gt2_6t_or2_x2_w13_lvt/vss.
[WARNING DRT-0122] Layer BPR is skipped for gt2_6t_or2_x3_w13_lvt/vdd.
[WARNING DRT-0122] Layer BPR is skipped for gt2_6t_or2_x3_w13_lvt/vss.
[WARNING DRT-0122] Layer BPR is skipped for gt2_6t_or2_x4_w13_lvt/vdd.
[WARNING DRT-0122] Layer BPR is skipped for gt2_6t_or2_x4_w13_lvt/vss.
[WARNING DRT-0122] Layer BPR is skipped for gt2_6t_or3_x1_w13_lvt/vdd.
[WARNING DRT-0122] Layer BPR is skipped for gt2_6t_or3_x1_w13_lvt/vss.
[WARNING DRT-0122] Layer BPR is skipped for gt2_6t_tapfspdn_w13_lvt/vdd.
[WARNING DRT-0122] Layer BPR is skipped for gt2_6t_tapfspdn_w13_lvt/vss.
[WARNING DRT-0122] Layer BPR is skipped for gt2_6t_tapbspdn_w13_lvt/vdd.
[WARNING DRT-0122] Layer BPR is skipped for gt2_6t_tapbspdn_w13_lvt/vss.
[WARNING DRT-0122] Layer BPR is skipped for gt2_6t_tiehigh_w13_lvt/vdd.
[WARNING DRT-0122] Layer BPR is skipped for gt2_6t_tiehigh_w13_lvt/vss.
[WARNING DRT-0122] Layer BPR is skipped for gt2_6t_tielow_w13_lvt/vdd.
[WARNING DRT-0122] Layer BPR is skipped for gt2_6t_tielow_w13_lvt/vss.
[WARNING DRT-0122] Layer BPR is skipped for gt2_6t_xnor2_x1_w13_lvt/vdd.
[WARNING DRT-0122] Layer BPR is skipped for gt2_6t_xnor2_x1_w13_lvt/vss.
[WARNING DRT-0122] Layer BPR is skipped for gt2_6t_xor2_x1_w13_lvt/vdd.
[WARNING DRT-0122] Layer BPR is skipped for gt2_6t_xor2_x1_w13_lvt/vss.
[WARNING DRT-0122] Layer BPR is skipped for gt2_6t_and2_x1_w13_hvt/vdd.
[WARNING DRT-0122] Layer BPR is skipped for gt2_6t_and2_x1_w13_hvt/vss.
[WARNING DRT-0122] Layer BPR is skipped for gt2_6t_and2_x2_w13_hvt/vdd.
[WARNING DRT-0122] Layer BPR is skipped for gt2_6t_and2_x2_w13_hvt/vss.
[WARNING DRT-0122] Layer BPR is skipped for gt2_6t_and2_x3_w13_hvt/vdd.
[WARNING DRT-0122] Layer BPR is skipped for gt2_6t_and2_x3_w13_hvt/vss.
[WARNING DRT-0122] Layer BPR is skipped for gt2_6t_and2_x4_w13_hvt/vdd.
[WARNING DRT-0122] Layer BPR is skipped for gt2_6t_and2_x4_w13_hvt/vss.
[WARNING DRT-0122] Layer BPR is skipped for gt2_6t_and3_x1_w13_hvt/vdd.
[WARNING DRT-0122] Layer BPR is skipped for gt2_6t_and3_x1_w13_hvt/vss.
[WARNING DRT-0122] Layer BPR is skipped for gt2_6t_ao211_x1_w13_hvt/vdd.
[WARNING DRT-0122] Layer BPR is skipped for gt2_6t_ao211_x1_w13_hvt/vss.
[WARNING DRT-0122] Layer BPR is skipped for gt2_6t_ao21_x1_w13_hvt/vdd.
[WARNING DRT-0122] Layer BPR is skipped for gt2_6t_ao21_x1_w13_hvt/vss.
[WARNING DRT-0122] Layer BPR is skipped for gt2_6t_ao22_x1_w13_hvt/vdd.
[WARNING DRT-0122] Layer BPR is skipped for gt2_6t_ao22_x1_w13_hvt/vss.
[WARNING DRT-0122] Layer BPR is skipped for gt2_6t_ao31_x1_w13_hvt/vdd.
[WARNING DRT-0122] Layer BPR is skipped for gt2_6t_ao31_x1_w13_hvt/vss.
[WARNING DRT-0122] Layer BPR is skipped for gt2_6t_ao32_x1_w13_hvt/vdd.
[WARNING DRT-0122] Layer BPR is skipped for gt2_6t_ao32_x1_w13_hvt/vss.
[WARNING DRT-0122] Layer BPR is skipped for gt2_6t_ao33_x1_w13_hvt/vdd.
[WARNING DRT-0122] Layer BPR is skipped for gt2_6t_ao33_x1_w13_hvt/vss.
[WARNING DRT-0122] Layer BPR is skipped for gt2_6t_aoi211_x1_w13_hvt/vdd.
[WARNING DRT-0122] Layer BPR is skipped for gt2_6t_aoi211_x1_w13_hvt/vss.
[WARNING DRT-0122] Layer BPR is skipped for gt2_6t_aoi21_x1_w13_hvt/vdd.
[WARNING DRT-0122] Layer BPR is skipped for gt2_6t_aoi21_x1_w13_hvt/vss.
[WARNING DRT-0122] Layer BPR is skipped for gt2_6t_aoi22_x1_w13_hvt/vdd.
[WARNING DRT-0122] Layer BPR is skipped for gt2_6t_aoi22_x1_w13_hvt/vss.
[WARNING DRT-0122] Layer BPR is skipped for gt2_6t_aoi31_x1_w13_hvt/vdd.
[WARNING DRT-0122] Layer BPR is skipped for gt2_6t_aoi31_x1_w13_hvt/vss.
[WARNING DRT-0122] Layer BPR is skipped for gt2_6t_aoi32_x1_w13_hvt/vdd.
[WARNING DRT-0122] Layer BPR is skipped for gt2_6t_aoi32_x1_w13_hvt/vss.
[WARNING DRT-0122] Layer BPR is skipped for gt2_6t_aoi33_x1_w13_hvt/vdd.
[WARNING DRT-0122] Layer BPR is skipped for gt2_6t_aoi33_x1_w13_hvt/vss.
[WARNING DRT-0122] Layer BPR is skipped for gt2_6t_buf_x1_w13_hvt/vdd.
[WARNING DRT-0122] Layer BPR is skipped for gt2_6t_buf_x1_w13_hvt/vss.
[WARNING DRT-0122] Layer BPR is skipped for gt2_6t_buf_x10_w13_hvt/vdd.
[WARNING DRT-0122] Layer BPR is skipped for gt2_6t_buf_x10_w13_hvt/vss.
[WARNING DRT-0122] Layer BPR is skipped for gt2_6t_buf_x12_w13_hvt/vdd.
[WARNING DRT-0122] Layer BPR is skipped for gt2_6t_buf_x12_w13_hvt/vss.
[WARNING DRT-0122] Layer BPR is skipped for gt2_6t_buf_x2_w13_hvt/vdd.
[WARNING DRT-0122] Layer BPR is skipped for gt2_6t_buf_x2_w13_hvt/vss.
[WARNING DRT-0122] Layer BPR is skipped for gt2_6t_buf_x3_w13_hvt/vdd.
[WARNING DRT-0122] Layer BPR is skipped for gt2_6t_buf_x3_w13_hvt/vss.
[WARNING DRT-0122] Layer BPR is skipped for gt2_6t_buf_x4_w13_hvt/vdd.
[WARNING DRT-0122] Layer BPR is skipped for gt2_6t_buf_x4_w13_hvt/vss.
[WARNING DRT-0122] Layer BPR is skipped for gt2_6t_buf_x6_w13_hvt/vdd.
[WARNING DRT-0122] Layer BPR is skipped for gt2_6t_buf_x6_w13_hvt/vss.
[WARNING DRT-0122] Layer BPR is skipped for gt2_6t_buf_x8_w13_hvt/vdd.
[WARNING DRT-0122] Layer BPR is skipped for gt2_6t_buf_x8_w13_hvt/vss.
[WARNING DRT-0122] Layer BPR is skipped for gt2_6t_decapcc_w13_hvt/vdd.
[WARNING DRT-0122] Layer BPR is skipped for gt2_6t_decapcc_w13_hvt/vss.
[WARNING DRT-0122] Layer BPR is skipped for gt2_6t_dffasync_x1_w13_hvt/vdd.
[WARNING DRT-0122] Layer BPR is skipped for gt2_6t_dffasync_x1_w13_hvt/vss.
[WARNING DRT-0122] Layer BPR is skipped for gt2_6t_dffasync_x1_w13_hvt/vss.
[WARNING DRT-0122] Layer BPR is skipped for gt2_6t_dffasync_x2_w13_hvt/vdd.
[WARNING DRT-0122] Layer BPR is skipped for gt2_6t_dffasync_x2_w13_hvt/vss.
[WARNING DRT-0122] Layer BPR is skipped for gt2_6t_dffasync_x2_w13_hvt/vss.
[WARNING DRT-0122] Layer BPR is skipped for gt2_6t_dffasync_x4_w13_hvt/vdd.
[WARNING DRT-0122] Layer BPR is skipped for gt2_6t_dffasync_x4_w13_hvt/vss.
[WARNING DRT-0122] Layer BPR is skipped for gt2_6t_dffasync_x4_w13_hvt/vss.
[WARNING DRT-0122] Layer BPR is skipped for gt2_6t_filler_w13_hvt/vdd.
[WARNING DRT-0122] Layer BPR is skipped for gt2_6t_filler_w13_hvt/vss.
[WARNING DRT-0122] Layer BPR is skipped for gt2_6t_inv_x1_w13_hvt/vdd.
[WARNING DRT-0122] Layer BPR is skipped for gt2_6t_inv_x1_w13_hvt/vss.
[WARNING DRT-0122] Layer BPR is skipped for gt2_6t_inv_x10_w13_hvt/vdd.
[WARNING DRT-0122] Layer BPR is skipped for gt2_6t_inv_x10_w13_hvt/vss.
[WARNING DRT-0122] Layer BPR is skipped for gt2_6t_inv_x12_w13_hvt/vdd.
[WARNING DRT-0122] Layer BPR is skipped for gt2_6t_inv_x12_w13_hvt/vss.
[WARNING DRT-0122] Layer BPR is skipped for gt2_6t_inv_x2_w13_hvt/vdd.
[WARNING DRT-0122] Layer BPR is skipped for gt2_6t_inv_x2_w13_hvt/vss.
[WARNING DRT-0122] Layer BPR is skipped for gt2_6t_inv_x3_w13_hvt/vdd.
[WARNING DRT-0122] Layer BPR is skipped for gt2_6t_inv_x3_w13_hvt/vss.
[WARNING DRT-0122] Layer BPR is skipped for gt2_6t_inv_x4_w13_hvt/vdd.
[WARNING DRT-0122] Layer BPR is skipped for gt2_6t_inv_x4_w13_hvt/vss.
[WARNING DRT-0122] Layer BPR is skipped for gt2_6t_inv_x6_w13_hvt/vdd.
[WARNING DRT-0122] Layer BPR is skipped for gt2_6t_inv_x6_w13_hvt/vss.
[WARNING DRT-0122] Layer BPR is skipped for gt2_6t_inv_x8_w13_hvt/vdd.
[WARNING DRT-0122] Layer BPR is skipped for gt2_6t_inv_x8_w13_hvt/vss.
[WARNING DRT-0122] Layer BPR is skipped for gt2_6t_mux2_x1_w13_hvt/vdd.
[WARNING DRT-0122] Layer BPR is skipped for gt2_6t_mux2_x1_w13_hvt/vss.
[WARNING DRT-0122] Layer BPR is skipped for gt2_6t_mux2_x1_w13_hvt/vss.
[WARNING DRT-0122] Layer BPR is skipped for gt2_6t_nand2_x1_w13_hvt/vdd.
[WARNING DRT-0122] Layer BPR is skipped for gt2_6t_nand2_x1_w13_hvt/vss.
[WARNING DRT-0122] Layer BPR is skipped for gt2_6t_nand2_x2_w13_hvt/vdd.
[WARNING DRT-0122] Layer BPR is skipped for gt2_6t_nand2_x2_w13_hvt/vss.
[WARNING DRT-0122] Layer BPR is skipped for gt2_6t_nand2_x3_w13_hvt/vdd.
[WARNING DRT-0122] Layer BPR is skipped for gt2_6t_nand2_x3_w13_hvt/vss.
[WARNING DRT-0122] Layer BPR is skipped for gt2_6t_nand2_x4_w13_hvt/vdd.
[WARNING DRT-0122] Layer BPR is skipped for gt2_6t_nand2_x4_w13_hvt/vss.
[WARNING DRT-0122] Layer BPR is skipped for gt2_6t_nand3_x1_w13_hvt/vdd.
[WARNING DRT-0122] Layer BPR is skipped for gt2_6t_nand3_x1_w13_hvt/vss.
[WARNING DRT-0122] Layer BPR is skipped for gt2_6t_nor2_x1_w13_hvt/vdd.
[WARNING DRT-0122] Layer BPR is skipped for gt2_6t_nor2_x1_w13_hvt/vss.
[WARNING DRT-0122] Layer BPR is skipped for gt2_6t_nor2_x2_w13_hvt/vdd.
[WARNING DRT-0122] Layer BPR is skipped for gt2_6t_nor2_x2_w13_hvt/vss.
[WARNING DRT-0122] Layer BPR is skipped for gt2_6t_nor2_x3_w13_hvt/vdd.
[WARNING DRT-0122] Layer BPR is skipped for gt2_6t_nor2_x3_w13_hvt/vss.
[WARNING DRT-0122] Layer BPR is skipped for gt2_6t_nor2_x4_w13_hvt/vdd.
[WARNING DRT-0122] Layer BPR is skipped for gt2_6t_nor2_x4_w13_hvt/vss.
[WARNING DRT-0122] Layer BPR is skipped for gt2_6t_nor3_x1_w13_hvt/vdd.
[WARNING DRT-0122] Layer BPR is skipped for gt2_6t_nor3_x1_w13_hvt/vss.
[WARNING DRT-0122] Layer BPR is skipped for gt2_6t_oa211_x1_w13_hvt/vdd.
[WARNING DRT-0122] Layer BPR is skipped for gt2_6t_oa211_x1_w13_hvt/vss.
[WARNING DRT-0122] Layer BPR is skipped for gt2_6t_oa21_x1_w13_hvt/vdd.
[WARNING DRT-0122] Layer BPR is skipped for gt2_6t_oa21_x1_w13_hvt/vss.
[WARNING DRT-0122] Layer BPR is skipped for gt2_6t_oa22_x1_w13_hvt/vdd.
[WARNING DRT-0122] Layer BPR is skipped for gt2_6t_oa22_x1_w13_hvt/vss.
[WARNING DRT-0122] Layer BPR is skipped for gt2_6t_oa31_x1_w13_hvt/vdd.
[WARNING DRT-0122] Layer BPR is skipped for gt2_6t_oa31_x1_w13_hvt/vss.
[WARNING DRT-0122] Layer BPR is skipped for gt2_6t_oa32_x1_w13_hvt/vdd.
[WARNING DRT-0122] Layer BPR is skipped for gt2_6t_oa32_x1_w13_hvt/vss.
[WARNING DRT-0122] message limit (1000) reached. This message will no longer print.

Units:                2000
Number of layers:     31
Number of macros:     720
Number of vias:       14
Number of viarulegen: 14

[INFO DRT-0150] Reading design.

Design:                   gcd
Die area:                 ( 0 0 ) ( 17763 17763 )
Number of track patterns: 30
Number of DEF vias:       0
Number of components:     714
Number of terminals:      56
Number of snets:          2
Number of nets:           555

[INFO DRT-0167] List of default vias:
  Layer V2
    default via: V2_0
  Layer V3
    default via: V3_0
  Layer V4
    default via: V4_0
  Layer V5
    default via: V5_0
  Layer V6
    default via: V6_0
  Layer V7
    default via: V7_0
  Layer V8
    default via: V8_0
  Layer V9
    default via: V9_0
  Layer V10
    default via: V10_0
  Layer V11
    default via: V11_0
  Layer V12
    default via: V12_0
  Layer V13
    default via: V13_0
[INFO DRT-0162] Library cell analysis.
[INFO DRT-0163] Instance analysis.
[INFO DRT-0164] Number of unique instances = 211.
[INFO DRT-0168] Init region query.
[INFO DRT-0024]   Complete SDCON.
[INFO DRT-0024]   Complete VSD.
[INFO DRT-0024]   Complete M0.
[INFO DRT-0024]   Complete V0.
[INFO DRT-0024]   Complete M1.
[INFO DRT-0024]   Complete V1.
[INFO DRT-0024]   Complete M2.
[INFO DRT-0024]   Complete V2.
[INFO DRT-0024]   Complete M3.
[INFO DRT-0024]   Complete V3.
[INFO DRT-0024]   Complete M4.
[INFO DRT-0024]   Complete V4.
[INFO DRT-0024]   Complete M5.
[INFO DRT-0024]   Complete V5.
[INFO DRT-0024]   Complete M6.
[INFO DRT-0024]   Complete V6.
[INFO DRT-0024]   Complete M7.
[INFO DRT-0024]   Complete V7.
[INFO DRT-0024]   Complete M8.
[INFO DRT-0024]   Complete V8.
[INFO DRT-0024]   Complete M9.
[INFO DRT-0024]   Complete V9.
[INFO DRT-0024]   Complete M10.
[INFO DRT-0024]   Complete V10.
[INFO DRT-0024]   Complete M11.
[INFO DRT-0024]   Complete V11.
[INFO DRT-0024]   Complete M12.
[INFO DRT-0024]   Complete V12.
[INFO DRT-0024]   Complete M13.
[INFO DRT-0024]   Complete V13.
[INFO DRT-0024]   Complete RDL.
[INFO DRT-0033] SDCON shape region query size = 0.
[INFO DRT-0033] VSD shape region query size = 0.
[INFO DRT-0033] M0 shape region query size = 3880.
[INFO DRT-0033] V0 shape region query size = 0.
[INFO DRT-0033] M1 shape region query size = 2523.
[INFO DRT-0033] V1 shape region query size = 0.
[INFO DRT-0033] M2 shape region query size = 32.
[INFO DRT-0033] V2 shape region query size = 0.
[INFO DRT-0033] M3 shape region query size = 22.
[INFO DRT-0033] V3 shape region query size = 0.
[INFO DRT-0033] M4 shape region query size = 0.
[INFO DRT-0033] V4 shape region query size = 0.
[INFO DRT-0033] M5 shape region query size = 0.
[INFO DRT-0033] V5 shape region query size = 0.
[INFO DRT-0033] M6 shape region query size = 0.
[INFO DRT-0033] V6 shape region query size = 0.
[INFO DRT-0033] M7 shape region query size = 0.
[INFO DRT-0033] V7 shape region query size = 0.
[INFO DRT-0033] M8 shape region query size = 0.
[INFO DRT-0033] V8 shape region query size = 0.
[INFO DRT-0033] M9 shape region query size = 0.
[INFO DRT-0033] V9 shape region query size = 0.
[INFO DRT-0033] M10 shape region query size = 0.
[INFO DRT-0033] V10 shape region query size = 0.
[INFO DRT-0033] M11 shape region query size = 0.
[INFO DRT-0033] V11 shape region query size = 0.
[INFO DRT-0033] M12 shape region query size = 0.
[INFO DRT-0033] V12 shape region query size = 0.
[INFO DRT-0033] M13 shape region query size = 0.
[INFO DRT-0033] V13 shape region query size = 0.
[INFO DRT-0033] RDL shape region query size = 0.
[INFO DRT-0165] Start pin access.
[INFO DRT-0076]   Complete 1000 pins.
[INFO DRT-0078]   Complete 1149 pins.
[INFO DRT-0079]   Complete 100 unique inst patterns.
[INFO DRT-0079]   Complete 200 unique inst patterns.
[INFO DRT-0081]   Complete 211 unique inst patterns.
[INFO DRT-0084]   Complete 385 groups.
#scanned instances     = 714
#unique  instances     = 211
#stdCellGenAp          = 6198
#stdCellValidPlanarAp  = 2884
#stdCellValidViaAp     = 3626
#stdCellPinNoAp        = 0
#stdCellPinCnt         = 1623
#instTermValidViaApCnt = 0
#macroGenAp            = 0
#macroValidPlanarAp    = 0
#macroValidViaAp       = 0
#macroNoAp             = 0
[INFO DRT-0166] Complete pin access.
[INFO DRT-0267] cpu time = 00:00:12, elapsed time = 00:00:01, memory = 302.05 (MB), peak = 298.27 (MB)

[INFO DRT-0157] Number of guides:     3349

[INFO DRT-0169] Post process guides.
[INFO DRT-0176] GCELLGRID X 0 DO 21 STEP 840 ;
[INFO DRT-0177] GCELLGRID Y 0 DO 21 STEP 840 ;
[INFO DRT-0028]   Complete SDCON.
[INFO DRT-0028]   Complete VSD.
[INFO DRT-0028]   Complete M0.
[INFO DRT-0028]   Complete V0.
[INFO DRT-0028]   Complete M1.
[INFO DRT-0028]   Complete V1.
[INFO DRT-0028]   Complete M2.
[INFO DRT-0028]   Complete V2.
[INFO DRT-0028]   Complete M3.
[INFO DRT-0028]   Complete V3.
[INFO DRT-0028]   Complete M4.
[INFO DRT-0028]   Complete V4.
[INFO DRT-0028]   Complete M5.
[INFO DRT-0028]   Complete V5.
[INFO DRT-0028]   Complete M6.
[INFO DRT-0028]   Complete V6.
[INFO DRT-0028]   Complete M7.
[INFO DRT-0028]   Complete V7.
[INFO DRT-0028]   Complete M8.
[INFO DRT-0028]   Complete V8.
[INFO DRT-0028]   Complete M9.
[INFO DRT-0028]   Complete V9.
[INFO DRT-0028]   Complete M10.
[INFO DRT-0028]   Complete V10.
[INFO DRT-0028]   Complete M11.
[INFO DRT-0028]   Complete V11.
[INFO DRT-0028]   Complete M12.
[INFO DRT-0028]   Complete V12.
[INFO DRT-0028]   Complete M13.
[INFO DRT-0028]   Complete V13.
[INFO DRT-0028]   Complete RDL.
[INFO DRT-0178] Init guide query.
[INFO DRT-0035]   Complete SDCON (guide).
[INFO DRT-0035]   Complete VSD (guide).
[INFO DRT-0035]   Complete M0 (guide).
[INFO DRT-0035]   Complete V0 (guide).
[INFO DRT-0035]   Complete M1 (guide).
[INFO DRT-0035]   Complete V1 (guide).
[INFO DRT-0035]   Complete M2 (guide).
[INFO DRT-0035]   Complete V2 (guide).
[INFO DRT-0035]   Complete M3 (guide).
[INFO DRT-0035]   Complete V3 (guide).
[INFO DRT-0035]   Complete M4 (guide).
[INFO DRT-0035]   Complete V4 (guide).
[INFO DRT-0035]   Complete M5 (guide).
[INFO DRT-0035]   Complete V5 (guide).
[INFO DRT-0035]   Complete M6 (guide).
[INFO DRT-0035]   Complete V6 (guide).
[INFO DRT-0035]   Complete M7 (guide).
[INFO DRT-0035]   Complete V7 (guide).
[INFO DRT-0035]   Complete M8 (guide).
[INFO DRT-0035]   Complete V8 (guide).
[INFO DRT-0035]   Complete M9 (guide).
[INFO DRT-0035]   Complete V9 (guide).
[INFO DRT-0035]   Complete M10 (guide).
[INFO DRT-0035]   Complete V10 (guide).
[INFO DRT-0035]   Complete M11 (guide).
[INFO DRT-0035]   Complete V11 (guide).
[INFO DRT-0035]   Complete M12 (guide).
[INFO DRT-0035]   Complete V12 (guide).
[INFO DRT-0035]   Complete M13 (guide).
[INFO DRT-0035]   Complete V13 (guide).
[INFO DRT-0035]   Complete RDL (guide).
[INFO DRT-0036] SDCON guide region query size = 0.
[INFO DRT-0036] VSD guide region query size = 0.
[INFO DRT-0036] M0 guide region query size = 0.
[INFO DRT-0036] V0 guide region query size = 0.
[INFO DRT-0036] M1 guide region query size = 1256.
[INFO DRT-0036] V1 guide region query size = 0.
[INFO DRT-0036] M2 guide region query size = 938.
[INFO DRT-0036] V2 guide region query size = 0.
[INFO DRT-0036] M3 guide region query size = 422.
[INFO DRT-0036] V3 guide region query size = 0.
[INFO DRT-0036] M4 guide region query size = 11.
[INFO DRT-0036] V4 guide region query size = 0.
[INFO DRT-0036] M5 guide region query size = 2.
[INFO DRT-0036] V5 guide region query size = 0.
[INFO DRT-0036] M6 guide region query size = 0.
[INFO DRT-0036] V6 guide region query size = 0.
[INFO DRT-0036] M7 guide region query size = 0.
[INFO DRT-0036] V7 guide region query size = 0.
[INFO DRT-0036] M8 guide region query size = 0.
[INFO DRT-0036] V8 guide region query size = 0.
[INFO DRT-0036] M9 guide region query size = 0.
[INFO DRT-0036] V9 guide region query size = 0.
[INFO DRT-0036] M10 guide region query size = 0.
[INFO DRT-0036] V10 guide region query size = 0.
[INFO DRT-0036] M11 guide region query size = 0.
[INFO DRT-0036] V11 guide region query size = 0.
[INFO DRT-0036] M12 guide region query size = 0.
[INFO DRT-0036] V12 guide region query size = 0.
[INFO DRT-0036] M13 guide region query size = 0.
[INFO DRT-0036] V13 guide region query size = 0.
[INFO DRT-0036] RDL guide region query size = 0.
[INFO DRT-0179] Init gr pin query.
[INFO DRT-0267] cpu time = 00:00:00, elapsed time = 00:00:00, memory = 302.47 (MB), peak = 298.77 (MB)
[INFO DRT-0245] skipped writing guide updates to database.
[INFO DRT-0181] Start track assignment.
[INFO DRT-0184] Done with 1680 vertical wires in 1 frboxes and 949 horizontal wires in 1 frboxes.
[INFO DRT-0186] Done with 268 vertical wires in 1 frboxes and 295 horizontal wires in 1 frboxes.
[INFO DRT-0182] Complete track assignment.
[INFO DRT-0267] cpu time = 00:00:00, elapsed time = 00:00:00, memory = 306.76 (MB), peak = 303.02 (MB)
[INFO DRT-0187] Start routing data preparation.
[INFO DRT-0267] cpu time = 00:00:00, elapsed time = 00:00:00, memory = 306.90 (MB), peak = 303.02 (MB)
[INFO DRT-0194] Start detail routing.
[INFO DRT-0195] Start 0th optimization iteration.
    Completing 10% with 0 violations.
    elapsed time = 00:00:00, memory = 511.54 (MB).
    Completing 20% with 0 violations.
    elapsed time = 00:00:00, memory = 461.26 (MB).
    Completing 30% with 0 violations.
    elapsed time = 00:00:00, memory = 408.73 (MB).
    Completing 40% with 0 violations.
    elapsed time = 00:00:00, memory = 357.66 (MB).
    Completing 50% with 23 violations.
    elapsed time = 00:00:00, memory = 469.79 (MB).
    Completing 60% with 23 violations.
    elapsed time = 00:00:00, memory = 390.62 (MB).
    Completing 70% with 40 violations.
    elapsed time = 00:00:01, memory = 497.04 (MB).
    Completing 80% with 40 violations.
    elapsed time = 00:00:01, memory = 415.03 (MB).
    Completing 100% with 102 violations.
    elapsed time = 00:00:03, memory = 422.94 (MB).
[INFO DRT-0199]   Number of violations = 173.
Viol/Layer          M1     M2     V2     M3
Corner Spacing       0     66      0      1
Metal Spacing        0      6      0      3
Recheck              2     49      0     20
Short                0      5      5      0
eolKeepOut           0     16      0      0
[INFO DRT-0267] cpu time = 00:00:06, elapsed time = 00:00:03, memory = 1175.00 (MB), peak = 1213.21 (MB)
Total wire length = 711 um.
Total wire length on LAYER M0 = 0 um.
Total wire length on LAYER M1 = 0 um.
Total wire length on LAYER M2 = 363 um.
Total wire length on LAYER M3 = 329 um.
Total wire length on LAYER M4 = 14 um.
Total wire length on LAYER M5 = 4 um.
Total wire length on LAYER M6 = 0 um.
Total wire length on LAYER M7 = 0 um.
Total wire length on LAYER M8 = 0 um.
Total wire length on LAYER M9 = 0 um.
Total wire length on LAYER M10 = 0 um.
Total wire length on LAYER M11 = 0 um.
Total wire length on LAYER M12 = 0 um.
Total wire length on LAYER M13 = 0 um.
Total wire length on LAYER RDL = 0 um.
Total number of vias = 3462.
Up-via summary (total 3462):

--------------
 SDCON       0
    M0       0
    M1    1660
    M2    1768
    M3      28
    M4       6
    M5       0
    M6       0
    M7       0
    M8       0
    M9       0
   M10       0
   M11       0
   M12       0
   M13       0
--------------
      3462


[INFO DRT-0195] Start 1st optimization iteration.
    Completing 10% with 173 violations.
    elapsed time = 00:00:00, memory = 1367.52 (MB).
    Completing 20% with 173 violations.
    elapsed time = 00:00:00, memory = 1232.14 (MB).
    Completing 30% with 124 violations.
    elapsed time = 00:00:01, memory = 1473.34 (MB).
    Completing 40% with 124 violations.
    elapsed time = 00:00:01, memory = 1359.05 (MB).
    Completing 50% with 124 violations.
    elapsed time = 00:00:02, memory = 1268.82 (MB).
    Completing 60% with 96 violations.
    elapsed time = 00:00:02, memory = 1494.43 (MB).
    Completing 70% with 96 violations.
    elapsed time = 00:00:03, memory = 1338.39 (MB).
    Completing 80% with 69 violations.
    elapsed time = 00:00:03, memory = 1566.83 (MB).
    Completing 90% with 69 violations.
    elapsed time = 00:00:03, memory = 1473.16 (MB).
    Completing 100% with 15 violations.
    elapsed time = 00:00:04, memory = 1371.74 (MB).
[INFO DRT-0199]   Number of violations = 15.
Viol/Layer          M2
Corner Spacing      12
Short                1
eolKeepOut           2
[INFO DRT-0267] cpu time = 00:00:10, elapsed time = 00:00:04, memory = 1414.57 (MB), peak = 1589.88 (MB)
Total wire length = 702 um.
Total wire length on LAYER M0 = 0 um.
Total wire length on LAYER M1 = 0 um.
Total wire length on LAYER M2 = 361 um.
Total wire length on LAYER M3 = 324 um.
Total wire length on LAYER M4 = 13 um.
Total wire length on LAYER M5 = 3 um.
Total wire length on LAYER M6 = 0 um.
Total wire length on LAYER M7 = 0 um.
Total wire length on LAYER M8 = 0 um.
Total wire length on LAYER M9 = 0 um.
Total wire length on LAYER M10 = 0 um.
Total wire length on LAYER M11 = 0 um.
Total wire length on LAYER M12 = 0 um.
Total wire length on LAYER M13 = 0 um.
Total wire length on LAYER RDL = 0 um.
Total number of vias = 3255.
Up-via summary (total 3255):

--------------
 SDCON       0
    M0       0
    M1    1648
    M2    1588
    M3      17
    M4       2
    M5       0
    M6       0
    M7       0
    M8       0
    M9       0
   M10       0
   M11       0
   M12       0
   M13       0
--------------
      3255


[INFO DRT-0195] Start 2nd optimization iteration.
    Completing 10% with 15 violations.
    elapsed time = 00:00:00, memory = 1414.57 (MB).
    Completing 20% with 15 violations.
    elapsed time = 00:00:01, memory = 1431.23 (MB).
    Completing 30% with 17 violations.
    elapsed time = 00:00:01, memory = 1431.23 (MB).
    Completing 40% with 17 violations.
    elapsed time = 00:00:01, memory = 1557.45 (MB).
    Completing 50% with 17 violations.
    elapsed time = 00:00:02, memory = 1467.71 (MB).
    Completing 60% with 15 violations.
    elapsed time = 00:00:02, memory = 1467.71 (MB).
    Completing 70% with 15 violations.
    elapsed time = 00:00:03, memory = 1517.46 (MB).
    Completing 80% with 15 violations.
    elapsed time = 00:00:03, memory = 1517.46 (MB).
    Completing 90% with 15 violations.
    elapsed time = 00:00:04, memory = 1610.99 (MB).
    Completing 100% with 13 violations.
    elapsed time = 00:00:04, memory = 1536.22 (MB).
[INFO DRT-0199]   Number of violations = 13.
Viol/Layer          M2
Corner Spacing      13
[INFO DRT-0267] cpu time = 00:00:08, elapsed time = 00:00:04, memory = 1536.34 (MB), peak = 1673.23 (MB)
Total wire length = 700 um.
Total wire length on LAYER M0 = 0 um.
Total wire length on LAYER M1 = 0 um.
Total wire length on LAYER M2 = 360 um.
Total wire length on LAYER M3 = 322 um.
Total wire length on LAYER M4 = 13 um.
Total wire length on LAYER M5 = 3 um.
Total wire length on LAYER M6 = 0 um.
Total wire length on LAYER M7 = 0 um.
Total wire length on LAYER M8 = 0 um.
Total wire length on LAYER M9 = 0 um.
Total wire length on LAYER M10 = 0 um.
Total wire length on LAYER M11 = 0 um.
Total wire length on LAYER M12 = 0 um.
Total wire length on LAYER M13 = 0 um.
Total wire length on LAYER RDL = 0 um.
Total number of vias = 3252.
Up-via summary (total 3252):

--------------
 SDCON       0
    M0       0
    M1    1647
    M2    1583
    M3      18
    M4       4
    M5       0
    M6       0
    M7       0
    M8       0
    M9       0
   M10       0
   M11       0
   M12       0
   M13       0
--------------
      3252


[INFO DRT-0195] Start 3rd guides tiles iteration.
    Completing 10% with 13 violations.
    elapsed time = 00:00:00, memory = 1536.59 (MB).
    Completing 20% with 9 violations.
    elapsed time = 00:00:00, memory = 1536.59 (MB).
    Completing 40% with 9 violations.
    elapsed time = 00:00:01, memory = 1569.78 (MB).
    Completing 50% with 0 violations.
    elapsed time = 00:00:01, memory = 1569.78 (MB).
    Completing 70% with 0 violations.
    elapsed time = 00:00:01, memory = 1569.78 (MB).
    Completing 80% with 0 violations.
    elapsed time = 00:00:01, memory = 1569.78 (MB).
    Completing 100% with 0 violations.
    elapsed time = 00:00:01, memory = 1569.78 (MB).
[INFO DRT-0199]   Number of violations = 0.
[INFO DRT-0267] cpu time = 00:00:02, elapsed time = 00:00:01, memory = 1569.78 (MB), peak = 1673.23 (MB)
Total wire length = 702 um.
Total wire length on LAYER M0 = 0 um.
Total wire length on LAYER M1 = 0 um.
Total wire length on LAYER M2 = 359 um.
Total wire length on LAYER M3 = 324 um.
Total wire length on LAYER M4 = 14 um.
Total wire length on LAYER M5 = 3 um.
Total wire length on LAYER M6 = 0 um.
Total wire length on LAYER M7 = 0 um.
Total wire length on LAYER M8 = 0 um.
Total wire length on LAYER M9 = 0 um.
Total wire length on LAYER M10 = 0 um.
Total wire length on LAYER M11 = 0 um.
Total wire length on LAYER M12 = 0 um.
Total wire length on LAYER M13 = 0 um.
Total wire length on LAYER RDL = 0 um.
Total number of vias = 3240.
Up-via summary (total 3240):

--------------
 SDCON       0
    M0       0
    M1    1647
    M2    1563
    M3      26
    M4       4
    M5       0
    M6       0
    M7       0
    M8       0
    M9       0
   M10       0
   M11       0
   M12       0
   M13       0
--------------
      3240


[INFO DRT-0198] Complete detail routing.
Total wire length = 702 um.
Total wire length on LAYER M0 = 0 um.
Total wire length on LAYER M1 = 0 um.
Total wire length on LAYER M2 = 359 um.
Total wire length on LAYER M3 = 324 um.
Total wire length on LAYER M4 = 14 um.
Total wire length on LAYER M5 = 3 um.
Total wire length on LAYER M6 = 0 um.
Total wire length on LAYER M7 = 0 um.
Total wire length on LAYER M8 = 0 um.
Total wire length on LAYER M9 = 0 um.
Total wire length on LAYER M10 = 0 um.
Total wire length on LAYER M11 = 0 um.
Total wire length on LAYER M12 = 0 um.
Total wire length on LAYER M13 = 0 um.
Total wire length on LAYER RDL = 0 um.
Total number of vias = 3240.
Up-via summary (total 3240):

--------------
 SDCON       0
    M0       0
    M1    1647
    M2    1563
    M3      26
    M4       4
    M5       0
    M6       0
    M7       0
    M8       0
    M9       0
   M10       0
   M11       0
   M12       0
   M13       0
--------------
      3240


[INFO DRT-0267] cpu time = 00:00:28, elapsed time = 00:00:14, memory = 1569.78 (MB), peak = 1673.23 (MB)

[INFO DRT-0180] Post processing.
[INFO DRT-0501] Runtime: 15.56s
Took 16 seconds: detailed_route -output_drc /tmp/workspace/scripts-Private_test-fr_cugr_cmp-2-/reports/gt2n/gcd/base/5_route_drc.rpt -output_maze /tmp/workspace/scripts-Private_test-fr_cugr_cmp-2-/results/gt2n/gcd/base/maze.log -droute_end_iter 64 -verbose 1 -drc_report_iter_step 5
[WARNING GRT-0173] 1 layer pair(s) have no via; using min-area via demand.
[WARNING GRT-0246] No diode with LEF class CORE ANTENNACELL found.
[INFO ANT-0002] Found 0 net violations.
[INFO ANT-0001] Found 0 pin violations.
[INFO ANT-0002] Found 0 net violations.
[INFO ANT-0001] Found 0 pin violations.
Design area 19 um^2 31% utilization.
write_db /tmp/workspace/scripts-Private_test-fr_cugr_cmp-2-/results/gt2n/gcd/base/5_2_route.odb
Elapsed time: 0:15.92[h:]min:sec. CPU time: user 41.78 sys 0.45 (265%). Peak memory: 1713392KB.
Log                       Ext     Elapsed/s Peak Memory/MB sha1sum result [0:20)
5_2_route                 .odb           15           1673 a92634113f4bee1ce981
