Yosys 0.68+post (git sha1 UNKNOWN, Release, GNU /usr/local/bin/wrapped-cc/g++ 11.4.0)
Using ABC speed script.
Extracting clock period from SDC file: /tmp/workspace/scripts-Private_test-fr_cugr_cmp-1-/results/gt2n/aes/base/clock_period.txt
Setting clock period to 500
1. Executing Liberty frontend: ./platforms/gt2n/lib/gt2_6t_w31_lvt_tt_0p7v25c.lib
2. Executing Liberty frontend: ./platforms/gt2n/lib/gt2_6t_w31_hvt_tt_0p7v25c.lib
3. Executing Liberty frontend: ./platforms/gt2n/lib/gt2_6t_w31_svt_tt_0p7v25c.lib
4. Executing Liberty frontend: ./platforms/gt2n/lib/gt2_6t_w31_ulvt_tt_0p7v25c.lib
5. Executing Liberty frontend: ./platforms/gt2n/lib/gt2_6t_w31_elvt_tt_0p7v25c.lib
6. Executing Liberty frontend: ./platforms/gt2n/lib/gt2_6t_w13_lvt_tt_0p7v25c.lib
7. Executing Liberty frontend: ./platforms/gt2n/lib/gt2_6t_w13_hvt_tt_0p7v25c.lib
8. Executing Liberty frontend: ./platforms/gt2n/lib/gt2_6t_w13_svt_tt_0p7v25c.lib
9. Executing Liberty frontend: ./platforms/gt2n/lib/gt2_6t_w13_ulvt_tt_0p7v25c.lib
10. Executing Liberty frontend: ./platforms/gt2n/lib/gt2_6t_w13_elvt_tt_0p7v25c.lib
11. Executing Liberty frontend: ./platforms/gt2n/lib/gt2_6t_w31_lvt_tt_0p7v25c.lib
12. Executing Liberty frontend: ./platforms/gt2n/lib/gt2_6t_w31_hvt_tt_0p7v25c.lib
13. Executing Liberty frontend: ./platforms/gt2n/lib/gt2_6t_w31_svt_tt_0p7v25c.lib
14. Executing Liberty frontend: ./platforms/gt2n/lib/gt2_6t_w31_ulvt_tt_0p7v25c.lib
15. Executing Liberty frontend: ./platforms/gt2n/lib/gt2_6t_w31_elvt_tt_0p7v25c.lib
16. Executing Liberty frontend: ./platforms/gt2n/lib/gt2_6t_w13_lvt_tt_0p7v25c.lib
17. Executing Liberty frontend: ./platforms/gt2n/lib/gt2_6t_w13_hvt_tt_0p7v25c.lib
18. Executing Liberty frontend: ./platforms/gt2n/lib/gt2_6t_w13_svt_tt_0p7v25c.lib
19. Executing Liberty frontend: ./platforms/gt2n/lib/gt2_6t_w13_ulvt_tt_0p7v25c.lib
20. Executing Liberty frontend: ./platforms/gt2n/lib/gt2_6t_w13_elvt_tt_0p7v25c.lib
21. Executing Verilog-2005 frontend: /OpenROAD-flow-scripts/flow/designs/src/aes/aes_cipher_top.v
22. Executing Verilog-2005 frontend: /OpenROAD-flow-scripts/flow/designs/src/aes/aes_inv_cipher_top.v
23. Executing Verilog-2005 frontend: /OpenROAD-flow-scripts/flow/designs/src/aes/aes_inv_sbox.v
24. Executing Verilog-2005 frontend: /OpenROAD-flow-scripts/flow/designs/src/aes/aes_key_expand_128.v
25. Executing Verilog-2005 frontend: /OpenROAD-flow-scripts/flow/designs/src/aes/aes_rcon.v
26. Executing Verilog-2005 frontend: /OpenROAD-flow-scripts/flow/designs/src/aes/aes_sbox.v
27. Executing Verilog-2005 frontend: /OpenROAD-flow-scripts/flow/designs/src/aes/timescale.v
28. Executing Verilog-2005 frontend: ./platforms/gt2n/cells_clkgate.v
29. Executing HIERARCHY pass (managing design hierarchy).
30. Executing AST frontend in derive mode using pre-parsed AST for module `\aes_cipher_top'.
30.1. Analyzing design hierarchy..
30.2. Executing AST frontend in derive mode using pre-parsed AST for module `\aes_sbox'.
30.3. Executing AST frontend in derive mode using pre-parsed AST for module `\aes_key_expand_128'.
Warning: Replacing memory \w with list of registers. See /OpenROAD-flow-scripts/flow/designs/src/aes/aes_key_expand_128.v:73
30.4. Analyzing design hierarchy..
30.5. Executing AST frontend in derive mode using pre-parsed AST for module `\aes_rcon'.
30.6. Analyzing design hierarchy..
30.7. Analyzing design hierarchy..
31. Executing OPT_CLEAN pass (remove unused cells and wires).
Warning: Ignoring module aes_cipher_top because it contains processes (run 'proc' command first).
Warning: Ignoring module aes_rcon because it contains processes (run 'proc' command first).
Warning: Ignoring module aes_key_expand_128 because it contains processes (run 'proc' command first).
Warning: Ignoring module aes_sbox because it contains processes (run 'proc' command first).
32. Executing RTLIL backend.
Warnings: 5 unique messages, 5 total
End of script. Logfile hash: 7452e82c7e, time: 0.20s, user: 0.13s, system: 0.05s, MEM: 37.14 MB peak
Yosys 0.68+post (git sha1 UNKNOWN, Release, GNU /usr/local/bin/wrapped-cc/g++ 11.4.0)
Time spent: 58% 22x read_liberty (0 sec), 9% 1x hierarchy (0 sec), ...
Elapsed time: 0:00.21[h:]min:sec. CPU time: user 0.15 sys 0.05 (99%). Peak memory: 41080KB.
Log                       Ext     Elapsed/s Peak Memory/MB sha1sum result [0:20)
1_1_yosys_canonicalize    .rtlil          0             40 6569ab31d07b736327ea
