OpenROAD 26Q3-1464-gb22abfea20 
Features included (+) or not (-): +GPU +GUI +Python
This program is licensed under the BSD-3 license. See the LICENSE file for details.
Components of this program may be licensed under more restrictive licenses which must be honored.
[INFO ORD-0030] Using 30 thread(s).
read_liberty ./platforms/gt2n/lib/gt2_6t_w31_lvt_tt_0p7v25c.lib
[WARNING STA-1171] ./platforms/gt2n/lib/gt2_6t_w31_lvt_tt_0p7v25c.lib line 58, default_fanout_load is 0.0.
read_liberty ./platforms/gt2n/lib/gt2_6t_w31_hvt_tt_0p7v25c.lib
[WARNING STA-1171] ./platforms/gt2n/lib/gt2_6t_w31_hvt_tt_0p7v25c.lib line 58, default_fanout_load is 0.0.
read_liberty ./platforms/gt2n/lib/gt2_6t_w31_svt_tt_0p7v25c.lib
[WARNING STA-1171] ./platforms/gt2n/lib/gt2_6t_w31_svt_tt_0p7v25c.lib line 58, default_fanout_load is 0.0.
read_liberty ./platforms/gt2n/lib/gt2_6t_w31_ulvt_tt_0p7v25c.lib
[WARNING STA-1171] ./platforms/gt2n/lib/gt2_6t_w31_ulvt_tt_0p7v25c.lib line 58, default_fanout_load is 0.0.
read_liberty ./platforms/gt2n/lib/gt2_6t_w31_elvt_tt_0p7v25c.lib
[WARNING STA-1171] ./platforms/gt2n/lib/gt2_6t_w31_elvt_tt_0p7v25c.lib line 58, default_fanout_load is 0.0.
read_liberty ./platforms/gt2n/lib/gt2_6t_w13_lvt_tt_0p7v25c.lib
[WARNING STA-1171] ./platforms/gt2n/lib/gt2_6t_w13_lvt_tt_0p7v25c.lib line 58, default_fanout_load is 0.0.
read_liberty ./platforms/gt2n/lib/gt2_6t_w13_hvt_tt_0p7v25c.lib
[WARNING STA-1171] ./platforms/gt2n/lib/gt2_6t_w13_hvt_tt_0p7v25c.lib line 58, default_fanout_load is 0.0.
read_liberty ./platforms/gt2n/lib/gt2_6t_w13_svt_tt_0p7v25c.lib
[WARNING STA-1171] ./platforms/gt2n/lib/gt2_6t_w13_svt_tt_0p7v25c.lib line 58, default_fanout_load is 0.0.
read_liberty ./platforms/gt2n/lib/gt2_6t_w13_ulvt_tt_0p7v25c.lib
[WARNING STA-1171] ./platforms/gt2n/lib/gt2_6t_w13_ulvt_tt_0p7v25c.lib line 58, default_fanout_load is 0.0.
read_liberty ./platforms/gt2n/lib/gt2_6t_w13_elvt_tt_0p7v25c.lib
[WARNING STA-1171] ./platforms/gt2n/lib/gt2_6t_w13_elvt_tt_0p7v25c.lib line 58, default_fanout_load is 0.0.
read_db -hier /tmp/workspace/scripts-Private_test-fr_cugr_cmp-1-/results/gt2n/aes/base/2_3_floorplan_tapcell.odb
[WARNING ORD-0012] Hierarchical flow (-hier) is currently in development and may cause multiple issues. Do not use in production environments.
read_sdc /tmp/workspace/scripts-Private_test-fr_cugr_cmp-1-/results/gt2n/aes/base/2_1_floorplan.sdc
source ./platforms/gt2n/setRC.tcl
[INFO PDN-0001] Inserting grid: grid
[INFO PDN-0500] Runtime: 0.02s
Design area 459 um^2 32% utilization.
write_db /tmp/workspace/scripts-Private_test-fr_cugr_cmp-1-/results/gt2n/aes/base/2_4_floorplan_pdn.odb
Elapsed time: 0:00.56[h:]min:sec. CPU time: user 0.50 sys 0.06 (100%). Peak memory: 154052KB.
Log                       Ext     Elapsed/s Peak Memory/MB sha1sum result [0:20)
2_4_floorplan_pdn         .odb            0            150 9ff27750cfd66af5e4de
