OpenROAD 26Q3-1464-gb22abfea20 
Features included (+) or not (-): +GPU +GUI +Python
This program is licensed under the BSD-3 license. See the LICENSE file for details.
Components of this program may be licensed under more restrictive licenses which must be honored.
[INFO ORD-0030] Using 30 thread(s).
read_liberty ./platforms/gt2n/lib/gt2_6t_w31_lvt_tt_0p7v25c.lib
[WARNING STA-1171] ./platforms/gt2n/lib/gt2_6t_w31_lvt_tt_0p7v25c.lib line 58, default_fanout_load is 0.0.
read_liberty ./platforms/gt2n/lib/gt2_6t_w31_hvt_tt_0p7v25c.lib
[WARNING STA-1171] ./platforms/gt2n/lib/gt2_6t_w31_hvt_tt_0p7v25c.lib line 58, default_fanout_load is 0.0.
read_liberty ./platforms/gt2n/lib/gt2_6t_w31_svt_tt_0p7v25c.lib
[WARNING STA-1171] ./platforms/gt2n/lib/gt2_6t_w31_svt_tt_0p7v25c.lib line 58, default_fanout_load is 0.0.
read_liberty ./platforms/gt2n/lib/gt2_6t_w31_ulvt_tt_0p7v25c.lib
[WARNING STA-1171] ./platforms/gt2n/lib/gt2_6t_w31_ulvt_tt_0p7v25c.lib line 58, default_fanout_load is 0.0.
read_liberty ./platforms/gt2n/lib/gt2_6t_w31_elvt_tt_0p7v25c.lib
[WARNING STA-1171] ./platforms/gt2n/lib/gt2_6t_w31_elvt_tt_0p7v25c.lib line 58, default_fanout_load is 0.0.
read_liberty ./platforms/gt2n/lib/gt2_6t_w13_lvt_tt_0p7v25c.lib
[WARNING STA-1171] ./platforms/gt2n/lib/gt2_6t_w13_lvt_tt_0p7v25c.lib line 58, default_fanout_load is 0.0.
read_liberty ./platforms/gt2n/lib/gt2_6t_w13_hvt_tt_0p7v25c.lib
[WARNING STA-1171] ./platforms/gt2n/lib/gt2_6t_w13_hvt_tt_0p7v25c.lib line 58, default_fanout_load is 0.0.
read_liberty ./platforms/gt2n/lib/gt2_6t_w13_svt_tt_0p7v25c.lib
[WARNING STA-1171] ./platforms/gt2n/lib/gt2_6t_w13_svt_tt_0p7v25c.lib line 58, default_fanout_load is 0.0.
read_liberty ./platforms/gt2n/lib/gt2_6t_w13_ulvt_tt_0p7v25c.lib
[WARNING STA-1171] ./platforms/gt2n/lib/gt2_6t_w13_ulvt_tt_0p7v25c.lib line 58, default_fanout_load is 0.0.
read_liberty ./platforms/gt2n/lib/gt2_6t_w13_elvt_tt_0p7v25c.lib
[WARNING STA-1171] ./platforms/gt2n/lib/gt2_6t_w13_elvt_tt_0p7v25c.lib line 58, default_fanout_load is 0.0.
read_db -hier /tmp/workspace/scripts-Private_test-fr_cugr_cmp-1-/results/gt2n/aes/base/4_cts.odb
[WARNING ORD-0012] Hierarchical flow (-hier) is currently in development and may cause multiple issues. Do not use in production environments.
read_sdc /tmp/workspace/scripts-Private_test-fr_cugr_cmp-1-/results/gt2n/aes/base/4_cts.sdc
source ./platforms/gt2n/setRC.tcl
pin_access
[INFO DRT-0149] Reading tech and libs.
[WARNING DRT-0349] LEF58_ENCLOSURE with no CUTCLASS is not supported. Skipping for layer V1
[WARNING DRT-0349] LEF58_ENCLOSURE with no CUTCLASS is not supported. Skipping for layer V1
[WARNING DRT-0349] LEF58_ENCLOSURE with no CUTCLASS is not supported. Skipping for layer V2
[WARNING DRT-0349] LEF58_ENCLOSURE with no CUTCLASS is not supported. Skipping for layer V2
[WARNING DRT-0349] LEF58_ENCLOSURE with no CUTCLASS is not supported. Skipping for layer V3
[WARNING DRT-0349] LEF58_ENCLOSURE with no CUTCLASS is not supported. Skipping for layer V3
[WARNING DRT-0349] LEF58_ENCLOSURE with no CUTCLASS is not supported. Skipping for layer V4
[WARNING DRT-0349] LEF58_ENCLOSURE with no CUTCLASS is not supported. Skipping for layer V4
[WARNING DRT-0349] LEF58_ENCLOSURE with no CUTCLASS is not supported. Skipping for layer V5
[WARNING DRT-0349] LEF58_ENCLOSURE with no CUTCLASS is not supported. Skipping for layer V5
[WARNING DRT-0349] LEF58_ENCLOSURE with no CUTCLASS is not supported. Skipping for layer V6
[WARNING DRT-0349] LEF58_ENCLOSURE with no CUTCLASS is not supported. Skipping for layer V6
[WARNING DRT-0349] LEF58_ENCLOSURE with no CUTCLASS is not supported. Skipping for layer V7
[WARNING DRT-0349] LEF58_ENCLOSURE with no CUTCLASS is not supported. Skipping for layer V7
[WARNING DRT-0349] LEF58_ENCLOSURE with no CUTCLASS is not supported. Skipping for layer V8
[WARNING DRT-0349] LEF58_ENCLOSURE with no CUTCLASS is not supported. Skipping for layer V8
[WARNING DRT-0124] Via BV4 with unused layer BV4_0 will be ignored.
[WARNING DRT-0124] Via BRDL with unused layer BV4_0 will be ignored.
[WARNING DRT-0124] Via BM4 with unused layer BV4_0 will be ignored.
[WARNING DRT-0124] Via BV3 with unused layer BV3_0 will be ignored.
[WARNING DRT-0124] Via BM4 with unused layer BV3_0 will be ignored.
[WARNING DRT-0124] Via BM3 with unused layer BV3_0 will be ignored.
[WARNING DRT-0124] Via BV2 with unused layer BV2_0 will be ignored.
[WARNING DRT-0124] Via BM3 with unused layer BV2_0 will be ignored.
[WARNING DRT-0124] Via BM2 with unused layer BV2_0 will be ignored.
[WARNING DRT-0124] Via BV1 with unused layer BV1_0 will be ignored.
[WARNING DRT-0124] Via BM2 with unused layer BV1_0 will be ignored.
[WARNING DRT-0124] Via BM1 with unused layer BV1_0 will be ignored.
[WARNING DRT-0124] Via BV0 with unused layer BV0_0 will be ignored.
[WARNING DRT-0124] Via BM1 with unused layer BV0_0 will be ignored.
[WARNING DRT-0124] Via BPR with unused layer BV0_0 will be ignored.
[WARNING DRT-0122] Layer BPR is skipped for gt2_6t_and2_x1_w31_lvt/vdd.
[WARNING DRT-0122] Layer BPR is skipped for gt2_6t_and2_x1_w31_lvt/vss.
[WARNING DRT-0122] Layer BPR is skipped for gt2_6t_and2_x2_w31_lvt/vdd.
[WARNING DRT-0122] Layer BPR is skipped for gt2_6t_and2_x2_w31_lvt/vss.
[WARNING DRT-0122] Layer BPR is skipped for gt2_6t_and2_x3_w31_lvt/vdd.
[WARNING DRT-0122] Layer BPR is skipped for gt2_6t_and2_x3_w31_lvt/vss.
[WARNING DRT-0122] Layer BPR is skipped for gt2_6t_and2_x4_w31_lvt/vdd.
[WARNING DRT-0122] Layer BPR is skipped for gt2_6t_and2_x4_w31_lvt/vss.
[WARNING DRT-0122] Layer BPR is skipped for gt2_6t_and3_x1_w31_lvt/vdd.
[WARNING DRT-0122] Layer BPR is skipped for gt2_6t_and3_x1_w31_lvt/vss.
[WARNING DRT-0122] Layer BPR is skipped for gt2_6t_ao211_x1_w31_lvt/vdd.
[WARNING DRT-0122] Layer BPR is skipped for gt2_6t_ao211_x1_w31_lvt/vss.
[WARNING DRT-0122] Layer BPR is skipped for gt2_6t_ao21_x1_w31_lvt/vdd.
[WARNING DRT-0122] Layer BPR is skipped for gt2_6t_ao21_x1_w31_lvt/vss.
[WARNING DRT-0122] Layer BPR is skipped for gt2_6t_ao22_x1_w31_lvt/vdd.
[WARNING DRT-0122] Layer BPR is skipped for gt2_6t_ao22_x1_w31_lvt/vss.
[WARNING DRT-0122] Layer BPR is skipped for gt2_6t_ao31_x1_w31_lvt/vdd.
[WARNING DRT-0122] Layer BPR is skipped for gt2_6t_ao31_x1_w31_lvt/vss.
[WARNING DRT-0122] Layer BPR is skipped for gt2_6t_ao32_x1_w31_lvt/vdd.
[WARNING DRT-0122] Layer BPR is skipped for gt2_6t_ao32_x1_w31_lvt/vss.
[WARNING DRT-0122] Layer BPR is skipped for gt2_6t_ao33_x1_w31_lvt/vdd.
[WARNING DRT-0122] Layer BPR is skipped for gt2_6t_ao33_x1_w31_lvt/vss.
[WARNING DRT-0122] Layer BPR is skipped for gt2_6t_aoi211_x1_w31_lvt/vdd.
[WARNING DRT-0122] Layer BPR is skipped for gt2_6t_aoi211_x1_w31_lvt/vss.
[WARNING DRT-0122] Layer BPR is skipped for gt2_6t_aoi21_x1_w31_lvt/vdd.
[WARNING DRT-0122] Layer BPR is skipped for gt2_6t_aoi21_x1_w31_lvt/vss.
[WARNING DRT-0122] Layer BPR is skipped for gt2_6t_aoi22_x1_w31_lvt/vdd.
[WARNING DRT-0122] Layer BPR is skipped for gt2_6t_aoi22_x1_w31_lvt/vss.
[WARNING DRT-0122] Layer BPR is skipped for gt2_6t_aoi31_x1_w31_lvt/vdd.
[WARNING DRT-0122] Layer BPR is skipped for gt2_6t_aoi31_x1_w31_lvt/vss.
[WARNING DRT-0122] Layer BPR is skipped for gt2_6t_aoi32_x1_w31_lvt/vdd.
[WARNING DRT-0122] Layer BPR is skipped for gt2_6t_aoi32_x1_w31_lvt/vss.
[WARNING DRT-0122] Layer BPR is skipped for gt2_6t_aoi33_x1_w31_lvt/vdd.
[WARNING DRT-0122] Layer BPR is skipped for gt2_6t_aoi33_x1_w31_lvt/vss.
[WARNING DRT-0122] Layer BPR is skipped for gt2_6t_buf_x1_w31_lvt/vdd.
[WARNING DRT-0122] Layer BPR is skipped for gt2_6t_buf_x1_w31_lvt/vss.
[WARNING DRT-0122] Layer BPR is skipped for gt2_6t_buf_x10_w31_lvt/vdd.
[WARNING DRT-0122] Layer BPR is skipped for gt2_6t_buf_x10_w31_lvt/vss.
[WARNING DRT-0122] Layer BPR is skipped for gt2_6t_buf_x12_w31_lvt/vdd.
[WARNING DRT-0122] Layer BPR is skipped for gt2_6t_buf_x12_w31_lvt/vss.
[WARNING DRT-0122] Layer BPR is skipped for gt2_6t_buf_x2_w31_lvt/vdd.
[WARNING DRT-0122] Layer BPR is skipped for gt2_6t_buf_x2_w31_lvt/vss.
[WARNING DRT-0122] Layer BPR is skipped for gt2_6t_buf_x3_w31_lvt/vdd.
[WARNING DRT-0122] Layer BPR is skipped for gt2_6t_buf_x3_w31_lvt/vss.
[WARNING DRT-0122] Layer BPR is skipped for gt2_6t_buf_x4_w31_lvt/vdd.
[WARNING DRT-0122] Layer BPR is skipped for gt2_6t_buf_x4_w31_lvt/vss.
[WARNING DRT-0122] Layer BPR is skipped for gt2_6t_buf_x6_w31_lvt/vdd.
[WARNING DRT-0122] Layer BPR is skipped for gt2_6t_buf_x6_w31_lvt/vss.
[WARNING DRT-0122] Layer BPR is skipped for gt2_6t_buf_x8_w31_lvt/vdd.
[WARNING DRT-0122] Layer BPR is skipped for gt2_6t_buf_x8_w31_lvt/vss.
[WARNING DRT-0122] Layer BPR is skipped for gt2_6t_decapcc_w31_lvt/vdd.
[WARNING DRT-0122] Layer BPR is skipped for gt2_6t_decapcc_w31_lvt/vss.
[WARNING DRT-0122] Layer BPR is skipped for gt2_6t_dffasync_x1_w31_lvt/vdd.
[WARNING DRT-0122] Layer BPR is skipped for gt2_6t_dffasync_x1_w31_lvt/vss.
[WARNING DRT-0122] Layer BPR is skipped for gt2_6t_dffasync_x1_w31_lvt/vss.
[WARNING DRT-0122] Layer BPR is skipped for gt2_6t_dffasync_x2_w31_lvt/vdd.
[WARNING DRT-0122] Layer BPR is skipped for gt2_6t_dffasync_x2_w31_lvt/vss.
[WARNING DRT-0122] Layer BPR is skipped for gt2_6t_dffasync_x2_w31_lvt/vss.
[WARNING DRT-0122] Layer BPR is skipped for gt2_6t_dffasync_x4_w31_lvt/vdd.
[WARNING DRT-0122] Layer BPR is skipped for gt2_6t_dffasync_x4_w31_lvt/vss.
[WARNING DRT-0122] Layer BPR is skipped for gt2_6t_dffasync_x4_w31_lvt/vss.
[WARNING DRT-0122] Layer BPR is skipped for gt2_6t_filler_w31_lvt/vdd.
[WARNING DRT-0122] Layer BPR is skipped for gt2_6t_filler_w31_lvt/vss.
[WARNING DRT-0122] Layer BPR is skipped for gt2_6t_inv_x1_w31_lvt/vdd.
[WARNING DRT-0122] Layer BPR is skipped for gt2_6t_inv_x1_w31_lvt/vss.
[WARNING DRT-0122] Layer BPR is skipped for gt2_6t_inv_x10_w31_lvt/vdd.
[WARNING DRT-0122] Layer BPR is skipped for gt2_6t_inv_x10_w31_lvt/vss.
[WARNING DRT-0122] Layer BPR is skipped for gt2_6t_inv_x12_w31_lvt/vdd.
[WARNING DRT-0122] Layer BPR is skipped for gt2_6t_inv_x12_w31_lvt/vss.
[WARNING DRT-0122] Layer BPR is skipped for gt2_6t_inv_x2_w31_lvt/vdd.
[WARNING DRT-0122] Layer BPR is skipped for gt2_6t_inv_x2_w31_lvt/vss.
[WARNING DRT-0122] Layer BPR is skipped for gt2_6t_inv_x3_w31_lvt/vdd.
[WARNING DRT-0122] Layer BPR is skipped for gt2_6t_inv_x3_w31_lvt/vss.
[WARNING DRT-0122] Layer BPR is skipped for gt2_6t_inv_x4_w31_lvt/vdd.
[WARNING DRT-0122] Layer BPR is skipped for gt2_6t_inv_x4_w31_lvt/vss.
[WARNING DRT-0122] Layer BPR is skipped for gt2_6t_inv_x6_w31_lvt/vdd.
[WARNING DRT-0122] Layer BPR is skipped for gt2_6t_inv_x6_w31_lvt/vss.
[WARNING DRT-0122] Layer BPR is skipped for gt2_6t_inv_x8_w31_lvt/vdd.
[WARNING DRT-0122] Layer BPR is skipped for gt2_6t_inv_x8_w31_lvt/vss.
[WARNING DRT-0122] Layer BPR is skipped for gt2_6t_mux2_x1_w31_lvt/vdd.
[WARNING DRT-0122] Layer BPR is skipped for gt2_6t_mux2_x1_w31_lvt/vss.
[WARNING DRT-0122] Layer BPR is skipped for gt2_6t_mux2_x1_w31_lvt/vss.
[WARNING DRT-0122] Layer BPR is skipped for gt2_6t_nand2_x1_w31_lvt/vdd.
[WARNING DRT-0122] Layer BPR is skipped for gt2_6t_nand2_x1_w31_lvt/vss.
[WARNING DRT-0122] Layer BPR is skipped for gt2_6t_nand2_x2_w31_lvt/vdd.
[WARNING DRT-0122] Layer BPR is skipped for gt2_6t_nand2_x2_w31_lvt/vss.
[WARNING DRT-0122] Layer BPR is skipped for gt2_6t_nand2_x3_w31_lvt/vdd.
[WARNING DRT-0122] Layer BPR is skipped for gt2_6t_nand2_x3_w31_lvt/vss.
[WARNING DRT-0122] Layer BPR is skipped for gt2_6t_nand2_x4_w31_lvt/vdd.
[WARNING DRT-0122] Layer BPR is skipped for gt2_6t_nand2_x4_w31_lvt/vss.
[WARNING DRT-0122] Layer BPR is skipped for gt2_6t_nand3_x1_w31_lvt/vdd.
[WARNING DRT-0122] Layer BPR is skipped for gt2_6t_nand3_x1_w31_lvt/vss.
[WARNING DRT-0122] Layer BPR is skipped for gt2_6t_nor2_x1_w31_lvt/vdd.
[WARNING DRT-0122] Layer BPR is skipped for gt2_6t_nor2_x1_w31_lvt/vss.
[WARNING DRT-0122] Layer BPR is skipped for gt2_6t_nor2_x2_w31_lvt/vdd.
[WARNING DRT-0122] Layer BPR is skipped for gt2_6t_nor2_x2_w31_lvt/vss.
[WARNING DRT-0122] Layer BPR is skipped for gt2_6t_nor2_x3_w31_lvt/vdd.
[WARNING DRT-0122] Layer BPR is skipped for gt2_6t_nor2_x3_w31_lvt/vss.
[WARNING DRT-0122] Layer BPR is skipped for gt2_6t_nor2_x4_w31_lvt/vdd.
[WARNING DRT-0122] Layer BPR is skipped for gt2_6t_nor2_x4_w31_lvt/vss.
[WARNING DRT-0122] Layer BPR is skipped for gt2_6t_nor3_x1_w31_lvt/vdd.
[WARNING DRT-0122] Layer BPR is skipped for gt2_6t_nor3_x1_w31_lvt/vss.
[WARNING DRT-0122] Layer BPR is skipped for gt2_6t_oa211_x1_w31_lvt/vdd.
[WARNING DRT-0122] Layer BPR is skipped for gt2_6t_oa211_x1_w31_lvt/vss.
[WARNING DRT-0122] Layer BPR is skipped for gt2_6t_oa21_x1_w31_lvt/vdd.
[WARNING DRT-0122] Layer BPR is skipped for gt2_6t_oa21_x1_w31_lvt/vss.
[WARNING DRT-0122] Layer BPR is skipped for gt2_6t_oa22_x1_w31_lvt/vdd.
[WARNING DRT-0122] Layer BPR is skipped for gt2_6t_oa22_x1_w31_lvt/vss.
[WARNING DRT-0122] Layer BPR is skipped for gt2_6t_oa31_x1_w31_lvt/vdd.
[WARNING DRT-0122] Layer BPR is skipped for gt2_6t_oa31_x1_w31_lvt/vss.
[WARNING DRT-0122] Layer BPR is skipped for gt2_6t_oa32_x1_w31_lvt/vdd.
[WARNING DRT-0122] Layer BPR is skipped for gt2_6t_oa32_x1_w31_lvt/vss.
[WARNING DRT-0122] Layer BPR is skipped for gt2_6t_oa33_x1_w31_lvt/vdd.
[WARNING DRT-0122] Layer BPR is skipped for gt2_6t_oa33_x1_w31_lvt/vss.
[WARNING DRT-0122] Layer BPR is skipped for gt2_6t_oai211_x1_w31_lvt/vdd.
[WARNING DRT-0122] Layer BPR is skipped for gt2_6t_oai211_x1_w31_lvt/vss.
[WARNING DRT-0122] Layer BPR is skipped for gt2_6t_oai21_x1_w31_lvt/vdd.
[WARNING DRT-0122] Layer BPR is skipped for gt2_6t_oai21_x1_w31_lvt/vss.
[WARNING DRT-0122] Layer BPR is skipped for gt2_6t_oai22_x1_w31_lvt/vdd.
[WARNING DRT-0122] Layer BPR is skipped for gt2_6t_oai22_x1_w31_lvt/vss.
[WARNING DRT-0122] Layer BPR is skipped for gt2_6t_oai31_x1_w31_lvt/vdd.
[WARNING DRT-0122] Layer BPR is skipped for gt2_6t_oai31_x1_w31_lvt/vss.
[WARNING DRT-0122] Layer BPR is skipped for gt2_6t_oai32_x1_w31_lvt/vdd.
[WARNING DRT-0122] Layer BPR is skipped for gt2_6t_oai32_x1_w31_lvt/vss.
[WARNING DRT-0122] Layer BPR is skipped for gt2_6t_oai33_x1_w31_lvt/vdd.
[WARNING DRT-0122] Layer BPR is skipped for gt2_6t_oai33_x1_w31_lvt/vss.
[WARNING DRT-0122] Layer BPR is skipped for gt2_6t_or2_x1_w31_lvt/vdd.
[WARNING DRT-0122] Layer BPR is skipped for gt2_6t_or2_x1_w31_lvt/vss.
[WARNING DRT-0122] Layer BPR is skipped for gt2_6t_or2_x2_w31_lvt/vdd.
[WARNING DRT-0122] Layer BPR is skipped for gt2_6t_or2_x2_w31_lvt/vss.
[WARNING DRT-0122] Layer BPR is skipped for gt2_6t_or2_x3_w31_lvt/vdd.
[WARNING DRT-0122] Layer BPR is skipped for gt2_6t_or2_x3_w31_lvt/vss.
[WARNING DRT-0122] Layer BPR is skipped for gt2_6t_or2_x4_w31_lvt/vdd.
[WARNING DRT-0122] Layer BPR is skipped for gt2_6t_or2_x4_w31_lvt/vss.
[WARNING DRT-0122] Layer BPR is skipped for gt2_6t_or3_x1_w31_lvt/vdd.
[WARNING DRT-0122] Layer BPR is skipped for gt2_6t_or3_x1_w31_lvt/vss.
[WARNING DRT-0122] Layer BPR is skipped for gt2_6t_tapfspdn_w31_lvt/vdd.
[WARNING DRT-0122] Layer BPR is skipped for gt2_6t_tapfspdn_w31_lvt/vss.
[WARNING DRT-0122] Layer BPR is skipped for gt2_6t_tapbspdn_w31_lvt/vdd.
[WARNING DRT-0122] Layer BPR is skipped for gt2_6t_tapbspdn_w31_lvt/vss.
[WARNING DRT-0122] Layer BPR is skipped for gt2_6t_tiehigh_w31_lvt/vdd.
[WARNING DRT-0122] Layer BPR is skipped for gt2_6t_tiehigh_w31_lvt/vss.
[WARNING DRT-0122] Layer BPR is skipped for gt2_6t_tielow_w31_lvt/vdd.
[WARNING DRT-0122] Layer BPR is skipped for gt2_6t_tielow_w31_lvt/vss.
[WARNING DRT-0122] Layer BPR is skipped for gt2_6t_xnor2_x1_w31_lvt/vdd.
[WARNING DRT-0122] Layer BPR is skipped for gt2_6t_xnor2_x1_w31_lvt/vss.
[WARNING DRT-0122] Layer BPR is skipped for gt2_6t_xor2_x1_w31_lvt/vdd.
[WARNING DRT-0122] Layer BPR is skipped for gt2_6t_xor2_x1_w31_lvt/vss.
[WARNING DRT-0122] Layer BPR is skipped for gt2_6t_and2_x1_w31_hvt/vdd.
[WARNING DRT-0122] Layer BPR is skipped for gt2_6t_and2_x1_w31_hvt/vss.
[WARNING DRT-0122] Layer BPR is skipped for gt2_6t_and2_x2_w31_hvt/vdd.
[WARNING DRT-0122] Layer BPR is skipped for gt2_6t_and2_x2_w31_hvt/vss.
[WARNING DRT-0122] Layer BPR is skipped for gt2_6t_and2_x3_w31_hvt/vdd.
[WARNING DRT-0122] Layer BPR is skipped for gt2_6t_and2_x3_w31_hvt/vss.
[WARNING DRT-0122] Layer BPR is skipped for gt2_6t_and2_x4_w31_hvt/vdd.
[WARNING DRT-0122] Layer BPR is skipped for gt2_6t_and2_x4_w31_hvt/vss.
[WARNING DRT-0122] Layer BPR is skipped for gt2_6t_and3_x1_w31_hvt/vdd.
[WARNING DRT-0122] Layer BPR is skipped for gt2_6t_and3_x1_w31_hvt/vss.
[WARNING DRT-0122] Layer BPR is skipped for gt2_6t_ao211_x1_w31_hvt/vdd.
[WARNING DRT-0122] Layer BPR is skipped for gt2_6t_ao211_x1_w31_hvt/vss.
[WARNING DRT-0122] Layer BPR is skipped for gt2_6t_ao21_x1_w31_hvt/vdd.
[WARNING DRT-0122] Layer BPR is skipped for gt2_6t_ao21_x1_w31_hvt/vss.
[WARNING DRT-0122] Layer BPR is skipped for gt2_6t_ao22_x1_w31_hvt/vdd.
[WARNING DRT-0122] Layer BPR is skipped for gt2_6t_ao22_x1_w31_hvt/vss.
[WARNING DRT-0122] Layer BPR is skipped for gt2_6t_ao31_x1_w31_hvt/vdd.
[WARNING DRT-0122] Layer BPR is skipped for gt2_6t_ao31_x1_w31_hvt/vss.
[WARNING DRT-0122] Layer BPR is skipped for gt2_6t_ao32_x1_w31_hvt/vdd.
[WARNING DRT-0122] Layer BPR is skipped for gt2_6t_ao32_x1_w31_hvt/vss.
[WARNING DRT-0122] Layer BPR is skipped for gt2_6t_ao33_x1_w31_hvt/vdd.
[WARNING DRT-0122] Layer BPR is skipped for gt2_6t_ao33_x1_w31_hvt/vss.
[WARNING DRT-0122] Layer BPR is skipped for gt2_6t_aoi211_x1_w31_hvt/vdd.
[WARNING DRT-0122] Layer BPR is skipped for gt2_6t_aoi211_x1_w31_hvt/vss.
[WARNING DRT-0122] Layer BPR is skipped for gt2_6t_aoi21_x1_w31_hvt/vdd.
[WARNING DRT-0122] Layer BPR is skipped for gt2_6t_aoi21_x1_w31_hvt/vss.
[WARNING DRT-0122] Layer BPR is skipped for gt2_6t_aoi22_x1_w31_hvt/vdd.
[WARNING DRT-0122] Layer BPR is skipped for gt2_6t_aoi22_x1_w31_hvt/vss.
[WARNING DRT-0122] Layer BPR is skipped for gt2_6t_aoi31_x1_w31_hvt/vdd.
[WARNING DRT-0122] Layer BPR is skipped for gt2_6t_aoi31_x1_w31_hvt/vss.
[WARNING DRT-0122] Layer BPR is skipped for gt2_6t_aoi32_x1_w31_hvt/vdd.
[WARNING DRT-0122] Layer BPR is skipped for gt2_6t_aoi32_x1_w31_hvt/vss.
[WARNING DRT-0122] Layer BPR is skipped for gt2_6t_aoi33_x1_w31_hvt/vdd.
[WARNING DRT-0122] Layer BPR is skipped for gt2_6t_aoi33_x1_w31_hvt/vss.
[WARNING DRT-0122] Layer BPR is skipped for gt2_6t_buf_x1_w31_hvt/vdd.
[WARNING DRT-0122] Layer BPR is skipped for gt2_6t_buf_x1_w31_hvt/vss.
[WARNING DRT-0122] Layer BPR is skipped for gt2_6t_buf_x10_w31_hvt/vdd.
[WARNING DRT-0122] Layer BPR is skipped for gt2_6t_buf_x10_w31_hvt/vss.
[WARNING DRT-0122] Layer BPR is skipped for gt2_6t_buf_x12_w31_hvt/vdd.
[WARNING DRT-0122] Layer BPR is skipped for gt2_6t_buf_x12_w31_hvt/vss.
[WARNING DRT-0122] Layer BPR is skipped for gt2_6t_buf_x2_w31_hvt/vdd.
[WARNING DRT-0122] Layer BPR is skipped for gt2_6t_buf_x2_w31_hvt/vss.
[WARNING DRT-0122] Layer BPR is skipped for gt2_6t_buf_x3_w31_hvt/vdd.
[WARNING DRT-0122] Layer BPR is skipped for gt2_6t_buf_x3_w31_hvt/vss.
[WARNING DRT-0122] Layer BPR is skipped for gt2_6t_buf_x4_w31_hvt/vdd.
[WARNING DRT-0122] Layer BPR is skipped for gt2_6t_buf_x4_w31_hvt/vss.
[WARNING DRT-0122] Layer BPR is skipped for gt2_6t_buf_x6_w31_hvt/vdd.
[WARNING DRT-0122] Layer BPR is skipped for gt2_6t_buf_x6_w31_hvt/vss.
[WARNING DRT-0122] Layer BPR is skipped for gt2_6t_buf_x8_w31_hvt/vdd.
[WARNING DRT-0122] Layer BPR is skipped for gt2_6t_buf_x8_w31_hvt/vss.
[WARNING DRT-0122] Layer BPR is skipped for gt2_6t_decapcc_w31_hvt/vdd.
[WARNING DRT-0122] Layer BPR is skipped for gt2_6t_decapcc_w31_hvt/vss.
[WARNING DRT-0122] Layer BPR is skipped for gt2_6t_dffasync_x1_w31_hvt/vdd.
[WARNING DRT-0122] Layer BPR is skipped for gt2_6t_dffasync_x1_w31_hvt/vss.
[WARNING DRT-0122] Layer BPR is skipped for gt2_6t_dffasync_x1_w31_hvt/vss.
[WARNING DRT-0122] Layer BPR is skipped for gt2_6t_dffasync_x2_w31_hvt/vdd.
[WARNING DRT-0122] Layer BPR is skipped for gt2_6t_dffasync_x2_w31_hvt/vss.
[WARNING DRT-0122] Layer BPR is skipped for gt2_6t_dffasync_x2_w31_hvt/vss.
[WARNING DRT-0122] Layer BPR is skipped for gt2_6t_dffasync_x4_w31_hvt/vdd.
[WARNING DRT-0122] Layer BPR is skipped for gt2_6t_dffasync_x4_w31_hvt/vss.
[WARNING DRT-0122] Layer BPR is skipped for gt2_6t_dffasync_x4_w31_hvt/vss.
[WARNING DRT-0122] Layer BPR is skipped for gt2_6t_filler_w31_hvt/vdd.
[WARNING DRT-0122] Layer BPR is skipped for gt2_6t_filler_w31_hvt/vss.
[WARNING DRT-0122] Layer BPR is skipped for gt2_6t_inv_x1_w31_hvt/vdd.
[WARNING DRT-0122] Layer BPR is skipped for gt2_6t_inv_x1_w31_hvt/vss.
[WARNING DRT-0122] Layer BPR is skipped for gt2_6t_inv_x10_w31_hvt/vdd.
[WARNING DRT-0122] Layer BPR is skipped for gt2_6t_inv_x10_w31_hvt/vss.
[WARNING DRT-0122] Layer BPR is skipped for gt2_6t_inv_x12_w31_hvt/vdd.
[WARNING DRT-0122] Layer BPR is skipped for gt2_6t_inv_x12_w31_hvt/vss.
[WARNING DRT-0122] Layer BPR is skipped for gt2_6t_inv_x2_w31_hvt/vdd.
[WARNING DRT-0122] Layer BPR is skipped for gt2_6t_inv_x2_w31_hvt/vss.
[WARNING DRT-0122] Layer BPR is skipped for gt2_6t_inv_x3_w31_hvt/vdd.
[WARNING DRT-0122] Layer BPR is skipped for gt2_6t_inv_x3_w31_hvt/vss.
[WARNING DRT-0122] Layer BPR is skipped for gt2_6t_inv_x4_w31_hvt/vdd.
[WARNING DRT-0122] Layer BPR is skipped for gt2_6t_inv_x4_w31_hvt/vss.
[WARNING DRT-0122] Layer BPR is skipped for gt2_6t_inv_x6_w31_hvt/vdd.
[WARNING DRT-0122] Layer BPR is skipped for gt2_6t_inv_x6_w31_hvt/vss.
[WARNING DRT-0122] Layer BPR is skipped for gt2_6t_inv_x8_w31_hvt/vdd.
[WARNING DRT-0122] Layer BPR is skipped for gt2_6t_inv_x8_w31_hvt/vss.
[WARNING DRT-0122] Layer BPR is skipped for gt2_6t_mux2_x1_w31_hvt/vdd.
[WARNING DRT-0122] Layer BPR is skipped for gt2_6t_mux2_x1_w31_hvt/vss.
[WARNING DRT-0122] Layer BPR is skipped for gt2_6t_mux2_x1_w31_hvt/vss.
[WARNING DRT-0122] Layer BPR is skipped for gt2_6t_nand2_x1_w31_hvt/vdd.
[WARNING DRT-0122] Layer BPR is skipped for gt2_6t_nand2_x1_w31_hvt/vss.
[WARNING DRT-0122] Layer BPR is skipped for gt2_6t_nand2_x2_w31_hvt/vdd.
[WARNING DRT-0122] Layer BPR is skipped for gt2_6t_nand2_x2_w31_hvt/vss.
[WARNING DRT-0122] Layer BPR is skipped for gt2_6t_nand2_x3_w31_hvt/vdd.
[WARNING DRT-0122] Layer BPR is skipped for gt2_6t_nand2_x3_w31_hvt/vss.
[WARNING DRT-0122] Layer BPR is skipped for gt2_6t_nand2_x4_w31_hvt/vdd.
[WARNING DRT-0122] Layer BPR is skipped for gt2_6t_nand2_x4_w31_hvt/vss.
[WARNING DRT-0122] Layer BPR is skipped for gt2_6t_nand3_x1_w31_hvt/vdd.
[WARNING DRT-0122] Layer BPR is skipped for gt2_6t_nand3_x1_w31_hvt/vss.
[WARNING DRT-0122] Layer BPR is skipped for gt2_6t_nor2_x1_w31_hvt/vdd.
[WARNING DRT-0122] Layer BPR is skipped for gt2_6t_nor2_x1_w31_hvt/vss.
[WARNING DRT-0122] Layer BPR is skipped for gt2_6t_nor2_x2_w31_hvt/vdd.
[WARNING DRT-0122] Layer BPR is skipped for gt2_6t_nor2_x2_w31_hvt/vss.
[WARNING DRT-0122] Layer BPR is skipped for gt2_6t_nor2_x3_w31_hvt/vdd.
[WARNING DRT-0122] Layer BPR is skipped for gt2_6t_nor2_x3_w31_hvt/vss.
[WARNING DRT-0122] Layer BPR is skipped for gt2_6t_nor2_x4_w31_hvt/vdd.
[WARNING DRT-0122] Layer BPR is skipped for gt2_6t_nor2_x4_w31_hvt/vss.
[WARNING DRT-0122] Layer BPR is skipped for gt2_6t_nor3_x1_w31_hvt/vdd.
[WARNING DRT-0122] Layer BPR is skipped for gt2_6t_nor3_x1_w31_hvt/vss.
[WARNING DRT-0122] Layer BPR is skipped for gt2_6t_oa211_x1_w31_hvt/vdd.
[WARNING DRT-0122] Layer BPR is skipped for gt2_6t_oa211_x1_w31_hvt/vss.
[WARNING DRT-0122] Layer BPR is skipped for gt2_6t_oa21_x1_w31_hvt/vdd.
[WARNING DRT-0122] Layer BPR is skipped for gt2_6t_oa21_x1_w31_hvt/vss.
[WARNING DRT-0122] Layer BPR is skipped for gt2_6t_oa22_x1_w31_hvt/vdd.
[WARNING DRT-0122] Layer BPR is skipped for gt2_6t_oa22_x1_w31_hvt/vss.
[WARNING DRT-0122] Layer BPR is skipped for gt2_6t_oa31_x1_w31_hvt/vdd.
[WARNING DRT-0122] Layer BPR is skipped for gt2_6t_oa31_x1_w31_hvt/vss.
[WARNING DRT-0122] Layer BPR is skipped for gt2_6t_oa32_x1_w31_hvt/vdd.
[WARNING DRT-0122] Layer BPR is skipped for gt2_6t_oa32_x1_w31_hvt/vss.
[WARNING DRT-0122] Layer BPR is skipped for gt2_6t_oa33_x1_w31_hvt/vdd.
[WARNING DRT-0122] Layer BPR is skipped for gt2_6t_oa33_x1_w31_hvt/vss.
[WARNING DRT-0122] Layer BPR is skipped for gt2_6t_oai211_x1_w31_hvt/vdd.
[WARNING DRT-0122] Layer BPR is skipped for gt2_6t_oai211_x1_w31_hvt/vss.
[WARNING DRT-0122] Layer BPR is skipped for gt2_6t_oai21_x1_w31_hvt/vdd.
[WARNING DRT-0122] Layer BPR is skipped for gt2_6t_oai21_x1_w31_hvt/vss.
[WARNING DRT-0122] Layer BPR is skipped for gt2_6t_oai22_x1_w31_hvt/vdd.
[WARNING DRT-0122] Layer BPR is skipped for gt2_6t_oai22_x1_w31_hvt/vss.
[WARNING DRT-0122] Layer BPR is skipped for gt2_6t_oai31_x1_w31_hvt/vdd.
[WARNING DRT-0122] Layer BPR is skipped for gt2_6t_oai31_x1_w31_hvt/vss.
[WARNING DRT-0122] Layer BPR is skipped for gt2_6t_oai32_x1_w31_hvt/vdd.
[WARNING DRT-0122] Layer BPR is skipped for gt2_6t_oai32_x1_w31_hvt/vss.
[WARNING DRT-0122] Layer BPR is skipped for gt2_6t_oai33_x1_w31_hvt/vdd.
[WARNING DRT-0122] Layer BPR is skipped for gt2_6t_oai33_x1_w31_hvt/vss.
[WARNING DRT-0122] Layer BPR is skipped for gt2_6t_or2_x1_w31_hvt/vdd.
[WARNING DRT-0122] Layer BPR is skipped for gt2_6t_or2_x1_w31_hvt/vss.
[WARNING DRT-0122] Layer BPR is skipped for gt2_6t_or2_x2_w31_hvt/vdd.
[WARNING DRT-0122] Layer BPR is skipped for gt2_6t_or2_x2_w31_hvt/vss.
[WARNING DRT-0122] Layer BPR is skipped for gt2_6t_or2_x3_w31_hvt/vdd.
[WARNING DRT-0122] Layer BPR is skipped for gt2_6t_or2_x3_w31_hvt/vss.
[WARNING DRT-0122] Layer BPR is skipped for gt2_6t_or2_x4_w31_hvt/vdd.
[WARNING DRT-0122] Layer BPR is skipped for gt2_6t_or2_x4_w31_hvt/vss.
[WARNING DRT-0122] Layer BPR is skipped for gt2_6t_or3_x1_w31_hvt/vdd.
[WARNING DRT-0122] Layer BPR is skipped for gt2_6t_or3_x1_w31_hvt/vss.
[WARNING DRT-0122] Layer BPR is skipped for gt2_6t_tapfspdn_w31_hvt/vdd.
[WARNING DRT-0122] Layer BPR is skipped for gt2_6t_tapfspdn_w31_hvt/vss.
[WARNING DRT-0122] Layer BPR is skipped for gt2_6t_tapbspdn_w31_hvt/vdd.
[WARNING DRT-0122] Layer BPR is skipped for gt2_6t_tapbspdn_w31_hvt/vss.
[WARNING DRT-0122] Layer BPR is skipped for gt2_6t_tiehigh_w31_hvt/vdd.
[WARNING DRT-0122] Layer BPR is skipped for gt2_6t_tiehigh_w31_hvt/vss.
[WARNING DRT-0122] Layer BPR is skipped for gt2_6t_tielow_w31_hvt/vdd.
[WARNING DRT-0122] Layer BPR is skipped for gt2_6t_tielow_w31_hvt/vss.
[WARNING DRT-0122] Layer BPR is skipped for gt2_6t_xnor2_x1_w31_hvt/vdd.
[WARNING DRT-0122] Layer BPR is skipped for gt2_6t_xnor2_x1_w31_hvt/vss.
[WARNING DRT-0122] Layer BPR is skipped for gt2_6t_xor2_x1_w31_hvt/vdd.
[WARNING DRT-0122] Layer BPR is skipped for gt2_6t_xor2_x1_w31_hvt/vss.
[WARNING DRT-0122] Layer BPR is skipped for gt2_6t_and2_x1_w31_svt/vdd.
[WARNING DRT-0122] Layer BPR is skipped for gt2_6t_and2_x1_w31_svt/vss.
[WARNING DRT-0122] Layer BPR is skipped for gt2_6t_and2_x2_w31_svt/vdd.
[WARNING DRT-0122] Layer BPR is skipped for gt2_6t_and2_x2_w31_svt/vss.
[WARNING DRT-0122] Layer BPR is skipped for gt2_6t_and2_x3_w31_svt/vdd.
[WARNING DRT-0122] Layer BPR is skipped for gt2_6t_and2_x3_w31_svt/vss.
[WARNING DRT-0122] Layer BPR is skipped for gt2_6t_and2_x4_w31_svt/vdd.
[WARNING DRT-0122] Layer BPR is skipped for gt2_6t_and2_x4_w31_svt/vss.
[WARNING DRT-0122] Layer BPR is skipped for gt2_6t_and3_x1_w31_svt/vdd.
[WARNING DRT-0122] Layer BPR is skipped for gt2_6t_and3_x1_w31_svt/vss.
[WARNING DRT-0122] Layer BPR is skipped for gt2_6t_ao211_x1_w31_svt/vdd.
[WARNING DRT-0122] Layer BPR is skipped for gt2_6t_ao211_x1_w31_svt/vss.
[WARNING DRT-0122] Layer BPR is skipped for gt2_6t_ao21_x1_w31_svt/vdd.
[WARNING DRT-0122] Layer BPR is skipped for gt2_6t_ao21_x1_w31_svt/vss.
[WARNING DRT-0122] Layer BPR is skipped for gt2_6t_ao22_x1_w31_svt/vdd.
[WARNING DRT-0122] Layer BPR is skipped for gt2_6t_ao22_x1_w31_svt/vss.
[WARNING DRT-0122] Layer BPR is skipped for gt2_6t_ao31_x1_w31_svt/vdd.
[WARNING DRT-0122] Layer BPR is skipped for gt2_6t_ao31_x1_w31_svt/vss.
[WARNING DRT-0122] Layer BPR is skipped for gt2_6t_ao32_x1_w31_svt/vdd.
[WARNING DRT-0122] Layer BPR is skipped for gt2_6t_ao32_x1_w31_svt/vss.
[WARNING DRT-0122] Layer BPR is skipped for gt2_6t_ao33_x1_w31_svt/vdd.
[WARNING DRT-0122] Layer BPR is skipped for gt2_6t_ao33_x1_w31_svt/vss.
[WARNING DRT-0122] Layer BPR is skipped for gt2_6t_aoi211_x1_w31_svt/vdd.
[WARNING DRT-0122] Layer BPR is skipped for gt2_6t_aoi211_x1_w31_svt/vss.
[WARNING DRT-0122] Layer BPR is skipped for gt2_6t_aoi21_x1_w31_svt/vdd.
[WARNING DRT-0122] Layer BPR is skipped for gt2_6t_aoi21_x1_w31_svt/vss.
[WARNING DRT-0122] Layer BPR is skipped for gt2_6t_aoi22_x1_w31_svt/vdd.
[WARNING DRT-0122] Layer BPR is skipped for gt2_6t_aoi22_x1_w31_svt/vss.
[WARNING DRT-0122] Layer BPR is skipped for gt2_6t_aoi31_x1_w31_svt/vdd.
[WARNING DRT-0122] Layer BPR is skipped for gt2_6t_aoi31_x1_w31_svt/vss.
[WARNING DRT-0122] Layer BPR is skipped for gt2_6t_aoi32_x1_w31_svt/vdd.
[WARNING DRT-0122] Layer BPR is skipped for gt2_6t_aoi32_x1_w31_svt/vss.
[WARNING DRT-0122] Layer BPR is skipped for gt2_6t_aoi33_x1_w31_svt/vdd.
[WARNING DRT-0122] Layer BPR is skipped for gt2_6t_aoi33_x1_w31_svt/vss.
[WARNING DRT-0122] Layer BPR is skipped for gt2_6t_buf_x1_w31_svt/vdd.
[WARNING DRT-0122] Layer BPR is skipped for gt2_6t_buf_x1_w31_svt/vss.
[WARNING DRT-0122] Layer BPR is skipped for gt2_6t_buf_x10_w31_svt/vdd.
[WARNING DRT-0122] Layer BPR is skipped for gt2_6t_buf_x10_w31_svt/vss.
[WARNING DRT-0122] Layer BPR is skipped for gt2_6t_buf_x12_w31_svt/vdd.
[WARNING DRT-0122] Layer BPR is skipped for gt2_6t_buf_x12_w31_svt/vss.
[WARNING DRT-0122] Layer BPR is skipped for gt2_6t_buf_x2_w31_svt/vdd.
[WARNING DRT-0122] Layer BPR is skipped for gt2_6t_buf_x2_w31_svt/vss.
[WARNING DRT-0122] Layer BPR is skipped for gt2_6t_buf_x3_w31_svt/vdd.
[WARNING DRT-0122] Layer BPR is skipped for gt2_6t_buf_x3_w31_svt/vss.
[WARNING DRT-0122] Layer BPR is skipped for gt2_6t_buf_x4_w31_svt/vdd.
[WARNING DRT-0122] Layer BPR is skipped for gt2_6t_buf_x4_w31_svt/vss.
[WARNING DRT-0122] Layer BPR is skipped for gt2_6t_buf_x6_w31_svt/vdd.
[WARNING DRT-0122] Layer BPR is skipped for gt2_6t_buf_x6_w31_svt/vss.
[WARNING DRT-0122] Layer BPR is skipped for gt2_6t_buf_x8_w31_svt/vdd.
[WARNING DRT-0122] Layer BPR is skipped for gt2_6t_buf_x8_w31_svt/vss.
[WARNING DRT-0122] Layer BPR is skipped for gt2_6t_decapcc_w31_svt/vdd.
[WARNING DRT-0122] Layer BPR is skipped for gt2_6t_decapcc_w31_svt/vss.
[WARNING DRT-0122] Layer BPR is skipped for gt2_6t_dffasync_x1_w31_svt/vdd.
[WARNING DRT-0122] Layer BPR is skipped for gt2_6t_dffasync_x1_w31_svt/vss.
[WARNING DRT-0122] Layer BPR is skipped for gt2_6t_dffasync_x1_w31_svt/vss.
[WARNING DRT-0122] Layer BPR is skipped for gt2_6t_dffasync_x2_w31_svt/vdd.
[WARNING DRT-0122] Layer BPR is skipped for gt2_6t_dffasync_x2_w31_svt/vss.
[WARNING DRT-0122] Layer BPR is skipped for gt2_6t_dffasync_x2_w31_svt/vss.
[WARNING DRT-0122] Layer BPR is skipped for gt2_6t_dffasync_x4_w31_svt/vdd.
[WARNING DRT-0122] Layer BPR is skipped for gt2_6t_dffasync_x4_w31_svt/vss.
[WARNING DRT-0122] Layer BPR is skipped for gt2_6t_dffasync_x4_w31_svt/vss.
[WARNING DRT-0122] Layer BPR is skipped for gt2_6t_filler_w31_svt/vdd.
[WARNING DRT-0122] Layer BPR is skipped for gt2_6t_filler_w31_svt/vss.
[WARNING DRT-0122] Layer BPR is skipped for gt2_6t_inv_x1_w31_svt/vdd.
[WARNING DRT-0122] Layer BPR is skipped for gt2_6t_inv_x1_w31_svt/vss.
[WARNING DRT-0122] Layer BPR is skipped for gt2_6t_inv_x10_w31_svt/vdd.
[WARNING DRT-0122] Layer BPR is skipped for gt2_6t_inv_x10_w31_svt/vss.
[WARNING DRT-0122] Layer BPR is skipped for gt2_6t_inv_x12_w31_svt/vdd.
[WARNING DRT-0122] Layer BPR is skipped for gt2_6t_inv_x12_w31_svt/vss.
[WARNING DRT-0122] Layer BPR is skipped for gt2_6t_inv_x2_w31_svt/vdd.
[WARNING DRT-0122] Layer BPR is skipped for gt2_6t_inv_x2_w31_svt/vss.
[WARNING DRT-0122] Layer BPR is skipped for gt2_6t_inv_x3_w31_svt/vdd.
[WARNING DRT-0122] Layer BPR is skipped for gt2_6t_inv_x3_w31_svt/vss.
[WARNING DRT-0122] Layer BPR is skipped for gt2_6t_inv_x4_w31_svt/vdd.
[WARNING DRT-0122] Layer BPR is skipped for gt2_6t_inv_x4_w31_svt/vss.
[WARNING DRT-0122] Layer BPR is skipped for gt2_6t_inv_x6_w31_svt/vdd.
[WARNING DRT-0122] Layer BPR is skipped for gt2_6t_inv_x6_w31_svt/vss.
[WARNING DRT-0122] Layer BPR is skipped for gt2_6t_inv_x8_w31_svt/vdd.
[WARNING DRT-0122] Layer BPR is skipped for gt2_6t_inv_x8_w31_svt/vss.
[WARNING DRT-0122] Layer BPR is skipped for gt2_6t_mux2_x1_w31_svt/vdd.
[WARNING DRT-0122] Layer BPR is skipped for gt2_6t_mux2_x1_w31_svt/vss.
[WARNING DRT-0122] Layer BPR is skipped for gt2_6t_mux2_x1_w31_svt/vss.
[WARNING DRT-0122] Layer BPR is skipped for gt2_6t_nand2_x1_w31_svt/vdd.
[WARNING DRT-0122] Layer BPR is skipped for gt2_6t_nand2_x1_w31_svt/vss.
[WARNING DRT-0122] Layer BPR is skipped for gt2_6t_nand2_x2_w31_svt/vdd.
[WARNING DRT-0122] Layer BPR is skipped for gt2_6t_nand2_x2_w31_svt/vss.
[WARNING DRT-0122] Layer BPR is skipped for gt2_6t_nand2_x3_w31_svt/vdd.
[WARNING DRT-0122] Layer BPR is skipped for gt2_6t_nand2_x3_w31_svt/vss.
[WARNING DRT-0122] Layer BPR is skipped for gt2_6t_nand2_x4_w31_svt/vdd.
[WARNING DRT-0122] Layer BPR is skipped for gt2_6t_nand2_x4_w31_svt/vss.
[WARNING DRT-0122] Layer BPR is skipped for gt2_6t_nand3_x1_w31_svt/vdd.
[WARNING DRT-0122] Layer BPR is skipped for gt2_6t_nand3_x1_w31_svt/vss.
[WARNING DRT-0122] Layer BPR is skipped for gt2_6t_nor2_x1_w31_svt/vdd.
[WARNING DRT-0122] Layer BPR is skipped for gt2_6t_nor2_x1_w31_svt/vss.
[WARNING DRT-0122] Layer BPR is skipped for gt2_6t_nor2_x2_w31_svt/vdd.
[WARNING DRT-0122] Layer BPR is skipped for gt2_6t_nor2_x2_w31_svt/vss.
[WARNING DRT-0122] Layer BPR is skipped for gt2_6t_nor2_x3_w31_svt/vdd.
[WARNING DRT-0122] Layer BPR is skipped for gt2_6t_nor2_x3_w31_svt/vss.
[WARNING DRT-0122] Layer BPR is skipped for gt2_6t_nor2_x4_w31_svt/vdd.
[WARNING DRT-0122] Layer BPR is skipped for gt2_6t_nor2_x4_w31_svt/vss.
[WARNING DRT-0122] Layer BPR is skipped for gt2_6t_nor3_x1_w31_svt/vdd.
[WARNING DRT-0122] Layer BPR is skipped for gt2_6t_nor3_x1_w31_svt/vss.
[WARNING DRT-0122] Layer BPR is skipped for gt2_6t_oa211_x1_w31_svt/vdd.
[WARNING DRT-0122] Layer BPR is skipped for gt2_6t_oa211_x1_w31_svt/vss.
[WARNING DRT-0122] Layer BPR is skipped for gt2_6t_oa21_x1_w31_svt/vdd.
[WARNING DRT-0122] Layer BPR is skipped for gt2_6t_oa21_x1_w31_svt/vss.
[WARNING DRT-0122] Layer BPR is skipped for gt2_6t_oa22_x1_w31_svt/vdd.
[WARNING DRT-0122] Layer BPR is skipped for gt2_6t_oa22_x1_w31_svt/vss.
[WARNING DRT-0122] Layer BPR is skipped for gt2_6t_oa31_x1_w31_svt/vdd.
[WARNING DRT-0122] Layer BPR is skipped for gt2_6t_oa31_x1_w31_svt/vss.
[WARNING DRT-0122] Layer BPR is skipped for gt2_6t_oa32_x1_w31_svt/vdd.
[WARNING DRT-0122] Layer BPR is skipped for gt2_6t_oa32_x1_w31_svt/vss.
[WARNING DRT-0122] Layer BPR is skipped for gt2_6t_oa33_x1_w31_svt/vdd.
[WARNING DRT-0122] Layer BPR is skipped for gt2_6t_oa33_x1_w31_svt/vss.
[WARNING DRT-0122] Layer BPR is skipped for gt2_6t_oai211_x1_w31_svt/vdd.
[WARNING DRT-0122] Layer BPR is skipped for gt2_6t_oai211_x1_w31_svt/vss.
[WARNING DRT-0122] Layer BPR is skipped for gt2_6t_oai21_x1_w31_svt/vdd.
[WARNING DRT-0122] Layer BPR is skipped for gt2_6t_oai21_x1_w31_svt/vss.
[WARNING DRT-0122] Layer BPR is skipped for gt2_6t_oai22_x1_w31_svt/vdd.
[WARNING DRT-0122] Layer BPR is skipped for gt2_6t_oai22_x1_w31_svt/vss.
[WARNING DRT-0122] Layer BPR is skipped for gt2_6t_oai31_x1_w31_svt/vdd.
[WARNING DRT-0122] Layer BPR is skipped for gt2_6t_oai31_x1_w31_svt/vss.
[WARNING DRT-0122] Layer BPR is skipped for gt2_6t_oai32_x1_w31_svt/vdd.
[WARNING DRT-0122] Layer BPR is skipped for gt2_6t_oai32_x1_w31_svt/vss.
[WARNING DRT-0122] Layer BPR is skipped for gt2_6t_oai33_x1_w31_svt/vdd.
[WARNING DRT-0122] Layer BPR is skipped for gt2_6t_oai33_x1_w31_svt/vss.
[WARNING DRT-0122] Layer BPR is skipped for gt2_6t_or2_x1_w31_svt/vdd.
[WARNING DRT-0122] Layer BPR is skipped for gt2_6t_or2_x1_w31_svt/vss.
[WARNING DRT-0122] Layer BPR is skipped for gt2_6t_or2_x2_w31_svt/vdd.
[WARNING DRT-0122] Layer BPR is skipped for gt2_6t_or2_x2_w31_svt/vss.
[WARNING DRT-0122] Layer BPR is skipped for gt2_6t_or2_x3_w31_svt/vdd.
[WARNING DRT-0122] Layer BPR is skipped for gt2_6t_or2_x3_w31_svt/vss.
[WARNING DRT-0122] Layer BPR is skipped for gt2_6t_or2_x4_w31_svt/vdd.
[WARNING DRT-0122] Layer BPR is skipped for gt2_6t_or2_x4_w31_svt/vss.
[WARNING DRT-0122] Layer BPR is skipped for gt2_6t_or3_x1_w31_svt/vdd.
[WARNING DRT-0122] Layer BPR is skipped for gt2_6t_or3_x1_w31_svt/vss.
[WARNING DRT-0122] Layer BPR is skipped for gt2_6t_tapfspdn_w31_svt/vdd.
[WARNING DRT-0122] Layer BPR is skipped for gt2_6t_tapfspdn_w31_svt/vss.
[WARNING DRT-0122] Layer BPR is skipped for gt2_6t_tapbspdn_w31_svt/vdd.
[WARNING DRT-0122] Layer BPR is skipped for gt2_6t_tapbspdn_w31_svt/vss.
[WARNING DRT-0122] Layer BPR is skipped for gt2_6t_tiehigh_w31_svt/vdd.
[WARNING DRT-0122] Layer BPR is skipped for gt2_6t_tiehigh_w31_svt/vss.
[WARNING DRT-0122] Layer BPR is skipped for gt2_6t_tielow_w31_svt/vdd.
[WARNING DRT-0122] Layer BPR is skipped for gt2_6t_tielow_w31_svt/vss.
[WARNING DRT-0122] Layer BPR is skipped for gt2_6t_xnor2_x1_w31_svt/vdd.
[WARNING DRT-0122] Layer BPR is skipped for gt2_6t_xnor2_x1_w31_svt/vss.
[WARNING DRT-0122] Layer BPR is skipped for gt2_6t_xor2_x1_w31_svt/vdd.
[WARNING DRT-0122] Layer BPR is skipped for gt2_6t_xor2_x1_w31_svt/vss.
[WARNING DRT-0122] Layer BPR is skipped for gt2_6t_and2_x1_w31_ulvt/vdd.
[WARNING DRT-0122] Layer BPR is skipped for gt2_6t_and2_x1_w31_ulvt/vss.
[WARNING DRT-0122] Layer BPR is skipped for gt2_6t_and2_x2_w31_ulvt/vdd.
[WARNING DRT-0122] Layer BPR is skipped for gt2_6t_and2_x2_w31_ulvt/vss.
[WARNING DRT-0122] Layer BPR is skipped for gt2_6t_and2_x3_w31_ulvt/vdd.
[WARNING DRT-0122] Layer BPR is skipped for gt2_6t_and2_x3_w31_ulvt/vss.
[WARNING DRT-0122] Layer BPR is skipped for gt2_6t_and2_x4_w31_ulvt/vdd.
[WARNING DRT-0122] Layer BPR is skipped for gt2_6t_and2_x4_w31_ulvt/vss.
[WARNING DRT-0122] Layer BPR is skipped for gt2_6t_and3_x1_w31_ulvt/vdd.
[WARNING DRT-0122] Layer BPR is skipped for gt2_6t_and3_x1_w31_ulvt/vss.
[WARNING DRT-0122] Layer BPR is skipped for gt2_6t_ao211_x1_w31_ulvt/vdd.
[WARNING DRT-0122] Layer BPR is skipped for gt2_6t_ao211_x1_w31_ulvt/vss.
[WARNING DRT-0122] Layer BPR is skipped for gt2_6t_ao21_x1_w31_ulvt/vdd.
[WARNING DRT-0122] Layer BPR is skipped for gt2_6t_ao21_x1_w31_ulvt/vss.
[WARNING DRT-0122] Layer BPR is skipped for gt2_6t_ao22_x1_w31_ulvt/vdd.
[WARNING DRT-0122] Layer BPR is skipped for gt2_6t_ao22_x1_w31_ulvt/vss.
[WARNING DRT-0122] Layer BPR is skipped for gt2_6t_ao31_x1_w31_ulvt/vdd.
[WARNING DRT-0122] Layer BPR is skipped for gt2_6t_ao31_x1_w31_ulvt/vss.
[WARNING DRT-0122] Layer BPR is skipped for gt2_6t_ao32_x1_w31_ulvt/vdd.
[WARNING DRT-0122] Layer BPR is skipped for gt2_6t_ao32_x1_w31_ulvt/vss.
[WARNING DRT-0122] Layer BPR is skipped for gt2_6t_ao33_x1_w31_ulvt/vdd.
[WARNING DRT-0122] Layer BPR is skipped for gt2_6t_ao33_x1_w31_ulvt/vss.
[WARNING DRT-0122] Layer BPR is skipped for gt2_6t_aoi211_x1_w31_ulvt/vdd.
[WARNING DRT-0122] Layer BPR is skipped for gt2_6t_aoi211_x1_w31_ulvt/vss.
[WARNING DRT-0122] Layer BPR is skipped for gt2_6t_aoi21_x1_w31_ulvt/vdd.
[WARNING DRT-0122] Layer BPR is skipped for gt2_6t_aoi21_x1_w31_ulvt/vss.
[WARNING DRT-0122] Layer BPR is skipped for gt2_6t_aoi22_x1_w31_ulvt/vdd.
[WARNING DRT-0122] Layer BPR is skipped for gt2_6t_aoi22_x1_w31_ulvt/vss.
[WARNING DRT-0122] Layer BPR is skipped for gt2_6t_aoi31_x1_w31_ulvt/vdd.
[WARNING DRT-0122] Layer BPR is skipped for gt2_6t_aoi31_x1_w31_ulvt/vss.
[WARNING DRT-0122] Layer BPR is skipped for gt2_6t_aoi32_x1_w31_ulvt/vdd.
[WARNING DRT-0122] Layer BPR is skipped for gt2_6t_aoi32_x1_w31_ulvt/vss.
[WARNING DRT-0122] Layer BPR is skipped for gt2_6t_aoi33_x1_w31_ulvt/vdd.
[WARNING DRT-0122] Layer BPR is skipped for gt2_6t_aoi33_x1_w31_ulvt/vss.
[WARNING DRT-0122] Layer BPR is skipped for gt2_6t_buf_x1_w31_ulvt/vdd.
[WARNING DRT-0122] Layer BPR is skipped for gt2_6t_buf_x1_w31_ulvt/vss.
[WARNING DRT-0122] Layer BPR is skipped for gt2_6t_buf_x10_w31_ulvt/vdd.
[WARNING DRT-0122] Layer BPR is skipped for gt2_6t_buf_x10_w31_ulvt/vss.
[WARNING DRT-0122] Layer BPR is skipped for gt2_6t_buf_x12_w31_ulvt/vdd.
[WARNING DRT-0122] Layer BPR is skipped for gt2_6t_buf_x12_w31_ulvt/vss.
[WARNING DRT-0122] Layer BPR is skipped for gt2_6t_buf_x2_w31_ulvt/vdd.
[WARNING DRT-0122] Layer BPR is skipped for gt2_6t_buf_x2_w31_ulvt/vss.
[WARNING DRT-0122] Layer BPR is skipped for gt2_6t_buf_x3_w31_ulvt/vdd.
[WARNING DRT-0122] Layer BPR is skipped for gt2_6t_buf_x3_w31_ulvt/vss.
[WARNING DRT-0122] Layer BPR is skipped for gt2_6t_buf_x4_w31_ulvt/vdd.
[WARNING DRT-0122] Layer BPR is skipped for gt2_6t_buf_x4_w31_ulvt/vss.
[WARNING DRT-0122] Layer BPR is skipped for gt2_6t_buf_x6_w31_ulvt/vdd.
[WARNING DRT-0122] Layer BPR is skipped for gt2_6t_buf_x6_w31_ulvt/vss.
[WARNING DRT-0122] Layer BPR is skipped for gt2_6t_buf_x8_w31_ulvt/vdd.
[WARNING DRT-0122] Layer BPR is skipped for gt2_6t_buf_x8_w31_ulvt/vss.
[WARNING DRT-0122] Layer BPR is skipped for gt2_6t_decapcc_w31_ulvt/vdd.
[WARNING DRT-0122] Layer BPR is skipped for gt2_6t_decapcc_w31_ulvt/vss.
[WARNING DRT-0122] Layer BPR is skipped for gt2_6t_dffasync_x1_w31_ulvt/vdd.
[WARNING DRT-0122] Layer BPR is skipped for gt2_6t_dffasync_x1_w31_ulvt/vss.
[WARNING DRT-0122] Layer BPR is skipped for gt2_6t_dffasync_x1_w31_ulvt/vss.
[WARNING DRT-0122] Layer BPR is skipped for gt2_6t_dffasync_x2_w31_ulvt/vdd.
[WARNING DRT-0122] Layer BPR is skipped for gt2_6t_dffasync_x2_w31_ulvt/vss.
[WARNING DRT-0122] Layer BPR is skipped for gt2_6t_dffasync_x2_w31_ulvt/vss.
[WARNING DRT-0122] Layer BPR is skipped for gt2_6t_dffasync_x4_w31_ulvt/vdd.
[WARNING DRT-0122] Layer BPR is skipped for gt2_6t_dffasync_x4_w31_ulvt/vss.
[WARNING DRT-0122] Layer BPR is skipped for gt2_6t_dffasync_x4_w31_ulvt/vss.
[WARNING DRT-0122] Layer BPR is skipped for gt2_6t_filler_w31_ulvt/vdd.
[WARNING DRT-0122] Layer BPR is skipped for gt2_6t_filler_w31_ulvt/vss.
[WARNING DRT-0122] Layer BPR is skipped for gt2_6t_inv_x1_w31_ulvt/vdd.
[WARNING DRT-0122] Layer BPR is skipped for gt2_6t_inv_x1_w31_ulvt/vss.
[WARNING DRT-0122] Layer BPR is skipped for gt2_6t_inv_x10_w31_ulvt/vdd.
[WARNING DRT-0122] Layer BPR is skipped for gt2_6t_inv_x10_w31_ulvt/vss.
[WARNING DRT-0122] Layer BPR is skipped for gt2_6t_inv_x12_w31_ulvt/vdd.
[WARNING DRT-0122] Layer BPR is skipped for gt2_6t_inv_x12_w31_ulvt/vss.
[WARNING DRT-0122] Layer BPR is skipped for gt2_6t_inv_x2_w31_ulvt/vdd.
[WARNING DRT-0122] Layer BPR is skipped for gt2_6t_inv_x2_w31_ulvt/vss.
[WARNING DRT-0122] Layer BPR is skipped for gt2_6t_inv_x3_w31_ulvt/vdd.
[WARNING DRT-0122] Layer BPR is skipped for gt2_6t_inv_x3_w31_ulvt/vss.
[WARNING DRT-0122] Layer BPR is skipped for gt2_6t_inv_x4_w31_ulvt/vdd.
[WARNING DRT-0122] Layer BPR is skipped for gt2_6t_inv_x4_w31_ulvt/vss.
[WARNING DRT-0122] Layer BPR is skipped for gt2_6t_inv_x6_w31_ulvt/vdd.
[WARNING DRT-0122] Layer BPR is skipped for gt2_6t_inv_x6_w31_ulvt/vss.
[WARNING DRT-0122] Layer BPR is skipped for gt2_6t_inv_x8_w31_ulvt/vdd.
[WARNING DRT-0122] Layer BPR is skipped for gt2_6t_inv_x8_w31_ulvt/vss.
[WARNING DRT-0122] Layer BPR is skipped for gt2_6t_mux2_x1_w31_ulvt/vdd.
[WARNING DRT-0122] Layer BPR is skipped for gt2_6t_mux2_x1_w31_ulvt/vss.
[WARNING DRT-0122] Layer BPR is skipped for gt2_6t_mux2_x1_w31_ulvt/vss.
[WARNING DRT-0122] Layer BPR is skipped for gt2_6t_nand2_x1_w31_ulvt/vdd.
[WARNING DRT-0122] Layer BPR is skipped for gt2_6t_nand2_x1_w31_ulvt/vss.
[WARNING DRT-0122] Layer BPR is skipped for gt2_6t_nand2_x2_w31_ulvt/vdd.
[WARNING DRT-0122] Layer BPR is skipped for gt2_6t_nand2_x2_w31_ulvt/vss.
[WARNING DRT-0122] Layer BPR is skipped for gt2_6t_nand2_x3_w31_ulvt/vdd.
[WARNING DRT-0122] Layer BPR is skipped for gt2_6t_nand2_x3_w31_ulvt/vss.
[WARNING DRT-0122] Layer BPR is skipped for gt2_6t_nand2_x4_w31_ulvt/vdd.
[WARNING DRT-0122] Layer BPR is skipped for gt2_6t_nand2_x4_w31_ulvt/vss.
[WARNING DRT-0122] Layer BPR is skipped for gt2_6t_nand3_x1_w31_ulvt/vdd.
[WARNING DRT-0122] Layer BPR is skipped for gt2_6t_nand3_x1_w31_ulvt/vss.
[WARNING DRT-0122] Layer BPR is skipped for gt2_6t_nor2_x1_w31_ulvt/vdd.
[WARNING DRT-0122] Layer BPR is skipped for gt2_6t_nor2_x1_w31_ulvt/vss.
[WARNING DRT-0122] Layer BPR is skipped for gt2_6t_nor2_x2_w31_ulvt/vdd.
[WARNING DRT-0122] Layer BPR is skipped for gt2_6t_nor2_x2_w31_ulvt/vss.
[WARNING DRT-0122] Layer BPR is skipped for gt2_6t_nor2_x3_w31_ulvt/vdd.
[WARNING DRT-0122] Layer BPR is skipped for gt2_6t_nor2_x3_w31_ulvt/vss.
[WARNING DRT-0122] Layer BPR is skipped for gt2_6t_nor2_x4_w31_ulvt/vdd.
[WARNING DRT-0122] Layer BPR is skipped for gt2_6t_nor2_x4_w31_ulvt/vss.
[WARNING DRT-0122] Layer BPR is skipped for gt2_6t_nor3_x1_w31_ulvt/vdd.
[WARNING DRT-0122] Layer BPR is skipped for gt2_6t_nor3_x1_w31_ulvt/vss.
[WARNING DRT-0122] Layer BPR is skipped for gt2_6t_oa211_x1_w31_ulvt/vdd.
[WARNING DRT-0122] Layer BPR is skipped for gt2_6t_oa211_x1_w31_ulvt/vss.
[WARNING DRT-0122] Layer BPR is skipped for gt2_6t_oa21_x1_w31_ulvt/vdd.
[WARNING DRT-0122] Layer BPR is skipped for gt2_6t_oa21_x1_w31_ulvt/vss.
[WARNING DRT-0122] Layer BPR is skipped for gt2_6t_oa22_x1_w31_ulvt/vdd.
[WARNING DRT-0122] Layer BPR is skipped for gt2_6t_oa22_x1_w31_ulvt/vss.
[WARNING DRT-0122] Layer BPR is skipped for gt2_6t_oa31_x1_w31_ulvt/vdd.
[WARNING DRT-0122] Layer BPR is skipped for gt2_6t_oa31_x1_w31_ulvt/vss.
[WARNING DRT-0122] Layer BPR is skipped for gt2_6t_oa32_x1_w31_ulvt/vdd.
[WARNING DRT-0122] Layer BPR is skipped for gt2_6t_oa32_x1_w31_ulvt/vss.
[WARNING DRT-0122] Layer BPR is skipped for gt2_6t_oa33_x1_w31_ulvt/vdd.
[WARNING DRT-0122] Layer BPR is skipped for gt2_6t_oa33_x1_w31_ulvt/vss.
[WARNING DRT-0122] Layer BPR is skipped for gt2_6t_oai211_x1_w31_ulvt/vdd.
[WARNING DRT-0122] Layer BPR is skipped for gt2_6t_oai211_x1_w31_ulvt/vss.
[WARNING DRT-0122] Layer BPR is skipped for gt2_6t_oai21_x1_w31_ulvt/vdd.
[WARNING DRT-0122] Layer BPR is skipped for gt2_6t_oai21_x1_w31_ulvt/vss.
[WARNING DRT-0122] Layer BPR is skipped for gt2_6t_oai22_x1_w31_ulvt/vdd.
[WARNING DRT-0122] Layer BPR is skipped for gt2_6t_oai22_x1_w31_ulvt/vss.
[WARNING DRT-0122] Layer BPR is skipped for gt2_6t_oai31_x1_w31_ulvt/vdd.
[WARNING DRT-0122] Layer BPR is skipped for gt2_6t_oai31_x1_w31_ulvt/vss.
[WARNING DRT-0122] Layer BPR is skipped for gt2_6t_oai32_x1_w31_ulvt/vdd.
[WARNING DRT-0122] Layer BPR is skipped for gt2_6t_oai32_x1_w31_ulvt/vss.
[WARNING DRT-0122] Layer BPR is skipped for gt2_6t_oai33_x1_w31_ulvt/vdd.
[WARNING DRT-0122] Layer BPR is skipped for gt2_6t_oai33_x1_w31_ulvt/vss.
[WARNING DRT-0122] Layer BPR is skipped for gt2_6t_or2_x1_w31_ulvt/vdd.
[WARNING DRT-0122] Layer BPR is skipped for gt2_6t_or2_x1_w31_ulvt/vss.
[WARNING DRT-0122] Layer BPR is skipped for gt2_6t_or2_x2_w31_ulvt/vdd.
[WARNING DRT-0122] Layer BPR is skipped for gt2_6t_or2_x2_w31_ulvt/vss.
[WARNING DRT-0122] Layer BPR is skipped for gt2_6t_or2_x3_w31_ulvt/vdd.
[WARNING DRT-0122] Layer BPR is skipped for gt2_6t_or2_x3_w31_ulvt/vss.
[WARNING DRT-0122] Layer BPR is skipped for gt2_6t_or2_x4_w31_ulvt/vdd.
[WARNING DRT-0122] Layer BPR is skipped for gt2_6t_or2_x4_w31_ulvt/vss.
[WARNING DRT-0122] Layer BPR is skipped for gt2_6t_or3_x1_w31_ulvt/vdd.
[WARNING DRT-0122] Layer BPR is skipped for gt2_6t_or3_x1_w31_ulvt/vss.
[WARNING DRT-0122] Layer BPR is skipped for gt2_6t_tapfspdn_w31_ulvt/vdd.
[WARNING DRT-0122] Layer BPR is skipped for gt2_6t_tapfspdn_w31_ulvt/vss.
[WARNING DRT-0122] Layer BPR is skipped for gt2_6t_tapbspdn_w31_ulvt/vdd.
[WARNING DRT-0122] Layer BPR is skipped for gt2_6t_tapbspdn_w31_ulvt/vss.
[WARNING DRT-0122] Layer BPR is skipped for gt2_6t_tiehigh_w31_ulvt/vdd.
[WARNING DRT-0122] Layer BPR is skipped for gt2_6t_tiehigh_w31_ulvt/vss.
[WARNING DRT-0122] Layer BPR is skipped for gt2_6t_tielow_w31_ulvt/vdd.
[WARNING DRT-0122] Layer BPR is skipped for gt2_6t_tielow_w31_ulvt/vss.
[WARNING DRT-0122] Layer BPR is skipped for gt2_6t_xnor2_x1_w31_ulvt/vdd.
[WARNING DRT-0122] Layer BPR is skipped for gt2_6t_xnor2_x1_w31_ulvt/vss.
[WARNING DRT-0122] Layer BPR is skipped for gt2_6t_xor2_x1_w31_ulvt/vdd.
[WARNING DRT-0122] Layer BPR is skipped for gt2_6t_xor2_x1_w31_ulvt/vss.
[WARNING DRT-0122] Layer BPR is skipped for gt2_6t_and2_x1_w31_elvt/vdd.
[WARNING DRT-0122] Layer BPR is skipped for gt2_6t_and2_x1_w31_elvt/vss.
[WARNING DRT-0122] Layer BPR is skipped for gt2_6t_and2_x2_w31_elvt/vdd.
[WARNING DRT-0122] Layer BPR is skipped for gt2_6t_and2_x2_w31_elvt/vss.
[WARNING DRT-0122] Layer BPR is skipped for gt2_6t_and2_x3_w31_elvt/vdd.
[WARNING DRT-0122] Layer BPR is skipped for gt2_6t_and2_x3_w31_elvt/vss.
[WARNING DRT-0122] Layer BPR is skipped for gt2_6t_and2_x4_w31_elvt/vdd.
[WARNING DRT-0122] Layer BPR is skipped for gt2_6t_and2_x4_w31_elvt/vss.
[WARNING DRT-0122] Layer BPR is skipped for gt2_6t_and3_x1_w31_elvt/vdd.
[WARNING DRT-0122] Layer BPR is skipped for gt2_6t_and3_x1_w31_elvt/vss.
[WARNING DRT-0122] Layer BPR is skipped for gt2_6t_ao211_x1_w31_elvt/vdd.
[WARNING DRT-0122] Layer BPR is skipped for gt2_6t_ao211_x1_w31_elvt/vss.
[WARNING DRT-0122] Layer BPR is skipped for gt2_6t_ao21_x1_w31_elvt/vdd.
[WARNING DRT-0122] Layer BPR is skipped for gt2_6t_ao21_x1_w31_elvt/vss.
[WARNING DRT-0122] Layer BPR is skipped for gt2_6t_ao22_x1_w31_elvt/vdd.
[WARNING DRT-0122] Layer BPR is skipped for gt2_6t_ao22_x1_w31_elvt/vss.
[WARNING DRT-0122] Layer BPR is skipped for gt2_6t_ao31_x1_w31_elvt/vdd.
[WARNING DRT-0122] Layer BPR is skipped for gt2_6t_ao31_x1_w31_elvt/vss.
[WARNING DRT-0122] Layer BPR is skipped for gt2_6t_ao32_x1_w31_elvt/vdd.
[WARNING DRT-0122] Layer BPR is skipped for gt2_6t_ao32_x1_w31_elvt/vss.
[WARNING DRT-0122] Layer BPR is skipped for gt2_6t_ao33_x1_w31_elvt/vdd.
[WARNING DRT-0122] Layer BPR is skipped for gt2_6t_ao33_x1_w31_elvt/vss.
[WARNING DRT-0122] Layer BPR is skipped for gt2_6t_aoi211_x1_w31_elvt/vdd.
[WARNING DRT-0122] Layer BPR is skipped for gt2_6t_aoi211_x1_w31_elvt/vss.
[WARNING DRT-0122] Layer BPR is skipped for gt2_6t_aoi21_x1_w31_elvt/vdd.
[WARNING DRT-0122] Layer BPR is skipped for gt2_6t_aoi21_x1_w31_elvt/vss.
[WARNING DRT-0122] Layer BPR is skipped for gt2_6t_aoi22_x1_w31_elvt/vdd.
[WARNING DRT-0122] Layer BPR is skipped for gt2_6t_aoi22_x1_w31_elvt/vss.
[WARNING DRT-0122] Layer BPR is skipped for gt2_6t_aoi31_x1_w31_elvt/vdd.
[WARNING DRT-0122] Layer BPR is skipped for gt2_6t_aoi31_x1_w31_elvt/vss.
[WARNING DRT-0122] Layer BPR is skipped for gt2_6t_aoi32_x1_w31_elvt/vdd.
[WARNING DRT-0122] Layer BPR is skipped for gt2_6t_aoi32_x1_w31_elvt/vss.
[WARNING DRT-0122] Layer BPR is skipped for gt2_6t_aoi33_x1_w31_elvt/vdd.
[WARNING DRT-0122] Layer BPR is skipped for gt2_6t_aoi33_x1_w31_elvt/vss.
[WARNING DRT-0122] Layer BPR is skipped for gt2_6t_buf_x1_w31_elvt/vdd.
[WARNING DRT-0122] Layer BPR is skipped for gt2_6t_buf_x1_w31_elvt/vss.
[WARNING DRT-0122] Layer BPR is skipped for gt2_6t_buf_x10_w31_elvt/vdd.
[WARNING DRT-0122] Layer BPR is skipped for gt2_6t_buf_x10_w31_elvt/vss.
[WARNING DRT-0122] Layer BPR is skipped for gt2_6t_buf_x12_w31_elvt/vdd.
[WARNING DRT-0122] Layer BPR is skipped for gt2_6t_buf_x12_w31_elvt/vss.
[WARNING DRT-0122] Layer BPR is skipped for gt2_6t_buf_x2_w31_elvt/vdd.
[WARNING DRT-0122] Layer BPR is skipped for gt2_6t_buf_x2_w31_elvt/vss.
[WARNING DRT-0122] Layer BPR is skipped for gt2_6t_buf_x3_w31_elvt/vdd.
[WARNING DRT-0122] Layer BPR is skipped for gt2_6t_buf_x3_w31_elvt/vss.
[WARNING DRT-0122] Layer BPR is skipped for gt2_6t_buf_x4_w31_elvt/vdd.
[WARNING DRT-0122] Layer BPR is skipped for gt2_6t_buf_x4_w31_elvt/vss.
[WARNING DRT-0122] Layer BPR is skipped for gt2_6t_buf_x6_w31_elvt/vdd.
[WARNING DRT-0122] Layer BPR is skipped for gt2_6t_buf_x6_w31_elvt/vss.
[WARNING DRT-0122] Layer BPR is skipped for gt2_6t_buf_x8_w31_elvt/vdd.
[WARNING DRT-0122] Layer BPR is skipped for gt2_6t_buf_x8_w31_elvt/vss.
[WARNING DRT-0122] Layer BPR is skipped for gt2_6t_decapcc_w31_elvt/vdd.
[WARNING DRT-0122] Layer BPR is skipped for gt2_6t_decapcc_w31_elvt/vss.
[WARNING DRT-0122] Layer BPR is skipped for gt2_6t_dffasync_x1_w31_elvt/vdd.
[WARNING DRT-0122] Layer BPR is skipped for gt2_6t_dffasync_x1_w31_elvt/vss.
[WARNING DRT-0122] Layer BPR is skipped for gt2_6t_dffasync_x1_w31_elvt/vss.
[WARNING DRT-0122] Layer BPR is skipped for gt2_6t_dffasync_x2_w31_elvt/vdd.
[WARNING DRT-0122] Layer BPR is skipped for gt2_6t_dffasync_x2_w31_elvt/vss.
[WARNING DRT-0122] Layer BPR is skipped for gt2_6t_dffasync_x2_w31_elvt/vss.
[WARNING DRT-0122] Layer BPR is skipped for gt2_6t_dffasync_x4_w31_elvt/vdd.
[WARNING DRT-0122] Layer BPR is skipped for gt2_6t_dffasync_x4_w31_elvt/vss.
[WARNING DRT-0122] Layer BPR is skipped for gt2_6t_dffasync_x4_w31_elvt/vss.
[WARNING DRT-0122] Layer BPR is skipped for gt2_6t_filler_w31_elvt/vdd.
[WARNING DRT-0122] Layer BPR is skipped for gt2_6t_filler_w31_elvt/vss.
[WARNING DRT-0122] Layer BPR is skipped for gt2_6t_inv_x1_w31_elvt/vdd.
[WARNING DRT-0122] Layer BPR is skipped for gt2_6t_inv_x1_w31_elvt/vss.
[WARNING DRT-0122] Layer BPR is skipped for gt2_6t_inv_x10_w31_elvt/vdd.
[WARNING DRT-0122] Layer BPR is skipped for gt2_6t_inv_x10_w31_elvt/vss.
[WARNING DRT-0122] Layer BPR is skipped for gt2_6t_inv_x12_w31_elvt/vdd.
[WARNING DRT-0122] Layer BPR is skipped for gt2_6t_inv_x12_w31_elvt/vss.
[WARNING DRT-0122] Layer BPR is skipped for gt2_6t_inv_x2_w31_elvt/vdd.
[WARNING DRT-0122] Layer BPR is skipped for gt2_6t_inv_x2_w31_elvt/vss.
[WARNING DRT-0122] Layer BPR is skipped for gt2_6t_inv_x3_w31_elvt/vdd.
[WARNING DRT-0122] Layer BPR is skipped for gt2_6t_inv_x3_w31_elvt/vss.
[WARNING DRT-0122] Layer BPR is skipped for gt2_6t_inv_x4_w31_elvt/vdd.
[WARNING DRT-0122] Layer BPR is skipped for gt2_6t_inv_x4_w31_elvt/vss.
[WARNING DRT-0122] Layer BPR is skipped for gt2_6t_inv_x6_w31_elvt/vdd.
[WARNING DRT-0122] Layer BPR is skipped for gt2_6t_inv_x6_w31_elvt/vss.
[WARNING DRT-0122] Layer BPR is skipped for gt2_6t_inv_x8_w31_elvt/vdd.
[WARNING DRT-0122] Layer BPR is skipped for gt2_6t_inv_x8_w31_elvt/vss.
[WARNING DRT-0122] Layer BPR is skipped for gt2_6t_mux2_x1_w31_elvt/vdd.
[WARNING DRT-0122] Layer BPR is skipped for gt2_6t_mux2_x1_w31_elvt/vss.
[WARNING DRT-0122] Layer BPR is skipped for gt2_6t_mux2_x1_w31_elvt/vss.
[WARNING DRT-0122] Layer BPR is skipped for gt2_6t_nand2_x1_w31_elvt/vdd.
[WARNING DRT-0122] Layer BPR is skipped for gt2_6t_nand2_x1_w31_elvt/vss.
[WARNING DRT-0122] Layer BPR is skipped for gt2_6t_nand2_x2_w31_elvt/vdd.
[WARNING DRT-0122] Layer BPR is skipped for gt2_6t_nand2_x2_w31_elvt/vss.
[WARNING DRT-0122] Layer BPR is skipped for gt2_6t_nand2_x3_w31_elvt/vdd.
[WARNING DRT-0122] Layer BPR is skipped for gt2_6t_nand2_x3_w31_elvt/vss.
[WARNING DRT-0122] Layer BPR is skipped for gt2_6t_nand2_x4_w31_elvt/vdd.
[WARNING DRT-0122] Layer BPR is skipped for gt2_6t_nand2_x4_w31_elvt/vss.
[WARNING DRT-0122] Layer BPR is skipped for gt2_6t_nand3_x1_w31_elvt/vdd.
[WARNING DRT-0122] Layer BPR is skipped for gt2_6t_nand3_x1_w31_elvt/vss.
[WARNING DRT-0122] Layer BPR is skipped for gt2_6t_nor2_x1_w31_elvt/vdd.
[WARNING DRT-0122] Layer BPR is skipped for gt2_6t_nor2_x1_w31_elvt/vss.
[WARNING DRT-0122] Layer BPR is skipped for gt2_6t_nor2_x2_w31_elvt/vdd.
[WARNING DRT-0122] Layer BPR is skipped for gt2_6t_nor2_x2_w31_elvt/vss.
[WARNING DRT-0122] Layer BPR is skipped for gt2_6t_nor2_x3_w31_elvt/vdd.
[WARNING DRT-0122] Layer BPR is skipped for gt2_6t_nor2_x3_w31_elvt/vss.
[WARNING DRT-0122] Layer BPR is skipped for gt2_6t_nor2_x4_w31_elvt/vdd.
[WARNING DRT-0122] Layer BPR is skipped for gt2_6t_nor2_x4_w31_elvt/vss.
[WARNING DRT-0122] Layer BPR is skipped for gt2_6t_nor3_x1_w31_elvt/vdd.
[WARNING DRT-0122] Layer BPR is skipped for gt2_6t_nor3_x1_w31_elvt/vss.
[WARNING DRT-0122] Layer BPR is skipped for gt2_6t_oa211_x1_w31_elvt/vdd.
[WARNING DRT-0122] Layer BPR is skipped for gt2_6t_oa211_x1_w31_elvt/vss.
[WARNING DRT-0122] Layer BPR is skipped for gt2_6t_oa21_x1_w31_elvt/vdd.
[WARNING DRT-0122] Layer BPR is skipped for gt2_6t_oa21_x1_w31_elvt/vss.
[WARNING DRT-0122] Layer BPR is skipped for gt2_6t_oa22_x1_w31_elvt/vdd.
[WARNING DRT-0122] Layer BPR is skipped for gt2_6t_oa22_x1_w31_elvt/vss.
[WARNING DRT-0122] Layer BPR is skipped for gt2_6t_oa31_x1_w31_elvt/vdd.
[WARNING DRT-0122] Layer BPR is skipped for gt2_6t_oa31_x1_w31_elvt/vss.
[WARNING DRT-0122] Layer BPR is skipped for gt2_6t_oa32_x1_w31_elvt/vdd.
[WARNING DRT-0122] Layer BPR is skipped for gt2_6t_oa32_x1_w31_elvt/vss.
[WARNING DRT-0122] Layer BPR is skipped for gt2_6t_oa33_x1_w31_elvt/vdd.
[WARNING DRT-0122] Layer BPR is skipped for gt2_6t_oa33_x1_w31_elvt/vss.
[WARNING DRT-0122] Layer BPR is skipped for gt2_6t_oai211_x1_w31_elvt/vdd.
[WARNING DRT-0122] Layer BPR is skipped for gt2_6t_oai211_x1_w31_elvt/vss.
[WARNING DRT-0122] Layer BPR is skipped for gt2_6t_oai21_x1_w31_elvt/vdd.
[WARNING DRT-0122] Layer BPR is skipped for gt2_6t_oai21_x1_w31_elvt/vss.
[WARNING DRT-0122] Layer BPR is skipped for gt2_6t_oai22_x1_w31_elvt/vdd.
[WARNING DRT-0122] Layer BPR is skipped for gt2_6t_oai22_x1_w31_elvt/vss.
[WARNING DRT-0122] Layer BPR is skipped for gt2_6t_oai31_x1_w31_elvt/vdd.
[WARNING DRT-0122] Layer BPR is skipped for gt2_6t_oai31_x1_w31_elvt/vss.
[WARNING DRT-0122] Layer BPR is skipped for gt2_6t_oai32_x1_w31_elvt/vdd.
[WARNING DRT-0122] Layer BPR is skipped for gt2_6t_oai32_x1_w31_elvt/vss.
[WARNING DRT-0122] Layer BPR is skipped for gt2_6t_oai33_x1_w31_elvt/vdd.
[WARNING DRT-0122] Layer BPR is skipped for gt2_6t_oai33_x1_w31_elvt/vss.
[WARNING DRT-0122] Layer BPR is skipped for gt2_6t_or2_x1_w31_elvt/vdd.
[WARNING DRT-0122] Layer BPR is skipped for gt2_6t_or2_x1_w31_elvt/vss.
[WARNING DRT-0122] Layer BPR is skipped for gt2_6t_or2_x2_w31_elvt/vdd.
[WARNING DRT-0122] Layer BPR is skipped for gt2_6t_or2_x2_w31_elvt/vss.
[WARNING DRT-0122] Layer BPR is skipped for gt2_6t_or2_x3_w31_elvt/vdd.
[WARNING DRT-0122] Layer BPR is skipped for gt2_6t_or2_x3_w31_elvt/vss.
[WARNING DRT-0122] Layer BPR is skipped for gt2_6t_or2_x4_w31_elvt/vdd.
[WARNING DRT-0122] Layer BPR is skipped for gt2_6t_or2_x4_w31_elvt/vss.
[WARNING DRT-0122] Layer BPR is skipped for gt2_6t_or3_x1_w31_elvt/vdd.
[WARNING DRT-0122] Layer BPR is skipped for gt2_6t_or3_x1_w31_elvt/vss.
[WARNING DRT-0122] Layer BPR is skipped for gt2_6t_tapfspdn_w31_elvt/vdd.
[WARNING DRT-0122] Layer BPR is skipped for gt2_6t_tapfspdn_w31_elvt/vss.
[WARNING DRT-0122] Layer BPR is skipped for gt2_6t_tapbspdn_w31_elvt/vdd.
[WARNING DRT-0122] Layer BPR is skipped for gt2_6t_tapbspdn_w31_elvt/vss.
[WARNING DRT-0122] Layer BPR is skipped for gt2_6t_tiehigh_w31_elvt/vdd.
[WARNING DRT-0122] Layer BPR is skipped for gt2_6t_tiehigh_w31_elvt/vss.
[WARNING DRT-0122] Layer BPR is skipped for gt2_6t_tielow_w31_elvt/vdd.
[WARNING DRT-0122] Layer BPR is skipped for gt2_6t_tielow_w31_elvt/vss.
[WARNING DRT-0122] Layer BPR is skipped for gt2_6t_xnor2_x1_w31_elvt/vdd.
[WARNING DRT-0122] Layer BPR is skipped for gt2_6t_xnor2_x1_w31_elvt/vss.
[WARNING DRT-0122] Layer BPR is skipped for gt2_6t_xor2_x1_w31_elvt/vdd.
[WARNING DRT-0122] Layer BPR is skipped for gt2_6t_xor2_x1_w31_elvt/vss.
[WARNING DRT-0122] Layer BPR is skipped for gt2_6t_and2_x1_w13_lvt/vdd.
[WARNING DRT-0122] Layer BPR is skipped for gt2_6t_and2_x1_w13_lvt/vss.
[WARNING DRT-0122] Layer BPR is skipped for gt2_6t_and2_x2_w13_lvt/vdd.
[WARNING DRT-0122] Layer BPR is skipped for gt2_6t_and2_x2_w13_lvt/vss.
[WARNING DRT-0122] Layer BPR is skipped for gt2_6t_and2_x3_w13_lvt/vdd.
[WARNING DRT-0122] Layer BPR is skipped for gt2_6t_and2_x3_w13_lvt/vss.
[WARNING DRT-0122] Layer BPR is skipped for gt2_6t_and2_x4_w13_lvt/vdd.
[WARNING DRT-0122] Layer BPR is skipped for gt2_6t_and2_x4_w13_lvt/vss.
[WARNING DRT-0122] Layer BPR is skipped for gt2_6t_and3_x1_w13_lvt/vdd.
[WARNING DRT-0122] Layer BPR is skipped for gt2_6t_and3_x1_w13_lvt/vss.
[WARNING DRT-0122] Layer BPR is skipped for gt2_6t_ao211_x1_w13_lvt/vdd.
[WARNING DRT-0122] Layer BPR is skipped for gt2_6t_ao211_x1_w13_lvt/vss.
[WARNING DRT-0122] Layer BPR is skipped for gt2_6t_ao21_x1_w13_lvt/vdd.
[WARNING DRT-0122] Layer BPR is skipped for gt2_6t_ao21_x1_w13_lvt/vss.
[WARNING DRT-0122] Layer BPR is skipped for gt2_6t_ao22_x1_w13_lvt/vdd.
[WARNING DRT-0122] Layer BPR is skipped for gt2_6t_ao22_x1_w13_lvt/vss.
[WARNING DRT-0122] Layer BPR is skipped for gt2_6t_ao31_x1_w13_lvt/vdd.
[WARNING DRT-0122] Layer BPR is skipped for gt2_6t_ao31_x1_w13_lvt/vss.
[WARNING DRT-0122] Layer BPR is skipped for gt2_6t_ao32_x1_w13_lvt/vdd.
[WARNING DRT-0122] Layer BPR is skipped for gt2_6t_ao32_x1_w13_lvt/vss.
[WARNING DRT-0122] Layer BPR is skipped for gt2_6t_ao33_x1_w13_lvt/vdd.
[WARNING DRT-0122] Layer BPR is skipped for gt2_6t_ao33_x1_w13_lvt/vss.
[WARNING DRT-0122] Layer BPR is skipped for gt2_6t_aoi211_x1_w13_lvt/vdd.
[WARNING DRT-0122] Layer BPR is skipped for gt2_6t_aoi211_x1_w13_lvt/vss.
[WARNING DRT-0122] Layer BPR is skipped for gt2_6t_aoi21_x1_w13_lvt/vdd.
[WARNING DRT-0122] Layer BPR is skipped for gt2_6t_aoi21_x1_w13_lvt/vss.
[WARNING DRT-0122] Layer BPR is skipped for gt2_6t_aoi22_x1_w13_lvt/vdd.
[WARNING DRT-0122] Layer BPR is skipped for gt2_6t_aoi22_x1_w13_lvt/vss.
[WARNING DRT-0122] Layer BPR is skipped for gt2_6t_aoi31_x1_w13_lvt/vdd.
[WARNING DRT-0122] Layer BPR is skipped for gt2_6t_aoi31_x1_w13_lvt/vss.
[WARNING DRT-0122] Layer BPR is skipped for gt2_6t_aoi32_x1_w13_lvt/vdd.
[WARNING DRT-0122] Layer BPR is skipped for gt2_6t_aoi32_x1_w13_lvt/vss.
[WARNING DRT-0122] Layer BPR is skipped for gt2_6t_aoi33_x1_w13_lvt/vdd.
[WARNING DRT-0122] Layer BPR is skipped for gt2_6t_aoi33_x1_w13_lvt/vss.
[WARNING DRT-0122] Layer BPR is skipped for gt2_6t_buf_x1_w13_lvt/vdd.
[WARNING DRT-0122] Layer BPR is skipped for gt2_6t_buf_x1_w13_lvt/vss.
[WARNING DRT-0122] Layer BPR is skipped for gt2_6t_buf_x10_w13_lvt/vdd.
[WARNING DRT-0122] Layer BPR is skipped for gt2_6t_buf_x10_w13_lvt/vss.
[WARNING DRT-0122] Layer BPR is skipped for gt2_6t_buf_x12_w13_lvt/vdd.
[WARNING DRT-0122] Layer BPR is skipped for gt2_6t_buf_x12_w13_lvt/vss.
[WARNING DRT-0122] Layer BPR is skipped for gt2_6t_buf_x2_w13_lvt/vdd.
[WARNING DRT-0122] Layer BPR is skipped for gt2_6t_buf_x2_w13_lvt/vss.
[WARNING DRT-0122] Layer BPR is skipped for gt2_6t_buf_x3_w13_lvt/vdd.
[WARNING DRT-0122] Layer BPR is skipped for gt2_6t_buf_x3_w13_lvt/vss.
[WARNING DRT-0122] Layer BPR is skipped for gt2_6t_buf_x4_w13_lvt/vdd.
[WARNING DRT-0122] Layer BPR is skipped for gt2_6t_buf_x4_w13_lvt/vss.
[WARNING DRT-0122] Layer BPR is skipped for gt2_6t_buf_x6_w13_lvt/vdd.
[WARNING DRT-0122] Layer BPR is skipped for gt2_6t_buf_x6_w13_lvt/vss.
[WARNING DRT-0122] Layer BPR is skipped for gt2_6t_buf_x8_w13_lvt/vdd.
[WARNING DRT-0122] Layer BPR is skipped for gt2_6t_buf_x8_w13_lvt/vss.
[WARNING DRT-0122] Layer BPR is skipped for gt2_6t_decapcc_w13_lvt/vdd.
[WARNING DRT-0122] Layer BPR is skipped for gt2_6t_decapcc_w13_lvt/vss.
[WARNING DRT-0122] Layer BPR is skipped for gt2_6t_dffasync_x1_w13_lvt/vdd.
[WARNING DRT-0122] Layer BPR is skipped for gt2_6t_dffasync_x1_w13_lvt/vss.
[WARNING DRT-0122] Layer BPR is skipped for gt2_6t_dffasync_x1_w13_lvt/vss.
[WARNING DRT-0122] Layer BPR is skipped for gt2_6t_dffasync_x2_w13_lvt/vdd.
[WARNING DRT-0122] Layer BPR is skipped for gt2_6t_dffasync_x2_w13_lvt/vss.
[WARNING DRT-0122] Layer BPR is skipped for gt2_6t_dffasync_x2_w13_lvt/vss.
[WARNING DRT-0122] Layer BPR is skipped for gt2_6t_dffasync_x4_w13_lvt/vdd.
[WARNING DRT-0122] Layer BPR is skipped for gt2_6t_dffasync_x4_w13_lvt/vss.
[WARNING DRT-0122] Layer BPR is skipped for gt2_6t_dffasync_x4_w13_lvt/vss.
[WARNING DRT-0122] Layer BPR is skipped for gt2_6t_filler_w13_lvt/vdd.
[WARNING DRT-0122] Layer BPR is skipped for gt2_6t_filler_w13_lvt/vss.
[WARNING DRT-0122] Layer BPR is skipped for gt2_6t_inv_x1_w13_lvt/vdd.
[WARNING DRT-0122] Layer BPR is skipped for gt2_6t_inv_x1_w13_lvt/vss.
[WARNING DRT-0122] Layer BPR is skipped for gt2_6t_inv_x10_w13_lvt/vdd.
[WARNING DRT-0122] Layer BPR is skipped for gt2_6t_inv_x10_w13_lvt/vss.
[WARNING DRT-0122] Layer BPR is skipped for gt2_6t_inv_x12_w13_lvt/vdd.
[WARNING DRT-0122] Layer BPR is skipped for gt2_6t_inv_x12_w13_lvt/vss.
[WARNING DRT-0122] Layer BPR is skipped for gt2_6t_inv_x2_w13_lvt/vdd.
[WARNING DRT-0122] Layer BPR is skipped for gt2_6t_inv_x2_w13_lvt/vss.
[WARNING DRT-0122] Layer BPR is skipped for gt2_6t_inv_x3_w13_lvt/vdd.
[WARNING DRT-0122] Layer BPR is skipped for gt2_6t_inv_x3_w13_lvt/vss.
[WARNING DRT-0122] Layer BPR is skipped for gt2_6t_inv_x4_w13_lvt/vdd.
[WARNING DRT-0122] Layer BPR is skipped for gt2_6t_inv_x4_w13_lvt/vss.
[WARNING DRT-0122] Layer BPR is skipped for gt2_6t_inv_x6_w13_lvt/vdd.
[WARNING DRT-0122] Layer BPR is skipped for gt2_6t_inv_x6_w13_lvt/vss.
[WARNING DRT-0122] Layer BPR is skipped for gt2_6t_inv_x8_w13_lvt/vdd.
[WARNING DRT-0122] Layer BPR is skipped for gt2_6t_inv_x8_w13_lvt/vss.
[WARNING DRT-0122] Layer BPR is skipped for gt2_6t_mux2_x1_w13_lvt/vdd.
[WARNING DRT-0122] Layer BPR is skipped for gt2_6t_mux2_x1_w13_lvt/vss.
[WARNING DRT-0122] Layer BPR is skipped for gt2_6t_mux2_x1_w13_lvt/vss.
[WARNING DRT-0122] Layer BPR is skipped for gt2_6t_nand2_x1_w13_lvt/vdd.
[WARNING DRT-0122] Layer BPR is skipped for gt2_6t_nand2_x1_w13_lvt/vss.
[WARNING DRT-0122] Layer BPR is skipped for gt2_6t_nand2_x2_w13_lvt/vdd.
[WARNING DRT-0122] Layer BPR is skipped for gt2_6t_nand2_x2_w13_lvt/vss.
[WARNING DRT-0122] Layer BPR is skipped for gt2_6t_nand2_x3_w13_lvt/vdd.
[WARNING DRT-0122] Layer BPR is skipped for gt2_6t_nand2_x3_w13_lvt/vss.
[WARNING DRT-0122] Layer BPR is skipped for gt2_6t_nand2_x4_w13_lvt/vdd.
[WARNING DRT-0122] Layer BPR is skipped for gt2_6t_nand2_x4_w13_lvt/vss.
[WARNING DRT-0122] Layer BPR is skipped for gt2_6t_nand3_x1_w13_lvt/vdd.
[WARNING DRT-0122] Layer BPR is skipped for gt2_6t_nand3_x1_w13_lvt/vss.
[WARNING DRT-0122] Layer BPR is skipped for gt2_6t_nor2_x1_w13_lvt/vdd.
[WARNING DRT-0122] Layer BPR is skipped for gt2_6t_nor2_x1_w13_lvt/vss.
[WARNING DRT-0122] Layer BPR is skipped for gt2_6t_nor2_x2_w13_lvt/vdd.
[WARNING DRT-0122] Layer BPR is skipped for gt2_6t_nor2_x2_w13_lvt/vss.
[WARNING DRT-0122] Layer BPR is skipped for gt2_6t_nor2_x3_w13_lvt/vdd.
[WARNING DRT-0122] Layer BPR is skipped for gt2_6t_nor2_x3_w13_lvt/vss.
[WARNING DRT-0122] Layer BPR is skipped for gt2_6t_nor2_x4_w13_lvt/vdd.
[WARNING DRT-0122] Layer BPR is skipped for gt2_6t_nor2_x4_w13_lvt/vss.
[WARNING DRT-0122] Layer BPR is skipped for gt2_6t_nor3_x1_w13_lvt/vdd.
[WARNING DRT-0122] Layer BPR is skipped for gt2_6t_nor3_x1_w13_lvt/vss.
[WARNING DRT-0122] Layer BPR is skipped for gt2_6t_oa211_x1_w13_lvt/vdd.
[WARNING DRT-0122] Layer BPR is skipped for gt2_6t_oa211_x1_w13_lvt/vss.
[WARNING DRT-0122] Layer BPR is skipped for gt2_6t_oa21_x1_w13_lvt/vdd.
[WARNING DRT-0122] Layer BPR is skipped for gt2_6t_oa21_x1_w13_lvt/vss.
[WARNING DRT-0122] Layer BPR is skipped for gt2_6t_oa22_x1_w13_lvt/vdd.
[WARNING DRT-0122] Layer BPR is skipped for gt2_6t_oa22_x1_w13_lvt/vss.
[WARNING DRT-0122] Layer BPR is skipped for gt2_6t_oa31_x1_w13_lvt/vdd.
[WARNING DRT-0122] Layer BPR is skipped for gt2_6t_oa31_x1_w13_lvt/vss.
[WARNING DRT-0122] Layer BPR is skipped for gt2_6t_oa32_x1_w13_lvt/vdd.
[WARNING DRT-0122] Layer BPR is skipped for gt2_6t_oa32_x1_w13_lvt/vss.
[WARNING DRT-0122] Layer BPR is skipped for gt2_6t_oa33_x1_w13_lvt/vdd.
[WARNING DRT-0122] Layer BPR is skipped for gt2_6t_oa33_x1_w13_lvt/vss.
[WARNING DRT-0122] Layer BPR is skipped for gt2_6t_oai211_x1_w13_lvt/vdd.
[WARNING DRT-0122] Layer BPR is skipped for gt2_6t_oai211_x1_w13_lvt/vss.
[WARNING DRT-0122] Layer BPR is skipped for gt2_6t_oai21_x1_w13_lvt/vdd.
[WARNING DRT-0122] Layer BPR is skipped for gt2_6t_oai21_x1_w13_lvt/vss.
[WARNING DRT-0122] Layer BPR is skipped for gt2_6t_oai22_x1_w13_lvt/vdd.
[WARNING DRT-0122] Layer BPR is skipped for gt2_6t_oai22_x1_w13_lvt/vss.
[WARNING DRT-0122] Layer BPR is skipped for gt2_6t_oai31_x1_w13_lvt/vdd.
[WARNING DRT-0122] Layer BPR is skipped for gt2_6t_oai31_x1_w13_lvt/vss.
[WARNING DRT-0122] Layer BPR is skipped for gt2_6t_oai32_x1_w13_lvt/vdd.
[WARNING DRT-0122] Layer BPR is skipped for gt2_6t_oai32_x1_w13_lvt/vss.
[WARNING DRT-0122] Layer BPR is skipped for gt2_6t_oai33_x1_w13_lvt/vdd.
[WARNING DRT-0122] Layer BPR is skipped for gt2_6t_oai33_x1_w13_lvt/vss.
[WARNING DRT-0122] Layer BPR is skipped for gt2_6t_or2_x1_w13_lvt/vdd.
[WARNING DRT-0122] Layer BPR is skipped for gt2_6t_or2_x1_w13_lvt/vss.
[WARNING DRT-0122] Layer BPR is skipped for gt2_6t_or2_x2_w13_lvt/vdd.
[WARNING DRT-0122] Layer BPR is skipped for gt2_6t_or2_x2_w13_lvt/vss.
[WARNING DRT-0122] Layer BPR is skipped for gt2_6t_or2_x3_w13_lvt/vdd.
[WARNING DRT-0122] Layer BPR is skipped for gt2_6t_or2_x3_w13_lvt/vss.
[WARNING DRT-0122] Layer BPR is skipped for gt2_6t_or2_x4_w13_lvt/vdd.
[WARNING DRT-0122] Layer BPR is skipped for gt2_6t_or2_x4_w13_lvt/vss.
[WARNING DRT-0122] Layer BPR is skipped for gt2_6t_or3_x1_w13_lvt/vdd.
[WARNING DRT-0122] Layer BPR is skipped for gt2_6t_or3_x1_w13_lvt/vss.
[WARNING DRT-0122] Layer BPR is skipped for gt2_6t_tapfspdn_w13_lvt/vdd.
[WARNING DRT-0122] Layer BPR is skipped for gt2_6t_tapfspdn_w13_lvt/vss.
[WARNING DRT-0122] Layer BPR is skipped for gt2_6t_tapbspdn_w13_lvt/vdd.
[WARNING DRT-0122] Layer BPR is skipped for gt2_6t_tapbspdn_w13_lvt/vss.
[WARNING DRT-0122] Layer BPR is skipped for gt2_6t_tiehigh_w13_lvt/vdd.
[WARNING DRT-0122] Layer BPR is skipped for gt2_6t_tiehigh_w13_lvt/vss.
[WARNING DRT-0122] Layer BPR is skipped for gt2_6t_tielow_w13_lvt/vdd.
[WARNING DRT-0122] Layer BPR is skipped for gt2_6t_tielow_w13_lvt/vss.
[WARNING DRT-0122] Layer BPR is skipped for gt2_6t_xnor2_x1_w13_lvt/vdd.
[WARNING DRT-0122] Layer BPR is skipped for gt2_6t_xnor2_x1_w13_lvt/vss.
[WARNING DRT-0122] Layer BPR is skipped for gt2_6t_xor2_x1_w13_lvt/vdd.
[WARNING DRT-0122] Layer BPR is skipped for gt2_6t_xor2_x1_w13_lvt/vss.
[WARNING DRT-0122] Layer BPR is skipped for gt2_6t_and2_x1_w13_hvt/vdd.
[WARNING DRT-0122] Layer BPR is skipped for gt2_6t_and2_x1_w13_hvt/vss.
[WARNING DRT-0122] Layer BPR is skipped for gt2_6t_and2_x2_w13_hvt/vdd.
[WARNING DRT-0122] Layer BPR is skipped for gt2_6t_and2_x2_w13_hvt/vss.
[WARNING DRT-0122] Layer BPR is skipped for gt2_6t_and2_x3_w13_hvt/vdd.
[WARNING DRT-0122] Layer BPR is skipped for gt2_6t_and2_x3_w13_hvt/vss.
[WARNING DRT-0122] Layer BPR is skipped for gt2_6t_and2_x4_w13_hvt/vdd.
[WARNING DRT-0122] Layer BPR is skipped for gt2_6t_and2_x4_w13_hvt/vss.
[WARNING DRT-0122] Layer BPR is skipped for gt2_6t_and3_x1_w13_hvt/vdd.
[WARNING DRT-0122] Layer BPR is skipped for gt2_6t_and3_x1_w13_hvt/vss.
[WARNING DRT-0122] Layer BPR is skipped for gt2_6t_ao211_x1_w13_hvt/vdd.
[WARNING DRT-0122] Layer BPR is skipped for gt2_6t_ao211_x1_w13_hvt/vss.
[WARNING DRT-0122] Layer BPR is skipped for gt2_6t_ao21_x1_w13_hvt/vdd.
[WARNING DRT-0122] Layer BPR is skipped for gt2_6t_ao21_x1_w13_hvt/vss.
[WARNING DRT-0122] Layer BPR is skipped for gt2_6t_ao22_x1_w13_hvt/vdd.
[WARNING DRT-0122] Layer BPR is skipped for gt2_6t_ao22_x1_w13_hvt/vss.
[WARNING DRT-0122] Layer BPR is skipped for gt2_6t_ao31_x1_w13_hvt/vdd.
[WARNING DRT-0122] Layer BPR is skipped for gt2_6t_ao31_x1_w13_hvt/vss.
[WARNING DRT-0122] Layer BPR is skipped for gt2_6t_ao32_x1_w13_hvt/vdd.
[WARNING DRT-0122] Layer BPR is skipped for gt2_6t_ao32_x1_w13_hvt/vss.
[WARNING DRT-0122] Layer BPR is skipped for gt2_6t_ao33_x1_w13_hvt/vdd.
[WARNING DRT-0122] Layer BPR is skipped for gt2_6t_ao33_x1_w13_hvt/vss.
[WARNING DRT-0122] Layer BPR is skipped for gt2_6t_aoi211_x1_w13_hvt/vdd.
[WARNING DRT-0122] Layer BPR is skipped for gt2_6t_aoi211_x1_w13_hvt/vss.
[WARNING DRT-0122] Layer BPR is skipped for gt2_6t_aoi21_x1_w13_hvt/vdd.
[WARNING DRT-0122] Layer BPR is skipped for gt2_6t_aoi21_x1_w13_hvt/vss.
[WARNING DRT-0122] Layer BPR is skipped for gt2_6t_aoi22_x1_w13_hvt/vdd.
[WARNING DRT-0122] Layer BPR is skipped for gt2_6t_aoi22_x1_w13_hvt/vss.
[WARNING DRT-0122] Layer BPR is skipped for gt2_6t_aoi31_x1_w13_hvt/vdd.
[WARNING DRT-0122] Layer BPR is skipped for gt2_6t_aoi31_x1_w13_hvt/vss.
[WARNING DRT-0122] Layer BPR is skipped for gt2_6t_aoi32_x1_w13_hvt/vdd.
[WARNING DRT-0122] Layer BPR is skipped for gt2_6t_aoi32_x1_w13_hvt/vss.
[WARNING DRT-0122] Layer BPR is skipped for gt2_6t_aoi33_x1_w13_hvt/vdd.
[WARNING DRT-0122] Layer BPR is skipped for gt2_6t_aoi33_x1_w13_hvt/vss.
[WARNING DRT-0122] Layer BPR is skipped for gt2_6t_buf_x1_w13_hvt/vdd.
[WARNING DRT-0122] Layer BPR is skipped for gt2_6t_buf_x1_w13_hvt/vss.
[WARNING DRT-0122] Layer BPR is skipped for gt2_6t_buf_x10_w13_hvt/vdd.
[WARNING DRT-0122] Layer BPR is skipped for gt2_6t_buf_x10_w13_hvt/vss.
[WARNING DRT-0122] Layer BPR is skipped for gt2_6t_buf_x12_w13_hvt/vdd.
[WARNING DRT-0122] Layer BPR is skipped for gt2_6t_buf_x12_w13_hvt/vss.
[WARNING DRT-0122] Layer BPR is skipped for gt2_6t_buf_x2_w13_hvt/vdd.
[WARNING DRT-0122] Layer BPR is skipped for gt2_6t_buf_x2_w13_hvt/vss.
[WARNING DRT-0122] Layer BPR is skipped for gt2_6t_buf_x3_w13_hvt/vdd.
[WARNING DRT-0122] Layer BPR is skipped for gt2_6t_buf_x3_w13_hvt/vss.
[WARNING DRT-0122] Layer BPR is skipped for gt2_6t_buf_x4_w13_hvt/vdd.
[WARNING DRT-0122] Layer BPR is skipped for gt2_6t_buf_x4_w13_hvt/vss.
[WARNING DRT-0122] Layer BPR is skipped for gt2_6t_buf_x6_w13_hvt/vdd.
[WARNING DRT-0122] Layer BPR is skipped for gt2_6t_buf_x6_w13_hvt/vss.
[WARNING DRT-0122] Layer BPR is skipped for gt2_6t_buf_x8_w13_hvt/vdd.
[WARNING DRT-0122] Layer BPR is skipped for gt2_6t_buf_x8_w13_hvt/vss.
[WARNING DRT-0122] Layer BPR is skipped for gt2_6t_decapcc_w13_hvt/vdd.
[WARNING DRT-0122] Layer BPR is skipped for gt2_6t_decapcc_w13_hvt/vss.
[WARNING DRT-0122] Layer BPR is skipped for gt2_6t_dffasync_x1_w13_hvt/vdd.
[WARNING DRT-0122] Layer BPR is skipped for gt2_6t_dffasync_x1_w13_hvt/vss.
[WARNING DRT-0122] Layer BPR is skipped for gt2_6t_dffasync_x1_w13_hvt/vss.
[WARNING DRT-0122] Layer BPR is skipped for gt2_6t_dffasync_x2_w13_hvt/vdd.
[WARNING DRT-0122] Layer BPR is skipped for gt2_6t_dffasync_x2_w13_hvt/vss.
[WARNING DRT-0122] Layer BPR is skipped for gt2_6t_dffasync_x2_w13_hvt/vss.
[WARNING DRT-0122] Layer BPR is skipped for gt2_6t_dffasync_x4_w13_hvt/vdd.
[WARNING DRT-0122] Layer BPR is skipped for gt2_6t_dffasync_x4_w13_hvt/vss.
[WARNING DRT-0122] Layer BPR is skipped for gt2_6t_dffasync_x4_w13_hvt/vss.
[WARNING DRT-0122] Layer BPR is skipped for gt2_6t_filler_w13_hvt/vdd.
[WARNING DRT-0122] Layer BPR is skipped for gt2_6t_filler_w13_hvt/vss.
[WARNING DRT-0122] Layer BPR is skipped for gt2_6t_inv_x1_w13_hvt/vdd.
[WARNING DRT-0122] Layer BPR is skipped for gt2_6t_inv_x1_w13_hvt/vss.
[WARNING DRT-0122] Layer BPR is skipped for gt2_6t_inv_x10_w13_hvt/vdd.
[WARNING DRT-0122] Layer BPR is skipped for gt2_6t_inv_x10_w13_hvt/vss.
[WARNING DRT-0122] Layer BPR is skipped for gt2_6t_inv_x12_w13_hvt/vdd.
[WARNING DRT-0122] Layer BPR is skipped for gt2_6t_inv_x12_w13_hvt/vss.
[WARNING DRT-0122] Layer BPR is skipped for gt2_6t_inv_x2_w13_hvt/vdd.
[WARNING DRT-0122] Layer BPR is skipped for gt2_6t_inv_x2_w13_hvt/vss.
[WARNING DRT-0122] Layer BPR is skipped for gt2_6t_inv_x3_w13_hvt/vdd.
[WARNING DRT-0122] Layer BPR is skipped for gt2_6t_inv_x3_w13_hvt/vss.
[WARNING DRT-0122] Layer BPR is skipped for gt2_6t_inv_x4_w13_hvt/vdd.
[WARNING DRT-0122] Layer BPR is skipped for gt2_6t_inv_x4_w13_hvt/vss.
[WARNING DRT-0122] Layer BPR is skipped for gt2_6t_inv_x6_w13_hvt/vdd.
[WARNING DRT-0122] Layer BPR is skipped for gt2_6t_inv_x6_w13_hvt/vss.
[WARNING DRT-0122] Layer BPR is skipped for gt2_6t_inv_x8_w13_hvt/vdd.
[WARNING DRT-0122] Layer BPR is skipped for gt2_6t_inv_x8_w13_hvt/vss.
[WARNING DRT-0122] Layer BPR is skipped for gt2_6t_mux2_x1_w13_hvt/vdd.
[WARNING DRT-0122] Layer BPR is skipped for gt2_6t_mux2_x1_w13_hvt/vss.
[WARNING DRT-0122] Layer BPR is skipped for gt2_6t_mux2_x1_w13_hvt/vss.
[WARNING DRT-0122] Layer BPR is skipped for gt2_6t_nand2_x1_w13_hvt/vdd.
[WARNING DRT-0122] Layer BPR is skipped for gt2_6t_nand2_x1_w13_hvt/vss.
[WARNING DRT-0122] Layer BPR is skipped for gt2_6t_nand2_x2_w13_hvt/vdd.
[WARNING DRT-0122] Layer BPR is skipped for gt2_6t_nand2_x2_w13_hvt/vss.
[WARNING DRT-0122] Layer BPR is skipped for gt2_6t_nand2_x3_w13_hvt/vdd.
[WARNING DRT-0122] Layer BPR is skipped for gt2_6t_nand2_x3_w13_hvt/vss.
[WARNING DRT-0122] Layer BPR is skipped for gt2_6t_nand2_x4_w13_hvt/vdd.
[WARNING DRT-0122] Layer BPR is skipped for gt2_6t_nand2_x4_w13_hvt/vss.
[WARNING DRT-0122] Layer BPR is skipped for gt2_6t_nand3_x1_w13_hvt/vdd.
[WARNING DRT-0122] Layer BPR is skipped for gt2_6t_nand3_x1_w13_hvt/vss.
[WARNING DRT-0122] Layer BPR is skipped for gt2_6t_nor2_x1_w13_hvt/vdd.
[WARNING DRT-0122] Layer BPR is skipped for gt2_6t_nor2_x1_w13_hvt/vss.
[WARNING DRT-0122] Layer BPR is skipped for gt2_6t_nor2_x2_w13_hvt/vdd.
[WARNING DRT-0122] Layer BPR is skipped for gt2_6t_nor2_x2_w13_hvt/vss.
[WARNING DRT-0122] Layer BPR is skipped for gt2_6t_nor2_x3_w13_hvt/vdd.
[WARNING DRT-0122] Layer BPR is skipped for gt2_6t_nor2_x3_w13_hvt/vss.
[WARNING DRT-0122] Layer BPR is skipped for gt2_6t_nor2_x4_w13_hvt/vdd.
[WARNING DRT-0122] Layer BPR is skipped for gt2_6t_nor2_x4_w13_hvt/vss.
[WARNING DRT-0122] Layer BPR is skipped for gt2_6t_nor3_x1_w13_hvt/vdd.
[WARNING DRT-0122] Layer BPR is skipped for gt2_6t_nor3_x1_w13_hvt/vss.
[WARNING DRT-0122] Layer BPR is skipped for gt2_6t_oa211_x1_w13_hvt/vdd.
[WARNING DRT-0122] Layer BPR is skipped for gt2_6t_oa211_x1_w13_hvt/vss.
[WARNING DRT-0122] Layer BPR is skipped for gt2_6t_oa21_x1_w13_hvt/vdd.
[WARNING DRT-0122] Layer BPR is skipped for gt2_6t_oa21_x1_w13_hvt/vss.
[WARNING DRT-0122] Layer BPR is skipped for gt2_6t_oa22_x1_w13_hvt/vdd.
[WARNING DRT-0122] Layer BPR is skipped for gt2_6t_oa22_x1_w13_hvt/vss.
[WARNING DRT-0122] Layer BPR is skipped for gt2_6t_oa31_x1_w13_hvt/vdd.
[WARNING DRT-0122] Layer BPR is skipped for gt2_6t_oa31_x1_w13_hvt/vss.
[WARNING DRT-0122] Layer BPR is skipped for gt2_6t_oa32_x1_w13_hvt/vdd.
[WARNING DRT-0122] Layer BPR is skipped for gt2_6t_oa32_x1_w13_hvt/vss.
[WARNING DRT-0122] message limit (1000) reached. This message will no longer print.

Units:                2000
Number of layers:     31
Number of macros:     720
Number of vias:       14
Number of viarulegen: 14

[INFO DRT-0150] Reading design.

Design:                   aes_cipher_top
Die area:                 ( 0 0 ) ( 83493 83493 )
Number of track patterns: 30
Number of DEF vias:       0
Number of components:     18017
Number of terminals:      390
Number of snets:          2
Number of nets:           15289

[INFO DRT-0167] List of default vias:
  Layer V2
    default via: V2_0
  Layer V3
    default via: V3_0
  Layer V4
    default via: V4_0
  Layer V5
    default via: V5_0
  Layer V6
    default via: V6_0
  Layer V7
    default via: V7_0
  Layer V8
    default via: V8_0
  Layer V9
    default via: V9_0
  Layer V10
    default via: V10_0
  Layer V11
    default via: V11_0
  Layer V12
    default via: V12_0
  Layer V13
    default via: V13_0
[INFO DRT-0162] Library cell analysis.
[INFO DRT-0163] Instance analysis.
[INFO DRT-0164] Number of unique instances = 243.
[INFO DRT-0168] Init region query.
[INFO DRT-0024]   Complete SDCON.
[INFO DRT-0024]   Complete VSD.
[INFO DRT-0024]   Complete M0.
[INFO DRT-0024]   Complete V0.
[INFO DRT-0024]   Complete M1.
[INFO DRT-0024]   Complete V1.
[INFO DRT-0024]   Complete M2.
[INFO DRT-0024]   Complete V2.
[INFO DRT-0024]   Complete M3.
[INFO DRT-0024]   Complete V3.
[INFO DRT-0024]   Complete M4.
[INFO DRT-0024]   Complete V4.
[INFO DRT-0024]   Complete M5.
[INFO DRT-0024]   Complete V5.
[INFO DRT-0024]   Complete M6.
[INFO DRT-0024]   Complete V6.
[INFO DRT-0024]   Complete M7.
[INFO DRT-0024]   Complete V7.
[INFO DRT-0024]   Complete M8.
[INFO DRT-0024]   Complete V8.
[INFO DRT-0024]   Complete M9.
[INFO DRT-0024]   Complete V9.
[INFO DRT-0024]   Complete M10.
[INFO DRT-0024]   Complete V10.
[INFO DRT-0024]   Complete M11.
[INFO DRT-0024]   Complete V11.
[INFO DRT-0024]   Complete M12.
[INFO DRT-0024]   Complete V12.
[INFO DRT-0024]   Complete M13.
[INFO DRT-0024]   Complete V13.
[INFO DRT-0024]   Complete RDL.
[INFO DRT-0033] SDCON shape region query size = 0.
[INFO DRT-0033] VSD shape region query size = 0.
[INFO DRT-0033] M0 shape region query size = 104899.
[INFO DRT-0033] V0 shape region query size = 0.
[INFO DRT-0033] M1 shape region query size = 70402.
[INFO DRT-0033] V1 shape region query size = 0.
[INFO DRT-0033] M2 shape region query size = 213.
[INFO DRT-0033] V2 shape region query size = 0.
[INFO DRT-0033] M3 shape region query size = 175.
[INFO DRT-0033] V3 shape region query size = 0.
[INFO DRT-0033] M4 shape region query size = 0.
[INFO DRT-0033] V4 shape region query size = 0.
[INFO DRT-0033] M5 shape region query size = 0.
[INFO DRT-0033] V5 shape region query size = 0.
[INFO DRT-0033] M6 shape region query size = 0.
[INFO DRT-0033] V6 shape region query size = 0.
[INFO DRT-0033] M7 shape region query size = 0.
[INFO DRT-0033] V7 shape region query size = 0.
[INFO DRT-0033] M8 shape region query size = 0.
[INFO DRT-0033] V8 shape region query size = 0.
[INFO DRT-0033] M9 shape region query size = 0.
[INFO DRT-0033] V9 shape region query size = 0.
[INFO DRT-0033] M10 shape region query size = 0.
[INFO DRT-0033] V10 shape region query size = 0.
[INFO DRT-0033] M11 shape region query size = 0.
[INFO DRT-0033] V11 shape region query size = 0.
[INFO DRT-0033] M12 shape region query size = 0.
[INFO DRT-0033] V12 shape region query size = 0.
[INFO DRT-0033] M13 shape region query size = 0.
[INFO DRT-0033] V13 shape region query size = 0.
[INFO DRT-0033] RDL shape region query size = 0.
[INFO DRT-0165] Start pin access.
[INFO DRT-0076]   Complete 1000 pins.
[INFO DRT-0078]   Complete 1418 pins.
[INFO DRT-0079]   Complete 100 unique inst patterns.
[INFO DRT-0079]   Complete 200 unique inst patterns.
[INFO DRT-0081]   Complete 243 unique inst patterns.
[INFO DRT-0082]   Complete 10000 groups.
[INFO DRT-0084]   Complete 10021 groups.
#scanned instances     = 18017
#unique  instances     = 243
#stdCellGenAp          = 8524
#stdCellValidPlanarAp  = 3638
#stdCellValidViaAp     = 4606
#stdCellPinNoAp        = 0
#stdCellPinCnt         = 54420
#instTermValidViaApCnt = 0
#macroGenAp            = 0
#macroValidPlanarAp    = 0
#macroValidViaAp       = 0
#macroNoAp             = 0
[INFO DRT-0166] Complete pin access.
[INFO DRT-0267] cpu time = 00:02:14, elapsed time = 00:00:05, memory = 194.75 (MB), peak = 190.42 (MB)
Took 6 seconds: pin_access
global_route -congestion_report_file /tmp/workspace/scripts-Private_test-fr_cugr_cmp-1-/reports/gt2n/aes/base/congestion.rpt -congestion_iterations 30 -congestion_report_iter_step 5 -verbose
[INFO GRT-0020] Min routing layer: M2
[INFO GRT-0021] Max routing layer: M10
[INFO GRT-0022] Global adjustment: 0%
[INFO GRT-0023] Grid origin: (0, 0)
[INFO GRT-0088] Layer BRDL    Track-Pitch = 3.2000  line-2-Via Pitch: 2.7800
[INFO GRT-0088] Layer BM4     Track-Pitch = 0.7200  line-2-Via Pitch: 0.7200
[INFO GRT-0088] Layer BM3     Track-Pitch = 0.7200  line-2-Via Pitch: 0.7200
[INFO GRT-0088] Layer BM2     Track-Pitch = 0.1120  line-2-Via Pitch: 0.1240
[INFO GRT-0088] Layer BM1     Track-Pitch = 0.1120  line-2-Via Pitch: 0.1120
[INFO GRT-0088] Layer BPR     Track-Pitch = 0.1440  line-2-Via Pitch: 0.1440
[INFO GRT-0088] Layer M0      Track-Pitch = 0.0240  line-2-Via Pitch: 0.0240
[INFO GRT-0088] Layer M1      Track-Pitch = 0.0280  line-2-Via Pitch: 0.0280
[INFO GRT-0088] Layer M2      Track-Pitch = 0.0240  line-2-Via Pitch: 0.0240
[INFO GRT-0088] Layer M3      Track-Pitch = 0.0280  line-2-Via Pitch: 0.0280
[INFO GRT-0088] Layer M4      Track-Pitch = 0.0420  line-2-Via Pitch: 0.0420
[INFO GRT-0088] Layer M5      Track-Pitch = 0.0420  line-2-Via Pitch: 0.0420
[INFO GRT-0088] Layer M6      Track-Pitch = 0.0760  line-2-Via Pitch: 0.0760
[INFO GRT-0088] Layer M7      Track-Pitch = 0.0760  line-2-Via Pitch: 0.0760
[INFO GRT-0088] Layer M8      Track-Pitch = 0.0760  line-2-Via Pitch: 0.0760
[INFO GRT-0088] Layer M9      Track-Pitch = 0.0760  line-2-Via Pitch: 0.0760
[INFO GRT-0088] Layer M10     Track-Pitch = 0.1120  line-2-Via Pitch: 0.1120
[INFO GRT-0003] Macros: 0
[INFO GRT-0004] Blockages: 0
[INFO GRT-0019] Found 113 clock nets.
[INFO GRT-0001] Minimum degree: 2
[INFO GRT-0002] Maximum degree: 74

[INFO GRT-0053] Routing resources analysis:
          Routing      Original      Derated      Resource
Layer     Direction    Resources     Resources    Reduction (%)
---------------------------------------------------------------
BRDL       Vertical            0             0          0.00%
BM4        Horizontal          0             0          0.00%
BM3        Vertical            0             0          0.00%
BM2        Horizontal          0             0          0.00%
BM1        Vertical            0             0          0.00%
BPR        Horizontal          0             0          0.00%
M0         Horizontal          0             0          0.00%
M1         Vertical            0             0          0.00%
M2         Horizontal     170422         82712          51.47%
M3         Vertical       146020         68208          53.29%
M4         Horizontal      97314         68110          30.01%
M5         Vertical        97314         68110          30.01%
M6         Horizontal      53802         34398          36.07%
M7         Vertical        53802         34398          36.07%
M8         Horizontal      53802         34398          36.07%
M9         Vertical        53802         34398          36.07%
M10        Horizontal      36456         26656          26.88%
---------------------------------------------------------------

[INFO GRT-0197] Via related to pin nodes: 98134
[INFO GRT-0198] Via related Steiner nodes: 3482
[INFO GRT-0199] Via filling finished.
[INFO GRT-0111] Final number of vias: 128445
[INFO GRT-0112] Final usage 3D: 471012

[INFO GRT-0096] Final congestion report:
Layer         Resource        Demand        Usage (%)    Max H / Max V / Total Congestion
---------------------------------------------------------------------------------------
BRDL                 0             0            0.00%             0 /  0 /  0
BM4                  0             0            0.00%             0 /  0 /  0
BM3                  0             0            0.00%             0 /  0 /  0
BM2                  0             0            0.00%             0 /  0 /  0
BM1                  0             0            0.00%             0 /  0 /  0
BPR                  0             0            0.00%             0 /  0 /  0
M0                   0             0            0.00%             0 /  0 /  0
M1                   0             0            0.00%             0 /  0 /  0
M2               82712         31835           38.49%             0 /  0 /  0
M3               68208         28326           41.53%             0 /  0 /  0
M4               68110         12160           17.85%             0 /  0 /  0
M5               68110         10429           15.31%             0 /  0 /  0
M6               34398          1122            3.26%             0 /  0 /  0
M7               34398          1673            4.86%             0 /  0 /  0
M8               34398             6            0.02%             0 /  0 /  0
M9               34398           126            0.37%             0 /  0 /  0
M10              26656             0            0.00%             0 /  0 /  0
---------------------------------------------------------------------------------------
Total           451388         85677           18.98%             0 /  0 /  0

[INFO GRT-0018] Total wirelength: 53704 um
[INFO GRT-0014] Routed nets: 15289
[INFO GRT-0303] Global routing runtime = 00:00:01
estimate_parasitics -global_routing
Repair antennas...
[WARNING GRT-0246] No diode with LEF class CORE ANTENNACELL found.
[INFO ANT-0002] Found 0 net violations.
[INFO ANT-0001] Found 0 pin violations.
Estimate parasitics...
estimate_parasitics -global_routing
Report metrics stage 5, global route...

==========================================================================
global route report_design_area
--------------------------------------------------------------------------
Design area 489 um^2 34% utilization.
[INFO FLW-0007] clock clk period 500.000000
[INFO FLW-0008] Clock clk period 487.034
[INFO FLW-0009] Clock clk slack -12.667
write_sdc -no_timestamp /tmp/workspace/scripts-Private_test-fr_cugr_cmp-1-/results/gt2n/aes/base/updated_clks.sdc
[INFO FLW-0011] Path endpoint path count 776
write_db /tmp/workspace/scripts-Private_test-fr_cugr_cmp-1-/results/gt2n/aes/base/5_1_grt.odb
write_sdc -no_timestamp /tmp/workspace/scripts-Private_test-fr_cugr_cmp-1-/results/gt2n/aes/base/5_1_grt.sdc
Elapsed time: 0:13.30[h:]min:sec. CPU time: user 162.07 sys 5.81 (1262%). Peak memory: 605804KB.
Log                       Ext     Elapsed/s Peak Memory/MB sha1sum result [0:20)
5_1_grt                   .odb           13            591 eae5fc9f981a3c3a1d79
5_1_grt                   .sdc                             be296cdb9b3c1dc57037
