OpenROAD 26Q3-1464-gb22abfea20 
Features included (+) or not (-): +GPU +GUI +Python
This program is licensed under the BSD-3 license. See the LICENSE file for details.
Components of this program may be licensed under more restrictive licenses which must be honored.
[INFO ORD-0030] Using 30 thread(s).
source ./platforms/ihp-sg13g2/suppress_message.tcl
read_liberty ./platforms/ihp-sg13g2/lib/sg13g2_stdcell_typ_1p20V_25C.lib
[INFO ODB-0227] LEF file: ./platforms/ihp-sg13g2/lef/sg13g2_tech.lef, created 19 layers, 70 vias
[INFO ODB-0227] LEF file: ./platforms/ihp-sg13g2/lef/sg13g2_stdcell.lef, created 84 library cells
link_design jpeg_encoder
read_sdc /tmp/workspace/scripts-Private_test-fr_cugr_cmp-2-/results/ihp-sg13g2/jpeg/base/1_2_yosys.sdc
source ./platforms/ihp-sg13g2/setRC.tcl
eliminate_dead_logic
Removed 0 unused instances and 0 unused nets.
Design area 1447291 um^2 100% utilization.
write_db /tmp/workspace/scripts-Private_test-fr_cugr_cmp-2-/results/ihp-sg13g2/jpeg/base/1_synth.odb
write_sdc -no_timestamp /tmp/workspace/scripts-Private_test-fr_cugr_cmp-2-/results/ihp-sg13g2/jpeg/base/1_synth.sdc
Elapsed time: 0:02.43[h:]min:sec. CPU time: user 2.23 sys 0.20 (100%). Peak memory: 363844KB.
Log                       Ext     Elapsed/s Peak Memory/MB sha1sum result [0:20)
1_synth                   .odb            2            355 5d75910cd0285f4d7fd2
1_synth                   .sdc                             34fa3e3fb633d1f1da68
