OpenROAD 26Q3-1464-gb22abfea20 
Features included (+) or not (-): +GPU +GUI +Python
This program is licensed under the BSD-3 license. See the LICENSE file for details.
Components of this program may be licensed under more restrictive licenses which must be honored.
[INFO ORD-0030] Using 30 thread(s).
read_liberty ./platforms/nangate45/lib/NangateOpenCellLibrary_typical.lib
read_liberty ./platforms/nangate45/lib/fakeram45_256x16.lib
read_db /tmp/workspace/scripts-Private_test-fr_cugr_cmp-2-/results/nangate45/ariane136/base/3_3_place_gp.odb
read_sdc /tmp/workspace/scripts-Private_test-fr_cugr_cmp-2-/results/nangate45/ariane136/base/2_floorplan.sdc
source ./platforms/nangate45/setRC.tcl
estimate_parasitics -placement
Took 9 seconds: estimate_parasitics -placement
Perform buffer insertion and gate resizing...
repair_design -verbose
Iteration |   Area    | Resized | Buffers | Nets repaired | Remaining
---------------------------------------------------------------------
        0 |     +0.0% |       0 |       0 |             0 |    182664
     1000 |     +0.0% |       0 |       0 |             0 |    181664
     2000 |     +0.0% |       0 |       0 |             0 |    180664
     3000 |     +0.0% |       0 |       0 |             0 |    179664
     4000 |     +0.0% |       0 |       2 |             2 |    178664
     5000 |     +0.0% |       0 |       2 |             2 |    177664
     6000 |     +0.0% |       0 |       3 |             3 |    176664
     7000 |     +0.0% |       0 |       3 |             3 |    175664
     8000 |     +0.0% |       0 |       4 |             4 |    174664
     9000 |     +0.0% |       0 |       4 |             4 |    173664
    10000 |     +0.0% |       0 |       4 |             4 |    172664
    11000 |     +0.0% |       0 |       4 |             4 |    171664
    12000 |     +0.0% |       0 |       5 |             5 |    170664
    13000 |     +0.0% |       0 |       5 |             5 |    169664
    14000 |     +0.0% |       0 |      10 |            10 |    168664
    15000 |     +0.0% |       0 |      13 |            13 |    167664
    16000 |     +0.0% |       0 |      30 |            34 |    166664
    17000 |     +0.0% |       0 |      48 |            52 |    165664
    18000 |     +0.0% |       0 |      48 |            52 |    164664
    19000 |     +0.0% |       0 |      57 |            61 |    163664
    20000 |     +0.0% |       0 |      93 |           109 |    162664
    21000 |     +0.0% |       0 |     107 |           123 |    161664
    22000 |     +0.0% |       7 |     168 |           181 |    160664
    23000 |     +0.0% |       8 |     187 |           204 |    159664
    24000 |     +0.0% |       8 |     191 |           209 |    158664
    25000 |     +0.0% |       9 |     193 |           211 |    157664
    26000 |     +0.1% |      10 |     201 |           223 |    156664
    27000 |     +0.1% |      10 |     224 |           246 |    155664
    28000 |     +0.1% |      10 |     224 |           246 |    154664
    29000 |     +0.1% |      10 |     225 |           255 |    153664
    30000 |     +0.1% |      10 |     241 |           271 |    152664
    31000 |     +0.1% |      10 |     245 |           275 |    151664
    32000 |     +0.1% |      10 |     249 |           279 |    150664
    33000 |     +0.1% |      10 |     252 |           282 |    149664
    34000 |     +0.1% |      10 |     253 |           283 |    148664
    35000 |     +0.1% |      10 |     253 |           283 |    147664
    36000 |     +0.1% |      10 |     253 |           283 |    146664
    37000 |     +0.1% |      10 |     254 |           284 |    145664
    38000 |     +0.1% |      10 |     257 |           287 |    144664
    39000 |     +0.1% |      10 |     264 |           294 |    143664
    40000 |     +0.1% |      10 |     265 |           295 |    142664
    41000 |     +0.1% |      10 |     275 |           305 |    141664
    42000 |     +0.1% |      10 |     277 |           307 |    140664
    43000 |     +0.1% |      10 |     279 |           309 |    139664
    44000 |     +0.1% |      10 |     281 |           311 |    138664
    45000 |     +0.1% |      10 |     283 |           313 |    137664
    46000 |     +0.1% |      10 |     284 |           314 |    136664
    47000 |     +0.1% |      10 |     286 |           316 |    135664
    48000 |     +0.1% |      10 |     293 |           323 |    134664
    49000 |     +0.1% |      10 |     297 |           327 |    133664
    50000 |     +0.1% |      10 |     300 |           330 |    132664
    51000 |     +0.1% |      10 |     305 |           335 |    131664
    52000 |     +0.1% |      10 |     309 |           339 |    130664
    53000 |     +0.1% |      10 |     314 |           344 |    129664
    54000 |     +0.1% |      10 |     314 |           344 |    128664
    55000 |     +0.1% |      10 |     325 |           355 |    127664
    56000 |     +0.1% |      10 |     325 |           355 |    126664
    57000 |     +0.1% |      10 |     334 |           364 |    125664
    58000 |     +0.1% |      10 |     334 |           364 |    124664
    59000 |     +0.1% |      10 |     335 |           365 |    123664
    60000 |     +0.1% |      10 |     349 |           379 |    122664
    61000 |     +0.1% |      10 |     360 |           390 |    121664
    62000 |     +0.1% |      10 |     361 |           391 |    120664
    63000 |     +0.1% |      10 |     371 |           401 |    119664
    64000 |     +0.1% |      10 |     375 |           405 |    118664
    65000 |     +0.1% |      10 |     384 |           414 |    117664
    66000 |     +0.1% |      10 |     386 |           416 |    116664
    67000 |     +0.1% |      10 |     393 |           423 |    115664
    68000 |     +0.1% |      10 |     397 |           427 |    114664
    69000 |     +0.1% |      10 |     399 |           429 |    113664
    70000 |     +0.1% |      10 |     399 |           429 |    112664
    71000 |     +0.1% |      10 |     399 |           429 |    111664
    72000 |     +0.1% |      10 |     401 |           431 |    110664
    73000 |     +0.1% |      10 |     420 |           450 |    109664
    74000 |     +0.1% |      10 |     421 |           451 |    108664
    75000 |     +0.1% |      10 |     421 |           451 |    107664
    76000 |     +0.1% |      10 |     422 |           452 |    106664
    77000 |     +0.1% |      10 |     424 |           454 |    105664
    78000 |     +0.1% |      10 |     425 |           455 |    104664
    79000 |     +0.1% |      10 |     427 |           457 |    103664
    80000 |     +0.1% |      10 |     427 |           457 |    102664
    81000 |     +0.1% |      10 |     427 |           457 |    101664
    82000 |     +0.1% |      10 |     429 |           459 |    100664
    83000 |     +0.1% |      10 |     431 |           461 |     99664
    84000 |     +0.1% |      10 |     431 |           461 |     98664
    85000 |     +0.1% |      10 |     433 |           463 |     97664
    86000 |     +0.1% |      10 |     434 |           464 |     96664
    87000 |     +0.1% |      10 |     434 |           464 |     95664
    88000 |     +0.1% |      10 |     435 |           465 |     94664
    89000 |     +0.1% |      10 |     435 |           465 |     93664
    90000 |     +0.1% |      10 |     440 |           471 |     92664
    91000 |     +0.1% |      10 |     440 |           471 |     91664
    92000 |     +0.1% |      10 |     441 |           472 |     90664
    93000 |     +0.1% |      10 |     449 |           480 |     89664
    94000 |     +0.1% |      10 |     450 |           481 |     88664
    95000 |     +0.1% |      10 |     451 |           482 |     87664
    96000 |     +0.1% |      10 |     453 |           484 |     86664
    97000 |     +0.1% |      10 |     454 |           485 |     85664
    98000 |     +0.1% |      10 |     457 |           488 |     84664
    99000 |     +0.1% |      10 |     457 |           488 |     83664
   100000 |     +0.1% |      10 |     457 |           488 |     82664
   101000 |     +0.1% |      10 |     463 |           494 |     81664
   102000 |     +0.1% |      10 |     464 |           495 |     80664
   103000 |     +0.1% |      10 |     465 |           496 |     79664
   104000 |     +0.1% |      10 |     465 |           496 |     78664
   105000 |     +0.1% |      10 |     473 |           504 |     77664
   106000 |     +0.1% |      10 |     474 |           505 |     76664
   107000 |     +0.1% |      10 |     477 |           508 |     75664
   108000 |     +0.1% |      10 |     477 |           508 |     74664
   109000 |     +0.1% |      10 |     478 |           509 |     73664
   110000 |     +0.1% |      10 |     479 |           510 |     72664
   111000 |     +0.1% |      10 |     479 |           510 |     71664
   112000 |     +0.1% |      10 |     481 |           512 |     70664
   113000 |     +0.1% |      10 |     489 |           520 |     69664
   114000 |     +0.1% |      10 |     491 |           522 |     68664
   115000 |     +0.1% |      10 |     491 |           522 |     67664
   116000 |     +0.1% |      10 |     491 |           522 |     66664
   117000 |     +0.1% |      10 |     492 |           523 |     65664
   118000 |     +0.1% |      10 |     500 |           531 |     64664
   119000 |     +0.1% |      10 |     503 |           534 |     63664
   120000 |     +0.1% |      10 |     508 |           539 |     62664
   121000 |     +0.1% |      10 |     508 |           539 |     61664
   122000 |     +0.1% |      10 |     510 |           541 |     60664
   123000 |     +0.1% |      10 |     514 |           545 |     59664
   124000 |     +0.1% |      10 |     520 |           551 |     58664
   125000 |     +0.1% |      10 |     522 |           553 |     57664
   126000 |     +0.1% |      10 |     522 |           553 |     56664
   127000 |     +0.1% |      10 |     524 |           555 |     55664
   128000 |     +0.1% |      10 |     530 |           561 |     54664
   129000 |     +0.1% |      10 |     532 |           563 |     53664
   130000 |     +0.1% |      10 |     535 |           566 |     52664
   131000 |     +0.1% |      10 |     535 |           566 |     51664
   132000 |     +0.1% |      10 |     535 |           566 |     50664
   133000 |     +0.1% |      10 |     535 |           566 |     49664
   134000 |     +0.1% |      10 |     537 |           568 |     48664
   135000 |     +0.1% |      10 |     538 |           569 |     47664
   136000 |     +0.1% |      10 |     538 |           569 |     46664
   137000 |     +0.1% |      10 |     538 |           569 |     45664
   138000 |     +0.1% |      10 |     538 |           569 |     44664
   139000 |     +0.1% |      10 |     538 |           569 |     43664
   140000 |     +0.1% |      10 |     538 |           569 |     42664
   141000 |     +0.1% |      10 |     538 |           569 |     41664
   142000 |     +0.1% |      10 |     539 |           570 |     40664
   143000 |     +0.1% |      10 |     539 |           570 |     39664
   144000 |     +0.1% |      10 |     539 |           570 |     38664
   145000 |     +0.1% |      10 |     539 |           570 |     37664
   146000 |     +0.1% |      10 |     544 |           575 |     36664
   147000 |     +0.1% |      10 |     556 |           587 |     35664
   148000 |     +0.1% |      10 |     556 |           587 |     34664
   149000 |     +0.1% |      10 |     556 |           587 |     33664
   150000 |     +0.1% |      10 |     556 |           587 |     32664
   151000 |     +0.1% |      10 |     556 |           587 |     31664
   152000 |     +0.1% |      10 |     556 |           587 |     30664
   153000 |     +0.1% |      10 |     556 |           587 |     29664
   154000 |     +0.1% |      10 |     556 |           587 |     28664
   155000 |     +0.1% |      10 |     556 |           587 |     27664
   156000 |     +0.1% |      10 |     556 |           587 |     26664
   157000 |     +0.1% |      10 |     556 |           587 |     25664
   158000 |     +0.1% |      10 |     556 |           587 |     24664
   159000 |     +0.1% |      10 |     556 |           587 |     23664
   160000 |     +0.1% |      10 |     556 |           587 |     22664
   161000 |     +0.1% |      10 |     556 |           587 |     21664
   162000 |     +0.1% |      10 |     556 |           587 |     20664
   163000 |     +0.1% |      10 |     556 |           587 |     19664
   164000 |     +0.1% |      10 |     556 |           587 |     18664
   165000 |     +0.1% |      10 |     556 |           587 |     17664
   166000 |     +0.1% |      10 |     557 |           588 |     16664
   167000 |     +0.1% |      10 |     557 |           588 |     15664
   168000 |     +0.1% |      10 |     557 |           588 |     14664
   169000 |     +0.1% |      10 |     557 |           588 |     13664
   170000 |     +0.1% |      10 |     557 |           588 |     12664
   171000 |     +0.1% |      10 |     557 |           588 |     11664
   172000 |     +0.1% |      10 |     557 |           588 |     10664
   173000 |     +0.1% |      10 |     557 |           588 |      9664
   174000 |     +0.1% |      10 |     557 |           588 |      8664
   175000 |     +0.1% |      10 |     557 |           588 |      7664
   176000 |     +0.1% |      10 |     557 |           588 |      6664
   177000 |     +0.1% |      10 |     557 |           588 |      5664
   178000 |     +0.1% |      10 |     557 |           588 |      4664
   179000 |     +0.1% |      10 |     557 |           588 |      3664
   180000 |     +0.1% |      10 |     557 |           588 |      2664
   181000 |     +0.1% |      10 |     557 |           588 |      1664
   182000 |     +0.1% |      10 |     557 |           588 |       664
    final |     +0.1% |      10 |     557 |           588 |         0
---------------------------------------------------------------------
[INFO RSZ-0034] Found 215 slew violations.
[INFO RSZ-0036] Found 476 capacitance violations.
[INFO RSZ-0039] Resized 10 instances.
[INFO RSZ-0038] Inserted 557 buffers in 588 nets.
[INFO RSZ-0504] Runtime: 18.80s
Took 18 seconds: repair_design -verbose
Floating nets: 
Report metrics stage 3, resizer...

==========================================================================
resizer report_design_area
--------------------------------------------------------------------------
Design area 731846 um^2 35% utilization.
Instance count before 166060, after 166617
Pin count before 603334, after 604448
write_db /tmp/workspace/scripts-Private_test-fr_cugr_cmp-2-/results/nangate45/ariane136/base/3_4_place_resized.odb
Elapsed time: 1:13.74[h:]min:sec. CPU time: user 118.54 sys 79.91 (269%). Peak memory: 1080836KB.
Log                       Ext     Elapsed/s Peak Memory/MB sha1sum result [0:20)
3_4_place_resized         .odb           73           1055 9cd816fb3eae17e7c1fc
