OpenROAD 26Q3-1464-gb22abfea20 
Features included (+) or not (-): +GPU +GUI +Python
This program is licensed under the BSD-3 license. See the LICENSE file for details.
Components of this program may be licensed under more restrictive licenses which must be honored.
[INFO ORD-0030] Using 30 thread(s).
read_liberty ./platforms/nangate45/lib/NangateOpenCellLibrary_typical.lib
read_liberty ./platforms/nangate45/lib/fakeram45_256x16.lib
read_db /tmp/workspace/scripts-Private_test-fr_cugr_cmp-2-/results/nangate45/ariane136/base/5_1_grt.odb
read_sdc /tmp/workspace/scripts-Private_test-fr_cugr_cmp-2-/results/nangate45/ariane136/base/5_1_grt.sdc
source ./platforms/nangate45/setRC.tcl
[WARNING STA-0450] virtual clock vclk can not be propagated.
detailed_route -output_drc /tmp/workspace/scripts-Private_test-fr_cugr_cmp-2-/reports/nangate45/ariane136/base/5_route_drc.rpt -output_maze /tmp/workspace/scripts-Private_test-fr_cugr_cmp-2-/results/nangate45/ariane136/base/maze.log -droute_end_iter 64 -verbose 1 -drc_report_iter_step 5
[INFO DRT-0149] Reading tech and libs.

Units:                2000
Number of layers:     21
Number of macros:     136
Number of vias:       44
Number of viarulegen: 19

[INFO DRT-0150] Reading design.
[WARNING DRT-0120] Large net net27143 has 126 pins which may impact routing performance. Consider optimization.
[WARNING DRT-0120] Large net net27142 has 105 pins which may impact routing performance. Consider optimization.
[WARNING DRT-0120] Large net i_cache_subsystem.i_nbdcache/i_miss_handler/net27056 has 121 pins which may impact routing performance. Consider optimization.
[WARNING DRT-0120] Large net net25677 has 123 pins which may impact routing performance. Consider optimization.
[WARNING DRT-0120] Large net net25681 has 117 pins which may impact routing performance. Consider optimization.
[WARNING DRT-0120] Large net net25683 has 129 pins which may impact routing performance. Consider optimization.
[WARNING DRT-0120] Large net net25690 has 116 pins which may impact routing performance. Consider optimization.
[WARNING DRT-0120] Large net net25715 has 121 pins which may impact routing performance. Consider optimization.
[WARNING DRT-0120] Large net net25724 has 127 pins which may impact routing performance. Consider optimization.
[WARNING DRT-0120] Large net issue_stage_i.i_issue_read_operands/net25728 has 121 pins which may impact routing performance. Consider optimization.
[WARNING DRT-0120] Large net net25733 has 125 pins which may impact routing performance. Consider optimization.
[WARNING DRT-0120] Large net i_frontend/net25736 has 121 pins which may impact routing performance. Consider optimization.
[WARNING DRT-0120] Large net net25754 has 127 pins which may impact routing performance. Consider optimization.
[WARNING DRT-0120] Large net net25758 has 146 pins which may impact routing performance. Consider optimization.
[WARNING DRT-0120] Large net issue_stage_i.i_scoreboard/net25767 has 113 pins which may impact routing performance. Consider optimization.
[WARNING DRT-0120] Large net net25797 has 113 pins which may impact routing performance. Consider optimization.
[WARNING DRT-0120] Large net i_frontend/net25815 has 135 pins which may impact routing performance. Consider optimization.
[WARNING DRT-0120] Large net issue_stage_i.i_scoreboard/net25823 has 147 pins which may impact routing performance. Consider optimization.
[WARNING DRT-0120] Large net net25827 has 112 pins which may impact routing performance. Consider optimization.
[WARNING DRT-0120] Large net i_frontend/net25831 has 122 pins which may impact routing performance. Consider optimization.
[WARNING DRT-0120] Large net i_frontend/net25838 has 127 pins which may impact routing performance. Consider optimization.
[WARNING DRT-0120] Large net i_frontend/net25837 has 117 pins which may impact routing performance. Consider optimization.
[WARNING DRT-0120] Large net i_frontend/net25851 has 126 pins which may impact routing performance. Consider optimization.
[WARNING DRT-0120] Large net net25921 has 145 pins which may impact routing performance. Consider optimization.
[WARNING DRT-0120] Large net net25924 has 113 pins which may impact routing performance. Consider optimization.
[WARNING DRT-0120] Large net net25927 has 120 pins which may impact routing performance. Consider optimization.
[WARNING DRT-0120] Large net net25948 has 128 pins which may impact routing performance. Consider optimization.
[WARNING DRT-0120] Large net net25955 has 122 pins which may impact routing performance. Consider optimization.
[WARNING DRT-0120] Large net net25956 has 124 pins which may impact routing performance. Consider optimization.
[WARNING DRT-0120] Large net ex_stage_i/lsu_i.i_mmu/net25963 has 124 pins which may impact routing performance. Consider optimization.
[WARNING DRT-0120] Large net net25965 has 104 pins which may impact routing performance. Consider optimization.
[WARNING DRT-0120] Large net ex_stage_i/lsu_i.i_mmu/net25978 has 104 pins which may impact routing performance. Consider optimization.
[WARNING DRT-0120] Large net net26011 has 101 pins which may impact routing performance. Consider optimization.
[WARNING DRT-0120] Large net net26017 has 107 pins which may impact routing performance. Consider optimization.
[WARNING DRT-0120] Large net net26021 has 107 pins which may impact routing performance. Consider optimization.
[WARNING DRT-0120] Large net i_cache_subsystem.i_nbdcache/net25234 has 107 pins which may impact routing performance. Consider optimization.
[WARNING DRT-0120] Large net net25742 has 138 pins which may impact routing performance. Consider optimization.
[WARNING DRT-0120] Large net net25766 has 112 pins which may impact routing performance. Consider optimization.
[WARNING DRT-0120] Large net i_frontend/net25802 has 134 pins which may impact routing performance. Consider optimization.
[WARNING DRT-0120] Large net i_frontend/net25848 has 127 pins which may impact routing performance. Consider optimization.
[WARNING DRT-0120] Large net i_frontend/net25859 has 115 pins which may impact routing performance. Consider optimization.
[WARNING DRT-0120] Large net i_frontend/net25861 has 127 pins which may impact routing performance. Consider optimization.
[WARNING DRT-0120] Large net i_frontend/net25867 has 117 pins which may impact routing performance. Consider optimization.
[WARNING DRT-0120] Large net i_frontend/net25870 has 121 pins which may impact routing performance. Consider optimization.
[WARNING DRT-0120] Large net i_frontend/net25880 has 108 pins which may impact routing performance. Consider optimization.
[WARNING DRT-0120] Large net net25894 has 101 pins which may impact routing performance. Consider optimization.
[WARNING DRT-0120] Large net net26043 has 131 pins which may impact routing performance. Consider optimization.
[WARNING DRT-0120] Large net net26048 has 103 pins which may impact routing performance. Consider optimization.
[WARNING DRT-0120] Large net ex_stage_i/net23913 has 121 pins which may impact routing performance. Consider optimization.
[WARNING DRT-0120] Large net i_perf_counters/net25669 has 116 pins which may impact routing performance. Consider optimization.
[WARNING DRT-0120] Large net i_frontend/net23028 has 122 pins which may impact routing performance. Consider optimization.
[WARNING DRT-0120] Large net issue_stage_i.i_scoreboard/_02829_ has 130 pins which may impact routing performance. Consider optimization.
[WARNING DRT-0120] Large net i_cache_subsystem.i_nbdcache/i_miss_handler/net21336 has 156 pins which may impact routing performance. Consider optimization.
[WARNING DRT-0120] Large net csr_regfile_i/net19485 has 115 pins which may impact routing performance. Consider optimization.
[WARNING DRT-0120] Large net ex_stage_i/net18774 has 150 pins which may impact routing performance. Consider optimization.
[WARNING DRT-0120] Large net i_cache_subsystem.i_nbdcache/i_miss_handler/net23846 has 105 pins which may impact routing performance. Consider optimization.
[WARNING DRT-0120] Large net net has 337 pins which may impact routing performance. Consider optimization.

Design:                   ariane
Die area:                 ( 0 0 ) ( 3000000 3000000 )
Number of track patterns: 20
Number of DEF vias:       0
Number of components:     173918
Number of terminals:      497
Number of snets:          2
Number of nets:           187624

[INFO DRT-0167] List of default vias:
  Layer via2
    default via: via2_5
  Layer via3
    default via: via3_2
  Layer via4
    default via: via4_0
  Layer via5
    default via: via5_0
  Layer via6
    default via: via6_0
  Layer via7
    default via: via7_0
  Layer via8
    default via: via8_0
  Layer via9
    default via: via9_0
[INFO DRT-0162] Library cell analysis.
[INFO DRT-0163] Instance analysis.
  Complete 100000 instances.
[INFO DRT-0164] Number of unique instances = 199.
[INFO DRT-0168] Init region query.
[INFO DRT-0018]   Complete 100000 insts.
[INFO DRT-0024]   Complete active.
[INFO DRT-0024]   Complete Fr_VIA.
[INFO DRT-0024]   Complete metal1.
[INFO DRT-0024]   Complete via1.
[INFO DRT-0024]   Complete metal2.
[INFO DRT-0024]   Complete via2.
[INFO DRT-0024]   Complete metal3.
[INFO DRT-0024]   Complete via3.
[INFO DRT-0024]   Complete metal4.
[INFO DRT-0024]   Complete via4.
[INFO DRT-0024]   Complete metal5.
[INFO DRT-0024]   Complete via5.
[INFO DRT-0024]   Complete metal6.
[INFO DRT-0024]   Complete via6.
[INFO DRT-0024]   Complete metal7.
[INFO DRT-0024]   Complete via7.
[INFO DRT-0024]   Complete metal8.
[INFO DRT-0024]   Complete via8.
[INFO DRT-0024]   Complete metal9.
[INFO DRT-0024]   Complete via9.
[INFO DRT-0024]   Complete metal10.
[INFO DRT-0033] active shape region query size = 0.
[INFO DRT-0033] FR_VIA shape region query size = 0.
[INFO DRT-0033] metal1 shape region query size = 3587645.
[INFO DRT-0033] via1 shape region query size = 69345.
[INFO DRT-0033] metal2 shape region query size = 46366.
[INFO DRT-0033] via2 shape region query size = 69345.
[INFO DRT-0033] metal3 shape region query size = 62550.
[INFO DRT-0033] via3 shape region query size = 69345.
[INFO DRT-0033] metal4 shape region query size = 50366.
[INFO DRT-0033] via4 shape region query size = 68492.
[INFO DRT-0033] metal5 shape region query size = 29127.
[INFO DRT-0033] via5 shape region query size = 90980.
[INFO DRT-0033] metal6 shape region query size = 16940.
[INFO DRT-0033] via6 shape region query size = 30373.
[INFO DRT-0033] metal7 shape region query size = 5086.
[INFO DRT-0033] via7 shape region query size = 0.
[INFO DRT-0033] metal8 shape region query size = 0.
[INFO DRT-0033] via8 shape region query size = 0.
[INFO DRT-0033] metal9 shape region query size = 0.
[INFO DRT-0033] via9 shape region query size = 0.
[INFO DRT-0033] metal10 shape region query size = 0.
[INFO DRT-0165] Start pin access.
[INFO DRT-0076]   Complete 1000 pins.
[INFO DRT-0076]   Complete 2000 pins.
[INFO DRT-0078]   Complete 2012 pins.
[INFO DRT-0079]   Complete 100 unique inst patterns.
[INFO DRT-0081]   Complete 184 unique inst patterns.
[INFO DRT-0082]   Complete 10000 groups.
[INFO DRT-0082]   Complete 20000 groups.
[INFO DRT-0082]   Complete 30000 groups.
[INFO DRT-0082]   Complete 40000 groups.
[INFO DRT-0082]   Complete 50000 groups.
[INFO DRT-0082]   Complete 60000 groups.
[INFO DRT-0082]   Complete 70000 groups.
[INFO DRT-0082]   Complete 80000 groups.
[INFO DRT-0082]   Complete 90000 groups.
[INFO DRT-0082]   Complete 100000 groups.
[INFO DRT-0084]   Complete 114374 groups.
#scanned instances     = 173918
#unique  instances     = 199
#stdCellGenAp          = 6960
#stdCellValidPlanarAp  = 0
#stdCellValidViaAp     = 4669
#stdCellPinNoAp        = 0
#stdCellPinCnt         = 608128
#instTermValidViaApCnt = 0
#macroGenAp            = 1180
#macroValidPlanarAp    = 1180
#macroValidViaAp       = 0
#macroNoAp             = 0
[INFO DRT-0166] Complete pin access.
[INFO DRT-0267] cpu time = 00:21:37, elapsed time = 00:00:44, memory = 1793.91 (MB), peak = 1892.53 (MB)
[INFO DRT-0156] guideIn read 100000 guides.
[INFO DRT-0156] guideIn read 200000 guides.
[INFO DRT-0156] guideIn read 300000 guides.
[INFO DRT-0156] guideIn read 400000 guides.
[INFO DRT-0156] guideIn read 500000 guides.
[INFO DRT-0156] guideIn read 600000 guides.
[INFO DRT-0156] guideIn read 700000 guides.
[INFO DRT-0156] guideIn read 800000 guides.
[INFO DRT-0156] guideIn read 900000 guides.
[INFO DRT-0156] guideIn read 1000000 guides.

[INFO DRT-0157] Number of guides:     1781517

[INFO DRT-0169] Post process guides.
[INFO DRT-0176] GCELLGRID X 0 DO 526 STEP 5700 ;
[INFO DRT-0177] GCELLGRID Y 0 DO 526 STEP 5700 ;
[INFO DRT-0026]   Complete 100000 origin guides.
[INFO DRT-0026]   Complete 200000 origin guides.
[INFO DRT-0026]   Complete 300000 origin guides.
[INFO DRT-0026]   Complete 400000 origin guides.
[INFO DRT-0026]   Complete 500000 origin guides.
[INFO DRT-0026]   Complete 600000 origin guides.
[INFO DRT-0026]   Complete 700000 origin guides.
[INFO DRT-0026]   Complete 800000 origin guides.
[INFO DRT-0026]   Complete 900000 origin guides.
[INFO DRT-0027]   Complete 1000000 origin guides.
[INFO DRT-0028]   Complete active.
[INFO DRT-0028]   Complete Fr_VIA.
[INFO DRT-0028]   Complete metal1.
[INFO DRT-0028]   Complete via1.
[INFO DRT-0028]   Complete metal2.
[INFO DRT-0028]   Complete via2.
[INFO DRT-0028]   Complete metal3.
[INFO DRT-0028]   Complete via3.
[INFO DRT-0028]   Complete metal4.
[INFO DRT-0028]   Complete via4.
[INFO DRT-0028]   Complete metal5.
[INFO DRT-0028]   Complete via5.
[INFO DRT-0028]   Complete metal6.
[INFO DRT-0028]   Complete via6.
[INFO DRT-0028]   Complete metal7.
[INFO DRT-0028]   Complete via7.
[INFO DRT-0028]   Complete metal8.
[INFO DRT-0028]   Complete via8.
[INFO DRT-0028]   Complete metal9.
[INFO DRT-0028]   Complete via9.
[INFO DRT-0028]   Complete metal10.
  complete 100000 nets.
[INFO DRT-0178] Init guide query.
[INFO DRT-0029]   Complete 100000 nets (guide).
[INFO DRT-0035]   Complete active (guide).
[INFO DRT-0035]   Complete Fr_VIA (guide).
[INFO DRT-0035]   Complete metal1 (guide).
[INFO DRT-0035]   Complete via1 (guide).
[INFO DRT-0035]   Complete metal2 (guide).
[INFO DRT-0035]   Complete via2 (guide).
[INFO DRT-0035]   Complete metal3 (guide).
[INFO DRT-0035]   Complete via3 (guide).
[INFO DRT-0035]   Complete metal4 (guide).
[INFO DRT-0035]   Complete via4 (guide).
[INFO DRT-0035]   Complete metal5 (guide).
[INFO DRT-0035]   Complete via5 (guide).
[INFO DRT-0035]   Complete metal6 (guide).
[INFO DRT-0035]   Complete via6 (guide).
[INFO DRT-0035]   Complete metal7 (guide).
[INFO DRT-0035]   Complete via7 (guide).
[INFO DRT-0035]   Complete metal8 (guide).
[INFO DRT-0035]   Complete via8 (guide).
[INFO DRT-0035]   Complete metal9 (guide).
[INFO DRT-0035]   Complete via9 (guide).
[INFO DRT-0035]   Complete metal10 (guide).
[INFO DRT-0036] active guide region query size = 0.
[INFO DRT-0036] FR_VIA guide region query size = 0.
[INFO DRT-0036] metal1 guide region query size = 509197.
[INFO DRT-0036] via1 guide region query size = 0.
[INFO DRT-0036] metal2 guide region query size = 464693.
[INFO DRT-0036] via2 guide region query size = 0.
[INFO DRT-0036] metal3 guide region query size = 296029.
[INFO DRT-0036] via3 guide region query size = 0.
[INFO DRT-0036] metal4 guide region query size = 95613.
[INFO DRT-0036] via4 guide region query size = 0.
[INFO DRT-0036] metal5 guide region query size = 54135.
[INFO DRT-0036] via5 guide region query size = 0.
[INFO DRT-0036] metal6 guide region query size = 24093.
[INFO DRT-0036] via6 guide region query size = 0.
[INFO DRT-0036] metal7 guide region query size = 7671.
[INFO DRT-0036] via7 guide region query size = 0.
[INFO DRT-0036] metal8 guide region query size = 4338.
[INFO DRT-0036] via8 guide region query size = 0.
[INFO DRT-0036] metal9 guide region query size = 1796.
[INFO DRT-0036] via9 guide region query size = 0.
[INFO DRT-0036] metal10 guide region query size = 432.
[INFO DRT-0179] Init gr pin query.
[INFO DRT-0267] cpu time = 00:00:08, elapsed time = 00:00:01, memory = 2434.65 (MB), peak = 2430.77 (MB)
[INFO DRT-0245] skipped writing guide updates to database.
[INFO DRT-0181] Start track assignment.
[INFO DRT-0184] Done with 589169 vertical wires in 11 frboxes and 868828 horizontal wires in 11 frboxes.
[INFO DRT-0186] Done with 144285 vertical wires in 11 frboxes and 185657 horizontal wires in 11 frboxes.
[INFO DRT-0182] Complete track assignment.
[INFO DRT-0267] cpu time = 00:01:49, elapsed time = 00:00:26, memory = 5122.86 (MB), peak = 5119.73 (MB)
[INFO DRT-0187] Start routing data preparation.
[INFO DRT-0267] cpu time = 00:00:01, elapsed time = 00:00:01, memory = 5459.05 (MB), peak = 5455.83 (MB)
[INFO DRT-0194] Start detail routing.
[INFO DRT-0195] Start 0th optimization iteration.
    Completing 10% with 0 violations.
    elapsed time = 00:00:12, memory = 7246.87 (MB).
    Completing 20% with 5326 violations.
    elapsed time = 00:00:24, memory = 8240.55 (MB).
    Completing 30% with 5721 violations.
    elapsed time = 00:00:30, memory = 8463.51 (MB).
    Completing 40% with 5721 violations.
    elapsed time = 00:00:46, memory = 8604.02 (MB).
    Completing 50% with 11299 violations.
    elapsed time = 00:00:54, memory = 8860.23 (MB).
    Completing 60% with 11616 violations.
    elapsed time = 00:01:07, memory = 9002.71 (MB).
    Completing 70% with 16818 violations.
    elapsed time = 00:01:20, memory = 9102.82 (MB).
    Completing 80% with 16989 violations.
    elapsed time = 00:01:26, memory = 9261.66 (MB).
    Completing 90% with 16989 violations.
    elapsed time = 00:01:43, memory = 9276.46 (MB).
    Completing 100% with 22618 violations.
    elapsed time = 00:01:51, memory = 9365.93 (MB).
[INFO DRT-0199]   Number of violations = 38630.
Viol/Layer      metal1   via1 metal2   via2 metal3   via3 metal4   via4 metal5   via5 metal6 metal7   via7 metal8 metal9   via9
Cut Spacing          0     12      0     31      0      3      0    275      0     34      0      0      3      0      0      5
Metal Spacing        0      0   1801      0    305      0     35      0    174      0     30     10      0      4      0      0
Recheck            254      0   7220      0   5769      0    943      0   1576      0    164     54      0     26      6      0
Short                0      9  13496     22   3792     18    583      5   1291      5    586     66      0     23      0      0
[INFO DRT-0267] cpu time = 00:48:17, elapsed time = 00:01:55, memory = 9366.12 (MB), peak = 9396.98 (MB)
Total wire length = 7278192 um.
Total wire length on LAYER metal1 = 0 um.
Total wire length on LAYER metal2 = 1418381 um.
Total wire length on LAYER metal3 = 1934473 um.
Total wire length on LAYER metal4 = 859374 um.
Total wire length on LAYER metal5 = 1362589 um.
Total wire length on LAYER metal6 = 908422 um.
Total wire length on LAYER metal7 = 359131 um.
Total wire length on LAYER metal8 = 219590 um.
Total wire length on LAYER metal9 = 156108 um.
Total wire length on LAYER metal10 = 60120 um.
Total number of vias = 1437911.
Up-via summary (total 1437911):

------------------
 active          0
 metal1     594439
 metal2     615155
 metal3     110394
 metal4      63009
 metal5      36589
 metal6       9176
 metal7       5719
 metal8       2613
 metal9        817
------------------
       1437911


[INFO DRT-0195] Start 1st optimization iteration.
    Completing 10% with 38630 violations.
    elapsed time = 00:00:12, memory = 9476.26 (MB).
    Completing 20% with 31501 violations.
    elapsed time = 00:00:26, memory = 9497.24 (MB).
    Completing 30% with 30930 violations.
    elapsed time = 00:00:32, memory = 9626.73 (MB).
    Completing 40% with 30930 violations.
    elapsed time = 00:00:46, memory = 9483.00 (MB).
    Completing 50% with 23174 violations.
    elapsed time = 00:00:54, memory = 9500.98 (MB).
    Completing 60% with 22514 violations.
    elapsed time = 00:01:08, memory = 9742.08 (MB).
    Completing 70% with 15203 violations.
    elapsed time = 00:01:22, memory = 9570.32 (MB).
    Completing 80% with 14951 violations.
    elapsed time = 00:01:27, memory = 9834.43 (MB).
    Completing 90% with 14951 violations.
    elapsed time = 00:01:42, memory = 9647.84 (MB).
    Completing 100% with 7711 violations.
    elapsed time = 00:01:49, memory = 9575.35 (MB).
[INFO DRT-0199]   Number of violations = 7711.
Viol/Layer      metal1   via1 metal2   via2 metal3 metal4   via4 metal5   via5 metal6 metal7 metal8
Cut Spacing          0     16      0     17      0      0     21      0      9      0      0      0
Metal Spacing        0      0   1406      0    102      8      0     27      0      8      0      0
Recheck              1      0      6      0      6      0      0      0      0      0      0      0
Short                0      0   4891      0    777     32      0    277      0    101      2      4
[INFO DRT-0267] cpu time = 00:46:38, elapsed time = 00:01:53, memory = 9472.24 (MB), peak = 10284.55 (MB)
Total wire length = 7255592 um.
Total wire length on LAYER metal1 = 0 um.
Total wire length on LAYER metal2 = 1417368 um.
Total wire length on LAYER metal3 = 1928903 um.
Total wire length on LAYER metal4 = 854009 um.
Total wire length on LAYER metal5 = 1356988 um.
Total wire length on LAYER metal6 = 904320 um.
Total wire length on LAYER metal7 = 358771 um.
Total wire length on LAYER metal8 = 219196 um.
Total wire length on LAYER metal9 = 155995 um.
Total wire length on LAYER metal10 = 60038 um.
Total number of vias = 1421186.
Up-via summary (total 1421186):

------------------
 active          0
 metal1     594850
 metal2     606402
 metal3     105623
 metal4      60701
 metal5      35484
 metal6       9078
 metal7       5669
 metal8       2573
 metal9        806
------------------
       1421186


[INFO DRT-0195] Start 2nd optimization iteration.
    Completing 10% with 7711 violations.
    elapsed time = 00:00:08, memory = 9654.70 (MB).
    Completing 20% with 7284 violations.
    elapsed time = 00:00:17, memory = 9422.01 (MB).
    Completing 30% with 7262 violations.
    elapsed time = 00:00:20, memory = 9522.32 (MB).
    Completing 40% with 7262 violations.
    elapsed time = 00:00:30, memory = 9422.51 (MB).
    Completing 50% with 6790 violations.
    elapsed time = 00:00:35, memory = 9422.51 (MB).
    Completing 60% with 6765 violations.
    elapsed time = 00:00:44, memory = 9593.87 (MB).
    Completing 70% with 6290 violations.
    elapsed time = 00:00:52, memory = 9423.36 (MB).
    Completing 80% with 6243 violations.
    elapsed time = 00:00:56, memory = 9494.69 (MB).
    Completing 90% with 6243 violations.
    elapsed time = 00:01:06, memory = 9423.36 (MB).
    Completing 100% with 5782 violations.
    elapsed time = 00:01:12, memory = 9423.36 (MB).
[INFO DRT-0199]   Number of violations = 5782.
Viol/Layer        via1 metal2   via2 metal3 metal4   via4 metal5   via5 metal6   via7 metal8
Cut Spacing         13      0     10      0      0     27      0     11      0      1      0
Metal Spacing        0   1121      0     64      4      0     15      0      0      0      0
Recheck              0      2      0      3      0      0      0      0      0      0      0
Short                0   3797      0    460     13      0    191      0     46      0      4
[INFO DRT-0267] cpu time = 00:29:19, elapsed time = 00:01:15, memory = 9299.28 (MB), peak = 10284.55 (MB)
Total wire length = 7251528 um.
Total wire length on LAYER metal1 = 0 um.
Total wire length on LAYER metal2 = 1417705 um.
Total wire length on LAYER metal3 = 1927583 um.
Total wire length on LAYER metal4 = 852680 um.
Total wire length on LAYER metal5 = 1356633 um.
Total wire length on LAYER metal6 = 903518 um.
Total wire length on LAYER metal7 = 358480 um.
Total wire length on LAYER metal8 = 219089 um.
Total wire length on LAYER metal9 = 155829 um.
Total wire length on LAYER metal10 = 60008 um.
Total number of vias = 1417885.
Up-via summary (total 1417885):

------------------
 active          0
 metal1     594931
 metal2     604358
 metal3     105015
 metal4      60376
 metal5      35239
 metal6       8989
 metal7       5627
 metal8       2550
 metal9        800
------------------
       1417885


[INFO DRT-0195] Start 3rd optimization iteration.
    Completing 10% with 5782 violations.
    elapsed time = 00:00:03, memory = 9371.56 (MB).
    Completing 20% with 4322 violations.
    elapsed time = 00:00:08, memory = 9299.36 (MB).
    Completing 30% with 4281 violations.
    elapsed time = 00:00:09, memory = 9397.95 (MB).
    Completing 40% with 4281 violations.
    elapsed time = 00:00:13, memory = 9331.75 (MB).
    Completing 50% with 2912 violations.
    elapsed time = 00:00:17, memory = 9239.75 (MB).
    Completing 60% with 2887 violations.
    elapsed time = 00:00:21, memory = 9375.45 (MB).
    Completing 70% with 1410 violations.
    elapsed time = 00:00:25, memory = 9239.75 (MB).
    Completing 80% with 1397 violations.
    elapsed time = 00:00:28, memory = 9239.75 (MB).
    Completing 90% with 1397 violations.
    elapsed time = 00:00:31, memory = 9271.88 (MB).
    Completing 100% with 71 violations.
    elapsed time = 00:00:34, memory = 9239.75 (MB).
[INFO DRT-0199]   Number of violations = 71.
Viol/Layer      metal2   via2 metal3 metal5
Metal Spacing       14      0      0      0
Short               39      1     16      1
[INFO DRT-0267] cpu time = 00:10:46, elapsed time = 00:00:34, memory = 9239.75 (MB), peak = 10284.55 (MB)
Total wire length = 7251975 um.
Total wire length on LAYER metal1 = 0 um.
Total wire length on LAYER metal2 = 1411467 um.
Total wire length on LAYER metal3 = 1930380 um.
Total wire length on LAYER metal4 = 858697 um.
Total wire length on LAYER metal5 = 1355017 um.
Total wire length on LAYER metal6 = 903012 um.
Total wire length on LAYER metal7 = 358577 um.
Total wire length on LAYER metal8 = 219009 um.
Total wire length on LAYER metal9 = 155838 um.
Total wire length on LAYER metal10 = 59974 um.
Total number of vias = 1423523.
Up-via summary (total 1423523):

------------------
 active          0
 metal1     594945
 metal2     608286
 metal3     106666
 metal4      60440
 metal5      35197
 metal6       9005
 metal7       5634
 metal8       2550
 metal9        800
------------------
       1423523


[INFO DRT-0195] Start 4th guides tiles iteration.
    Completing 10% with 71 violations.
    elapsed time = 00:00:00, memory = 9828.25 (MB).
    Completing 20% with 71 violations.
    elapsed time = 00:00:00, memory = 10688.25 (MB).
    Completing 30% with 71 violations.
    elapsed time = 00:00:00, memory = 10906.14 (MB).
    Completing 40% with 71 violations.
    elapsed time = 00:00:00, memory = 10869.00 (MB).
    Completing 50% with 10 violations.
    elapsed time = 00:00:02, memory = 9239.75 (MB).
    Completing 60% with 10 violations.
    elapsed time = 00:00:02, memory = 9239.75 (MB).
    Completing 70% with 10 violations.
    elapsed time = 00:00:02, memory = 9239.75 (MB).
    Completing 80% with 10 violations.
    elapsed time = 00:00:02, memory = 9239.75 (MB).
    Completing 90% with 10 violations.
    elapsed time = 00:00:04, memory = 9239.75 (MB).
    Completing 100% with 1 violations.
    elapsed time = 00:00:04, memory = 9239.75 (MB).
[INFO DRT-0199]   Number of violations = 1.
Viol/Layer      metal2
Short                1
[INFO DRT-0267] cpu time = 00:00:14, elapsed time = 00:00:05, memory = 9239.75 (MB), peak = 10905.01 (MB)
Total wire length = 7251961 um.
Total wire length on LAYER metal1 = 0 um.
Total wire length on LAYER metal2 = 1410804 um.
Total wire length on LAYER metal3 = 1930392 um.
Total wire length on LAYER metal4 = 859362 um.
Total wire length on LAYER metal5 = 1355001 um.
Total wire length on LAYER metal6 = 903002 um.
Total wire length on LAYER metal7 = 358576 um.
Total wire length on LAYER metal8 = 219009 um.
Total wire length on LAYER metal9 = 155838 um.
Total wire length on LAYER metal10 = 59974 um.
Total number of vias = 1423526.
Up-via summary (total 1423526):

------------------
 active          0
 metal1     594945
 metal2     608282
 metal3     106680
 metal4      60440
 metal5      35192
 metal6       9003
 metal7       5634
 metal8       2550
 metal9        800
------------------
       1423526


[INFO DRT-0195] Start 5th guides tiles iteration.
    Completing 100% with 1 violations.
    elapsed time = 00:00:00, memory = 9239.75 (MB).
[INFO DRT-0199]   Number of violations = 1.
Viol/Layer      metal2
Short                1
[INFO DRT-0267] cpu time = 00:00:00, elapsed time = 00:00:00, memory = 9239.81 (MB), peak = 10905.01 (MB)
Total wire length = 7251961 um.
Total wire length on LAYER metal1 = 0 um.
Total wire length on LAYER metal2 = 1410804 um.
Total wire length on LAYER metal3 = 1930392 um.
Total wire length on LAYER metal4 = 859362 um.
Total wire length on LAYER metal5 = 1355001 um.
Total wire length on LAYER metal6 = 903002 um.
Total wire length on LAYER metal7 = 358576 um.
Total wire length on LAYER metal8 = 219009 um.
Total wire length on LAYER metal9 = 155838 um.
Total wire length on LAYER metal10 = 59974 um.
Total number of vias = 1423526.
Up-via summary (total 1423526):

------------------
 active          0
 metal1     594945
 metal2     608282
 metal3     106680
 metal4      60440
 metal5      35192
 metal6       9003
 metal7       5634
 metal8       2550
 metal9        800
------------------
       1423526


[INFO DRT-0195] Start 6th stubborn tiles iteration.
    Completing 10% with 1 violations.
    elapsed time = 00:00:00, memory = 9492.54 (MB).
    Completing 20% with 1 violations.
    elapsed time = 00:00:00, memory = 9458.01 (MB).
    Completing 30% with 1 violations.
    elapsed time = 00:00:00, memory = 9491.50 (MB).
    Completing 40% with 1 violations.
    elapsed time = 00:00:00, memory = 9458.62 (MB).
    Completing 50% with 1 violations.
    elapsed time = 00:00:00, memory = 9379.32 (MB).
    Completing 60% with 1 violations.
    elapsed time = 00:00:00, memory = 9342.23 (MB).
    Completing 70% with 1 violations.
    elapsed time = 00:00:00, memory = 9308.20 (MB).
    Completing 80% with 1 violations.
    elapsed time = 00:00:00, memory = 9274.17 (MB).
    Completing 90% with 1 violations.
    elapsed time = 00:00:03, memory = 9274.17 (MB).
    Completing 100% with 0 violations.
    elapsed time = 00:00:05, memory = 9239.81 (MB).
[INFO DRT-0199]   Number of violations = 0.
[INFO DRT-0267] cpu time = 00:00:46, elapsed time = 00:00:05, memory = 9239.81 (MB), peak = 10905.01 (MB)
Total wire length = 7251963 um.
Total wire length on LAYER metal1 = 0 um.
Total wire length on LAYER metal2 = 1410804 um.
Total wire length on LAYER metal3 = 1930389 um.
Total wire length on LAYER metal4 = 859362 um.
Total wire length on LAYER metal5 = 1355005 um.
Total wire length on LAYER metal6 = 903002 um.
Total wire length on LAYER metal7 = 358576 um.
Total wire length on LAYER metal8 = 219009 um.
Total wire length on LAYER metal9 = 155838 um.
Total wire length on LAYER metal10 = 59974 um.
Total number of vias = 1423528.
Up-via summary (total 1423528):

------------------
 active          0
 metal1     594945
 metal2     608283
 metal3     106680
 metal4      60441
 metal5      35192
 metal6       9003
 metal7       5634
 metal8       2550
 metal9        800
------------------
       1423528


[INFO DRT-0198] Complete detail routing.
Total wire length = 7251963 um.
Total wire length on LAYER metal1 = 0 um.
Total wire length on LAYER metal2 = 1410804 um.
Total wire length on LAYER metal3 = 1930389 um.
Total wire length on LAYER metal4 = 859362 um.
Total wire length on LAYER metal5 = 1355005 um.
Total wire length on LAYER metal6 = 903002 um.
Total wire length on LAYER metal7 = 358576 um.
Total wire length on LAYER metal8 = 219009 um.
Total wire length on LAYER metal9 = 155838 um.
Total wire length on LAYER metal10 = 59974 um.
Total number of vias = 1423528.
Up-via summary (total 1423528):

------------------
 active          0
 metal1     594945
 metal2     608283
 metal3     106680
 metal4      60441
 metal5      35192
 metal6       9003
 metal7       5634
 metal8       2550
 metal9        800
------------------
       1423528


[INFO DRT-0267] cpu time = 02:16:07, elapsed time = 00:05:53, memory = 9239.87 (MB), peak = 10905.01 (MB)

[INFO DRT-0180] Post processing.
[INFO DRT-0501] Runtime: 432.08s
Took 432 seconds: detailed_route -output_drc /tmp/workspace/scripts-Private_test-fr_cugr_cmp-2-/reports/nangate45/ariane136/base/5_route_drc.rpt -output_maze /tmp/workspace/scripts-Private_test-fr_cugr_cmp-2-/results/nangate45/ariane136/base/maze.log -droute_end_iter 64 -verbose 1 -drc_report_iter_step 5
[WARNING GRT-0246] No diode with LEF class CORE ANTENNACELL found.
[INFO ANT-0002] Found 0 net violations.
[INFO ANT-0001] Found 0 pin violations.
[INFO ANT-0002] Found 0 net violations.
[INFO ANT-0001] Found 0 pin violations.
Design area 740198 um^2 36% utilization.
write_db /tmp/workspace/scripts-Private_test-fr_cugr_cmp-2-/results/nangate45/ariane136/base/5_2_route.odb
Elapsed time: 7:41.61[h:]min:sec. CPU time: user 9974.68 sys 9.84 (2162%). Peak memory: 11166728KB.
Log                       Ext     Elapsed/s Peak Memory/MB sha1sum result [0:20)
5_2_route                 .odb          461          10905 c1dc2d6f4d876e6c7a70
