OpenROAD 26Q3-1464-gb22abfea20 
Features included (+) or not (-): +GPU +GUI +Python
This program is licensed under the BSD-3 license. See the LICENSE file for details.
Components of this program may be licensed under more restrictive licenses which must be honored.
[INFO ORD-0030] Using 30 thread(s).
read_liberty ./platforms/nangate45/lib/NangateOpenCellLibrary_typical.lib
read_liberty ./platforms/nangate45/lib/fakeram45_256x16.lib
read_db /tmp/workspace/scripts-Private_test-fr_cugr_cmp-2-/results/nangate45/ariane136/base/6_1_fill.odb
read_sdc /tmp/workspace/scripts-Private_test-fr_cugr_cmp-2-/results/nangate45/ariane136/base/6_1_fill.sdc
source ./platforms/nangate45/setRC.tcl
[WARNING STA-0450] virtual clock vclk can not be propagated.
write_db /tmp/workspace/scripts-Private_test-fr_cugr_cmp-2-/results/nangate45/ariane136/base/6_final.odb
write_sdc -no_timestamp /tmp/workspace/scripts-Private_test-fr_cugr_cmp-2-/results/nangate45/ariane136/base/6_final.sdc
Deleted 0 routing obstructions
[INFO RCX-0431] Defined process_corner X with ext_model_index 0
[INFO RCX-0029] Defined extraction corner X
[WARNING RCX-0514] The ext_model_file option is deprecated. Use set_extraction_rules_file command instead.
[INFO RCX-0435] Reading extraction model file ./platforms/nangate45/rcx_patterns.rules ...
[INFO RCX-0436] RC segment generation ariane (max_merge_res 50.0) ...
[INFO RCX-0040] Final 871079 rc segments
[INFO RCX-0439] Coupling Cap extraction ariane ...
[INFO RCX-0440] Coupling threshhold is 0.1000 fF, coupling capacitance less than 0.1000 fF will be grounded.
[INFO RCX-0442] 7% of 1378386 wires extracted
[INFO RCX-0442] 15% of 1378386 wires extracted
[INFO RCX-0442] 22% of 1378386 wires extracted
[INFO RCX-0442] 29% of 1378386 wires extracted
[INFO RCX-0442] 36% of 1378386 wires extracted
[INFO RCX-0442] 41% of 1378386 wires extracted
[INFO RCX-0442] 48% of 1378386 wires extracted
[INFO RCX-0442] 58% of 1378386 wires extracted
[INFO RCX-0442] 65% of 1378386 wires extracted
[INFO RCX-0442] 73% of 1378386 wires extracted
[INFO RCX-0442] 81% of 1378386 wires extracted
[INFO RCX-0442] 89% of 1378386 wires extracted
[INFO RCX-0442] 94% of 1378386 wires extracted
[INFO RCX-0442] 100% of 1378386 wires extracted
[INFO RCX-0045] Extract 187624 nets, 1038099 rsegs, 1038099 caps, 2235769 ccs
[INFO RCX-0042] 100000 nets finished
[INFO RCX-0443] 187624 nets finished
[INFO PSM-0040] All shapes on net VDD are connected.
########## IR report #################
Net              : VDD
Corner           : default
Total power      : 1.60e-01 W
Supply voltage   : 1.10e+00 V
Worstcase voltage: 1.09e+00 V
Average voltage  : 1.10e+00 V
Average IR drop  : 3.47e-04 V
Worstcase IR drop: 6.88e-03 V
Percentage drop  : 0.63 %
######################################
[INFO PSM-0040] All shapes on net VSS are connected.
########## IR report #################
Net              : VSS
Corner           : default
Total power      : 1.60e-01 W
Supply voltage   : 0.00e+00 V
Worstcase voltage: 5.10e-03 V
Average voltage  : 3.35e-04 V
Average IR drop  : 3.35e-04 V
Worstcase IR drop: 5.10e-03 V
Percentage drop  : 0.46 %
######################################
Cell type report:                        Count         Area
  Macro                                    136    429083.54
  Fill cell                             371887   1297554.38
  Tap cell                               12319      3276.85
  Clock buffer                            5436      6441.99
  Timing Repair Buffer                    9217     10428.80
  Inverter                                7022      3771.35
  Clock inverter                          1387      1024.37
  Sequential cell                        20667    110003.24
  Multi-Input combinational cell        117734    176168.34
  Total                                 545805   2037752.85
Report metrics stage 6, finish...

==========================================================================
finish report_design_area
--------------------------------------------------------------------------
Design area 740198 um^2 36% utilization.
[WARNING GUI-0076] QStandardPaths: XDG_RUNTIME_DIR not set, defaulting to '/tmp/runtime-root'
Elapsed time: 4:13.24[h:]min:sec. CPU time: user 440.71 sys 126.20 (223%). Peak memory: 4306608KB.
Log                       Ext     Elapsed/s Peak Memory/MB sha1sum result [0:20)
6_report                                253           4205                  N/A
