OpenROAD 26Q3-1464-gb22abfea20 
Features included (+) or not (-): +GPU +GUI +Python
This program is licensed under the BSD-3 license. See the LICENSE file for details.
Components of this program may be licensed under more restrictive licenses which must be honored.
[INFO ORD-0030] Using 30 thread(s).
read_liberty ./platforms/nangate45/lib/NangateOpenCellLibrary_typical.lib
read_db -hier /tmp/workspace/scripts-Private_test-fr_cugr_cmp-2-/results/nangate45/aes/base/3_3_place_gp.odb
[WARNING ORD-0012] Hierarchical flow (-hier) is currently in development and may cause multiple issues. Do not use in production environments.
read_sdc /tmp/workspace/scripts-Private_test-fr_cugr_cmp-2-/results/nangate45/aes/base/2_floorplan.sdc
source ./platforms/nangate45/setRC.tcl
estimate_parasitics -placement
replace_arith_modules -path_count 1000 -target setup -slack_threshold 0.0
[INFO RSZ-0151] Starting arithmetic module replacement to optimize 'setup' target
[INFO RSZ-0152] Analyzing 1000 critical paths with slack < 0.00
[INFO RSZ-0153] Identified 8 violating endpoints
[INFO RSZ-0154] Identified 0 critical arithmetic instances
[INFO GPL-0083] Execute incremental mode global placement.
[INFO GPL-0001] ---- Initialize GPL Main Data Structures
[INFO GPL-0002] DBU: 2000
[INFO GPL-0003] SiteSize: (  0.190  1.400 ) um
[INFO GPL-0004] CoreBBox: ( 10.070 11.200 ) ( 239.970 240.800 ) um
[INFO GPL-0016] Core area:                   52785.040 um^2
[INFO GPL-0036] Movable instances area:      18794.496 um^2
[INFO GPL-0037] Total instances area:        18903.822 um^2
[INFO GPL-0035] Pin density area adjust:      3056.647 um^2
[INFO GPL-0032] ---- Initialize Region: Top-level
[INFO GPL-0006] Number of instances:             14895
[INFO GPL-0007] Movable instances:               14484
[INFO GPL-0008] Fixed instances:                   411
[INFO GPL-0009] Dummy instances:                     0
[INFO GPL-0010] Number of nets:                  15309
[INFO GPL-0011] Number of pins:                  51869
[INFO GPL-0012] Die BBox:       (  0.000  0.000 ) ( 249.850 250.600 ) um
[INFO GPL-0013] Placement BBox: ( 10.070 11.200 ) ( 239.970 240.800 ) um
[INFO GPL-0014] Region name: top-level.
[INFO GPL-0015] Region area:                 52785.040 um^2
[INFO GPL-0017] Fixed instances area:          109.326 um^2
[INFO GPL-0018] Movable instances area:      21851.143 um^2
[INFO GPL-0019] Utilization:                    41.482 %
[INFO GPL-0020] Standard cells area:         21851.143 um^2
[INFO GPL-0021] Large instances area:            0.000 um^2
[INFO GPL-0154] Identified 14484 placed instances
[INFO GPL-0155] Identified 0 not placed instances
[INFO GPL-0156] Identified all instances as placed. Skipping incremental mode
Perform buffer insertion and gate resizing...
repair_design -verbose
Iteration |   Area    | Resized | Buffers | Nets repaired | Remaining
---------------------------------------------------------------------
        0 |     +0.0% |       0 |       0 |             0 |     15309
     1000 |     +0.0% |       0 |       0 |             0 |     14309
     2000 |     +0.0% |       0 |       0 |             0 |     13309
     3000 |     +0.0% |       0 |       0 |             0 |     12309
     4000 |     +0.0% |       0 |       0 |             0 |     11309
     5000 |     +0.0% |       0 |       0 |             0 |     10309
     6000 |     +0.0% |       0 |       0 |             0 |      9309
     7000 |     +0.0% |       0 |       0 |             0 |      8309
     8000 |     +0.0% |       0 |       0 |             0 |      7309
     9000 |     +0.0% |       0 |       0 |             0 |      6309
    10000 |     +0.0% |       0 |       0 |             0 |      5309
    11000 |     +0.0% |       0 |       0 |             0 |      4309
    12000 |     +0.0% |       0 |       0 |             0 |      3309
    13000 |     +0.0% |       0 |       0 |             0 |      2309
    14000 |     +0.0% |       0 |       0 |             0 |      1309
    15000 |     +0.0% |       0 |       0 |             0 |       309
    final |     +0.0% |       0 |       0 |             0 |         0
---------------------------------------------------------------------
[INFO RSZ-0504] Runtime: 1.01s
Floating nets: 
Report metrics stage 3, resizer...

==========================================================================
resizer report_design_area
--------------------------------------------------------------------------
Design area 18904 um^2 36% utilization.
Instance count before 14895, after 14895
Pin count before 51481, after 51481
write_db /tmp/workspace/scripts-Private_test-fr_cugr_cmp-2-/results/nangate45/aes/base/3_4_place_resized.odb
Elapsed time: 0:05.37[h:]min:sec. CPU time: user 8.66 sys 5.34 (260%). Peak memory: 198320KB.
Log                       Ext     Elapsed/s Peak Memory/MB sha1sum result [0:20)
3_4_place_resized         .odb            5            193 406841b8625e2afc5509
