[2026-08-20 04:23:20.589] [miter_logger] [info] MiterStrategy::run starting
[2026-08-20 04:23:20.589] [miter_logger] [info] Collecting POs for design 0: ibex_core

[2026-08-20 04:23:20.626] [miter_logger] [info] Collected 2110 PIs for design 0

[2026-08-20 04:23:20.626] [miter_logger] [info] Collected 5919 POs for design 0

[2026-08-20 04:23:20.626] [miter_logger] [info] design 0 PI summary by model/term (2110 total terminals, 28 unique rows):
| Model                     | Term           | Count |
|---------------------------|----------------|-------|
| sky130_fd_sc_hs__dfrtp_1  | Q              |  1649 |
| sky130_fd_sc_hs__edfxtp_1 | Q              |   273 |
| ibex_core                 | boot_addr_i    |    32 |
| ibex_core                 | data_rdata_i   |    32 |
| ibex_core                 | hart_id_i      |    32 |
| ibex_core                 | instr_rdata_i  |    32 |
| ibex_core                 | irq_fast_i     |    15 |
| sky130_fd_sc_hs__dfstp_1  | Q              |     9 |
| sky130_fd_sc_hs__conb_1   | HI             |     7 |
| sky130_fd_sc_hs__conb_1   | LO             |     7 |
| sky130_fd_sc_hs__dfrtp_2  | Q              |     4 |
| sky130_fd_sc_hs__dfrtp_4  | Q              |     2 |
| ibex_core                 | clk_i          |     1 |
| ibex_core                 | data_err_i     |     1 |
| ibex_core                 | data_gnt_i     |     1 |
| ibex_core                 | data_rvalid_i  |     1 |
| ibex_core                 | debug_req_i    |     1 |
| ibex_core                 | fetch_enable_i |     1 |
| ibex_core                 | instr_err_i    |     1 |
| ibex_core                 | instr_gnt_i    |     1 |
| ibex_core                 | instr_rvalid_i |     1 |
| ibex_core                 | irq_external_i |     1 |
| ibex_core                 | irq_nm_i       |     1 |
| ibex_core                 | irq_software_i |     1 |
| ibex_core                 | irq_timer_i    |     1 |
| ibex_core                 | rst_ni         |     1 |
| ibex_core                 | test_en_i      |     1 |
| sky130_fd_sc_hs__dlxtn_1  | Q              |     1 |

[2026-08-20 04:23:20.626] [miter_logger] [info] design 0 PO summary by model/term (5919 total terminals, 27 unique rows):
| Model                     | Term          | Count |
|---------------------------|---------------|-------|
| sky130_fd_sc_hs__dfrtp_1  | CLK           |  1649 |
| sky130_fd_sc_hs__dfrtp_1  | D             |  1649 |
| sky130_fd_sc_hs__dfrtp_1  | RESET_B       |  1649 |
| sky130_fd_sc_hs__edfxtp_1 | CLK           |   273 |
| sky130_fd_sc_hs__edfxtp_1 | D             |   273 |
| sky130_fd_sc_hs__edfxtp_1 | DE            |   273 |
| ibex_core                 | data_addr_o   |    32 |
| ibex_core                 | data_wdata_o  |    32 |
| ibex_core                 | instr_addr_o  |    32 |
| sky130_fd_sc_hs__dfstp_1  | CLK           |     9 |
| sky130_fd_sc_hs__dfstp_1  | D             |     9 |
| sky130_fd_sc_hs__dfstp_1  | SET_B         |     9 |
| ibex_core                 | data_be_o     |     4 |
| sky130_fd_sc_hs__dfrtp_2  | CLK           |     4 |
| sky130_fd_sc_hs__dfrtp_2  | D             |     4 |
| sky130_fd_sc_hs__dfrtp_2  | RESET_B       |     4 |
| sky130_fd_sc_hs__dfrtp_4  | CLK           |     2 |
| sky130_fd_sc_hs__dfrtp_4  | D             |     2 |
| sky130_fd_sc_hs__dfrtp_4  | RESET_B       |     2 |
| ibex_core                 | alert_major_o |     1 |
| ibex_core                 | alert_minor_o |     1 |
| ibex_core                 | core_sleep_o  |     1 |
| ibex_core                 | data_req_o    |     1 |
| ibex_core                 | data_we_o     |     1 |
| ibex_core                 | instr_req_o   |     1 |
| sky130_fd_sc_hs__dlxtn_1  | D             |     1 |
| sky130_fd_sc_hs__dlxtn_1  | GATE_N        |     1 |

[2026-08-20 04:23:20.627] [miter_logger] [info] Collecting POs for design 1: ibex_core

[2026-08-20 04:23:20.664] [miter_logger] [info] size of common inputs: 2095
[2026-08-20 04:23:20.664] [miter_logger] [info] size of diff0 inputs: 0
[2026-08-20 04:23:20.664] [miter_logger] [info] size of diff1 inputs: 0
[2026-08-20 04:23:20.664] [miter_logger] [info] Collected 2110 PIs for design 1

[2026-08-20 04:23:20.664] [miter_logger] [info] Collected 5919 POs for design 1

[2026-08-20 04:23:20.665] [miter_logger] [info] design 1 PI summary by model/term (2110 total terminals, 28 unique rows):
| Model                     | Term           | Count |
|---------------------------|----------------|-------|
| sky130_fd_sc_hs__dfrtp_1  | Q              |  1649 |
| sky130_fd_sc_hs__edfxtp_1 | Q              |   273 |
| ibex_core                 | boot_addr_i    |    32 |
| ibex_core                 | data_rdata_i   |    32 |
| ibex_core                 | hart_id_i      |    32 |
| ibex_core                 | instr_rdata_i  |    32 |
| ibex_core                 | irq_fast_i     |    15 |
| sky130_fd_sc_hs__dfstp_1  | Q              |     9 |
| sky130_fd_sc_hs__conb_1   | HI             |     7 |
| sky130_fd_sc_hs__conb_1   | LO             |     7 |
| sky130_fd_sc_hs__dfrtp_2  | Q              |     4 |
| sky130_fd_sc_hs__dfrtp_4  | Q              |     2 |
| ibex_core                 | clk_i          |     1 |
| ibex_core                 | data_err_i     |     1 |
| ibex_core                 | data_gnt_i     |     1 |
| ibex_core                 | data_rvalid_i  |     1 |
| ibex_core                 | debug_req_i    |     1 |
| ibex_core                 | fetch_enable_i |     1 |
| ibex_core                 | instr_err_i    |     1 |
| ibex_core                 | instr_gnt_i    |     1 |
| ibex_core                 | instr_rvalid_i |     1 |
| ibex_core                 | irq_external_i |     1 |
| ibex_core                 | irq_nm_i       |     1 |
| ibex_core                 | irq_software_i |     1 |
| ibex_core                 | irq_timer_i    |     1 |
| ibex_core                 | rst_ni         |     1 |
| ibex_core                 | test_en_i      |     1 |
| sky130_fd_sc_hs__dlxtn_1  | Q              |     1 |

[2026-08-20 04:23:20.665] [miter_logger] [info] design 1 PO summary by model/term (5919 total terminals, 27 unique rows):
| Model                     | Term          | Count |
|---------------------------|---------------|-------|
| sky130_fd_sc_hs__dfrtp_1  | CLK           |  1649 |
| sky130_fd_sc_hs__dfrtp_1  | D             |  1649 |
| sky130_fd_sc_hs__dfrtp_1  | RESET_B       |  1649 |
| sky130_fd_sc_hs__edfxtp_1 | CLK           |   273 |
| sky130_fd_sc_hs__edfxtp_1 | D             |   273 |
| sky130_fd_sc_hs__edfxtp_1 | DE            |   273 |
| ibex_core                 | data_addr_o   |    32 |
| ibex_core                 | data_wdata_o  |    32 |
| ibex_core                 | instr_addr_o  |    32 |
| sky130_fd_sc_hs__dfstp_1  | CLK           |     9 |
| sky130_fd_sc_hs__dfstp_1  | D             |     9 |
| sky130_fd_sc_hs__dfstp_1  | SET_B         |     9 |
| ibex_core                 | data_be_o     |     4 |
| sky130_fd_sc_hs__dfrtp_2  | CLK           |     4 |
| sky130_fd_sc_hs__dfrtp_2  | D             |     4 |
| sky130_fd_sc_hs__dfrtp_2  | RESET_B       |     4 |
| sky130_fd_sc_hs__dfrtp_4  | CLK           |     2 |
| sky130_fd_sc_hs__dfrtp_4  | D             |     2 |
| sky130_fd_sc_hs__dfrtp_4  | RESET_B       |     2 |
| ibex_core                 | alert_major_o |     1 |
| ibex_core                 | alert_minor_o |     1 |
| ibex_core                 | core_sleep_o  |     1 |
| ibex_core                 | data_req_o    |     1 |
| ibex_core                 | data_we_o     |     1 |
| ibex_core                 | instr_req_o   |     1 |
| sky130_fd_sc_hs__dlxtn_1  | D             |     1 |
| sky130_fd_sc_hs__dlxtn_1  | GATE_N        |     1 |

[2026-08-20 04:23:20.665] [miter_logger] [info] normalizeInputs: starting
[2026-08-20 04:23:20.667] [miter_logger] [info] size of common inputs: 2110
[2026-08-20 04:23:20.667] [miter_logger] [info] size of diff0 inputs: 0
[2026-08-20 04:23:20.667] [miter_logger] [info] size of diff1 inputs: 0
[2026-08-20 04:23:20.667] [miter_logger] [info] normalizeOutputs: starting
[2026-08-20 04:23:20.673] [miter_logger] [info] size of common outputs: 5919
[2026-08-20 04:23:20.673] [miter_logger] [info] size of diff0 outputs: 0
[2026-08-20 04:23:20.673] [miter_logger] [info] size of diff1 outputs: 0
[2026-08-20 04:23:20.673] [miter_logger] [info] size of PIs in circuit 0: 2110
[2026-08-20 04:23:20.673] [miter_logger] [info] size of PIs in circuit 1: 2110
[2026-08-20 04:23:20.673] [miter_logger] [info] size of POs in circuit 0: 5919
[2026-08-20 04:23:20.673] [miter_logger] [info] size of POs in circuit 1: 5919
[2026-08-20 04:23:20.905] [miter_logger] [info] Building miter expression
[2026-08-20 04:23:20.907] [miter_logger] [info] Finished building miter expression
[2026-08-20 04:23:21.068] [miter_logger] [info] Starting solver
[2026-08-20 04:23:54.373] [miter_logger] [info] SAT solver finished: UNSAT
[2026-08-20 04:23:54.373] [miter_logger] [info] Circuits are IDENTICAL
