OpenROAD 26Q3-1464-gb22abfea20 
Features included (+) or not (-): +GPU +GUI +Python
This program is licensed under the BSD-3 license. See the LICENSE file for details.
Components of this program may be licensed under more restrictive licenses which must be honored.
[INFO ORD-0030] Using 32 thread(s).
read_liberty ./platforms/nangate45/lib/NangateOpenCellLibrary_typical.lib
read_db /tmp/workspace/scripts-Private_test-fr_cugr_cmp-1-/results/nangate45/jpeg/base/6_1_fill.odb
read_sdc /tmp/workspace/scripts-Private_test-fr_cugr_cmp-1-/results/nangate45/jpeg/base/6_1_fill.sdc
source ./platforms/nangate45/setRC.tcl
[WARNING STA-0450] virtual clock vclk_clk can not be propagated.
write_db /tmp/workspace/scripts-Private_test-fr_cugr_cmp-1-/results/nangate45/jpeg/base/6_final.odb
write_sdc -no_timestamp /tmp/workspace/scripts-Private_test-fr_cugr_cmp-1-/results/nangate45/jpeg/base/6_final.sdc
Deleted 0 routing obstructions
[INFO RCX-0431] Defined process_corner X with ext_model_index 0
[INFO RCX-0029] Defined extraction corner X
[WARNING RCX-0514] The ext_model_file option is deprecated. Use set_extraction_rules_file command instead.
[INFO RCX-0435] Reading extraction model file ./platforms/nangate45/rcx_patterns.rules ...
[INFO RCX-0436] RC segment generation jpeg_encoder (max_merge_res 50.0) ...
[INFO RCX-0040] Final 194455 rc segments
[INFO RCX-0439] Coupling Cap extraction jpeg_encoder ...
[INFO RCX-0440] Coupling threshhold is 0.1000 fF, coupling capacitance less than 0.1000 fF will be grounded.
[INFO RCX-0442] 19% of 398140 wires extracted
[INFO RCX-0442] 47% of 398140 wires extracted
[INFO RCX-0442] 69% of 398140 wires extracted
[INFO RCX-0442] 100% of 398140 wires extracted
[INFO RCX-0045] Extract 71808 nets, 262385 rsegs, 262385 caps, 629954 ccs
[INFO RCX-0443] 71808 nets finished
[INFO PSM-0040] All shapes on net VDD are connected.
########## IR report #################
Net              : VDD
Corner           : default
Total power      : 5.56e-01 W
Supply voltage   : 1.10e+00 V
Worstcase voltage: 1.04e+00 V
Average voltage  : 1.07e+00 V
Average IR drop  : 2.69e-02 V
Worstcase IR drop: 5.86e-02 V
Percentage drop  : 5.33 %
######################################
[INFO PSM-0040] All shapes on net VSS are connected.
########## IR report #################
Net              : VSS
Corner           : default
Total power      : 5.56e-01 W
Supply voltage   : 0.00e+00 V
Worstcase voltage: 7.29e-02 V
Average voltage  : 2.82e-02 V
Average IR drop  : 2.82e-02 V
Worstcase IR drop: 7.29e-02 V
Percentage drop  : 6.63 %
######################################
Cell type report:                       Count        Area
  Fill cell                             24791    15681.76
  Tap cell                                704      187.26
  Clock buffer                            918     1109.22
  Timing Repair Buffer                   5522     5523.22
  Inverter                              12527     6776.35
  Clock inverter                          346      260.15
  Sequential cell                        4384    19883.50
  Multi-Input combinational cell        36392    58385.14
  Total                                 85584   107806.61
Report metrics stage 6, finish...

==========================================================================
finish report_design_area
--------------------------------------------------------------------------
Design area 92125 um^2 85% utilization.
[WARNING GUI-0076] QStandardPaths: XDG_RUNTIME_DIR not set, defaulting to '/tmp/runtime-root'
Elapsed time: 0:41.52[h:]min:sec. CPU time: user 50.43 sys 30.91 (195%). Peak memory: 1266256KB.
Log                       Ext     Elapsed/s Peak Memory/MB sha1sum result [0:20)
6_report                                 41           1236                  N/A
