OpenROAD 26Q3-1464-gb22abfea20 
Features included (+) or not (-): +GPU +GUI +Python
This program is licensed under the BSD-3 license. See the LICENSE file for details.
Components of this program may be licensed under more restrictive licenses which must be honored.
[INFO ORD-0030] Using 30 thread(s).
source ./platforms/asap7/liberty_suppressions.tcl
read_liberty ./platforms/asap7/lib/NLDM/asap7sc7p5t_AO_RVT_FF_nldm_211120.lib.gz
read_liberty ./platforms/asap7/lib/NLDM/asap7sc7p5t_INVBUF_RVT_FF_nldm_220122.lib.gz
read_liberty ./platforms/asap7/lib/NLDM/asap7sc7p5t_OA_RVT_FF_nldm_211120.lib.gz
read_liberty ./platforms/asap7/lib/NLDM/asap7sc7p5t_SIMPLE_RVT_FF_nldm_211120.lib.gz
read_liberty ./platforms/asap7/lib/NLDM/asap7sc7p5t_SEQ_RVT_FF_nldm_220123.lib
read_db /tmp/workspace/scripts-Private_test-fr_cugr_cmp-1-/results/asap7/aes/base/3_3_place_gp.odb
read_sdc /tmp/workspace/scripts-Private_test-fr_cugr_cmp-1-/results/asap7/aes/base/2_floorplan.sdc
source ./platforms/asap7/setRC.tcl
estimate_parasitics -placement
Perform buffer insertion and gate resizing...
repair_design -verbose
Iteration |   Area    | Resized | Buffers | Nets repaired | Remaining
---------------------------------------------------------------------
        0 |     +0.0% |       0 |       0 |             0 |     12444
     1000 |     +0.0% |       0 |       0 |             0 |     11444
     2000 |     +0.0% |       0 |       0 |             0 |     10444
     3000 |     +0.0% |       0 |       0 |             0 |      9444
     4000 |     +0.0% |       0 |       0 |             0 |      8444
     5000 |     +0.0% |       0 |       0 |             0 |      7444
     6000 |     +0.0% |       0 |       0 |             0 |      6444
     7000 |     +0.0% |       0 |       0 |             0 |      5444
     8000 |     +0.0% |       0 |       0 |             0 |      4444
     9000 |     +0.0% |       0 |       0 |             0 |      3444
    10000 |     +0.0% |       0 |       0 |             0 |      2444
    11000 |     +0.0% |       0 |       0 |             0 |      1444
    12000 |     +0.0% |       0 |       0 |             0 |       444
    final |     +0.0% |       0 |       0 |             0 |         0
---------------------------------------------------------------------
[INFO RSZ-0504] Runtime: 1.18s
Floating nets: 
Report metrics stage 3, resizer...

==========================================================================
resizer report_design_area
--------------------------------------------------------------------------
Design area 1403 um^2 71% utilization.
Instance count before 12596, after 12596
Pin count before 42849, after 42849
write_db /tmp/workspace/scripts-Private_test-fr_cugr_cmp-1-/results/asap7/aes/base/3_4_place_resized.odb
Elapsed time: 0:05.77[h:]min:sec. CPU time: user 8.40 sys 4.51 (223%). Peak memory: 270428KB.
Log                       Ext     Elapsed/s Peak Memory/MB sha1sum result [0:20)
3_4_place_resized         .odb            5            264 9047821e81fa7912ec45
