OpenROAD 26Q3-1464-gb22abfea20 
Features included (+) or not (-): +GPU +GUI +Python
This program is licensed under the BSD-3 license. See the LICENSE file for details.
Components of this program may be licensed under more restrictive licenses which must be honored.
[INFO ORD-0030] Using 32 thread(s).
source ./platforms/asap7/liberty_suppressions.tcl
read_liberty ./platforms/asap7/lib/NLDM/asap7sc7p5t_AO_RVT_FF_nldm_211120.lib.gz
read_liberty ./platforms/asap7/lib/NLDM/asap7sc7p5t_INVBUF_RVT_FF_nldm_220122.lib.gz
read_liberty ./platforms/asap7/lib/NLDM/asap7sc7p5t_OA_RVT_FF_nldm_211120.lib.gz
read_liberty ./platforms/asap7/lib/NLDM/asap7sc7p5t_SIMPLE_RVT_FF_nldm_211120.lib.gz
read_liberty ./platforms/asap7/lib/NLDM/asap7sc7p5t_SEQ_RVT_FF_nldm_220123.lib
read_db /tmp/workspace/scripts-Private_test-fr_cugr_cmp-2-/results/asap7/aes-block_aes_sbox/base/5_1_grt.odb
read_sdc /tmp/workspace/scripts-Private_test-fr_cugr_cmp-2-/results/asap7/aes-block_aes_sbox/base/5_1_grt.sdc
source ./platforms/asap7/setRC.tcl
[WARNING STA-0450] virtual clock clk can not be propagated.
[WARNING STA-0450] virtual clock vclk_clk can not be propagated.
detailed_route -output_drc /tmp/workspace/scripts-Private_test-fr_cugr_cmp-2-/reports/asap7/aes-block_aes_sbox/base/5_route_drc.rpt -output_maze /tmp/workspace/scripts-Private_test-fr_cugr_cmp-2-/results/asap7/aes-block_aes_sbox/base/maze.log -droute_end_iter 64 -verbose 1 -drc_report_iter_step 5
[INFO DRT-0149] Reading tech and libs.

Units:                1000
Number of layers:     21
Number of macros:     212
Number of vias:       14
Number of viarulegen: 11

[INFO DRT-0150] Reading design.

Design:                   aes_sbox
Die area:                 ( 0 0 ) ( 15866 15866 )
Number of track patterns: 32
Number of DEF vias:       0
Number of components:     653
Number of terminals:      18
Number of snets:          2
Number of nets:           575

[INFO DRT-0167] List of default vias:
  Layer V2
    default via: VIA23
  Layer V3
    default via: VIA34
  Layer V4
    default via: VIA45
  Layer V5
    default via: VIA56
  Layer V6
    default via: VIA67
  Layer V7
    default via: VIA78
  Layer V8
    default via: VIA89
  Layer V9
    default via: VIA9Pad
[INFO DRT-0162] Library cell analysis.
[INFO DRT-0163] Instance analysis.
[INFO DRT-0164] Number of unique instances = 73.
[INFO DRT-0168] Init region query.
[INFO DRT-0024]   Complete Active.
[INFO DRT-0024]   Complete V0.
[INFO DRT-0024]   Complete M1.
[INFO DRT-0024]   Complete V1.
[INFO DRT-0024]   Complete M2.
[INFO DRT-0024]   Complete V2.
[INFO DRT-0024]   Complete M3.
[INFO DRT-0024]   Complete V3.
[INFO DRT-0024]   Complete M4.
[INFO DRT-0024]   Complete V4.
[INFO DRT-0024]   Complete M5.
[INFO DRT-0024]   Complete V5.
[INFO DRT-0024]   Complete M6.
[INFO DRT-0024]   Complete V6.
[INFO DRT-0024]   Complete M7.
[INFO DRT-0024]   Complete V7.
[INFO DRT-0024]   Complete M8.
[INFO DRT-0024]   Complete V8.
[INFO DRT-0024]   Complete M9.
[INFO DRT-0024]   Complete V9.
[INFO DRT-0024]   Complete Pad.
[INFO DRT-0033] Active shape region query size = 0.
[INFO DRT-0033] V0 shape region query size = 0.
[INFO DRT-0033] M1 shape region query size = 7820.
[INFO DRT-0033] V1 shape region query size = 14388.
[INFO DRT-0033] M2 shape region query size = 264.
[INFO DRT-0033] V2 shape region query size = 528.
[INFO DRT-0033] M3 shape region query size = 528.
[INFO DRT-0033] V3 shape region query size = 352.
[INFO DRT-0033] M4 shape region query size = 387.
[INFO DRT-0033] V4 shape region query size = 448.
[INFO DRT-0033] M5 shape region query size = 233.
[INFO DRT-0033] V5 shape region query size = 0.
[INFO DRT-0033] M6 shape region query size = 0.
[INFO DRT-0033] V6 shape region query size = 0.
[INFO DRT-0033] M7 shape region query size = 0.
[INFO DRT-0033] V7 shape region query size = 0.
[INFO DRT-0033] M8 shape region query size = 0.
[INFO DRT-0033] V8 shape region query size = 0.
[INFO DRT-0033] M9 shape region query size = 0.
[INFO DRT-0033] V9 shape region query size = 0.
[INFO DRT-0033] Pad shape region query size = 0.
[INFO DRT-0165] Start pin access.
[INFO DRT-0078]   Complete 372 pins.
[INFO DRT-0081]   Complete 73 unique inst patterns.
[INFO DRT-0084]   Complete 330 groups.
#scanned instances     = 653
#unique  instances     = 73
#stdCellGenAp          = 1736
#stdCellValidPlanarAp  = 0
#stdCellValidViaAp     = 1363
#stdCellPinNoAp        = 0
#stdCellPinCnt         = 1896
#instTermValidViaApCnt = 0
#macroGenAp            = 0
#macroValidPlanarAp    = 0
#macroValidViaAp       = 0
#macroNoAp             = 0
[INFO DRT-0166] Complete pin access.
[INFO DRT-0267] cpu time = 00:00:07, elapsed time = 00:00:00, memory = 296.82 (MB), peak = 290.55 (MB)

[INFO DRT-0157] Number of guides:     5772

[INFO DRT-0169] Post process guides.
[INFO DRT-0176] GCELLGRID X 0 DO 27 STEP 570 ;
[INFO DRT-0177] GCELLGRID Y 0 DO 27 STEP 570 ;
[INFO DRT-0028]   Complete Active.
[INFO DRT-0028]   Complete V0.
[INFO DRT-0028]   Complete M1.
[INFO DRT-0028]   Complete V1.
[INFO DRT-0028]   Complete M2.
[INFO DRT-0028]   Complete V2.
[INFO DRT-0028]   Complete M3.
[INFO DRT-0028]   Complete V3.
[INFO DRT-0028]   Complete M4.
[INFO DRT-0028]   Complete V4.
[INFO DRT-0028]   Complete M5.
[INFO DRT-0028]   Complete V5.
[INFO DRT-0028]   Complete M6.
[INFO DRT-0028]   Complete V6.
[INFO DRT-0028]   Complete M7.
[INFO DRT-0028]   Complete V7.
[INFO DRT-0028]   Complete M8.
[INFO DRT-0028]   Complete V8.
[INFO DRT-0028]   Complete M9.
[INFO DRT-0028]   Complete V9.
[INFO DRT-0028]   Complete Pad.
[INFO DRT-0178] Init guide query.
[INFO DRT-0035]   Complete Active (guide).
[INFO DRT-0035]   Complete V0 (guide).
[INFO DRT-0035]   Complete M1 (guide).
[INFO DRT-0035]   Complete V1 (guide).
[INFO DRT-0035]   Complete M2 (guide).
[INFO DRT-0035]   Complete V2 (guide).
[INFO DRT-0035]   Complete M3 (guide).
[INFO DRT-0035]   Complete V3 (guide).
[INFO DRT-0035]   Complete M4 (guide).
[INFO DRT-0035]   Complete V4 (guide).
[INFO DRT-0035]   Complete M5 (guide).
[INFO DRT-0035]   Complete V5 (guide).
[INFO DRT-0035]   Complete M6 (guide).
[INFO DRT-0035]   Complete V6 (guide).
[INFO DRT-0035]   Complete M7 (guide).
[INFO DRT-0035]   Complete V7 (guide).
[INFO DRT-0035]   Complete M8 (guide).
[INFO DRT-0035]   Complete V8 (guide).
[INFO DRT-0035]   Complete M9 (guide).
[INFO DRT-0035]   Complete V9 (guide).
[INFO DRT-0035]   Complete Pad (guide).
[INFO DRT-0036] Active guide region query size = 0.
[INFO DRT-0036] V0 guide region query size = 0.
[INFO DRT-0036] M1 guide region query size = 1686.
[INFO DRT-0036] V1 guide region query size = 0.
[INFO DRT-0036] M2 guide region query size = 1538.
[INFO DRT-0036] V2 guide region query size = 0.
[INFO DRT-0036] M3 guide region query size = 991.
[INFO DRT-0036] V3 guide region query size = 0.
[INFO DRT-0036] M4 guide region query size = 353.
[INFO DRT-0036] V4 guide region query size = 0.
[INFO DRT-0036] M5 guide region query size = 117.
[INFO DRT-0036] V5 guide region query size = 0.
[INFO DRT-0036] M6 guide region query size = 0.
[INFO DRT-0036] V6 guide region query size = 0.
[INFO DRT-0036] M7 guide region query size = 0.
[INFO DRT-0036] V7 guide region query size = 0.
[INFO DRT-0036] M8 guide region query size = 0.
[INFO DRT-0036] V8 guide region query size = 0.
[INFO DRT-0036] M9 guide region query size = 0.
[INFO DRT-0036] V9 guide region query size = 0.
[INFO DRT-0036] Pad guide region query size = 0.
[INFO DRT-0179] Init gr pin query.
[INFO DRT-0267] cpu time = 00:00:00, elapsed time = 00:00:00, memory = 298.19 (MB), peak = 292.30 (MB)
[INFO DRT-0245] skipped writing guide updates to database.
[INFO DRT-0181] Start track assignment.
[INFO DRT-0184] Done with 2794 vertical wires in 1 frboxes and 1891 horizontal wires in 1 frboxes.
[INFO DRT-0186] Done with 457 vertical wires in 1 frboxes and 407 horizontal wires in 1 frboxes.
[INFO DRT-0182] Complete track assignment.
[INFO DRT-0267] cpu time = 00:00:00, elapsed time = 00:00:00, memory = 312.02 (MB), peak = 305.85 (MB)
[INFO DRT-0187] Start routing data preparation.
[INFO DRT-0267] cpu time = 00:00:00, elapsed time = 00:00:00, memory = 312.02 (MB), peak = 305.85 (MB)
[INFO DRT-0194] Start detail routing.
[INFO DRT-0195] Start 0th optimization iteration.
    Completing 10% with 0 violations.
    elapsed time = 00:00:00, memory = 370.12 (MB).
    Completing 20% with 0 violations.
    elapsed time = 00:00:00, memory = 351.66 (MB).
    Completing 30% with 13 violations.
    elapsed time = 00:00:00, memory = 427.63 (MB).
    Completing 40% with 13 violations.
    elapsed time = 00:00:00, memory = 447.82 (MB).
    Completing 50% with 13 violations.
    elapsed time = 00:00:01, memory = 432.61 (MB).
    Completing 60% with 26 violations.
    elapsed time = 00:00:01, memory = 526.41 (MB).
    Completing 70% with 26 violations.
    elapsed time = 00:00:02, memory = 522.31 (MB).
    Completing 80% with 38 violations.
    elapsed time = 00:00:02, memory = 575.78 (MB).
    Completing 90% with 38 violations.
    elapsed time = 00:00:02, memory = 587.06 (MB).
    Completing 100% with 45 violations.
    elapsed time = 00:00:03, memory = 569.79 (MB).
[INFO DRT-0199]   Number of violations = 89.
Viol/Layer          M1     M2     M3     V3     M4     V4     M5
CutSpcTbl            0      0      0      0      0      1      0
EOL                  0      1      1      0      0      0      0
Metal Spacing        3      1     15      0      0      0      0
Recheck              0      8      9      0     18      0      9
Short                0      4      0      1      2      1      0
eolKeepOut           0     12      3      0      0      0      0
[INFO DRT-0267] cpu time = 00:00:06, elapsed time = 00:00:03, memory = 1119.32 (MB), peak = 1114.14 (MB)
Total wire length = 1823 um.
Total wire length on LAYER M1 = 0 um.
Total wire length on LAYER M2 = 439 um.
Total wire length on LAYER M3 = 763 um.
Total wire length on LAYER M4 = 416 um.
Total wire length on LAYER M5 = 204 um.
Total wire length on LAYER M6 = 0 um.
Total wire length on LAYER M7 = 0 um.
Total wire length on LAYER M8 = 0 um.
Total wire length on LAYER M9 = 0 um.
Total wire length on LAYER Pad = 0 um.
Total number of vias = 5709.
Up-via summary (total 5709):

---------------
 Active       0
     M1    1896
     M2    2729
     M3     826
     M4     258
     M5       0
     M6       0
     M7       0
     M8       0
     M9       0
---------------
       5709


[INFO DRT-0195] Start 1st optimization iteration.
    Completing 10% with 89 violations.
    elapsed time = 00:00:00, memory = 1119.32 (MB).
    Completing 20% with 89 violations.
    elapsed time = 00:00:00, memory = 1177.55 (MB).
    Completing 30% with 89 violations.
    elapsed time = 00:00:00, memory = 1206.95 (MB).
    Completing 40% with 49 violations.
    elapsed time = 00:00:01, memory = 1217.51 (MB).
    Completing 50% with 49 violations.
    elapsed time = 00:00:01, memory = 1277.00 (MB).
    Completing 60% with 49 violations.
    elapsed time = 00:00:01, memory = 1277.00 (MB).
    Completing 70% with 44 violations.
    elapsed time = 00:00:01, memory = 1330.45 (MB).
    Completing 80% with 44 violations.
    elapsed time = 00:00:02, memory = 1360.42 (MB).
    Completing 90% with 18 violations.
    elapsed time = 00:00:03, memory = 1423.54 (MB).
    Completing 100% with 3 violations.
    elapsed time = 00:00:03, memory = 1423.54 (MB).
[INFO DRT-0199]   Number of violations = 3.
Viol/Layer          M3     M4
Short                1      2
[INFO DRT-0267] cpu time = 00:00:06, elapsed time = 00:00:03, memory = 1423.55 (MB), peak = 1418.54 (MB)
Total wire length = 1802 um.
Total wire length on LAYER M1 = 0 um.
Total wire length on LAYER M2 = 423 um.
Total wire length on LAYER M3 = 758 um.
Total wire length on LAYER M4 = 417 um.
Total wire length on LAYER M5 = 202 um.
Total wire length on LAYER M6 = 0 um.
Total wire length on LAYER M7 = 0 um.
Total wire length on LAYER M8 = 0 um.
Total wire length on LAYER M9 = 0 um.
Total wire length on LAYER Pad = 0 um.
Total number of vias = 5439.
Up-via summary (total 5439):

---------------
 Active       0
     M1    1896
     M2    2550
     M3     780
     M4     213
     M5       0
     M6       0
     M7       0
     M8       0
     M9       0
---------------
       5439


[INFO DRT-0195] Start 2nd optimization iteration.
    Completing 10% with 3 violations.
    elapsed time = 00:00:00, memory = 1423.56 (MB).
    Completing 20% with 3 violations.
    elapsed time = 00:00:00, memory = 1423.56 (MB).
    Completing 30% with 3 violations.
    elapsed time = 00:00:00, memory = 1423.56 (MB).
    Completing 40% with 4 violations.
    elapsed time = 00:00:01, memory = 1482.89 (MB).
    Completing 50% with 4 violations.
    elapsed time = 00:00:01, memory = 1482.89 (MB).
    Completing 60% with 4 violations.
    elapsed time = 00:00:01, memory = 1521.17 (MB).
    Completing 70% with 4 violations.
    elapsed time = 00:00:01, memory = 1521.17 (MB).
    Completing 80% with 4 violations.
    elapsed time = 00:00:01, memory = 1521.17 (MB).
    Completing 90% with 4 violations.
    elapsed time = 00:00:01, memory = 1521.17 (MB).
    Completing 100% with 4 violations.
    elapsed time = 00:00:01, memory = 1521.17 (MB).
[INFO DRT-0199]   Number of violations = 4.
Viol/Layer          M3
Metal Spacing        4
[INFO DRT-0267] cpu time = 00:00:03, elapsed time = 00:00:01, memory = 1521.21 (MB), peak = 1516.16 (MB)
Total wire length = 1803 um.
Total wire length on LAYER M1 = 0 um.
Total wire length on LAYER M2 = 428 um.
Total wire length on LAYER M3 = 761 um.
Total wire length on LAYER M4 = 413 um.
Total wire length on LAYER M5 = 199 um.
Total wire length on LAYER M6 = 0 um.
Total wire length on LAYER M7 = 0 um.
Total wire length on LAYER M8 = 0 um.
Total wire length on LAYER M9 = 0 um.
Total wire length on LAYER Pad = 0 um.
Total number of vias = 5486.
Up-via summary (total 5486):

---------------
 Active       0
     M1    1896
     M2    2570
     M3     804
     M4     216
     M5       0
     M6       0
     M7       0
     M8       0
     M9       0
---------------
       5486


[INFO DRT-0195] Start 3rd guides tiles iteration.
    Completing 50% with 4 violations.
    elapsed time = 00:00:00, memory = 1535.73 (MB).
    Completing 100% with 0 violations.
    elapsed time = 00:00:00, memory = 1535.73 (MB).
[INFO DRT-0199]   Number of violations = 0.
[INFO DRT-0267] cpu time = 00:00:00, elapsed time = 00:00:00, memory = 1535.73 (MB), peak = 1530.67 (MB)
Total wire length = 1802 um.
Total wire length on LAYER M1 = 0 um.
Total wire length on LAYER M2 = 428 um.
Total wire length on LAYER M3 = 759 um.
Total wire length on LAYER M4 = 413 um.
Total wire length on LAYER M5 = 201 um.
Total wire length on LAYER M6 = 0 um.
Total wire length on LAYER M7 = 0 um.
Total wire length on LAYER M8 = 0 um.
Total wire length on LAYER M9 = 0 um.
Total wire length on LAYER Pad = 0 um.
Total number of vias = 5479.
Up-via summary (total 5479):

---------------
 Active       0
     M1    1896
     M2    2562
     M3     802
     M4     219
     M5       0
     M6       0
     M7       0
     M8       0
     M9       0
---------------
       5479


[INFO DRT-0198] Complete detail routing.
Total wire length = 1802 um.
Total wire length on LAYER M1 = 0 um.
Total wire length on LAYER M2 = 428 um.
Total wire length on LAYER M3 = 759 um.
Total wire length on LAYER M4 = 413 um.
Total wire length on LAYER M5 = 201 um.
Total wire length on LAYER M6 = 0 um.
Total wire length on LAYER M7 = 0 um.
Total wire length on LAYER M8 = 0 um.
Total wire length on LAYER M9 = 0 um.
Total wire length on LAYER Pad = 0 um.
Total number of vias = 5479.
Up-via summary (total 5479):

---------------
 Active       0
     M1    1896
     M2    2562
     M3     802
     M4     219
     M5       0
     M6       0
     M7       0
     M8       0
     M9       0
---------------
       5479


[INFO DRT-0267] cpu time = 00:00:16, elapsed time = 00:00:09, memory = 1535.86 (MB), peak = 1530.67 (MB)

[INFO DRT-0180] Post processing.
[INFO DRT-0501] Runtime: 9.97s
Took 10 seconds: detailed_route -output_drc /tmp/workspace/scripts-Private_test-fr_cugr_cmp-2-/reports/asap7/aes-block_aes_sbox/base/5_route_drc.rpt -output_maze /tmp/workspace/scripts-Private_test-fr_cugr_cmp-2-/results/asap7/aes-block_aes_sbox/base/maze.log -droute_end_iter 64 -verbose 1 -drc_report_iter_step 5
[WARNING GRT-0246] No diode with LEF class CORE ANTENNACELL found.
[INFO ANT-0002] Found 0 net violations.
[INFO ANT-0001] Found 0 pin violations.
[INFO ANT-0002] Found 0 net violations.
[INFO ANT-0001] Found 0 pin violations.
Design area 58 um^2 43% utilization.
write_db /tmp/workspace/scripts-Private_test-fr_cugr_cmp-2-/results/asap7/aes-block_aes_sbox/base/5_2_route.odb
Elapsed time: 0:11.01[h:]min:sec. CPU time: user 26.74 sys 0.28 (245%). Peak memory: 1572688KB.
Log                       Ext     Elapsed/s Peak Memory/MB sha1sum result [0:20)
5_2_route                 .odb           11           1535 9d573e2db8241c73e288
