[2026-08-20 04:21:26.812] [miter_logger] [info] MiterStrategy::run starting
[2026-08-20 04:21:26.812] [miter_logger] [info] Collecting POs for design 0: gcd

[2026-08-20 04:21:26.813] [miter_logger] [info] Collected 36 PIs for design 0

[2026-08-20 04:21:26.813] [miter_logger] [info] Collected 0 POs for design 0

[2026-08-20 04:21:26.813] [miter_logger] [info] design 0 PI summary by model/term (36 total terminals, 5 unique rows):
| Model | Term     | Count |
|-------|----------|-------|
| gcd   | req_msg  |    32 |
| gcd   | clk      |     1 |
| gcd   | req_val  |     1 |
| gcd   | reset    |     1 |
| gcd   | resp_rdy |     1 |

[2026-08-20 04:21:26.813] [miter_logger] [info] design 0 PO summary by model/term (0 total terminals, 0 unique rows):
| Model | Term | Count |
|-------|------|-------|
| <none> | <none> |     0 |

[2026-08-20 04:21:26.813] [miter_logger] [info] Collecting POs for design 1: gcd

[2026-08-20 04:21:26.813] [miter_logger] [info] size of common inputs: 36
[2026-08-20 04:21:26.813] [miter_logger] [info] size of diff0 inputs: 0
[2026-08-20 04:21:26.813] [miter_logger] [info] size of diff1 inputs: 0
[2026-08-20 04:21:26.813] [miter_logger] [info] Collected 36 PIs for design 1

[2026-08-20 04:21:26.813] [miter_logger] [info] Collected 0 POs for design 1

[2026-08-20 04:21:26.813] [miter_logger] [info] design 1 PI summary by model/term (36 total terminals, 5 unique rows):
| Model | Term     | Count |
|-------|----------|-------|
| gcd   | req_msg  |    32 |
| gcd   | clk      |     1 |
| gcd   | req_val  |     1 |
| gcd   | reset    |     1 |
| gcd   | resp_rdy |     1 |

[2026-08-20 04:21:26.813] [miter_logger] [info] design 1 PO summary by model/term (0 total terminals, 0 unique rows):
| Model | Term | Count |
|-------|------|-------|
| <none> | <none> |     0 |

[2026-08-20 04:21:26.813] [miter_logger] [info] normalizeInputs: starting
[2026-08-20 04:21:26.813] [miter_logger] [info] size of common inputs: 36
[2026-08-20 04:21:26.813] [miter_logger] [info] size of diff0 inputs: 0
[2026-08-20 04:21:26.813] [miter_logger] [info] size of diff1 inputs: 0
[2026-08-20 04:21:26.813] [miter_logger] [info] normalizeOutputs: starting
[2026-08-20 04:21:26.813] [miter_logger] [info] size of common outputs: 0
[2026-08-20 04:21:26.813] [miter_logger] [info] size of diff0 outputs: 0
[2026-08-20 04:21:26.813] [miter_logger] [info] size of diff1 outputs: 0
[2026-08-20 04:21:26.813] [miter_logger] [info] size of PIs in circuit 0: 36
[2026-08-20 04:21:26.813] [miter_logger] [info] size of PIs in circuit 1: 36
[2026-08-20 04:21:26.813] [miter_logger] [info] size of POs in circuit 0: 0
[2026-08-20 04:21:26.813] [miter_logger] [info] size of POs in circuit 1: 0
[2026-08-20 04:21:26.813] [miter_logger] [warning] No valid outputs to compare. Miter vacuously equivalent.
