OpenROAD 26Q3-1464-gb22abfea20 
Features included (+) or not (-): +GPU +GUI +Python
This program is licensed under the BSD-3 license. See the LICENSE file for details.
Components of this program may be licensed under more restrictive licenses which must be honored.
[INFO ORD-0030] Using 30 thread(s).
source ./platforms/asap7/liberty_suppressions.tcl
read_liberty ./platforms/asap7/lib/NLDM/asap7sc7p5t_AO_RVT_FF_nldm_211120.lib.gz
read_liberty ./platforms/asap7/lib/NLDM/asap7sc7p5t_INVBUF_RVT_FF_nldm_220122.lib.gz
read_liberty ./platforms/asap7/lib/NLDM/asap7sc7p5t_OA_RVT_FF_nldm_211120.lib.gz
read_liberty ./platforms/asap7/lib/NLDM/asap7sc7p5t_SIMPLE_RVT_FF_nldm_211120.lib.gz
read_liberty ./platforms/asap7/lib/NLDM/asap7sc7p5t_SEQ_RVT_FF_nldm_220123.lib
read_liberty /tmp/workspace/scripts-Private_test-fr_cugr_cmp-1-/results/asap7/riscv32i-mock-sram_fakeram7_256x32/base/fakeram7_256x32_typ.lib
read_db -hier /tmp/workspace/scripts-Private_test-fr_cugr_cmp-1-/results/asap7/riscv32i-mock-sram/base/3_3_place_gp.odb
[WARNING ORD-0012] Hierarchical flow (-hier) is currently in development and may cause multiple issues. Do not use in production environments.
read_sdc /tmp/workspace/scripts-Private_test-fr_cugr_cmp-1-/results/asap7/riscv32i-mock-sram/base/2_floorplan.sdc
source ./platforms/asap7/setRC.tcl
estimate_parasitics -placement
replace_arith_modules -path_count 1000 -target setup -slack_threshold 0.0
[INFO RSZ-0151] Starting arithmetic module replacement to optimize 'setup' target
[INFO RSZ-0152] Analyzing 1000 critical paths with slack < 0.00
[INFO RSZ-0153] Identified 524 violating endpoints
[INFO RSZ-0154] Identified 1 critical arithmetic instances
[INFO RSZ-0160] 0 arithmetic instances have swapped to improve 'setup' target
[INFO GPL-0083] Execute incremental mode global placement.
[INFO GPL-0001] ---- Initialize GPL Main Data Structures
[INFO GPL-0002] DBU: 1000
[INFO GPL-0003] SiteSize: (  0.054  0.270 ) um
[INFO GPL-0004] CoreBBox: (  5.022  5.130 ) ( 60.318 60.210 ) um
[INFO GPL-0016] Core area:                    3045.704 um^2
[INFO GPL-0036] Movable instances area:       1224.093 um^2
[INFO GPL-0037] Total instances area:         2006.689 um^2
[INFO GPL-0035] Pin density area adjust:       160.027 um^2
[INFO GPL-0032] ---- Initialize Region: Top-level
[INFO GPL-0006] Number of instances:             10757
[INFO GPL-0007] Movable instances:                9655
[INFO GPL-0008] Fixed instances:                   490
[INFO GPL-0009] Dummy instances:                   612
[INFO GPL-0010] Number of nets:                  10014
[INFO GPL-0011] Number of pins:                  36018
[INFO GPL-0012] Die BBox:       (  0.000  0.000 ) ( 65.343 65.343 ) um
[INFO GPL-0013] Placement BBox: (  5.022  5.130 ) ( 60.318 60.210 ) um
[INFO GPL-0014] Region name: top-level.
[INFO GPL-0015] Region area:                  3045.704 um^2
[INFO GPL-0017] Fixed instances area:         1365.490 um^2
[INFO GPL-0018] Movable instances area:       1384.120 um^2
[INFO GPL-0019] Utilization:                    82.378 %
[INFO GPL-0020] Standard cells area:          1384.120 um^2
[INFO GPL-0021] Large instances area:            0.000 um^2
[INFO GPL-0154] Identified 9655 placed instances
[INFO GPL-0155] Identified 0 not placed instances
[INFO GPL-0156] Identified all instances as placed. Skipping incremental mode
Perform buffer insertion and gate resizing...
repair_design -verbose
Iteration |   Area    | Resized | Buffers | Nets repaired | Remaining
---------------------------------------------------------------------
        0 |     +0.0% |       0 |       0 |             0 |     10014
     1000 |     +0.0% |       0 |       0 |             0 |      9014
     2000 |     +0.0% |       0 |       0 |             0 |      8014
     3000 |     +0.0% |       0 |       0 |             0 |      7014
     4000 |     +0.0% |       0 |       0 |             0 |      6014
     5000 |     +0.0% |       0 |       0 |             0 |      5014
     6000 |     +0.0% |       0 |       0 |             0 |      4014
     7000 |     +0.0% |       0 |       1 |             1 |      3014
     8000 |     +0.0% |       0 |       1 |             1 |      2014
     9000 |     +0.0% |       0 |       1 |             1 |      1014
    10000 |     +0.0% |       0 |       1 |             1 |        14
    final |     +0.0% |       0 |       1 |             1 |         0
---------------------------------------------------------------------
[INFO RSZ-0036] Found 1 capacitance violations.
[INFO RSZ-0038] Inserted 1 buffers in 1 nets.
[INFO RSZ-0504] Runtime: 0.78s
Floating nets: 
[WARNING RSZ-0020] found 2 floating nets.
Report metrics stage 3, resizer...

==========================================================================
resizer report_design_area
--------------------------------------------------------------------------
Design area 1991 um^2 65% utilization.
Instance count before 10145, after 10146
Pin count before 35883, after 35885
write_db /tmp/workspace/scripts-Private_test-fr_cugr_cmp-1-/results/asap7/riscv32i-mock-sram/base/3_4_place_resized.odb
Elapsed time: 0:06.79[h:]min:sec. CPU time: user 10.00 sys 2.95 (190%). Peak memory: 276124KB.
Log                       Ext     Elapsed/s Peak Memory/MB sha1sum result [0:20)
3_4_place_resized         .odb            6            269 823e24e07308058f2497
