OpenROAD 26Q3-1464-gb22abfea20 
Features included (+) or not (-): +GPU +GUI +Python
This program is licensed under the BSD-3 license. See the LICENSE file for details.
Components of this program may be licensed under more restrictive licenses which must be honored.
[INFO ORD-0030] Using 30 thread(s).
source ./platforms/asap7/liberty_suppressions.tcl
read_liberty ./platforms/asap7/lib/NLDM/asap7sc7p5t_AO_RVT_FF_nldm_211120.lib.gz
read_liberty ./platforms/asap7/lib/NLDM/asap7sc7p5t_INVBUF_RVT_FF_nldm_220122.lib.gz
read_liberty ./platforms/asap7/lib/NLDM/asap7sc7p5t_OA_RVT_FF_nldm_211120.lib.gz
read_liberty ./platforms/asap7/lib/NLDM/asap7sc7p5t_SIMPLE_RVT_FF_nldm_211120.lib.gz
read_liberty ./platforms/asap7/lib/NLDM/asap7sc7p5t_SEQ_RVT_FF_nldm_220123.lib
read_liberty /tmp/workspace/scripts-Private_test-fr_cugr_cmp-1-/results/asap7/riscv32i-mock-sram_fakeram7_256x32/base/fakeram7_256x32_typ.lib
read_db -hier /tmp/workspace/scripts-Private_test-fr_cugr_cmp-1-/results/asap7/riscv32i-mock-sram/base/5_1_grt.odb
[WARNING ORD-0012] Hierarchical flow (-hier) is currently in development and may cause multiple issues. Do not use in production environments.
read_sdc /tmp/workspace/scripts-Private_test-fr_cugr_cmp-1-/results/asap7/riscv32i-mock-sram/base/5_1_grt.sdc
source ./platforms/asap7/setRC.tcl
[WARNING STA-0450] virtual clock vclk_clk can not be propagated.
detailed_route -output_drc /tmp/workspace/scripts-Private_test-fr_cugr_cmp-1-/reports/asap7/riscv32i-mock-sram/base/5_route_drc.rpt -output_maze /tmp/workspace/scripts-Private_test-fr_cugr_cmp-1-/results/asap7/riscv32i-mock-sram/base/maze.log -droute_end_iter 64 -verbose 1 -drc_report_iter_step 5
[INFO DRT-0149] Reading tech and libs.

Units:                1000
Number of layers:     21
Number of macros:     213
Number of vias:       21
Number of viarulegen: 11

[INFO DRT-0150] Reading design.

Design:                   riscv_top
Die area:                 ( 0 0 ) ( 65343 65343 )
Number of track patterns: 32
Number of DEF vias:       0
Number of components:     10323
Number of terminals:      137
Number of snets:          2
Number of nets:           10178

[INFO DRT-0167] List of default vias:
  Layer V2
    default via: VIA23
  Layer V3
    default via: VIA34
  Layer V4
    default via: VIA45
  Layer V5
    default via: VIA56
  Layer V6
    default via: VIA67
  Layer V7
    default via: VIA78
  Layer V8
    default via: VIA89
  Layer V9
    default via: VIA9Pad
[INFO DRT-0162] Library cell analysis.
[INFO DRT-0163] Instance analysis.
[INFO DRT-0164] Number of unique instances = 241.
[INFO DRT-0168] Init region query.
[INFO DRT-0024]   Complete Active.
[INFO DRT-0024]   Complete V0.
[INFO DRT-0024]   Complete M1.
[INFO DRT-0024]   Complete V1.
[INFO DRT-0024]   Complete M2.
[INFO DRT-0024]   Complete V2.
[INFO DRT-0024]   Complete M3.
[INFO DRT-0024]   Complete V3.
[INFO DRT-0024]   Complete M4.
[INFO DRT-0024]   Complete V4.
[INFO DRT-0024]   Complete M5.
[INFO DRT-0024]   Complete V5.
[INFO DRT-0024]   Complete M6.
[INFO DRT-0024]   Complete V6.
[INFO DRT-0024]   Complete M7.
[INFO DRT-0024]   Complete V7.
[INFO DRT-0024]   Complete M8.
[INFO DRT-0024]   Complete V8.
[INFO DRT-0024]   Complete M9.
[INFO DRT-0024]   Complete V9.
[INFO DRT-0024]   Complete Pad.
[INFO DRT-0033] Active shape region query size = 0.
[INFO DRT-0033] V0 shape region query size = 0.
[INFO DRT-0033] M1 shape region query size = 179354.
[INFO DRT-0033] V1 shape region query size = 192428.
[INFO DRT-0033] M2 shape region query size = 6835.
[INFO DRT-0033] V2 shape region query size = 8847.
[INFO DRT-0033] M3 shape region query size = 8851.
[INFO DRT-0033] V3 shape region query size = 5898.
[INFO DRT-0033] M4 shape region query size = 6202.
[INFO DRT-0033] V4 shape region query size = 5898.
[INFO DRT-0033] M5 shape region query size = 3879.
[INFO DRT-0033] V5 shape region query size = 3098.
[INFO DRT-0033] M6 shape region query size = 757.
[INFO DRT-0033] V6 shape region query size = 0.
[INFO DRT-0033] M7 shape region query size = 0.
[INFO DRT-0033] V7 shape region query size = 0.
[INFO DRT-0033] M8 shape region query size = 0.
[INFO DRT-0033] V8 shape region query size = 0.
[INFO DRT-0033] M9 shape region query size = 0.
[INFO DRT-0033] V9 shape region query size = 0.
[INFO DRT-0033] Pad shape region query size = 0.
[INFO DRT-0165] Start pin access.
[INFO DRT-0076]   Complete 1000 pins.
[INFO DRT-0078]   Complete 1708 pins.
[INFO DRT-0079]   Complete 100 unique inst patterns.
[INFO DRT-0079]   Complete 200 unique inst patterns.
[INFO DRT-0081]   Complete 235 unique inst patterns.
[INFO DRT-0084]   Complete 5845 groups.
#scanned instances     = 10323
#unique  instances     = 239
#stdCellGenAp          = 6755
#stdCellValidPlanarAp  = 66
#stdCellValidViaAp     = 5665
#stdCellPinNoAp        = 0
#stdCellPinCnt         = 35861
#instTermValidViaApCnt = 0
#macroGenAp            = 1050
#macroValidPlanarAp    = 1050
#macroValidViaAp       = 0
#macroNoAp             = 0
[INFO DRT-0166] Complete pin access.
[INFO DRT-0267] cpu time = 00:03:26, elapsed time = 00:00:07, memory = 418.68 (MB), peak = 413.78 (MB)
[INFO DRT-0156] guideIn read 100000 guides.

[INFO DRT-0157] Number of guides:     110375

[INFO DRT-0169] Post process guides.
[INFO DRT-0176] GCELLGRID X 0 DO 114 STEP 570 ;
[INFO DRT-0177] GCELLGRID Y 0 DO 114 STEP 570 ;
[INFO DRT-0026]   Complete 100000 origin guides.
[INFO DRT-0028]   Complete Active.
[INFO DRT-0028]   Complete V0.
[INFO DRT-0028]   Complete M1.
[INFO DRT-0028]   Complete V1.
[INFO DRT-0028]   Complete M2.
[INFO DRT-0028]   Complete V2.
[INFO DRT-0028]   Complete M3.
[INFO DRT-0028]   Complete V3.
[INFO DRT-0028]   Complete M4.
[INFO DRT-0028]   Complete V4.
[INFO DRT-0028]   Complete M5.
[INFO DRT-0028]   Complete V5.
[INFO DRT-0028]   Complete M6.
[INFO DRT-0028]   Complete V6.
[INFO DRT-0028]   Complete M7.
[INFO DRT-0028]   Complete V7.
[INFO DRT-0028]   Complete M8.
[INFO DRT-0028]   Complete V8.
[INFO DRT-0028]   Complete M9.
[INFO DRT-0028]   Complete V9.
[INFO DRT-0028]   Complete Pad.
[INFO DRT-0178] Init guide query.
[INFO DRT-0035]   Complete Active (guide).
[INFO DRT-0035]   Complete V0 (guide).
[INFO DRT-0035]   Complete M1 (guide).
[INFO DRT-0035]   Complete V1 (guide).
[INFO DRT-0035]   Complete M2 (guide).
[INFO DRT-0035]   Complete V2 (guide).
[INFO DRT-0035]   Complete M3 (guide).
[INFO DRT-0035]   Complete V3 (guide).
[INFO DRT-0035]   Complete M4 (guide).
[INFO DRT-0035]   Complete V4 (guide).
[INFO DRT-0035]   Complete M5 (guide).
[INFO DRT-0035]   Complete V5 (guide).
[INFO DRT-0035]   Complete M6 (guide).
[INFO DRT-0035]   Complete V6 (guide).
[INFO DRT-0035]   Complete M7 (guide).
[INFO DRT-0035]   Complete V7 (guide).
[INFO DRT-0035]   Complete M8 (guide).
[INFO DRT-0035]   Complete V8 (guide).
[INFO DRT-0035]   Complete M9 (guide).
[INFO DRT-0035]   Complete V9 (guide).
[INFO DRT-0035]   Complete Pad (guide).
[INFO DRT-0036] Active guide region query size = 0.
[INFO DRT-0036] V0 guide region query size = 0.
[INFO DRT-0036] M1 guide region query size = 31358.
[INFO DRT-0036] V1 guide region query size = 0.
[INFO DRT-0036] M2 guide region query size = 28898.
[INFO DRT-0036] V2 guide region query size = 0.
[INFO DRT-0036] M3 guide region query size = 17150.
[INFO DRT-0036] V3 guide region query size = 0.
[INFO DRT-0036] M4 guide region query size = 4891.
[INFO DRT-0036] V4 guide region query size = 0.
[INFO DRT-0036] M5 guide region query size = 3698.
[INFO DRT-0036] V5 guide region query size = 0.
[INFO DRT-0036] M6 guide region query size = 2779.
[INFO DRT-0036] V6 guide region query size = 0.
[INFO DRT-0036] M7 guide region query size = 1278.
[INFO DRT-0036] V7 guide region query size = 0.
[INFO DRT-0036] M8 guide region query size = 0.
[INFO DRT-0036] V8 guide region query size = 0.
[INFO DRT-0036] M9 guide region query size = 0.
[INFO DRT-0036] V9 guide region query size = 0.
[INFO DRT-0036] Pad guide region query size = 0.
[INFO DRT-0179] Init gr pin query.
[INFO DRT-0267] cpu time = 00:00:00, elapsed time = 00:00:00, memory = 450.45 (MB), peak = 445.65 (MB)
[INFO DRT-0245] skipped writing guide updates to database.
[INFO DRT-0181] Start track assignment.
[INFO DRT-0184] Done with 53484 vertical wires in 3 frboxes and 36568 horizontal wires in 3 frboxes.
[INFO DRT-0186] Done with 7878 vertical wires in 3 frboxes and 10093 horizontal wires in 3 frboxes.
[INFO DRT-0182] Complete track assignment.
[INFO DRT-0267] cpu time = 00:00:05, elapsed time = 00:00:03, memory = 680.18 (MB), peak = 704.47 (MB)
[INFO DRT-0187] Start routing data preparation.
[INFO DRT-0267] cpu time = 00:00:00, elapsed time = 00:00:00, memory = 680.25 (MB), peak = 704.47 (MB)
[INFO DRT-0194] Start detail routing.
[INFO DRT-0195] Start 0th optimization iteration.
    Completing 10% with 0 violations.
    elapsed time = 00:00:00, memory = 1941.00 (MB).
    Completing 20% with 0 violations.
    elapsed time = 00:00:01, memory = 2199.95 (MB).
    Completing 30% with 836 violations.
    elapsed time = 00:00:05, memory = 1410.34 (MB).
    Completing 40% with 836 violations.
    elapsed time = 00:00:06, memory = 2719.22 (MB).
    Completing 50% with 836 violations.
    elapsed time = 00:00:09, memory = 1919.54 (MB).
    Completing 60% with 1765 violations.
    elapsed time = 00:00:12, memory = 2937.34 (MB).
    Completing 70% with 1765 violations.
    elapsed time = 00:00:13, memory = 2901.60 (MB).
    Completing 80% with 2534 violations.
    elapsed time = 00:00:18, memory = 3124.25 (MB).
    Completing 90% with 2534 violations.
    elapsed time = 00:00:20, memory = 3363.26 (MB).
    Completing 100% with 3371 violations.
    elapsed time = 00:00:27, memory = 1837.89 (MB).
[INFO DRT-0199]   Number of violations = 4264.
Viol/Layer          M1     M2     V2     M3     V3     M4     V4     M5     V5     M6     V6     M7
CutSpcTbl            0      0      0      0     28      0     16      0     20      0     14      0
EOL                  0    241      0     44      0     28      0      4      0      0      0      0
Metal Spacing      182    101      0    436      0     19      0     12      0      8      0      1
Recheck              0    326      0    254      0    151      0     95      0     57      0     10
Short                7    255      4     36      2     20      3     18      6     51      1      2
eolKeepOut           0   1542      0    136      0    107      0     24      0      3      0      0
[INFO DRT-0267] cpu time = 00:07:26, elapsed time = 00:00:28, memory = 2329.26 (MB), peak = 3443.44 (MB)
Total wire length = 59278 um.
Total wire length on LAYER M1 = 0 um.
Total wire length on LAYER M2 = 12275 um.
Total wire length on LAYER M3 = 21433 um.
Total wire length on LAYER M4 = 10939 um.
Total wire length on LAYER M5 = 5864 um.
Total wire length on LAYER M6 = 5058 um.
Total wire length on LAYER M7 = 3707 um.
Total wire length on LAYER M8 = 0 um.
Total wire length on LAYER M9 = 0 um.
Total wire length on LAYER Pad = 0 um.
Total number of vias = 125725.
Up-via summary (total 125725):

-----------------
 Active         0
     M1     35695
     M2     61086
     M3     18482
     M4      5479
     M5      2915
     M6      2068
     M7         0
     M8         0
     M9         0
-----------------
       125725


[INFO DRT-0195] Start 1st optimization iteration.
    Completing 10% with 4264 violations.
    elapsed time = 00:00:00, memory = 3727.10 (MB).
    Completing 20% with 4264 violations.
    elapsed time = 00:00:02, memory = 3784.32 (MB).
    Completing 30% with 3184 violations.
    elapsed time = 00:00:07, memory = 2438.89 (MB).
    Completing 40% with 3184 violations.
    elapsed time = 00:00:08, memory = 4067.95 (MB).
    Completing 50% with 3184 violations.
    elapsed time = 00:00:11, memory = 3023.62 (MB).
    Completing 60% with 2379 violations.
    elapsed time = 00:00:14, memory = 3825.23 (MB).
    Completing 70% with 2379 violations.
    elapsed time = 00:00:16, memory = 3810.66 (MB).
    Completing 80% with 1448 violations.
    elapsed time = 00:00:20, memory = 3872.27 (MB).
    Completing 90% with 1448 violations.
    elapsed time = 00:00:21, memory = 4100.39 (MB).
    Completing 100% with 783 violations.
    elapsed time = 00:00:26, memory = 2537.27 (MB).
[INFO DRT-0199]   Number of violations = 783.
Viol/Layer          M1     M2     V2     M3     V3     M4     V4     V5     M6     V6     M7
CutSpcTbl            0      0      0      0     10      0      5      3      0      6      0
EOL                  0     54      0      7      0      9      0      0      0      0      0
Metal Spacing       78     12      0    212      0      6      0      0      1      0      1
Short                1     41      1      3      0     10      0      0      0      0      0
eolKeepOut           0    255      0     30      0     38      0      0      0      0      0
[INFO DRT-0267] cpu time = 00:07:11, elapsed time = 00:00:26, memory = 2540.27 (MB), peak = 4224.45 (MB)
Total wire length = 58764 um.
Total wire length on LAYER M1 = 0 um.
Total wire length on LAYER M2 = 11871 um.
Total wire length on LAYER M3 = 21348 um.
Total wire length on LAYER M4 = 11081 um.
Total wire length on LAYER M5 = 5878 um.
Total wire length on LAYER M6 = 5050 um.
Total wire length on LAYER M7 = 3534 um.
Total wire length on LAYER M8 = 0 um.
Total wire length on LAYER M9 = 0 um.
Total wire length on LAYER Pad = 0 um.
Total number of vias = 119440.
Up-via summary (total 119440):

-----------------
 Active         0
     M1     35682
     M2     57442
     M3     16722
     M4      5223
     M5      2669
     M6      1702
     M7         0
     M8         0
     M9         0
-----------------
       119440


[INFO DRT-0195] Start 2nd optimization iteration.
    Completing 10% with 783 violations.
    elapsed time = 00:00:00, memory = 2540.27 (MB).
    Completing 20% with 783 violations.
    elapsed time = 00:00:02, memory = 3896.22 (MB).
    Completing 30% with 759 violations.
    elapsed time = 00:00:05, memory = 2545.90 (MB).
    Completing 40% with 759 violations.
    elapsed time = 00:00:06, memory = 4181.21 (MB).
    Completing 50% with 759 violations.
    elapsed time = 00:00:09, memory = 2994.72 (MB).
    Completing 60% with 767 violations.
    elapsed time = 00:00:12, memory = 2545.92 (MB).
    Completing 70% with 767 violations.
    elapsed time = 00:00:14, memory = 3824.69 (MB).
    Completing 80% with 756 violations.
    elapsed time = 00:00:17, memory = 2550.78 (MB).
    Completing 90% with 756 violations.
    elapsed time = 00:00:17, memory = 2631.61 (MB).
    Completing 100% with 754 violations.
    elapsed time = 00:00:23, memory = 2554.58 (MB).
[INFO DRT-0199]   Number of violations = 754.
Viol/Layer          M1     M2     V2     M3     V3     M4     V4     V6
CutSpcTbl            0      0      0      0      6      0      4      2
EOL                  0     62      0     10      0      5      0      0
Metal Spacing       73     18      0    193      0      1      0      0
Short                0     38      1      2      0      6      0      0
eolKeepOut           0    288      0     30      0     15      0      0
[INFO DRT-0267] cpu time = 00:05:54, elapsed time = 00:00:23, memory = 2560.58 (MB), peak = 4242.80 (MB)
Total wire length = 58627 um.
Total wire length on LAYER M1 = 0 um.
Total wire length on LAYER M2 = 11833 um.
Total wire length on LAYER M3 = 21376 um.
Total wire length on LAYER M4 = 11029 um.
Total wire length on LAYER M5 = 5856 um.
Total wire length on LAYER M6 = 5049 um.
Total wire length on LAYER M7 = 3482 um.
Total wire length on LAYER M8 = 0 um.
Total wire length on LAYER M9 = 0 um.
Total wire length on LAYER Pad = 0 um.
Total number of vias = 117938.
Up-via summary (total 117938):

-----------------
 Active         0
     M1     35682
     M2     56416
     M3     16380
     M4      5197
     M5      2608
     M6      1655
     M7         0
     M8         0
     M9         0
-----------------
       117938


[INFO DRT-0195] Start 3rd optimization iteration.
    Completing 10% with 754 violations.
    elapsed time = 00:00:00, memory = 2560.58 (MB).
    Completing 20% with 754 violations.
    elapsed time = 00:00:01, memory = 3914.48 (MB).
    Completing 30% with 542 violations.
    elapsed time = 00:00:04, memory = 2562.71 (MB).
    Completing 40% with 542 violations.
    elapsed time = 00:00:04, memory = 2575.66 (MB).
    Completing 50% with 542 violations.
    elapsed time = 00:00:05, memory = 3099.76 (MB).
    Completing 60% with 378 violations.
    elapsed time = 00:00:06, memory = 2562.71 (MB).
    Completing 70% with 378 violations.
    elapsed time = 00:00:07, memory = 3861.88 (MB).
    Completing 80% with 186 violations.
    elapsed time = 00:00:11, memory = 2562.71 (MB).
    Completing 90% with 186 violations.
    elapsed time = 00:00:11, memory = 2562.71 (MB).
    Completing 100% with 19 violations.
    elapsed time = 00:00:15, memory = 2562.71 (MB).
[INFO DRT-0199]   Number of violations = 19.
Viol/Layer          M2     M3     M4
EOL                  1      0      0
Metal Spacing        0      9      0
Short                4      1      1
eolKeepOut           3      0      0
[INFO DRT-0267] cpu time = 00:02:52, elapsed time = 00:00:15, memory = 2562.71 (MB), peak = 4242.80 (MB)
Total wire length = 58662 um.
Total wire length on LAYER M1 = 0 um.
Total wire length on LAYER M2 = 11494 um.
Total wire length on LAYER M3 = 21236 um.
Total wire length on LAYER M4 = 11381 um.
Total wire length on LAYER M5 = 6043 um.
Total wire length on LAYER M6 = 5055 um.
Total wire length on LAYER M7 = 3451 um.
Total wire length on LAYER M8 = 0 um.
Total wire length on LAYER M9 = 0 um.
Total wire length on LAYER Pad = 0 um.
Total number of vias = 117891.
Up-via summary (total 117891):

-----------------
 Active         0
     M1     35682
     M2     55582
     M3     16934
     M4      5438
     M5      2627
     M6      1628
     M7         0
     M8         0
     M9         0
-----------------
       117891


[INFO DRT-0195] Start 4th guides tiles iteration.
    Completing 10% with 19 violations.
    elapsed time = 00:00:00, memory = 2807.76 (MB).
    Completing 20% with 19 violations.
    elapsed time = 00:00:00, memory = 2728.82 (MB).
    Completing 30% with 19 violations.
    elapsed time = 00:00:00, memory = 2615.67 (MB).
    Completing 40% with 5 violations.
    elapsed time = 00:00:01, memory = 2562.71 (MB).
    Completing 50% with 5 violations.
    elapsed time = 00:00:01, memory = 2562.71 (MB).
    Completing 60% with 5 violations.
    elapsed time = 00:00:01, memory = 2562.71 (MB).
    Completing 70% with 3 violations.
    elapsed time = 00:00:01, memory = 2562.71 (MB).
    Completing 80% with 1 violations.
    elapsed time = 00:00:02, memory = 2562.71 (MB).
    Completing 90% with 0 violations.
    elapsed time = 00:00:02, memory = 2562.71 (MB).
    Completing 100% with 0 violations.
    elapsed time = 00:00:02, memory = 2562.71 (MB).
[INFO DRT-0199]   Number of violations = 0.
[INFO DRT-0267] cpu time = 00:00:09, elapsed time = 00:00:02, memory = 2562.71 (MB), peak = 4242.80 (MB)
Total wire length = 58662 um.
Total wire length on LAYER M1 = 0 um.
Total wire length on LAYER M2 = 11490 um.
Total wire length on LAYER M3 = 21231 um.
Total wire length on LAYER M4 = 11374 um.
Total wire length on LAYER M5 = 6048 um.
Total wire length on LAYER M6 = 5066 um.
Total wire length on LAYER M7 = 3451 um.
Total wire length on LAYER M8 = 0 um.
Total wire length on LAYER M9 = 0 um.
Total wire length on LAYER Pad = 0 um.
Total number of vias = 117876.
Up-via summary (total 117876):

-----------------
 Active         0
     M1     35682
     M2     55554
     M3     16930
     M4      5451
     M5      2631
     M6      1628
     M7         0
     M8         0
     M9         0
-----------------
       117876


[INFO DRT-0198] Complete detail routing.
Total wire length = 58662 um.
Total wire length on LAYER M1 = 0 um.
Total wire length on LAYER M2 = 11490 um.
Total wire length on LAYER M3 = 21231 um.
Total wire length on LAYER M4 = 11374 um.
Total wire length on LAYER M5 = 6048 um.
Total wire length on LAYER M6 = 5066 um.
Total wire length on LAYER M7 = 3451 um.
Total wire length on LAYER M8 = 0 um.
Total wire length on LAYER M9 = 0 um.
Total wire length on LAYER Pad = 0 um.
Total number of vias = 117876.
Up-via summary (total 117876):

-----------------
 Active         0
     M1     35682
     M2     55554
     M3     16930
     M4      5451
     M5      2631
     M6      1628
     M7         0
     M8         0
     M9         0
-----------------
       117876


[INFO DRT-0267] cpu time = 00:23:33, elapsed time = 00:01:37, memory = 2562.84 (MB), peak = 4242.80 (MB)

[INFO DRT-0180] Post processing.
[INFO DRT-0501] Runtime: 109.06s
Took 109 seconds: detailed_route -output_drc /tmp/workspace/scripts-Private_test-fr_cugr_cmp-1-/reports/asap7/riscv32i-mock-sram/base/5_route_drc.rpt -output_maze /tmp/workspace/scripts-Private_test-fr_cugr_cmp-1-/results/asap7/riscv32i-mock-sram/base/maze.log -droute_end_iter 64 -verbose 1 -drc_report_iter_step 5
[WARNING GRT-0246] No diode with LEF class CORE ANTENNACELL found.
[INFO ANT-0002] Found 0 net violations.
[INFO ANT-0001] Found 0 pin violations.
[INFO ANT-0002] Found 0 net violations.
[INFO ANT-0001] Found 0 pin violations.
Design area 2052 um^2 67% utilization.
write_db /tmp/workspace/scripts-Private_test-fr_cugr_cmp-1-/results/asap7/riscv32i-mock-sram/base/5_2_route.odb
Elapsed time: 1:52.53[h:]min:sec. CPU time: user 1639.29 sys 19.09 (1473%). Peak memory: 4344628KB.
Log                       Ext     Elapsed/s Peak Memory/MB sha1sum result [0:20)
5_2_route                 .odb          112           4242 31cac35785389b7edf85
