OpenROAD 26Q3-1464-gb22abfea20 
Features included (+) or not (-): +GPU +GUI +Python
This program is licensed under the BSD-3 license. See the LICENSE file for details.
Components of this program may be licensed under more restrictive licenses which must be honored.
[INFO ORD-0030] Using 30 thread(s).
read_liberty ./platforms/sky130hs/lib/sky130_fd_sc_hs__tt_025C_1v80.lib
read_db -hier /tmp/workspace/scripts-Private_test-fr_cugr_cmp-1-/results/sky130hs/jpeg/base/6_1_fill.odb
[WARNING ORD-0012] Hierarchical flow (-hier) is currently in development and may cause multiple issues. Do not use in production environments.
read_sdc /tmp/workspace/scripts-Private_test-fr_cugr_cmp-1-/results/sky130hs/jpeg/base/6_1_fill.sdc
source ./platforms/sky130hs/setRC.tcl
[WARNING STA-0450] virtual clock vclk_clk can not be propagated.
write_db /tmp/workspace/scripts-Private_test-fr_cugr_cmp-1-/results/sky130hs/jpeg/base/6_final.odb
write_sdc -no_timestamp /tmp/workspace/scripts-Private_test-fr_cugr_cmp-1-/results/sky130hs/jpeg/base/6_final.sdc
Deleted 0 routing obstructions
[INFO RCX-0431] Defined process_corner X with ext_model_index 0
[INFO RCX-0029] Defined extraction corner X
[WARNING RCX-0514] The ext_model_file option is deprecated. Use set_extraction_rules_file command instead.
[INFO RCX-0435] Reading extraction model file ./platforms/sky130hs/rcx_patterns.rules ...
[INFO RCX-0436] RC segment generation jpeg_encoder (max_merge_res 50.0) ...
[INFO RCX-0040] Final 145133 rc segments
[INFO RCX-0439] Coupling Cap extraction jpeg_encoder ...
[INFO RCX-0440] Coupling threshhold is 0.1000 fF, coupling capacitance less than 0.1000 fF will be grounded.
[INFO RCX-0442] 23% of 277602 wires extracted
[INFO RCX-0442] 55% of 277602 wires extracted
[INFO RCX-0442] 73% of 277602 wires extracted
[INFO RCX-0442] 100% of 277602 wires extracted
[INFO RCX-0045] Extract 46159 nets, 191211 rsegs, 191211 caps, 308952 ccs
[INFO RCX-0443] 46159 nets finished
[INFO PSM-0040] All shapes on net VDD are connected.
########## IR report #################
Net              : VDD
Corner           : default
Total power      : 1.72e+00 W
Supply voltage   : 1.80e+00 V
Worstcase voltage: 1.80e+00 V
Average voltage  : 1.80e+00 V
Average IR drop  : 3.91e-04 V
Worstcase IR drop: 3.67e-03 V
Percentage drop  : 0.20 %
######################################
[INFO PSM-0040] All shapes on net VSS are connected.
########## IR report #################
Net              : VSS
Corner           : default
Total power      : 1.72e+00 W
Supply voltage   : 0.00e+00 V
Worstcase voltage: 4.85e-03 V
Average voltage  : 3.87e-04 V
Average IR drop  : 3.87e-04 V
Worstcase IR drop: 4.85e-03 V
Percentage drop  : 0.27 %
######################################
Cell type report:                        Count         Area
  Fill cell                              74585    531961.91
  Tap cell                               13153     21023.76
  Antenna cell                              75       239.76
  Clock buffer                             855     27204.77
  Timing Repair Buffer                    1270     12195.79
  Inverter                                 721      3473.32
  Clock inverter                           604      9419.37
  Sequential cell                         4513    194464.54
  Multi-Input combinational cell         29044    416878.70
  Total                                 124820   1216861.92
Report metrics stage 6, finish...

==========================================================================
finish report_design_area
--------------------------------------------------------------------------
Design area 684900 um^2 56% utilization.
[WARNING GUI-0076] QStandardPaths: XDG_RUNTIME_DIR not set, defaulting to '/tmp/runtime-root'
Elapsed time: 0:47.30[h:]min:sec. CPU time: user 60.20 sys 27.23 (184%). Peak memory: 1244908KB.
Log                       Ext     Elapsed/s Peak Memory/MB sha1sum result [0:20)
6_report                                 47           1215                  N/A
