OpenROAD 26Q3-1464-gb22abfea20 
Features included (+) or not (-): +GPU +GUI +Python
This program is licensed under the BSD-3 license. See the LICENSE file for details.
Components of this program may be licensed under more restrictive licenses which must be honored.
[INFO ORD-0030] Using 30 thread(s).
source ./platforms/asap7/liberty_suppressions.tcl
read_liberty ./platforms/asap7/lib/NLDM/asap7sc7p5t_AO_RVT_FF_nldm_211120.lib.gz
read_liberty ./platforms/asap7/lib/NLDM/asap7sc7p5t_INVBUF_RVT_FF_nldm_220122.lib.gz
read_liberty ./platforms/asap7/lib/NLDM/asap7sc7p5t_OA_RVT_FF_nldm_211120.lib.gz
read_liberty ./platforms/asap7/lib/NLDM/asap7sc7p5t_SIMPLE_RVT_FF_nldm_211120.lib.gz
read_liberty ./platforms/asap7/lib/NLDM/asap7sc7p5t_SEQ_RVT_FF_nldm_220123.lib
read_liberty ./platforms/asap7/lib/NLDM/asap7sc7p5t_DFFHQNH2V2X_RVT_FF_nldm_FAKE.lib
read_liberty ./platforms/asap7/lib/NLDM/asap7sc7p5t_DFFHQNV2X_RVT_FF_nldm_FAKE.lib
read_db /tmp/workspace/scripts-Private_test-fr_cugr_cmp-1-/results/asap7/aes-mbff/base/4_cts.odb
read_sdc /tmp/workspace/scripts-Private_test-fr_cugr_cmp-1-/results/asap7/aes-mbff/base/4_cts.sdc
source ./platforms/asap7/setRC.tcl
pin_access
[INFO DRT-0149] Reading tech and libs.

Units:                1000
Number of layers:     21
Number of macros:     230
Number of vias:       14
Number of viarulegen: 11

[INFO DRT-0150] Reading design.

Design:                   aes_cipher_top
Die area:                 ( 0 0 ) ( 66230 66230 )
Number of track patterns: 32
Number of DEF vias:       0
Number of components:     15637
Number of terminals:      390
Number of snets:          2
Number of nets:           15220

[INFO DRT-0167] List of default vias:
  Layer V2
    default via: VIA23
  Layer V3
    default via: VIA34
  Layer V4
    default via: VIA45
  Layer V5
    default via: VIA56
  Layer V6
    default via: VIA67
  Layer V7
    default via: VIA78
  Layer V8
    default via: VIA89
  Layer V9
    default via: VIA9Pad
[INFO DRT-0162] Library cell analysis.
[INFO DRT-0163] Instance analysis.
[INFO DRT-0164] Number of unique instances = 186.
[INFO DRT-0168] Init region query.
[INFO DRT-0024]   Complete Active.
[INFO DRT-0024]   Complete V0.
[INFO DRT-0024]   Complete M1.
[INFO DRT-0024]   Complete V1.
[INFO DRT-0024]   Complete M2.
[INFO DRT-0024]   Complete V2.
[INFO DRT-0024]   Complete M3.
[INFO DRT-0024]   Complete V3.
[INFO DRT-0024]   Complete M4.
[INFO DRT-0024]   Complete V4.
[INFO DRT-0024]   Complete M5.
[INFO DRT-0024]   Complete V5.
[INFO DRT-0024]   Complete M6.
[INFO DRT-0024]   Complete V6.
[INFO DRT-0024]   Complete M7.
[INFO DRT-0024]   Complete V7.
[INFO DRT-0024]   Complete M8.
[INFO DRT-0024]   Complete V8.
[INFO DRT-0024]   Complete M9.
[INFO DRT-0024]   Complete V9.
[INFO DRT-0024]   Complete Pad.
[INFO DRT-0033] Active shape region query size = 0.
[INFO DRT-0033] V0 shape region query size = 0.
[INFO DRT-0033] M1 shape region query size = 226490.
[INFO DRT-0033] V1 shape region query size = 402202.
[INFO DRT-0033] M2 shape region query size = 5008.
[INFO DRT-0033] V2 shape region query size = 8334.
[INFO DRT-0033] M3 shape region query size = 8307.
[INFO DRT-0033] V3 shape region query size = 5520.
[INFO DRT-0033] M4 shape region query size = 5736.
[INFO DRT-0033] V4 shape region query size = 5520.
[INFO DRT-0033] M5 shape region query size = 3244.
[INFO DRT-0033] V5 shape region query size = 576.
[INFO DRT-0033] M6 shape region query size = 336.
[INFO DRT-0033] V6 shape region query size = 0.
[INFO DRT-0033] M7 shape region query size = 0.
[INFO DRT-0033] V7 shape region query size = 0.
[INFO DRT-0033] M8 shape region query size = 0.
[INFO DRT-0033] V8 shape region query size = 0.
[INFO DRT-0033] M9 shape region query size = 0.
[INFO DRT-0033] V9 shape region query size = 0.
[INFO DRT-0033] Pad shape region query size = 0.
[INFO DRT-0165] Start pin access.
[INFO DRT-0076]   Complete 1000 pins.
[INFO DRT-0078]   Complete 1047 pins.
[INFO DRT-0079]   Complete 100 unique inst patterns.
[INFO DRT-0081]   Complete 186 unique inst patterns.
[INFO DRT-0082]   Complete 10000 groups.
[INFO DRT-0084]   Complete 11509 groups.
#scanned instances     = 15637
#unique  instances     = 186
#stdCellGenAp          = 5899
#stdCellValidPlanarAp  = 36
#stdCellValidViaAp     = 4331
#stdCellPinNoAp        = 0
#stdCellPinCnt         = 48606
#instTermValidViaApCnt = 0
#macroGenAp            = 0
#macroValidPlanarAp    = 0
#macroValidViaAp       = 0
#macroNoAp             = 0
[INFO DRT-0166] Complete pin access.
[INFO DRT-0267] cpu time = 00:02:58, elapsed time = 00:00:12, memory = 282.09 (MB), peak = 277.97 (MB)
Took 13 seconds: pin_access
global_route -congestion_report_file /tmp/workspace/scripts-Private_test-fr_cugr_cmp-1-/reports/asap7/aes-mbff/base/congestion.rpt -congestion_iterations 30 -congestion_report_iter_step 5 -verbose -resistance_aware
[INFO GRT-0020] Min routing layer: M2
[INFO GRT-0021] Max routing layer: M7
[INFO GRT-0022] Global adjustment: 0%
[INFO GRT-0023] Grid origin: (0, 0)
[INFO GRT-0088] Layer M1      Track-Pitch = 0.0360  line-2-Via Pitch: 0.0360
[INFO GRT-0088] Layer M2      Track-Pitch = 0.0390  line-2-Via Pitch: 0.0360
[INFO GRT-0088] Layer M3      Track-Pitch = 0.0360  line-2-Via Pitch: 0.0360
[INFO GRT-0088] Layer M4      Track-Pitch = 0.0480  line-2-Via Pitch: 0.0480
[INFO GRT-0088] Layer M5      Track-Pitch = 0.0480  line-2-Via Pitch: 0.0480
[INFO GRT-0088] Layer M6      Track-Pitch = 0.0640  line-2-Via Pitch: 0.0640
[INFO GRT-0088] Layer M7      Track-Pitch = 0.0640  line-2-Via Pitch: 0.0640
[INFO GRT-0003] Macros: 0
[INFO GRT-0004] Blockages: 1686
[INFO GRT-0019] Found 38 clock nets.
[INFO GRT-0001] Minimum degree: 2
[INFO GRT-0002] Maximum degree: 76

[INFO GRT-0053] Routing resources analysis:
          Routing      Original      Derated      Resource
Layer     Direction    Resources     Resources    Reduction (%)
---------------------------------------------------------------
M1         Vertical            0             0          0.00%
M2         Horizontal     179491        127522          28.95%
M3         Vertical       204375        151984          25.63%
M4         Horizontal     156672        116537          25.62%
M5         Vertical       151606        112553          25.76%
M6         Horizontal     105836         71877          32.09%
M7         Vertical       119025         80270          32.56%
---------------------------------------------------------------

[INFO GRT-0197] Via related to pin nodes: 103490
[INFO GRT-0198] Via related Steiner nodes: 3287
[INFO GRT-0199] Via filling finished.
[INFO GRT-0111] Final number of vias: 136637
[INFO GRT-0112] Final usage 3D: 513628

[INFO GRT-0096] Final congestion report:
Layer         Resource        Demand        Usage (%)    Max H / Max V / Total Congestion
---------------------------------------------------------------------------------------
M1                   0             0            0.00%             0 /  0 /  0
M2              127522         37538           29.44%             0 /  0 /  0
M3              151984         42564           28.01%             0 /  0 /  0
M4              116537          8647            7.42%             0 /  0 /  0
M5              112553          5346            4.75%             0 /  0 /  0
M6               71877          5217            7.26%             0 /  0 /  0
M7               80270          4405            5.49%             0 /  0 /  0
---------------------------------------------------------------------------------------
Total           660743        103717           15.70%             0 /  0 /  0

[INFO GRT-0018] Total wirelength: 82766 um
[INFO GRT-0014] Routed nets: 15220
[INFO GRT-0303] Global routing runtime = 00:00:06
Took 6 seconds: global_route -congestion_report_file /tmp/workspace/scripts-Private_test-fr_cugr_cmp-1-/reports/asap7/aes-mbff/base/congestion.rpt -congestion_iterations 30 -congestion_report_iter_step 5 -verbose -resistance_aware
[WARNING STA-0450] virtual clock vclk_clk can not be propagated.
estimate_parasitics -global_routing
Perform buffer insertion and gate resizing...
repair_design -verbose
Iteration |   Area    | Resized | Buffers | Nets repaired | Remaining
---------------------------------------------------------------------
        0 |     +0.0% |       0 |       0 |             0 |     15250
     1000 |     +0.0% |       0 |       0 |             0 |     14250
     2000 |     +0.0% |       0 |       0 |             0 |     13250
     3000 |     +0.0% |       0 |       0 |             0 |     12250
     4000 |     +0.0% |       0 |       0 |             0 |     11250
     5000 |     +0.0% |       0 |       0 |             0 |     10250
     6000 |     +0.0% |       0 |       0 |             0 |      9250
     7000 |     +0.0% |       0 |       0 |             0 |      8250
     8000 |     +0.0% |       0 |       0 |             0 |      7250
     9000 |     +0.0% |       0 |       0 |             0 |      6250
    10000 |     +0.0% |       0 |       0 |             0 |      5250
    11000 |     +0.0% |       0 |       0 |             0 |      4250
    12000 |     +0.0% |       0 |       0 |             0 |      3250
    13000 |     +0.0% |       0 |       0 |             0 |      2250
    14000 |     +0.0% |       0 |       0 |             0 |      1250
    15000 |     +0.0% |       0 |       0 |             0 |       250
    final |     +0.0% |       0 |       0 |             0 |         0
---------------------------------------------------------------------
[INFO RSZ-0504] Runtime: 1.18s
global_route -start_incremental
detailed_placement
[INFO DPL-0006] Core area: 3842.98 um^2
[INFO DPL-0007] Movable instances area: 1633.94 um^2
[INFO DPL-0008] Fixed instances area within core: 20.09 um^2
[INFO DPL-0009] Utilization: 43.0%
[INFO DPL-0005] Diamond search max displacement: +/- 500 sites horizontally, +/- 100 rows vertically.
[INFO DPL-1102] Legalizing using negotiation legalizer.
[INFO DPL-1103] Negotiation base search window: +/-20 sites horizontally, +/-5 rows vertically 
	Automatic search window extension enabled.
	Search window extendable up to the max displacement cap of +/-500 sites, +/-100 rows near walls.
[INFO DPL-1104] NegotiationLegalizer DRC penalty: 5.
[INFO DPL-0392] Negotiation cell height distribution (2 unique row-count(s)):
[INFO DPL-0393]   height 1 row(s): 15610 cells
[INFO DPL-0393]   height 2 row(s): 27 cells
[INFO DPL-0500] Runtime: 0.07s
Placement Analysis
---------------------------------
total displacement          0.0 u
average displacement        0.0 u
max displacement            0.0 u
original HPWL           51113.7 u
legalized HPWL          51113.7 u
delta HPWL                    0 %

global_route -end_incremental -resistance_aware -congestion_report_file /tmp/workspace/scripts-Private_test-fr_cugr_cmp-1-/reports/asap7/aes-mbff/base/congestion_post_repair_design.rpt
Repair setup and hold violations...
estimate_parasitics -global_routing
repair_timing -setup_margin 0 -hold_margin 0 -repair_tns 100 -verbose
[INFO RSZ-0100] Repair move sequence: UnbufferMove SizeUpMove SwapPinsMove BufferMove CloneMove SplitLoadMove 
[INFO RSZ-0094] Found 105 endpoints with setup violations.
[INFO RSZ-0099] Repairing 105 out of 105 (100.00%) violating endpoints...
   Iter   | Removed | Resized | Inserted | Cloned |  Pin  |   Area   |    WNS   |   StTNS    |   EnTNS    |  Viol  |  Worst  
          | Buffers |  Gates  | Buffers  |  Gates | Swaps |          |          |            |            | Endpts | St/EnPt 
------------------------------------------------------------------------------------------------------------------------------
       0* |       0 |       0 |        0 |      0 |     0 |    +0.0% |  -18.186 |     -468.9 |     -664.3 |    105 | u0.u3.d\[2\]$_DFF_P_/D
      10* |       0 |       7 |        1 |      0 |     1 |    +0.0% |  -12.840 |     -359.6 |     -535.7 |    105 | sa13_sr\[5\]$_DFF_P_/D
      20* |       0 |      12 |       14 |      0 |     3 |    +0.1% |  -10.436 |     -269.4 |     -454.0 |    105 | u0.u3.d\[2\]$_DFF_P_/D
      30* |       0 |      18 |       17 |      0 |     4 |    +0.1% |   -8.823 |     -233.5 |     -373.8 |    105 | sa00_sr\[3\]$_DFF_P_/D
      37* |       0 |      24 |       17 |      0 |     5 |    +0.2% |   -7.889 |     -207.4 |     -338.7 |    105 | sa33_sr\[2\]$_DFF_P_/D
      40* |       0 |      24 |       18 |      0 |     6 |    +0.2% |   -7.882 |     -206.4 |     -334.7 |    105 | u0.u3.d\[2\]$_DFF_P_/D
      50* |       0 |      29 |       22 |      0 |     8 |    +0.2% |   -7.882 |     -180.0 |     -312.3 |    105 | u0.u3.d\[2\]$_DFF_P_/D
      51* |       0 |      29 |       24 |      0 |     8 |    +0.2% |   -7.882 |     -177.9 |     -312.1 |    105 | u0.u3.d\[2\]$_DFF_P_/D
      53* |       0 |      29 |       24 |      0 |     8 |    +0.2% |   -7.882 |     -177.9 |     -312.1 |    105 | u0.u3.d\[2\]$_DFF_P_/D
      60* |       0 |      33 |       25 |      0 |     9 |    +0.2% |   -8.535 |     -154.9 |     -309.5 |    105 | sa23_sr\[0\]$_DFF_P_/D
      61* |       0 |      32 |       25 |      0 |     9 |    +0.2% |   -7.882 |     -154.6 |     -306.7 |    105 | u0.u3.d\[2\]$_DFF_P_/D
      63* |       0 |      33 |       25 |      0 |     9 |    +0.2% |   -7.882 |     -153.1 |     -305.2 |    105 | u0.u3.d\[2\]$_DFF_P_/D
      70* |       0 |      35 |       29 |      0 |    11 |    +0.3% |   -8.471 |     -146.5 |     -295.6 |    105 | sa13_sr\[5\]$_DFF_P_/D
      71* |       0 |      34 |       25 |      0 |    10 |    +0.2% |   -7.882 |     -147.3 |     -300.7 |    105 | u0.u3.d\[2\]$_DFF_P_/D
      73* |       0 |      35 |       25 |      0 |    10 |    +0.2% |   -7.882 |     -147.3 |     -299.5 |    105 | u0.u3.d\[2\]$_DFF_P_/D
      75* |       0 |      36 |       25 |      0 |    10 |    +0.2% |   -7.882 |     -147.3 |     -299.8 |    105 | u0.u3.d\[2\]$_DFF_P_/D
      79* |       0 |      39 |       25 |      0 |    10 |    +0.2% |   -7.882 |     -147.5 |     -283.9 |    105 | u0.u3.d\[2\]$_DFF_P_/D
      80* |       0 |      39 |       25 |      0 |    10 |    +0.2% |   -7.882 |     -147.5 |     -283.9 |    105 | u0.u3.d\[2\]$_DFF_P_/D
      80* |       0 |      39 |       25 |      0 |    10 |    +0.2% |   -7.882 |     -147.5 |     -283.9 |    105 | u0.u3.d\[2\]$_DFF_P_/D
      90* |       0 |      42 |       31 |      0 |    13 |    +0.3% |   -7.882 |     -149.2 |     -258.8 |    105 | u0.u3.d\[2\]$_DFF_P_/D
      94* |       0 |      44 |       33 |      1 |    13 |    +0.3% |   -7.882 |     -142.9 |     -241.0 |    105 | u0.u3.d\[2\]$_DFF_P_/D
      97* |       0 |      45 |       33 |      1 |    14 |    +0.3% |   -7.882 |     -142.9 |     -240.4 |    105 | u0.u3.d\[2\]$_DFF_P_/D
     100* |       0 |      46 |       35 |      1 |    14 |    +0.3% |   -7.882 |     -140.4 |     -232.5 |    105 | u0.u3.d\[2\]$_DFF_P_/D
     100* |       0 |      46 |       35 |      1 |    14 |    +0.3% |   -7.882 |     -140.4 |     -232.5 |    105 | u0.u3.d\[2\]$_DFF_P_/D
     102* |       0 |      47 |       35 |      1 |    14 |    +0.3% |   -7.882 |     -136.7 |     -228.9 |    105 | u0.u3.d\[2\]$_DFF_P_/D
     106* |       0 |      48 |       41 |      1 |    15 |    +0.4% |   -7.882 |     -128.1 |     -207.1 |    105 | u0.u3.d\[2\]$_DFF_P_/D
     108* |       0 |      48 |       41 |      1 |    16 |    +0.4% |   -7.882 |     -127.8 |     -205.5 |    105 | u0.u3.d\[2\]$_DFF_P_/D
     110* |       0 |      49 |       41 |      1 |    16 |    +0.4% |   -7.882 |     -127.3 |     -204.7 |    105 | u0.u3.d\[2\]$_DFF_P_/D
     110* |       0 |      49 |       41 |      1 |    16 |    +0.4% |   -7.882 |     -127.3 |     -204.7 |    105 | u0.u3.d\[2\]$_DFF_P_/D
     113* |       0 |      51 |       41 |      1 |    16 |    +0.4% |   -7.882 |     -123.6 |     -196.5 |    105 | u0.u3.d\[2\]$_DFF_P_/D
     114* |       0 |      51 |       41 |      1 |    16 |    +0.4% |   -7.882 |     -123.6 |     -196.5 |    105 | u0.u3.d\[2\]$_DFF_P_/D
     117* |       0 |      53 |       41 |      1 |    16 |    +0.4% |   -7.882 |     -113.6 |     -178.2 |    105 | u0.u3.d\[2\]$_DFF_P_/D
     120* |       0 |      55 |       41 |      1 |    16 |    +0.4% |   -7.882 |     -112.4 |     -177.0 |    105 | u0.u3.d\[2\]$_DFF_P_/D
     120* |       0 |      55 |       41 |      1 |    16 |    +0.4% |   -7.882 |     -112.4 |     -177.0 |    105 | u0.u3.d\[2\]$_DFF_P_/D
     121* |       0 |      55 |       41 |      1 |    16 |    +0.4% |   -7.882 |     -112.4 |     -177.0 |    105 | u0.u3.d\[2\]$_DFF_P_/D
     122* |       0 |      55 |       41 |      1 |    16 |    +0.4% |   -7.882 |     -112.4 |     -177.0 |    105 | u0.u3.d\[2\]$_DFF_P_/D
     123* |       0 |      55 |       41 |      1 |    16 |    +0.4% |   -7.882 |     -112.4 |     -177.0 |    105 | u0.u3.d\[2\]$_DFF_P_/D
     127* |       0 |      58 |       41 |      1 |    16 |    +0.4% |   -7.882 |     -100.4 |     -157.0 |    105 | u0.u3.d\[2\]$_DFF_P_/D
     130* |       0 |      59 |       41 |      1 |    17 |    +0.4% |   -7.882 |     -100.7 |     -158.0 |    105 | u0.u3.d\[2\]$_DFF_P_/D
     137* |       0 |      63 |       45 |      1 |    18 |    +0.4% |   -7.882 |      -82.6 |     -150.8 |    105 | u0.u3.d\[2\]$_DFF_P_/D
     138* |       0 |      63 |       45 |      1 |    18 |    +0.4% |   -7.882 |      -82.6 |     -150.8 |    105 | u0.u3.d\[2\]$_DFF_P_/D
     139* |       0 |      63 |       45 |      1 |    18 |    +0.4% |   -7.882 |      -82.6 |     -150.8 |    105 | u0.u3.d\[2\]$_DFF_P_/D
     140* |       0 |      63 |       45 |      1 |    18 |    +0.4% |   -7.882 |      -82.6 |     -150.8 |    105 | u0.u3.d\[2\]$_DFF_P_/D
     143* |       0 |      66 |       45 |      1 |    18 |    +0.4% |   -7.882 |      -71.5 |     -135.6 |    105 | u0.u3.d\[2\]$_DFF_P_/D
     144* |       0 |      66 |       45 |      1 |    18 |    +0.4% |   -7.882 |      -71.5 |     -135.6 |    105 | u0.u3.d\[2\]$_DFF_P_/D
     150* |       0 |      67 |       53 |      1 |    20 |    +0.5% |   -7.882 |      -68.1 |     -105.9 |    105 | u0.u3.d\[2\]$_DFF_P_/D
     150* |       0 |      67 |       53 |      1 |    20 |    +0.5% |   -7.882 |      -68.1 |     -105.9 |    105 | u0.u3.d\[2\]$_DFF_P_/D
     152* |       0 |      67 |       54 |      1 |    20 |    +0.5% |   -7.882 |      -64.3 |      -99.9 |    105 | u0.u3.d\[2\]$_DFF_P_/D
     155* |       0 |      67 |       56 |      1 |    21 |    +0.5% |   -7.882 |      -63.6 |      -99.2 |    105 | u0.u3.d\[2\]$_DFF_P_/D
     156* |       0 |      67 |       56 |      1 |    21 |    +0.5% |   -7.882 |      -63.6 |      -99.2 |    105 | u0.u3.d\[2\]$_DFF_P_/D
     157* |       0 |      67 |       56 |      1 |    21 |    +0.5% |   -7.882 |      -63.6 |      -99.2 |    105 | u0.u3.d\[2\]$_DFF_P_/D
     159* |       0 |      68 |       56 |      1 |    21 |    +0.5% |   -7.882 |      -63.6 |      -94.7 |    105 | u0.u3.d\[2\]$_DFF_P_/D
     160* |       0 |      68 |       56 |      1 |    21 |    +0.5% |   -7.882 |      -63.6 |      -94.7 |    105 | u0.u3.d\[2\]$_DFF_P_/D
     160* |       0 |      68 |       56 |      1 |    21 |    +0.5% |   -7.882 |      -63.6 |      -94.7 |    105 | u0.u3.d\[2\]$_DFF_P_/D
     162* |       0 |      69 |       56 |      1 |    21 |    +0.5% |   -7.882 |      -63.2 |      -92.7 |    105 | u0.u3.d\[2\]$_DFF_P_/D
     168* |       0 |      71 |       58 |      1 |    22 |    +0.5% |   -7.882 |      -62.3 |      -87.6 |    105 | u0.u3.d\[2\]$_DFF_P_/D
     170* |       0 |      72 |       58 |      1 |    22 |    +0.5% |   -7.882 |      -57.3 |      -81.1 |    105 | u0.u3.d\[2\]$_DFF_P_/D
     170* |       0 |      72 |       58 |      1 |    22 |    +0.5% |   -7.882 |      -57.3 |      -81.1 |    105 | u0.u3.d\[2\]$_DFF_P_/D
     171* |       0 |      72 |       58 |      1 |    22 |    +0.5% |   -7.882 |      -57.3 |      -81.1 |    105 | u0.u3.d\[2\]$_DFF_P_/D
     175* |       0 |      72 |       58 |      1 |    22 |    +0.5% |   -7.882 |      -57.3 |      -81.1 |    105 | u0.u3.d\[2\]$_DFF_P_/D
     179* |       0 |      73 |       64 |      1 |    23 |    +0.6% |   -7.882 |      -54.4 |      -76.0 |    105 | u0.u3.d\[2\]$_DFF_P_/D
     180* |       0 |      73 |       64 |      1 |    23 |    +0.6% |   -7.882 |      -54.4 |      -76.0 |    105 | u0.u3.d\[2\]$_DFF_P_/D
     180* |       0 |      73 |       64 |      1 |    23 |    +0.6% |   -7.882 |      -54.4 |      -76.0 |    105 | u0.u3.d\[2\]$_DFF_P_/D
     182* |       0 |      74 |       64 |      1 |    23 |    +0.6% |   -7.882 |      -52.3 |      -75.1 |    105 | u0.u3.d\[2\]$_DFF_P_/D
     183* |       0 |      74 |       64 |      1 |    23 |    +0.6% |   -7.882 |      -52.3 |      -75.1 |    105 | u0.u3.d\[2\]$_DFF_P_/D
     186* |       0 |      74 |       64 |      1 |    23 |    +0.6% |   -7.882 |      -52.3 |      -75.1 |    105 | u0.u3.d\[2\]$_DFF_P_/D
     187* |       0 |      74 |       64 |      1 |    23 |    +0.6% |   -7.882 |      -52.3 |      -75.1 |    105 | u0.u3.d\[2\]$_DFF_P_/D
     188* |       0 |      74 |       64 |      1 |    23 |    +0.6% |   -7.882 |      -52.3 |      -75.1 |    105 | u0.u3.d\[2\]$_DFF_P_/D
     190* |       0 |      75 |       64 |      1 |    23 |    +0.6% |   -7.882 |      -51.2 |      -74.2 |    105 | u0.u3.d\[2\]$_DFF_P_/D
     190* |       0 |      75 |       64 |      1 |    23 |    +0.6% |   -7.882 |      -51.2 |      -74.2 |    105 | u0.u3.d\[2\]$_DFF_P_/D
     191* |       0 |      75 |       64 |      1 |    23 |    +0.6% |   -7.882 |      -51.2 |      -74.2 |    105 | u0.u3.d\[2\]$_DFF_P_/D
     192* |       0 |      75 |       64 |      1 |    23 |    +0.6% |   -7.882 |      -51.2 |      -74.2 |    105 | u0.u3.d\[2\]$_DFF_P_/D
     193* |       0 |      75 |       64 |      1 |    23 |    +0.6% |   -7.882 |      -51.2 |      -74.2 |    105 | u0.u3.d\[2\]$_DFF_P_/D
     194* |       0 |      75 |       64 |      1 |    23 |    +0.6% |   -7.882 |      -51.2 |      -74.2 |    105 | u0.u3.d\[2\]$_DFF_P_/D
     195* |       0 |      75 |       64 |      1 |    23 |    +0.6% |   -7.882 |      -51.2 |      -74.2 |    105 | u0.u3.d\[2\]$_DFF_P_/D
     196* |       0 |      75 |       64 |      1 |    23 |    +0.6% |   -7.882 |      -51.2 |      -74.2 |    105 | u0.u3.d\[2\]$_DFF_P_/D
     199* |       0 |      75 |       67 |      1 |    24 |    +0.6% |   -7.882 |      -49.6 |      -71.5 |    105 | u0.u3.d\[2\]$_DFF_P_/D
     200* |       0 |      75 |       67 |      1 |    24 |    +0.6% |   -7.882 |      -49.6 |      -71.5 |    105 | u0.u3.d\[2\]$_DFF_P_/D
     202* |       0 |      75 |       67 |      1 |    24 |    +0.6% |   -7.882 |      -49.6 |      -71.5 |    105 | u0.u3.d\[2\]$_DFF_P_/D
     204* |       0 |      76 |       67 |      1 |    24 |    +0.6% |   -7.882 |      -47.8 |      -70.2 |    105 | u0.u3.d\[2\]$_DFF_P_/D
     205* |       0 |      76 |       67 |      1 |    24 |    +0.6% |   -7.882 |      -47.8 |      -70.2 |    105 | u0.u3.d\[2\]$_DFF_P_/D
     208* |       0 |      77 |       67 |      1 |    24 |    +0.6% |   -7.882 |      -47.8 |      -66.2 |    105 | u0.u3.d\[2\]$_DFF_P_/D
     209* |       0 |      77 |       67 |      1 |    24 |    +0.6% |   -7.882 |      -47.8 |      -66.2 |    105 | u0.u3.d\[2\]$_DFF_P_/D
     210* |       0 |      77 |       67 |      1 |    24 |    +0.6% |   -7.882 |      -47.8 |      -66.2 |    105 | u0.u3.d\[2\]$_DFF_P_/D
     210* |       0 |      77 |       67 |      1 |    24 |    +0.6% |   -7.882 |      -47.8 |      -66.2 |    105 | u0.u3.d\[2\]$_DFF_P_/D
     211* |       0 |      77 |       67 |      1 |    24 |    +0.6% |   -7.882 |      -47.8 |      -66.2 |    105 | u0.u3.d\[2\]$_DFF_P_/D
     214* |       0 |      77 |       67 |      1 |    24 |    +0.6% |   -7.882 |      -47.8 |      -66.2 |    105 | u0.u3.d\[2\]$_DFF_P_/D
     215* |       0 |      77 |       67 |      1 |    24 |    +0.6% |   -7.882 |      -47.8 |      -66.2 |    105 | u0.u3.d\[2\]$_DFF_P_/D
     217* |       0 |      78 |       67 |      1 |    24 |    +0.6% |   -7.882 |      -47.8 |      -62.1 |    105 | u0.u3.d\[2\]$_DFF_P_/D
     218* |       0 |      78 |       67 |      1 |    24 |    +0.6% |   -7.882 |      -47.8 |      -62.1 |    105 | u0.u3.d\[2\]$_DFF_P_/D
     220* |       0 |      79 |       67 |      1 |    24 |    +0.6% |   -7.882 |      -44.7 |      -41.0 |    105 | u0.u3.d\[2\]$_DFF_P_/D
     221* |       0 |      78 |       67 |      1 |    24 |    +0.6% |   -7.882 |      -47.8 |      -62.1 |    105 | u0.u3.d\[2\]$_DFF_P_/D
     222* |       0 |      78 |       67 |      1 |    24 |    +0.6% |   -7.882 |      -47.8 |      -62.1 |    105 | u0.u3.d\[2\]$_DFF_P_/D
     223* |       0 |      78 |       67 |      1 |    24 |    +0.6% |   -7.882 |      -47.8 |      -62.1 |    105 | u0.u3.d\[2\]$_DFF_P_/D
     224* |       0 |      78 |       67 |      1 |    24 |    +0.6% |   -7.882 |      -47.8 |      -62.1 |    105 | u0.u3.d\[2\]$_DFF_P_/D
     225* |       0 |      78 |       67 |      1 |    24 |    +0.6% |   -7.882 |      -47.8 |      -62.1 |    105 | u0.u3.d\[2\]$_DFF_P_/D
     228* |       0 |      80 |       67 |      1 |    24 |    +0.6% |   -7.882 |      -44.9 |      -58.8 |    105 | u0.u3.d\[2\]$_DFF_P_/D
     229* |       0 |      80 |       67 |      1 |    24 |    +0.6% |   -7.882 |      -44.9 |      -58.8 |    105 | u0.u3.d\[2\]$_DFF_P_/D
     230* |       0 |      80 |       67 |      1 |    24 |    +0.6% |   -7.882 |      -44.9 |      -58.8 |    105 | u0.u3.d\[2\]$_DFF_P_/D
     230* |       0 |      80 |       67 |      1 |    24 |    +0.6% |   -7.882 |      -44.9 |      -58.8 |    105 | u0.u3.d\[2\]$_DFF_P_/D
     232* |       0 |      80 |       67 |      1 |    24 |    +0.6% |   -7.882 |      -44.9 |      -58.8 |    105 | u0.u3.d\[2\]$_DFF_P_/D
     234* |       0 |      81 |       67 |      1 |    24 |    +0.6% |   -7.882 |      -42.7 |      -56.3 |    105 | u0.u3.d\[2\]$_DFF_P_/D
     235* |       0 |      81 |       67 |      1 |    24 |    +0.6% |   -7.882 |      -42.7 |      -56.3 |    105 | u0.u3.d\[2\]$_DFF_P_/D
     236* |       0 |      81 |       67 |      1 |    24 |    +0.6% |   -7.882 |      -42.7 |      -56.3 |    105 | u0.u3.d\[2\]$_DFF_P_/D
     237* |       0 |      81 |       67 |      1 |    24 |    +0.6% |   -7.882 |      -42.7 |      -56.3 |    105 | u0.u3.d\[2\]$_DFF_P_/D
     238* |       0 |      81 |       67 |      1 |    24 |    +0.6% |   -7.882 |      -42.7 |      -56.3 |    105 | u0.u3.d\[2\]$_DFF_P_/D
     239* |       0 |      81 |       67 |      1 |    24 |    +0.6% |   -7.882 |      -42.7 |      -56.3 |    105 | u0.u3.d\[2\]$_DFF_P_/D
     240* |       0 |      81 |       67 |      1 |    24 |    +0.6% |   -7.882 |      -42.7 |      -56.3 |    105 | u0.u3.d\[2\]$_DFF_P_/D
     240* |       0 |      81 |       67 |      1 |    24 |    +0.6% |   -7.882 |      -42.7 |      -56.3 |    105 | u0.u3.d\[2\]$_DFF_P_/D
     241* |       0 |      81 |       67 |      1 |    24 |    +0.6% |   -7.882 |      -42.7 |      -56.3 |    105 | u0.u3.d\[2\]$_DFF_P_/D
     243* |       0 |      82 |       67 |      1 |    24 |    +0.6% |   -7.882 |      -40.9 |      -54.0 |    105 | u0.u3.d\[2\]$_DFF_P_/D
     244* |       0 |      82 |       67 |      1 |    24 |    +0.6% |   -7.882 |      -40.9 |      -54.0 |    105 | u0.u3.d\[2\]$_DFF_P_/D
     245* |       0 |      82 |       67 |      1 |    24 |    +0.6% |   -7.882 |      -40.9 |      -54.0 |    105 | u0.u3.d\[2\]$_DFF_P_/D
     247* |       0 |      82 |       67 |      1 |    24 |    +0.6% |   -7.882 |      -40.9 |      -54.0 |    105 | u0.u3.d\[2\]$_DFF_P_/D
     248* |       0 |      82 |       67 |      1 |    24 |    +0.6% |   -7.882 |      -40.9 |      -54.0 |    105 | u0.u3.d\[2\]$_DFF_P_/D
     249* |       0 |      82 |       67 |      1 |    24 |    +0.6% |   -7.882 |      -40.9 |      -54.0 |    105 | u0.u3.d\[2\]$_DFF_P_/D
     250* |       0 |      82 |       67 |      1 |    24 |    +0.6% |   -7.882 |      -40.9 |      -54.0 |    105 | u0.u3.d\[2\]$_DFF_P_/D
     250* |       0 |      82 |       67 |      1 |    24 |    +0.6% |   -7.882 |      -40.9 |      -54.0 |    105 | u0.u3.d\[2\]$_DFF_P_/D
     252* |       0 |      83 |       67 |      1 |    24 |    +0.6% |   -7.882 |      -40.8 |      -53.3 |    105 | u0.u3.d\[2\]$_DFF_P_/D
     253* |       0 |      83 |       67 |      1 |    24 |    +0.6% |   -7.882 |      -40.8 |      -53.3 |    105 | u0.u3.d\[2\]$_DFF_P_/D
     254* |       0 |      83 |       67 |      1 |    24 |    +0.6% |   -7.882 |      -40.8 |      -53.3 |    105 | u0.u3.d\[2\]$_DFF_P_/D
     256* |       0 |      83 |       67 |      1 |    24 |    +0.6% |   -7.882 |      -40.8 |      -53.3 |    105 | u0.u3.d\[2\]$_DFF_P_/D
     257* |       0 |      83 |       67 |      1 |    24 |    +0.6% |   -7.882 |      -40.8 |      -53.3 |    105 | u0.u3.d\[2\]$_DFF_P_/D
     258* |       0 |      83 |       67 |      1 |    24 |    +0.6% |   -7.882 |      -40.8 |      -53.3 |    105 | u0.u3.d\[2\]$_DFF_P_/D
     259* |       0 |      83 |       67 |      1 |    24 |    +0.6% |   -7.882 |      -40.8 |      -53.3 |    105 | u0.u3.d\[2\]$_DFF_P_/D
     260* |       0 |      83 |       67 |      1 |    24 |    +0.6% |   -7.882 |      -40.8 |      -53.3 |    105 | u0.u3.d\[2\]$_DFF_P_/D
     260* |       0 |      83 |       67 |      1 |    24 |    +0.6% |   -7.882 |      -40.8 |      -53.3 |    105 | u0.u3.d\[2\]$_DFF_P_/D
     261* |       0 |      83 |       67 |      1 |    24 |    +0.6% |   -7.882 |      -40.8 |      -53.3 |    105 | u0.u3.d\[2\]$_DFF_P_/D
     262* |       0 |      83 |       67 |      1 |    24 |    +0.6% |   -7.882 |      -40.8 |      -53.3 |    105 | u0.u3.d\[2\]$_DFF_P_/D
     263* |       0 |      83 |       67 |      1 |    24 |    +0.6% |   -7.882 |      -40.8 |      -53.3 |    105 | u0.u3.d\[2\]$_DFF_P_/D
     265* |       0 |      83 |       67 |      1 |    24 |    +0.6% |   -7.882 |      -40.8 |      -53.3 |    105 | u0.u3.d\[2\]$_DFF_P_/D
     266* |       0 |      83 |       67 |      1 |    24 |    +0.6% |   -7.882 |      -40.8 |      -53.3 |    105 | u0.u3.d\[2\]$_DFF_P_/D
     266* |       0 |      83 |       67 |      1 |    24 |    +0.6% |   -7.882 |      -40.8 |      -53.3 |    105 | u0.u3.d\[2\]$_DFF_P_/D
     270+ |       0 |      86 |       67 |      1 |    24 |    +0.6% |   -4.711 |      -30.8 |      -27.4 |     19 | u0.u3.d\[2\]$_DFF_P_/D
     271+ |       0 |      88 |       67 |      1 |    24 |    +0.6% |   -3.164 |      -19.2 |      -22.4 |     19 | u0.u3.d\[2\]$_DFF_P_/D
     272+ |       0 |      88 |       67 |      1 |    24 |    +0.6% |   -3.164 |      -19.2 |      -22.4 |     19 | u0.u3.d\[2\]$_DFF_P_/D
     273+ |       0 |      88 |       67 |      1 |    24 |    +0.6% |   -3.164 |      -19.2 |      -22.4 |     19 | u0.u3.d\[2\]$_DFF_P_/D
     274+ |       0 |      88 |       67 |      1 |    24 |    +0.6% |   -3.164 |      -19.2 |      -22.4 |     19 | u0.u3.d\[2\]$_DFF_P_/D
     275+ |       0 |      88 |       67 |      1 |    24 |    +0.6% |   -3.164 |      -19.2 |      -22.4 |     19 | u0.u3.d\[2\]$_DFF_P_/D
     276+ |       0 |      88 |       67 |      1 |    24 |    +0.6% |   -3.164 |      -19.2 |      -22.4 |     19 | u0.u3.d\[2\]$_DFF_P_/D
     277+ |       0 |      88 |       67 |      1 |    24 |    +0.6% |   -3.164 |      -19.2 |      -22.4 |     19 | u0.u3.d\[2\]$_DFF_P_/D
     278+ |       0 |      88 |       67 |      1 |    24 |    +0.6% |   -3.164 |      -19.2 |      -22.4 |     19 | u0.u3.d\[2\]$_DFF_P_/D
     279+ |       0 |      89 |       67 |      1 |    24 |    +0.6% |   -3.164 |      -19.2 |      -19.6 |     19 | u0.u3.d\[2\]$_DFF_P_/D
     280+ |       0 |      89 |       67 |      1 |    24 |    +0.6% |   -3.164 |      -19.2 |      -19.6 |     19 | u0.u3.d\[2\]$_DFF_P_/D
     280+ |       0 |      89 |       67 |      1 |    24 |    +0.6% |   -3.164 |      -19.2 |      -19.6 |     19 | u0.u3.d\[2\]$_DFF_P_/D
     281+ |       0 |      90 |       67 |      1 |    24 |    +0.6% |   -3.164 |      -19.2 |      -19.1 |     19 | u0.u3.d\[2\]$_DFF_P_/D
     282+ |       0 |      90 |       67 |      1 |    25 |    +0.6% |   -3.164 |      -17.2 |      -17.3 |     19 | u0.u3.d\[2\]$_DFF_P_/D
     283+ |       0 |      90 |       67 |      1 |    25 |    +0.6% |   -3.164 |      -17.2 |      -17.3 |     19 | u0.u3.d\[2\]$_DFF_P_/D
     286+ |       0 |      92 |       67 |      1 |    26 |    +0.6% |   -3.164 |      -13.9 |      -16.0 |     19 | u0.u3.d\[2\]$_DFF_P_/D
     287+ |       0 |      92 |       67 |      1 |    26 |    +0.6% |   -3.164 |      -13.9 |      -16.0 |     19 | u0.u3.d\[2\]$_DFF_P_/D
     288+ |       0 |      92 |       67 |      1 |    26 |    +0.6% |   -3.164 |      -13.9 |      -16.0 |     19 | u0.u3.d\[2\]$_DFF_P_/D
     289+ |       0 |      92 |       67 |      1 |    26 |    +0.6% |   -3.164 |      -13.9 |      -16.0 |     19 | u0.u3.d\[2\]$_DFF_P_/D
     290+ |       0 |      92 |       67 |      1 |    26 |    +0.6% |   -3.164 |      -13.9 |      -16.0 |     19 | u0.u3.d\[2\]$_DFF_P_/D
     290+ |       0 |      92 |       67 |      1 |    26 |    +0.6% |   -3.164 |      -13.9 |      -16.0 |     19 | u0.u3.d\[2\]$_DFF_P_/D
     291+ |       0 |      92 |       67 |      1 |    26 |    +0.6% |   -3.164 |      -13.9 |      -16.0 |     19 | u0.u3.d\[2\]$_DFF_P_/D
    final |       0 |      92 |       67 |      1 |    26 |    +0.6% |   -3.164 |      -13.9 |      -16.0 |     12 | u0.u3.d\[2\]$_DFF_P_/D
------------------------------------------------------------------------------------------------------------------------------
[INFO RSZ-0040] Inserted 67 buffers.
[INFO RSZ-0051] Resized 92 instances: 92 up, 0 up match, 0 down, 0 VT
[INFO RSZ-0043] Swapped pins on 26 instances.
[INFO RSZ-0049] Cloned 1 instances.
[WARNING RSZ-0062] Unable to repair all setup violations.
[INFO RSZ-0505] Runtime: 28.89s
[INFO RSZ-0033] No hold violations found.
[INFO RSZ-0506] Runtime: 0.05s
Took 29 seconds: repair_timing -setup_margin 0 -hold_margin 0 -repair_tns 100 -verbose
global_route -start_incremental
detailed_placement
[INFO DPL-0006] Core area: 3842.98 um^2
[INFO DPL-0007] Movable instances area: 1644.43 um^2
[INFO DPL-0008] Fixed instances area within core: 20.09 um^2
[INFO DPL-0009] Utilization: 43.3%
[INFO DPL-0005] Diamond search max displacement: +/- 500 sites horizontally, +/- 100 rows vertically.
[INFO DPL-1102] Legalizing using negotiation legalizer.
[INFO DPL-1103] Negotiation base search window: +/-20 sites horizontally, +/-5 rows vertically 
	Automatic search window extension enabled.
	Search window extendable up to the max displacement cap of +/-500 sites, +/-100 rows near walls.
[INFO DPL-1104] NegotiationLegalizer DRC penalty: 5.
[INFO DPL-0392] Negotiation cell height distribution (2 unique row-count(s)):
[INFO DPL-0393]   height 1 row(s): 15678 cells
[INFO DPL-0393]   height 2 row(s): 27 cells
          |      Total |  Illegal |  Illegal
Iteration | Violations |    Cells |    Sites
---------------------------------------------
        0 |         37 |        11 |        26
        1 |          4 |         2 |         2
        2 |          0 |         0 |         0
Negotiation phase 1 converged at iteration 2.
[INFO DPL-0500] Runtime: 0.12s
Placement Analysis
---------------------------------
total displacement         57.1 u
average displacement        0.0 u
max displacement            1.8 u
original HPWL           51223.9 u
legalized HPWL          51265.5 u
delta HPWL                    0 %

check_placement -verbose
global_route -end_incremental -resistance_aware -congestion_report_file /tmp/workspace/scripts-Private_test-fr_cugr_cmp-1-/reports/asap7/aes-mbff/base/congestion_post_repair_timing.rpt
estimate_parasitics -global_routing
repair_timing -setup -sequence "vt_swap reroute" -skip_last_gasp -repair_tns 0 -verbose
[INFO RSZ-0100] Repair move sequence: RerouteMove 
[INFO RSZ-0094] Found 17 endpoints with setup violations.
[INFO RSZ-0099] Repairing 1 out of 17 (0.00%) violating endpoints...
   Iter   | Removed | Resized | Inserted | Cloned |  Pin  |   Area   |    WNS   |   StTNS    |   EnTNS    |  Viol  |  Worst  
          | Buffers |  Gates  | Buffers  |  Gates | Swaps |          |          |            |            | Endpts | St/EnPt 
------------------------------------------------------------------------------------------------------------------------------
       0* |       0 |       0 |        0 |      0 |     0 |    +0.0% |   -3.163 |      -15.3 |      -23.0 |     17 | u0.u3.d\[2\]$_DFF_P_/D
       1* |       0 |       0 |        0 |      0 |     0 |    +0.0% |   -3.163 |      -15.3 |      -23.0 |     17 | u0.u3.d\[2\]$_DFF_P_/D
       1* |       0 |       0 |        0 |      0 |     0 |    +0.0% |   -3.163 |      -15.3 |      -23.0 |     17 | u0.u3.d\[2\]$_DFF_P_/D
    final |       0 |       0 |        0 |      0 |     0 |    +0.0% |   -3.163 |      -15.3 |      -23.0 |     17 | u0.u3.d\[2\]$_DFF_P_/D
------------------------------------------------------------------------------------------------------------------------------
[WARNING RSZ-0062] Unable to repair all setup violations.
[INFO RSZ-0505] Runtime: 0.46s
Repair antennas...
[WARNING GRT-0246] No diode with LEF class CORE ANTENNACELL found.
[INFO ANT-0002] Found 0 net violations.
[INFO ANT-0001] Found 0 pin violations.
Estimate parasitics...
estimate_parasitics -global_routing
Report metrics stage 5, global route...

==========================================================================
global route report_design_area
--------------------------------------------------------------------------
Design area 1665 um^2 43% utilization.
[INFO FLW-0007] clock clk period 380.000000
[WARNING FLW-0010] more than one clock found. Skipping sdc update.
[INFO FLW-0011] Path endpoint path count 721
write_db /tmp/workspace/scripts-Private_test-fr_cugr_cmp-1-/results/asap7/aes-mbff/base/5_1_grt.odb
write_sdc -no_timestamp /tmp/workspace/scripts-Private_test-fr_cugr_cmp-1-/results/asap7/aes-mbff/base/5_1_grt.sdc
Elapsed time: 0:59.21[h:]min:sec. CPU time: user 361.16 sys 77.69 (741%). Peak memory: 592100KB.
Log                       Ext     Elapsed/s Peak Memory/MB sha1sum result [0:20)
5_1_grt                   .odb           59            578 1c948876782aa2173e03
5_1_grt                   .sdc                             fac572f5cfbc5b8e1282
