OpenROAD 26Q3-1464-gb22abfea20 
Features included (+) or not (-): +GPU +GUI +Python
This program is licensed under the BSD-3 license. See the LICENSE file for details.
Components of this program may be licensed under more restrictive licenses which must be honored.
[INFO ORD-0030] Using 32 thread(s).
source ./platforms/asap7/liberty_suppressions.tcl
read_liberty ./platforms/asap7/lib/NLDM/asap7sc7p5t_AO_RVT_FF_nldm_211120.lib.gz
read_liberty ./platforms/asap7/lib/NLDM/asap7sc7p5t_INVBUF_RVT_FF_nldm_220122.lib.gz
read_liberty ./platforms/asap7/lib/NLDM/asap7sc7p5t_OA_RVT_FF_nldm_211120.lib.gz
read_liberty ./platforms/asap7/lib/NLDM/asap7sc7p5t_SIMPLE_RVT_FF_nldm_211120.lib.gz
read_liberty ./platforms/asap7/lib/NLDM/asap7sc7p5t_SEQ_RVT_FF_nldm_220123.lib
read_liberty ./platforms/asap7/lib/NLDM/asap7sc7p5t_DFFHQNH2V2X_RVT_FF_nldm_FAKE.lib
read_liberty ./platforms/asap7/lib/NLDM/asap7sc7p5t_DFFHQNV2X_RVT_FF_nldm_FAKE.lib
[INFO ODB-0227] LEF file: ./platforms/asap7/lef/asap7_tech_1x_201209.lef, created 30 layers, 9 vias
[INFO ODB-0227] LEF file: ./platforms/asap7/lef/asap7sc7p5t_28_R_1x_220121a.lef, created 212 library cells
[INFO ODB-0227] LEF file: ./platforms/asap7/lef/asap7sc7p5t_DFFHQNH2V2X.lef, created 9 library cells
[INFO ODB-0394] Duplicate site asap7sc7p5t_pg in asap7sc7p5t_DFFHQNV2X already seen in asap7sc7p5t_DFFHQNH2V2X
[INFO ODB-0227] LEF file: ./platforms/asap7/lef/asap7sc7p5t_DFFHQNV2X.lef, created 9 library cells
link_design aes_cipher_top
read_sdc /tmp/workspace/scripts-Private_test-fr_cugr_cmp-2-/results/asap7/aes-mbff/base/1_2_yosys.sdc
source ./platforms/asap7/setRC.tcl
eliminate_dead_logic
Removed 0 unused instances and 0 unused nets.
Design area 1549 um^2 100% utilization.
write_db /tmp/workspace/scripts-Private_test-fr_cugr_cmp-2-/results/asap7/aes-mbff/base/1_synth.odb
write_sdc -no_timestamp /tmp/workspace/scripts-Private_test-fr_cugr_cmp-2-/results/asap7/aes-mbff/base/1_synth.sdc
Elapsed time: 0:01.07[h:]min:sec. CPU time: user 1.03 sys 0.04 (100%). Peak memory: 233392KB.
Log                       Ext     Elapsed/s Peak Memory/MB sha1sum result [0:20)
1_synth                   .odb            1            227 85bcf4754e05cbc62aba
1_synth                   .sdc                             f1097b520eac1b47b8e3
