OpenROAD 26Q3-1464-gb22abfea20 
Features included (+) or not (-): +GPU +GUI +Python
This program is licensed under the BSD-3 license. See the LICENSE file for details.
Components of this program may be licensed under more restrictive licenses which must be honored.
[INFO ORD-0030] Using 32 thread(s).
source ./platforms/asap7/liberty_suppressions.tcl
read_liberty ./platforms/asap7/lib/NLDM/asap7sc7p5t_AO_RVT_FF_nldm_211120.lib.gz
read_liberty ./platforms/asap7/lib/NLDM/asap7sc7p5t_INVBUF_RVT_FF_nldm_220122.lib.gz
read_liberty ./platforms/asap7/lib/NLDM/asap7sc7p5t_OA_RVT_FF_nldm_211120.lib.gz
read_liberty ./platforms/asap7/lib/NLDM/asap7sc7p5t_SIMPLE_RVT_FF_nldm_211120.lib.gz
read_liberty ./platforms/asap7/lib/NLDM/asap7sc7p5t_SEQ_RVT_FF_nldm_220123.lib
read_liberty ./platforms/asap7/lib/NLDM/asap7sc7p5t_DFFHQNH2V2X_RVT_FF_nldm_FAKE.lib
read_liberty ./platforms/asap7/lib/NLDM/asap7sc7p5t_DFFHQNV2X_RVT_FF_nldm_FAKE.lib
read_db /tmp/workspace/scripts-Private_test-fr_cugr_cmp-2-/results/asap7/aes-mbff/base/5_1_grt.odb
read_sdc /tmp/workspace/scripts-Private_test-fr_cugr_cmp-2-/results/asap7/aes-mbff/base/5_1_grt.sdc
source ./platforms/asap7/setRC.tcl
[WARNING STA-0450] virtual clock vclk_clk can not be propagated.
detailed_route -output_drc /tmp/workspace/scripts-Private_test-fr_cugr_cmp-2-/reports/asap7/aes-mbff/base/5_route_drc.rpt -output_maze /tmp/workspace/scripts-Private_test-fr_cugr_cmp-2-/results/asap7/aes-mbff/base/maze.log -droute_end_iter 64 -verbose 1 -drc_report_iter_step 5
[INFO DRT-0149] Reading tech and libs.

Units:                1000
Number of layers:     21
Number of macros:     230
Number of vias:       14
Number of viarulegen: 11

[INFO DRT-0150] Reading design.

Design:                   aes_cipher_top
Die area:                 ( 0 0 ) ( 66230 66230 )
Number of track patterns: 32
Number of DEF vias:       0
Number of components:     15709
Number of terminals:      390
Number of snets:          2
Number of nets:           15292

[INFO DRT-0167] List of default vias:
  Layer V2
    default via: VIA23
  Layer V3
    default via: VIA34
  Layer V4
    default via: VIA45
  Layer V5
    default via: VIA56
  Layer V6
    default via: VIA67
  Layer V7
    default via: VIA78
  Layer V8
    default via: VIA89
  Layer V9
    default via: VIA9Pad
[INFO DRT-0162] Library cell analysis.
[INFO DRT-0163] Instance analysis.
[INFO DRT-0164] Number of unique instances = 195.
[INFO DRT-0168] Init region query.
[INFO DRT-0024]   Complete Active.
[INFO DRT-0024]   Complete V0.
[INFO DRT-0024]   Complete M1.
[INFO DRT-0024]   Complete V1.
[INFO DRT-0024]   Complete M2.
[INFO DRT-0024]   Complete V2.
[INFO DRT-0024]   Complete M3.
[INFO DRT-0024]   Complete V3.
[INFO DRT-0024]   Complete M4.
[INFO DRT-0024]   Complete V4.
[INFO DRT-0024]   Complete M5.
[INFO DRT-0024]   Complete V5.
[INFO DRT-0024]   Complete M6.
[INFO DRT-0024]   Complete V6.
[INFO DRT-0024]   Complete M7.
[INFO DRT-0024]   Complete V7.
[INFO DRT-0024]   Complete M8.
[INFO DRT-0024]   Complete V8.
[INFO DRT-0024]   Complete M9.
[INFO DRT-0024]   Complete V9.
[INFO DRT-0024]   Complete Pad.
[INFO DRT-0033] Active shape region query size = 0.
[INFO DRT-0033] V0 shape region query size = 0.
[INFO DRT-0033] M1 shape region query size = 227802.
[INFO DRT-0033] V1 shape region query size = 402202.
[INFO DRT-0033] M2 shape region query size = 5008.
[INFO DRT-0033] V2 shape region query size = 8334.
[INFO DRT-0033] M3 shape region query size = 8307.
[INFO DRT-0033] V3 shape region query size = 5520.
[INFO DRT-0033] M4 shape region query size = 5736.
[INFO DRT-0033] V4 shape region query size = 5520.
[INFO DRT-0033] M5 shape region query size = 3244.
[INFO DRT-0033] V5 shape region query size = 576.
[INFO DRT-0033] M6 shape region query size = 336.
[INFO DRT-0033] V6 shape region query size = 0.
[INFO DRT-0033] M7 shape region query size = 0.
[INFO DRT-0033] V7 shape region query size = 0.
[INFO DRT-0033] M8 shape region query size = 0.
[INFO DRT-0033] V8 shape region query size = 0.
[INFO DRT-0033] M9 shape region query size = 0.
[INFO DRT-0033] V9 shape region query size = 0.
[INFO DRT-0033] Pad shape region query size = 0.
[INFO DRT-0165] Start pin access.
[INFO DRT-0076]   Complete 1000 pins.
[INFO DRT-0078]   Complete 1091 pins.
[INFO DRT-0079]   Complete 100 unique inst patterns.
[INFO DRT-0081]   Complete 195 unique inst patterns.
[INFO DRT-0082]   Complete 10000 groups.
[INFO DRT-0084]   Complete 11488 groups.
#scanned instances     = 15709
#unique  instances     = 195
#stdCellGenAp          = 6283
#stdCellValidPlanarAp  = 36
#stdCellValidViaAp     = 4640
#stdCellPinNoAp        = 0
#stdCellPinCnt         = 48750
#instTermValidViaApCnt = 0
#macroGenAp            = 0
#macroValidPlanarAp    = 0
#macroValidViaAp       = 0
#macroNoAp             = 0
[INFO DRT-0166] Complete pin access.
[INFO DRT-0267] cpu time = 00:02:13, elapsed time = 00:00:09, memory = 447.69 (MB), peak = 442.50 (MB)
[INFO DRT-0156] guideIn read 100000 guides.

[INFO DRT-0157] Number of guides:     155114

[INFO DRT-0169] Post process guides.
[INFO DRT-0176] GCELLGRID X 0 DO 116 STEP 570 ;
[INFO DRT-0177] GCELLGRID Y 0 DO 116 STEP 570 ;
[INFO DRT-0026]   Complete 100000 origin guides.
[INFO DRT-0028]   Complete Active.
[INFO DRT-0028]   Complete V0.
[INFO DRT-0028]   Complete M1.
[INFO DRT-0028]   Complete V1.
[INFO DRT-0028]   Complete M2.
[INFO DRT-0028]   Complete V2.
[INFO DRT-0028]   Complete M3.
[INFO DRT-0028]   Complete V3.
[INFO DRT-0028]   Complete M4.
[INFO DRT-0028]   Complete V4.
[INFO DRT-0028]   Complete M5.
[INFO DRT-0028]   Complete V5.
[INFO DRT-0028]   Complete M6.
[INFO DRT-0028]   Complete V6.
[INFO DRT-0028]   Complete M7.
[INFO DRT-0028]   Complete V7.
[INFO DRT-0028]   Complete M8.
[INFO DRT-0028]   Complete V8.
[INFO DRT-0028]   Complete M9.
[INFO DRT-0028]   Complete V9.
[INFO DRT-0028]   Complete Pad.
[INFO DRT-0178] Init guide query.
[INFO DRT-0035]   Complete Active (guide).
[INFO DRT-0035]   Complete V0 (guide).
[INFO DRT-0035]   Complete M1 (guide).
[INFO DRT-0035]   Complete V1 (guide).
[INFO DRT-0035]   Complete M2 (guide).
[INFO DRT-0035]   Complete V2 (guide).
[INFO DRT-0035]   Complete M3 (guide).
[INFO DRT-0035]   Complete V3 (guide).
[INFO DRT-0035]   Complete M4 (guide).
[INFO DRT-0035]   Complete V4 (guide).
[INFO DRT-0035]   Complete M5 (guide).
[INFO DRT-0035]   Complete V5 (guide).
[INFO DRT-0035]   Complete M6 (guide).
[INFO DRT-0035]   Complete V6 (guide).
[INFO DRT-0035]   Complete M7 (guide).
[INFO DRT-0035]   Complete V7 (guide).
[INFO DRT-0035]   Complete M8 (guide).
[INFO DRT-0035]   Complete V8 (guide).
[INFO DRT-0035]   Complete M9 (guide).
[INFO DRT-0035]   Complete V9 (guide).
[INFO DRT-0035]   Complete Pad (guide).
[INFO DRT-0036] Active guide region query size = 0.
[INFO DRT-0036] V0 guide region query size = 0.
[INFO DRT-0036] M1 guide region query size = 42999.
[INFO DRT-0036] V1 guide region query size = 0.
[INFO DRT-0036] M2 guide region query size = 38851.
[INFO DRT-0036] V2 guide region query size = 0.
[INFO DRT-0036] M3 guide region query size = 25811.
[INFO DRT-0036] V3 guide region query size = 0.
[INFO DRT-0036] M4 guide region query size = 10127.
[INFO DRT-0036] V4 guide region query size = 0.
[INFO DRT-0036] M5 guide region query size = 5396.
[INFO DRT-0036] V5 guide region query size = 0.
[INFO DRT-0036] M6 guide region query size = 2801.
[INFO DRT-0036] V6 guide region query size = 0.
[INFO DRT-0036] M7 guide region query size = 1144.
[INFO DRT-0036] V7 guide region query size = 0.
[INFO DRT-0036] M8 guide region query size = 0.
[INFO DRT-0036] V8 guide region query size = 0.
[INFO DRT-0036] M9 guide region query size = 0.
[INFO DRT-0036] V9 guide region query size = 0.
[INFO DRT-0036] Pad guide region query size = 0.
[INFO DRT-0179] Init gr pin query.
[INFO DRT-0267] cpu time = 00:00:00, elapsed time = 00:00:00, memory = 492.19 (MB), peak = 487.52 (MB)
[INFO DRT-0245] skipped writing guide updates to database.
[INFO DRT-0181] Start track assignment.
[INFO DRT-0184] Done with 75350 vertical wires in 3 frboxes and 51779 horizontal wires in 3 frboxes.
[INFO DRT-0186] Done with 8578 vertical wires in 3 frboxes and 8189 horizontal wires in 3 frboxes.
[INFO DRT-0182] Complete track assignment.
[INFO DRT-0267] cpu time = 00:00:05, elapsed time = 00:00:02, memory = 788.66 (MB), peak = 784.18 (MB)
[INFO DRT-0187] Start routing data preparation.
[INFO DRT-0267] cpu time = 00:00:00, elapsed time = 00:00:00, memory = 788.66 (MB), peak = 784.18 (MB)
[INFO DRT-0194] Start detail routing.
[INFO DRT-0195] Start 0th optimization iteration.
    Completing 10% with 0 violations.
    elapsed time = 00:00:00, memory = 2646.00 (MB).
    Completing 20% with 0 violations.
    elapsed time = 00:00:01, memory = 2529.68 (MB).
    Completing 30% with 229 violations.
    elapsed time = 00:00:02, memory = 1779.90 (MB).
    Completing 40% with 229 violations.
    elapsed time = 00:00:03, memory = 3178.36 (MB).
    Completing 50% with 229 violations.
    elapsed time = 00:00:04, memory = 2370.14 (MB).
    Completing 60% with 494 violations.
    elapsed time = 00:00:05, memory = 3697.50 (MB).
    Completing 70% with 494 violations.
    elapsed time = 00:00:06, memory = 3320.70 (MB).
    Completing 80% with 701 violations.
    elapsed time = 00:00:08, memory = 3939.26 (MB).
    Completing 90% with 701 violations.
    elapsed time = 00:00:09, memory = 3869.21 (MB).
    Completing 100% with 875 violations.
    elapsed time = 00:00:11, memory = 2401.16 (MB).
[INFO DRT-0199]   Number of violations = 1603.
Viol/Layer          M1     M2     M3     V3     M4     V4     M5     M6     V6     M7
CutSpcTbl            0      0      0     17      0      5      0      0      2      0
EOL                  0     44     14      0     12      0      0      0      0      0
Metal Spacing      106     36    115      0      4      0      0      1      0      0
Recheck              0    238    231      0    144      0     63     39      0     13
Short                0     47     17      1      4      0      0      1      0      0
eolKeepOut           0    366     39      0     44      0      0      0      0      0
[INFO DRT-0267] cpu time = 00:03:39, elapsed time = 00:00:11, memory = 2858.85 (MB), peak = 4080.06 (MB)
Total wire length = 60633 um.
Total wire length on LAYER M1 = 0 um.
Total wire length on LAYER M2 = 13247 um.
Total wire length on LAYER M3 = 22483 um.
Total wire length on LAYER M4 = 12124 um.
Total wire length on LAYER M5 = 6373 um.
Total wire length on LAYER M6 = 3965 um.
Total wire length on LAYER M7 = 2439 um.
Total wire length on LAYER M8 = 0 um.
Total wire length on LAYER M9 = 0 um.
Total wire length on LAYER Pad = 0 um.
Total number of vias = 148218.
Up-via summary (total 148218):

-----------------
 Active         0
     M1     48729
     M2     70178
     M3     17718
     M4      7179
     M5      2935
     M6      1479
     M7         0
     M8         0
     M9         0
-----------------
       148218


[INFO DRT-0195] Start 1st optimization iteration.
    Completing 10% with 1603 violations.
    elapsed time = 00:00:01, memory = 4588.24 (MB).
    Completing 20% with 1603 violations.
    elapsed time = 00:00:01, memory = 4103.80 (MB).
    Completing 30% with 1115 violations.
    elapsed time = 00:00:03, memory = 4454.11 (MB).
    Completing 40% with 1115 violations.
    elapsed time = 00:00:04, memory = 4696.16 (MB).
    Completing 50% with 1115 violations.
    elapsed time = 00:00:05, memory = 3580.89 (MB).
    Completing 60% with 710 violations.
    elapsed time = 00:00:07, memory = 4872.14 (MB).
    Completing 70% with 710 violations.
    elapsed time = 00:00:08, memory = 4458.22 (MB).
    Completing 80% with 327 violations.
    elapsed time = 00:00:10, memory = 4884.35 (MB).
    Completing 90% with 327 violations.
    elapsed time = 00:00:11, memory = 4745.28 (MB).
    Completing 100% with 65 violations.
    elapsed time = 00:00:13, memory = 3245.21 (MB).
[INFO DRT-0199]   Number of violations = 65.
Viol/Layer          M1     M2     M3     V3     M4     V4     V5
CutSpcTbl            0      0      0      4      0      1      1
EOL                  0      1      0      0      1      0      0
Metal Spacing        8      0     28      0      0      0      0
Short                0      3      9      0      0      0      0
eolKeepOut           0      6      0      0      3      0      0
[INFO DRT-0267] cpu time = 00:04:15, elapsed time = 00:00:14, memory = 3247.65 (MB), peak = 4995.46 (MB)
Total wire length = 60133 um.
Total wire length on LAYER M1 = 0 um.
Total wire length on LAYER M2 = 13043 um.
Total wire length on LAYER M3 = 22498 um.
Total wire length on LAYER M4 = 12188 um.
Total wire length on LAYER M5 = 6260 um.
Total wire length on LAYER M6 = 3841 um.
Total wire length on LAYER M7 = 2301 um.
Total wire length on LAYER M8 = 0 um.
Total wire length on LAYER M9 = 0 um.
Total wire length on LAYER Pad = 0 um.
Total number of vias = 142448.
Up-via summary (total 142448):

-----------------
 Active         0
     M1     48709
     M2     66343
     M3     16939
     M4      6669
     M5      2619
     M6      1169
     M7         0
     M8         0
     M9         0
-----------------
       142448


[INFO DRT-0195] Start 2nd optimization iteration.
    Completing 10% with 65 violations.
    elapsed time = 00:00:00, memory = 3247.65 (MB).
    Completing 20% with 65 violations.
    elapsed time = 00:00:00, memory = 3247.65 (MB).
    Completing 30% with 61 violations.
    elapsed time = 00:00:01, memory = 3247.91 (MB).
    Completing 40% with 61 violations.
    elapsed time = 00:00:01, memory = 3247.91 (MB).
    Completing 50% with 61 violations.
    elapsed time = 00:00:03, memory = 3247.91 (MB).
    Completing 60% with 52 violations.
    elapsed time = 00:00:03, memory = 3247.91 (MB).
    Completing 70% with 52 violations.
    elapsed time = 00:00:03, memory = 3247.91 (MB).
    Completing 80% with 31 violations.
    elapsed time = 00:00:05, memory = 3247.91 (MB).
    Completing 90% with 31 violations.
    elapsed time = 00:00:05, memory = 3247.91 (MB).
    Completing 100% with 27 violations.
    elapsed time = 00:00:06, memory = 3247.91 (MB).
[INFO DRT-0199]   Number of violations = 27.
Viol/Layer          M1     M2     M3     V3
CutSpcTbl            0      0      0      3
EOL                  0      1      0      0
Metal Spacing        3      0     10      0
Short                0      0      4      0
eolKeepOut           0      6      0      0
[INFO DRT-0267] cpu time = 00:00:50, elapsed time = 00:00:06, memory = 3250.91 (MB), peak = 4995.46 (MB)
Total wire length = 60091 um.
Total wire length on LAYER M1 = 0 um.
Total wire length on LAYER M2 = 13022 um.
Total wire length on LAYER M3 = 22528 um.
Total wire length on LAYER M4 = 12181 um.
Total wire length on LAYER M5 = 6243 um.
Total wire length on LAYER M6 = 3832 um.
Total wire length on LAYER M7 = 2281 um.
Total wire length on LAYER M8 = 0 um.
Total wire length on LAYER M9 = 0 um.
Total wire length on LAYER Pad = 0 um.
Total number of vias = 142028.
Up-via summary (total 142028):

-----------------
 Active         0
     M1     48710
     M2     66110
     M3     16845
     M4      6616
     M5      2598
     M6      1149
     M7         0
     M8         0
     M9         0
-----------------
       142028


[INFO DRT-0195] Start 3rd guides tiles iteration.
    Completing 10% with 27 violations.
    elapsed time = 00:00:00, memory = 3364.16 (MB).
    Completing 20% with 27 violations.
    elapsed time = 00:00:00, memory = 3364.16 (MB).
    Completing 30% with 27 violations.
    elapsed time = 00:00:00, memory = 3364.16 (MB).
    Completing 40% with 27 violations.
    elapsed time = 00:00:00, memory = 3364.16 (MB).
    Completing 50% with 12 violations.
    elapsed time = 00:00:00, memory = 3325.36 (MB).
    Completing 60% with 12 violations.
    elapsed time = 00:00:00, memory = 3325.36 (MB).
    Completing 70% with 12 violations.
    elapsed time = 00:00:00, memory = 3430.02 (MB).
    Completing 80% with 12 violations.
    elapsed time = 00:00:01, memory = 3351.84 (MB).
    Completing 90% with 6 violations.
    elapsed time = 00:00:01, memory = 3351.84 (MB).
    Completing 100% with 0 violations.
    elapsed time = 00:00:01, memory = 3351.84 (MB).
[INFO DRT-0199]   Number of violations = 0.
[INFO DRT-0267] cpu time = 00:00:06, elapsed time = 00:00:01, memory = 3351.84 (MB), peak = 4995.46 (MB)
Total wire length = 60092 um.
Total wire length on LAYER M1 = 0 um.
Total wire length on LAYER M2 = 13018 um.
Total wire length on LAYER M3 = 22523 um.
Total wire length on LAYER M4 = 12189 um.
Total wire length on LAYER M5 = 6248 um.
Total wire length on LAYER M6 = 3830 um.
Total wire length on LAYER M7 = 2282 um.
Total wire length on LAYER M8 = 0 um.
Total wire length on LAYER M9 = 0 um.
Total wire length on LAYER Pad = 0 um.
Total number of vias = 142049.
Up-via summary (total 142049):

-----------------
 Active         0
     M1     48710
     M2     66114
     M3     16854
     M4      6620
     M5      2600
     M6      1151
     M7         0
     M8         0
     M9         0
-----------------
       142049


[INFO DRT-0198] Complete detail routing.
Total wire length = 60092 um.
Total wire length on LAYER M1 = 0 um.
Total wire length on LAYER M2 = 13018 um.
Total wire length on LAYER M3 = 22523 um.
Total wire length on LAYER M4 = 12189 um.
Total wire length on LAYER M5 = 6248 um.
Total wire length on LAYER M6 = 3830 um.
Total wire length on LAYER M7 = 2282 um.
Total wire length on LAYER M8 = 0 um.
Total wire length on LAYER M9 = 0 um.
Total wire length on LAYER Pad = 0 um.
Total number of vias = 142049.
Up-via summary (total 142049):

-----------------
 Active         0
     M1     48710
     M2     66114
     M3     16854
     M4      6620
     M5      2600
     M6      1151
     M7         0
     M8         0
     M9         0
-----------------
       142049


[INFO DRT-0267] cpu time = 00:08:52, elapsed time = 00:00:34, memory = 3351.97 (MB), peak = 4995.46 (MB)

[INFO DRT-0180] Post processing.
[INFO DRT-0501] Runtime: 46.78s
Took 47 seconds: detailed_route -output_drc /tmp/workspace/scripts-Private_test-fr_cugr_cmp-2-/reports/asap7/aes-mbff/base/5_route_drc.rpt -output_maze /tmp/workspace/scripts-Private_test-fr_cugr_cmp-2-/results/asap7/aes-mbff/base/maze.log -droute_end_iter 64 -verbose 1 -drc_report_iter_step 5
[WARNING GRT-0246] No diode with LEF class CORE ANTENNACELL found.
[INFO ANT-0002] Found 0 net violations.
[INFO ANT-0001] Found 0 pin violations.
[INFO ANT-0002] Found 0 net violations.
[INFO ANT-0001] Found 0 pin violations.
Design area 1665 um^2 43% utilization.
write_db /tmp/workspace/scripts-Private_test-fr_cugr_cmp-2-/results/asap7/aes-mbff/base/5_2_route.odb
Elapsed time: 0:49.00[h:]min:sec. CPU time: user 685.91 sys 5.21 (1410%). Peak memory: 5115348KB.
Log                       Ext     Elapsed/s Peak Memory/MB sha1sum result [0:20)
5_2_route                 .odb           49           4995 3c0e850e4e4a5c771dc5
