OpenROAD 26Q3-1464-gb22abfea20 
Features included (+) or not (-): +GPU +GUI +Python
This program is licensed under the BSD-3 license. See the LICENSE file for details.
Components of this program may be licensed under more restrictive licenses which must be honored.
[INFO ORD-0030] Using 30 thread(s).
source ./platforms/ihp-sg13g2/suppress_message.tcl
read_liberty ./platforms/ihp-sg13g2/lib/sg13g2_stdcell_typ_1p20V_25C.lib
read_db -hier /tmp/workspace/scripts-Private_test-fr_cugr_cmp-2-/results/ihp-sg13g2/ibex/base/3_3_place_gp.odb
[WARNING ORD-0012] Hierarchical flow (-hier) is currently in development and may cause multiple issues. Do not use in production environments.
read_sdc /tmp/workspace/scripts-Private_test-fr_cugr_cmp-2-/results/ihp-sg13g2/ibex/base/2_floorplan.sdc
source ./platforms/ihp-sg13g2/setRC.tcl
estimate_parasitics -placement
replace_arith_modules -path_count 1000 -target setup -slack_threshold 0.0
[INFO RSZ-0151] Starting arithmetic module replacement to optimize 'setup' target
[INFO RSZ-0152] Analyzing 1000 critical paths with slack < 0.00
[INFO RSZ-0153] Identified 0 violating endpoints
[INFO RSZ-0154] Identified 0 critical arithmetic instances
[INFO GPL-0083] Execute incremental mode global placement.
[INFO GPL-0001] ---- Initialize GPL Main Data Structures
[INFO GPL-0002] DBU: 1000
[INFO GPL-0003] SiteSize: (  0.480  3.780 ) um
[INFO GPL-0004] CoreBBox: ( 17.760 18.900 ) ( 600.000 597.240 ) um
[INFO GPL-0016] Core area:                  336732.682 um^2
[INFO GPL-0036] Movable instances area:     260088.797 um^2
[INFO GPL-0037] Total instances area:       260088.797 um^2
[INFO GPL-0035] Pin density area adjust:     26492.338 um^2
[INFO GPL-0032] ---- Initialize Region: Top-level
[INFO GPL-0006] Number of instances:             18049
[INFO GPL-0007] Movable instances:               18049
[INFO GPL-0008] Fixed instances:                     0
[INFO GPL-0009] Dummy instances:                     0
[INFO GPL-0010] Number of nets:                  18207
[INFO GPL-0011] Number of pins:                  63256
[INFO GPL-0012] Die BBox:       (  0.000  0.000 ) ( 617.505 617.505 ) um
[INFO GPL-0013] Placement BBox: ( 17.760 18.900 ) ( 600.000 597.240 ) um
[INFO GPL-0014] Region name: top-level.
[INFO GPL-0015] Region area:                336732.682 um^2
[INFO GPL-0017] Fixed instances area:            0.000 um^2
[INFO GPL-0018] Movable instances area:     286581.135 um^2
[INFO GPL-0019] Utilization:                    85.106 %
[INFO GPL-0020] Standard cells area:        286581.135 um^2
[INFO GPL-0021] Large instances area:            0.000 um^2
[INFO GPL-0154] Identified 18049 placed instances
[INFO GPL-0155] Identified 0 not placed instances
[INFO GPL-0156] Identified all instances as placed. Skipping incremental mode
Perform buffer insertion and gate resizing...
repair_design -verbose -match_cell_footprint
Iteration |   Area    | Resized | Buffers | Nets repaired | Remaining
---------------------------------------------------------------------
        0 |     +0.0% |       0 |       0 |             0 |     18207
     1000 |     +0.0% |       0 |       1 |             1 |     17207
     2000 |     +0.0% |       0 |       1 |             1 |     16207
     3000 |     +0.0% |       0 |       1 |             1 |     15207
     4000 |     +0.0% |       0 |       1 |             1 |     14207
     5000 |     +0.0% |       0 |       1 |             1 |     13207
     6000 |     +0.0% |       0 |       1 |             1 |     12207
     7000 |     +0.0% |       0 |       1 |             1 |     11207
     8000 |     +0.0% |       0 |       1 |             1 |     10207
     9000 |     +0.0% |       0 |       1 |             1 |      9207
    10000 |     +0.0% |       0 |       1 |             1 |      8207
    11000 |     +0.0% |       0 |       1 |             1 |      7207
    12000 |     +0.0% |       0 |       1 |             1 |      6207
    13000 |     +0.0% |       0 |       1 |             1 |      5207
    14000 |     +0.0% |       0 |       1 |             1 |      4207
    15000 |     +0.0% |       0 |       1 |             1 |      3207
    16000 |     +0.0% |       0 |       1 |             1 |      2207
    17000 |     +0.0% |       0 |       1 |             1 |      1207
    18000 |     +0.0% |       0 |       1 |             1 |       207
    final |     +0.0% |       0 |       1 |             1 |         0
---------------------------------------------------------------------
[INFO RSZ-0035] Found 1 fanout violations.
[INFO RSZ-0038] Inserted 1 buffers in 1 nets.
[INFO RSZ-0504] Runtime: 1.70s
Floating nets: 
Report metrics stage 3, resizer...

==========================================================================
resizer report_design_area
--------------------------------------------------------------------------
Design area 260096 um^2 77% utilization.
Instance count before 18049, after 18050
Pin count before 62992, after 62994
write_db /tmp/workspace/scripts-Private_test-fr_cugr_cmp-2-/results/ihp-sg13g2/ibex/base/3_4_place_resized.odb
Elapsed time: 0:10.09[h:]min:sec. CPU time: user 15.71 sys 7.94 (234%). Peak memory: 210340KB.
Log                       Ext     Elapsed/s Peak Memory/MB sha1sum result [0:20)
3_4_place_resized         .odb           10            205 1b4e6901fb45cf33d583
