OpenROAD 26Q3-1464-gb22abfea20 
Features included (+) or not (-): +GPU +GUI +Python
This program is licensed under the BSD-3 license. See the LICENSE file for details.
Components of this program may be licensed under more restrictive licenses which must be honored.
[INFO ORD-0030] Using 32 thread(s).
source ./platforms/asap7/liberty_suppressions.tcl
read_liberty ./platforms/asap7/lib/NLDM/asap7sc7p5t_AO_RVT_FF_nldm_211120.lib.gz
read_liberty ./platforms/asap7/lib/NLDM/asap7sc7p5t_INVBUF_RVT_FF_nldm_220122.lib.gz
read_liberty ./platforms/asap7/lib/NLDM/asap7sc7p5t_OA_RVT_FF_nldm_211120.lib.gz
read_liberty ./platforms/asap7/lib/NLDM/asap7sc7p5t_SIMPLE_RVT_FF_nldm_211120.lib.gz
read_liberty ./platforms/asap7/lib/NLDM/asap7sc7p5t_SEQ_RVT_FF_nldm_220123.lib
read_liberty /tmp/workspace/scripts-Private_test-fr_cugr_cmp-2-/results/asap7/aes-block_aes_rcon/base/aes_rcon_typ.lib
read_liberty /tmp/workspace/scripts-Private_test-fr_cugr_cmp-2-/results/asap7/aes-block_aes_sbox/base/aes_sbox_typ.lib
read_db /tmp/workspace/scripts-Private_test-fr_cugr_cmp-2-/results/asap7/aes-block/base/3_2_place_iop.odb
read_sdc /tmp/workspace/scripts-Private_test-fr_cugr_cmp-2-/results/asap7/aes-block/base/2_floorplan.sdc
source ./platforms/asap7/setRC.tcl
[INFO RSZ-0026] Removed 196 buffers.
Perform port buffering...
[INFO RSZ-0027] Inserted 258 BUFx2_ASAP7_75t_R input buffers.
[INFO RSZ-0028] Inserted 129 BUFx2_ASAP7_75t_R output buffers.
global_placement -density 0.6 -pad_left 0 -pad_right 0 -routability_driven -timing_driven -force_center_initial_place -min_phi_coef 0.95 -max_phi_coef 1.05
[INFO GPL-0001] ---- Initialize GPL Main Data Structures
[INFO GPL-0002] DBU: 1000
[INFO GPL-0003] SiteSize: (  0.054  0.270 ) um
[INFO GPL-0004] CoreBBox: (  2.052  2.160 ) ( 111.780 111.780 ) um
[INFO GPL-0016] Core area:                   12028.383 um^2
[INFO GPL-0036] Movable instances area:        555.206 um^2
[INFO GPL-0037] Total instances area:         5844.539 um^2
[INFO GPL-0035] Pin density area adjust:        42.579 um^2
[INFO GPL-0032] ---- Initialize Region: Top-level
[INFO GPL-0006] Number of instances:             13578
[INFO GPL-0007] Movable instances:                4464
[INFO GPL-0008] Fixed instances:                  4059
[INFO GPL-0009] Dummy instances:                  5055
[INFO GPL-0010] Number of nets:                   4916
[INFO GPL-0011] Number of pins:                  13912
[INFO GPL-0012] Die BBox:       (  0.000  0.000 ) ( 113.801 113.801 ) um
[INFO GPL-0013] Placement BBox: (  2.052  2.160 ) ( 111.780 111.780 ) um
[INFO GPL-0014] Region name: top-level.
[INFO GPL-0015] Region area:                 12028.383 um^2
[INFO GPL-0017] Fixed instances area:         9844.358 um^2
[INFO GPL-0018] Movable instances area:        597.785 um^2
[INFO GPL-0019] Utilization:                    27.371 %
[INFO GPL-0020] Standard cells area:           597.785 um^2
[INFO GPL-0021] Large instances area:            0.000 um^2
[INFO GPL-0005] ---- Execute Conjugate Gradient Initial Placement.
[INFO GPL-0051] Source of initial instance position counters:
	Odb location = 0	Core center = 4464	Region center = 0
[InitialPlace]  Iter: 1 conjugate gradient residual: 0.00000161 HPWL: 49742432
[InitialPlace]  Iter: 2 conjugate gradient residual: 0.00000149 HPWL: 55432465
[InitialPlace]  Iter: 3 conjugate gradient residual: 0.00000282 HPWL: 52333954
[InitialPlace]  Iter: 4 conjugate gradient residual: 0.00000081 HPWL: 49913540
[InitialPlace]  Iter: 5 conjugate gradient residual: 0.00000171 HPWL: 48487197
[INFO GPL-0033] ---- Initialize Nesterov Region: Top-level
[INFO GPL-0023] Placement target density:       0.6000
[INFO GPL-0024] Movable insts average area:      0.134 um^2
[INFO GPL-0025] Ideal bin area:                  0.223 um^2
[INFO GPL-0026] Ideal bin count:                 53893
[INFO GPL-0027] Total bin area:              12028.383 um^2
[INFO GPL-0028] Bin count (X, Y):         128 ,    128
[INFO GPL-0029] Bin size (W * H):       0.857 *  0.856 um
[INFO GPL-0030] Number of bins:                  16384
[INFO GPL-0084] ---- Execute Nesterov Global Placement.
[INFO GPL-0031] HPWL: Half-Perimeter Wirelength
Iteration | Overflow |     HPWL (um) |  HPWL(%) |   Penalty | Group
---------------------------------------------------------------
        0 |   0.7573 |  4.074591e+04 |   +0.00% |  7.45e-12 |      
       10 |   0.6399 |  4.337296e+04 |   +6.45% |  1.21e-11 |      
[INFO GPL-0100] Timing-driven iteration 1/2, virtual: false.
[INFO GPL-0101]    Iter: 13, overflow: 0.630, keep resizer changes at: 1, HPWL: 43233951
Iteration |   Area    | Resized | Buffers | Nets repaired | Remaining
---------------------------------------------------------------------
        0 |     +0.0% |       0 |       0 |             0 |      4916
    final |     +0.1% |       4 |      15 |             4 |         0
---------------------------------------------------------------------
[INFO RSZ-0034] Found 4 slew violations.
[INFO RSZ-0036] Found 3 capacitance violations.
[INFO RSZ-0037] Found 1 long wires.
[INFO RSZ-0039] Resized 4 instances.
[INFO RSZ-0038] Inserted 15 buffers in 4 nets.
   Iter   |    Area   | Removed | Inserted |   Pins
          |           | Buffers | Buffers  | Remaining
-------------------------------------------------------
        0 |     +0.0% |       0 |        0 |      4657
      460 |     +0.0% |       0 |        0 |      4197
      920 |     +0.0% |       0 |        0 |      3737
     1380 |     +0.0% |       0 |        2 |      3277
     1840 |     +0.0% |       0 |        9 |      2817
     2300 |     +0.1% |       0 |       78 |      2357
     2760 |     +0.4% |       0 |      212 |      1897
     3220 |     +0.4% |       0 |      245 |      1437
     3680 |     +0.4% |       3 |      260 |       977
     4140 |     +0.4% |       4 |      264 |       517
     4600 |     +0.4% |      15 |      278 |        57
    final |     +0.4% |      15 |      278 |         0
-------------------------------------------------------
[INFO GPL-0106] Timing-driven: worst slack -3.306953e-11
[INFO GPL-0107] Timing-driven: repair_design delta area: 28.168 um^2 (+4.71%)
[INFO GPL-0108] Timing-driven: repair_design, gpl delta gcells: 278 (+6.23%)
[INFO GPL-0109] Timing-driven: repair_design, gcells created: 293, deleted: 15
[INFO GPL-0110] Timing-driven: new target density: 0.61289746
Iteration | Overflow |     HPWL (um) |  HPWL(%) |   Penalty | Group
---------------------------------------------------------------
       20 |   0.6194 |  4.475292e+04 |   +3.18% |  1.98e-11 |      
       30 |   0.6176 |  4.445664e+04 |   -0.66% |  3.22e-11 |      
       40 |   0.6174 |  4.436210e+04 |   -0.21% |  5.24e-11 |      
       50 |   0.6140 |  4.435579e+04 |   -0.01% |  8.54e-11 |      
       60 |   0.6136 |  4.433263e+04 |   -0.05% |  1.39e-10 |      
       70 |   0.6119 |  4.434690e+04 |   +0.03% |  2.27e-10 |      
       80 |   0.6090 |  4.431439e+04 |   -0.07% |  3.69e-10 |      
       90 |   0.6054 |  4.421315e+04 |   -0.23% |  6.01e-10 |      
      100 |   0.6019 |  4.407427e+04 |   -0.31% |  9.79e-10 |      
[INFO GPL-0038] Routability snapshot saved at iter = 106
      105 |   0.5996 |  4.399133e+04 |          |           |      
      110 |   0.5973 |  4.389906e+04 |   -0.40% |  1.59e-09 |      
      120 |   0.5900 |  4.368329e+04 |   -0.49% |  2.60e-09 |      
      130 |   0.5780 |  4.338359e+04 |   -0.69% |  4.23e-09 |      
      140 |   0.5644 |  4.296941e+04 |   -0.95% |  6.89e-09 |      
      150 |   0.5422 |  4.246572e+04 |   -1.17% |  1.12e-08 |      
      160 |   0.5127 |  4.172775e+04 |   -1.74% |  1.83e-08 |      
      170 |   0.4882 |  4.094210e+04 |   -1.88% |  2.98e-08 |      
      180 |   0.4791 |  4.038835e+04 |   -1.35% |  4.85e-08 |      
      190 |   0.4638 |  4.008894e+04 |   -0.74% |  7.90e-08 |      
      200 |   0.4419 |  3.992876e+04 |   -0.40% |  1.29e-07 |      
      210 |   0.4140 |  3.987420e+04 |   -0.14% |  2.10e-07 |      
      220 |   0.3656 |  3.991124e+04 |   +0.09% |  3.42e-07 |      
      230 |   0.3133 |  3.984337e+04 |   -0.17% |  5.24e-07 |      
[INFO GPL-0040] Routability iteration: 1
[INFO GPL-0041] Total routing overflow: 0.0000
[INFO GPL-0042] Number of overflowed tiles: 0 (0.00%)
[INFO GPL-0043] Average top 0.5% routing congestion: 0.8966
[INFO GPL-0044] Average top 1.0% routing congestion: 0.8889
[INFO GPL-0045] Average top 2.0% routing congestion: 0.8812
[INFO GPL-0046] Average top 5.0% routing congestion: 0.8703
[INFO GPL-0047] Routability iteration weighted routing congestion: 0.8928
[INFO GPL-0050] Weighted routing congestion is lower than target routing congestion(1.0100), end routability optimization.
[INFO GPL-0090] Routability finished. Target routing congestion achieved succesfully.
Iteration | Overflow |     HPWL (um) |  HPWL(%) |   Penalty | Group
---------------------------------------------------------------
      240 |   0.2818 |  3.983449e+04 |   -0.02% |  7.72e-07 |      
      250 |   0.2448 |  3.969671e+04 |   -0.35% |  1.14e-06 |      
      260 |   0.2194 |  3.947129e+04 |   -0.57% |  1.67e-06 |      
      270 |   0.2003 |  3.929541e+04 |   -0.45% |  2.47e-06 |      
[INFO GPL-0100] Timing-driven iteration 2/2, virtual: false.
[INFO GPL-0101]    Iter: 276, overflow: 0.192, keep resizer changes at: 1, HPWL: 39204796
Iteration |   Area    | Resized | Buffers | Nets repaired | Remaining
---------------------------------------------------------------------
        0 |     +0.0% |       0 |       0 |             0 |      5194
    final |     +0.0% |       0 |       0 |             0 |         0
---------------------------------------------------------------------
   Iter   |    Area   | Removed | Inserted |   Pins
          |           | Buffers | Buffers  | Remaining
-------------------------------------------------------
        0 |     +0.0% |       0 |        0 |      4657
      460 |     +0.1% |       0 |       31 |      4197
      920 |     +0.1% |       0 |       32 |      3737
     1380 |     +0.1% |       2 |       36 |      3277
     1840 |     +0.1% |       9 |       63 |      2817
     2300 |     +0.2% |      78 |      159 |      2357
     2760 |     +0.2% |     212 |      317 |      1897
     3220 |     +0.2% |     245 |      353 |      1437
     3680 |     +0.2% |     260 |      384 |       977
     4140 |     +0.2% |     264 |      387 |       517
     4600 |     +0.3% |     278 |      413 |        57
    final |     +0.3% |     278 |      413 |         0
-------------------------------------------------------
[INFO GPL-0106] Timing-driven: worst slack -3.914563e-11
[INFO GPL-0107] Timing-driven: repair_design delta area: 15.192 um^2 (+2.43%)
[INFO GPL-0108] Timing-driven: repair_design, gpl delta gcells: 135 (+2.85%)
[INFO GPL-0109] Timing-driven: repair_design, gcells created: 413, deleted: 278
[INFO GPL-0110] Timing-driven: new target density: 0.6198536
Iteration | Overflow |     HPWL (um) |  HPWL(%) |   Penalty | Group
---------------------------------------------------------------
      280 |   0.1810 |  4.037636e+04 |   +2.75% |  3.63e-06 |      
      290 |   0.1628 |  4.037278e+04 |   -0.01% |  5.35e-06 |      
      300 |   0.1505 |  3.967084e+04 |   -1.74% |  7.89e-06 |      
      310 |   0.1367 |  3.896036e+04 |   -1.79% |  1.16e-05 |      
      320 |   0.1238 |  3.863486e+04 |   -0.84% |  1.71e-05 |      
      330 |   0.1080 |  3.841195e+04 |   -0.58% |  2.52e-05 |      
      335 |   0.0998 |  3.838588e+04 |          |  3.18e-05 |      
---------------------------------------------------------------
[INFO GPL-1001] Global placement finished at iteration 335
[INFO GPL-1017] Routability mode iteration count: 127
[INFO GPL-1005] Routability final weighted congestion: 0.8915
[INFO GPL-1002] Placed Cell Area              641.1457
[INFO GPL-1003] Available Free Area          2184.0257
[INFO GPL-1004] Minimum Feasible Density        0.2800 (cell_area / free_area)
[INFO GPL-1006]   Suggested Target Densities:
[INFO GPL-1007]     - For 90% usage of free space: 0.3262
[INFO GPL-1008]     - For 80% usage of free space: 0.3670
[INFO GPL-1009]     - For 50% usage of free space: 0.5871
[INFO GPL-1011] Original area (um^2): 597.78
[INFO GPL-1012] Total routability artificial inflation: 0.00 (+0.00%)
[INFO GPL-1013] Total timing-driven delta area: 43.36 (+7.25%)
[INFO GPL-1014] Final placement area: 641.15 (+7.25%)
estimate_parasitics -placement
Report metrics stage 3, global place...

==========================================================================
global place report_design_area
--------------------------------------------------------------------------
Design area 5834 um^2 49% utilization.
write_db /tmp/workspace/scripts-Private_test-fr_cugr_cmp-2-/results/asap7/aes-block/base/3_3_place_gp.odb
Elapsed time: 0:04.43[h:]min:sec. CPU time: user 35.43 sys 3.41 (877%). Peak memory: 453324KB.
Log                       Ext     Elapsed/s Peak Memory/MB sha1sum result [0:20)
3_3_place_gp              .odb            4            442 012a9529645f43b8054f
