OpenROAD 26Q3-1464-gb22abfea20 
Features included (+) or not (-): +GPU +GUI +Python
This program is licensed under the BSD-3 license. See the LICENSE file for details.
Components of this program may be licensed under more restrictive licenses which must be honored.
[INFO ORD-0030] Using 30 thread(s).
read_liberty ./platforms/gt2n/lib/gt2_6t_w31_lvt_tt_0p7v25c.lib
[WARNING STA-1171] ./platforms/gt2n/lib/gt2_6t_w31_lvt_tt_0p7v25c.lib line 58, default_fanout_load is 0.0.
read_liberty ./platforms/gt2n/lib/gt2_6t_w31_hvt_tt_0p7v25c.lib
[WARNING STA-1171] ./platforms/gt2n/lib/gt2_6t_w31_hvt_tt_0p7v25c.lib line 58, default_fanout_load is 0.0.
read_liberty ./platforms/gt2n/lib/gt2_6t_w31_svt_tt_0p7v25c.lib
[WARNING STA-1171] ./platforms/gt2n/lib/gt2_6t_w31_svt_tt_0p7v25c.lib line 58, default_fanout_load is 0.0.
read_liberty ./platforms/gt2n/lib/gt2_6t_w31_ulvt_tt_0p7v25c.lib
[WARNING STA-1171] ./platforms/gt2n/lib/gt2_6t_w31_ulvt_tt_0p7v25c.lib line 58, default_fanout_load is 0.0.
read_liberty ./platforms/gt2n/lib/gt2_6t_w31_elvt_tt_0p7v25c.lib
[WARNING STA-1171] ./platforms/gt2n/lib/gt2_6t_w31_elvt_tt_0p7v25c.lib line 58, default_fanout_load is 0.0.
read_liberty ./platforms/gt2n/lib/gt2_6t_w13_lvt_tt_0p7v25c.lib
[WARNING STA-1171] ./platforms/gt2n/lib/gt2_6t_w13_lvt_tt_0p7v25c.lib line 58, default_fanout_load is 0.0.
read_liberty ./platforms/gt2n/lib/gt2_6t_w13_hvt_tt_0p7v25c.lib
[WARNING STA-1171] ./platforms/gt2n/lib/gt2_6t_w13_hvt_tt_0p7v25c.lib line 58, default_fanout_load is 0.0.
read_liberty ./platforms/gt2n/lib/gt2_6t_w13_svt_tt_0p7v25c.lib
[WARNING STA-1171] ./platforms/gt2n/lib/gt2_6t_w13_svt_tt_0p7v25c.lib line 58, default_fanout_load is 0.0.
read_liberty ./platforms/gt2n/lib/gt2_6t_w13_ulvt_tt_0p7v25c.lib
[WARNING STA-1171] ./platforms/gt2n/lib/gt2_6t_w13_ulvt_tt_0p7v25c.lib line 58, default_fanout_load is 0.0.
read_liberty ./platforms/gt2n/lib/gt2_6t_w13_elvt_tt_0p7v25c.lib
[WARNING STA-1171] ./platforms/gt2n/lib/gt2_6t_w13_elvt_tt_0p7v25c.lib line 58, default_fanout_load is 0.0.
read_db /tmp/workspace/scripts-Private_test-fr_cugr_cmp-1-/results/gt2n/gcd/base/2_floorplan.odb
read_sdc /tmp/workspace/scripts-Private_test-fr_cugr_cmp-1-/results/gt2n/gcd/base/2_floorplan.sdc
source ./platforms/gt2n/setRC.tcl
global_placement -skip_io -density 0.35 -pad_left 0 -pad_right 0
[INFO GPL-0001] ---- Initialize GPL Main Data Structures
[INFO GPL-0002] DBU: 2000
[INFO GPL-0003] SiteSize: (  0.042  0.144 ) um
[INFO GPL-0004] CoreBBox: (  0.504  0.576 ) (  8.358  8.352 ) um
[INFO GPL-0016] Core area:                      61.073 um^2
[INFO GPL-0036] Movable instances area:         16.366 um^2
[INFO GPL-0037] Total instances area:           17.527 um^2
[INFO GPL-0035] Pin density area adjust:         2.026 um^2
[INFO GPL-0032] ---- Initialize Region: Top-level
[INFO GPL-0006] Number of instances:               666
[INFO GPL-0007] Movable instances:                 474
[INFO GPL-0008] Fixed instances:                   192
[INFO GPL-0009] Dummy instances:                     0
[INFO GPL-0010] Number of nets:                    510
[INFO GPL-0011] Number of pins:                   1530
[INFO GPL-0012] Die BBox:       (  0.000  0.000 ) (  8.882  8.882 ) um
[INFO GPL-0013] Placement BBox: (  0.504  0.576 ) (  8.358  8.352 ) um
[INFO GPL-0014] Region name: top-level.
[INFO GPL-0015] Region area:                    61.073 um^2
[INFO GPL-0017] Fixed instances area:            1.161 um^2
[INFO GPL-0018] Movable instances area:         18.392 um^2
[INFO GPL-0019] Utilization:                    30.699 %
[INFO GPL-0020] Standard cells area:            18.392 um^2
[INFO GPL-0021] Large instances area:            0.000 um^2
[INFO GPL-0005] ---- Execute Conjugate Gradient Initial Placement.
[INFO GPL-0051] Source of initial instance position counters:
	Odb location = 0	Core center = 474	Region center = 0
[INFO GPL-0033] ---- Initialize Nesterov Region: Top-level
[INFO GPL-0023] Placement target density:       0.3500
[INFO GPL-0024] Movable insts average area:      0.039 um^2
[INFO GPL-0025] Ideal bin area:                  0.111 um^2
[INFO GPL-0026] Ideal bin count:                   550
[INFO GPL-0027] Total bin area:                 61.073 um^2
[INFO GPL-0028] Bin count (X, Y):          16 ,     16
[INFO GPL-0029] Bin size (W * H):       0.491 *  0.486 um
[INFO GPL-0030] Number of bins:                    256
[INFO GPL-0084] ---- Execute Nesterov Global Placement.
[INFO GPL-0031] HPWL: Half-Perimeter Wirelength
Iteration | Overflow |     HPWL (um) |  HPWL(%) |   Penalty | Group
---------------------------------------------------------------
        0 |   0.9791 |  5.433050e+01 |   +0.00% |  1.90e-12 |      
       10 |   0.9719 |  3.014000e+01 |  -44.52% |  3.10e-12 |      
       20 |   0.9717 |  2.984650e+01 |   -0.97% |  5.05e-12 |      
       30 |   0.9718 |  2.980200e+01 |   -0.15% |  8.23e-12 |      
       40 |   0.9718 |  2.985250e+01 |   +0.17% |  1.34e-11 |      
       50 |   0.9718 |  2.986500e+01 |   +0.04% |  2.18e-11 |      
       60 |   0.9717 |  2.990050e+01 |   +0.12% |  3.56e-11 |      
       70 |   0.9717 |  2.996250e+01 |   +0.21% |  5.79e-11 |      
       80 |   0.9717 |  3.008650e+01 |   +0.41% |  9.44e-11 |      
       90 |   0.9716 |  3.033400e+01 |   +0.82% |  1.54e-10 |      
      100 |   0.9714 |  3.067650e+01 |   +1.13% |  2.50e-10 |      
      110 |   0.9711 |  3.134250e+01 |   +2.17% |  4.08e-10 |      
      120 |   0.9698 |  3.260100e+01 |   +4.02% |  6.64e-10 |      
      130 |   0.9633 |  3.606450e+01 |  +10.62% |  1.08e-09 |      
      140 |   0.9598 |  5.281450e+01 |  +46.44% |  1.76e-09 |      
      150 |   0.9288 |  8.798350e+01 |  +66.59% |  2.87e-09 |      
      160 |   0.8912 |  1.169710e+02 |  +32.95% |  4.68e-09 |      
      170 |   0.8608 |  1.494740e+02 |  +27.79% |  7.62e-09 |      
      180 |   0.8231 |  1.843520e+02 |  +23.33% |  1.24e-08 |      
      190 |   0.7890 |  2.005420e+02 |   +8.78% |  2.02e-08 |      
      200 |   0.7456 |  2.291210e+02 |  +14.25% |  3.29e-08 |      
      210 |   0.7034 |  2.571500e+02 |  +12.23% |  5.36e-08 |      
      220 |   0.6526 |  2.810940e+02 |   +9.31% |  8.74e-08 |      
      230 |   0.6033 |  3.076945e+02 |   +9.46% |  1.42e-07 |      
      240 |   0.5526 |  3.345290e+02 |   +8.72% |  2.32e-07 |      
      250 |   0.4938 |  3.563145e+02 |   +6.51% |  3.78e-07 |      
      260 |   0.4380 |  3.781685e+02 |   +6.13% |  6.15e-07 |      
      270 |   0.3839 |  4.021865e+02 |   +6.35% |  1.00e-06 |      
      280 |   0.3306 |  4.149045e+02 |   +3.16% |  1.58e-06 |      
      290 |   0.2995 |  4.300290e+02 |   +3.65% |  2.33e-06 |      
      300 |   0.2591 |  4.373575e+02 |   +1.70% |  3.44e-06 |      
      310 |   0.2316 |  4.476860e+02 |   +2.36% |  5.06e-06 |      
      320 |   0.2050 |  4.527830e+02 |   +1.14% |  7.46e-06 |      
      330 |   0.1764 |  4.587465e+02 |   +1.32% |  1.10e-05 |      
      340 |   0.1547 |  4.628180e+02 |   +0.89% |  1.62e-05 |      
      350 |   0.1298 |  4.685005e+02 |   +1.23% |  2.38e-05 |      
      360 |   0.1124 |  4.725670e+02 |   +0.87% |  3.51e-05 |      
      367 |   0.0985 |  4.757195e+02 |          |  4.79e-05 |      
---------------------------------------------------------------
[INFO GPL-1001] Global placement finished at iteration 367
[INFO GPL-1002] Placed Cell Area               18.3919
[INFO GPL-1003] Available Free Area            59.9115
[INFO GPL-1004] Minimum Feasible Density        0.3100 (cell_area / free_area)
[INFO GPL-1006]   Suggested Target Densities:
[INFO GPL-1007]     - For 90% usage of free space: 0.3411
[INFO GPL-1008]     - For 80% usage of free space: 0.3837
[INFO GPL-1009]     - For 50% usage of free space: 0.6140
[INFO GPL-1014] Final placement area: 18.39 (+0.00%)
Design area 18 um^2 29% utilization.
write_db /tmp/workspace/scripts-Private_test-fr_cugr_cmp-1-/results/gt2n/gcd/base/3_1_place_gp_skip_io.odb
Elapsed time: 0:00.51[h:]min:sec. CPU time: user 3.53 sys 0.07 (699%). Peak memory: 128572KB.
Log                       Ext     Elapsed/s Peak Memory/MB sha1sum result [0:20)
3_1_place_gp_skip_io      .odb            0            125 155d65690cee5176b442
