[2026-08-20 04:21:34.978] [miter_logger] [info] MiterStrategy::run starting
[2026-08-20 04:21:34.978] [miter_logger] [info] Collecting POs for design 0: gcd

[2026-08-20 04:21:34.983] [miter_logger] [info] Collected 141 PIs for design 0

[2026-08-20 04:21:34.983] [miter_logger] [info] Collected 158 POs for design 0

[2026-08-20 04:21:34.983] [miter_logger] [info] design 0 PI summary by model/term (141 total terminals, 7 unique rows):
| Model                       | Term     | Count |
|-----------------------------|----------|-------|
| gt2_6t_tiehigh_w31_lvt      | Y        |    70 |
| gt2_6t_dffasync_x1_w13_elvt | Q        |    35 |
| gcd                         | req_msg  |    32 |
| gcd                         | clk      |     1 |
| gcd                         | req_val  |     1 |
| gcd                         | reset    |     1 |
| gcd                         | resp_rdy |     1 |

[2026-08-20 04:21:34.983] [miter_logger] [info] design 0 PO summary by model/term (158 total terminals, 7 unique rows):
| Model                       | Term     | Count |
|-----------------------------|----------|-------|
| gt2_6t_dffasync_x1_w13_elvt | CLK      |    35 |
| gt2_6t_dffasync_x1_w13_elvt | D        |    35 |
| gt2_6t_dffasync_x1_w13_elvt | RESETN   |    35 |
| gt2_6t_dffasync_x1_w13_elvt | SETN     |    35 |
| gcd                         | resp_msg |    16 |
| gcd                         | req_rdy  |     1 |
| gcd                         | resp_val |     1 |

[2026-08-20 04:21:34.983] [miter_logger] [info] Collecting POs for design 1: gcd

[2026-08-20 04:21:34.986] [miter_logger] [info] size of common inputs: 71
[2026-08-20 04:21:34.986] [miter_logger] [info] size of diff0 inputs: 0
[2026-08-20 04:21:34.986] [miter_logger] [info] size of diff1 inputs: 0
[2026-08-20 04:21:34.986] [miter_logger] [info] Collected 141 PIs for design 1

[2026-08-20 04:21:34.986] [miter_logger] [info] Collected 158 POs for design 1

[2026-08-20 04:21:34.986] [miter_logger] [info] design 1 PI summary by model/term (141 total terminals, 7 unique rows):
| Model                       | Term     | Count |
|-----------------------------|----------|-------|
| gt2_6t_tiehigh_w31_lvt      | Y        |    70 |
| gt2_6t_dffasync_x1_w13_elvt | Q        |    35 |
| gcd                         | req_msg  |    32 |
| gcd                         | clk      |     1 |
| gcd                         | req_val  |     1 |
| gcd                         | reset    |     1 |
| gcd                         | resp_rdy |     1 |

[2026-08-20 04:21:34.986] [miter_logger] [info] design 1 PO summary by model/term (158 total terminals, 7 unique rows):
| Model                       | Term     | Count |
|-----------------------------|----------|-------|
| gt2_6t_dffasync_x1_w13_elvt | CLK      |    35 |
| gt2_6t_dffasync_x1_w13_elvt | D        |    35 |
| gt2_6t_dffasync_x1_w13_elvt | RESETN   |    35 |
| gt2_6t_dffasync_x1_w13_elvt | SETN     |    35 |
| gcd                         | resp_msg |    16 |
| gcd                         | req_rdy  |     1 |
| gcd                         | resp_val |     1 |

[2026-08-20 04:21:34.986] [miter_logger] [info] normalizeInputs: starting
[2026-08-20 04:21:34.986] [miter_logger] [info] size of common inputs: 141
[2026-08-20 04:21:34.986] [miter_logger] [info] size of diff0 inputs: 0
[2026-08-20 04:21:34.986] [miter_logger] [info] size of diff1 inputs: 0
[2026-08-20 04:21:34.986] [miter_logger] [info] normalizeOutputs: starting
[2026-08-20 04:21:34.986] [miter_logger] [info] size of common outputs: 158
[2026-08-20 04:21:34.986] [miter_logger] [info] size of diff0 outputs: 0
[2026-08-20 04:21:34.986] [miter_logger] [info] size of diff1 outputs: 0
[2026-08-20 04:21:34.986] [miter_logger] [info] size of PIs in circuit 0: 141
[2026-08-20 04:21:34.986] [miter_logger] [info] size of PIs in circuit 1: 141
[2026-08-20 04:21:34.986] [miter_logger] [info] size of POs in circuit 0: 158
[2026-08-20 04:21:34.986] [miter_logger] [info] size of POs in circuit 1: 158
[2026-08-20 04:21:34.996] [miter_logger] [info] Building miter expression
[2026-08-20 04:21:34.996] [miter_logger] [info] Finished building miter expression
[2026-08-20 04:21:34.996] [miter_logger] [info] Starting solver
[2026-08-20 04:21:34.996] [miter_logger] [info] SAT solver finished: UNSAT
[2026-08-20 04:21:34.996] [miter_logger] [info] Circuits are IDENTICAL
