OpenROAD 26Q3-1464-gb22abfea20 
Features included (+) or not (-): +GPU +GUI +Python
This program is licensed under the BSD-3 license. See the LICENSE file for details.
Components of this program may be licensed under more restrictive licenses which must be honored.
[INFO ORD-0030] Using 32 thread(s).
source ./platforms/asap7/liberty_suppressions.tcl
read_liberty ./platforms/asap7/lib/NLDM/asap7sc7p5t_AO_RVT_FF_nldm_211120.lib.gz
read_liberty ./platforms/asap7/lib/NLDM/asap7sc7p5t_INVBUF_RVT_FF_nldm_220122.lib.gz
read_liberty ./platforms/asap7/lib/NLDM/asap7sc7p5t_OA_RVT_FF_nldm_211120.lib.gz
read_liberty ./platforms/asap7/lib/NLDM/asap7sc7p5t_SIMPLE_RVT_FF_nldm_211120.lib.gz
read_liberty ./platforms/asap7/lib/NLDM/asap7sc7p5t_SEQ_RVT_FF_nldm_220123.lib
read_db /tmp/workspace/scripts-Private_test-fr_cugr_cmp-1-/results/asap7/aes-block_aes_rcon/base/2_floorplan.odb
read_sdc /tmp/workspace/scripts-Private_test-fr_cugr_cmp-1-/results/asap7/aes-block_aes_rcon/base/2_floorplan.sdc
source ./platforms/asap7/setRC.tcl
global_placement -skip_io -density 0.7 -pad_left 0 -pad_right 0
[INFO GPL-0001] ---- Initialize GPL Main Data Structures
[INFO GPL-0002] DBU: 1000
[INFO GPL-0003] SiteSize: (  0.054  0.270 ) um
[INFO GPL-0004] CoreBBox: (  2.052  2.160 ) (  7.128  7.020 ) um
[INFO GPL-0016] Core area:                      24.669 um^2
[INFO GPL-0036] Movable instances area:         11.591 um^2
[INFO GPL-0037] Total instances area:           12.641 um^2
[INFO GPL-0035] Pin density area adjust:         0.974 um^2
[INFO GPL-0032] ---- Initialize Region: Top-level
[INFO GPL-0006] Number of instances:               151
[INFO GPL-0007] Movable instances:                 115
[INFO GPL-0008] Fixed instances:                    36
[INFO GPL-0009] Dummy instances:                     0
[INFO GPL-0010] Number of nets:                    118
[INFO GPL-0011] Number of pins:                    275
[INFO GPL-0012] Die BBox:       (  0.000  0.000 ) (  9.144  9.144 ) um
[INFO GPL-0013] Placement BBox: (  2.052  2.160 ) (  7.128  7.020 ) um
[INFO GPL-0014] Region name: top-level.
[INFO GPL-0015] Region area:                    24.669 um^2
[INFO GPL-0017] Fixed instances area:            1.050 um^2
[INFO GPL-0018] Movable instances area:         12.565 um^2
[INFO GPL-0019] Utilization:                    53.199 %
[INFO GPL-0020] Standard cells area:            12.565 um^2
[INFO GPL-0021] Large instances area:            0.000 um^2
[INFO GPL-0005] ---- Execute Conjugate Gradient Initial Placement.
[INFO GPL-0051] Source of initial instance position counters:
	Odb location = 0	Core center = 115	Region center = 0
[INFO GPL-0033] ---- Initialize Nesterov Region: Top-level
[INFO GPL-0023] Placement target density:       0.7000
[INFO GPL-0024] Movable insts average area:      0.109 um^2
[INFO GPL-0025] Ideal bin area:                  0.156 um^2
[INFO GPL-0026] Ideal bin count:                   158
[INFO GPL-0027] Total bin area:                 24.669 um^2
[INFO GPL-0028] Bin count (X, Y):           8 ,      8
[INFO GPL-0029] Bin size (W * H):       0.634 *  0.608 um
[INFO GPL-0030] Number of bins:                     64
[INFO GPL-0084] ---- Execute Nesterov Global Placement.
[INFO GPL-0031] HPWL: Half-Perimeter Wirelength
Iteration | Overflow |     HPWL (um) |  HPWL(%) |   Penalty | Group
---------------------------------------------------------------
        0 |   0.9101 |  1.565700e+01 |   +0.00% |  9.37e-12 |      
       10 |   0.8751 |  8.053000e+00 |  -48.57% |  1.53e-11 |      
       20 |   0.8797 |  8.138000e+00 |   +1.06% |  2.49e-11 |      
       30 |   0.8783 |  8.086000e+00 |   -0.64% |  4.05e-11 |      
       40 |   0.8786 |  8.096000e+00 |   +0.12% |  6.59e-11 |      
       50 |   0.8785 |  8.099000e+00 |   +0.04% |  1.07e-10 |      
       60 |   0.8785 |  8.144000e+00 |   +0.56% |  1.75e-10 |      
       70 |   0.8784 |  8.208000e+00 |   +0.79% |  2.85e-10 |      
       80 |   0.8782 |  8.294000e+00 |   +1.05% |  4.64e-10 |      
       90 |   0.8773 |  8.395000e+00 |   +1.22% |  7.56e-10 |      
      100 |   0.8713 |  8.550000e+00 |   +1.85% |  1.23e-09 |      
      110 |   0.8456 |  8.689000e+00 |   +1.63% |  2.01e-09 |      
      120 |   0.7850 |  9.105000e+00 |   +4.79% |  3.27e-09 |      
      130 |   0.7089 |  9.357000e+00 |   +2.77% |  5.32e-09 |      
      140 |   0.6634 |  9.555000e+00 |   +2.12% |  8.67e-09 |      
      150 |   0.6384 |  9.112000e+00 |   -4.64% |  1.41e-08 |      
      160 |   0.6133 |  8.620000e+00 |   -5.40% |  2.30e-08 |      
      170 |   0.6018 |  8.517000e+00 |   -1.19% |  3.75e-08 |      
      180 |   0.6118 |  8.758000e+00 |   +2.83% |  6.11e-08 |      
      190 |   0.6046 |  9.700000e+00 |  +10.76% |  9.94e-08 |      
      200 |   0.5779 |  1.303000e+01 |  +34.33% |  1.62e-07 |      
      210 |   0.5300 |  1.916500e+01 |  +47.08% |  2.64e-07 |      
      220 |   0.5039 |  2.450900e+01 |  +27.88% |  4.30e-07 |      
      230 |   0.4632 |  2.991000e+01 |  +22.04% |  7.00e-07 |      
      240 |   0.4137 |  3.510400e+01 |  +17.37% |  1.14e-06 |      
      250 |   0.3617 |  3.974800e+01 |  +13.23% |  1.86e-06 |      
      260 |   0.3205 |  4.355800e+01 |   +9.59% |  2.85e-06 |      
      270 |   0.2811 |  4.677800e+01 |   +7.39% |  4.20e-06 |      
      280 |   0.2411 |  5.000500e+01 |   +6.90% |  6.18e-06 |      
      290 |   0.2035 |  5.349800e+01 |   +6.99% |  9.11e-06 |      
      300 |   0.1637 |  5.651300e+01 |   +5.64% |  1.34e-05 |      
      310 |   0.1328 |  5.905900e+01 |   +4.51% |  1.98e-05 |      
      320 |   0.1003 |  6.083000e+01 |   +3.00% |  2.91e-05 |      
      321 |   0.0981 |  6.093000e+01 |          |  3.15e-05 |      
---------------------------------------------------------------
[INFO GPL-1001] Global placement finished at iteration 321
[INFO GPL-1002] Placed Cell Area               12.5654
[INFO GPL-1003] Available Free Area            23.6196
[INFO GPL-1004] Minimum Feasible Density        0.5400 (cell_area / free_area)
[INFO GPL-1006]   Suggested Target Densities:
[INFO GPL-1007]     - For 90% usage of free space: 0.5911
[INFO GPL-1008]     - For 80% usage of free space: 0.6650
[INFO GPL-1014] Final placement area: 12.57 (+0.00%)
Design area 13 um^2 51% utilization.
write_db /tmp/workspace/scripts-Private_test-fr_cugr_cmp-1-/results/asap7/aes-block_aes_rcon/base/3_1_place_gp_skip_io.odb
Elapsed time: 0:00.96[h:]min:sec. CPU time: user 2.01 sys 0.04 (213%). Peak memory: 201120KB.
Log                       Ext     Elapsed/s Peak Memory/MB sha1sum result [0:20)
3_1_place_gp_skip_io      .odb            0            196 1d4be9b3c7642fb99cc0
