[2026-08-20 04:11:07.397] [miter_logger] [info] MiterStrategy::run starting
[2026-08-20 04:11:07.397] [miter_logger] [info] Collecting POs for design 0: aes_rcon

[2026-08-20 04:11:07.397] [miter_logger] [info] Collected 38 PIs for design 0

[2026-08-20 04:11:07.397] [miter_logger] [info] Collected 56 POs for design 0

[2026-08-20 04:11:07.397] [miter_logger] [info] design 0 PI summary by model/term (38 total terminals, 4 unique rows):
| Model                | Term | Count |
|----------------------|------|-------|
| TIELOx1_ASAP7_75t_R  | L    |    24 |
| DFFHQNx1_ASAP7_75t_R | QN   |    12 |
| aes_rcon             | clk  |     1 |
| aes_rcon             | kld  |     1 |

[2026-08-20 04:11:07.397] [miter_logger] [info] design 0 PO summary by model/term (56 total terminals, 3 unique rows):
| Model                | Term | Count |
|----------------------|------|-------|
| aes_rcon             | out  |    32 |
| DFFHQNx1_ASAP7_75t_R | CLK  |    12 |
| DFFHQNx1_ASAP7_75t_R | D    |    12 |

[2026-08-20 04:11:07.397] [miter_logger] [info] Collecting POs for design 1: aes_rcon

[2026-08-20 04:11:07.398] [miter_logger] [info] size of common inputs: 14
[2026-08-20 04:11:07.398] [miter_logger] [info] size of diff0 inputs: 0
[2026-08-20 04:11:07.398] [miter_logger] [info] size of diff1 inputs: 0
[2026-08-20 04:11:07.398] [miter_logger] [info] Collected 38 PIs for design 1

[2026-08-20 04:11:07.398] [miter_logger] [info] Collected 56 POs for design 1

[2026-08-20 04:11:07.398] [miter_logger] [info] design 1 PI summary by model/term (38 total terminals, 4 unique rows):
| Model                | Term | Count |
|----------------------|------|-------|
| TIELOx1_ASAP7_75t_R  | L    |    24 |
| DFFHQNx1_ASAP7_75t_R | QN   |    12 |
| aes_rcon             | clk  |     1 |
| aes_rcon             | kld  |     1 |

[2026-08-20 04:11:07.398] [miter_logger] [info] design 1 PO summary by model/term (56 total terminals, 3 unique rows):
| Model                | Term | Count |
|----------------------|------|-------|
| aes_rcon             | out  |    32 |
| DFFHQNx1_ASAP7_75t_R | CLK  |    12 |
| DFFHQNx1_ASAP7_75t_R | D    |    12 |

[2026-08-20 04:11:07.398] [miter_logger] [info] normalizeInputs: starting
[2026-08-20 04:11:07.398] [miter_logger] [info] size of common inputs: 38
[2026-08-20 04:11:07.398] [miter_logger] [info] size of diff0 inputs: 0
[2026-08-20 04:11:07.398] [miter_logger] [info] size of diff1 inputs: 0
[2026-08-20 04:11:07.398] [miter_logger] [info] normalizeOutputs: starting
[2026-08-20 04:11:07.398] [miter_logger] [info] size of common outputs: 56
[2026-08-20 04:11:07.398] [miter_logger] [info] size of diff0 outputs: 0
[2026-08-20 04:11:07.398] [miter_logger] [info] size of diff1 outputs: 0
[2026-08-20 04:11:07.398] [miter_logger] [info] size of PIs in circuit 0: 38
[2026-08-20 04:11:07.398] [miter_logger] [info] size of PIs in circuit 1: 38
[2026-08-20 04:11:07.398] [miter_logger] [info] size of POs in circuit 0: 56
[2026-08-20 04:11:07.398] [miter_logger] [info] size of POs in circuit 1: 56
[2026-08-20 04:11:07.399] [miter_logger] [info] Building miter expression
[2026-08-20 04:11:07.399] [miter_logger] [info] Finished building miter expression
[2026-08-20 04:11:07.399] [miter_logger] [info] Starting solver
[2026-08-20 04:11:07.399] [miter_logger] [info] SAT solver finished: UNSAT
[2026-08-20 04:11:07.399] [miter_logger] [info] Circuits are IDENTICAL
