OpenROAD 26Q3-1464-gb22abfea20 
Features included (+) or not (-): +GPU +GUI +Python
This program is licensed under the BSD-3 license. See the LICENSE file for details.
Components of this program may be licensed under more restrictive licenses which must be honored.
[INFO ORD-0030] Using 32 thread(s).
load_design 6_final.odb 6_final.sdc
source ./platforms/asap7/liberty_suppressions.tcl
read_liberty ./platforms/asap7/lib/NLDM/asap7sc7p5t_AO_RVT_FF_nldm_211120.lib.gz
read_liberty ./platforms/asap7/lib/NLDM/asap7sc7p5t_INVBUF_RVT_FF_nldm_220122.lib.gz
read_liberty ./platforms/asap7/lib/NLDM/asap7sc7p5t_OA_RVT_FF_nldm_211120.lib.gz
read_liberty ./platforms/asap7/lib/NLDM/asap7sc7p5t_SIMPLE_RVT_FF_nldm_211120.lib.gz
read_liberty ./platforms/asap7/lib/NLDM/asap7sc7p5t_SEQ_RVT_FF_nldm_220123.lib
read_db /tmp/workspace/scripts-Private_test-fr_cugr_cmp-1-/results/asap7/aes-block_aes_rcon/base/6_final.odb
read_sdc /tmp/workspace/scripts-Private_test-fr_cugr_cmp-1-/results/asap7/aes-block_aes_rcon/base/6_final.sdc
source ./platforms/asap7/setRC.tcl
read_spef /tmp/workspace/scripts-Private_test-fr_cugr_cmp-1-/results/asap7/aes-block_aes_rcon/base/6_final.spef
[WARNING STA-0450] virtual clock vclk_clk can not be propagated.
Generating abstract views
write_timing_model /tmp/workspace/scripts-Private_test-fr_cugr_cmp-1-/results/asap7/aes-block_aes_rcon/base/aes_rcon_typ.lib
write_abstract_lef -bloat_occupied_layers /tmp/workspace/scripts-Private_test-fr_cugr_cmp-1-/results/asap7/aes-block_aes_rcon/base/aes_rcon.lef
Elapsed time: 0:00.94[h:]min:sec. CPU time: user 0.89 sys 0.05 (100%). Peak memory: 200580KB.
