Yosys 0.68+post (git sha1 UNKNOWN, Release, GNU /usr/local/bin/wrapped-cc/g++ 11.4.0)
Using ABC speed script.
Extracting clock period from SDC file: /tmp/workspace/scripts-Private_test-fr_cugr_cmp-2-/results/nangate45/bp_be/base/clock_period.txt
Setting clock period to 2.6
1. Executing Liberty frontend: ./platforms/nangate45/lib/NangateOpenCellLibrary_typical.lib
2. Executing Liberty frontend: ./platforms/nangate45/lib/fakeram45_512x64.lib
3. Executing Liberty frontend: ./platforms/nangate45/lib/fakeram45_64x15.lib
4. Executing Liberty frontend: ./platforms/nangate45/lib/fakeram45_64x96.lib
5. Executing Liberty frontend: ./platforms/nangate45/lib/NangateOpenCellLibrary_typical.lib
6. Executing Liberty frontend: ./platforms/nangate45/lib/fakeram45_512x64.lib
7. Executing Liberty frontend: ./platforms/nangate45/lib/fakeram45_64x15.lib
8. Executing Liberty frontend: ./platforms/nangate45/lib/fakeram45_64x96.lib
9. Executing Verilog-2005 frontend: /OpenROAD-flow-scripts/flow/designs/src/bp_be_top/pickled.v
10. Executing Verilog-2005 frontend: /OpenROAD-flow-scripts/flow/designs/nangate45/bp_be_top/macros.v
11. Executing Verilog-2005 frontend: ./platforms/nangate45/cells_clkgate.v
12. Executing HIERARCHY pass (managing design hierarchy).
13. Executing AST frontend in derive mode using pre-parsed AST for module `\bp_be_top'.
13.1. Analyzing design hierarchy..
13.2. Executing AST frontend in derive mode using pre-parsed AST for module `\bp_be_mmu_top_vaddr_width_p56_paddr_width_p22_asid_width_p10_branch_metadata_fwd_width_p36_num_cce_p1_num_lce_p2_cce_block_size_in_bytes_p64_lce_assoc_p8_lce_sets_p64'.
13.3. Executing AST frontend in derive mode using pre-parsed AST for module `\bp_be_calculator_top_vaddr_width_p56_paddr_width_p22_asid_width_p10_branch_metadata_fwd_width_p36_core_els_p1_num_lce_p2_lce_sets_p64_cce_block_size_in_bytes_p64'.
13.4. Executing AST frontend in derive mode using pre-parsed AST for module `\bp_be_checker_top_vaddr_width_p56_paddr_width_p22_asid_width_p10_branch_metadata_fwd_width_p36'.
13.5. Analyzing design hierarchy..
13.6. Executing AST frontend in derive mode using pre-parsed AST for module `\bp_be_scheduler_vaddr_width_p56_paddr_width_p22_asid_width_p10_branch_metadata_fwd_width_p36'.
13.7. Executing AST frontend in derive mode using pre-parsed AST for module `\bp_be_detector_vaddr_width_p56_paddr_width_p22_asid_width_p10_branch_metadata_fwd_width_p36'.
13.8. Executing AST frontend in derive mode using pre-parsed AST for module `\bp_be_director_vaddr_width_p56_paddr_width_p22_asid_width_p10_branch_metadata_fwd_width_p36'.
13.9. Executing AST frontend in derive mode using pre-parsed AST for module `\bsg_dff_width_p35'.
13.10. Executing AST frontend in derive mode using pre-parsed AST for module `\bsg_dff_width_p640'.
13.11. Executing AST frontend in derive mode using pre-parsed AST for module `\bsg_mux_segmented_segments_p5_segment_width_p128'.
13.12. Executing AST frontend in derive mode using pre-parsed AST for module `\bsg_dff_width_p1890'.
13.13. Executing AST frontend in derive mode using pre-parsed AST for module `\bp_be_pipe_fp'.
13.14. Executing AST frontend in derive mode using pre-parsed AST for module `\bp_be_pipe_mem_vaddr_width_p56_lce_sets_p64_cce_block_size_in_bytes_p64'.
13.15. Executing AST frontend in derive mode using pre-parsed AST for module `\bp_be_pipe_mul'.
13.16. Executing AST frontend in derive mode using pre-parsed AST for module `\bp_be_pipe_int_core_els_p1'.
13.17. Executing AST frontend in derive mode using pre-parsed AST for module `\bsg_mux_width_p64_els_p2'.
13.18. Executing AST frontend in derive mode using pre-parsed AST for module `\bp_be_bypass_fwd_els_p4'.
13.19. Executing AST frontend in derive mode using pre-parsed AST for module `\bp_be_instr_decoder'.
13.20. Executing AST frontend in derive mode using pre-parsed AST for module `\bsg_dff_reset_en_width_p1'.
13.21. Executing AST frontend in derive mode using pre-parsed AST for module `\bsg_dff_reset_en_width_p221'.
13.22. Executing AST frontend in derive mode using pre-parsed AST for module `\bp_be_regfile'.
13.23. Executing AST frontend in derive mode using pre-parsed AST for module `\bp_be_dcache_data_width_p64_paddr_width_p22_sets_p64_ways_p8_num_cce_p1_num_lce_p2'.
13.24. Analyzing design hierarchy..
13.25. Executing AST frontend in derive mode using pre-parsed AST for module `\bsg_mux_width_p64_els_p8'.
13.26. Executing AST frontend in derive mode using pre-parsed AST for module `\bsg_decode_with_v_num_out_p8'.
13.27. Executing AST frontend in derive mode using pre-parsed AST for module `\bp_be_dcache_lru_decode_ways_p8'.
13.28. Executing AST frontend in derive mode using pre-parsed AST for module `\bsg_decode_num_out_p8'.
13.29. Executing AST frontend in derive mode using pre-parsed AST for module `\bsg_mux_width_p8_els_p8'.
13.30. Executing AST frontend in derive mode using pre-parsed AST for module `\bsg_mux_width_p16_els_p4'.
13.31. Executing AST frontend in derive mode using pre-parsed AST for module `\bsg_mux_width_p32_els_p2'.
13.32. Executing AST frontend in derive mode using pre-parsed AST for module `\bsg_mux_segmented_segments_p8_segment_width_p8'.
13.33. Executing AST frontend in derive mode using pre-parsed AST for module `\bp_be_dcache_lce_data_width_p64_paddr_width_p22_lce_data_width_p512_sets_p64_ways_p8_num_cce_p1_num_lce_p2'.
13.34. Executing AST frontend in derive mode using pre-parsed AST for module `\bsg_priority_encode_width_p8_lo_to_hi_p1'.
13.35. Executing AST frontend in derive mode using pre-parsed AST for module `\bp_be_dcache_lru_encode_ways_p8'.
13.36. Executing AST frontend in derive mode using pre-parsed AST for module `\bsg_mem_1rw_sync_mask_write_bit_width_p15_els_p64'.
13.37. Executing AST frontend in derive mode using pre-parsed AST for module `\bp_be_dcache_wbuf_data_width_p64_paddr_width_p22_ways_p8_sets_p64'.
13.38. Executing AST frontend in derive mode using pre-parsed AST for module `\bsg_mem_1rw_sync_mask_write_byte_els_p512_data_width_p64'.
13.39. Executing AST frontend in derive mode using pre-parsed AST for module `\bsg_mem_1rw_sync_mask_write_bit_width_p96_els_p64'.
13.40. Executing AST frontend in derive mode using pre-parsed AST for module `\bsg_dff_en_width_p5'.
13.41. Executing AST frontend in derive mode using pre-parsed AST for module `\bsg_mem_2r1w_sync_width_p64_els_p32_read_write_same_addr_p1'.
13.42. Executing AST frontend in derive mode using pre-parsed AST for module `\bsg_crossbar_o_by_i_i_els_p5_o_els_p1_width_p64'.
13.43. Executing AST frontend in derive mode using pre-parsed AST for module `\bsg_priority_encode_one_hot_out_width_p5_lo_to_hi_p1'.
13.44. Executing AST frontend in derive mode using pre-parsed AST for module `\bp_be_int_alu'.
13.45. Executing AST frontend in derive mode using pre-parsed AST for module `\bsg_dff_en_width_p36'.
13.46. Executing AST frontend in derive mode using pre-parsed AST for module `\bsg_dff_reset_en_64_80000124'.
13.47. Executing AST frontend in derive mode using pre-parsed AST for module `\bsg_dff_reset_en_width_p8'.
13.48. Analyzing design hierarchy..
13.49. Executing AST frontend in derive mode using pre-parsed AST for module `\bsg_scan_width_p5_or_p1_lo_to_hi_p1'.
13.50. Executing AST frontend in derive mode using pre-parsed AST for module `\bsg_mux_one_hot_width_p64_els_p5'.
13.51. Executing AST frontend in derive mode using pre-parsed AST for module `\bsg_mem_2r1w_sync_synth_width_p64_els_p32_read_write_same_addr_p1_harden_p0'.
13.52. Executing AST frontend in derive mode using pre-parsed AST for module `\hard_mem_1rw_bit_mask_d64_w96_wrapper'.
13.53. Executing AST frontend in derive mode using pre-parsed AST for module `\hard_mem_1rw_byte_mask_d512_w64_wrapper'.
13.54. Executing AST frontend in derive mode using pre-parsed AST for module `\bsg_encode_one_hot_width_p8_lo_to_hi_p1'.
13.55. Executing AST frontend in derive mode using pre-parsed AST for module `\bsg_priority_encode_one_hot_out_width_p8_lo_to_hi_p1'.
13.56. Executing AST frontend in derive mode using pre-parsed AST for module `\bp_be_dcache_wbuf_queue_width_p97'.
13.57. Executing AST frontend in derive mode using pre-parsed AST for module `\hard_mem_1rw_bit_mask_d64_w15_wrapper'.
13.58. Executing AST frontend in derive mode using pre-parsed AST for module `\bp_be_dcache_lce_tr_num_lce_p2_num_cce_p1_data_width_p64_paddr_width_p22_lce_data_width_p512_ways_p8_sets_p64'.
13.59. Executing AST frontend in derive mode using pre-parsed AST for module `\bsg_two_fifo_width_p539'.
13.60. Executing AST frontend in derive mode using pre-parsed AST for module `\bp_be_dcache_lce_data_cmd_num_cce_p1_num_lce_p2_data_width_p64_paddr_width_p22_lce_data_width_p512_ways_p8_sets_p64'.
13.61. Executing AST frontend in derive mode using pre-parsed AST for module `\bsg_two_fifo_width_p540'.
13.62. Executing AST frontend in derive mode using pre-parsed AST for module `\bp_be_dcache_lce_cmd_num_cce_p1_num_lce_p2_paddr_width_p22_lce_data_width_p512_sets_p64_ways_p8_data_width_p64'.
13.63. Executing AST frontend in derive mode using pre-parsed AST for module `\bsg_two_fifo_width_p36'.
13.64. Executing AST frontend in derive mode using pre-parsed AST for module `\bp_be_dcache_lce_req_data_width_p64_paddr_width_p22_num_cce_p1_num_lce_p2_ways_p8_sets_p64'.
Warning: reg '\lce_req_o' is assigned in a continuous assignment at /OpenROAD-flow-scripts/flow/designs/src/bp_be_top/pickled.v:10438.10-10438.30.
Warning: reg '\lce_req_o' is assigned in a continuous assignment at /OpenROAD-flow-scripts/flow/designs/src/bp_be_top/pickled.v:10439.10-10439.30.
Warning: reg '\lce_req_o' is assigned in a continuous assignment at /OpenROAD-flow-scripts/flow/designs/src/bp_be_top/pickled.v:10463.10-10463.37.
Warning: reg '\lce_req_o' is assigned in a continuous assignment at /OpenROAD-flow-scripts/flow/designs/src/bp_be_top/pickled.v:10484.10-10485.49.
Warning: reg '\lce_req_o' is assigned in a continuous assignment at /OpenROAD-flow-scripts/flow/designs/src/bp_be_top/pickled.v:10488.10-10489.41.
Warning: reg '\lce_req_o' is assigned in a continuous assignment at /OpenROAD-flow-scripts/flow/designs/src/bp_be_top/pickled.v:10547.10-10547.29.
13.65. Analyzing design hierarchy..
13.66. Executing AST frontend in derive mode using pre-parsed AST for module `\bsg_mem_1r1w_width_p36_els_p2_read_write_same_addr_p0'.
13.67. Executing AST frontend in derive mode using pre-parsed AST for module `\bsg_mem_1r1w_width_p540_els_p2_read_write_same_addr_p0'.
13.68. Executing AST frontend in derive mode using pre-parsed AST for module `\bsg_mem_1r1w_width_p539_els_p2_read_write_same_addr_p0'.
13.69. Executing AST frontend in derive mode using pre-parsed AST for module `\bsg_scan_width_p8_or_p1_lo_to_hi_p1'.
13.70. Executing AST frontend in derive mode using pre-parsed AST for module `\bsg_encode_one_hot_width_p4'.
13.71. Analyzing design hierarchy..
13.72. Executing AST frontend in derive mode using pre-parsed AST for module `\bsg_encode_one_hot_width_p2'.
13.73. Executing AST frontend in derive mode using pre-parsed AST for module `\bsg_mem_1r1w_synth_width_p539_els_p2_read_write_same_addr_p0_harden_p0'.
13.74. Executing AST frontend in derive mode using pre-parsed AST for module `\bsg_mem_1r1w_synth_width_p540_els_p2_read_write_same_addr_p0_harden_p0'.
13.75. Executing AST frontend in derive mode using pre-parsed AST for module `\bsg_mem_1r1w_synth_width_p36_els_p2_read_write_same_addr_p0_harden_p0'.
13.76. Analyzing design hierarchy..
13.77. Executing AST frontend in derive mode using pre-parsed AST for module `\bsg_encode_one_hot_width_p1'.
13.78. Analyzing design hierarchy..
13.79. Analyzing design hierarchy..
14. Executing OPT_CLEAN pass (remove unused cells and wires).
Warning: Ignoring module bsg_mem_1r1w_synth_width_p36_els_p2_read_write_same_addr_p0_harden_p0 because it contains processes (run 'proc' command first).
Warning: Ignoring module bsg_mem_1r1w_synth_width_p540_els_p2_read_write_same_addr_p0_harden_p0 because it contains processes (run 'proc' command first).
Warning: Ignoring module bsg_mem_1r1w_synth_width_p539_els_p2_read_write_same_addr_p0_harden_p0 because it contains processes (run 'proc' command first).
Warning: Ignoring module bp_be_dcache_lce_req_data_width_p64_paddr_width_p22_num_cce_p1_num_lce_p2_ways_p8_sets_p64 because it contains processes (run 'proc' command first).
Warning: Ignoring module bsg_two_fifo_width_p36 because it contains processes (run 'proc' command first).
Warning: Ignoring module bp_be_dcache_lce_cmd_num_cce_p1_num_lce_p2_paddr_width_p22_lce_data_width_p512_sets_p64_ways_p8_data_width_p64 because it contains processes (run 'proc' command first).
Warning: Ignoring module bsg_two_fifo_width_p540 because it contains processes (run 'proc' command first).
Warning: Ignoring module bsg_two_fifo_width_p539 because it contains processes (run 'proc' command first).
Warning: Ignoring module bp_be_dcache_wbuf_queue_width_p97 because it contains processes (run 'proc' command first).
Warning: Ignoring module bsg_mem_2r1w_sync_synth_width_p64_els_p32_read_write_same_addr_p1_harden_p0 because it contains processes (run 'proc' command first).
Warning: Ignoring module bsg_dff_reset_en_width_p8 because it contains processes (run 'proc' command first).
Warning: Ignoring module bsg_dff_reset_en_64_80000124 because it contains processes (run 'proc' command first).
Warning: Ignoring module bsg_dff_en_width_p36 because it contains processes (run 'proc' command first).
Warning: Ignoring module bsg_dff_en_width_p5 because it contains processes (run 'proc' command first).
Warning: Ignoring module bp_be_dcache_wbuf_data_width_p64_paddr_width_p22_ways_p8_sets_p64 because it contains processes (run 'proc' command first).
Warning: Ignoring module bp_be_dcache_lce_data_width_p64_paddr_width_p22_lce_data_width_p512_sets_p64_ways_p8_num_cce_p1_num_lce_p2 because it contains processes (run 'proc' command first).
Warning: Ignoring module bp_be_dcache_data_width_p64_paddr_width_p22_sets_p64_ways_p8_num_cce_p1_num_lce_p2 because it contains processes (run 'proc' command first).
Warning: Ignoring module bsg_dff_reset_en_width_p221 because it contains processes (run 'proc' command first).
Warning: Ignoring module bsg_dff_reset_en_width_p1 because it contains processes (run 'proc' command first).
Warning: Ignoring module bsg_dff_width_p1890 because it contains processes (run 'proc' command first).
Warning: Ignoring module bsg_dff_width_p640 because it contains processes (run 'proc' command first).
Warning: Ignoring module bsg_dff_width_p35 because it contains processes (run 'proc' command first).
Warning: Ignoring module bp_be_mmu_top_vaddr_width_p56_paddr_width_p22_asid_width_p10_branch_metadata_fwd_width_p36_num_cce_p1_num_lce_p2_cce_block_size_in_bytes_p64_lce_assoc_p8_lce_sets_p64 because it contains processes (run 'proc' command first).
Warning: Ignoring module bp_be_top because it contains processes (run 'proc' command first).
15. Executing RTLIL backend.
Warnings: 30 unique messages, 30 total
End of script. Logfile hash: 2b19d6935f, time: 0.87s, user: 0.80s, system: 0.06s, MEM: 135.01 MB peak
Yosys 0.68+post (git sha1 UNKNOWN, Release, GNU /usr/local/bin/wrapped-cc/g++ 11.4.0)
Time spent: 53% 1x hierarchy (0 sec), 26% 6x read_verilog (0 sec), ...
Elapsed time: 0:00.90[h:]min:sec. CPU time: user 0.84 sys 0.07 (100%). Peak memory: 141068KB.
Log                       Ext     Elapsed/s Peak Memory/MB sha1sum result [0:20)
1_1_yosys_canonicalize    .rtlil          0            137 f99e27e57773757e5915
