OpenROAD 26Q3-1464-gb22abfea20 
Features included (+) or not (-): +GPU +GUI +Python
This program is licensed under the BSD-3 license. See the LICENSE file for details.
Components of this program may be licensed under more restrictive licenses which must be honored.
[INFO ORD-0030] Using 30 thread(s).
read_liberty ./platforms/nangate45/lib/NangateOpenCellLibrary_typical.lib
read_liberty ./platforms/nangate45/lib/fakeram45_512x64.lib
read_liberty ./platforms/nangate45/lib/fakeram45_64x15.lib
read_liberty ./platforms/nangate45/lib/fakeram45_64x96.lib
read_db /tmp/workspace/scripts-Private_test-fr_cugr_cmp-2-/results/nangate45/bp_be/base/2_3_floorplan_tapcell.odb
read_sdc /tmp/workspace/scripts-Private_test-fr_cugr_cmp-2-/results/nangate45/bp_be/base/2_1_floorplan.sdc
source ./platforms/nangate45/setRC.tcl
[WARNING PDN-1051] No instances found for grid (CORE_macro_grid_2).
[INFO PDN-0001] Inserting grid: grid
[INFO PDN-0001] Inserting grid: CORE_macro_grid_1 - be_mmu.dcache/data_mem_0__data_mem.macro_mem/mem
[INFO PDN-0001] Inserting grid: CORE_macro_grid_1 - be_mmu.dcache/data_mem_1__data_mem.macro_mem/mem
[INFO PDN-0001] Inserting grid: CORE_macro_grid_1 - be_mmu.dcache/data_mem_2__data_mem.macro_mem/mem
[INFO PDN-0001] Inserting grid: CORE_macro_grid_1 - be_mmu.dcache/data_mem_3__data_mem.macro_mem/mem
[INFO PDN-0001] Inserting grid: CORE_macro_grid_1 - be_mmu.dcache/data_mem_4__data_mem.macro_mem/mem
[INFO PDN-0001] Inserting grid: CORE_macro_grid_1 - be_mmu.dcache/data_mem_5__data_mem.macro_mem/mem
[INFO PDN-0001] Inserting grid: CORE_macro_grid_1 - be_mmu.dcache/data_mem_6__data_mem.macro_mem/mem
[INFO PDN-0001] Inserting grid: CORE_macro_grid_1 - be_mmu.dcache/data_mem_7__data_mem.macro_mem/mem
[INFO PDN-0001] Inserting grid: CORE_macro_grid_1 - be_mmu.dcache/stat_mem.macro_mem.mem
[INFO PDN-0001] Inserting grid: CORE_macro_grid_1 - be_mmu.dcache/tag_mem.macro_mem/mem
[WARNING PDN-0195] Removing 1 via(s) between metal4 and metal5 at (36.2500 um, 685.9400 um) for VDD
[WARNING PDN-0195] Removing 1 via(s) between metal4 and metal5 at (40.7300 um, 685.9400 um) for VDD
[WARNING PDN-0195] Removing 1 via(s) between metal4 and metal5 at (45.2100 um, 685.9400 um) for VDD
[WARNING PDN-0195] Removing 1 via(s) between metal4 and metal5 at (49.6900 um, 685.9400 um) for VDD
[WARNING PDN-0195] Removing 1 via(s) between metal4 and metal5 at (54.1700 um, 685.9400 um) for VDD
[WARNING PDN-0195] Removing 1 via(s) between metal4 and metal5 at (58.6500 um, 685.9400 um) for VDD
[WARNING PDN-0195] Removing 1 via(s) between metal4 and metal5 at (63.1300 um, 685.9400 um) for VDD
[WARNING PDN-0195] Removing 1 via(s) between metal4 and metal5 at (67.6100 um, 685.9400 um) for VDD
[WARNING PDN-0195] Removing 1 via(s) between metal4 and metal5 at (72.0900 um, 685.9400 um) for VDD
[WARNING PDN-0195] Removing 1 via(s) between metal4 and metal5 at (76.5700 um, 685.9400 um) for VDD
[WARNING PDN-0195] Removing 1 via(s) between metal4 and metal5 at (81.0500 um, 685.9400 um) for VDD
[INFO PDN-0500] Runtime: 0.19s
Design area 240132 um^2 45% utilization.
write_db /tmp/workspace/scripts-Private_test-fr_cugr_cmp-2-/results/nangate45/bp_be/base/2_4_floorplan_pdn.odb
Elapsed time: 0:01.62[h:]min:sec. CPU time: user 1.47 sys 0.15 (100%). Peak memory: 250992KB.
Log                       Ext     Elapsed/s Peak Memory/MB sha1sum result [0:20)
2_4_floorplan_pdn         .odb            1            245 2ae4bcfa72e963f76b42
