OpenROAD 26Q3-1464-gb22abfea20 
Features included (+) or not (-): +GPU +GUI +Python
This program is licensed under the BSD-3 license. See the LICENSE file for details.
Components of this program may be licensed under more restrictive licenses which must be honored.
[INFO ORD-0030] Using 30 thread(s).
read_liberty ./platforms/nangate45/lib/NangateOpenCellLibrary_typical.lib
read_liberty ./platforms/nangate45/lib/fakeram45_512x64.lib
read_liberty ./platforms/nangate45/lib/fakeram45_64x15.lib
read_liberty ./platforms/nangate45/lib/fakeram45_64x96.lib
read_db /tmp/workspace/scripts-Private_test-fr_cugr_cmp-2-/results/nangate45/bp_be/base/3_3_place_gp.odb
read_sdc /tmp/workspace/scripts-Private_test-fr_cugr_cmp-2-/results/nangate45/bp_be/base/2_floorplan.sdc
source ./platforms/nangate45/setRC.tcl
estimate_parasitics -placement
Perform buffer insertion and gate resizing...
repair_design -verbose
Iteration |   Area    | Resized | Buffers | Nets repaired | Remaining
---------------------------------------------------------------------
        0 |     +0.0% |       0 |       0 |             0 |     62598
     1000 |     +0.0% |       0 |       0 |             0 |     61598
     2000 |     +0.0% |       0 |       1 |             1 |     60598
     3000 |     +0.1% |       0 |      93 |            93 |     59598
     4000 |     +0.1% |       0 |     153 |           152 |     58598
     5000 |     +0.1% |       0 |     163 |           162 |     57598
     6000 |     +0.1% |       0 |     165 |           164 |     56598
     7000 |     +0.1% |       0 |     170 |           169 |     55598
     8000 |     +0.1% |       0 |     171 |           170 |     54598
     9000 |     +0.1% |       0 |     174 |           173 |     53598
    10000 |     +0.1% |       0 |     174 |           173 |     52598
    11000 |     +0.1% |       0 |     183 |           182 |     51598
    12000 |     +0.1% |       0 |     186 |           185 |     50598
    13000 |     +0.1% |       0 |     192 |           191 |     49598
    14000 |     +0.1% |       0 |     193 |           192 |     48598
    15000 |     +0.1% |       0 |     193 |           192 |     47598
    16000 |     +0.1% |       0 |     204 |           203 |     46598
    17000 |     +0.1% |       0 |     204 |           203 |     45598
    18000 |     +0.2% |       0 |     221 |           220 |     44598
    19000 |     +0.2% |       0 |     221 |           220 |     43598
    20000 |     +0.2% |       0 |     227 |           226 |     42598
    21000 |     +0.2% |       0 |     228 |           227 |     41598
    22000 |     +0.2% |       0 |     240 |           239 |     40598
    23000 |     +0.2% |       0 |     244 |           243 |     39598
    24000 |     +0.2% |       0 |     245 |           244 |     38598
    25000 |     +0.2% |       0 |     245 |           244 |     37598
    26000 |     +0.2% |       0 |     245 |           244 |     36598
    27000 |     +0.2% |       0 |     245 |           244 |     35598
    28000 |     +0.2% |       0 |     248 |           247 |     34598
    29000 |     +0.2% |       0 |     248 |           247 |     33598
    30000 |     +0.2% |       0 |     251 |           250 |     32598
    31000 |     +0.2% |       0 |     256 |           255 |     31598
    32000 |     +0.2% |       0 |     256 |           255 |     30598
    33000 |     +0.2% |       0 |     256 |           255 |     29598
    34000 |     +0.2% |       0 |     256 |           255 |     28598
    35000 |     +0.2% |       0 |     257 |           256 |     27598
    36000 |     +0.2% |       0 |     257 |           256 |     26598
    37000 |     +0.2% |       0 |     260 |           259 |     25598
    38000 |     +0.2% |       0 |     263 |           262 |     24598
    39000 |     +0.2% |       0 |     265 |           264 |     23598
    40000 |     +0.2% |       0 |     266 |           265 |     22598
    41000 |     +0.2% |       0 |     266 |           265 |     21598
    42000 |     +0.2% |       0 |     266 |           265 |     20598
    43000 |     +0.2% |       0 |     266 |           265 |     19598
    44000 |     +0.2% |       0 |     266 |           265 |     18598
    45000 |     +0.2% |       0 |     266 |           265 |     17598
    46000 |     +0.2% |       0 |     266 |           265 |     16598
    47000 |     +0.2% |       0 |     266 |           265 |     15598
    48000 |     +0.2% |       0 |     266 |           265 |     14598
    49000 |     +0.2% |       0 |     266 |           265 |     13598
    50000 |     +0.2% |       0 |     266 |           265 |     12598
    51000 |     +0.2% |       0 |     266 |           265 |     11598
    52000 |     +0.2% |       0 |     266 |           265 |     10598
    53000 |     +0.2% |       0 |     266 |           265 |      9598
    54000 |     +0.2% |       0 |     266 |           265 |      8598
    55000 |     +0.2% |       0 |     266 |           265 |      7598
    56000 |     +0.2% |       0 |     266 |           265 |      6598
    57000 |     +0.2% |       0 |     266 |           265 |      5598
    58000 |     +0.2% |       0 |     266 |           265 |      4598
    59000 |     +0.2% |       0 |     266 |           265 |      3598
    60000 |     +0.2% |       0 |     266 |           265 |      2598
    61000 |     +0.2% |       0 |     266 |           265 |      1598
    62000 |     +0.2% |       0 |     266 |           265 |       598
    final |     +0.2% |       0 |     266 |           265 |         0
---------------------------------------------------------------------
[INFO RSZ-0034] Found 22 slew violations.
[INFO RSZ-0036] Found 265 capacitance violations.
[INFO RSZ-0038] Inserted 266 buffers in 265 nets.
[INFO RSZ-0504] Runtime: 4.75s
Took 5 seconds: repair_design -verbose
Floating nets: 
Report metrics stage 3, resizer...

==========================================================================
resizer report_design_area
--------------------------------------------------------------------------
Design area 239839 um^2 45% utilization.
Instance count before 55046, after 55312
Pin count before 192991, after 193523
write_db /tmp/workspace/scripts-Private_test-fr_cugr_cmp-2-/results/nangate45/bp_be/base/3_4_place_resized.odb
Elapsed time: 0:26.22[h:]min:sec. CPU time: user 39.23 sys 24.25 (242%). Peak memory: 404592KB.
Log                       Ext     Elapsed/s Peak Memory/MB sha1sum result [0:20)
3_4_place_resized         .odb           26            395 0877368a4dfedd5f4716
