OpenROAD 26Q3-1464-gb22abfea20 
Features included (+) or not (-): +GPU +GUI +Python
This program is licensed under the BSD-3 license. See the LICENSE file for details.
Components of this program may be licensed under more restrictive licenses which must be honored.
[INFO ORD-0030] Using 30 thread(s).
read_liberty ./platforms/nangate45/lib/NangateOpenCellLibrary_typical.lib
read_liberty ./platforms/nangate45/lib/fakeram45_512x64.lib
read_liberty ./platforms/nangate45/lib/fakeram45_64x15.lib
read_liberty ./platforms/nangate45/lib/fakeram45_64x96.lib
read_db /tmp/workspace/scripts-Private_test-fr_cugr_cmp-2-/results/nangate45/bp_be/base/3_4_place_resized.odb
read_sdc /tmp/workspace/scripts-Private_test-fr_cugr_cmp-2-/results/nangate45/bp_be/base/2_floorplan.sdc
source ./platforms/nangate45/setRC.tcl
detailed_placement
[INFO DPL-0006] Core area: 528365.38 um^2
[INFO DPL-0007] Movable instances area: 95045.52 um^2
[INFO DPL-0008] Fixed instances area within core: 144793.91 um^2
[INFO DPL-0009] Utilization: 45.4%
[INFO DPL-0005] Diamond search max displacement: +/- 500 sites horizontally, +/- 100 rows vertically.
[INFO DPL-1102] Legalizing using negotiation legalizer.
[INFO DPL-1103] Negotiation base search window: +/-20 sites horizontally, +/-5 rows vertically 
	Automatic search window extension enabled.
	Search window extendable up to the max displacement cap of +/-500 sites, +/-100 rows near walls.
[INFO DPL-1104] NegotiationLegalizer DRC penalty: 5.
[INFO DPL-0392] Negotiation cell height distribution (4 unique row-count(s)):
[INFO DPL-0393]   height 1 row(s): 55302 cells
[INFO DPL-0393]   height 42 row(s): 1 cells
[INFO DPL-0393]   height 64 row(s): 1 cells
[INFO DPL-0393]   height 81 row(s): 8 cells
          |      Total |  Illegal |  Illegal
Iteration | Violations |    Cells |    Sites
---------------------------------------------
        0 |          0 |         0 |         0
Negotiation phase 1 converged at iteration 0.
[INFO DPL-0500] Runtime: 0.61s
Placement Analysis
---------------------------------
total displacement      66861.4 u
average displacement        1.2 u
max displacement           97.3 u
original HPWL         1949946.8 u
legalized HPWL        1982938.2 u
delta HPWL                    2 %

improve_placement -max_displacement "5 1"
Detailed placement improvement.
[INFO DPL-0401] Setting random seed to 1.
[INFO DPL-0402] Setting maximum displacement 5 1 to 14000 2800 units.
[INFO DPL-0320] Collected 6996 fixed cells.
[INFO DPL-0318] Collected 52113 single height cells.
[INFO DPL-0321] Collected 0 wide cells.
[INFO DPL-0322] Image (20140, 22400) - (1579660, 1377600)
[INFO DPL-0310] Assigned 52113 cells into segments.  Movement in X-direction is 0.000000, movement in Y-direction is 0.000000.
[INFO DPL-0313] Found 0 cells in wrong regions.
[INFO DPL-0315] Found 0 row alignment problems.
[INFO DPL-0314] Found 0 site alignment problems.
[INFO DPL-0311] Found 0 overlaps between adjacent cells.
[INFO DPL-0312] Found 0 edge spacing violations and 0 padding violations.
[INFO DPL-0303] Running algorithm for independent set matching.
[INFO DPL-0300] Set matching objective is wirelength.
[INFO DPL-0301] Pass   1 of matching; objective is 3.598427e+09.
[INFO DPL-0302] End of matching; objective is 3.597558e+09, improvement is 0.02 percent.
[INFO DPL-0303] Running algorithm for global swaps.
[INFO DPL-0306] Pass   1 of global swaps; hpwl is 3.565084e+09.
[INFO DPL-0307] End of global swaps; objective is 3.565084e+09, improvement is 0.90 percent.
[INFO DPL-0303] Running algorithm for vertical swaps.
[INFO DPL-0308] Pass   1 of vertical swaps; hpwl is 3.558637e+09.
[INFO DPL-0309] End of vertical swaps; objective is 3.558637e+09, improvement is 0.18 percent.
[INFO DPL-0303] Running algorithm for reordering.
[INFO DPL-0304] Pass   1 of reordering; objective is 3.557448e+09.
[INFO DPL-0305] End of reordering; objective is 3.557448e+09, improvement is 0.03 percent.
[INFO DPL-0303] Running algorithm for random improvement.
[INFO DPL-0324] Random improver is using random generator.
[INFO DPL-0325] Random improver is using hpwl objective.
[INFO DPL-0326] Random improver cost string is (a).
[INFO DPL-0332] End of pass, Generator random called 1042260 times.
[INFO DPL-0335] Generator random, Cumulative attempts 1042260, swaps 57256, moves 463939 since last reset.
[INFO DPL-0333] End of pass, Objective hpwl, Initial cost 3.536899e+09, Scratch cost 3.516627e+09, Incremental cost 3.516627e+09, Mismatch? N
[INFO DPL-0338] End of pass, Total cost is 3.516627e+09.
[INFO DPL-0327] Pass   1 of random improver; improvement in cost is 0.57 percent.
[INFO DPL-0328] End of random improver; improvement is 0.573159 percent.
[INFO DPL-0380] Cell flipping.
[INFO DPL-0382] Changed 0 cell orientations for row compatibility.
[INFO DPL-0383] Performed 16916 cell flips.
[INFO DPL-0384] End of flipping; objective is 3.510402e+09, improvement is 0.76 percent.
[INFO DPL-0313] Found 0 cells in wrong regions.
[INFO DPL-0315] Found 0 row alignment problems.
[INFO DPL-0314] Found 0 site alignment problems.
[INFO DPL-0311] Found 0 overlaps between adjacent cells.
[INFO DPL-0312] Found 0 edge spacing violations and 0 padding violations.
Detailed Improvement Results
------------------------------------------
Original HPWL          1982938.2 u (  965092.3,  1017846.0)
Final HPWL             1941890.5 u (  950667.8,   991222.8)
Delta HPWL                  -2.1 % (      -1.5,       -2.6)

Took 10 seconds: improve_placement -max_displacement "5 1"
optimize_mirroring
[INFO DPL-0020] Mirrored 1701 instances
[INFO DPL-0021] HPWL before          1941890.5 u
[INFO DPL-0022] HPWL after           1941698.3 u
[INFO DPL-0023] HPWL delta               -0.0 %
[INFO FLW-0012] Placement violations .
estimate_parasitics -placement
Report metrics stage 3, detailed place...

==========================================================================
detailed place report_design_area
--------------------------------------------------------------------------
Design area 239839 um^2 45% utilization.
write_db /tmp/workspace/scripts-Private_test-fr_cugr_cmp-2-/results/nangate45/bp_be/base/3_5_place_dp.odb
write_sdc -no_timestamp /tmp/workspace/scripts-Private_test-fr_cugr_cmp-2-/results/nangate45/bp_be/base/3_place.sdc
Elapsed time: 0:33.67[h:]min:sec. CPU time: user 45.80 sys 23.46 (205%). Peak memory: 636652KB.
Log                       Ext     Elapsed/s Peak Memory/MB sha1sum result [0:20)
3_5_place_dp              .odb           33            621 7d3386e209cf23f3537a
