OpenROAD 26Q3-1464-gb22abfea20 
Features included (+) or not (-): +GPU +GUI +Python
This program is licensed under the BSD-3 license. See the LICENSE file for details.
Components of this program may be licensed under more restrictive licenses which must be honored.
[INFO ORD-0030] Using 30 thread(s).
source ./platforms/asap7/liberty_suppressions.tcl
read_liberty ./platforms/asap7/lib/NLDM/asap7sc7p5t_AO_RVT_FF_nldm_211120.lib.gz
read_liberty ./platforms/asap7/lib/NLDM/asap7sc7p5t_INVBUF_RVT_FF_nldm_220122.lib.gz
read_liberty ./platforms/asap7/lib/NLDM/asap7sc7p5t_OA_RVT_FF_nldm_211120.lib.gz
read_liberty ./platforms/asap7/lib/NLDM/asap7sc7p5t_SIMPLE_RVT_FF_nldm_211120.lib.gz
read_liberty ./platforms/asap7/lib/NLDM/asap7sc7p5t_SEQ_RVT_FF_nldm_220123.lib
read_db /tmp/workspace/scripts-Private_test-fr_cugr_cmp-1-/results/asap7/gcd/base/5_1_grt.odb
read_sdc /tmp/workspace/scripts-Private_test-fr_cugr_cmp-1-/results/asap7/gcd/base/5_1_grt.sdc
source ./platforms/asap7/setRC.tcl
[WARNING STA-0450] virtual clock vclk_core_clock can not be propagated.
detailed_route -output_drc /tmp/workspace/scripts-Private_test-fr_cugr_cmp-1-/reports/asap7/gcd/base/5_route_drc.rpt -output_maze /tmp/workspace/scripts-Private_test-fr_cugr_cmp-1-/results/asap7/gcd/base/maze.log -droute_end_iter 64 -verbose 1 -drc_report_iter_step 5
[INFO DRT-0149] Reading tech and libs.

Units:                1000
Number of layers:     21
Number of macros:     212
Number of vias:       14
Number of viarulegen: 11

[INFO DRT-0150] Reading design.

Design:                   gcd
Die area:                 ( 0 0 ) ( 8889 8889 )
Number of track patterns: 32
Number of DEF vias:       0
Number of components:     428
Number of terminals:      56
Number of snets:          2
Number of nets:           403

[INFO DRT-0167] List of default vias:
  Layer V2
    default via: VIA23
  Layer V3
    default via: VIA34
  Layer V4
    default via: VIA45
  Layer V5
    default via: VIA56
  Layer V6
    default via: VIA67
  Layer V7
    default via: VIA78
  Layer V8
    default via: VIA89
  Layer V9
    default via: VIA9Pad
[INFO DRT-0162] Library cell analysis.
[INFO DRT-0163] Instance analysis.
[INFO DRT-0164] Number of unique instances = 97.
[INFO DRT-0168] Init region query.
[INFO DRT-0024]   Complete Active.
[INFO DRT-0024]   Complete V0.
[INFO DRT-0024]   Complete M1.
[INFO DRT-0024]   Complete V1.
[INFO DRT-0024]   Complete M2.
[INFO DRT-0024]   Complete V2.
[INFO DRT-0024]   Complete M3.
[INFO DRT-0024]   Complete V3.
[INFO DRT-0024]   Complete M4.
[INFO DRT-0024]   Complete V4.
[INFO DRT-0024]   Complete M5.
[INFO DRT-0024]   Complete V5.
[INFO DRT-0024]   Complete M6.
[INFO DRT-0024]   Complete V6.
[INFO DRT-0024]   Complete M7.
[INFO DRT-0024]   Complete V7.
[INFO DRT-0024]   Complete M8.
[INFO DRT-0024]   Complete V8.
[INFO DRT-0024]   Complete M9.
[INFO DRT-0024]   Complete V9.
[INFO DRT-0024]   Complete Pad.
[INFO DRT-0033] Active shape region query size = 0.
[INFO DRT-0033] V0 shape region query size = 0.
[INFO DRT-0033] M1 shape region query size = 6664.
[INFO DRT-0033] V1 shape region query size = 6816.
[INFO DRT-0033] M2 shape region query size = 222.
[INFO DRT-0033] V2 shape region query size = 180.
[INFO DRT-0033] M3 shape region query size = 180.
[INFO DRT-0033] V3 shape region query size = 120.
[INFO DRT-0033] M4 shape region query size = 143.
[INFO DRT-0033] V4 shape region query size = 120.
[INFO DRT-0033] M5 shape region query size = 103.
[INFO DRT-0033] V5 shape region query size = 16.
[INFO DRT-0033] M6 shape region query size = 16.
[INFO DRT-0033] V6 shape region query size = 0.
[INFO DRT-0033] M7 shape region query size = 0.
[INFO DRT-0033] V7 shape region query size = 0.
[INFO DRT-0033] M8 shape region query size = 0.
[INFO DRT-0033] V8 shape region query size = 0.
[INFO DRT-0033] M9 shape region query size = 0.
[INFO DRT-0033] V9 shape region query size = 0.
[INFO DRT-0033] Pad shape region query size = 0.
[INFO DRT-0165] Start pin access.
[INFO DRT-0078]   Complete 525 pins.
[INFO DRT-0081]   Complete 97 unique inst patterns.
[INFO DRT-0084]   Complete 220 groups.
#scanned instances     = 428
#unique  instances     = 97
#stdCellGenAp          = 2173
#stdCellValidPlanarAp  = 0
#stdCellValidViaAp     = 1764
#stdCellPinNoAp        = 0
#stdCellPinCnt         = 1193
#instTermValidViaApCnt = 0
#macroGenAp            = 0
#macroValidPlanarAp    = 0
#macroValidViaAp       = 0
#macroNoAp             = 0
[INFO DRT-0166] Complete pin access.
[INFO DRT-0267] cpu time = 00:00:10, elapsed time = 00:00:00, memory = 317.46 (MB), peak = 313.35 (MB)

[INFO DRT-0157] Number of guides:     3303

[INFO DRT-0169] Post process guides.
[INFO DRT-0176] GCELLGRID X 0 DO 15 STEP 570 ;
[INFO DRT-0177] GCELLGRID Y 0 DO 15 STEP 570 ;
[INFO DRT-0028]   Complete Active.
[INFO DRT-0028]   Complete V0.
[INFO DRT-0028]   Complete M1.
[INFO DRT-0028]   Complete V1.
[INFO DRT-0028]   Complete M2.
[INFO DRT-0028]   Complete V2.
[INFO DRT-0028]   Complete M3.
[INFO DRT-0028]   Complete V3.
[INFO DRT-0028]   Complete M4.
[INFO DRT-0028]   Complete V4.
[INFO DRT-0028]   Complete M5.
[INFO DRT-0028]   Complete V5.
[INFO DRT-0028]   Complete M6.
[INFO DRT-0028]   Complete V6.
[INFO DRT-0028]   Complete M7.
[INFO DRT-0028]   Complete V7.
[INFO DRT-0028]   Complete M8.
[INFO DRT-0028]   Complete V8.
[INFO DRT-0028]   Complete M9.
[INFO DRT-0028]   Complete V9.
[INFO DRT-0028]   Complete Pad.
[INFO DRT-0178] Init guide query.
[INFO DRT-0035]   Complete Active (guide).
[INFO DRT-0035]   Complete V0 (guide).
[INFO DRT-0035]   Complete M1 (guide).
[INFO DRT-0035]   Complete V1 (guide).
[INFO DRT-0035]   Complete M2 (guide).
[INFO DRT-0035]   Complete V2 (guide).
[INFO DRT-0035]   Complete M3 (guide).
[INFO DRT-0035]   Complete V3 (guide).
[INFO DRT-0035]   Complete M4 (guide).
[INFO DRT-0035]   Complete V4 (guide).
[INFO DRT-0035]   Complete M5 (guide).
[INFO DRT-0035]   Complete V5 (guide).
[INFO DRT-0035]   Complete M6 (guide).
[INFO DRT-0035]   Complete V6 (guide).
[INFO DRT-0035]   Complete M7 (guide).
[INFO DRT-0035]   Complete V7 (guide).
[INFO DRT-0035]   Complete M8 (guide).
[INFO DRT-0035]   Complete V8 (guide).
[INFO DRT-0035]   Complete M9 (guide).
[INFO DRT-0035]   Complete V9 (guide).
[INFO DRT-0035]   Complete Pad (guide).
[INFO DRT-0036] Active guide region query size = 0.
[INFO DRT-0036] V0 guide region query size = 0.
[INFO DRT-0036] M1 guide region query size = 987.
[INFO DRT-0036] V1 guide region query size = 0.
[INFO DRT-0036] M2 guide region query size = 832.
[INFO DRT-0036] V2 guide region query size = 0.
[INFO DRT-0036] M3 guide region query size = 479.
[INFO DRT-0036] V3 guide region query size = 0.
[INFO DRT-0036] M4 guide region query size = 142.
[INFO DRT-0036] V4 guide region query size = 0.
[INFO DRT-0036] M5 guide region query size = 101.
[INFO DRT-0036] V5 guide region query size = 0.
[INFO DRT-0036] M6 guide region query size = 54.
[INFO DRT-0036] V6 guide region query size = 0.
[INFO DRT-0036] M7 guide region query size = 26.
[INFO DRT-0036] V7 guide region query size = 0.
[INFO DRT-0036] M8 guide region query size = 0.
[INFO DRT-0036] V8 guide region query size = 0.
[INFO DRT-0036] M9 guide region query size = 0.
[INFO DRT-0036] V9 guide region query size = 0.
[INFO DRT-0036] Pad guide region query size = 0.
[INFO DRT-0179] Init gr pin query.
[INFO DRT-0267] cpu time = 00:00:00, elapsed time = 00:00:00, memory = 318.05 (MB), peak = 313.82 (MB)
[INFO DRT-0245] skipped writing guide updates to database.
[INFO DRT-0181] Start track assignment.
[INFO DRT-0184] Done with 1593 vertical wires in 1 frboxes and 1028 horizontal wires in 1 frboxes.
[INFO DRT-0186] Done with 124 vertical wires in 1 frboxes and 196 horizontal wires in 1 frboxes.
[INFO DRT-0182] Complete track assignment.
[INFO DRT-0267] cpu time = 00:00:00, elapsed time = 00:00:00, memory = 328.29 (MB), peak = 324.13 (MB)
[INFO DRT-0187] Start routing data preparation.
[INFO DRT-0267] cpu time = 00:00:00, elapsed time = 00:00:00, memory = 328.38 (MB), peak = 324.13 (MB)
[INFO DRT-0194] Start detail routing.
[INFO DRT-0195] Start 0th optimization iteration.
    Completing 10% with 0 violations.
    elapsed time = 00:00:00, memory = 328.73 (MB).
    Completing 20% with 0 violations.
    elapsed time = 00:00:00, memory = 378.60 (MB).
    Completing 30% with 0 violations.
    elapsed time = 00:00:00, memory = 371.73 (MB).
    Completing 40% with 0 violations.
    elapsed time = 00:00:00, memory = 351.70 (MB).
    Completing 50% with 16 violations.
    elapsed time = 00:00:00, memory = 398.80 (MB).
    Completing 60% with 16 violations.
    elapsed time = 00:00:01, memory = 380.34 (MB).
    Completing 70% with 26 violations.
    elapsed time = 00:00:02, memory = 430.39 (MB).
    Completing 80% with 26 violations.
    elapsed time = 00:00:03, memory = 406.50 (MB).
    Completing 100% with 50 violations.
    elapsed time = 00:00:04, memory = 429.78 (MB).
[INFO DRT-0199]   Number of violations = 57.
Viol/Layer          M1     M2     M3     V3     V5     M6
CutSpcTbl            0      0      0      2      1      0
EOL                  0      4      0      0      0      0
Metal Spacing        3      1      1      0      0      0
Recheck              0      5      2      0      0      0
Short                0      3      1      0      0      1
eolKeepOut           0     33      0      0      0      0
[INFO DRT-0267] cpu time = 00:00:07, elapsed time = 00:00:05, memory = 983.89 (MB), peak = 980.02 (MB)
Total wire length = 793 um.
Total wire length on LAYER M1 = 0 um.
Total wire length on LAYER M2 = 267 um.
Total wire length on LAYER M3 = 376 um.
Total wire length on LAYER M4 = 83 um.
Total wire length on LAYER M5 = 17 um.
Total wire length on LAYER M6 = 30 um.
Total wire length on LAYER M7 = 17 um.
Total wire length on LAYER M8 = 0 um.
Total wire length on LAYER M9 = 0 um.
Total wire length on LAYER Pad = 0 um.
Total number of vias = 3219.
Up-via summary (total 3219):

---------------
 Active       0
     M1    1193
     M2    1624
     M3     263
     M4      77
     M5      36
     M6      26
     M7       0
     M8       0
     M9       0
---------------
       3219


[INFO DRT-0195] Start 1st optimization iteration.
    Completing 10% with 57 violations.
    elapsed time = 00:00:00, memory = 1059.73 (MB).
    Completing 20% with 57 violations.
    elapsed time = 00:00:00, memory = 1059.74 (MB).
    Completing 30% with 57 violations.
    elapsed time = 00:00:00, memory = 1060.84 (MB).
    Completing 40% with 57 violations.
    elapsed time = 00:00:00, memory = 1061.12 (MB).
    Completing 50% with 43 violations.
    elapsed time = 00:00:01, memory = 1124.05 (MB).
    Completing 60% with 43 violations.
    elapsed time = 00:00:01, memory = 1124.05 (MB).
    Completing 70% with 30 violations.
    elapsed time = 00:00:02, memory = 1203.65 (MB).
    Completing 80% with 30 violations.
    elapsed time = 00:00:03, memory = 1204.65 (MB).
    Completing 100% with 9 violations.
    elapsed time = 00:00:04, memory = 1235.20 (MB).
[INFO DRT-0199]   Number of violations = 9.
Viol/Layer          M2
EOL                  1
Metal Spacing        1
Short                1
eolKeepOut           6
[INFO DRT-0267] cpu time = 00:00:08, elapsed time = 00:00:04, memory = 1236.23 (MB), peak = 1273.63 (MB)
Total wire length = 787 um.
Total wire length on LAYER M1 = 0 um.
Total wire length on LAYER M2 = 269 um.
Total wire length on LAYER M3 = 381 um.
Total wire length on LAYER M4 = 80 um.
Total wire length on LAYER M5 = 13 um.
Total wire length on LAYER M6 = 27 um.
Total wire length on LAYER M7 = 14 um.
Total wire length on LAYER M8 = 0 um.
Total wire length on LAYER M9 = 0 um.
Total wire length on LAYER Pad = 0 um.
Total number of vias = 3152.
Up-via summary (total 3152):

---------------
 Active       0
     M1    1193
     M2    1606
     M3     237
     M4      70
     M5      30
     M6      16
     M7       0
     M8       0
     M9       0
---------------
       3152


[INFO DRT-0195] Start 2nd optimization iteration.
    Completing 10% with 9 violations.
    elapsed time = 00:00:00, memory = 1236.23 (MB).
    Completing 20% with 9 violations.
    elapsed time = 00:00:00, memory = 1236.23 (MB).
    Completing 30% with 9 violations.
    elapsed time = 00:00:00, memory = 1236.23 (MB).
    Completing 40% with 9 violations.
    elapsed time = 00:00:00, memory = 1236.23 (MB).
    Completing 50% with 9 violations.
    elapsed time = 00:00:00, memory = 1265.44 (MB).
    Completing 60% with 9 violations.
    elapsed time = 00:00:01, memory = 1236.32 (MB).
    Completing 70% with 8 violations.
    elapsed time = 00:00:01, memory = 1236.32 (MB).
    Completing 80% with 8 violations.
    elapsed time = 00:00:01, memory = 1236.32 (MB).
    Completing 100% with 2 violations.
    elapsed time = 00:00:03, memory = 1236.32 (MB).
[INFO DRT-0199]   Number of violations = 2.
Viol/Layer          M1
Metal Spacing        2
[INFO DRT-0267] cpu time = 00:00:04, elapsed time = 00:00:03, memory = 1239.32 (MB), peak = 1273.63 (MB)
Total wire length = 788 um.
Total wire length on LAYER M1 = 0 um.
Total wire length on LAYER M2 = 267 um.
Total wire length on LAYER M3 = 379 um.
Total wire length on LAYER M4 = 76 um.
Total wire length on LAYER M5 = 18 um.
Total wire length on LAYER M6 = 30 um.
Total wire length on LAYER M7 = 15 um.
Total wire length on LAYER M8 = 0 um.
Total wire length on LAYER M9 = 0 um.
Total wire length on LAYER Pad = 0 um.
Total number of vias = 3139.
Up-via summary (total 3139):

---------------
 Active       0
     M1    1193
     M2    1592
     M3     229
     M4      75
     M5      33
     M6      17
     M7       0
     M8       0
     M9       0
---------------
       3139


[INFO DRT-0195] Start 3rd guides tiles iteration.
    Completing 100% with 0 violations.
    elapsed time = 00:00:00, memory = 1265.66 (MB).
[INFO DRT-0199]   Number of violations = 0.
[INFO DRT-0267] cpu time = 00:00:00, elapsed time = 00:00:00, memory = 1265.66 (MB), peak = 1273.63 (MB)
Total wire length = 788 um.
Total wire length on LAYER M1 = 0 um.
Total wire length on LAYER M2 = 267 um.
Total wire length on LAYER M3 = 379 um.
Total wire length on LAYER M4 = 76 um.
Total wire length on LAYER M5 = 18 um.
Total wire length on LAYER M6 = 30 um.
Total wire length on LAYER M7 = 15 um.
Total wire length on LAYER M8 = 0 um.
Total wire length on LAYER M9 = 0 um.
Total wire length on LAYER Pad = 0 um.
Total number of vias = 3139.
Up-via summary (total 3139):

---------------
 Active       0
     M1    1193
     M2    1592
     M3     229
     M4      75
     M5      33
     M6      17
     M7       0
     M8       0
     M9       0
---------------
       3139


[INFO DRT-0198] Complete detail routing.
Total wire length = 788 um.
Total wire length on LAYER M1 = 0 um.
Total wire length on LAYER M2 = 267 um.
Total wire length on LAYER M3 = 379 um.
Total wire length on LAYER M4 = 76 um.
Total wire length on LAYER M5 = 18 um.
Total wire length on LAYER M6 = 30 um.
Total wire length on LAYER M7 = 15 um.
Total wire length on LAYER M8 = 0 um.
Total wire length on LAYER M9 = 0 um.
Total wire length on LAYER Pad = 0 um.
Total number of vias = 3139.
Up-via summary (total 3139):

---------------
 Active       0
     M1    1193
     M2    1592
     M3     229
     M4      75
     M5      33
     M6      17
     M7       0
     M8       0
     M9       0
---------------
       3139


[INFO DRT-0267] cpu time = 00:00:21, elapsed time = 00:00:13, memory = 1265.66 (MB), peak = 1273.63 (MB)

[INFO DRT-0180] Post processing.
[INFO DRT-0501] Runtime: 14.37s
Took 14 seconds: detailed_route -output_drc /tmp/workspace/scripts-Private_test-fr_cugr_cmp-1-/reports/asap7/gcd/base/5_route_drc.rpt -output_maze /tmp/workspace/scripts-Private_test-fr_cugr_cmp-1-/results/asap7/gcd/base/maze.log -droute_end_iter 64 -verbose 1 -drc_report_iter_step 5
[WARNING GRT-0246] No diode with LEF class CORE ANTENNACELL found.
[INFO ANT-0002] Found 0 net violations.
[INFO ANT-0001] Found 0 pin violations.
[INFO ANT-0002] Found 0 net violations.
[INFO ANT-0001] Found 0 pin violations.
Design area 46 um^2 75% utilization.
write_db /tmp/workspace/scripts-Private_test-fr_cugr_cmp-1-/results/asap7/gcd/base/5_2_route.odb
Elapsed time: 0:15.90[h:]min:sec. CPU time: user 34.48 sys 0.50 (220%). Peak memory: 1304196KB.
Log                       Ext     Elapsed/s Peak Memory/MB sha1sum result [0:20)
5_2_route                 .odb           15           1273 c17ac28a34f85411416c
