OpenROAD 26Q3-1464-gb22abfea20 
Features included (+) or not (-): +GPU +GUI +Python
This program is licensed under the BSD-3 license. See the LICENSE file for details.
Components of this program may be licensed under more restrictive licenses which must be honored.
[INFO ORD-0030] Using 30 thread(s).
source ./platforms/asap7/liberty_suppressions.tcl
read_liberty ./platforms/asap7/lib/NLDM/asap7sc7p5t_AO_RVT_TT_nldm_211120.lib.gz
read_liberty ./platforms/asap7/lib/NLDM/asap7sc7p5t_INVBUF_RVT_TT_nldm_220122.lib.gz
read_liberty ./platforms/asap7/lib/NLDM/asap7sc7p5t_OA_RVT_TT_nldm_211120.lib.gz
read_liberty ./platforms/asap7/lib/NLDM/asap7sc7p5t_SEQ_RVT_TT_nldm_220123.lib
read_liberty ./platforms/asap7/lib/NLDM/asap7sc7p5t_SIMPLE_RVT_TT_nldm_211120.lib.gz
read_db /tmp/workspace/scripts-Private_test-fr_cugr_cmp-2-/results/asap7/uart/base/4_cts.odb
read_sdc /tmp/workspace/scripts-Private_test-fr_cugr_cmp-2-/results/asap7/uart/base/4_cts.sdc
source ./platforms/asap7/setRC.tcl
pin_access
[INFO DRT-0149] Reading tech and libs.

Units:                1000
Number of layers:     21
Number of macros:     212
Number of vias:       14
Number of viarulegen: 11

[INFO DRT-0150] Reading design.

Design:                   uart
Die area:                 ( 0 0 ) ( 17000 17000 )
Number of track patterns: 32
Number of DEF vias:       0
Number of components:     902
Number of terminals:      46
Number of snets:          2
Number of nets:           824

[INFO DRT-0167] List of default vias:
  Layer V2
    default via: VIA23
  Layer V3
    default via: VIA34
  Layer V4
    default via: VIA45
  Layer V5
    default via: VIA56
  Layer V6
    default via: VIA67
  Layer V7
    default via: VIA78
  Layer V8
    default via: VIA89
  Layer V9
    default via: VIA9Pad
[INFO DRT-0162] Library cell analysis.
[INFO DRT-0163] Instance analysis.
[INFO DRT-0164] Number of unique instances = 163.
[INFO DRT-0168] Init region query.
[INFO DRT-0024]   Complete Active.
[INFO DRT-0024]   Complete V0.
[INFO DRT-0024]   Complete M1.
[INFO DRT-0024]   Complete V1.
[INFO DRT-0024]   Complete M2.
[INFO DRT-0024]   Complete V2.
[INFO DRT-0024]   Complete M3.
[INFO DRT-0024]   Complete V3.
[INFO DRT-0024]   Complete M4.
[INFO DRT-0024]   Complete V4.
[INFO DRT-0024]   Complete M5.
[INFO DRT-0024]   Complete V5.
[INFO DRT-0024]   Complete M6.
[INFO DRT-0024]   Complete V6.
[INFO DRT-0024]   Complete M7.
[INFO DRT-0024]   Complete V7.
[INFO DRT-0024]   Complete M8.
[INFO DRT-0024]   Complete V8.
[INFO DRT-0024]   Complete M9.
[INFO DRT-0024]   Complete V9.
[INFO DRT-0024]   Complete Pad.
[INFO DRT-0033] Active shape region query size = 0.
[INFO DRT-0033] V0 shape region query size = 0.
[INFO DRT-0033] M1 shape region query size = 14308.
[INFO DRT-0033] V1 shape region query size = 23903.
[INFO DRT-0033] M2 shape region query size = 521.
[INFO DRT-0033] V2 shape region query size = 504.
[INFO DRT-0033] M3 shape region query size = 504.
[INFO DRT-0033] V3 shape region query size = 336.
[INFO DRT-0033] M4 shape region query size = 363.
[INFO DRT-0033] V4 shape region query size = 336.
[INFO DRT-0033] M5 shape region query size = 209.
[INFO DRT-0033] V5 shape region query size = 36.
[INFO DRT-0033] M6 shape region query size = 30.
[INFO DRT-0033] V6 shape region query size = 0.
[INFO DRT-0033] M7 shape region query size = 0.
[INFO DRT-0033] V7 shape region query size = 0.
[INFO DRT-0033] M8 shape region query size = 0.
[INFO DRT-0033] V8 shape region query size = 0.
[INFO DRT-0033] M9 shape region query size = 0.
[INFO DRT-0033] V9 shape region query size = 0.
[INFO DRT-0033] Pad shape region query size = 0.
[INFO DRT-0165] Start pin access.
[INFO DRT-0078]   Complete 930 pins.
[INFO DRT-0079]   Complete 100 unique inst patterns.
[INFO DRT-0081]   Complete 163 unique inst patterns.
[INFO DRT-0084]   Complete 500 groups.
#scanned instances     = 902
#unique  instances     = 163
#stdCellGenAp          = 4191
#stdCellValidPlanarAp  = 7
#stdCellValidViaAp     = 3542
#stdCellPinNoAp        = 0
#stdCellPinCnt         = 2588
#instTermValidViaApCnt = 0
#macroGenAp            = 0
#macroValidPlanarAp    = 0
#macroValidViaAp       = 0
#macroNoAp             = 0
[INFO DRT-0166] Complete pin access.
[INFO DRT-0267] cpu time = 00:00:21, elapsed time = 00:00:00, memory = 217.23 (MB), peak = 214.14 (MB)
global_route -congestion_report_file /tmp/workspace/scripts-Private_test-fr_cugr_cmp-2-/reports/asap7/uart/base/congestion.rpt -congestion_iterations 10 -congestion_report_iter_step 5 -verbose -resistance_aware -use_cugr
[INFO GRT-0020] Min routing layer: M2
[INFO GRT-0021] Max routing layer: M7
[INFO GRT-0022] Global adjustment: 0%
[INFO GRT-0023] Grid origin: (0, 0)
[INFO GRT-0088] Layer M1      Track-Pitch = 0.0360  line-2-Via Pitch: 0.0360
[INFO GRT-0088] Layer M2      Track-Pitch = 0.0390  line-2-Via Pitch: 0.0360
[INFO GRT-0088] Layer M3      Track-Pitch = 0.0360  line-2-Via Pitch: 0.0360
[INFO GRT-0088] Layer M4      Track-Pitch = 0.0480  line-2-Via Pitch: 0.0480
[INFO GRT-0088] Layer M5      Track-Pitch = 0.0480  line-2-Via Pitch: 0.0480
[INFO GRT-0088] Layer M6      Track-Pitch = 0.0640  line-2-Via Pitch: 0.0640
[INFO GRT-0088] Layer M7      Track-Pitch = 0.0640  line-2-Via Pitch: 0.0640
[INFO GRT-0003] Macros: 0
[INFO GRT-0004] Blockages: 237
[INFO GRT-0019] Found 10 clock nets.
[INFO GRT-0001] Minimum degree: 2
[INFO GRT-0002] Maximum degree: 19
Design statistics
Nets:                819
Special nets:        2
Routing layers:      7

[INFO GRT-0053] Routing resources analysis:
          Routing      Original      Derated      Resource
Layer     Direction    Resources     Resources    Reduction (%)
---------------------------------------------------------------
M1         Vertical            0             0          0.00%
M2         Horizontal      10755          8067          24.99%
M3         Vertical        13061          9796          25.00%
M4         Horizontal       9812          7359          25.00%
M5         Vertical         9162          6878          24.93%
M6         Horizontal       6368          4790          24.78%
M7         Vertical         7448          5586          25.00%
---------------------------------------------------------------

Stage 1: Pattern routing.
Stage 2: Resistance-aware re-route of critical nets.
Stage 5: Iterative rip-up and re-route.
[WARNING GRT-0118] Iterative RRR finished with congestion remaining (1).
Routing statistics
Wire length:           45882
Total via count:       5574
Total congestion:      1.40
Min resource:          -0.18
Bottleneck:            (5, 11, 12)
[INFO GRT-0130] CUGR congestion report:
Layer   Dir     Resource     Wire Dmd      Via Dmd    Total Dmd  Usage (%)   Wire Ovf    Via Ovf  Max Edge Ovf
--------------------------------------------------------------------------------------------------------------
M1        V         0.00         0.00         0.00         0.00       0.00       0.00       0.00          0.00
M2        H      8066.51       882.00       396.91      1278.91      15.85       0.00       0.00          0.00
M3        V      9796.09      1121.00       259.37      1380.37      14.09       0.00       0.00          0.00
M4        H      7359.03       420.00       153.04       573.04       7.79       0.00       0.00          0.00
M5        V      6877.71       156.50       112.90       269.40       3.92       0.00       0.00          0.00
M6        H      4789.50       292.00        89.10       381.10       7.96       0.00       1.40          0.18
M7        V      5586.00       289.50        44.27       333.77       5.98       0.00       0.00          0.00
--------------------------------------------------------------------------------------------------------------
Total           42474.84      3161.00      1055.59      4216.59       9.93       0.00       1.40          0.18
[INFO GRT-0018] Total wirelength: 2901 um
[INFO GRT-0014] Routed nets: 819
[WARNING GRT-0115] Global routing finished with congestion. Check the congestion regions in the DRC Viewer.
[INFO GRT-0303] Global routing runtime = 00:00:00
[WARNING STA-0450] virtual clock vclk_clk can not be propagated.
estimate_parasitics -global_routing
Perform buffer insertion and gate resizing...
repair_design -verbose
Iteration |   Area    | Resized | Buffers | Nets repaired | Remaining
---------------------------------------------------------------------
        0 |     +0.0% |       0 |       0 |             0 |       831
       10 |     +0.0% |       0 |       0 |             0 |       821
       20 |     +0.0% |       0 |       0 |             0 |       811
       30 |     +0.0% |       0 |       0 |             0 |       801
       40 |     +0.0% |       0 |       0 |             0 |       791
       50 |     +0.0% |       0 |       0 |             0 |       781
       60 |     +0.0% |       0 |       0 |             0 |       771
       70 |     +0.0% |       0 |       0 |             0 |       761
       80 |     +0.0% |       0 |       0 |             0 |       751
       90 |     +0.0% |       0 |       0 |             0 |       741
      100 |     +0.0% |       0 |       0 |             0 |       731
      110 |     +0.0% |       0 |       0 |             0 |       721
      120 |     +0.0% |       0 |       0 |             0 |       711
      130 |     +0.0% |       0 |       0 |             0 |       701
      140 |     +0.0% |       0 |       0 |             0 |       691
      150 |     +0.0% |       0 |       0 |             0 |       681
      160 |     +0.0% |       0 |       0 |             0 |       671
      170 |     +0.0% |       0 |       0 |             0 |       661
      180 |     +0.0% |       0 |       0 |             0 |       651
      190 |     +0.0% |       0 |       0 |             0 |       641
      200 |     +0.0% |       0 |       0 |             0 |       631
      210 |     +0.0% |       0 |       0 |             0 |       621
      220 |     +0.0% |       0 |       0 |             0 |       611
      230 |     +0.0% |       0 |       0 |             0 |       601
      240 |     +0.0% |       0 |       0 |             0 |       591
      250 |     +0.0% |       0 |       0 |             0 |       581
      260 |     +0.0% |       0 |       0 |             0 |       571
      270 |     +0.0% |       0 |       0 |             0 |       561
      280 |     +0.0% |       0 |       0 |             0 |       551
      290 |     +0.0% |       0 |       0 |             0 |       541
      300 |     +0.0% |       0 |       0 |             0 |       531
      310 |     +0.0% |       0 |       0 |             0 |       521
      320 |     +0.0% |       0 |       0 |             0 |       511
      330 |     +0.0% |       0 |       0 |             0 |       501
      340 |     +0.0% |       0 |       0 |             0 |       491
      350 |     +0.0% |       0 |       0 |             0 |       481
      360 |     +0.0% |       0 |       0 |             0 |       471
      370 |     +0.0% |       0 |       0 |             0 |       461
      380 |     +0.0% |       0 |       0 |             0 |       451
      390 |     +0.0% |       0 |       0 |             0 |       441
      400 |     +0.0% |       0 |       0 |             0 |       431
      410 |     +0.0% |       0 |       0 |             0 |       421
      420 |     +0.0% |       0 |       0 |             0 |       411
      430 |     +0.0% |       0 |       0 |             0 |       401
      440 |     +0.0% |       0 |       0 |             0 |       391
      450 |     +0.0% |       0 |       0 |             0 |       381
[WARNING RSZ-0104] Net _0611_ only has one pin. Check if it is intended to be dangling.
[WARNING RSZ-0104] Net _0607_ only has one pin. Check if it is intended to be dangling.
      460 |     +0.0% |       0 |       0 |             0 |       371
      470 |     +0.0% |       0 |       0 |             0 |       361
      480 |     +0.0% |       0 |       0 |             0 |       351
      490 |     +0.0% |       0 |       0 |             0 |       341
      500 |     +0.0% |       0 |       0 |             0 |       331
      510 |     +0.0% |       0 |       0 |             0 |       321
      520 |     +0.0% |       0 |       0 |             0 |       311
      530 |     +0.0% |       0 |       0 |             0 |       301
[WARNING RSZ-0104] Net _0610_ only has one pin. Check if it is intended to be dangling.
[WARNING RSZ-0104] Net _0609_ only has one pin. Check if it is intended to be dangling.
[WARNING RSZ-0104] Net _0608_ only has one pin. Check if it is intended to be dangling.
      540 |     +0.0% |       0 |       0 |             0 |       291
      550 |     +0.0% |       0 |       0 |             0 |       281
      560 |     +0.0% |       0 |       0 |             0 |       271
      570 |     +0.0% |       0 |       0 |             0 |       261
      580 |     +0.0% |       0 |       0 |             0 |       251
      590 |     +0.0% |       0 |       0 |             0 |       241
      600 |     +0.0% |       0 |       0 |             0 |       231
      610 |     +0.0% |       0 |       0 |             0 |       221
      620 |     +0.0% |       0 |       0 |             0 |       211
      630 |     +0.0% |       0 |       0 |             0 |       201
      640 |     +0.0% |       0 |       0 |             0 |       191
      650 |     +0.0% |       0 |       0 |             0 |       181
      660 |     +0.0% |       0 |       0 |             0 |       171
      670 |     +0.0% |       0 |       0 |             0 |       161
      680 |     +0.0% |       0 |       0 |             0 |       151
      690 |     +0.0% |       0 |       0 |             0 |       141
      700 |     +0.0% |       0 |       0 |             0 |       131
      710 |     +0.0% |       0 |       0 |             0 |       121
      720 |     +0.0% |       0 |       0 |             0 |       111
      730 |     +0.0% |       0 |       0 |             0 |       101
      740 |     +0.0% |       0 |       0 |             0 |        91
      750 |     +0.0% |       0 |       0 |             0 |        81
      760 |     +0.0% |       0 |       0 |             0 |        71
      770 |     +0.0% |       0 |       0 |             0 |        61
      780 |     +0.0% |       0 |       0 |             0 |        51
      790 |     +0.0% |       0 |       0 |             0 |        41
      800 |     +0.0% |       0 |       0 |             0 |        31
      810 |     +0.0% |       0 |       0 |             0 |        21
      820 |     +0.0% |       0 |       0 |             0 |        11
      830 |     +0.0% |       0 |       0 |             0 |         1
    final |     +0.0% |       0 |       0 |             0 |         0
---------------------------------------------------------------------
[INFO RSZ-0504] Runtime: 0.07s
global_route -start_incremental
detailed_placement
[INFO DPL-0006] Core area: 221.32 um^2
[INFO DPL-0007] Movable instances area: 97.60 um^2
[INFO DPL-0008] Fixed instances area within core: 3.21 um^2
[INFO DPL-0009] Utilization: 45.5%
[INFO DPL-0005] Diamond search max displacement: +/- 500 sites horizontally, +/- 100 rows vertically.
[INFO DPL-1102] Legalizing using negotiation legalizer.
[INFO DPL-1103] Negotiation base search window: +/-20 sites horizontally, +/-5 rows vertically 
	Automatic search window extension enabled.
	Search window extendable up to the max displacement cap of +/-500 sites, +/-100 rows near walls.
[INFO DPL-1104] NegotiationLegalizer DRC penalty: 5.
[INFO DPL-0392] Negotiation cell height distribution (1 unique row-count(s)):
[INFO DPL-0393]   height 1 row(s): 902 cells
[INFO DPL-0500] Runtime: 0.00s
Placement Analysis
---------------------------------
total displacement          0.0 u
average displacement        0.0 u
max displacement            0.0 u
original HPWL            1584.0 u
legalized HPWL           1584.0 u
delta HPWL                    0 %

global_route -end_incremental -resistance_aware -congestion_report_file /tmp/workspace/scripts-Private_test-fr_cugr_cmp-2-/reports/asap7/uart/base/congestion_post_repair_design.rpt
[WARNING GRT-0115] Global routing finished with congestion. Check the congestion regions in the DRC Viewer.
Repair setup and hold violations...
estimate_parasitics -global_routing
repair_timing -setup_margin 0 -hold_margin 0 -repair_tns 100 -skip_gate_cloning -verbose
[INFO RSZ-0100] Repair move sequence: UnbufferMove SizeUpMove SwapPinsMove BufferMove SplitLoadMove 
[INFO RSZ-0094] Found 69 endpoints with setup violations.
[INFO RSZ-0099] Repairing 69 out of 69 (100.00%) violating endpoints...
   Iter   | Removed | Resized | Inserted | Cloned |  Pin  |   Area   |    WNS   |   StTNS    |   EnTNS    |  Viol  |  Worst  
          | Buffers |  Gates  | Buffers  |  Gates | Swaps |          |          |            |            | Endpts | St/EnPt 
------------------------------------------------------------------------------------------------------------------------------
       0* |       0 |       0 |        0 |      0 |     0 |    +0.0% |  -35.077 |     -552.4 |    -1428.5 |     69 | uart_rx_inst.data_reg\[1\]$_SDFFCE_PP0P_/D
      10* |       0 |       2 |        7 |      0 |     2 |    +0.8% |  -39.778 |     -595.0 |    -1565.6 |     69 | uart_rx_inst.data_reg\[0\]$_SDFFCE_PP0P_/D
      11* |       0 |       0 |        0 |      0 |     0 |    +0.0% |  -34.931 |     -551.8 |    -1429.3 |     69 | uart_rx_inst.data_reg\[1\]$_SDFFCE_PP0P_/D
      18* |       0 |       0 |        0 |      0 |     0 |    +0.0% |  -34.931 |     -551.8 |    -1429.3 |     69 | uart_rx_inst.data_reg\[1\]$_SDFFCE_PP0P_/D
      20* |       0 |       0 |        0 |      0 |     1 |    +0.0% |  -35.757 |     -552.4 |    -1442.6 |     69 | uart_tx_inst.data_reg\[3\]$_DFFE_PP_/D
      22* |       0 |       0 |        0 |      0 |     3 |    +0.0% |  -34.931 |     -510.2 |    -1383.7 |     69 | uart_rx_inst.data_reg\[1\]$_SDFFCE_PP0P_/D
      30* |       0 |       3 |        6 |      0 |     3 |    +0.6% |  -38.994 |     -567.4 |    -1455.5 |     69 | uart_rx_inst.data_reg\[1\]$_SDFFCE_PP0P_/D
      31* |       0 |       0 |        0 |      0 |     3 |    +0.0% |  -34.931 |     -510.2 |    -1383.7 |     69 | uart_rx_inst.data_reg\[1\]$_SDFFCE_PP0P_/D
      32* |       0 |       0 |        0 |      0 |     3 |    +0.0% |  -34.931 |     -510.2 |    -1383.7 |     69 | uart_rx_inst.data_reg\[1\]$_SDFFCE_PP0P_/D
      33* |       0 |       0 |        0 |      0 |     3 |    +0.0% |  -34.931 |     -510.2 |    -1383.7 |     69 | uart_rx_inst.data_reg\[1\]$_SDFFCE_PP0P_/D
      34* |       0 |       0 |        0 |      0 |     3 |    +0.0% |  -34.931 |     -510.2 |    -1383.7 |     69 | uart_rx_inst.data_reg\[1\]$_SDFFCE_PP0P_/D
      40* |       0 |       1 |        6 |      0 |     3 |    +0.6% |  -38.230 |     -560.5 |    -1456.2 |     69 | uart_rx_inst.data_reg\[1\]$_SDFFCE_PP0P_/D
      43* |       0 |       0 |        0 |      0 |     3 |    +0.0% |  -34.931 |     -510.2 |    -1383.7 |     69 | uart_rx_inst.data_reg\[1\]$_SDFFCE_PP0P_/D
      50* |       0 |       2 |        6 |      0 |     3 |    +0.6% |  -39.034 |     -567.7 |    -1458.9 |     69 | uart_rx_inst.data_reg\[1\]$_SDFFCE_PP0P_/D
      52* |       0 |       0 |        0 |      0 |     3 |    +0.0% |  -34.931 |     -510.2 |    -1383.7 |     69 | uart_rx_inst.data_reg\[1\]$_SDFFCE_PP0P_/D
      57* |       0 |       0 |        0 |      0 |     3 |    +0.0% |  -34.931 |     -510.2 |    -1383.7 |     69 | uart_rx_inst.data_reg\[1\]$_SDFFCE_PP0P_/D
      59* |       0 |       0 |        0 |      0 |     3 |    +0.0% |  -34.931 |     -510.2 |    -1383.7 |     69 | uart_rx_inst.data_reg\[1\]$_SDFFCE_PP0P_/D
      60* |       0 |       0 |        0 |      0 |     3 |    +0.0% |  -34.931 |     -510.2 |    -1383.7 |     69 | uart_rx_inst.data_reg\[1\]$_SDFFCE_PP0P_/D
      61* |       0 |       0 |        0 |      0 |     3 |    +0.0% |  -34.931 |     -510.2 |    -1383.7 |     69 | uart_rx_inst.data_reg\[1\]$_SDFFCE_PP0P_/D
      66* |       0 |       0 |        1 |      0 |     3 |    +0.1% |  -34.931 |     -507.9 |    -1377.6 |     69 | uart_rx_inst.data_reg\[1\]$_SDFFCE_PP0P_/D
      69* |       0 |       0 |        1 |      0 |     3 |    +0.1% |  -34.931 |     -507.9 |    -1377.6 |     69 | uart_rx_inst.data_reg\[1\]$_SDFFCE_PP0P_/D
      70* |       0 |       0 |        1 |      0 |     3 |    +0.1% |  -34.931 |     -507.9 |    -1377.6 |     69 | uart_rx_inst.data_reg\[1\]$_SDFFCE_PP0P_/D
      72* |       0 |       0 |        1 |      0 |     3 |    +0.1% |  -34.931 |     -507.9 |    -1377.6 |     69 | uart_rx_inst.data_reg\[1\]$_SDFFCE_PP0P_/D
      75* |       0 |       0 |        1 |      0 |     3 |    +0.1% |  -34.931 |     -507.9 |    -1377.6 |     69 | uart_rx_inst.data_reg\[1\]$_SDFFCE_PP0P_/D
      79* |       0 |       2 |        1 |      0 |     3 |    +0.3% |  -34.931 |     -527.7 |    -1383.9 |     69 | uart_rx_inst.data_reg\[1\]$_SDFFCE_PP0P_/D
      80* |       0 |       2 |        1 |      0 |     3 |    +0.3% |  -34.931 |     -527.7 |    -1383.9 |     69 | uart_rx_inst.data_reg\[1\]$_SDFFCE_PP0P_/D
      82* |       0 |       2 |        1 |      0 |     3 |    +0.3% |  -34.931 |     -527.7 |    -1383.9 |     69 | uart_rx_inst.data_reg\[1\]$_SDFFCE_PP0P_/D
      85* |       0 |       2 |        1 |      0 |     3 |    +0.3% |  -34.931 |     -527.7 |    -1383.9 |     69 | uart_rx_inst.data_reg\[1\]$_SDFFCE_PP0P_/D
      88* |       0 |       2 |        1 |      0 |     3 |    +0.3% |  -34.931 |     -527.7 |    -1383.9 |     69 | uart_rx_inst.data_reg\[1\]$_SDFFCE_PP0P_/D
      90* |       0 |       2 |        1 |      0 |     4 |    +0.3% |  -34.931 |     -527.7 |    -1383.7 |     69 | uart_rx_inst.data_reg\[1\]$_SDFFCE_PP0P_/D
      90* |       0 |       2 |        1 |      0 |     4 |    +0.3% |  -34.931 |     -527.7 |    -1383.7 |     69 | uart_rx_inst.data_reg\[1\]$_SDFFCE_PP0P_/D
      91* |       0 |       2 |        1 |      0 |     4 |    +0.3% |  -34.931 |     -527.7 |    -1383.7 |     69 | uart_rx_inst.data_reg\[1\]$_SDFFCE_PP0P_/D
      93* |       0 |       2 |        1 |      0 |     4 |    +0.3% |  -34.931 |     -527.7 |    -1383.7 |     69 | uart_rx_inst.data_reg\[1\]$_SDFFCE_PP0P_/D
      97* |       0 |       2 |        2 |      0 |     4 |    +0.3% |  -34.931 |     -527.7 |    -1397.9 |     69 | uart_rx_inst.data_reg\[1\]$_SDFFCE_PP0P_/D
     100* |       0 |       2 |        2 |      0 |     6 |    +0.3% |  -34.931 |     -527.7 |    -1398.6 |     69 | uart_rx_inst.data_reg\[1\]$_SDFFCE_PP0P_/D
     100* |       0 |       2 |        2 |      0 |     4 |    +0.3% |  -34.931 |     -527.7 |    -1397.9 |     69 | uart_rx_inst.data_reg\[1\]$_SDFFCE_PP0P_/D
     104* |       0 |       3 |        3 |      0 |     4 |    +0.4% |  -34.931 |     -527.7 |    -1393.0 |     69 | uart_rx_inst.data_reg\[1\]$_SDFFCE_PP0P_/D
     105* |       0 |       3 |        3 |      0 |     4 |    +0.4% |  -34.931 |     -527.7 |    -1393.0 |     69 | uart_rx_inst.data_reg\[1\]$_SDFFCE_PP0P_/D
     109* |       0 |       3 |        3 |      0 |     4 |    +0.4% |  -34.931 |     -527.7 |    -1393.0 |     69 | uart_rx_inst.data_reg\[1\]$_SDFFCE_PP0P_/D
     110* |       0 |       3 |        3 |      0 |     4 |    +0.4% |  -34.931 |     -527.7 |    -1393.0 |     69 | uart_rx_inst.data_reg\[1\]$_SDFFCE_PP0P_/D
     116* |       0 |       3 |        4 |      0 |     9 |    +0.5% |  -34.931 |     -525.3 |    -1391.5 |     69 | uart_rx_inst.data_reg\[1\]$_SDFFCE_PP0P_/D
     120* |       0 |       3 |        4 |      0 |    12 |    +0.5% |  -34.931 |     -530.8 |    -1396.8 |     69 | uart_rx_inst.data_reg\[1\]$_SDFFCE_PP0P_/D
     121* |       0 |       3 |        4 |      0 |    10 |    +0.5% |  -34.931 |     -525.6 |    -1389.1 |     69 | uart_rx_inst.data_reg\[1\]$_SDFFCE_PP0P_/D
     125* |       0 |       3 |        4 |      0 |    10 |    +0.5% |  -34.931 |     -525.6 |    -1389.1 |     69 | uart_rx_inst.data_reg\[1\]$_SDFFCE_PP0P_/D
     128* |       0 |       3 |        4 |      0 |    12 |    +0.5% |  -34.931 |     -525.5 |    -1389.0 |     69 | uart_rx_inst.data_reg\[1\]$_SDFFCE_PP0P_/D
     130* |       0 |       3 |        4 |      0 |    13 |    +0.5% |  -36.110 |     -526.3 |    -1384.2 |     69 | uart_rx_inst.data_reg\[1\]$_SDFFCE_PP0P_/D
     133* |       0 |       3 |        4 |      0 |    12 |    +0.5% |  -34.931 |     -525.5 |    -1389.0 |     69 | uart_rx_inst.data_reg\[1\]$_SDFFCE_PP0P_/D
     137* |       0 |       3 |        4 |      0 |    12 |    +0.5% |  -34.931 |     -525.5 |    -1389.0 |     69 | uart_rx_inst.data_reg\[1\]$_SDFFCE_PP0P_/D
     140* |       0 |       3 |        4 |      0 |    14 |    +0.5% |  -34.931 |     -525.5 |    -1393.5 |     69 | uart_rx_inst.data_reg\[1\]$_SDFFCE_PP0P_/D
     141* |       0 |       3 |        4 |      0 |    12 |    +0.5% |  -34.931 |     -525.5 |    -1389.0 |     69 | uart_rx_inst.data_reg\[1\]$_SDFFCE_PP0P_/D
     145* |       0 |       4 |        4 |      0 |    13 |    +0.5% |  -34.931 |     -525.5 |    -1388.6 |     69 | uart_rx_inst.data_reg\[1\]$_SDFFCE_PP0P_/D
     147* |       0 |       4 |        4 |      0 |    14 |    +0.5% |  -34.931 |     -525.5 |    -1387.9 |     69 | uart_rx_inst.data_reg\[1\]$_SDFFCE_PP0P_/D
     150* |       0 |       4 |        4 |      0 |    16 |    +0.5% |  -34.931 |     -526.5 |    -1391.9 |     69 | uart_rx_inst.data_reg\[1\]$_SDFFCE_PP0P_/D
     151* |       0 |       4 |        4 |      0 |    14 |    +0.5% |  -34.931 |     -525.5 |    -1387.9 |     69 | uart_rx_inst.data_reg\[1\]$_SDFFCE_PP0P_/D
     154* |       0 |       5 |        4 |      0 |    15 |    +0.6% |  -34.931 |     -525.5 |    -1387.2 |     69 | uart_rx_inst.data_reg\[1\]$_SDFFCE_PP0P_/D
     157* |       0 |       5 |        4 |      0 |    15 |    +0.6% |  -34.931 |     -525.5 |    -1387.2 |     69 | uart_rx_inst.data_reg\[1\]$_SDFFCE_PP0P_/D
     160* |       0 |       5 |        4 |      0 |    17 |    +0.6% |  -34.931 |     -525.3 |    -1389.8 |     69 | uart_rx_inst.data_reg\[1\]$_SDFFCE_PP0P_/D
     162* |       0 |       5 |        4 |      0 |    15 |    +0.6% |  -34.931 |     -525.5 |    -1387.2 |     69 | uart_rx_inst.data_reg\[1\]$_SDFFCE_PP0P_/D
     165* |       0 |       5 |        4 |      0 |    15 |    +0.6% |  -34.931 |     -525.5 |    -1387.2 |     69 | uart_rx_inst.data_reg\[1\]$_SDFFCE_PP0P_/D
     166* |       0 |       5 |        4 |      0 |    15 |    +0.6% |  -34.931 |     -525.5 |    -1387.2 |     69 | uart_rx_inst.data_reg\[1\]$_SDFFCE_PP0P_/D
     170* |       0 |       5 |        4 |      0 |    18 |    +0.6% |  -34.931 |     -525.2 |    -1407.1 |     69 | uart_rx_inst.data_reg\[1\]$_SDFFCE_PP0P_/D
     170* |       0 |       5 |        4 |      0 |    15 |    +0.6% |  -34.931 |     -525.5 |    -1387.2 |     69 | uart_rx_inst.data_reg\[1\]$_SDFFCE_PP0P_/D
     173* |       0 |       5 |        4 |      0 |    15 |    +0.6% |  -34.931 |     -525.5 |    -1387.2 |     69 | uart_rx_inst.data_reg\[1\]$_SDFFCE_PP0P_/D
     180* |       0 |       7 |        4 |      0 |    19 |    +0.7% |  -35.188 |     -526.8 |    -1384.7 |     69 | uart_rx_inst.data_reg\[1\]$_SDFFCE_PP0P_/D
     181* |       0 |       5 |        4 |      0 |    15 |    +0.6% |  -34.931 |     -525.5 |    -1387.2 |     69 | uart_rx_inst.data_reg\[1\]$_SDFFCE_PP0P_/D
     183* |       0 |       5 |        4 |      0 |    15 |    +0.6% |  -34.931 |     -525.5 |    -1387.2 |     69 | uart_rx_inst.data_reg\[1\]$_SDFFCE_PP0P_/D
     185* |       0 |       5 |        4 |      0 |    15 |    +0.6% |  -34.931 |     -525.5 |    -1387.2 |     69 | uart_rx_inst.data_reg\[1\]$_SDFFCE_PP0P_/D
     190* |       1 |       5 |        4 |      0 |    18 |    +0.5% |  -34.931 |     -525.5 |    -1369.3 |     69 | uart_rx_inst.data_reg\[1\]$_SDFFCE_PP0P_/D
     191* |       1 |       5 |        4 |      0 |    17 |    +0.5% |  -34.931 |     -525.5 |    -1368.6 |     69 | uart_rx_inst.data_reg\[1\]$_SDFFCE_PP0P_/D
     193* |       1 |       5 |        4 |      0 |    17 |    +0.5% |  -34.931 |     -525.5 |    -1368.6 |     69 | uart_rx_inst.data_reg\[1\]$_SDFFCE_PP0P_/D
     196* |       1 |       5 |        4 |      0 |    17 |    +0.5% |  -34.931 |     -525.5 |    -1368.6 |     69 | uart_rx_inst.data_reg\[1\]$_SDFFCE_PP0P_/D
     198* |       1 |       6 |        4 |      0 |    17 |    +0.6% |  -34.931 |     -525.5 |    -1369.8 |     69 | uart_rx_inst.data_reg\[1\]$_SDFFCE_PP0P_/D
     200* |       1 |       7 |        4 |      0 |    17 |    +0.7% |  -34.931 |     -535.0 |    -1479.8 |     69 | uart_rx_inst.data_reg\[1\]$_SDFFCE_PP0P_/D
     208* |       1 |       9 |        4 |      0 |    17 |    +0.7% |  -34.931 |     -535.3 |    -1480.8 |     69 | uart_rx_inst.data_reg\[1\]$_SDFFCE_PP0P_/D
     210* |       1 |       9 |        4 |      0 |    18 |    +0.7% |  -34.931 |     -535.3 |    -1480.6 |     69 | uart_rx_inst.data_reg\[1\]$_SDFFCE_PP0P_/D
     218* |       1 |      10 |        6 |      0 |    19 |    +0.9% |  -34.931 |     -535.4 |    -1488.3 |     69 | uart_rx_inst.data_reg\[1\]$_SDFFCE_PP0P_/D
     220* |       1 |      10 |        6 |      0 |    20 |    +0.9% |  -34.931 |     -535.3 |    -1490.2 |     69 | uart_rx_inst.data_reg\[1\]$_SDFFCE_PP0P_/D
     221* |       1 |      10 |        6 |      0 |    19 |    +0.9% |  -34.931 |     -535.4 |    -1488.3 |     69 | uart_rx_inst.data_reg\[1\]$_SDFFCE_PP0P_/D
     225* |       1 |      10 |        6 |      0 |    19 |    +0.9% |  -34.931 |     -535.4 |    -1488.3 |     69 | uart_rx_inst.data_reg\[1\]$_SDFFCE_PP0P_/D
     229* |       1 |      10 |        6 |      0 |    19 |    +0.9% |  -34.931 |     -535.4 |    -1488.3 |     69 | uart_rx_inst.data_reg\[1\]$_SDFFCE_PP0P_/D
     230* |       1 |      10 |        6 |      0 |    19 |    +0.9% |  -34.931 |     -535.4 |    -1488.3 |     69 | uart_rx_inst.data_reg\[1\]$_SDFFCE_PP0P_/D
     235* |       1 |      11 |        6 |      0 |    21 |    +1.0% |  -34.931 |     -529.4 |    -1489.6 |     69 | uart_rx_inst.data_reg\[1\]$_SDFFCE_PP0P_/D
     238* |       1 |      12 |        6 |      0 |    22 |    +1.0% |  -34.931 |     -536.8 |    -1481.0 |     69 | uart_rx_inst.data_reg\[1\]$_SDFFCE_PP0P_/D
     240* |       1 |      13 |        6 |      0 |    22 |    +1.0% |  -34.931 |     -536.8 |    -1479.8 |     69 | uart_rx_inst.data_reg\[1\]$_SDFFCE_PP0P_/D
     241* |       1 |      13 |        6 |      0 |    22 |    +1.0% |  -34.931 |     -536.8 |    -1479.8 |     69 | uart_rx_inst.data_reg\[1\]$_SDFFCE_PP0P_/D
     247* |       1 |      14 |       10 |      0 |    23 |    +1.5% |  -34.931 |     -538.4 |    -1564.1 |     69 | uart_rx_inst.data_reg\[1\]$_SDFFCE_PP0P_/D
     250* |       1 |      14 |       10 |      0 |    25 |    +1.5% |  -34.931 |     -538.4 |    -1567.5 |     69 | uart_rx_inst.data_reg\[1\]$_SDFFCE_PP0P_/D
     250* |       1 |      14 |       10 |      0 |    23 |    +1.5% |  -34.931 |     -538.4 |    -1564.1 |     69 | uart_rx_inst.data_reg\[1\]$_SDFFCE_PP0P_/D
     254* |       1 |      14 |       10 |      0 |    24 |    +1.5% |  -34.931 |     -538.4 |    -1563.4 |     69 | uart_rx_inst.data_reg\[1\]$_SDFFCE_PP0P_/D
     260* |       1 |      17 |       13 |      0 |    24 |    +2.0% |  -34.931 |     -538.4 |    -1571.0 |     69 | uart_rx_inst.data_reg\[1\]$_SDFFCE_PP0P_/D
     264* |       1 |      15 |       11 |      0 |    24 |    +1.6% |  -34.931 |     -538.4 |    -1587.6 |     69 | uart_rx_inst.data_reg\[1\]$_SDFFCE_PP0P_/D
     270* |       1 |      18 |       11 |      0 |    26 |    +1.7% |  -34.931 |     -538.4 |    -1586.1 |     69 | uart_rx_inst.data_reg\[1\]$_SDFFCE_PP0P_/D
     271* |       1 |      18 |       11 |      0 |    27 |    +1.7% |  -34.931 |     -538.4 |    -1585.5 |     69 | uart_rx_inst.data_reg\[1\]$_SDFFCE_PP0P_/D
     277* |       1 |      21 |       11 |      0 |    29 |    +2.0% |  -34.931 |     -540.6 |    -1593.5 |     69 | uart_rx_inst.data_reg\[1\]$_SDFFCE_PP0P_/D
     280* |       1 |      21 |       11 |      0 |    31 |    +2.0% |  -34.931 |     -540.6 |    -1592.9 |     69 | uart_rx_inst.data_reg\[1\]$_SDFFCE_PP0P_/D
     280* |       1 |      21 |       11 |      0 |    30 |    +2.0% |  -34.931 |     -540.6 |    -1592.8 |     69 | uart_rx_inst.data_reg\[1\]$_SDFFCE_PP0P_/D
     289* |       1 |      26 |       11 |      0 |    33 |    +2.2% |  -34.931 |     -539.9 |    -1559.0 |     69 | uart_rx_inst.data_reg\[1\]$_SDFFCE_PP0P_/D
     290* |       1 |      26 |       11 |      0 |    33 |    +2.2% |  -34.931 |     -539.9 |    -1559.0 |     69 | uart_rx_inst.data_reg\[1\]$_SDFFCE_PP0P_/D
     292* |       2 |      26 |       11 |      0 |    34 |    +2.1% |  -34.931 |     -539.9 |    -1555.9 |     69 | uart_rx_inst.data_reg\[1\]$_SDFFCE_PP0P_/D
     292* |       2 |      26 |       11 |      0 |    34 |    +2.1% |  -34.931 |     -539.9 |    -1555.9 |     69 | uart_rx_inst.data_reg\[1\]$_SDFFCE_PP0P_/D
     293+ |       2 |      26 |       11 |      0 |    34 |    +2.1% |  -34.931 |     -539.9 |    -1555.9 |     72 | uart_rx_inst.data_reg\[1\]$_SDFFCE_PP0P_/D
     294+ |       2 |      26 |       11 |      0 |    34 |    +2.1% |  -34.931 |     -539.9 |    -1555.9 |     72 | uart_rx_inst.data_reg\[1\]$_SDFFCE_PP0P_/D
     295+ |       2 |      26 |       11 |      0 |    34 |    +2.1% |  -34.931 |     -539.9 |    -1555.9 |     72 | uart_rx_inst.data_reg\[1\]$_SDFFCE_PP0P_/D
     296+ |       2 |      26 |       11 |      0 |    34 |    +2.1% |  -34.931 |     -539.9 |    -1555.9 |     72 | uart_rx_inst.data_reg\[1\]$_SDFFCE_PP0P_/D
     297+ |       2 |      26 |       11 |      0 |    34 |    +2.1% |  -34.931 |     -539.9 |    -1555.9 |     72 | uart_rx_inst.data_reg\[1\]$_SDFFCE_PP0P_/D
     298+ |       2 |      26 |       11 |      0 |    34 |    +2.1% |  -34.931 |     -539.9 |    -1555.9 |     72 | uart_rx_inst.data_reg\[1\]$_SDFFCE_PP0P_/D
     299+ |       2 |      26 |       11 |      0 |    34 |    +2.1% |  -34.931 |     -539.9 |    -1555.9 |     72 | uart_rx_inst.data_reg\[1\]$_SDFFCE_PP0P_/D
     300+ |       2 |      26 |       11 |      0 |    34 |    +2.1% |  -34.931 |     -539.9 |    -1555.9 |     72 | uart_rx_inst.data_reg\[1\]$_SDFFCE_PP0P_/D
     300+ |       2 |      26 |       11 |      0 |    34 |    +2.1% |  -34.931 |     -539.9 |    -1555.9 |     72 | uart_rx_inst.data_reg\[1\]$_SDFFCE_PP0P_/D
     301+ |       2 |      26 |       11 |      0 |    34 |    +2.1% |  -34.931 |     -539.9 |    -1555.9 |     72 | uart_rx_inst.data_reg\[1\]$_SDFFCE_PP0P_/D
     302+ |       2 |      26 |       11 |      0 |    34 |    +2.1% |  -34.931 |     -539.9 |    -1555.9 |     72 | uart_rx_inst.data_reg\[1\]$_SDFFCE_PP0P_/D
     303+ |       2 |      26 |       11 |      0 |    34 |    +2.1% |  -34.931 |     -539.9 |    -1555.9 |     72 | uart_rx_inst.data_reg\[1\]$_SDFFCE_PP0P_/D
     304+ |       2 |      26 |       11 |      0 |    34 |    +2.1% |  -34.931 |     -539.9 |    -1555.9 |     72 | uart_rx_inst.data_reg\[1\]$_SDFFCE_PP0P_/D
     305+ |       2 |      26 |       11 |      0 |    34 |    +2.1% |  -34.931 |     -539.9 |    -1555.9 |     72 | uart_rx_inst.data_reg\[1\]$_SDFFCE_PP0P_/D
     306+ |       2 |      26 |       11 |      0 |    34 |    +2.1% |  -34.931 |     -539.9 |    -1555.9 |     72 | uart_rx_inst.data_reg\[1\]$_SDFFCE_PP0P_/D
     307+ |       2 |      26 |       11 |      0 |    34 |    +2.1% |  -34.931 |     -539.9 |    -1555.9 |     72 | uart_rx_inst.data_reg\[1\]$_SDFFCE_PP0P_/D
     308+ |       2 |      26 |       11 |      0 |    34 |    +2.1% |  -34.931 |     -539.9 |    -1555.9 |     72 | uart_rx_inst.data_reg\[1\]$_SDFFCE_PP0P_/D
     309+ |       2 |      26 |       11 |      0 |    34 |    +2.1% |  -34.931 |     -539.9 |    -1555.9 |     72 | uart_rx_inst.data_reg\[1\]$_SDFFCE_PP0P_/D
     310+ |       2 |      26 |       11 |      0 |    34 |    +2.1% |  -34.931 |     -539.9 |    -1555.9 |     72 | uart_rx_inst.data_reg\[1\]$_SDFFCE_PP0P_/D
     310+ |       2 |      26 |       11 |      0 |    34 |    +2.1% |  -34.931 |     -539.9 |    -1555.9 |     72 | uart_rx_inst.data_reg\[1\]$_SDFFCE_PP0P_/D
     311+ |       2 |      26 |       11 |      0 |    34 |    +2.1% |  -34.931 |     -539.9 |    -1555.9 |     72 | uart_rx_inst.data_reg\[1\]$_SDFFCE_PP0P_/D
     312+ |       2 |      26 |       11 |      0 |    34 |    +2.1% |  -34.931 |     -539.9 |    -1555.9 |     72 | uart_rx_inst.data_reg\[1\]$_SDFFCE_PP0P_/D
     313+ |       2 |      26 |       11 |      0 |    34 |    +2.1% |  -34.931 |     -539.9 |    -1555.9 |     72 | uart_rx_inst.data_reg\[1\]$_SDFFCE_PP0P_/D
     314+ |       2 |      26 |       11 |      0 |    34 |    +2.1% |  -34.931 |     -539.9 |    -1555.9 |     72 | uart_rx_inst.data_reg\[1\]$_SDFFCE_PP0P_/D
     315+ |       2 |      26 |       11 |      0 |    34 |    +2.1% |  -34.931 |     -539.9 |    -1555.9 |     72 | uart_rx_inst.data_reg\[1\]$_SDFFCE_PP0P_/D
     316+ |       2 |      26 |       11 |      0 |    34 |    +2.1% |  -34.931 |     -539.9 |    -1555.9 |     72 | uart_rx_inst.data_reg\[1\]$_SDFFCE_PP0P_/D
     317+ |       2 |      26 |       11 |      0 |    34 |    +2.1% |  -34.931 |     -539.9 |    -1555.9 |     72 | uart_rx_inst.data_reg\[1\]$_SDFFCE_PP0P_/D
     318+ |       2 |      26 |       11 |      0 |    34 |    +2.1% |  -34.931 |     -539.9 |    -1555.9 |     72 | uart_rx_inst.data_reg\[1\]$_SDFFCE_PP0P_/D
     319+ |       2 |      26 |       11 |      0 |    34 |    +2.1% |  -34.931 |     -539.9 |    -1555.9 |     72 | uart_rx_inst.data_reg\[1\]$_SDFFCE_PP0P_/D
     320+ |       2 |      26 |       11 |      0 |    34 |    +2.1% |  -34.931 |     -539.9 |    -1555.9 |     72 | uart_rx_inst.data_reg\[1\]$_SDFFCE_PP0P_/D
     324+ |       2 |      30 |       11 |      0 |    34 |    +2.3% |  -34.931 |     -539.9 |    -1540.4 |     72 | uart_rx_inst.data_reg\[1\]$_SDFFCE_PP0P_/D
     325+ |       2 |      30 |       11 |      0 |    34 |    +2.3% |  -34.931 |     -539.9 |    -1540.4 |     72 | uart_rx_inst.data_reg\[1\]$_SDFFCE_PP0P_/D
     326+ |       2 |      30 |       11 |      0 |    34 |    +2.3% |  -34.931 |     -539.9 |    -1540.4 |     72 | uart_rx_inst.data_reg\[1\]$_SDFFCE_PP0P_/D
     327+ |       2 |      30 |       11 |      0 |    34 |    +2.3% |  -34.931 |     -539.9 |    -1540.4 |     72 | uart_rx_inst.data_reg\[1\]$_SDFFCE_PP0P_/D
     328+ |       2 |      30 |       11 |      0 |    34 |    +2.3% |  -34.931 |     -539.9 |    -1540.4 |     72 | uart_rx_inst.data_reg\[1\]$_SDFFCE_PP0P_/D
     329+ |       2 |      30 |       11 |      0 |    34 |    +2.3% |  -34.931 |     -539.9 |    -1540.4 |     72 | uart_rx_inst.data_reg\[1\]$_SDFFCE_PP0P_/D
     330+ |       2 |      30 |       11 |      0 |    34 |    +2.3% |  -34.931 |     -539.9 |    -1540.4 |     72 | uart_rx_inst.data_reg\[1\]$_SDFFCE_PP0P_/D
     330+ |       2 |      30 |       11 |      0 |    34 |    +2.3% |  -34.931 |     -539.9 |    -1540.4 |     72 | uart_rx_inst.data_reg\[1\]$_SDFFCE_PP0P_/D
     331+ |       2 |      30 |       11 |      0 |    34 |    +2.3% |  -34.931 |     -539.9 |    -1540.4 |     72 | uart_rx_inst.data_reg\[1\]$_SDFFCE_PP0P_/D
     332+ |       2 |      30 |       11 |      0 |    34 |    +2.3% |  -34.931 |     -539.9 |    -1540.4 |     72 | uart_rx_inst.data_reg\[1\]$_SDFFCE_PP0P_/D
     333+ |       2 |      30 |       11 |      0 |    34 |    +2.3% |  -34.931 |     -539.9 |    -1540.4 |     72 | uart_rx_inst.data_reg\[1\]$_SDFFCE_PP0P_/D
     334+ |       2 |      30 |       11 |      0 |    34 |    +2.3% |  -34.931 |     -539.9 |    -1540.4 |     72 | uart_rx_inst.data_reg\[1\]$_SDFFCE_PP0P_/D
     335+ |       2 |      30 |       11 |      0 |    34 |    +2.3% |  -34.931 |     -539.9 |    -1540.4 |     72 | uart_rx_inst.data_reg\[1\]$_SDFFCE_PP0P_/D
     336+ |       2 |      30 |       11 |      0 |    34 |    +2.3% |  -34.931 |     -539.9 |    -1540.4 |     72 | uart_rx_inst.data_reg\[1\]$_SDFFCE_PP0P_/D
     337+ |       2 |      30 |       11 |      0 |    34 |    +2.3% |  -34.931 |     -539.9 |    -1540.4 |     72 | uart_rx_inst.data_reg\[1\]$_SDFFCE_PP0P_/D
     338+ |       2 |      30 |       11 |      0 |    34 |    +2.3% |  -34.931 |     -539.9 |    -1540.4 |     72 | uart_rx_inst.data_reg\[1\]$_SDFFCE_PP0P_/D
     339+ |       2 |      30 |       11 |      0 |    34 |    +2.3% |  -34.931 |     -539.9 |    -1540.4 |     72 | uart_rx_inst.data_reg\[1\]$_SDFFCE_PP0P_/D
     340+ |       2 |      30 |       11 |      0 |    34 |    +2.3% |  -34.931 |     -539.9 |    -1540.4 |     72 | uart_rx_inst.data_reg\[1\]$_SDFFCE_PP0P_/D
     340+ |       2 |      30 |       11 |      0 |    34 |    +2.3% |  -34.931 |     -539.9 |    -1540.4 |     72 | uart_rx_inst.data_reg\[1\]$_SDFFCE_PP0P_/D
     341+ |       2 |      30 |       11 |      0 |    34 |    +2.3% |  -34.931 |     -539.9 |    -1540.4 |     72 | uart_rx_inst.data_reg\[1\]$_SDFFCE_PP0P_/D
     342+ |       2 |      30 |       11 |      0 |    34 |    +2.3% |  -34.931 |     -539.9 |    -1540.4 |     72 | uart_rx_inst.data_reg\[1\]$_SDFFCE_PP0P_/D
     343+ |       2 |      30 |       11 |      0 |    34 |    +2.3% |  -34.931 |     -539.9 |    -1540.4 |     72 | uart_rx_inst.data_reg\[1\]$_SDFFCE_PP0P_/D
     344+ |       2 |      30 |       11 |      0 |    34 |    +2.3% |  -34.931 |     -539.9 |    -1540.4 |     72 | uart_rx_inst.data_reg\[1\]$_SDFFCE_PP0P_/D
     345+ |       2 |      30 |       11 |      0 |    34 |    +2.3% |  -34.931 |     -539.9 |    -1540.4 |     72 | uart_rx_inst.data_reg\[1\]$_SDFFCE_PP0P_/D
     346+ |       2 |      30 |       11 |      0 |    34 |    +2.3% |  -34.931 |     -539.9 |    -1540.4 |     72 | uart_rx_inst.data_reg\[1\]$_SDFFCE_PP0P_/D
     347+ |       2 |      30 |       11 |      0 |    34 |    +2.3% |  -34.931 |     -539.9 |    -1540.4 |     72 | uart_rx_inst.data_reg\[1\]$_SDFFCE_PP0P_/D
     348+ |       2 |      30 |       11 |      0 |    34 |    +2.3% |  -34.931 |     -539.9 |    -1540.4 |     72 | uart_rx_inst.data_reg\[1\]$_SDFFCE_PP0P_/D
     349+ |       2 |      30 |       11 |      0 |    34 |    +2.3% |  -34.931 |     -539.9 |    -1540.4 |     72 | uart_rx_inst.data_reg\[1\]$_SDFFCE_PP0P_/D
     350+ |       2 |      30 |       11 |      0 |    34 |    +2.3% |  -34.931 |     -539.9 |    -1540.4 |     72 | uart_rx_inst.data_reg\[1\]$_SDFFCE_PP0P_/D
     350+ |       2 |      30 |       11 |      0 |    34 |    +2.3% |  -34.931 |     -539.9 |    -1540.4 |     72 | uart_rx_inst.data_reg\[1\]$_SDFFCE_PP0P_/D
     351+ |       2 |      30 |       11 |      0 |    34 |    +2.3% |  -34.931 |     -539.9 |    -1540.4 |     72 | uart_rx_inst.data_reg\[1\]$_SDFFCE_PP0P_/D
     352+ |       2 |      30 |       11 |      0 |    34 |    +2.3% |  -34.931 |     -539.9 |    -1540.4 |     72 | uart_rx_inst.data_reg\[1\]$_SDFFCE_PP0P_/D
     353+ |       2 |      30 |       11 |      0 |    34 |    +2.3% |  -34.931 |     -539.9 |    -1540.4 |     72 | uart_rx_inst.data_reg\[1\]$_SDFFCE_PP0P_/D
     354+ |       2 |      30 |       11 |      0 |    34 |    +2.3% |  -34.931 |     -539.9 |    -1540.4 |     72 | uart_rx_inst.data_reg\[1\]$_SDFFCE_PP0P_/D
     356+ |       2 |      31 |       11 |      0 |    34 |    +2.3% |  -34.931 |     -539.0 |    -1540.4 |     72 | uart_rx_inst.data_reg\[1\]$_SDFFCE_PP0P_/D
     357+ |       2 |      31 |       11 |      0 |    34 |    +2.3% |  -34.931 |     -539.0 |    -1540.4 |     72 | uart_rx_inst.data_reg\[1\]$_SDFFCE_PP0P_/D
     358+ |       2 |      31 |       11 |      0 |    34 |    +2.3% |  -34.931 |     -539.0 |    -1540.4 |     72 | uart_rx_inst.data_reg\[1\]$_SDFFCE_PP0P_/D
     359+ |       2 |      31 |       11 |      0 |    34 |    +2.3% |  -34.931 |     -539.0 |    -1540.4 |     72 | uart_rx_inst.data_reg\[1\]$_SDFFCE_PP0P_/D
     360+ |       2 |      31 |       11 |      0 |    34 |    +2.3% |  -34.931 |     -539.0 |    -1540.4 |     72 | uart_rx_inst.data_reg\[1\]$_SDFFCE_PP0P_/D
     360+ |       2 |      31 |       11 |      0 |    34 |    +2.3% |  -34.931 |     -539.0 |    -1540.4 |     72 | uart_rx_inst.data_reg\[1\]$_SDFFCE_PP0P_/D
     361+ |       2 |      31 |       11 |      0 |    34 |    +2.3% |  -34.931 |     -539.0 |    -1540.4 |     72 | uart_rx_inst.data_reg\[1\]$_SDFFCE_PP0P_/D
     362+ |       2 |      31 |       11 |      0 |    34 |    +2.3% |  -34.931 |     -539.0 |    -1540.4 |     72 | uart_rx_inst.data_reg\[1\]$_SDFFCE_PP0P_/D
     363+ |       2 |      31 |       11 |      0 |    34 |    +2.3% |  -34.931 |     -539.0 |    -1540.4 |     72 | uart_rx_inst.data_reg\[1\]$_SDFFCE_PP0P_/D
     364+ |       2 |      31 |       11 |      0 |    34 |    +2.3% |  -34.931 |     -539.0 |    -1540.4 |     72 | uart_rx_inst.data_reg\[1\]$_SDFFCE_PP0P_/D
     365+ |       2 |      31 |       11 |      0 |    34 |    +2.3% |  -34.931 |     -539.0 |    -1540.4 |     72 | uart_rx_inst.data_reg\[1\]$_SDFFCE_PP0P_/D
     367+ |       2 |      32 |       11 |      0 |    34 |    +2.4% |  -34.931 |     -531.4 |    -1537.3 |     72 | uart_rx_inst.data_reg\[1\]$_SDFFCE_PP0P_/D
     368+ |       2 |      32 |       11 |      0 |    34 |    +2.4% |  -34.931 |     -531.4 |    -1537.3 |     72 | uart_rx_inst.data_reg\[1\]$_SDFFCE_PP0P_/D
     369+ |       2 |      32 |       11 |      0 |    34 |    +2.4% |  -34.931 |     -531.4 |    -1537.3 |     72 | uart_rx_inst.data_reg\[1\]$_SDFFCE_PP0P_/D
     370+ |       2 |      32 |       11 |      0 |    34 |    +2.4% |  -34.931 |     -531.4 |    -1537.3 |     72 | uart_rx_inst.data_reg\[1\]$_SDFFCE_PP0P_/D
     370+ |       2 |      32 |       11 |      0 |    34 |    +2.4% |  -34.931 |     -531.4 |    -1537.3 |     72 | uart_rx_inst.data_reg\[1\]$_SDFFCE_PP0P_/D
    final |       2 |      32 |       11 |      0 |    34 |    +2.4% |  -34.931 |     -531.4 |    -1537.3 |     71 | uart_rx_inst.data_reg\[1\]$_SDFFCE_PP0P_/D
------------------------------------------------------------------------------------------------------------------------------
[INFO RSZ-0059] Removed 2 buffers.
[INFO RSZ-0045] Inserted 11 buffers, 2 to split loads.
[INFO RSZ-0051] Resized 32 instances: 32 up, 0 up match, 0 down, 0 VT
[INFO RSZ-0043] Swapped pins on 34 instances.
[WARNING RSZ-0062] Unable to repair all setup violations.
[WARNING GRT-0128] Incremental global routing finished with congestion. Check the congestion regions in the DRC Viewer.
[INFO RSZ-0505] Runtime: 4.45s
[INFO RSZ-0033] No hold violations found.
[INFO RSZ-0506] Runtime: 0.00s
global_route -start_incremental
detailed_placement
[INFO DPL-0006] Core area: 221.32 um^2
[INFO DPL-0007] Movable instances area: 100.06 um^2
[INFO DPL-0008] Fixed instances area within core: 3.21 um^2
[INFO DPL-0009] Utilization: 46.7%
[INFO DPL-0005] Diamond search max displacement: +/- 500 sites horizontally, +/- 100 rows vertically.
[INFO DPL-1102] Legalizing using negotiation legalizer.
[INFO DPL-1103] Negotiation base search window: +/-20 sites horizontally, +/-5 rows vertically 
	Automatic search window extension enabled.
	Search window extendable up to the max displacement cap of +/-500 sites, +/-100 rows near walls.
[INFO DPL-1104] NegotiationLegalizer DRC penalty: 5.
[INFO DPL-0392] Negotiation cell height distribution (1 unique row-count(s)):
[INFO DPL-0393]   height 1 row(s): 911 cells
          |      Total |  Illegal |  Illegal
Iteration | Violations |    Cells |    Sites
---------------------------------------------
        0 |         44 |        14 |        30
        1 |          0 |         0 |         0
Negotiation phase 1 converged at iteration 1.
[INFO DPL-0500] Runtime: 0.01s
Placement Analysis
---------------------------------
total displacement         16.4 u
average displacement        0.0 u
max displacement            1.7 u
original HPWL            1607.3 u
legalized HPWL           1622.1 u
delta HPWL                    1 %

check_placement -verbose
global_route -end_incremental -resistance_aware -congestion_report_file /tmp/workspace/scripts-Private_test-fr_cugr_cmp-2-/reports/asap7/uart/base/congestion_post_repair_timing.rpt
[WARNING GRT-0128] Incremental global routing finished with congestion. Check the congestion regions in the DRC Viewer.
[WARNING GRT-0115] Global routing finished with congestion. Check the congestion regions in the DRC Viewer.
estimate_parasitics -global_routing
repair_timing -setup -sequence "vt_swap reroute" -skip_last_gasp -repair_tns 0 -verbose
[INFO RSZ-0100] Repair move sequence: RerouteMove 
[INFO RSZ-0094] Found 71 endpoints with setup violations.
[INFO RSZ-0099] Repairing 1 out of 71 (0.00%) violating endpoints...
   Iter   | Removed | Resized | Inserted | Cloned |  Pin  |   Area   |    WNS   |   StTNS    |   EnTNS    |  Viol  |  Worst  
          | Buffers |  Gates  | Buffers  |  Gates | Swaps |          |          |            |            | Endpts | St/EnPt 
------------------------------------------------------------------------------------------------------------------------------
       0* |       0 |       0 |        0 |      0 |     0 |    +0.0% |  -38.230 |     -539.7 |    -1624.3 |     71 | uart_tx_inst.data_reg\[7\]$_DFFE_PP_/D
       1* |       0 |       0 |        0 |      0 |     0 |    +0.0% |  -38.230 |     -539.7 |    -1624.3 |     71 | uart_tx_inst.data_reg\[7\]$_DFFE_PP_/D
       1* |       0 |       0 |        0 |      0 |     0 |    +0.0% |  -38.230 |     -539.7 |    -1624.3 |     71 | uart_tx_inst.data_reg\[7\]$_DFFE_PP_/D
    final |       0 |       0 |        0 |      0 |     0 |    +0.0% |  -38.230 |     -539.7 |    -1624.3 |     71 | uart_tx_inst.data_reg\[7\]$_DFFE_PP_/D
------------------------------------------------------------------------------------------------------------------------------
[WARNING RSZ-0062] Unable to repair all setup violations.
[INFO RSZ-0505] Runtime: 0.07s
Repair antennas...
[WARNING GRT-0246] No diode with LEF class CORE ANTENNACELL found.
[INFO ANT-0002] Found 0 net violations.
[INFO ANT-0001] Found 0 pin violations.
Estimate parasitics...
estimate_parasitics -global_routing
Report metrics stage 5, global route...

==========================================================================
global route report_design_area
--------------------------------------------------------------------------
Design area 103 um^2 47% utilization.
[INFO FLW-0007] clock clk period 270.000000
[WARNING FLW-0010] more than one clock found. Skipping sdc update.
[INFO FLW-0011] Path endpoint path count 106
write_db /tmp/workspace/scripts-Private_test-fr_cugr_cmp-2-/results/asap7/uart/base/5_1_grt.odb
write_sdc -no_timestamp /tmp/workspace/scripts-Private_test-fr_cugr_cmp-2-/results/asap7/uart/base/5_1_grt.sdc
Elapsed time: 0:07.79[h:]min:sec. CPU time: user 91.25 sys 0.92 (1182%). Peak memory: 259324KB.
Log                       Ext     Elapsed/s Peak Memory/MB sha1sum result [0:20)
5_1_grt                   .odb            7            253 5e612f445bba9e8740ca
5_1_grt                   .sdc                             4142be2a8790fdbc6465
