OpenROAD 26Q3-1464-gb22abfea20 
Features included (+) or not (-): +GPU +GUI +Python
This program is licensed under the BSD-3 license. See the LICENSE file for details.
Components of this program may be licensed under more restrictive licenses which must be honored.
[INFO ORD-0030] Using 30 thread(s).
source ./platforms/asap7/liberty_suppressions.tcl
read_liberty ./platforms/asap7/lib/CCS/asap7sc7p5t_AO_RVT_FF_ccs_211120.lib.gz
read_liberty ./platforms/asap7/lib/CCS/asap7sc7p5t_INVBUF_RVT_FF_ccs_220122.lib.gz
read_liberty ./platforms/asap7/lib/CCS/asap7sc7p5t_OA_RVT_FF_ccs_211120.lib.gz
read_liberty ./platforms/asap7/lib/CCS/asap7sc7p5t_SIMPLE_RVT_FF_ccs_211120.lib.gz
read_liberty ./platforms/asap7/lib/CCS/asap7sc7p5t_SEQ_RVT_FF_ccs_220123.lib
read_liberty /OpenROAD-flow-scripts/flow/designs/asap7/swerv_wrapper/lib/fakeram7_2048x39.lib
read_liberty /OpenROAD-flow-scripts/flow/designs/asap7/swerv_wrapper/lib/fakeram7_256x34.lib
read_liberty /OpenROAD-flow-scripts/flow/designs/asap7/swerv_wrapper/lib/fakeram7_64x21.lib
read_db -hier /tmp/workspace/scripts-Private_test-fr_cugr_cmp-1-/results/asap7/swerv_wrapper/base/5_route.odb
[WARNING ORD-0012] Hierarchical flow (-hier) is currently in development and may cause multiple issues. Do not use in production environments.
read_sdc /tmp/workspace/scripts-Private_test-fr_cugr_cmp-1-/results/asap7/swerv_wrapper/base/5_route.sdc
source ./platforms/asap7/setRC.tcl
Using CCS delay calculation
set_delay_calculator prima
exec cp /tmp/workspace/scripts-Private_test-fr_cugr_cmp-1-/results/asap7/swerv_wrapper/base/5_route.odb /tmp/workspace/scripts-Private_test-fr_cugr_cmp-1-/results/asap7/swerv_wrapper/base/6_1_fill.odb
Elapsed time: 0:11.97[h:]min:sec. CPU time: user 11.23 sys 0.73 (99%). Peak memory: 952532KB.
Log                       Ext     Elapsed/s Peak Memory/MB sha1sum result [0:20)
6_1_fill                  .odb           11            930 ecabb9a9409beb2ff1ae
