OpenROAD 26Q3-1464-gb22abfea20 
Features included (+) or not (-): +GPU +GUI +Python
This program is licensed under the BSD-3 license. See the LICENSE file for details.
Components of this program may be licensed under more restrictive licenses which must be honored.
[INFO ORD-0030] Using 30 thread(s).
read_liberty ./platforms/sky130hs/lib/sky130_fd_sc_hs__tt_025C_1v80.lib
read_db /tmp/workspace/scripts-Private_test-fr_cugr_cmp-2-/results/sky130hs/gcd/base/3_1_place_gp_skip_io.odb
read_sdc /tmp/workspace/scripts-Private_test-fr_cugr_cmp-2-/results/sky130hs/gcd/base/2_floorplan.sdc
source ./platforms/sky130hs/setRC.tcl
place_pins -hor_layers met3 -ver_layers met2
Found 0 macro blocks.
Using 2 tracks default min distance between IO pins.
[INFO PPL-0001] Number of available slots 302
[INFO PPL-0002] Number of I/O             54
[INFO PPL-0003] Number of I/O w/sink      54
[INFO PPL-0004] Number of I/O w/o sink    0
[INFO PPL-0005] Slots per section         200
[INFO PPL-0008] Successfully assigned pins to sections.
[INFO PPL-0012] I/O nets HPWL: 1550.64 um.
Design area 4159 um^2 54% utilization.
write_db /tmp/workspace/scripts-Private_test-fr_cugr_cmp-2-/results/sky130hs/gcd/base/3_2_place_iop.odb
Elapsed time: 0:01.28[h:]min:sec. CPU time: user 1.22 sys 0.06 (100%). Peak memory: 149212KB.
Log                       Ext     Elapsed/s Peak Memory/MB sha1sum result [0:20)
3_2_place_iop             .odb            1            145 1abcb13f59b1bf60cc9d
