OpenROAD 26Q3-1464-gb22abfea20 
Features included (+) or not (-): +GPU +GUI +Python
This program is licensed under the BSD-3 license. See the LICENSE file for details.
Components of this program may be licensed under more restrictive licenses which must be honored.
[INFO ORD-0030] Using 30 thread(s).
read_liberty ./platforms/sky130hs/lib/sky130_fd_sc_hs__tt_025C_1v80.lib
read_db /tmp/workspace/scripts-Private_test-fr_cugr_cmp-2-/results/sky130hs/gcd/base/6_1_fill.odb
read_sdc /tmp/workspace/scripts-Private_test-fr_cugr_cmp-2-/results/sky130hs/gcd/base/6_1_fill.sdc
source ./platforms/sky130hs/setRC.tcl
[WARNING STA-0450] virtual clock vclk_core_clock can not be propagated.
write_db /tmp/workspace/scripts-Private_test-fr_cugr_cmp-2-/results/sky130hs/gcd/base/6_final.odb
write_sdc -no_timestamp /tmp/workspace/scripts-Private_test-fr_cugr_cmp-2-/results/sky130hs/gcd/base/6_final.sdc
Deleted 0 routing obstructions
[INFO RCX-0431] Defined process_corner X with ext_model_index 0
[INFO RCX-0029] Defined extraction corner X
[WARNING RCX-0514] The ext_model_file option is deprecated. Use set_extraction_rules_file command instead.
[INFO RCX-0435] Reading extraction model file ./platforms/sky130hs/rcx_patterns.rules ...
[INFO RCX-0436] RC segment generation gcd (max_merge_res 50.0) ...
[INFO RCX-0040] Final 1727 rc segments
[INFO RCX-0439] Coupling Cap extraction gcd ...
[INFO RCX-0440] Coupling threshhold is 0.1000 fF, coupling capacitance less than 0.1000 fF will be grounded.
[INFO RCX-0442] 52% of 3800 wires extracted
[INFO RCX-0442] 100% of 3800 wires extracted
[INFO RCX-0045] Extract 629 nets, 2356 rsegs, 2356 caps, 4433 ccs
[INFO RCX-0443] 629 nets finished
[INFO PSM-0040] All shapes on net VDD are connected.
########## IR report #################
Net              : VDD
Corner           : default
Total power      : 7.80e-03 W
Supply voltage   : 1.80e+00 V
Worstcase voltage: 1.80e+00 V
Average voltage  : 1.80e+00 V
Average IR drop  : 3.86e-04 V
Worstcase IR drop: 1.41e-03 V
Percentage drop  : 0.08 %
######################################
[INFO PSM-0040] All shapes on net VSS are connected.
########## IR report #################
Net              : VSS
Corner           : default
Total power      : 7.80e-03 W
Supply voltage   : 0.00e+00 V
Worstcase voltage: 6.81e-04 V
Average voltage  : 3.17e-04 V
Average IR drop  : 3.17e-04 V
Worstcase IR drop: 6.81e-04 V
Percentage drop  : 0.04 %
######################################
Cell type report:                       Count       Area
  Fill cell                               330    1115.68
  Tap cell                                 84     134.27
  Clock buffer                              6     119.88
  Timing Repair Buffer                    210    1858.94
  Inverter                                 25     129.47
  Clock inverter                            2       9.59
  Sequential cell                          35    1462.54
  Multi-Input combinational cell          318    2816.38
  Total                                  1010    7646.75
Report metrics stage 6, finish...

==========================================================================
finish report_design_area
--------------------------------------------------------------------------
Design area 6531 um^2 85% utilization.
[WARNING GUI-0076] QStandardPaths: XDG_RUNTIME_DIR not set, defaulting to '/tmp/runtime-root'
Elapsed time: 0:02.74[h:]min:sec. CPU time: user 2.70 sys 0.35 (111%). Peak memory: 217568KB.
Log                       Ext     Elapsed/s Peak Memory/MB sha1sum result [0:20)
6_report                                  2            212                  N/A
