OpenROAD 26Q3-1464-gb22abfea20 
Features included (+) or not (-): +GPU +GUI +Python
This program is licensed under the BSD-3 license. See the LICENSE file for details.
Components of this program may be licensed under more restrictive licenses which must be honored.
[INFO ORD-0030] Using 30 thread(s).
read_liberty ./platforms/nangate45/lib/NangateOpenCellLibrary_typical.lib
read_db -hier /tmp/workspace/scripts-Private_test-fr_cugr_cmp-2-/results/nangate45/swerv/base/5_1_grt.odb
[WARNING ORD-0012] Hierarchical flow (-hier) is currently in development and may cause multiple issues. Do not use in production environments.
read_sdc /tmp/workspace/scripts-Private_test-fr_cugr_cmp-2-/results/nangate45/swerv/base/5_1_grt.sdc
source ./platforms/nangate45/setRC.tcl
[WARNING STA-0450] virtual clock vclk_core_clock can not be propagated.
detailed_route -output_drc /tmp/workspace/scripts-Private_test-fr_cugr_cmp-2-/reports/nangate45/swerv/base/5_route_drc.rpt -output_maze /tmp/workspace/scripts-Private_test-fr_cugr_cmp-2-/results/nangate45/swerv/base/maze.log -droute_end_iter 64 -verbose 1 -drc_report_iter_step 5
[INFO DRT-0149] Reading tech and libs.

Units:                2000
Number of layers:     21
Number of macros:     135
Number of vias:       33
Number of viarulegen: 19

[INFO DRT-0150] Reading design.
[WARNING DRT-0120] Large net net15605 has 161 pins which may impact routing performance. Consider optimization.
[WARNING DRT-0120] Large net net15607 has 146 pins which may impact routing performance. Consider optimization.
[WARNING DRT-0120] Large net net15602 has 126 pins which may impact routing performance. Consider optimization.
[WARNING DRT-0120] Large net net15584 has 134 pins which may impact routing performance. Consider optimization.
[WARNING DRT-0120] Large net net15848 has 147 pins which may impact routing performance. Consider optimization.
[WARNING DRT-0120] Large net net16011 has 109 pins which may impact routing performance. Consider optimization.
[WARNING DRT-0120] Large net net11358 has 105 pins which may impact routing performance. Consider optimization.
[WARNING DRT-0120] Large net net15720 has 135 pins which may impact routing performance. Consider optimization.
[WARNING DRT-0120] Large net net15698 has 177 pins which may impact routing performance. Consider optimization.
[WARNING DRT-0120] Large net net15697 has 136 pins which may impact routing performance. Consider optimization.
[WARNING DRT-0120] Large net net15695 has 136 pins which may impact routing performance. Consider optimization.
[WARNING DRT-0120] Large net net15693 has 158 pins which may impact routing performance. Consider optimization.
[WARNING DRT-0120] Large net net15690 has 144 pins which may impact routing performance. Consider optimization.
[WARNING DRT-0120] Large net net15689 has 143 pins which may impact routing performance. Consider optimization.
[WARNING DRT-0120] Large net net15688 has 113 pins which may impact routing performance. Consider optimization.
[WARNING DRT-0120] Large net net15687 has 150 pins which may impact routing performance. Consider optimization.
[WARNING DRT-0120] Large net net15679 has 138 pins which may impact routing performance. Consider optimization.
[WARNING DRT-0120] Large net net15672 has 140 pins which may impact routing performance. Consider optimization.
[WARNING DRT-0120] Large net net15673 has 133 pins which may impact routing performance. Consider optimization.
[WARNING DRT-0120] Large net net15671 has 161 pins which may impact routing performance. Consider optimization.
[WARNING DRT-0120] Large net net15654 has 147 pins which may impact routing performance. Consider optimization.
[WARNING DRT-0120] Large net net15656 has 129 pins which may impact routing performance. Consider optimization.
[WARNING DRT-0120] Large net net15639 has 106 pins which may impact routing performance. Consider optimization.
[WARNING DRT-0120] Large net net15637 has 139 pins which may impact routing performance. Consider optimization.
[WARNING DRT-0120] Large net net15630 has 168 pins which may impact routing performance. Consider optimization.
[WARNING DRT-0120] Large net net15619 has 127 pins which may impact routing performance. Consider optimization.
[WARNING DRT-0120] Large net net16554 has 116 pins which may impact routing performance. Consider optimization.
[WARNING DRT-0120] Large net net15586 has 125 pins which may impact routing performance. Consider optimization.
[WARNING DRT-0120] Large net net15585 has 165 pins which may impact routing performance. Consider optimization.
[WARNING DRT-0120] Large net net15576 has 151 pins which may impact routing performance. Consider optimization.
[WARNING DRT-0120] Large net net15575 has 128 pins which may impact routing performance. Consider optimization.
[WARNING DRT-0120] Large net net18429 has 218 pins which may impact routing performance. Consider optimization.
[WARNING DRT-0120] Large net net18435 has 121 pins which may impact routing performance. Consider optimization.
[WARNING DRT-0120] Large net net18437 has 122 pins which may impact routing performance. Consider optimization.
[WARNING DRT-0120] Large net net18438 has 131 pins which may impact routing performance. Consider optimization.
[WARNING DRT-0120] Large net net18449 has 115 pins which may impact routing performance. Consider optimization.
[WARNING DRT-0120] Large net net18450 has 206 pins which may impact routing performance. Consider optimization.
[WARNING DRT-0120] Large net net18465 has 133 pins which may impact routing performance. Consider optimization.

Design:                   swerv
Die area:                 ( 0 0 ) ( 962800 962800 )
Number of track patterns: 20
Number of DEF vias:       0
Number of components:     87690
Number of terminals:      2041
Number of snets:          2
Number of nets:           100293

[INFO DRT-0167] List of default vias:
  Layer via2
    default via: via2_5
  Layer via3
    default via: via3_2
  Layer via4
    default via: via4_0
  Layer via5
    default via: via5_0
  Layer via6
    default via: via6_0
  Layer via7
    default via: via7_0
  Layer via8
    default via: via8_0
  Layer via9
    default via: via9_0
[INFO DRT-0162] Library cell analysis.
[INFO DRT-0163] Instance analysis.
[INFO DRT-0164] Number of unique instances = 169.
[INFO DRT-0168] Init region query.
[INFO DRT-0024]   Complete active.
[INFO DRT-0024]   Complete Fr_VIA.
[INFO DRT-0024]   Complete metal1.
[INFO DRT-0024]   Complete via1.
[INFO DRT-0024]   Complete metal2.
[INFO DRT-0024]   Complete via2.
[INFO DRT-0024]   Complete metal3.
[INFO DRT-0024]   Complete via3.
[INFO DRT-0024]   Complete metal4.
[INFO DRT-0024]   Complete via4.
[INFO DRT-0024]   Complete metal5.
[INFO DRT-0024]   Complete via5.
[INFO DRT-0024]   Complete metal6.
[INFO DRT-0024]   Complete via6.
[INFO DRT-0024]   Complete metal7.
[INFO DRT-0024]   Complete via7.
[INFO DRT-0024]   Complete metal8.
[INFO DRT-0024]   Complete via8.
[INFO DRT-0024]   Complete metal9.
[INFO DRT-0024]   Complete via9.
[INFO DRT-0024]   Complete metal10.
[INFO DRT-0033] active shape region query size = 0.
[INFO DRT-0033] FR_VIA shape region query size = 0.
[INFO DRT-0033] metal1 shape region query size = 1828508.
[INFO DRT-0033] via1 shape region query size = 8595.
[INFO DRT-0033] metal2 shape region query size = 5730.
[INFO DRT-0033] via2 shape region query size = 8595.
[INFO DRT-0033] metal3 shape region query size = 5730.
[INFO DRT-0033] via3 shape region query size = 8595.
[INFO DRT-0033] metal4 shape region query size = 3154.
[INFO DRT-0033] via4 shape region query size = 2720.
[INFO DRT-0033] metal5 shape region query size = 1686.
[INFO DRT-0033] via5 shape region query size = 2720.
[INFO DRT-0033] metal6 shape region query size = 1441.
[INFO DRT-0033] via6 shape region query size = 1088.
[INFO DRT-0033] metal7 shape region query size = 336.
[INFO DRT-0033] via7 shape region query size = 0.
[INFO DRT-0033] metal8 shape region query size = 0.
[INFO DRT-0033] via8 shape region query size = 0.
[INFO DRT-0033] metal9 shape region query size = 0.
[INFO DRT-0033] via9 shape region query size = 0.
[INFO DRT-0033] metal10 shape region query size = 0.
[INFO DRT-0165] Start pin access.
[INFO DRT-0078]   Complete 989 pins.
[INFO DRT-0079]   Complete 100 unique inst patterns.
[INFO DRT-0081]   Complete 169 unique inst patterns.
[INFO DRT-0082]   Complete 10000 groups.
[INFO DRT-0082]   Complete 20000 groups.
[INFO DRT-0082]   Complete 30000 groups.
[INFO DRT-0082]   Complete 40000 groups.
[INFO DRT-0084]   Complete 48626 groups.
#scanned instances     = 87690
#unique  instances     = 169
#stdCellGenAp          = 6302
#stdCellValidPlanarAp  = 0
#stdCellValidViaAp     = 4294
#stdCellPinNoAp        = 0
#stdCellPinCnt         = 327922
#instTermValidViaApCnt = 0
#macroGenAp            = 0
#macroValidPlanarAp    = 0
#macroValidViaAp       = 0
#macroNoAp             = 0
[INFO DRT-0166] Complete pin access.
[INFO DRT-0267] cpu time = 00:13:08, elapsed time = 00:00:28, memory = 948.47 (MB), peak = 994.98 (MB)
[INFO DRT-0156] guideIn read 100000 guides.
[INFO DRT-0156] guideIn read 200000 guides.
[INFO DRT-0156] guideIn read 300000 guides.
[INFO DRT-0156] guideIn read 400000 guides.
[INFO DRT-0156] guideIn read 500000 guides.
[INFO DRT-0156] guideIn read 600000 guides.
[INFO DRT-0156] guideIn read 700000 guides.
[INFO DRT-0156] guideIn read 800000 guides.
[INFO DRT-0156] guideIn read 900000 guides.

[INFO DRT-0157] Number of guides:     990646

[INFO DRT-0169] Post process guides.
[INFO DRT-0176] GCELLGRID X 0 DO 168 STEP 5700 ;
[INFO DRT-0177] GCELLGRID Y 0 DO 168 STEP 5700 ;
[INFO DRT-0026]   Complete 100000 origin guides.
[INFO DRT-0026]   Complete 200000 origin guides.
[INFO DRT-0026]   Complete 300000 origin guides.
[INFO DRT-0026]   Complete 400000 origin guides.
[INFO DRT-0026]   Complete 500000 origin guides.
[INFO DRT-0026]   Complete 600000 origin guides.
[INFO DRT-0026]   Complete 700000 origin guides.
[INFO DRT-0026]   Complete 800000 origin guides.
[INFO DRT-0026]   Complete 900000 origin guides.
[INFO DRT-0028]   Complete active.
[INFO DRT-0028]   Complete Fr_VIA.
[INFO DRT-0028]   Complete metal1.
[INFO DRT-0028]   Complete via1.
[INFO DRT-0028]   Complete metal2.
[INFO DRT-0028]   Complete via2.
[INFO DRT-0028]   Complete metal3.
[INFO DRT-0028]   Complete via3.
[INFO DRT-0028]   Complete metal4.
[INFO DRT-0028]   Complete via4.
[INFO DRT-0028]   Complete metal5.
[INFO DRT-0028]   Complete via5.
[INFO DRT-0028]   Complete metal6.
[INFO DRT-0028]   Complete via6.
[INFO DRT-0028]   Complete metal7.
[INFO DRT-0028]   Complete via7.
[INFO DRT-0028]   Complete metal8.
[INFO DRT-0028]   Complete via8.
[INFO DRT-0028]   Complete metal9.
[INFO DRT-0028]   Complete via9.
[INFO DRT-0028]   Complete metal10.
[INFO DRT-0178] Init guide query.
[INFO DRT-0029]   Complete 100000 nets (guide).
[INFO DRT-0035]   Complete active (guide).
[INFO DRT-0035]   Complete Fr_VIA (guide).
[INFO DRT-0035]   Complete metal1 (guide).
[INFO DRT-0035]   Complete via1 (guide).
[INFO DRT-0035]   Complete metal2 (guide).
[INFO DRT-0035]   Complete via2 (guide).
[INFO DRT-0035]   Complete metal3 (guide).
[INFO DRT-0035]   Complete via3 (guide).
[INFO DRT-0035]   Complete metal4 (guide).
[INFO DRT-0035]   Complete via4 (guide).
[INFO DRT-0035]   Complete metal5 (guide).
[INFO DRT-0035]   Complete via5 (guide).
[INFO DRT-0035]   Complete metal6 (guide).
[INFO DRT-0035]   Complete via6 (guide).
[INFO DRT-0035]   Complete metal7 (guide).
[INFO DRT-0035]   Complete via7 (guide).
[INFO DRT-0035]   Complete metal8 (guide).
[INFO DRT-0035]   Complete via8 (guide).
[INFO DRT-0035]   Complete metal9 (guide).
[INFO DRT-0035]   Complete via9 (guide).
[INFO DRT-0035]   Complete metal10 (guide).
[INFO DRT-0036] active guide region query size = 0.
[INFO DRT-0036] FR_VIA guide region query size = 0.
[INFO DRT-0036] metal1 guide region query size = 266670.
[INFO DRT-0036] via1 guide region query size = 0.
[INFO DRT-0036] metal2 guide region query size = 226108.
[INFO DRT-0036] via2 guide region query size = 0.
[INFO DRT-0036] metal3 guide region query size = 147222.
[INFO DRT-0036] via3 guide region query size = 0.
[INFO DRT-0036] metal4 guide region query size = 70070.
[INFO DRT-0036] via4 guide region query size = 0.
[INFO DRT-0036] metal5 guide region query size = 44892.
[INFO DRT-0036] via5 guide region query size = 0.
[INFO DRT-0036] metal6 guide region query size = 23981.
[INFO DRT-0036] via6 guide region query size = 0.
[INFO DRT-0036] metal7 guide region query size = 9079.
[INFO DRT-0036] via7 guide region query size = 0.
[INFO DRT-0036] metal8 guide region query size = 5317.
[INFO DRT-0036] via8 guide region query size = 0.
[INFO DRT-0036] metal9 guide region query size = 2397.
[INFO DRT-0036] via9 guide region query size = 0.
[INFO DRT-0036] metal10 guide region query size = 687.
[INFO DRT-0179] Init gr pin query.
[INFO DRT-0267] cpu time = 00:00:04, elapsed time = 00:00:01, memory = 1298.55 (MB), peak = 1294.76 (MB)
[INFO DRT-0245] skipped writing guide updates to database.
[INFO DRT-0181] Start track assignment.
[INFO DRT-0184] Done with 326163 vertical wires in 4 frboxes and 470260 horizontal wires in 4 frboxes.
[INFO DRT-0186] Done with 123116 vertical wires in 4 frboxes and 116702 horizontal wires in 4 frboxes.
[INFO DRT-0182] Complete track assignment.
[INFO DRT-0267] cpu time = 00:01:03, elapsed time = 00:00:23, memory = 3340.20 (MB), peak = 3351.23 (MB)
[INFO DRT-0187] Start routing data preparation.
[INFO DRT-0267] cpu time = 00:00:00, elapsed time = 00:00:00, memory = 3340.20 (MB), peak = 3351.23 (MB)
[INFO DRT-0194] Start detail routing.
[INFO DRT-0195] Start 0th optimization iteration.
    Completing 10% with 0 violations.
    elapsed time = 00:00:10, memory = 4450.41 (MB).
    Completing 20% with 0 violations.
    elapsed time = 00:00:21, memory = 5011.61 (MB).
    Completing 30% with 7333 violations.
    elapsed time = 00:00:33, memory = 5548.21 (MB).
    Completing 40% with 7333 violations.
    elapsed time = 00:00:47, memory = 5563.47 (MB).
    Completing 50% with 7333 violations.
    elapsed time = 00:00:56, memory = 5650.54 (MB).
    Completing 60% with 15087 violations.
    elapsed time = 00:01:11, memory = 5876.82 (MB).
    Completing 70% with 15087 violations.
    elapsed time = 00:01:21, memory = 5938.58 (MB).
    Completing 80% with 22381 violations.
    elapsed time = 00:01:33, memory = 6600.16 (MB).
    Completing 90% with 22381 violations.
    elapsed time = 00:01:48, memory = 6584.24 (MB).
    Completing 100% with 29789 violations.
    elapsed time = 00:02:00, memory = 6059.05 (MB).
[INFO DRT-0199]   Number of violations = 42085.
Viol/Layer      metal1   via1 metal2   via2 metal3   via3 metal4   via4 metal5   via5 metal6   via6 metal7   via7 metal8 metal9   via9 me..10
Cut Spacing          0      9      0     71      0      0      0    478      0    148      0      1      0      6      0      0      8      0
Metal Spacing        2      0   2207      0    336      0     76      0    148      0     71      0     15      0     13      2      0      0
Recheck            219      0   4807      0   3904      0   1236      0   1239      0    501      0    219      0    122     39      0     10
Short                0      4  18835     39   3377     21   1114      8   1596     14   1037      1    100      0     51      1      0      0
[INFO DRT-0267] cpu time = 00:50:58, elapsed time = 00:02:03, memory = 6234.47 (MB), peak = 6673.19 (MB)
Total wire length = 2393121 um.
Total wire length on LAYER metal1 = 0 um.
Total wire length on LAYER metal2 = 466527 um.
Total wire length on LAYER metal3 = 633225 um.
Total wire length on LAYER metal4 = 324963 um.
Total wire length on LAYER metal5 = 370116 um.
Total wire length on LAYER metal6 = 352237 um.
Total wire length on LAYER metal7 = 77922 um.
Total wire length on LAYER metal8 = 98643 um.
Total wire length on LAYER metal9 = 36332 um.
Total wire length on LAYER metal10 = 33152 um.
Total number of vias = 827476.
Up-via summary (total 827476):

-----------------
 active         0
 metal1    321055
 metal2    320180
 metal3     84474
 metal4     49035
 metal5     33859
 metal6      8989
 metal7      6014
 metal8      2727
 metal9      1143
-----------------
       827476


[INFO DRT-0195] Start 1st optimization iteration.
    Completing 10% with 42085 violations.
    elapsed time = 00:00:10, memory = 6967.04 (MB).
    Completing 20% with 42085 violations.
    elapsed time = 00:00:22, memory = 6942.61 (MB).
    Completing 30% with 36075 violations.
    elapsed time = 00:00:32, memory = 6957.23 (MB).
    Completing 40% with 36075 violations.
    elapsed time = 00:00:46, memory = 7222.86 (MB).
    Completing 50% with 36075 violations.
    elapsed time = 00:00:54, memory = 6560.45 (MB).
    Completing 60% with 29890 violations.
    elapsed time = 00:01:08, memory = 7002.00 (MB).
    Completing 70% with 29890 violations.
    elapsed time = 00:01:19, memory = 6856.45 (MB).
    Completing 80% with 24071 violations.
    elapsed time = 00:01:32, memory = 7080.08 (MB).
    Completing 90% with 24071 violations.
    elapsed time = 00:01:46, memory = 7083.63 (MB).
    Completing 100% with 17921 violations.
    elapsed time = 00:01:56, memory = 6163.18 (MB).
[INFO DRT-0199]   Number of violations = 17921.
Viol/Layer      metal1   via1 metal2   via2 metal3 metal4   via4 metal5   via5 metal6 metal7   via7 metal8
Cut Spacing          0     26      0     34      0      0     75      0     47      0      0      1      0
Metal Spacing        2      0   2532      0    190     95      0     26      0     16      5      0      0
Short                0      0  12491      1   1555    176      0    389      0    234     13      0     13
[INFO DRT-0267] cpu time = 00:49:44, elapsed time = 00:01:59, memory = 6387.84 (MB), peak = 7294.79 (MB)
Total wire length = 2372555 um.
Total wire length on LAYER metal1 = 0 um.
Total wire length on LAYER metal2 = 464319 um.
Total wire length on LAYER metal3 = 632538 um.
Total wire length on LAYER metal4 = 323193 um.
Total wire length on LAYER metal5 = 365199 um.
Total wire length on LAYER metal6 = 347039 um.
Total wire length on LAYER metal7 = 75979 um.
Total wire length on LAYER metal8 = 96590 um.
Total wire length on LAYER metal9 = 35225 um.
Total wire length on LAYER metal10 = 32468 um.
Total number of vias = 813917.
Up-via summary (total 813917):

-----------------
 active         0
 metal1    321383
 metal2    315547
 metal3     81541
 metal4     46542
 metal5     31941
 metal6      8073
 metal7      5433
 metal8      2423
 metal9      1034
-----------------
       813917


[INFO DRT-0195] Start 2nd optimization iteration.
    Completing 10% with 17921 violations.
    elapsed time = 00:00:09, memory = 7055.40 (MB).
    Completing 20% with 17921 violations.
    elapsed time = 00:00:20, memory = 6996.15 (MB).
    Completing 30% with 17866 violations.
    elapsed time = 00:00:31, memory = 7114.82 (MB).
    Completing 40% with 17866 violations.
    elapsed time = 00:00:44, memory = 7190.31 (MB).
    Completing 50% with 17866 violations.
    elapsed time = 00:00:53, memory = 6625.04 (MB).
    Completing 60% with 17722 violations.
    elapsed time = 00:01:06, memory = 7053.85 (MB).
    Completing 70% with 17722 violations.
    elapsed time = 00:01:17, memory = 6975.70 (MB).
    Completing 80% with 17506 violations.
    elapsed time = 00:01:30, memory = 7136.01 (MB).
    Completing 90% with 17506 violations.
    elapsed time = 00:01:45, memory = 7059.84 (MB).
    Completing 100% with 17193 violations.
    elapsed time = 00:01:57, memory = 6229.04 (MB).
[INFO DRT-0199]   Number of violations = 17193.
Viol/Layer      metal1   via1 metal2   via2 metal3 metal4   via4 metal5   via5 metal6 metal7 metal8
Cut Spacing          0     26      0     36      0      0     81      0     56      0      0      0
Metal Spacing        1      0   2432      0    180    109      0     35      0     27      4      0
Short                0      0  12052      0   1424    175      0    310      0    232      5      8
[INFO DRT-0267] cpu time = 00:49:04, elapsed time = 00:01:59, memory = 6450.60 (MB), peak = 7309.84 (MB)
Total wire length = 2363765 um.
Total wire length on LAYER metal1 = 0 um.
Total wire length on LAYER metal2 = 464462 um.
Total wire length on LAYER metal3 = 633566 um.
Total wire length on LAYER metal4 = 321350 um.
Total wire length on LAYER metal5 = 363215 um.
Total wire length on LAYER metal6 = 344827 um.
Total wire length on LAYER metal7 = 74901 um.
Total wire length on LAYER metal8 = 95083 um.
Total wire length on LAYER metal9 = 34236 um.
Total wire length on LAYER metal10 = 32123 um.
Total number of vias = 808691.
Up-via summary (total 808691):

-----------------
 active         0
 metal1    321447
 metal2    314835
 metal3     80425
 metal4     45342
 metal5     30850
 metal6      7539
 metal7      5059
 metal8      2214
 metal9       980
-----------------
       808691


[INFO DRT-0195] Start 3rd optimization iteration.
    Completing 10% with 17193 violations.
    elapsed time = 00:00:05, memory = 7124.54 (MB).
    Completing 20% with 17193 violations.
    elapsed time = 00:00:12, memory = 6986.04 (MB).
    Completing 30% with 12924 violations.
    elapsed time = 00:00:20, memory = 7223.80 (MB).
    Completing 40% with 12924 violations.
    elapsed time = 00:00:28, memory = 7224.83 (MB).
    Completing 50% with 12924 violations.
    elapsed time = 00:00:35, memory = 6478.73 (MB).
    Completing 60% with 9166 violations.
    elapsed time = 00:00:43, memory = 7366.75 (MB).
    Completing 70% with 9166 violations.
    elapsed time = 00:00:49, memory = 6896.17 (MB).
    Completing 80% with 5024 violations.
    elapsed time = 00:00:59, memory = 7092.53 (MB).
    Completing 90% with 5024 violations.
    elapsed time = 00:01:07, memory = 7005.09 (MB).
    Completing 100% with 1424 violations.
    elapsed time = 00:01:15, memory = 6228.36 (MB).
[INFO DRT-0199]   Number of violations = 1430.
Viol/Layer        via1 metal2   via2 metal3 metal4   via4 metal5   via5
Cut Spacing          5      0      8      0      0      3      0      1
Metal Spacing        0    271      0     50      1      0      1      0
NS Metal             0      0      0      2      0      0      0      0
Recheck              0      4      0      2      0      0      0      0
Short                0    788      0    274      1      0     19      0
[INFO DRT-0267] cpu time = 00:28:20, elapsed time = 00:01:16, memory = 6484.95 (MB), peak = 7487.91 (MB)
Total wire length = 2364302 um.
Total wire length on LAYER metal1 = 0 um.
Total wire length on LAYER metal2 = 452250 um.
Total wire length on LAYER metal3 = 641245 um.
Total wire length on LAYER metal4 = 332893 um.
Total wire length on LAYER metal5 = 359126 um.
Total wire length on LAYER metal6 = 342858 um.
Total wire length on LAYER metal7 = 75004 um.
Total wire length on LAYER metal8 = 94850 um.
Total wire length on LAYER metal9 = 34080 um.
Total wire length on LAYER metal10 = 31992 um.
Total number of vias = 821352.
Up-via summary (total 821352):

-----------------
 active         0
 metal1    321476
 metal2    324075
 metal3     84395
 metal4     44969
 metal5     30684
 metal6      7516
 metal7      5045
 metal8      2212
 metal9       980
-----------------
       821352


[INFO DRT-0195] Start 4th optimization iteration.
    Completing 10% with 1430 violations.
    elapsed time = 00:00:00, memory = 6484.95 (MB).
    Completing 20% with 1430 violations.
    elapsed time = 00:00:01, memory = 7289.31 (MB).
    Completing 30% with 1080 violations.
    elapsed time = 00:00:07, memory = 6484.95 (MB).
    Completing 40% with 1080 violations.
    elapsed time = 00:00:07, memory = 6603.59 (MB).
    Completing 50% with 1080 violations.
    elapsed time = 00:00:09, memory = 6731.24 (MB).
    Completing 60% with 819 violations.
    elapsed time = 00:00:12, memory = 6484.95 (MB).
    Completing 70% with 819 violations.
    elapsed time = 00:00:13, memory = 7252.54 (MB).
    Completing 80% with 489 violations.
    elapsed time = 00:00:23, memory = 6484.95 (MB).
    Completing 90% with 489 violations.
    elapsed time = 00:00:23, memory = 6510.00 (MB).
    Completing 100% with 214 violations.
    elapsed time = 00:00:33, memory = 6485.17 (MB).
[INFO DRT-0199]   Number of violations = 214.
Viol/Layer      metal2   via2 metal3 metal4   via4
Cut Spacing          0      1      0      0      1
Metal Spacing       26      0     13      1      0
Short               86      0     81      5      0
[INFO DRT-0267] cpu time = 00:04:27, elapsed time = 00:00:33, memory = 6485.29 (MB), peak = 7487.91 (MB)
Total wire length = 2364121 um.
Total wire length on LAYER metal1 = 0 um.
Total wire length on LAYER metal2 = 451996 um.
Total wire length on LAYER metal3 = 641562 um.
Total wire length on LAYER metal4 = 332984 um.
Total wire length on LAYER metal5 = 358848 um.
Total wire length on LAYER metal6 = 342830 um.
Total wire length on LAYER metal7 = 75007 um.
Total wire length on LAYER metal8 = 94829 um.
Total wire length on LAYER metal9 = 34067 um.
Total wire length on LAYER metal10 = 31993 um.
Total number of vias = 821610.
Up-via summary (total 821610):

-----------------
 active         0
 metal1    321475
 metal2    324287
 metal3     84481
 metal4     44949
 metal5     30672
 metal6      7512
 metal7      5043
 metal8      2212
 metal9       979
-----------------
       821610


[INFO DRT-0195] Start 5th optimization iteration.
    Completing 10% with 214 violations.
    elapsed time = 00:00:00, memory = 6485.29 (MB).
    Completing 20% with 214 violations.
    elapsed time = 00:00:00, memory = 6485.29 (MB).
    Completing 30% with 124 violations.
    elapsed time = 00:00:01, memory = 6485.29 (MB).
    Completing 40% with 124 violations.
    elapsed time = 00:00:01, memory = 6485.29 (MB).
    Completing 50% with 124 violations.
    elapsed time = 00:00:01, memory = 6485.29 (MB).
    Completing 60% with 101 violations.
    elapsed time = 00:00:03, memory = 6485.29 (MB).
    Completing 70% with 101 violations.
    elapsed time = 00:00:03, memory = 6485.29 (MB).
    Completing 80% with 19 violations.
    elapsed time = 00:00:07, memory = 6485.29 (MB).
    Completing 90% with 19 violations.
    elapsed time = 00:00:07, memory = 6485.29 (MB).
    Completing 100% with 15 violations.
    elapsed time = 00:00:09, memory = 6485.29 (MB).
[INFO DRT-0199]   Number of violations = 15.
Viol/Layer      metal2 metal3
Metal Spacing        0      2
Short                4      9
[INFO DRT-0267] cpu time = 00:00:30, elapsed time = 00:00:09, memory = 6485.41 (MB), peak = 7487.91 (MB)
Total wire length = 2364089 um.
Total wire length on LAYER metal1 = 0 um.
Total wire length on LAYER metal2 = 451951 um.
Total wire length on LAYER metal3 = 641525 um.
Total wire length on LAYER metal4 = 332970 um.
Total wire length on LAYER metal5 = 358882 um.
Total wire length on LAYER metal6 = 342874 um.
Total wire length on LAYER metal7 = 74993 um.
Total wire length on LAYER metal8 = 94829 um.
Total wire length on LAYER metal9 = 34067 um.
Total wire length on LAYER metal10 = 31993 um.
Total number of vias = 821652.
Up-via summary (total 821652):

-----------------
 active         0
 metal1    321477
 metal2    324292
 metal3     84479
 metal4     44969
 metal5     30690
 metal6      7511
 metal7      5043
 metal8      2212
 metal9       979
-----------------
       821652


[INFO DRT-0195] Start 6th guides tiles iteration.
    Completing 10% with 15 violations.
    elapsed time = 00:00:00, memory = 6485.41 (MB).
    Completing 20% with 15 violations.
    elapsed time = 00:00:00, memory = 6485.41 (MB).
    Completing 30% with 15 violations.
    elapsed time = 00:00:00, memory = 6485.41 (MB).
    Completing 40% with 15 violations.
    elapsed time = 00:00:01, memory = 6485.41 (MB).
    Completing 50% with 15 violations.
    elapsed time = 00:00:01, memory = 6485.41 (MB).
    Completing 60% with 6 violations.
    elapsed time = 00:00:01, memory = 6485.41 (MB).
    Completing 70% with 6 violations.
    elapsed time = 00:00:01, memory = 6485.41 (MB).
    Completing 80% with 6 violations.
    elapsed time = 00:00:02, memory = 6485.41 (MB).
    Completing 100% with 1 violations.
    elapsed time = 00:00:02, memory = 6485.41 (MB).
[INFO DRT-0199]   Number of violations = 1.
Viol/Layer      metal2
Short                1
[INFO DRT-0267] cpu time = 00:00:06, elapsed time = 00:00:02, memory = 6488.28 (MB), peak = 7487.91 (MB)
Total wire length = 2364092 um.
Total wire length on LAYER metal1 = 0 um.
Total wire length on LAYER metal2 = 451946 um.
Total wire length on LAYER metal3 = 641532 um.
Total wire length on LAYER metal4 = 332978 um.
Total wire length on LAYER metal5 = 358877 um.
Total wire length on LAYER metal6 = 342874 um.
Total wire length on LAYER metal7 = 74993 um.
Total wire length on LAYER metal8 = 94829 um.
Total wire length on LAYER metal9 = 34067 um.
Total wire length on LAYER metal10 = 31993 um.
Total number of vias = 821670.
Up-via summary (total 821670):

-----------------
 active         0
 metal1    321477
 metal2    324307
 metal3     84485
 metal4     44968
 metal5     30688
 metal6      7511
 metal7      5043
 metal8      2212
 metal9       979
-----------------
       821670


[INFO DRT-0195] Start 7th guides tiles iteration.
    Completing 50% with 1 violations.
    elapsed time = 00:00:01, memory = 6488.28 (MB).
    Completing 100% with 1 violations.
    elapsed time = 00:00:02, memory = 6488.28 (MB).
[INFO DRT-0199]   Number of violations = 1.
Viol/Layer      metal2
Short                1
[INFO DRT-0267] cpu time = 00:00:02, elapsed time = 00:00:02, memory = 6488.28 (MB), peak = 7487.91 (MB)
Total wire length = 2364092 um.
Total wire length on LAYER metal1 = 0 um.
Total wire length on LAYER metal2 = 451946 um.
Total wire length on LAYER metal3 = 641532 um.
Total wire length on LAYER metal4 = 332978 um.
Total wire length on LAYER metal5 = 358877 um.
Total wire length on LAYER metal6 = 342874 um.
Total wire length on LAYER metal7 = 74993 um.
Total wire length on LAYER metal8 = 94829 um.
Total wire length on LAYER metal9 = 34067 um.
Total wire length on LAYER metal10 = 31993 um.
Total number of vias = 821670.
Up-via summary (total 821670):

-----------------
 active         0
 metal1    321477
 metal2    324307
 metal3     84485
 metal4     44968
 metal5     30688
 metal6      7511
 metal7      5043
 metal8      2212
 metal9       979
-----------------
       821670


[INFO DRT-0195] Start 8th stubborn tiles iteration.
    Completing 10% with 1 violations.
    elapsed time = 00:00:01, memory = 6793.91 (MB).
    Completing 20% with 1 violations.
    elapsed time = 00:00:01, memory = 6895.44 (MB).
    Completing 30% with 1 violations.
    elapsed time = 00:00:01, memory = 6895.43 (MB).
    Completing 40% with 1 violations.
    elapsed time = 00:00:02, memory = 6928.77 (MB).
    Completing 50% with 1 violations.
    elapsed time = 00:00:03, memory = 6793.89 (MB).
    Completing 60% with 1 violations.
    elapsed time = 00:00:05, memory = 6760.55 (MB).
    Completing 70% with 1 violations.
    elapsed time = 00:00:12, memory = 6692.36 (MB).
    Completing 80% with 1 violations.
    elapsed time = 00:00:14, memory = 6692.36 (MB).
    Completing 90% with 1 violations.
    elapsed time = 00:00:17, memory = 6591.32 (MB).
    Completing 100% with 1 violations.
    elapsed time = 00:00:25, memory = 6488.28 (MB).
[INFO DRT-0199]   Number of violations = 1.
Viol/Layer      metal2
Short                1
[INFO DRT-0267] cpu time = 00:05:21, elapsed time = 00:00:25, memory = 6488.28 (MB), peak = 7487.91 (MB)
Total wire length = 2364092 um.
Total wire length on LAYER metal1 = 0 um.
Total wire length on LAYER metal2 = 451946 um.
Total wire length on LAYER metal3 = 641532 um.
Total wire length on LAYER metal4 = 332978 um.
Total wire length on LAYER metal5 = 358877 um.
Total wire length on LAYER metal6 = 342874 um.
Total wire length on LAYER metal7 = 74993 um.
Total wire length on LAYER metal8 = 94829 um.
Total wire length on LAYER metal9 = 34067 um.
Total wire length on LAYER metal10 = 31993 um.
Total number of vias = 821670.
Up-via summary (total 821670):

-----------------
 active         0
 metal1    321477
 metal2    324307
 metal3     84485
 metal4     44968
 metal5     30688
 metal6      7511
 metal7      5043
 metal8      2212
 metal9       979
-----------------
       821670


[INFO DRT-0200] Skipping iteration 9
[INFO DRT-0195] Start 10th guides tiles iteration.
    Completing 50% with 1 violations.
    elapsed time = 00:00:00, memory = 6488.28 (MB).
    Completing 100% with 1 violations.
    elapsed time = 00:00:00, memory = 6488.28 (MB).
[INFO DRT-0199]   Number of violations = 1.
Viol/Layer      metal2
Short                1
[INFO DRT-0267] cpu time = 00:00:01, elapsed time = 00:00:00, memory = 6488.28 (MB), peak = 7487.91 (MB)
Total wire length = 2364092 um.
Total wire length on LAYER metal1 = 0 um.
Total wire length on LAYER metal2 = 451946 um.
Total wire length on LAYER metal3 = 641532 um.
Total wire length on LAYER metal4 = 332978 um.
Total wire length on LAYER metal5 = 358877 um.
Total wire length on LAYER metal6 = 342874 um.
Total wire length on LAYER metal7 = 74993 um.
Total wire length on LAYER metal8 = 94829 um.
Total wire length on LAYER metal9 = 34067 um.
Total wire length on LAYER metal10 = 31993 um.
Total number of vias = 821670.
Up-via summary (total 821670):

-----------------
 active         0
 metal1    321477
 metal2    324307
 metal3     84485
 metal4     44968
 metal5     30688
 metal6      7511
 metal7      5043
 metal8      2212
 metal9       979
-----------------
       821670


[INFO DRT-0195] Start 11th stubborn tiles iteration.
    Completing 10% with 1 violations.
    elapsed time = 00:00:01, memory = 6808.76 (MB).
    Completing 20% with 1 violations.
    elapsed time = 00:00:01, memory = 6859.61 (MB).
    Completing 30% with 1 violations.
    elapsed time = 00:00:01, memory = 6926.79 (MB).
    Completing 40% with 1 violations.
    elapsed time = 00:00:01, memory = 6826.74 (MB).
    Completing 50% with 1 violations.
    elapsed time = 00:00:02, memory = 6723.71 (MB).
    Completing 60% with 1 violations.
    elapsed time = 00:00:02, memory = 6689.43 (MB).
    Completing 70% with 1 violations.
    elapsed time = 00:00:03, memory = 6589.40 (MB).
    Completing 80% with 1 violations.
    elapsed time = 00:00:04, memory = 6597.39 (MB).
    Completing 90% with 1 violations.
    elapsed time = 00:00:08, memory = 6532.55 (MB).
    Completing 100% with 0 violations.
    elapsed time = 00:00:14, memory = 6499.71 (MB).
[INFO DRT-0199]   Number of violations = 0.
[INFO DRT-0267] cpu time = 00:02:16, elapsed time = 00:00:14, memory = 6499.71 (MB), peak = 7487.91 (MB)
Total wire length = 2364103 um.
Total wire length on LAYER metal1 = 0 um.
Total wire length on LAYER metal2 = 451948 um.
Total wire length on LAYER metal3 = 641543 um.
Total wire length on LAYER metal4 = 332978 um.
Total wire length on LAYER metal5 = 358877 um.
Total wire length on LAYER metal6 = 342873 um.
Total wire length on LAYER metal7 = 74992 um.
Total wire length on LAYER metal8 = 94829 um.
Total wire length on LAYER metal9 = 34067 um.
Total wire length on LAYER metal10 = 31993 um.
Total number of vias = 821676.
Up-via summary (total 821676):

-----------------
 active         0
 metal1    321477
 metal2    324313
 metal3     84485
 metal4     44968
 metal5     30688
 metal6      7511
 metal7      5043
 metal8      2212
 metal9       979
-----------------
       821676


[INFO DRT-0198] Complete detail routing.
Total wire length = 2364103 um.
Total wire length on LAYER metal1 = 0 um.
Total wire length on LAYER metal2 = 451948 um.
Total wire length on LAYER metal3 = 641543 um.
Total wire length on LAYER metal4 = 332978 um.
Total wire length on LAYER metal5 = 358877 um.
Total wire length on LAYER metal6 = 342873 um.
Total wire length on LAYER metal7 = 74992 um.
Total wire length on LAYER metal8 = 94829 um.
Total wire length on LAYER metal9 = 34067 um.
Total wire length on LAYER metal10 = 31993 um.
Total number of vias = 821676.
Up-via summary (total 821676):

-----------------
 active         0
 metal1    321477
 metal2    324313
 metal3     84485
 metal4     44968
 metal5     30688
 metal6      7511
 metal7      5043
 metal8      2212
 metal9       979
-----------------
       821676


[INFO DRT-0267] cpu time = 03:10:55, elapsed time = 00:08:48, memory = 6499.71 (MB), peak = 7487.91 (MB)

[INFO DRT-0180] Post processing.
[INFO DRT-0501] Runtime: 583.45s
Took 584 seconds: detailed_route -output_drc /tmp/workspace/scripts-Private_test-fr_cugr_cmp-2-/reports/nangate45/swerv/base/5_route_drc.rpt -output_maze /tmp/workspace/scripts-Private_test-fr_cugr_cmp-2-/results/nangate45/swerv/base/maze.log -droute_end_iter 64 -verbose 1 -drc_report_iter_step 5
[WARNING GRT-0246] No diode with LEF class CORE ANTENNACELL found.
[INFO ANT-0002] Found 0 net violations.
[INFO ANT-0001] Found 0 pin violations.
[INFO ANT-0002] Found 0 net violations.
[INFO ANT-0001] Found 0 pin violations.
Design area 159166 um^2 72% utilization.
write_db /tmp/workspace/scripts-Private_test-fr_cugr_cmp-2-/results/nangate45/swerv/base/5_2_route.odb
Elapsed time: 9:59.08[h:]min:sec. CPU time: user 12511.38 sys 16.50 (2091%). Peak memory: 7667624KB.
Log                       Ext     Elapsed/s Peak Memory/MB sha1sum result [0:20)
5_2_route                 .odb          599           7487 2d51b2c1f30c3f37204e
