OpenROAD 26Q3-1464-gb22abfea20 
Features included (+) or not (-): +GPU +GUI +Python
This program is licensed under the BSD-3 license. See the LICENSE file for details.
Components of this program may be licensed under more restrictive licenses which must be honored.
[INFO ORD-0030] Using 30 thread(s).
read_liberty ./platforms/nangate45/lib/NangateOpenCellLibrary_typical.lib
read_db -hier /tmp/workspace/scripts-Private_test-fr_cugr_cmp-2-/results/nangate45/swerv/base/6_1_fill.odb
[WARNING ORD-0012] Hierarchical flow (-hier) is currently in development and may cause multiple issues. Do not use in production environments.
read_sdc /tmp/workspace/scripts-Private_test-fr_cugr_cmp-2-/results/nangate45/swerv/base/6_1_fill.sdc
source ./platforms/nangate45/setRC.tcl
[WARNING STA-0450] virtual clock vclk_core_clock can not be propagated.
write_db /tmp/workspace/scripts-Private_test-fr_cugr_cmp-2-/results/nangate45/swerv/base/6_final.odb
write_sdc -no_timestamp /tmp/workspace/scripts-Private_test-fr_cugr_cmp-2-/results/nangate45/swerv/base/6_final.sdc
Deleted 0 routing obstructions
[INFO RCX-0431] Defined process_corner X with ext_model_index 0
[INFO RCX-0029] Defined extraction corner X
[WARNING RCX-0514] The ext_model_file option is deprecated. Use set_extraction_rules_file command instead.
[INFO RCX-0435] Reading extraction model file ./platforms/nangate45/rcx_patterns.rules ...
[INFO RCX-0436] RC segment generation swerv (max_merge_res 50.0) ...
[INFO RCX-0040] Final 432374 rc segments
[INFO RCX-0439] Coupling Cap extraction swerv ...
[INFO RCX-0440] Coupling threshhold is 0.1000 fF, coupling capacitance less than 0.1000 fF will be grounded.
[INFO RCX-0442] 14% of 837984 wires extracted
[INFO RCX-0442] 27% of 837984 wires extracted
[INFO RCX-0442] 47% of 837984 wires extracted
[INFO RCX-0442] 61% of 837984 wires extracted
[INFO RCX-0442] 79% of 837984 wires extracted
[INFO RCX-0442] 100% of 837984 wires extracted
[INFO RCX-0045] Extract 100293 nets, 521994 rsegs, 521994 caps, 1399167 ccs
[INFO RCX-0042] 100000 nets finished
[INFO RCX-0443] 100293 nets finished
[INFO PSM-0040] All shapes on net VDD are connected.
########## IR report #################
Net              : VDD
Corner           : default
Total power      : 1.33e-01 W
Supply voltage   : 1.10e+00 V
Worstcase voltage: 1.08e+00 V
Average voltage  : 1.10e+00 V
Average IR drop  : 3.23e-03 V
Worstcase IR drop: 1.72e-02 V
Percentage drop  : 1.56 %
######################################
[INFO PSM-0040] All shapes on net VSS are connected.
########## IR report #################
Net              : VSS
Corner           : default
Total power      : 1.33e-01 W
Supply voltage   : 0.00e+00 V
Worstcase voltage: 9.09e-03 V
Average voltage  : 2.85e-03 V
Average IR drop  : 2.85e-03 V
Worstcase IR drop: 9.09e-03 V
Percentage drop  : 0.83 %
######################################
Cell type report:                        Count        Area
  Fill cell                              76254    62486.06
  Tap cell                                1179      313.61
  Clock buffer                            2433     2901.26
  Timing Repair Buffer                    8990     9729.48
  Inverter                                3702     1983.30
  Clock inverter                           679      457.52
  Sequential cell                        11274    60030.08
  Multi-Input combinational cell         59433    83751.16
  Total                                 163944   221652.48
Report metrics stage 6, finish...

==========================================================================
finish report_design_area
--------------------------------------------------------------------------
Design area 159166 um^2 72% utilization.
[WARNING GUI-0076] QStandardPaths: XDG_RUNTIME_DIR not set, defaulting to '/tmp/runtime-root'
Elapsed time: 1:55.65[h:]min:sec. CPU time: user 165.52 sys 60.16 (195%). Peak memory: 2109316KB.
Log                       Ext     Elapsed/s Peak Memory/MB sha1sum result [0:20)
6_report                                115           2059                  N/A
