OpenROAD 26Q3-1464-gb22abfea20 
Features included (+) or not (-): +GPU +GUI +Python
This program is licensed under the BSD-3 license. See the LICENSE file for details.
Components of this program may be licensed under more restrictive licenses which must be honored.
[INFO ORD-0030] Using 30 thread(s).
read_liberty ./platforms/sky130hd/lib/sky130_fd_sc_hd__tt_025C_1v80.lib
read_db -hier /tmp/workspace/scripts-Private_test-fr_cugr_cmp-2-/results/sky130hd/aes/base/3_4_place_resized.odb
[WARNING ORD-0012] Hierarchical flow (-hier) is currently in development and may cause multiple issues. Do not use in production environments.
read_sdc /tmp/workspace/scripts-Private_test-fr_cugr_cmp-2-/results/sky130hd/aes/base/2_floorplan.sdc
source ./platforms/sky130hd/setRC.tcl
detailed_placement
[INFO DPL-0006] Core area: 220156.15 um^2
[INFO DPL-0007] Movable instances area: 115368.15 um^2
[INFO DPL-0008] Fixed instances area within core: 3701.05 um^2
[INFO DPL-0009] Utilization: 54.1%
[INFO DPL-0005] Diamond search max displacement: +/- 500 sites horizontally, +/- 100 rows vertically.
[INFO DPL-1102] Legalizing using negotiation legalizer.
[INFO DPL-1103] Negotiation base search window: +/-20 sites horizontally, +/-5 rows vertically 
	Automatic search window extension enabled.
	Search window extendable up to the max displacement cap of +/-500 sites, +/-100 rows near walls.
[INFO DPL-1104] NegotiationLegalizer DRC penalty: 5.
[INFO DPL-0392] Negotiation cell height distribution (1 unique row-count(s)):
[INFO DPL-0393]   height 1 row(s): 18115 cells
          |      Total |  Illegal |  Illegal
Iteration | Violations |    Cells |    Sites
---------------------------------------------
        0 |       1673 |       359 |      1305
        1 |        649 |        83 |       566
        2 |        381 |        47 |       334
        3 |        178 |        22 |       156
        4 |         75 |        11 |        64
        5 |         35 |         5 |        30
        6 |         30 |         2 |        28
        7 |         34 |         4 |        30
        8 |         24 |         2 |        22
        9 |         12 |         2 |        10
       10 |          0 |         0 |         0
Negotiation phase 1 converged at iteration 10.
[INFO DPL-0500] Runtime: 0.35s
Placement Analysis
---------------------------------
total displacement      50216.2 u
average displacement        2.8 u
max displacement           28.4 u
original HPWL          459179.9 u
legalized HPWL         492546.8 u
delta HPWL                    7 %

improve_placement -max_displacement "5 1"
Detailed placement improvement.
[INFO DPL-0401] Setting random seed to 1.
[INFO DPL-0402] Setting maximum displacement 5 1 to 13600 2720 units.
[INFO DPL-0320] Collected 3346 fixed cells.
[INFO DPL-0318] Collected 15157 single height cells.
[INFO DPL-0321] Collected 0 wide cells.
[INFO DPL-0322] Image (2300, 2720) - (472880, 470560)
[INFO DPL-0310] Assigned 15157 cells into segments.  Movement in X-direction is 0.000000, movement in Y-direction is 0.000000.
[INFO DPL-0313] Found 0 cells in wrong regions.
[INFO DPL-0315] Found 0 row alignment problems.
[INFO DPL-0314] Found 0 site alignment problems.
[INFO DPL-0311] Found 0 overlaps between adjacent cells.
[INFO DPL-0312] Found 0 edge spacing violations and 0 padding violations.
[INFO DPL-0303] Running algorithm for independent set matching.
[INFO DPL-0300] Set matching objective is wirelength.
[INFO DPL-0301] Pass   1 of matching; objective is 4.925317e+08.
[INFO DPL-0302] End of matching; objective is 4.920415e+08, improvement is 0.10 percent.
[INFO DPL-0303] Running algorithm for global swaps.
[INFO DPL-0306] Pass   1 of global swaps; hpwl is 4.818193e+08.
[INFO DPL-0306] Pass   2 of global swaps; hpwl is 4.787115e+08.
[INFO DPL-0307] End of global swaps; objective is 4.787115e+08, improvement is 2.71 percent.
[INFO DPL-0303] Running algorithm for vertical swaps.
[INFO DPL-0308] Pass   1 of vertical swaps; hpwl is 4.761071e+08.
[INFO DPL-0309] End of vertical swaps; objective is 4.761071e+08, improvement is 0.54 percent.
[INFO DPL-0303] Running algorithm for reordering.
[INFO DPL-0304] Pass   1 of reordering; objective is 4.749696e+08.
[INFO DPL-0305] End of reordering; objective is 4.749696e+08, improvement is 0.24 percent.
[INFO DPL-0303] Running algorithm for random improvement.
[INFO DPL-0324] Random improver is using random generator.
[INFO DPL-0325] Random improver is using hpwl objective.
[INFO DPL-0326] Random improver cost string is (a).
[INFO DPL-0332] End of pass, Generator random called 303140 times.
[INFO DPL-0335] Generator random, Cumulative attempts 303140, swaps 44451, moves 82233 since last reset.
[INFO DPL-0333] End of pass, Objective hpwl, Initial cost 4.740361e+08, Scratch cost 4.637711e+08, Incremental cost 4.637711e+08, Mismatch? N
[INFO DPL-0338] End of pass, Total cost is 4.637711e+08.
[INFO DPL-0327] Pass   1 of random improver; improvement in cost is 2.17 percent.
[INFO DPL-0332] End of pass, Generator random called 303140 times.
[INFO DPL-0335] Generator random, Cumulative attempts 606280, swaps 85972, moves 163448 since last reset.
[INFO DPL-0333] End of pass, Objective hpwl, Initial cost 4.637711e+08, Scratch cost 4.589862e+08, Incremental cost 4.589862e+08, Mismatch? N
[INFO DPL-0338] End of pass, Total cost is 4.589862e+08.
[INFO DPL-0327] Pass   2 of random improver; improvement in cost is 1.03 percent.
[INFO DPL-0332] End of pass, Generator random called 303140 times.
[INFO DPL-0335] Generator random, Cumulative attempts 909420, swaps 127219, moves 243620 since last reset.
[INFO DPL-0333] End of pass, Objective hpwl, Initial cost 4.589862e+08, Scratch cost 4.560178e+08, Incremental cost 4.560178e+08, Mismatch? N
[INFO DPL-0338] End of pass, Total cost is 4.560178e+08.
[INFO DPL-0327] Pass   3 of random improver; improvement in cost is 0.65 percent.
[INFO DPL-0328] End of random improver; improvement is 3.801052 percent.
[INFO DPL-0380] Cell flipping.
[INFO DPL-0382] Changed 0 cell orientations for row compatibility.
[INFO DPL-0383] Performed 4662 cell flips.
[INFO DPL-0384] End of flipping; objective is 4.486298e+08, improvement is 1.82 percent.
[INFO DPL-0313] Found 0 cells in wrong regions.
[INFO DPL-0315] Found 0 row alignment problems.
[INFO DPL-0314] Found 0 site alignment problems.
[INFO DPL-0311] Found 0 overlaps between adjacent cells.
[INFO DPL-0312] Found 0 edge spacing violations and 0 padding violations.
Detailed Improvement Results
------------------------------------------
Original HPWL           492546.8 u (  231840.1,   260706.7)
Final HPWL              448645.0 u (  208967.1,   239677.9)
Delta HPWL                  -8.9 % (      -9.9,       -8.1)

Took 5 seconds: improve_placement -max_displacement "5 1"
optimize_mirroring
[INFO DPL-0020] Mirrored 1175 instances
[INFO DPL-0021] HPWL before          448645.0 u
[INFO DPL-0022] HPWL after           448461.4 u
[INFO DPL-0023] HPWL delta               -0.0 %
[INFO FLW-0012] Placement violations .
estimate_parasitics -placement
Report metrics stage 3, detailed place...

==========================================================================
detailed place report_design_area
--------------------------------------------------------------------------
Design area 119069 um^2 54% utilization.
write_db /tmp/workspace/scripts-Private_test-fr_cugr_cmp-2-/results/sky130hd/aes/base/3_5_place_dp.odb
write_sdc -no_timestamp /tmp/workspace/scripts-Private_test-fr_cugr_cmp-2-/results/sky130hd/aes/base/3_place.sdc
Elapsed time: 0:09.47[h:]min:sec. CPU time: user 11.80 sys 3.81 (164%). Peak memory: 223972KB.
Log                       Ext     Elapsed/s Peak Memory/MB sha1sum result [0:20)
3_5_place_dp              .odb            9            218 d7eb9c60d53c4096a09d
