OpenROAD 26Q3-1464-gb22abfea20 
Features included (+) or not (-): +GPU +GUI +Python
This program is licensed under the BSD-3 license. See the LICENSE file for details.
Components of this program may be licensed under more restrictive licenses which must be honored.
[INFO ORD-0030] Using 30 thread(s).
read_liberty ./platforms/sky130hd/lib/sky130_fd_sc_hd__tt_025C_1v80.lib
read_db -hier /tmp/workspace/scripts-Private_test-fr_cugr_cmp-2-/results/sky130hd/aes/base/5_1_grt.odb
[WARNING ORD-0012] Hierarchical flow (-hier) is currently in development and may cause multiple issues. Do not use in production environments.
read_sdc /tmp/workspace/scripts-Private_test-fr_cugr_cmp-2-/results/sky130hd/aes/base/5_1_grt.sdc
source ./platforms/sky130hd/setRC.tcl
[WARNING STA-0450] virtual clock vclk_clk can not be propagated.
detailed_route -output_drc /tmp/workspace/scripts-Private_test-fr_cugr_cmp-2-/reports/sky130hd/aes/base/5_route_drc.rpt -output_maze /tmp/workspace/scripts-Private_test-fr_cugr_cmp-2-/results/sky130hd/aes/base/maze.log -droute_end_iter 64 -verbose 1 -drc_report_iter_step 5
[INFO DRT-0149] Reading tech and libs.
[WARNING DRT-0349] LEF58_ENCLOSURE with no CUTCLASS is not supported. Skipping for layer mcon
[WARNING DRT-0349] LEF58_ENCLOSURE with no CUTCLASS is not supported. Skipping for layer mcon
[WARNING DRT-0349] LEF58_ENCLOSURE with no CUTCLASS is not supported. Skipping for layer via
[WARNING DRT-0349] LEF58_ENCLOSURE with no CUTCLASS is not supported. Skipping for layer via
[WARNING DRT-0349] LEF58_ENCLOSURE with no CUTCLASS is not supported. Skipping for layer via2
[WARNING DRT-0349] LEF58_ENCLOSURE with no CUTCLASS is not supported. Skipping for layer via2
[WARNING DRT-0349] LEF58_ENCLOSURE with no CUTCLASS is not supported. Skipping for layer via3
[WARNING DRT-0349] LEF58_ENCLOSURE with no CUTCLASS is not supported. Skipping for layer via3
[WARNING DRT-0349] LEF58_ENCLOSURE with no CUTCLASS is not supported. Skipping for layer via4
[WARNING DRT-0349] LEF58_ENCLOSURE with no CUTCLASS is not supported. Skipping for layer via4

Units:                1000
Number of layers:     13
Number of macros:     441
Number of vias:       29
Number of viarulegen: 25

[INFO DRT-0150] Reading design.

Design:                   aes_cipher_top
Die area:                 ( 0 0 ) ( 475190 475190 )
Number of track patterns: 12
Number of DEF vias:       0
Number of components:     18810
Number of terminals:      390
Number of snets:          2
Number of nets:           15898

[INFO DRT-0167] List of default vias:
  Layer via
    default via: M1M2_PR
  Layer via2
    default via: M2M3_PR
  Layer via3
    default via: M3M4_PR
  Layer via4
    default via: M4M5_PR
[INFO DRT-0162] Library cell analysis.
[INFO DRT-0163] Instance analysis.
[INFO DRT-0164] Number of unique instances = 283.
[INFO DRT-0168] Init region query.
[INFO DRT-0024]   Complete FR_MASTERSLICE.
[INFO DRT-0024]   Complete Fr_VIA.
[INFO DRT-0024]   Complete li1.
[INFO DRT-0024]   Complete mcon.
[INFO DRT-0024]   Complete met1.
[INFO DRT-0024]   Complete via.
[INFO DRT-0024]   Complete met2.
[INFO DRT-0024]   Complete via2.
[INFO DRT-0024]   Complete met3.
[INFO DRT-0024]   Complete via3.
[INFO DRT-0024]   Complete met4.
[INFO DRT-0024]   Complete via4.
[INFO DRT-0024]   Complete met5.
[INFO DRT-0033] FR_MASTERSLICE shape region query size = 0.
[INFO DRT-0033] FR_VIA shape region query size = 0.
[INFO DRT-0033] li1 shape region query size = 388557.
[INFO DRT-0033] mcon shape region query size = 218815.
[INFO DRT-0033] met1 shape region query size = 49668.
[INFO DRT-0033] via shape region query size = 14705.
[INFO DRT-0033] met2 shape region query size = 8986.
[INFO DRT-0033] via2 shape region query size = 11764.
[INFO DRT-0033] met3 shape region query size = 9048.
[INFO DRT-0033] via3 shape region query size = 11764.
[INFO DRT-0033] met4 shape region query size = 3553.
[INFO DRT-0033] via4 shape region query size = 578.
[INFO DRT-0033] met5 shape region query size = 646.
[INFO DRT-0165] Start pin access.
[INFO DRT-0076]   Complete 1000 pins.
[INFO DRT-0076]   Complete 2000 pins.
[INFO DRT-0078]   Complete 2324 pins.
[INFO DRT-0079]   Complete 100 unique inst patterns.
[INFO DRT-0079]   Complete 200 unique inst patterns.
[INFO DRT-0081]   Complete 283 unique inst patterns.
[INFO DRT-0084]   Complete 9674 groups.
#scanned instances     = 18810
#unique  instances     = 283
#stdCellGenAp          = 8754
#stdCellValidPlanarAp  = 25
#stdCellValidViaAp     = 6780
#stdCellPinNoAp        = 0
#stdCellPinCnt         = 53961
#instTermValidViaApCnt = 0
#macroGenAp            = 0
#macroValidPlanarAp    = 0
#macroValidViaAp       = 0
#macroNoAp             = 0
[INFO DRT-0166] Complete pin access.
[INFO DRT-0267] cpu time = 00:06:01, elapsed time = 00:00:13, memory = 378.11 (MB), peak = 377.66 (MB)
[INFO DRT-0156] guideIn read 100000 guides.

[INFO DRT-0157] Number of guides:     152067

[INFO DRT-0169] Post process guides.
[INFO DRT-0176] GCELLGRID X 0 DO 68 STEP 6900 ;
[INFO DRT-0177] GCELLGRID Y 0 DO 68 STEP 6900 ;
[INFO DRT-0026]   Complete 100000 origin guides.
[INFO DRT-0028]   Complete FR_MASTERSLICE.
[INFO DRT-0028]   Complete Fr_VIA.
[INFO DRT-0028]   Complete li1.
[INFO DRT-0028]   Complete mcon.
[INFO DRT-0028]   Complete met1.
[INFO DRT-0028]   Complete via.
[INFO DRT-0028]   Complete met2.
[INFO DRT-0028]   Complete via2.
[INFO DRT-0028]   Complete met3.
[INFO DRT-0028]   Complete via3.
[INFO DRT-0028]   Complete met4.
[INFO DRT-0028]   Complete via4.
[INFO DRT-0028]   Complete met5.
[INFO DRT-0178] Init guide query.
[INFO DRT-0035]   Complete FR_MASTERSLICE (guide).
[INFO DRT-0035]   Complete Fr_VIA (guide).
[INFO DRT-0035]   Complete li1 (guide).
[INFO DRT-0035]   Complete mcon (guide).
[INFO DRT-0035]   Complete met1 (guide).
[INFO DRT-0035]   Complete via (guide).
[INFO DRT-0035]   Complete met2 (guide).
[INFO DRT-0035]   Complete via2 (guide).
[INFO DRT-0035]   Complete met3 (guide).
[INFO DRT-0035]   Complete via3 (guide).
[INFO DRT-0035]   Complete met4 (guide).
[INFO DRT-0035]   Complete via4 (guide).
[INFO DRT-0035]   Complete met5 (guide).
[INFO DRT-0036] FR_MASTERSLICE guide region query size = 0.
[INFO DRT-0036] FR_VIA guide region query size = 0.
[INFO DRT-0036] li1 guide region query size = 45884.
[INFO DRT-0036] mcon guide region query size = 0.
[INFO DRT-0036] met1 guide region query size = 40580.
[INFO DRT-0036] via guide region query size = 0.
[INFO DRT-0036] met2 guide region query size = 23927.
[INFO DRT-0036] via2 guide region query size = 0.
[INFO DRT-0036] met3 guide region query size = 7307.
[INFO DRT-0036] via3 guide region query size = 0.
[INFO DRT-0036] met4 guide region query size = 2710.
[INFO DRT-0036] via4 guide region query size = 0.
[INFO DRT-0036] met5 guide region query size = 171.
[INFO DRT-0179] Init gr pin query.
[INFO DRT-0267] cpu time = 00:00:00, elapsed time = 00:00:00, memory = 425.69 (MB), peak = 421.19 (MB)
[INFO DRT-0245] skipped writing guide updates to database.
[INFO DRT-0181] Start track assignment.
[INFO DRT-0184] Done with 72521 vertical wires in 2 frboxes and 48058 horizontal wires in 2 frboxes.
[INFO DRT-0186] Done with 14774 vertical wires in 2 frboxes and 16317 horizontal wires in 2 frboxes.
[INFO DRT-0182] Complete track assignment.
[INFO DRT-0267] cpu time = 00:00:07, elapsed time = 00:00:05, memory = 617.00 (MB), peak = 612.96 (MB)
[INFO DRT-0187] Start routing data preparation.
[INFO DRT-0267] cpu time = 00:00:00, elapsed time = 00:00:00, memory = 617.00 (MB), peak = 612.96 (MB)
[INFO DRT-0194] Start detail routing.
[INFO DRT-0195] Start 0th optimization iteration.
    Completing 10% with 0 violations.
    elapsed time = 00:00:08, memory = 1907.24 (MB).
    Completing 20% with 0 violations.
    elapsed time = 00:00:12, memory = 1612.28 (MB).
    Completing 30% with 4058 violations.
    elapsed time = 00:00:22, memory = 2358.32 (MB).
    Completing 40% with 4058 violations.
    elapsed time = 00:00:25, memory = 2188.29 (MB).
    Completing 50% with 4058 violations.
    elapsed time = 00:00:31, memory = 1792.66 (MB).
    Completing 60% with 7496 violations.
    elapsed time = 00:00:42, memory = 2617.00 (MB).
    Completing 70% with 7496 violations.
    elapsed time = 00:00:47, memory = 2326.16 (MB).
    Completing 80% with 12033 violations.
    elapsed time = 00:01:03, memory = 2816.34 (MB).
    Completing 90% with 12033 violations.
    elapsed time = 00:01:06, memory = 2616.05 (MB).
    Completing 100% with 16378 violations.
    elapsed time = 00:01:22, memory = 2149.70 (MB).
[INFO DRT-0199]   Number of violations = 19488.
Viol/Layer         li1   mcon   met1    via   met2   met3   via3   met4   via4   met5
Cut Spacing          0     23      0      0      0      0      0      0      1      0
Metal Spacing        0      0   1802      0   1038    163      0     33      0      0
Min Hole             0      0      6      0      1      0      0      0      0      0
Recheck             11      0   1364      0   1004    503      0    217      0     11
Short                0      0  11065     10   2029    177      1     28      1      0
[INFO DRT-0267] cpu time = 00:16:46, elapsed time = 00:01:23, memory = 2406.71 (MB), peak = 2853.47 (MB)
Total wire length = 659964 um.
Total wire length on LAYER li1 = 0 um.
Total wire length on LAYER met1 = 226968 um.
Total wire length on LAYER met2 = 246565 um.
Total wire length on LAYER met3 = 112002 um.
Total wire length on LAYER met4 = 67268 um.
Total wire length on LAYER met5 = 7159 um.
Total number of vias = 132368.
Up-via summary (total 132368):

-------------------------
 FR_MASTERSLICE         0
            li1     54833
           met1     61223
           met2     11600
           met3      4469
           met4       243
-------------------------
               132368


[INFO DRT-0195] Start 1st optimization iteration.
    Completing 10% with 19488 violations.
    elapsed time = 00:00:05, memory = 2906.15 (MB).
    Completing 20% with 19488 violations.
    elapsed time = 00:00:08, memory = 2640.88 (MB).
    Completing 30% with 18697 violations.
    elapsed time = 00:00:18, memory = 3131.31 (MB).
    Completing 40% with 18697 violations.
    elapsed time = 00:00:21, memory = 2859.24 (MB).
    Completing 50% with 18697 violations.
    elapsed time = 00:00:28, memory = 2484.70 (MB).
    Completing 60% with 17654 violations.
    elapsed time = 00:00:38, memory = 3260.83 (MB).
    Completing 70% with 17654 violations.
    elapsed time = 00:00:47, memory = 2781.45 (MB).
    Completing 80% with 15972 violations.
    elapsed time = 00:01:00, memory = 3464.88 (MB).
    Completing 90% with 15972 violations.
    elapsed time = 00:01:06, memory = 3045.27 (MB).
    Completing 100% with 14262 violations.
    elapsed time = 00:01:15, memory = 2529.64 (MB).
[INFO DRT-0199]   Number of violations = 14262.
Viol/Layer        mcon   met1    via   met2   met3   met4
Cut Spacing         25      0      0      0      0      0
Metal Spacing        0   1644      0    659     61      2
Min Hole             0      1      0      0      0      0
Short                0  10816      1   1012     29     12
[INFO DRT-0267] cpu time = 00:16:23, elapsed time = 00:01:16, memory = 2532.63 (MB), peak = 3599.09 (MB)
Total wire length = 649234 um.
Total wire length on LAYER li1 = 0 um.
Total wire length on LAYER met1 = 223332 um.
Total wire length on LAYER met2 = 244381 um.
Total wire length on LAYER met3 = 109664 um.
Total wire length on LAYER met4 = 65340 um.
Total wire length on LAYER met5 = 6516 um.
Total number of vias = 130576.
Up-via summary (total 130576):

-------------------------
 FR_MASTERSLICE         0
            li1     54831
           met1     60139
           met2     11293
           met3      4114
           met4       199
-------------------------
               130576


[INFO DRT-0195] Start 2nd optimization iteration.
    Completing 10% with 14262 violations.
    elapsed time = 00:00:00, memory = 3110.73 (MB).
    Completing 20% with 14262 violations.
    elapsed time = 00:00:03, memory = 2975.18 (MB).
    Completing 30% with 14386 violations.
    elapsed time = 00:00:19, memory = 2539.60 (MB).
    Completing 40% with 14386 violations.
    elapsed time = 00:00:24, memory = 3228.73 (MB).
    Completing 50% with 14386 violations.
    elapsed time = 00:00:33, memory = 2797.31 (MB).
    Completing 60% with 13983 violations.
    elapsed time = 00:00:47, memory = 3404.71 (MB).
    Completing 70% with 13983 violations.
    elapsed time = 00:00:53, memory = 3089.41 (MB).
    Completing 80% with 13994 violations.
    elapsed time = 00:01:09, memory = 3567.52 (MB).
    Completing 90% with 13994 violations.
    elapsed time = 00:01:20, memory = 3126.57 (MB).
    Completing 100% with 13394 violations.
    elapsed time = 00:01:35, memory = 2550.79 (MB).
[INFO DRT-0199]   Number of violations = 13394.
Viol/Layer        mcon   met1    via   met2   met3   met4   met5
Cut Spacing         29      0      0      0      0      0      0
Metal Spacing        0   1733      0    611     61      7      0
Min Hole             0      1      0      1      0      0      0
Short                0   9962      3    949     25      9      3
[INFO DRT-0267] cpu time = 00:15:32, elapsed time = 00:01:36, memory = 2556.79 (MB), peak = 3599.09 (MB)
Total wire length = 643869 um.
Total wire length on LAYER li1 = 0 um.
Total wire length on LAYER met1 = 221291 um.
Total wire length on LAYER met2 = 243742 um.
Total wire length on LAYER met3 = 108798 um.
Total wire length on LAYER met4 = 64211 um.
Total wire length on LAYER met5 = 5825 um.
Total number of vias = 129667.
Up-via summary (total 129667):

-------------------------
 FR_MASTERSLICE         0
            li1     54813
           met1     59485
           met2     11185
           met3      4024
           met4       160
-------------------------
               129667


[INFO DRT-0195] Start 3rd optimization iteration.
    Completing 10% with 13394 violations.
    elapsed time = 00:00:10, memory = 3198.83 (MB).
    Completing 20% with 13394 violations.
    elapsed time = 00:00:19, memory = 2798.69 (MB).
    Completing 30% with 10674 violations.
    elapsed time = 00:00:32, memory = 3255.71 (MB).
    Completing 40% with 10674 violations.
    elapsed time = 00:00:38, memory = 2983.53 (MB).
    Completing 50% with 10674 violations.
    elapsed time = 00:00:48, memory = 2581.08 (MB).
    Completing 60% with 8888 violations.
    elapsed time = 00:01:00, memory = 3358.83 (MB).
    Completing 70% with 8888 violations.
    elapsed time = 00:01:08, memory = 2953.13 (MB).
    Completing 80% with 6369 violations.
    elapsed time = 00:01:39, memory = 3324.28 (MB).
    Completing 90% with 6369 violations.
    elapsed time = 00:01:46, memory = 3074.98 (MB).
    Completing 100% with 4489 violations.
    elapsed time = 00:01:54, memory = 2596.29 (MB).
[INFO DRT-0199]   Number of violations = 4489.
Viol/Layer        mcon   met1    via   met2   met3   met4
Cut Spacing         13      0      1      0      0      0
Metal Spacing        0   1019      0    224     10      2
Min Hole             0      2      0      0      0      0
NS Metal             0      1      0      0      0      0
Short                0   2891      1    314     10      1
[INFO DRT-0267] cpu time = 00:21:13, elapsed time = 00:01:54, memory = 2596.29 (MB), peak = 3599.09 (MB)
Total wire length = 642931 um.
Total wire length on LAYER li1 = 0 um.
Total wire length on LAYER met1 = 206905 um.
Total wire length on LAYER met2 = 241743 um.
Total wire length on LAYER met3 = 120731 um.
Total wire length on LAYER met4 = 67772 um.
Total wire length on LAYER met5 = 5778 um.
Total number of vias = 133988.
Up-via summary (total 133988):

-------------------------
 FR_MASTERSLICE         0
            li1     54793
           met1     60664
           met2     13809
           met3      4562
           met4       160
-------------------------
               133988


[INFO DRT-0195] Start 4th optimization iteration.
    Completing 10% with 4489 violations.
    elapsed time = 00:00:01, memory = 3099.32 (MB).
    Completing 20% with 4489 violations.
    elapsed time = 00:00:09, memory = 2784.92 (MB).
    Completing 30% with 3914 violations.
    elapsed time = 00:00:17, memory = 3187.87 (MB).
    Completing 40% with 3914 violations.
    elapsed time = 00:00:21, memory = 2985.55 (MB).
    Completing 50% with 3914 violations.
    elapsed time = 00:00:26, memory = 2608.23 (MB).
    Completing 60% with 3491 violations.
    elapsed time = 00:00:32, memory = 3266.30 (MB).
    Completing 70% with 3491 violations.
    elapsed time = 00:00:38, memory = 2924.10 (MB).
    Completing 80% with 2425 violations.
    elapsed time = 00:01:04, memory = 3448.00 (MB).
    Completing 90% with 2425 violations.
    elapsed time = 00:01:09, memory = 3098.23 (MB).
    Completing 100% with 1335 violations.
    elapsed time = 00:01:19, memory = 2613.98 (MB).
[INFO DRT-0199]   Number of violations = 1335.
Viol/Layer        mcon   met1   met2   met3
Cut Spacing          1      0      0      0
Metal Spacing        0    343     50      2
Short                0    849     86      4
[INFO DRT-0267] cpu time = 00:10:19, elapsed time = 00:01:19, memory = 2613.98 (MB), peak = 3599.09 (MB)
Total wire length = 642926 um.
Total wire length on LAYER li1 = 0 um.
Total wire length on LAYER met1 = 205517 um.
Total wire length on LAYER met2 = 241190 um.
Total wire length on LAYER met3 = 121828 um.
Total wire length on LAYER met4 = 68619 um.
Total wire length on LAYER met5 = 5770 um.
Total number of vias = 134528.
Up-via summary (total 134528):

-------------------------
 FR_MASTERSLICE         0
            li1     54812
           met1     60807
           met2     14100
           met3      4649
           met4       160
-------------------------
               134528


[INFO DRT-0195] Start 5th optimization iteration.
    Completing 10% with 1335 violations.
    elapsed time = 00:00:00, memory = 3068.77 (MB).
    Completing 20% with 1335 violations.
    elapsed time = 00:00:03, memory = 2778.38 (MB).
    Completing 30% with 1167 violations.
    elapsed time = 00:00:14, memory = 2614.65 (MB).
    Completing 40% with 1167 violations.
    elapsed time = 00:00:15, memory = 2921.29 (MB).
    Completing 50% with 1167 violations.
    elapsed time = 00:00:28, memory = 2614.94 (MB).
    Completing 60% with 942 violations.
    elapsed time = 00:00:30, memory = 3209.02 (MB).
    Completing 70% with 942 violations.
    elapsed time = 00:00:36, memory = 2880.09 (MB).
    Completing 80% with 623 violations.
    elapsed time = 00:00:46, memory = 2614.94 (MB).
    Completing 90% with 623 violations.
    elapsed time = 00:00:47, memory = 3104.62 (MB).
    Completing 100% with 420 violations.
    elapsed time = 00:00:58, memory = 2614.94 (MB).
[INFO DRT-0199]   Number of violations = 420.
Viol/Layer        mcon   met1   met2
Cut Spacing          1      0      0
Metal Spacing        0    147     14
Short                0    243     15
[INFO DRT-0267] cpu time = 00:04:25, elapsed time = 00:00:58, memory = 2615.12 (MB), peak = 3599.09 (MB)
Total wire length = 643005 um.
Total wire length on LAYER li1 = 0 um.
Total wire length on LAYER met1 = 205264 um.
Total wire length on LAYER met2 = 241168 um.
Total wire length on LAYER met3 = 122105 um.
Total wire length on LAYER met4 = 68696 um.
Total wire length on LAYER met5 = 5770 um.
Total number of vias = 134697.
Up-via summary (total 134697):

-------------------------
 FR_MASTERSLICE         0
            li1     54813
           met1     60913
           met2     14157
           met3      4654
           met4       160
-------------------------
               134697


[INFO DRT-0195] Start 6th optimization iteration.
    Completing 10% with 420 violations.
    elapsed time = 00:00:00, memory = 2615.12 (MB).
    Completing 20% with 420 violations.
    elapsed time = 00:00:00, memory = 2615.12 (MB).
    Completing 30% with 391 violations.
    elapsed time = 00:00:05, memory = 2615.12 (MB).
    Completing 40% with 391 violations.
    elapsed time = 00:00:05, memory = 2615.12 (MB).
    Completing 50% with 391 violations.
    elapsed time = 00:00:05, memory = 2840.29 (MB).
    Completing 60% with 355 violations.
    elapsed time = 00:00:13, memory = 2615.13 (MB).
    Completing 70% with 355 violations.
    elapsed time = 00:00:13, memory = 3090.41 (MB).
    Completing 80% with 291 violations.
    elapsed time = 00:00:36, memory = 2615.13 (MB).
    Completing 90% with 291 violations.
    elapsed time = 00:00:36, memory = 2615.13 (MB).
    Completing 100% with 178 violations.
    elapsed time = 00:00:45, memory = 2615.13 (MB).
[INFO DRT-0199]   Number of violations = 178.
Viol/Layer        met1   met2
Metal Spacing       49      4
Short              116      9
[INFO DRT-0267] cpu time = 00:02:19, elapsed time = 00:00:45, memory = 2615.15 (MB), peak = 3599.09 (MB)
Total wire length = 643086 um.
Total wire length on LAYER li1 = 0 um.
Total wire length on LAYER met1 = 205270 um.
Total wire length on LAYER met2 = 241104 um.
Total wire length on LAYER met3 = 122138 um.
Total wire length on LAYER met4 = 68803 um.
Total wire length on LAYER met5 = 5770 um.
Total number of vias = 134744.
Up-via summary (total 134744):

-------------------------
 FR_MASTERSLICE         0
            li1     54810
           met1     60929
           met2     14171
           met3      4674
           met4       160
-------------------------
               134744


[INFO DRT-0195] Start 7th optimization iteration.
    Completing 10% with 178 violations.
    elapsed time = 00:00:00, memory = 2615.15 (MB).
    Completing 20% with 178 violations.
    elapsed time = 00:00:00, memory = 2615.15 (MB).
    Completing 30% with 169 violations.
    elapsed time = 00:00:04, memory = 2615.15 (MB).
    Completing 40% with 169 violations.
    elapsed time = 00:00:04, memory = 2615.15 (MB).
    Completing 50% with 169 violations.
    elapsed time = 00:00:04, memory = 2615.15 (MB).
    Completing 60% with 167 violations.
    elapsed time = 00:00:14, memory = 2615.15 (MB).
    Completing 70% with 167 violations.
    elapsed time = 00:00:14, memory = 2615.15 (MB).
    Completing 80% with 105 violations.
    elapsed time = 00:00:22, memory = 2615.15 (MB).
    Completing 90% with 105 violations.
    elapsed time = 00:00:22, memory = 2615.15 (MB).
    Completing 100% with 69 violations.
    elapsed time = 00:00:30, memory = 2622.15 (MB).
[INFO DRT-0199]   Number of violations = 69.
Viol/Layer        met1   met2
Metal Spacing       29      5
Short               35      0
[INFO DRT-0267] cpu time = 00:00:56, elapsed time = 00:00:30, memory = 2622.15 (MB), peak = 3599.09 (MB)
Total wire length = 643128 um.
Total wire length on LAYER li1 = 0 um.
Total wire length on LAYER met1 = 205225 um.
Total wire length on LAYER met2 = 241147 um.
Total wire length on LAYER met3 = 122187 um.
Total wire length on LAYER met4 = 68798 um.
Total wire length on LAYER met5 = 5770 um.
Total number of vias = 134776.
Up-via summary (total 134776):

-------------------------
 FR_MASTERSLICE         0
            li1     54809
           met1     60948
           met2     14185
           met3      4674
           met4       160
-------------------------
               134776


[INFO DRT-0195] Start 8th guides tiles iteration.
    Completing 10% with 69 violations.
    elapsed time = 00:00:00, memory = 2622.58 (MB).
    Completing 20% with 69 violations.
    elapsed time = 00:00:00, memory = 2622.58 (MB).
    Completing 30% with 69 violations.
    elapsed time = 00:00:01, memory = 2622.58 (MB).
    Completing 40% with 69 violations.
    elapsed time = 00:00:01, memory = 2622.58 (MB).
    Completing 50% with 39 violations.
    elapsed time = 00:00:01, memory = 2622.58 (MB).
    Completing 60% with 39 violations.
    elapsed time = 00:00:01, memory = 2622.58 (MB).
    Completing 70% with 39 violations.
    elapsed time = 00:00:01, memory = 2622.58 (MB).
    Completing 80% with 39 violations.
    elapsed time = 00:00:02, memory = 2622.58 (MB).
    Completing 90% with 30 violations.
    elapsed time = 00:00:10, memory = 2622.58 (MB).
    Completing 100% with 30 violations.
    elapsed time = 00:00:11, memory = 2622.58 (MB).
[INFO DRT-0199]   Number of violations = 30.
Viol/Layer        met1   met2
Metal Spacing        8      5
Short               17      0
[INFO DRT-0267] cpu time = 00:00:18, elapsed time = 00:00:11, memory = 2622.58 (MB), peak = 3599.09 (MB)
Total wire length = 643120 um.
Total wire length on LAYER li1 = 0 um.
Total wire length on LAYER met1 = 205212 um.
Total wire length on LAYER met2 = 241146 um.
Total wire length on LAYER met3 = 122192 um.
Total wire length on LAYER met4 = 68798 um.
Total wire length on LAYER met5 = 5770 um.
Total number of vias = 134778.
Up-via summary (total 134778):

-------------------------
 FR_MASTERSLICE         0
            li1     54809
           met1     60949
           met2     14186
           met3      4674
           met4       160
-------------------------
               134778


[INFO DRT-0195] Start 9th guides tiles iteration.
    Completing 10% with 30 violations.
    elapsed time = 00:00:00, memory = 2622.58 (MB).
    Completing 20% with 30 violations.
    elapsed time = 00:00:01, memory = 2622.58 (MB).
    Completing 40% with 30 violations.
    elapsed time = 00:00:01, memory = 2622.58 (MB).
    Completing 50% with 30 violations.
    elapsed time = 00:00:02, memory = 2622.58 (MB).
    Completing 70% with 30 violations.
    elapsed time = 00:00:02, memory = 2622.58 (MB).
    Completing 80% with 30 violations.
    elapsed time = 00:00:10, memory = 2622.58 (MB).
    Completing 100% with 30 violations.
    elapsed time = 00:00:11, memory = 2622.58 (MB).
[INFO DRT-0199]   Number of violations = 30.
Viol/Layer        met1   met2
Metal Spacing        8      5
Short               17      0
[INFO DRT-0267] cpu time = 00:00:15, elapsed time = 00:00:11, memory = 2622.58 (MB), peak = 3599.09 (MB)
Total wire length = 643120 um.
Total wire length on LAYER li1 = 0 um.
Total wire length on LAYER met1 = 205212 um.
Total wire length on LAYER met2 = 241146 um.
Total wire length on LAYER met3 = 122192 um.
Total wire length on LAYER met4 = 68798 um.
Total wire length on LAYER met5 = 5770 um.
Total number of vias = 134778.
Up-via summary (total 134778):

-------------------------
 FR_MASTERSLICE         0
            li1     54809
           met1     60949
           met2     14186
           met3      4674
           met4       160
-------------------------
               134778


[INFO DRT-0195] Start 10th guides tiles iteration.
    Completing 10% with 30 violations.
    elapsed time = 00:00:00, memory = 2622.58 (MB).
    Completing 20% with 30 violations.
    elapsed time = 00:00:00, memory = 2622.58 (MB).
    Completing 40% with 30 violations.
    elapsed time = 00:00:00, memory = 2622.58 (MB).
    Completing 50% with 18 violations.
    elapsed time = 00:00:00, memory = 2622.58 (MB).
    Completing 70% with 18 violations.
    elapsed time = 00:00:00, memory = 2622.58 (MB).
    Completing 80% with 18 violations.
    elapsed time = 00:00:04, memory = 2622.58 (MB).
    Completing 100% with 0 violations.
    elapsed time = 00:00:04, memory = 2622.58 (MB).
[INFO DRT-0199]   Number of violations = 0.
[INFO DRT-0267] cpu time = 00:00:06, elapsed time = 00:00:04, memory = 2622.58 (MB), peak = 3599.09 (MB)
Total wire length = 643136 um.
Total wire length on LAYER li1 = 0 um.
Total wire length on LAYER met1 = 205189 um.
Total wire length on LAYER met2 = 241116 um.
Total wire length on LAYER met3 = 122226 um.
Total wire length on LAYER met4 = 68833 um.
Total wire length on LAYER met5 = 5770 um.
Total number of vias = 134806.
Up-via summary (total 134806):

-------------------------
 FR_MASTERSLICE         0
            li1     54809
           met1     60962
           met2     14193
           met3      4682
           met4       160
-------------------------
               134806


[INFO DRT-0198] Complete detail routing.
Total wire length = 643136 um.
Total wire length on LAYER li1 = 0 um.
Total wire length on LAYER met1 = 205189 um.
Total wire length on LAYER met2 = 241116 um.
Total wire length on LAYER met3 = 122226 um.
Total wire length on LAYER met4 = 68833 um.
Total wire length on LAYER met5 = 5770 um.
Total number of vias = 134806.
Up-via summary (total 134806):

-------------------------
 FR_MASTERSLICE         0
            li1     54809
           met1     60962
           met2     14193
           met3      4682
           met4       160
-------------------------
               134806


[INFO DRT-0267] cpu time = 01:28:38, elapsed time = 00:10:11, memory = 2622.64 (MB), peak = 3599.09 (MB)

[INFO DRT-0180] Post processing.
[INFO DRT-0501] Runtime: 630.90s
Took 631 seconds: detailed_route -output_drc /tmp/workspace/scripts-Private_test-fr_cugr_cmp-2-/reports/sky130hd/aes/base/5_route_drc.rpt -output_maze /tmp/workspace/scripts-Private_test-fr_cugr_cmp-2-/results/sky130hd/aes/base/maze.log -droute_end_iter 64 -verbose 1 -drc_report_iter_step 5
[INFO GRT-0012] Found 13 antenna violations.
[INFO DPL-0006] Core area: 220156.15 um^2
[INFO DPL-0007] Movable instances area: 2.50 um^2
[INFO DPL-0008] Fixed instances area within core: 133075.13 um^2
[INFO DPL-0009] Utilization: 60.4%
[INFO DPL-0005] Diamond search max displacement: +/- 500 sites horizontally, +/- 100 rows vertically.
[INFO DPL-1102] Legalizing using negotiation legalizer.
[INFO DPL-1103] Negotiation base search window: +/-20 sites horizontally, +/-5 rows vertically 
	Automatic search window extension enabled.
	Search window extendable up to the max displacement cap of +/-500 sites, +/-100 rows near walls.
[INFO DPL-1104] NegotiationLegalizer DRC penalty: 5.
[INFO DPL-0392] Negotiation cell height distribution (1 unique row-count(s)):
[INFO DPL-0393]   height 1 row(s): 18825 cells
          |      Total |  Illegal |  Illegal
Iteration | Violations |    Cells |    Sites
---------------------------------------------
        0 |          0 |         0 |         0
Negotiation phase 1 converged at iteration 0.
[INFO DPL-0500] Runtime: 0.06s
[INFO GRT-0015] Inserted 15 diodes.
[WARNING GRT-0305] Demoted 1 NDR net(s) to default rule to reduce congestion (use debug 'softNDR' for net list).
[WARNING GRT-0128] Incremental global routing finished with congestion. Check the congestion regions in the DRC Viewer.
[INFO DRT-0024]   Complete FR_MASTERSLICE.
[INFO DRT-0024]   Complete Fr_VIA.
[INFO DRT-0024]   Complete li1.
[INFO DRT-0024]   Complete mcon.
[INFO DRT-0024]   Complete met1.
[INFO DRT-0024]   Complete via.
[INFO DRT-0024]   Complete met2.
[INFO DRT-0024]   Complete via2.
[INFO DRT-0024]   Complete met3.
[INFO DRT-0024]   Complete via3.
[INFO DRT-0024]   Complete met4.
[INFO DRT-0024]   Complete via4.
[INFO DRT-0024]   Complete met5.
[INFO DRT-0165] Start pin access.
[INFO DRT-0076]   Complete 1000 pins.
[INFO DRT-0076]   Complete 2000 pins.
[INFO DRT-0078]   Complete 2324 pins.
[INFO DRT-0079]   Complete 100 unique inst patterns.
[INFO DRT-0079]   Complete 200 unique inst patterns.
[INFO DRT-0081]   Complete 283 unique inst patterns.
[INFO DRT-0084]   Complete 9674 groups.
#scanned instances     = 18825
#unique  instances     = 283
#stdCellGenAp          = 8754
#stdCellValidPlanarAp  = 25
#stdCellValidViaAp     = 6780
#stdCellPinNoAp        = 0
#stdCellPinCnt         = 53961
#instTermValidViaApCnt = 0
#macroGenAp            = 0
#macroValidPlanarAp    = 0
#macroValidViaAp       = 0
#macroNoAp             = 0
[INFO DRT-0166] Complete pin access.
[INFO DRT-0267] cpu time = 00:06:07, elapsed time = 00:00:13, memory = 2640.55 (MB), peak = 3599.09 (MB)
[INFO DRT-0156] guideIn read 100000 guides.

[INFO DRT-0157] Number of guides:     152161

[INFO DRT-0169] Post process guides.
[INFO DRT-0176] GCELLGRID X 0 DO 68 STEP 6900 ;
[INFO DRT-0177] GCELLGRID Y 0 DO 68 STEP 6900 ;
[INFO DRT-0026]   Complete 100000 origin guides.
[INFO DRT-0028]   Complete FR_MASTERSLICE.
[INFO DRT-0028]   Complete Fr_VIA.
[INFO DRT-0028]   Complete li1.
[INFO DRT-0028]   Complete mcon.
[INFO DRT-0028]   Complete met1.
[INFO DRT-0028]   Complete via.
[INFO DRT-0028]   Complete met2.
[INFO DRT-0028]   Complete via2.
[INFO DRT-0028]   Complete met3.
[INFO DRT-0028]   Complete via3.
[INFO DRT-0028]   Complete met4.
[INFO DRT-0028]   Complete via4.
[INFO DRT-0028]   Complete met5.
[INFO DRT-0178] Init guide query.
[INFO DRT-0035]   Complete FR_MASTERSLICE (guide).
[INFO DRT-0035]   Complete Fr_VIA (guide).
[INFO DRT-0035]   Complete li1 (guide).
[INFO DRT-0035]   Complete mcon (guide).
[INFO DRT-0035]   Complete met1 (guide).
[INFO DRT-0035]   Complete via (guide).
[INFO DRT-0035]   Complete met2 (guide).
[INFO DRT-0035]   Complete via2 (guide).
[INFO DRT-0035]   Complete met3 (guide).
[INFO DRT-0035]   Complete via3 (guide).
[INFO DRT-0035]   Complete met4 (guide).
[INFO DRT-0035]   Complete via4 (guide).
[INFO DRT-0035]   Complete met5 (guide).
[INFO DRT-0036] FR_MASTERSLICE guide region query size = 0.
[INFO DRT-0036] FR_VIA guide region query size = 0.
[INFO DRT-0036] li1 guide region query size = 45895.
[INFO DRT-0036] mcon guide region query size = 0.
[INFO DRT-0036] met1 guide region query size = 40591.
[INFO DRT-0036] via guide region query size = 0.
[INFO DRT-0036] met2 guide region query size = 23930.
[INFO DRT-0036] via2 guide region query size = 0.
[INFO DRT-0036] met3 guide region query size = 7316.
[INFO DRT-0036] via3 guide region query size = 0.
[INFO DRT-0036] met4 guide region query size = 2726.
[INFO DRT-0036] via4 guide region query size = 0.
[INFO DRT-0036] met5 guide region query size = 177.
[INFO DRT-0179] Init gr pin query.
[INFO DRT-0267] cpu time = 00:00:00, elapsed time = 00:00:00, memory = 2640.55 (MB), peak = 3599.09 (MB)
[INFO DRT-0245] skipped writing guide updates to database.
[INFO DRT-0181] Start track assignment.
[INFO DRT-0184] Done with 72551 vertical wires in 2 frboxes and 48084 horizontal wires in 2 frboxes.
[INFO DRT-0186] Done with 14842 vertical wires in 2 frboxes and 16312 horizontal wires in 2 frboxes.
[INFO DRT-0182] Complete track assignment.
[INFO DRT-0267] cpu time = 00:00:07, elapsed time = 00:00:05, memory = 2644.12 (MB), peak = 3599.09 (MB)
[INFO DRT-0187] Start routing data preparation.
[INFO DRT-0267] cpu time = 00:00:00, elapsed time = 00:00:00, memory = 2644.12 (MB), peak = 3599.09 (MB)
[INFO DRT-0194] Start detail routing.
[INFO DRT-0195] Start 0th optimization iteration.
    Completing 10% with 0 violations.
    elapsed time = 00:00:00, memory = 3093.17 (MB).
    Completing 20% with 0 violations.
    elapsed time = 00:00:01, memory = 2795.69 (MB).
    Completing 30% with 159 violations.
    elapsed time = 00:00:02, memory = 3150.59 (MB).
    Completing 40% with 159 violations.
    elapsed time = 00:00:03, memory = 2932.36 (MB).
    Completing 50% with 159 violations.
    elapsed time = 00:00:07, memory = 2669.07 (MB).
    Completing 60% with 284 violations.
    elapsed time = 00:00:08, memory = 3263.46 (MB).
    Completing 70% with 284 violations.
    elapsed time = 00:00:08, memory = 2904.54 (MB).
    Completing 80% with 447 violations.
    elapsed time = 00:00:15, memory = 3288.49 (MB).
    Completing 90% with 447 violations.
    elapsed time = 00:00:15, memory = 3024.34 (MB).
    Completing 100% with 574 violations.
    elapsed time = 00:00:16, memory = 2669.15 (MB).
[INFO DRT-0199]   Number of violations = 659.
Viol/Layer        mcon   met1   met2   met3   met4
Cut Spacing          1      0      0      0      0
Metal Spacing        0     19     39     75     28
Recheck              0     32     29     15      9
Short                0    192    145     53     22
[INFO DRT-0267] cpu time = 00:01:54, elapsed time = 00:00:16, memory = 2750.30 (MB), peak = 3599.09 (MB)
Total wire length = 644125 um.
Total wire length on LAYER li1 = 0 um.
Total wire length on LAYER met1 = 205759 um.
Total wire length on LAYER met2 = 241403 um.
Total wire length on LAYER met3 = 121432 um.
Total wire length on LAYER met4 = 69272 um.
Total wire length on LAYER met5 = 6259 um.
Total number of vias = 134907.
Up-via summary (total 134907):

-------------------------
 FR_MASTERSLICE         0
            li1     54824
           met1     60998
           met2     14205
           met3      4705
           met4       175
-------------------------
               134907


[INFO DRT-0195] Start 1st optimization iteration.
    Completing 10% with 659 violations.
    elapsed time = 00:00:00, memory = 3155.32 (MB).
    Completing 20% with 659 violations.
    elapsed time = 00:00:01, memory = 2911.95 (MB).
    Completing 30% with 611 violations.
    elapsed time = 00:00:02, memory = 3393.21 (MB).
    Completing 40% with 611 violations.
    elapsed time = 00:00:02, memory = 3101.23 (MB).
    Completing 50% with 611 violations.
    elapsed time = 00:00:04, memory = 2751.12 (MB).
    Completing 60% with 507 violations.
    elapsed time = 00:00:05, memory = 3396.89 (MB).
    Completing 70% with 507 violations.
    elapsed time = 00:00:06, memory = 2995.59 (MB).
    Completing 80% with 372 violations.
    elapsed time = 00:00:09, memory = 3584.80 (MB).
    Completing 90% with 372 violations.
    elapsed time = 00:00:10, memory = 3172.49 (MB).
    Completing 100% with 230 violations.
    elapsed time = 00:00:11, memory = 2751.12 (MB).
[INFO DRT-0199]   Number of violations = 230.
Viol/Layer        met1   met2   met3   met4
Metal Spacing        1      6     53      1
Short              119     28     22      0
[INFO DRT-0267] cpu time = 00:01:44, elapsed time = 00:00:11, memory = 2751.12 (MB), peak = 3777.40 (MB)
Total wire length = 643871 um.
Total wire length on LAYER li1 = 0 um.
Total wire length on LAYER met1 = 205663 um.
Total wire length on LAYER met2 = 241412 um.
Total wire length on LAYER met3 = 121384 um.
Total wire length on LAYER met4 = 69256 um.
Total wire length on LAYER met5 = 6153 um.
Total number of vias = 134884.
Up-via summary (total 134884):

-------------------------
 FR_MASTERSLICE         0
            li1     54824
           met1     60995
           met2     14197
           met3      4696
           met4       172
-------------------------
               134884


[INFO DRT-0195] Start 2nd optimization iteration.
    Completing 10% with 230 violations.
    elapsed time = 00:00:00, memory = 2751.12 (MB).
    Completing 20% with 230 violations.
    elapsed time = 00:00:00, memory = 2751.12 (MB).
    Completing 30% with 232 violations.
    elapsed time = 00:00:02, memory = 2751.12 (MB).
    Completing 40% with 232 violations.
    elapsed time = 00:00:02, memory = 2751.12 (MB).
    Completing 50% with 232 violations.
    elapsed time = 00:00:02, memory = 2930.35 (MB).
    Completing 60% with 237 violations.
    elapsed time = 00:00:04, memory = 2755.32 (MB).
    Completing 70% with 237 violations.
    elapsed time = 00:00:04, memory = 2755.32 (MB).
    Completing 80% with 209 violations.
    elapsed time = 00:00:06, memory = 2755.32 (MB).
    Completing 90% with 209 violations.
    elapsed time = 00:00:06, memory = 2755.32 (MB).
    Completing 100% with 198 violations.
    elapsed time = 00:00:10, memory = 2755.32 (MB).
[INFO DRT-0199]   Number of violations = 207.
Viol/Layer        met1   met2   met3
Metal Spacing       12     12     25
Recheck              4      4      1
Short              109     24     16
[INFO DRT-0267] cpu time = 00:00:39, elapsed time = 00:00:10, memory = 2755.32 (MB), peak = 3777.40 (MB)
Total wire length = 643744 um.
Total wire length on LAYER li1 = 0 um.
Total wire length on LAYER met1 = 205728 um.
Total wire length on LAYER met2 = 241418 um.
Total wire length on LAYER met3 = 121298 um.
Total wire length on LAYER met4 = 69188 um.
Total wire length on LAYER met5 = 6110 um.
Total number of vias = 134866.
Up-via summary (total 134866):

-------------------------
 FR_MASTERSLICE         0
            li1     54826
           met1     60998
           met2     14190
           met3      4684
           met4       168
-------------------------
               134866


[INFO DRT-0195] Start 3rd optimization iteration.
    Completing 10% with 207 violations.
    elapsed time = 00:00:00, memory = 2755.32 (MB).
    Completing 20% with 207 violations.
    elapsed time = 00:00:00, memory = 2755.32 (MB).
    Completing 30% with 171 violations.
    elapsed time = 00:00:06, memory = 2755.32 (MB).
    Completing 40% with 171 violations.
    elapsed time = 00:00:06, memory = 2755.32 (MB).
    Completing 50% with 171 violations.
    elapsed time = 00:00:08, memory = 2755.94 (MB).
    Completing 60% with 123 violations.
    elapsed time = 00:00:08, memory = 2755.94 (MB).
    Completing 70% with 123 violations.
    elapsed time = 00:00:09, memory = 2988.21 (MB).
    Completing 80% with 92 violations.
    elapsed time = 00:00:20, memory = 2755.94 (MB).
    Completing 90% with 92 violations.
    elapsed time = 00:00:20, memory = 2755.94 (MB).
    Completing 100% with 80 violations.
    elapsed time = 00:00:29, memory = 2761.62 (MB).
[INFO DRT-0199]   Number of violations = 80.
Viol/Layer        met1   met2   met3
Metal Spacing       14      6      2
Short               42     10      6
[INFO DRT-0267] cpu time = 00:00:59, elapsed time = 00:00:29, memory = 2761.74 (MB), peak = 3777.40 (MB)
Total wire length = 643739 um.
Total wire length on LAYER li1 = 0 um.
Total wire length on LAYER met1 = 205374 um.
Total wire length on LAYER met2 = 241419 um.
Total wire length on LAYER met3 = 121600 um.
Total wire length on LAYER met4 = 69236 um.
Total wire length on LAYER met5 = 6108 um.
Total number of vias = 134974.
Up-via summary (total 134974):

-------------------------
 FR_MASTERSLICE         0
            li1     54825
           met1     61031
           met2     14259
           met3      4691
           met4       168
-------------------------
               134974


[INFO DRT-0195] Start 4th guides tiles iteration.
    Completing 10% with 80 violations.
    elapsed time = 00:00:00, memory = 2798.11 (MB).
    Completing 20% with 80 violations.
    elapsed time = 00:00:00, memory = 2798.11 (MB).
    Completing 30% with 80 violations.
    elapsed time = 00:00:02, memory = 2798.11 (MB).
    Completing 40% with 20 violations.
    elapsed time = 00:00:07, memory = 2761.74 (MB).
    Completing 50% with 20 violations.
    elapsed time = 00:00:07, memory = 2761.74 (MB).
    Completing 60% with 20 violations.
    elapsed time = 00:00:07, memory = 2761.74 (MB).
    Completing 70% with 20 violations.
    elapsed time = 00:00:07, memory = 2761.74 (MB).
    Completing 80% with 10 violations.
    elapsed time = 00:00:07, memory = 2761.74 (MB).
    Completing 90% with 10 violations.
    elapsed time = 00:00:07, memory = 2761.74 (MB).
    Completing 100% with 1 violations.
    elapsed time = 00:00:07, memory = 2761.74 (MB).
[INFO DRT-0199]   Number of violations = 1.
Viol/Layer        met1
Short                1
[INFO DRT-0267] cpu time = 00:00:12, elapsed time = 00:00:08, memory = 2761.74 (MB), peak = 3777.40 (MB)
Total wire length = 643727 um.
Total wire length on LAYER li1 = 0 um.
Total wire length on LAYER met1 = 205279 um.
Total wire length on LAYER met2 = 241327 um.
Total wire length on LAYER met3 = 121690 um.
Total wire length on LAYER met4 = 69321 um.
Total wire length on LAYER met5 = 6108 um.
Total number of vias = 135013.
Up-via summary (total 135013):

-------------------------
 FR_MASTERSLICE         0
            li1     54831
           met1     61031
           met2     14282
           met3      4701
           met4       168
-------------------------
               135013


[INFO DRT-0195] Start 5th guides tiles iteration.
    Completing 100% with 1 violations.
    elapsed time = 00:00:00, memory = 2761.74 (MB).
[INFO DRT-0199]   Number of violations = 1.
Viol/Layer        met1
Short                1
[INFO DRT-0267] cpu time = 00:00:01, elapsed time = 00:00:00, memory = 2761.74 (MB), peak = 3777.40 (MB)
Total wire length = 643727 um.
Total wire length on LAYER li1 = 0 um.
Total wire length on LAYER met1 = 205279 um.
Total wire length on LAYER met2 = 241327 um.
Total wire length on LAYER met3 = 121690 um.
Total wire length on LAYER met4 = 69321 um.
Total wire length on LAYER met5 = 6108 um.
Total number of vias = 135013.
Up-via summary (total 135013):

-------------------------
 FR_MASTERSLICE         0
            li1     54831
           met1     61031
           met2     14282
           met3      4701
           met4       168
-------------------------
               135013


[INFO DRT-0195] Start 6th stubborn tiles iteration.
    Completing 10% with 1 violations.
    elapsed time = 00:00:01, memory = 4014.56 (MB).
    Completing 20% with 1 violations.
    elapsed time = 00:00:01, memory = 4065.54 (MB).
    Completing 30% with 1 violations.
    elapsed time = 00:00:01, memory = 3931.23 (MB).
    Completing 40% with 1 violations.
    elapsed time = 00:00:01, memory = 3869.47 (MB).
    Completing 50% with 1 violations.
    elapsed time = 00:00:01, memory = 3784.25 (MB).
    Completing 60% with 1 violations.
    elapsed time = 00:00:01, memory = 3543.46 (MB).
    Completing 70% with 1 violations.
    elapsed time = 00:00:02, memory = 3362.37 (MB).
    Completing 80% with 1 violations.
    elapsed time = 00:00:03, memory = 3189.27 (MB).
    Completing 90% with 1 violations.
    elapsed time = 00:00:04, memory = 2979.99 (MB).
    Completing 100% with 0 violations.
    elapsed time = 00:00:09, memory = 2771.69 (MB).
[INFO DRT-0199]   Number of violations = 0.
[INFO DRT-0267] cpu time = 00:01:34, elapsed time = 00:00:09, memory = 2771.69 (MB), peak = 4108.51 (MB)
Total wire length = 643725 um.
Total wire length on LAYER li1 = 0 um.
Total wire length on LAYER met1 = 205273 um.
Total wire length on LAYER met2 = 241328 um.
Total wire length on LAYER met3 = 121694 um.
Total wire length on LAYER met4 = 69320 um.
Total wire length on LAYER met5 = 6108 um.
Total number of vias = 135016.
Up-via summary (total 135016):

-------------------------
 FR_MASTERSLICE         0
            li1     54831
           met1     61033
           met2     14282
           met3      4702
           met4       168
-------------------------
               135016


[INFO DRT-0198] Complete detail routing.
Total wire length = 643725 um.
Total wire length on LAYER li1 = 0 um.
Total wire length on LAYER met1 = 205273 um.
Total wire length on LAYER met2 = 241328 um.
Total wire length on LAYER met3 = 121694 um.
Total wire length on LAYER met4 = 69320 um.
Total wire length on LAYER met5 = 6108 um.
Total number of vias = 135016.
Up-via summary (total 135016):

-------------------------
 FR_MASTERSLICE         0
            li1     54831
           met1     61033
           met2     14282
           met3      4702
           met4       168
-------------------------
               135016


[INFO DRT-0267] cpu time = 00:07:07, elapsed time = 00:01:26, memory = 2771.69 (MB), peak = 4108.51 (MB)

[INFO DRT-0180] Post processing.
[INFO DRT-0501] Runtime: 105.47s
[INFO ANT-0002] Found 0 net violations.
[INFO ANT-0001] Found 0 pin violations.
[INFO ANT-0002] Found 0 net violations.
[INFO ANT-0001] Found 0 pin violations.
Design area 133078 um^2 60% utilization.
write_db /tmp/workspace/scripts-Private_test-fr_cugr_cmp-2-/results/sky130hd/aes/base/5_2_route.odb
Elapsed time: 12:20.22[h:]min:sec. CPU time: user 6522.37 sys 21.76 (884%). Peak memory: 4207116KB.
Log                       Ext     Elapsed/s Peak Memory/MB sha1sum result [0:20)
5_2_route                 .odb          740           4108 7491cf0e6e04f3b684ca
