OpenROAD 26Q3-1464-gb22abfea20 
Features included (+) or not (-): +GPU +GUI +Python
This program is licensed under the BSD-3 license. See the LICENSE file for details.
Components of this program may be licensed under more restrictive licenses which must be honored.
[INFO ORD-0030] Using 32 thread(s).
read_liberty ./platforms/sky130hd/lib/sky130_fd_sc_hd__tt_025C_1v80.lib
read_liberty ./designs/sky130hd/microwatt/lib/Microwatt_FP_DFFRFile.lib
read_liberty ./designs/sky130hd/microwatt/lib/RAM32_1RW1R.lib
read_liberty ./designs/sky130hd/microwatt/lib/RAM512.lib
read_liberty ./designs/sky130hd/microwatt/lib/multiply_add_64x64.lib
read_db -hier /tmp/workspace/scripts-Private_test-fr_cugr_cmp-1-/results/sky130hd/microwatt/base/3_1_place_gp_skip_io.odb
[WARNING ORD-0012] Hierarchical flow (-hier) is currently in development and may cause multiple issues. Do not use in production environments.
read_sdc /tmp/workspace/scripts-Private_test-fr_cugr_cmp-1-/results/sky130hd/microwatt/base/2_floorplan.sdc
source ./platforms/sky130hd/setRC.tcl
place_pins -hor_layers met3 -ver_layers met2
Found 6 macro blocks.
Using 2 tracks default min distance between IO pins.
[INFO PPL-0001] Number of available slots 10436
[INFO PPL-0002] Number of I/O             141
[INFO PPL-0003] Number of I/O w/sink      140
[INFO PPL-0004] Number of I/O w/o sink    1
[INFO PPL-0005] Slots per section         200
[INFO PPL-0008] Successfully assigned pins to sections.
[INFO PPL-0012] I/O nets HPWL: 149374.97 um.
Design area 4588340 um^2 56% utilization.
write_db /tmp/workspace/scripts-Private_test-fr_cugr_cmp-1-/results/sky130hd/microwatt/base/3_2_place_iop.odb
Elapsed time: 0:00.78[h:]min:sec. CPU time: user 0.69 sys 0.09 (100%). Peak memory: 353328KB.
Log                       Ext     Elapsed/s Peak Memory/MB sha1sum result [0:20)
3_2_place_iop             .odb            0            345 9dc240d87ea74f634444
