OpenROAD 26Q3-1464-gb22abfea20 
Features included (+) or not (-): +GPU +GUI +Python
This program is licensed under the BSD-3 license. See the LICENSE file for details.
Components of this program may be licensed under more restrictive licenses which must be honored.
[INFO ORD-0030] Using 32 thread(s).
read_liberty ./platforms/sky130hd/lib/sky130_fd_sc_hd__tt_025C_1v80.lib
read_liberty ./designs/sky130hd/microwatt/lib/Microwatt_FP_DFFRFile.lib
read_liberty ./designs/sky130hd/microwatt/lib/RAM32_1RW1R.lib
read_liberty ./designs/sky130hd/microwatt/lib/RAM512.lib
read_liberty ./designs/sky130hd/microwatt/lib/multiply_add_64x64.lib
read_db -hier /tmp/workspace/scripts-Private_test-fr_cugr_cmp-1-/results/sky130hd/microwatt/base/3_3_place_gp.odb
[WARNING ORD-0012] Hierarchical flow (-hier) is currently in development and may cause multiple issues. Do not use in production environments.
read_sdc /tmp/workspace/scripts-Private_test-fr_cugr_cmp-1-/results/sky130hd/microwatt/base/2_floorplan.sdc
source ./platforms/sky130hd/setRC.tcl
estimate_parasitics -placement
replace_arith_modules -path_count 1000 -target setup -slack_threshold 0.0
[INFO RSZ-0151] Starting arithmetic module replacement to optimize 'setup' target
[INFO RSZ-0152] Analyzing 1000 critical paths with slack < 0.00
[INFO RSZ-0153] Identified 285 violating endpoints
[INFO RSZ-0154] Identified 0 critical arithmetic instances
[INFO GPL-0083] Execute incremental mode global placement.
[INFO GPL-0001] ---- Initialize GPL Main Data Structures
[INFO GPL-0002] DBU: 1000
[INFO GPL-0003] SiteSize: (  0.460  2.720 ) um
[INFO GPL-0004] CoreBBox: (  1.380  2.720 ) ( 2865.800 2864.160 ) um
[INFO GPL-0016] Core area:                  8196365.965 um^2
[INFO GPL-0036] Movable instances area:     660603.571 um^2
[INFO GPL-0037] Total instances area:       4671049.907 um^2
[INFO GPL-0035] Pin density area adjust:     51237.928 um^2
[INFO GPL-0032] ---- Initialize Region: Top-level
[INFO GPL-0006] Number of instances:            137129
[INFO GPL-0007] Movable instances:               66884
[INFO GPL-0008] Fixed instances:                 56920
[INFO GPL-0009] Dummy instances:                 13325
[INFO GPL-0010] Number of nets:                  70038
[INFO GPL-0011] Number of pins:                 238666
[INFO GPL-0012] Die BBox:       (  0.000  0.000 ) ( 2866.970 2866.970 ) um
[INFO GPL-0013] Placement BBox: (  1.380  2.720 ) ( 2865.800 2864.160 ) um
[INFO GPL-0014] Region name: top-level.
[INFO GPL-0015] Region area:                8196365.965 um^2
[INFO GPL-0017] Fixed instances area:       4846624.547 um^2
[INFO GPL-0018] Movable instances area:     711841.499 um^2
[INFO GPL-0019] Utilization:                    21.251 %
[INFO GPL-0020] Standard cells area:        711841.499 um^2
[INFO GPL-0021] Large instances area:            0.000 um^2
[INFO GPL-0154] Identified 66884 placed instances
[INFO GPL-0155] Identified 0 not placed instances
[INFO GPL-0156] Identified all instances as placed. Skipping incremental mode
Perform buffer insertion and gate resizing...
repair_design -verbose -match_cell_footprint
Iteration |   Area    | Resized | Buffers | Nets repaired | Remaining
---------------------------------------------------------------------
        0 |     +0.0% |       0 |       0 |             0 |     70785
     1000 |     +0.0% |       0 |       0 |             0 |     69785
     2000 |     +0.0% |       0 |       0 |             0 |     68785
     3000 |     +0.0% |       0 |       0 |             0 |     67785
     4000 |     +0.0% |       0 |       0 |             0 |     66785
     5000 |     +0.0% |       3 |       4 |             5 |     65785
     6000 |     +0.0% |       4 |       7 |             8 |     64785
     7000 |     +0.0% |       4 |       9 |            10 |     63785
     8000 |     +0.0% |       4 |       9 |            10 |     62785
     9000 |     +0.0% |       4 |      10 |            11 |     61785
    10000 |     +0.0% |       5 |      13 |            15 |     60785
    11000 |     +0.0% |       5 |      14 |            16 |     59785
    12000 |     +0.0% |       5 |      19 |            21 |     58785
    13000 |     +0.0% |       5 |      24 |            26 |     57785
    14000 |     +0.0% |       6 |      26 |            28 |     56785
    15000 |     +0.0% |       6 |      27 |            29 |     55785
    16000 |     +0.0% |       6 |      28 |            30 |     54785
    17000 |     +0.0% |       6 |      28 |            30 |     53785
    18000 |     +0.0% |       7 |      31 |            33 |     52785
    19000 |     +0.0% |       7 |      31 |            33 |     51785
    20000 |     +0.0% |       7 |      31 |            33 |     50785
    21000 |     +0.0% |       7 |      31 |            33 |     49785
    22000 |     +0.0% |       7 |      31 |            33 |     48785
    23000 |     +0.0% |       7 |      31 |            33 |     47785
    24000 |     +0.0% |       7 |      31 |            33 |     46785
    25000 |     +0.0% |       8 |      32 |            34 |     45785
    26000 |     +0.0% |       8 |      32 |            34 |     44785
    27000 |     +0.0% |       8 |      32 |            34 |     43785
    28000 |     +0.0% |       8 |      32 |            34 |     42785
    29000 |     +0.0% |       8 |      32 |            34 |     41785
    30000 |     +0.0% |       8 |      32 |            34 |     40785
    31000 |     +0.0% |       8 |      32 |            34 |     39785
    32000 |     +0.0% |       8 |      32 |            34 |     38785
    33000 |     +0.0% |       9 |      33 |            35 |     37785
    34000 |     +0.0% |       9 |      33 |            35 |     36785
    35000 |     +0.0% |       9 |      33 |            35 |     35785
    36000 |     +0.0% |       9 |      33 |            35 |     34785
    37000 |     +0.0% |       9 |      33 |            35 |     33785
    38000 |     +0.0% |       9 |      33 |            35 |     32785
    39000 |     +0.0% |      10 |      34 |            36 |     31785
    40000 |     +0.0% |      12 |      35 |            38 |     30785
    41000 |     +0.0% |      12 |      35 |            38 |     29785
    42000 |     +0.0% |      12 |      35 |            38 |     28785
    43000 |     +0.0% |      12 |      35 |            38 |     27785
    44000 |     +0.0% |      12 |      35 |            38 |     26785
    45000 |     +0.0% |      13 |      36 |            39 |     25785
    46000 |     +0.0% |      13 |      36 |            39 |     24785
    47000 |     +0.0% |      13 |      36 |            39 |     23785
    48000 |     +0.0% |      14 |      37 |            40 |     22785
    49000 |     +0.0% |      14 |      37 |            40 |     21785
    50000 |     +0.0% |      14 |      37 |            40 |     20785
    51000 |     +0.0% |      15 |      38 |            41 |     19785
    52000 |     +0.0% |      15 |      38 |            41 |     18785
    53000 |     +0.0% |      15 |      38 |            41 |     17785
    54000 |     +0.0% |      15 |      38 |            41 |     16785
    55000 |     +0.0% |      15 |      38 |            41 |     15785
    56000 |     +0.0% |      15 |      38 |            41 |     14785
    57000 |     +0.0% |      15 |      38 |            41 |     13785
    58000 |     +0.0% |      15 |      38 |            41 |     12785
    59000 |     +0.0% |      15 |      38 |            41 |     11785
    60000 |     +0.0% |      17 |      39 |            43 |     10785
    61000 |     +0.0% |      17 |      61 |            65 |      9785
    62000 |     +0.0% |      17 |      61 |            65 |      8785
    63000 |     +0.0% |      17 |      69 |            73 |      7785
    64000 |     +0.0% |      17 |      78 |            82 |      6785
    65000 |     +0.0% |      17 |      78 |            82 |      5785
    66000 |     +0.0% |      17 |      81 |            85 |      4785
    67000 |     +0.0% |      17 |      84 |            88 |      3785
    68000 |     +0.0% |      17 |      84 |            88 |      2785
    69000 |     +0.0% |      22 |      99 |           103 |      1785
    70000 |     +0.0% |      22 |      99 |           103 |       785
    final |     +0.0% |      22 |      99 |           103 |         0
---------------------------------------------------------------------
[INFO RSZ-0034] Found 51 slew violations.
[INFO RSZ-0036] Found 60 capacitance violations.
[INFO RSZ-0039] Resized 22 instances.
[INFO RSZ-0038] Inserted 99 buffers in 103 nets.
[INFO RSZ-0504] Runtime: 6.11s
Took 7 seconds: repair_design -verbose -match_cell_footprint
Floating nets: 
[WARNING RSZ-0095] found 2 floating pins.
Report metrics stage 3, resizer...

==========================================================================
resizer report_design_area
--------------------------------------------------------------------------
Design area 4660436 um^2 57% utilization.
Instance count before 123804, after 123903
Pin count before 239274, after 239472
write_db /tmp/workspace/scripts-Private_test-fr_cugr_cmp-1-/results/sky130hd/microwatt/base/3_4_place_resized.odb
Elapsed time: 0:32.62[h:]min:sec. CPU time: user 41.83 sys 26.05 (208%). Peak memory: 649936KB.
Log                       Ext     Elapsed/s Peak Memory/MB sha1sum result [0:20)
3_4_place_resized         .odb           32            634 2558d58fe27fd3ce50ac
