OpenROAD 26Q3-1464-gb22abfea20 
Features included (+) or not (-): +GPU +GUI +Python
This program is licensed under the BSD-3 license. See the LICENSE file for details.
Components of this program may be licensed under more restrictive licenses which must be honored.
[INFO ORD-0030] Using 32 thread(s).
read_liberty ./platforms/sky130hd/lib/sky130_fd_sc_hd__tt_025C_1v80.lib
read_liberty ./designs/sky130hd/microwatt/lib/Microwatt_FP_DFFRFile.lib
read_liberty ./designs/sky130hd/microwatt/lib/RAM32_1RW1R.lib
read_liberty ./designs/sky130hd/microwatt/lib/RAM512.lib
read_liberty ./designs/sky130hd/microwatt/lib/multiply_add_64x64.lib
read_db -hier /tmp/workspace/scripts-Private_test-fr_cugr_cmp-1-/results/sky130hd/microwatt/base/5_2_route.odb
[WARNING ORD-0012] Hierarchical flow (-hier) is currently in development and may cause multiple issues. Do not use in production environments.
read_sdc /tmp/workspace/scripts-Private_test-fr_cugr_cmp-1-/results/sky130hd/microwatt/base/5_1_grt.sdc
source ./platforms/sky130hd/setRC.tcl
[WARNING STA-0450] virtual clock vclk_ext_clk can not be propagated.
[WARNING STA-0450] virtual clock vclk_jtag_tck can not be propagated.
filler_placement "sky130_fd_sc_hd__fill_1 sky130_fd_sc_hd__fill_2 sky130_fd_sc_hd__fill_4 sky130_fd_sc_hd__fill_8"
[INFO DPL-0001] Placed 464266 filler instances.
Design area 4793941 um^2 58% utilization.
write_db /tmp/workspace/scripts-Private_test-fr_cugr_cmp-1-/results/sky130hd/microwatt/base/5_3_fillcell.odb
Elapsed time: 0:03.61[h:]min:sec. CPU time: user 3.36 sys 0.25 (100%). Peak memory: 1215192KB.
Log                       Ext     Elapsed/s Peak Memory/MB sha1sum result [0:20)
5_3_fillcell              .odb            3           1186 6cd6fed77bb9345d580c
