OpenROAD 26Q3-1464-gb22abfea20 
Features included (+) or not (-): +GPU +GUI +Python
This program is licensed under the BSD-3 license. See the LICENSE file for details.
Components of this program may be licensed under more restrictive licenses which must be honored.
[INFO ORD-0030] Using 30 thread(s).
read_liberty /OpenROAD-flow-scripts/flow/platforms/gf180/lib/gf180mcu_fd_sc_mcu9t5v0__ff_n40C_5v50.lib.gz
read_liberty /tmp/workspace/scripts-Private_test-fr_cugr_cmp-2-/results/gf180/uart-blocks_uart_rx/base/uart_rx_typ.lib
read_db /tmp/workspace/scripts-Private_test-fr_cugr_cmp-2-/results/gf180/uart-blocks/base/5_1_grt.odb
read_sdc /tmp/workspace/scripts-Private_test-fr_cugr_cmp-2-/results/gf180/uart-blocks/base/5_1_grt.sdc
source ./platforms/gf180/setRC.tcl
[WARNING STA-0450] virtual clock vclk_clk can not be propagated.
detailed_route -output_drc /tmp/workspace/scripts-Private_test-fr_cugr_cmp-2-/reports/gf180/uart-blocks/base/5_route_drc.rpt -output_maze /tmp/workspace/scripts-Private_test-fr_cugr_cmp-2-/results/gf180/uart-blocks/base/maze.log -disable_via_gen -droute_end_iter 64 -verbose 1 -drc_report_iter_step 5
[INFO DRT-0149] Reading tech and libs.
[WARNING DRT-0349] LEF58_ENCLOSURE with no CUTCLASS is not supported. Skipping for layer Via1
[WARNING DRT-0349] LEF58_ENCLOSURE with no CUTCLASS is not supported. Skipping for layer Via1
[WARNING DRT-0349] LEF58_ENCLOSURE with no CUTCLASS is not supported. Skipping for layer Via2
[WARNING DRT-0349] LEF58_ENCLOSURE with no CUTCLASS is not supported. Skipping for layer Via2
[WARNING DRT-0349] LEF58_ENCLOSURE with no CUTCLASS is not supported. Skipping for layer Via3
[WARNING DRT-0349] LEF58_ENCLOSURE with no CUTCLASS is not supported. Skipping for layer Via3
[WARNING DRT-0349] LEF58_ENCLOSURE with no CUTCLASS is not supported. Skipping for layer Via4
[WARNING DRT-0349] LEF58_ENCLOSURE with no CUTCLASS is not supported. Skipping for layer Via4

Units:                2000
Number of layers:     11
Number of macros:     230
Number of vias:       67
Number of viarulegen: 18

[INFO DRT-0150] Reading design.

Design:                   uart
Die area:                 ( 0 0 ) ( 860000 860000 )
Number of track patterns: 10
Number of DEF vias:       0
Number of components:     572
Number of terminals:      44
Number of snets:          2
Number of nets:           355

[INFO DRT-0167] List of default vias:
  Layer Via2
    default via: Via2_VH
  Layer Via3
    default via: Via3_HV
  Layer Via4
    default via: Via4_1_VH
[INFO DRT-0162] Library cell analysis.
[INFO DRT-0163] Instance analysis.
[INFO DRT-0164] Number of unique instances = 65.
[INFO DRT-0168] Init region query.
[INFO DRT-0024]   Complete Poly2.
[INFO DRT-0024]   Complete CON.
[INFO DRT-0024]   Complete Metal1.
[INFO DRT-0024]   Complete Via1.
[INFO DRT-0024]   Complete Metal2.
[INFO DRT-0024]   Complete Via2.
[INFO DRT-0024]   Complete Metal3.
[INFO DRT-0024]   Complete Via3.
[INFO DRT-0024]   Complete Metal4.
[INFO DRT-0024]   Complete Via4.
[INFO DRT-0024]   Complete Metal5.
[INFO DRT-0033] Poly2 shape region query size = 0.
[INFO DRT-0033] CON shape region query size = 0.
[INFO DRT-0033] Metal1 shape region query size = 10310.
[INFO DRT-0033] Via1 shape region query size = 8338.
[INFO DRT-0033] Metal2 shape region query size = 1437.
[INFO DRT-0033] Via2 shape region query size = 8338.
[INFO DRT-0033] Metal3 shape region query size = 1513.
[INFO DRT-0033] Via3 shape region query size = 8338.
[INFO DRT-0033] Metal4 shape region query size = 828.
[INFO DRT-0033] Via4 shape region query size = 1296.
[INFO DRT-0033] Metal5 shape region query size = 90.
[INFO DRT-0165] Start pin access.
[INFO DRT-0078]   Complete 363 pins.
[INFO DRT-0081]   Complete 60 unique inst patterns.
[INFO DRT-0084]   Complete 235 groups.
#scanned instances     = 572
#unique  instances     = 65
#stdCellGenAp          = 2005
#stdCellValidPlanarAp  = 0
#stdCellValidViaAp     = 1372
#stdCellPinNoAp        = 0
#stdCellPinCnt         = 1030
#instTermValidViaApCnt = 0
#macroGenAp            = 160
#macroValidPlanarAp    = 160
#macroValidViaAp       = 0
#macroNoAp             = 0
[INFO DRT-0166] Complete pin access.
[INFO DRT-0267] cpu time = 00:00:07, elapsed time = 00:00:00, memory = 225.27 (MB), peak = 220.27 (MB)

[INFO DRT-0157] Number of guides:     2874

[INFO DRT-0169] Post process guides.
[INFO DRT-0176] GCELLGRID X 0 DO 51 STEP 16800 ;
[INFO DRT-0177] GCELLGRID Y 0 DO 51 STEP 16800 ;
[INFO DRT-0028]   Complete Poly2.
[INFO DRT-0028]   Complete CON.
[INFO DRT-0028]   Complete Metal1.
[INFO DRT-0028]   Complete Via1.
[INFO DRT-0028]   Complete Metal2.
[INFO DRT-0028]   Complete Via2.
[INFO DRT-0028]   Complete Metal3.
[INFO DRT-0028]   Complete Via3.
[INFO DRT-0028]   Complete Metal4.
[INFO DRT-0028]   Complete Via4.
[INFO DRT-0028]   Complete Metal5.
[INFO DRT-0178] Init guide query.
[INFO DRT-0035]   Complete Poly2 (guide).
[INFO DRT-0035]   Complete CON (guide).
[INFO DRT-0035]   Complete Metal1 (guide).
[INFO DRT-0035]   Complete Via1 (guide).
[INFO DRT-0035]   Complete Metal2 (guide).
[INFO DRT-0035]   Complete Via2 (guide).
[INFO DRT-0035]   Complete Metal3 (guide).
[INFO DRT-0035]   Complete Via3 (guide).
[INFO DRT-0035]   Complete Metal4 (guide).
[INFO DRT-0035]   Complete Via4 (guide).
[INFO DRT-0035]   Complete Metal5 (guide).
[INFO DRT-0036] Poly2 guide region query size = 0.
[INFO DRT-0036] CON guide region query size = 0.
[INFO DRT-0036] Metal1 guide region query size = 950.
[INFO DRT-0036] Via1 guide region query size = 0.
[INFO DRT-0036] Metal2 guide region query size = 859.
[INFO DRT-0036] Via2 guide region query size = 0.
[INFO DRT-0036] Metal3 guide region query size = 500.
[INFO DRT-0036] Via3 guide region query size = 0.
[INFO DRT-0036] Metal4 guide region query size = 61.
[INFO DRT-0036] Via4 guide region query size = 0.
[INFO DRT-0036] Metal5 guide region query size = 17.
[INFO DRT-0179] Init gr pin query.
[INFO DRT-0267] cpu time = 00:00:00, elapsed time = 00:00:00, memory = 225.64 (MB), peak = 220.50 (MB)
[INFO DRT-0245] skipped writing guide updates to database.
[INFO DRT-0181] Start track assignment.
[INFO DRT-0184] Done with 920 vertical wires in 2 frboxes and 1467 horizontal wires in 2 frboxes.
[INFO DRT-0186] Done with 145 vertical wires in 2 frboxes and 116 horizontal wires in 2 frboxes.
[INFO DRT-0182] Complete track assignment.
[INFO DRT-0267] cpu time = 00:00:00, elapsed time = 00:00:00, memory = 232.26 (MB), peak = 227.46 (MB)
[INFO DRT-0187] Start routing data preparation.
[INFO DRT-0267] cpu time = 00:00:00, elapsed time = 00:00:00, memory = 232.67 (MB), peak = 227.70 (MB)
[INFO DRT-0194] Start detail routing.
[INFO DRT-0195] Start 0th optimization iteration.
    Completing 10% with 0 violations.
    elapsed time = 00:00:00, memory = 233.21 (MB).
    Completing 20% with 0 violations.
    elapsed time = 00:00:00, memory = 250.31 (MB).
    Completing 30% with 15 violations.
    elapsed time = 00:00:00, memory = 244.66 (MB).
    Completing 40% with 15 violations.
    elapsed time = 00:00:00, memory = 244.68 (MB).
    Completing 50% with 15 violations.
    elapsed time = 00:00:01, memory = 278.25 (MB).
    Completing 60% with 26 violations.
    elapsed time = 00:00:01, memory = 278.40 (MB).
    Completing 70% with 26 violations.
    elapsed time = 00:00:01, memory = 295.68 (MB).
    Completing 80% with 36 violations.
    elapsed time = 00:00:03, memory = 297.82 (MB).
    Completing 90% with 36 violations.
    elapsed time = 00:00:03, memory = 297.98 (MB).
    Completing 100% with 51 violations.
    elapsed time = 00:00:04, memory = 332.09 (MB).
[INFO DRT-0199]   Number of violations = 95.
Viol/Layer      Metal1   Via1 Metal2   Via2 Metal3 Metal4
Metal Spacing        0      0     21      0      0      0
Recheck              1      0     16      0     23      4
Short                0      1     22      1      6      0
[INFO DRT-0267] cpu time = 00:00:08, elapsed time = 00:00:04, memory = 645.86 (MB), peak = 641.60 (MB)
Total wire length = 19109 um.
Total wire length on LAYER Metal1 = 0 um.
Total wire length on LAYER Metal2 = 6385 um.
Total wire length on LAYER Metal3 = 11533 um.
Total wire length on LAYER Metal4 = 820 um.
Total wire length on LAYER Metal5 = 369 um.
Total number of vias = 2094.
Up-via summary (total 2094):

---------------
  Poly2       0
 Metal1    1032
 Metal2     943
 Metal3      90
 Metal4      29
---------------
       2094


[INFO DRT-0195] Start 1st optimization iteration.
    Completing 10% with 95 violations.
    elapsed time = 00:00:00, memory = 645.89 (MB).
    Completing 20% with 95 violations.
    elapsed time = 00:00:00, memory = 657.80 (MB).
    Completing 30% with 85 violations.
    elapsed time = 00:00:00, memory = 673.08 (MB).
    Completing 40% with 85 violations.
    elapsed time = 00:00:00, memory = 673.08 (MB).
    Completing 50% with 85 violations.
    elapsed time = 00:00:01, memory = 687.50 (MB).
    Completing 60% with 53 violations.
    elapsed time = 00:00:01, memory = 687.50 (MB).
    Completing 70% with 53 violations.
    elapsed time = 00:00:01, memory = 703.14 (MB).
    Completing 80% with 28 violations.
    elapsed time = 00:00:03, memory = 702.76 (MB).
    Completing 90% with 28 violations.
    elapsed time = 00:00:03, memory = 702.80 (MB).
    Completing 100% with 13 violations.
    elapsed time = 00:00:03, memory = 729.63 (MB).
[INFO DRT-0199]   Number of violations = 13.
Viol/Layer      Metal2 Metal3
Metal Spacing        3      0
Short                9      1
[INFO DRT-0267] cpu time = 00:00:07, elapsed time = 00:00:04, memory = 730.75 (MB), peak = 726.54 (MB)
Total wire length = 19023 um.
Total wire length on LAYER Metal1 = 0 um.
Total wire length on LAYER Metal2 = 6356 um.
Total wire length on LAYER Metal3 = 11505 um.
Total wire length on LAYER Metal4 = 815 um.
Total wire length on LAYER Metal5 = 345 um.
Total number of vias = 2076.
Up-via summary (total 2076):

---------------
  Poly2       0
 Metal1    1038
 Metal2     923
 Metal3      90
 Metal4      25
---------------
       2076


[INFO DRT-0195] Start 2nd optimization iteration.
    Completing 10% with 13 violations.
    elapsed time = 00:00:00, memory = 730.75 (MB).
    Completing 20% with 13 violations.
    elapsed time = 00:00:00, memory = 730.75 (MB).
    Completing 30% with 11 violations.
    elapsed time = 00:00:00, memory = 742.78 (MB).
    Completing 40% with 11 violations.
    elapsed time = 00:00:00, memory = 742.78 (MB).
    Completing 50% with 11 violations.
    elapsed time = 00:00:02, memory = 756.39 (MB).
    Completing 60% with 14 violations.
    elapsed time = 00:00:02, memory = 756.39 (MB).
    Completing 70% with 14 violations.
    elapsed time = 00:00:02, memory = 756.39 (MB).
    Completing 80% with 20 violations.
    elapsed time = 00:00:04, memory = 776.57 (MB).
    Completing 90% with 20 violations.
    elapsed time = 00:00:04, memory = 776.60 (MB).
    Completing 100% with 20 violations.
    elapsed time = 00:00:05, memory = 797.82 (MB).
[INFO DRT-0199]   Number of violations = 20.
Viol/Layer      Metal2
Metal Spacing        4
Short               16
[INFO DRT-0267] cpu time = 00:00:08, elapsed time = 00:00:05, memory = 797.82 (MB), peak = 793.66 (MB)
Total wire length = 19000 um.
Total wire length on LAYER Metal1 = 0 um.
Total wire length on LAYER Metal2 = 6415 um.
Total wire length on LAYER Metal3 = 11389 um.
Total wire length on LAYER Metal4 = 813 um.
Total wire length on LAYER Metal5 = 381 um.
Total number of vias = 2053.
Up-via summary (total 2053):

---------------
  Poly2       0
 Metal1    1038
 Metal2     906
 Metal3      81
 Metal4      28
---------------
       2053


[INFO DRT-0195] Start 3rd guides tiles iteration.
    Completing 10% with 20 violations.
    elapsed time = 00:00:00, memory = 803.98 (MB).
    Completing 20% with 20 violations.
    elapsed time = 00:00:00, memory = 804.91 (MB).
    Completing 30% with 20 violations.
    elapsed time = 00:00:00, memory = 810.37 (MB).
    Completing 40% with 20 violations.
    elapsed time = 00:00:00, memory = 813.21 (MB).
    Completing 50% with 0 violations.
    elapsed time = 00:00:00, memory = 813.21 (MB).
    Completing 60% with 0 violations.
    elapsed time = 00:00:00, memory = 813.21 (MB).
    Completing 70% with 0 violations.
    elapsed time = 00:00:00, memory = 813.21 (MB).
    Completing 80% with 0 violations.
    elapsed time = 00:00:00, memory = 813.21 (MB).
    Completing 90% with 0 violations.
    elapsed time = 00:00:00, memory = 813.21 (MB).
    Completing 100% with 0 violations.
    elapsed time = 00:00:00, memory = 813.21 (MB).
[INFO DRT-0199]   Number of violations = 0.
[INFO DRT-0267] cpu time = 00:00:01, elapsed time = 00:00:00, memory = 813.21 (MB), peak = 809.23 (MB)
Total wire length = 19026 um.
Total wire length on LAYER Metal1 = 0 um.
Total wire length on LAYER Metal2 = 6267 um.
Total wire length on LAYER Metal3 = 11433 um.
Total wire length on LAYER Metal4 = 944 um.
Total wire length on LAYER Metal5 = 381 um.
Total number of vias = 2084.
Up-via summary (total 2084):

---------------
  Poly2       0
 Metal1    1038
 Metal2     923
 Metal3      95
 Metal4      28
---------------
       2084


[INFO DRT-0198] Complete detail routing.
Total wire length = 19026 um.
Total wire length on LAYER Metal1 = 0 um.
Total wire length on LAYER Metal2 = 6267 um.
Total wire length on LAYER Metal3 = 11433 um.
Total wire length on LAYER Metal4 = 944 um.
Total wire length on LAYER Metal5 = 381 um.
Total number of vias = 2084.
Up-via summary (total 2084):

---------------
  Poly2       0
 Metal1    1038
 Metal2     923
 Metal3      95
 Metal4      28
---------------
       2084


[INFO DRT-0267] cpu time = 00:00:25, elapsed time = 00:00:14, memory = 813.27 (MB), peak = 809.23 (MB)

[INFO DRT-0180] Post processing.
[INFO DRT-0501] Runtime: 15.28s
Took 15 seconds: detailed_route -output_drc /tmp/workspace/scripts-Private_test-fr_cugr_cmp-2-/reports/gf180/uart-blocks/base/5_route_drc.rpt -output_maze /tmp/workspace/scripts-Private_test-fr_cugr_cmp-2-/results/gf180/uart-blocks/base/maze.log -disable_via_gen -droute_end_iter 64 -verbose 1 -drc_report_iter_step 5
[INFO GRT-0012] Found 0 antenna violations.
[INFO ANT-0002] Found 0 net violations.
[INFO ANT-0001] Found 0 pin violations.
[INFO ANT-0002] Found 0 net violations.
[INFO ANT-0001] Found 0 pin violations.
Design area 62056 um^2 37% utilization.
write_db /tmp/workspace/scripts-Private_test-fr_cugr_cmp-2-/results/gf180/uart-blocks/base/5_2_route.odb
Elapsed time: 0:16.05[h:]min:sec. CPU time: user 35.55 sys 0.37 (223%). Peak memory: 833800KB.
Log                       Ext     Elapsed/s Peak Memory/MB sha1sum result [0:20)
5_2_route                 .odb           16            814 072137144ff9eb2f7026
