[2026-08-20 04:30:10.573] [miter_logger] [info] MiterStrategy::run starting
[2026-08-20 04:30:10.573] [miter_logger] [info] Collecting POs for design 0: bp_fe_top

[2026-08-20 04:30:10.680] [miter_logger] [info] Collected 11610 PIs for design 0

[2026-08-20 04:30:10.680] [miter_logger] [info] Collected 11389 POs for design 0

[2026-08-20 04:30:10.681] [miter_logger] [info] design 0 PI summary by model/term (11610 total terminals, 25 unique rows):
| Model            | Term                      | Count |
|------------------|---------------------------|-------|
| DFF_X1           | Q                         |  4302 |
| DFF_X1           | QN                        |  4302 |
| fakeram45_512x64 | rd_out                    |   576 |
| LOGIC0_X1        | Z                         |   540 |
| bp_fe_top        | cce_lce_data_cmd_i        |   540 |
| bp_fe_top        | lce_lce_tr_resp_i         |   539 |
| LOGIC1_X1        | Z                         |   525 |
| bp_fe_top        | bp_fe_cmd_i               |   109 |
| fakeram45_64x96  | rd_out                    |    96 |
| bp_fe_top        | cce_lce_cmd_i             |    36 |
| DFF_X2           | Q                         |    13 |
| DFF_X2           | QN                        |    13 |
| fakeram45_64x7   | rd_out                    |     7 |
| bp_fe_top        | bp_fe_cmd_v_i             |     1 |
| bp_fe_top        | bp_fe_queue_ready_i       |     1 |
| bp_fe_top        | cce_lce_cmd_v_i           |     1 |
| bp_fe_top        | cce_lce_data_cmd_v_i      |     1 |
| bp_fe_top        | clk_i                     |     1 |
| bp_fe_top        | icache_id_i               |     1 |
| bp_fe_top        | lce_cce_data_resp_ready_i |     1 |
| bp_fe_top        | lce_cce_req_ready_i       |     1 |
| bp_fe_top        | lce_cce_resp_ready_i      |     1 |
| bp_fe_top        | lce_lce_tr_resp_ready_i   |     1 |
| bp_fe_top        | lce_lce_tr_resp_v_i       |     1 |
| bp_fe_top        | reset_i                   |     1 |

[2026-08-20 04:30:10.681] [miter_logger] [info] design 0 PO summary by model/term (11389 total terminals, 36 unique rows):
| Model            | Term                     | Count |
|------------------|--------------------------|-------|
| DFF_X1           | CK                       |  4302 |
| DFF_X1           | D                        |  4302 |
| fakeram45_512x64 | w_mask_in                |   576 |
| fakeram45_512x64 | wd_in                    |   576 |
| bp_fe_top        | lce_lce_tr_resp_o        |   539 |
| bp_fe_top        | lce_cce_data_resp_o      |   537 |
| bp_fe_top        | bp_fe_queue_o            |   134 |
| fakeram45_64x96  | w_mask_in                |    96 |
| fakeram45_64x96  | wd_in                    |    96 |
| fakeram45_512x64 | addr_in                  |    81 |
| bp_fe_top        | lce_cce_req_o            |    30 |
| bp_fe_top        | lce_cce_resp_o           |    26 |
| DFF_X2           | CK                       |    13 |
| DFF_X2           | D                        |    13 |
| fakeram45_512x64 | ce_in                    |     9 |
| fakeram45_512x64 | clk                      |     9 |
| fakeram45_512x64 | we_in                    |     9 |
| fakeram45_64x7   | w_mask_in                |     7 |
| fakeram45_64x7   | wd_in                    |     7 |
| fakeram45_64x7   | addr_in                  |     6 |
| fakeram45_64x96  | addr_in                  |     6 |
| bp_fe_top        | bp_fe_cmd_ready_o        |     1 |
| bp_fe_top        | bp_fe_queue_v_o          |     1 |
| bp_fe_top        | cce_lce_cmd_ready_o      |     1 |
| bp_fe_top        | cce_lce_data_cmd_ready_o |     1 |
| bp_fe_top        | lce_cce_data_resp_v_o    |     1 |
| bp_fe_top        | lce_cce_req_v_o          |     1 |
| bp_fe_top        | lce_cce_resp_v_o         |     1 |
| bp_fe_top        | lce_lce_tr_resp_ready_o  |     1 |
| bp_fe_top        | lce_lce_tr_resp_v_o      |     1 |
| fakeram45_64x7   | ce_in                    |     1 |
| fakeram45_64x7   | clk                      |     1 |
| fakeram45_64x7   | we_in                    |     1 |
| fakeram45_64x96  | ce_in                    |     1 |
| fakeram45_64x96  | clk                      |     1 |
| fakeram45_64x96  | we_in                    |     1 |

[2026-08-20 04:30:10.682] [miter_logger] [info] Collecting POs for design 1: bp_fe_top

[2026-08-20 04:30:10.793] [miter_logger] [info] size of common inputs: 10545
[2026-08-20 04:30:10.793] [miter_logger] [info] size of diff0 inputs: 0
[2026-08-20 04:30:10.793] [miter_logger] [info] size of diff1 inputs: 0
[2026-08-20 04:30:10.795] [miter_logger] [info] Collected 11610 PIs for design 1

[2026-08-20 04:30:10.795] [miter_logger] [info] Collected 11389 POs for design 1

[2026-08-20 04:30:10.796] [miter_logger] [info] design 1 PI summary by model/term (11610 total terminals, 25 unique rows):
| Model            | Term                      | Count |
|------------------|---------------------------|-------|
| DFF_X1           | Q                         |  4291 |
| DFF_X1           | QN                        |  4291 |
| fakeram45_512x64 | rd_out                    |   576 |
| LOGIC0_X1        | Z                         |   540 |
| bp_fe_top        | cce_lce_data_cmd_i        |   540 |
| bp_fe_top        | lce_lce_tr_resp_i         |   539 |
| LOGIC1_X1        | Z                         |   525 |
| bp_fe_top        | bp_fe_cmd_i               |   109 |
| fakeram45_64x96  | rd_out                    |    96 |
| bp_fe_top        | cce_lce_cmd_i             |    36 |
| DFF_X2           | Q                         |    24 |
| DFF_X2           | QN                        |    24 |
| fakeram45_64x7   | rd_out                    |     7 |
| bp_fe_top        | bp_fe_cmd_v_i             |     1 |
| bp_fe_top        | bp_fe_queue_ready_i       |     1 |
| bp_fe_top        | cce_lce_cmd_v_i           |     1 |
| bp_fe_top        | cce_lce_data_cmd_v_i      |     1 |
| bp_fe_top        | clk_i                     |     1 |
| bp_fe_top        | icache_id_i               |     1 |
| bp_fe_top        | lce_cce_data_resp_ready_i |     1 |
| bp_fe_top        | lce_cce_req_ready_i       |     1 |
| bp_fe_top        | lce_cce_resp_ready_i      |     1 |
| bp_fe_top        | lce_lce_tr_resp_ready_i   |     1 |
| bp_fe_top        | lce_lce_tr_resp_v_i       |     1 |
| bp_fe_top        | reset_i                   |     1 |

[2026-08-20 04:30:10.797] [miter_logger] [info] design 1 PO summary by model/term (11389 total terminals, 36 unique rows):
| Model            | Term                     | Count |
|------------------|--------------------------|-------|
| DFF_X1           | CK                       |  4291 |
| DFF_X1           | D                        |  4291 |
| fakeram45_512x64 | w_mask_in                |   576 |
| fakeram45_512x64 | wd_in                    |   576 |
| bp_fe_top        | lce_lce_tr_resp_o        |   539 |
| bp_fe_top        | lce_cce_data_resp_o      |   537 |
| bp_fe_top        | bp_fe_queue_o            |   134 |
| fakeram45_64x96  | w_mask_in                |    96 |
| fakeram45_64x96  | wd_in                    |    96 |
| fakeram45_512x64 | addr_in                  |    81 |
| bp_fe_top        | lce_cce_req_o            |    30 |
| bp_fe_top        | lce_cce_resp_o           |    26 |
| DFF_X2           | CK                       |    24 |
| DFF_X2           | D                        |    24 |
| fakeram45_512x64 | ce_in                    |     9 |
| fakeram45_512x64 | clk                      |     9 |
| fakeram45_512x64 | we_in                    |     9 |
| fakeram45_64x7   | w_mask_in                |     7 |
| fakeram45_64x7   | wd_in                    |     7 |
| fakeram45_64x7   | addr_in                  |     6 |
| fakeram45_64x96  | addr_in                  |     6 |
| bp_fe_top        | bp_fe_cmd_ready_o        |     1 |
| bp_fe_top        | bp_fe_queue_v_o          |     1 |
| bp_fe_top        | cce_lce_cmd_ready_o      |     1 |
| bp_fe_top        | cce_lce_data_cmd_ready_o |     1 |
| bp_fe_top        | lce_cce_data_resp_v_o    |     1 |
| bp_fe_top        | lce_cce_req_v_o          |     1 |
| bp_fe_top        | lce_cce_resp_v_o         |     1 |
| bp_fe_top        | lce_lce_tr_resp_ready_o  |     1 |
| bp_fe_top        | lce_lce_tr_resp_v_o      |     1 |
| fakeram45_64x7   | ce_in                    |     1 |
| fakeram45_64x7   | clk                      |     1 |
| fakeram45_64x7   | we_in                    |     1 |
| fakeram45_64x96  | ce_in                    |     1 |
| fakeram45_64x96  | clk                      |     1 |
| fakeram45_64x96  | we_in                    |     1 |

[2026-08-20 04:30:10.797] [miter_logger] [info] normalizeInputs: starting
[2026-08-20 04:30:10.811] [miter_logger] [info] size of common inputs: 11610
[2026-08-20 04:30:10.811] [miter_logger] [info] size of diff0 inputs: 0
[2026-08-20 04:30:10.811] [miter_logger] [info] size of diff1 inputs: 0
[2026-08-20 04:30:10.813] [miter_logger] [info] normalizeOutputs: starting
[2026-08-20 04:30:10.825] [miter_logger] [info] size of common outputs: 11389
[2026-08-20 04:30:10.825] [miter_logger] [info] size of diff0 outputs: 0
[2026-08-20 04:30:10.825] [miter_logger] [info] size of diff1 outputs: 0
[2026-08-20 04:30:10.827] [miter_logger] [info] size of PIs in circuit 0: 11610
[2026-08-20 04:30:10.827] [miter_logger] [info] size of PIs in circuit 1: 11610
[2026-08-20 04:30:10.827] [miter_logger] [info] size of POs in circuit 0: 11389
[2026-08-20 04:30:10.827] [miter_logger] [info] size of POs in circuit 1: 11389
[2026-08-20 04:30:11.179] [miter_logger] [info] Building miter expression
[2026-08-20 04:30:11.181] [miter_logger] [info] Finished building miter expression
[2026-08-20 04:30:11.245] [miter_logger] [info] Starting solver
[2026-08-20 04:30:17.372] [miter_logger] [info] SAT solver finished: UNSAT
[2026-08-20 04:30:17.372] [miter_logger] [info] Circuits are IDENTICAL
