OpenROAD 26Q3-1464-gb22abfea20 
Features included (+) or not (-): +GPU +GUI +Python
This program is licensed under the BSD-3 license. See the LICENSE file for details.
Components of this program may be licensed under more restrictive licenses which must be honored.
[INFO ORD-0030] Using 30 thread(s).
source ./platforms/ihp-sg13g2/suppress_message.tcl
read_liberty ./platforms/ihp-sg13g2/lib/sg13g2_stdcell_typ_1p20V_25C.lib
[INFO ODB-0227] LEF file: ./platforms/ihp-sg13g2/lef/sg13g2_tech.lef, created 19 layers, 70 vias
[INFO ODB-0227] LEF file: ./platforms/ihp-sg13g2/lef/sg13g2_stdcell.lef, created 84 library cells
link_design -hier riscv
[WARNING ORD-0011] Hierarchical flow (-hier) is currently in development and may cause multiple issues. Do not use in production environments.
read_sdc /tmp/workspace/scripts-Private_test-fr_cugr_cmp-1-/results/ihp-sg13g2/riscv32i/base/1_2_yosys.sdc
source ./platforms/ihp-sg13g2/setRC.tcl
eliminate_dead_logic
Removed 0 unused instances and 0 unused nets.
Design area 120482 um^2 100% utilization.
write_db /tmp/workspace/scripts-Private_test-fr_cugr_cmp-1-/results/ihp-sg13g2/riscv32i/base/1_synth.odb
write_sdc -no_timestamp /tmp/workspace/scripts-Private_test-fr_cugr_cmp-1-/results/ihp-sg13g2/riscv32i/base/1_synth.sdc
Elapsed time: 0:00.30[h:]min:sec. CPU time: user 0.25 sys 0.05 (100%). Peak memory: 124668KB.
Log                       Ext     Elapsed/s Peak Memory/MB sha1sum result [0:20)
1_synth                   .odb            0            121 280aa09958a50d098322
1_synth                   .sdc                             bd6455d2d5c5273cd3cd
