OpenROAD 26Q3-1464-gb22abfea20 
Features included (+) or not (-): +GPU +GUI +Python
This program is licensed under the BSD-3 license. See the LICENSE file for details.
Components of this program may be licensed under more restrictive licenses which must be honored.
[INFO ORD-0030] Using 32 thread(s).
read_liberty ./platforms/nangate45/lib/NangateOpenCellLibrary_typical.lib
read_db /tmp/workspace/scripts-Private_test-fr_cugr_cmp-1-/results/nangate45/ibex/base/5_1_grt.odb
read_sdc /tmp/workspace/scripts-Private_test-fr_cugr_cmp-1-/results/nangate45/ibex/base/5_1_grt.sdc
source ./platforms/nangate45/setRC.tcl
[WARNING STA-0450] virtual clock vclk_core_clock can not be propagated.
detailed_route -output_drc /tmp/workspace/scripts-Private_test-fr_cugr_cmp-1-/reports/nangate45/ibex/base/5_route_drc.rpt -output_maze /tmp/workspace/scripts-Private_test-fr_cugr_cmp-1-/results/nangate45/ibex/base/maze.log -droute_end_iter 64 -verbose 1 -drc_report_iter_step 5
[INFO DRT-0149] Reading tech and libs.

Units:                2000
Number of layers:     21
Number of macros:     135
Number of vias:       33
Number of viarulegen: 19

[INFO DRT-0150] Reading design.
[WARNING DRT-0120] Large net net2588 has 135 pins which may impact routing performance. Consider optimization.
[WARNING DRT-0120] Large net net2584 has 172 pins which may impact routing performance. Consider optimization.
[WARNING DRT-0120] Large net net2592 has 130 pins which may impact routing performance. Consider optimization.
[WARNING DRT-0120] Large net net2591 has 115 pins which may impact routing performance. Consider optimization.
[WARNING DRT-0120] Large net net2593 has 136 pins which may impact routing performance. Consider optimization.
[WARNING DRT-0120] Large net net2597 has 173 pins which may impact routing performance. Consider optimization.

Design:                   ibex_core
Die area:                 ( 0 0 ) ( 478560 478560 )
Number of track patterns: 20
Number of DEF vias:       0
Number of components:     15260
Number of terminals:      266
Number of snets:          2
Number of nets:           17278

[INFO DRT-0167] List of default vias:
  Layer via2
    default via: via2_5
  Layer via3
    default via: via3_2
  Layer via4
    default via: via4_0
  Layer via5
    default via: via5_0
  Layer via6
    default via: via6_0
  Layer via7
    default via: via7_0
  Layer via8
    default via: via8_0
  Layer via9
    default via: via9_0
[INFO DRT-0162] Library cell analysis.
[INFO DRT-0163] Instance analysis.
[INFO DRT-0164] Number of unique instances = 155.
[INFO DRT-0168] Init region query.
[INFO DRT-0024]   Complete active.
[INFO DRT-0024]   Complete Fr_VIA.
[INFO DRT-0024]   Complete metal1.
[INFO DRT-0024]   Complete via1.
[INFO DRT-0024]   Complete metal2.
[INFO DRT-0024]   Complete via2.
[INFO DRT-0024]   Complete metal3.
[INFO DRT-0024]   Complete via3.
[INFO DRT-0024]   Complete metal4.
[INFO DRT-0024]   Complete via4.
[INFO DRT-0024]   Complete metal5.
[INFO DRT-0024]   Complete via5.
[INFO DRT-0024]   Complete metal6.
[INFO DRT-0024]   Complete via6.
[INFO DRT-0024]   Complete metal7.
[INFO DRT-0024]   Complete via7.
[INFO DRT-0024]   Complete metal8.
[INFO DRT-0024]   Complete via8.
[INFO DRT-0024]   Complete metal9.
[INFO DRT-0024]   Complete via9.
[INFO DRT-0024]   Complete metal10.
[INFO DRT-0033] active shape region query size = 0.
[INFO DRT-0033] FR_VIA shape region query size = 0.
[INFO DRT-0033] metal1 shape region query size = 336963.
[INFO DRT-0033] via1 shape region query size = 2295.
[INFO DRT-0033] metal2 shape region query size = 1530.
[INFO DRT-0033] via2 shape region query size = 2295.
[INFO DRT-0033] metal3 shape region query size = 1530.
[INFO DRT-0033] via3 shape region query size = 2295.
[INFO DRT-0033] metal4 shape region query size = 846.
[INFO DRT-0033] via4 shape region query size = 720.
[INFO DRT-0033] metal5 shape region query size = 213.
[INFO DRT-0033] via5 shape region query size = 720.
[INFO DRT-0033] metal6 shape region query size = 339.
[INFO DRT-0033] via6 shape region query size = 288.
[INFO DRT-0033] metal7 shape region query size = 104.
[INFO DRT-0033] via7 shape region query size = 0.
[INFO DRT-0033] metal8 shape region query size = 0.
[INFO DRT-0033] via8 shape region query size = 0.
[INFO DRT-0033] metal9 shape region query size = 0.
[INFO DRT-0033] via9 shape region query size = 0.
[INFO DRT-0033] metal10 shape region query size = 0.
[INFO DRT-0165] Start pin access.
[INFO DRT-0078]   Complete 914 pins.
[INFO DRT-0079]   Complete 100 unique inst patterns.
[INFO DRT-0081]   Complete 155 unique inst patterns.
[INFO DRT-0084]   Complete 8894 groups.
#scanned instances     = 15260
#unique  instances     = 155
#stdCellGenAp          = 5473
#stdCellValidPlanarAp  = 0
#stdCellValidViaAp     = 3798
#stdCellPinNoAp        = 0
#stdCellPinCnt         = 56360
#instTermValidViaApCnt = 0
#macroGenAp            = 0
#macroValidPlanarAp    = 0
#macroValidViaAp       = 0
#macroNoAp             = 0
[INFO DRT-0166] Complete pin access.
[INFO DRT-0267] cpu time = 00:02:12, elapsed time = 00:00:04, memory = 374.17 (MB), peak = 371.96 (MB)
[INFO DRT-0156] guideIn read 100000 guides.

[INFO DRT-0157] Number of guides:     137932

[INFO DRT-0169] Post process guides.
[INFO DRT-0176] GCELLGRID X 0 DO 83 STEP 5700 ;
[INFO DRT-0177] GCELLGRID Y 0 DO 83 STEP 5700 ;
[INFO DRT-0026]   Complete 100000 origin guides.
[INFO DRT-0028]   Complete active.
[INFO DRT-0028]   Complete Fr_VIA.
[INFO DRT-0028]   Complete metal1.
[INFO DRT-0028]   Complete via1.
[INFO DRT-0028]   Complete metal2.
[INFO DRT-0028]   Complete via2.
[INFO DRT-0028]   Complete metal3.
[INFO DRT-0028]   Complete via3.
[INFO DRT-0028]   Complete metal4.
[INFO DRT-0028]   Complete via4.
[INFO DRT-0028]   Complete metal5.
[INFO DRT-0028]   Complete via5.
[INFO DRT-0028]   Complete metal6.
[INFO DRT-0028]   Complete via6.
[INFO DRT-0028]   Complete metal7.
[INFO DRT-0028]   Complete via7.
[INFO DRT-0028]   Complete metal8.
[INFO DRT-0028]   Complete via8.
[INFO DRT-0028]   Complete metal9.
[INFO DRT-0028]   Complete via9.
[INFO DRT-0028]   Complete metal10.
[INFO DRT-0178] Init guide query.
[INFO DRT-0035]   Complete active (guide).
[INFO DRT-0035]   Complete Fr_VIA (guide).
[INFO DRT-0035]   Complete metal1 (guide).
[INFO DRT-0035]   Complete via1 (guide).
[INFO DRT-0035]   Complete metal2 (guide).
[INFO DRT-0035]   Complete via2 (guide).
[INFO DRT-0035]   Complete metal3 (guide).
[INFO DRT-0035]   Complete via3 (guide).
[INFO DRT-0035]   Complete metal4 (guide).
[INFO DRT-0035]   Complete via4 (guide).
[INFO DRT-0035]   Complete metal5 (guide).
[INFO DRT-0035]   Complete via5 (guide).
[INFO DRT-0035]   Complete metal6 (guide).
[INFO DRT-0035]   Complete via6 (guide).
[INFO DRT-0035]   Complete metal7 (guide).
[INFO DRT-0035]   Complete via7 (guide).
[INFO DRT-0035]   Complete metal8 (guide).
[INFO DRT-0035]   Complete via8 (guide).
[INFO DRT-0035]   Complete metal9 (guide).
[INFO DRT-0035]   Complete via9 (guide).
[INFO DRT-0035]   Complete metal10 (guide).
[INFO DRT-0036] active guide region query size = 0.
[INFO DRT-0036] FR_VIA guide region query size = 0.
[INFO DRT-0036] metal1 guide region query size = 46007.
[INFO DRT-0036] via1 guide region query size = 0.
[INFO DRT-0036] metal2 guide region query size = 39978.
[INFO DRT-0036] via2 guide region query size = 0.
[INFO DRT-0036] metal3 guide region query size = 21863.
[INFO DRT-0036] via3 guide region query size = 0.
[INFO DRT-0036] metal4 guide region query size = 4782.
[INFO DRT-0036] via4 guide region query size = 0.
[INFO DRT-0036] metal5 guide region query size = 1969.
[INFO DRT-0036] via5 guide region query size = 0.
[INFO DRT-0036] metal6 guide region query size = 656.
[INFO DRT-0036] via6 guide region query size = 0.
[INFO DRT-0036] metal7 guide region query size = 44.
[INFO DRT-0036] via7 guide region query size = 0.
[INFO DRT-0036] metal8 guide region query size = 6.
[INFO DRT-0036] via8 guide region query size = 0.
[INFO DRT-0036] metal9 guide region query size = 2.
[INFO DRT-0036] via9 guide region query size = 0.
[INFO DRT-0036] metal10 guide region query size = 0.
[INFO DRT-0179] Init gr pin query.
[INFO DRT-0267] cpu time = 00:00:00, elapsed time = 00:00:00, memory = 418.93 (MB), peak = 414.33 (MB)
[INFO DRT-0245] skipped writing guide updates to database.
[INFO DRT-0181] Start track assignment.
[INFO DRT-0184] Done with 45422 vertical wires in 2 frboxes and 69885 horizontal wires in 2 frboxes.
[INFO DRT-0186] Done with 13869 vertical wires in 2 frboxes and 14320 horizontal wires in 2 frboxes.
[INFO DRT-0182] Complete track assignment.
[INFO DRT-0267] cpu time = 00:00:05, elapsed time = 00:00:02, memory = 729.52 (MB), peak = 725.07 (MB)
[INFO DRT-0187] Start routing data preparation.
[INFO DRT-0267] cpu time = 00:00:00, elapsed time = 00:00:00, memory = 729.52 (MB), peak = 725.07 (MB)
[INFO DRT-0194] Start detail routing.
[INFO DRT-0195] Start 0th optimization iteration.
    Completing 10% with 0 violations.
    elapsed time = 00:00:01, memory = 1462.10 (MB).
    Completing 20% with 0 violations.
    elapsed time = 00:00:01, memory = 1271.08 (MB).
    Completing 30% with 658 violations.
    elapsed time = 00:00:03, memory = 1753.20 (MB).
    Completing 40% with 658 violations.
    elapsed time = 00:00:04, memory = 1631.30 (MB).
    Completing 50% with 658 violations.
    elapsed time = 00:00:05, memory = 1412.34 (MB).
    Completing 60% with 1394 violations.
    elapsed time = 00:00:07, memory = 1840.29 (MB).
    Completing 70% with 1394 violations.
    elapsed time = 00:00:08, memory = 1826.35 (MB).
    Completing 80% with 2114 violations.
    elapsed time = 00:00:10, memory = 2244.64 (MB).
    Completing 90% with 2114 violations.
    elapsed time = 00:00:11, memory = 2162.61 (MB).
    Completing 100% with 2765 violations.
    elapsed time = 00:00:13, memory = 1991.70 (MB).
[INFO DRT-0199]   Number of violations = 4199.
Viol/Layer      metal1   via1 metal2   via2 metal3   via3 metal4   via4 metal5 metal6   via6 metal7
Cut Spacing          0      3      0     10      0      0      0     11      0      0      0      0
Metal Spacing        1      0    277      0     26      0      6      0      2      0      0      0
Recheck             33      0    841      0    484      0     42      0     26      6      0      2
Short                0      2   1996      6    334      1     62      0     19      4      2      3
[INFO DRT-0267] cpu time = 00:03:53, elapsed time = 00:00:13, memory = 2475.13 (MB), peak = 2471.95 (MB)
Total wire length = 274391 um.
Total wire length on LAYER metal1 = 0 um.
Total wire length on LAYER metal2 = 89822 um.
Total wire length on LAYER metal3 = 99104 um.
Total wire length on LAYER metal4 = 42528 um.
Total wire length on LAYER metal5 = 25483 um.
Total wire length on LAYER metal6 = 15746 um.
Total wire length on LAYER metal7 = 1382 um.
Total wire length on LAYER metal8 = 179 um.
Total wire length on LAYER metal9 = 143 um.
Total wire length on LAYER metal10 = 0 um.
Total number of vias = 120675.
Up-via summary (total 120675):

-----------------
 active         0
 metal1     55182
 metal2     54893
 metal3      6789
 metal4      2673
 metal5      1053
 metal6        71
 metal7        10
 metal8         4
 metal9         0
-----------------
       120675


[INFO DRT-0195] Start 1st optimization iteration.
    Completing 10% with 4199 violations.
    elapsed time = 00:00:00, memory = 2666.40 (MB).
    Completing 20% with 4199 violations.
    elapsed time = 00:00:01, memory = 2690.80 (MB).
    Completing 30% with 3567 violations.
    elapsed time = 00:00:02, memory = 2675.24 (MB).
    Completing 40% with 3567 violations.
    elapsed time = 00:00:04, memory = 2693.05 (MB).
    Completing 50% with 3567 violations.
    elapsed time = 00:00:04, memory = 2706.86 (MB).
    Completing 60% with 2837 violations.
    elapsed time = 00:00:05, memory = 2809.89 (MB).
    Completing 70% with 2837 violations.
    elapsed time = 00:00:07, memory = 2819.25 (MB).
    Completing 80% with 2126 violations.
    elapsed time = 00:00:09, memory = 2776.96 (MB).
    Completing 90% with 2126 violations.
    elapsed time = 00:00:11, memory = 2801.49 (MB).
    Completing 100% with 1479 violations.
    elapsed time = 00:00:13, memory = 2733.82 (MB).
[INFO DRT-0199]   Number of violations = 1479.
Viol/Layer      metal1   via1 metal2   via2 metal3 metal4   via4 metal5
Cut Spacing          0      4      0      1      0      0      2      0
Metal Spacing        1      0    251      0     18      2      0      0
Short                0      0   1112      0     84      0      0      4
[INFO DRT-0267] cpu time = 00:03:34, elapsed time = 00:00:13, memory = 2739.82 (MB), peak = 2814.96 (MB)
Total wire length = 272393 um.
Total wire length on LAYER metal1 = 0 um.
Total wire length on LAYER metal2 = 88972 um.
Total wire length on LAYER metal3 = 98446 um.
Total wire length on LAYER metal4 = 42326 um.
Total wire length on LAYER metal5 = 25250 um.
Total wire length on LAYER metal6 = 15683 um.
Total wire length on LAYER metal7 = 1394 um.
Total wire length on LAYER metal8 = 175 um.
Total wire length on LAYER metal9 = 144 um.
Total wire length on LAYER metal10 = 0 um.
Total number of vias = 119544.
Up-via summary (total 119544):

-----------------
 active         0
 metal1     55195
 metal2     53938
 metal3      6715
 metal4      2599
 metal5      1016
 metal6        69
 metal7         8
 metal8         4
 metal9         0
-----------------
       119544


[INFO DRT-0195] Start 2nd optimization iteration.
    Completing 10% with 1479 violations.
    elapsed time = 00:00:00, memory = 2739.82 (MB).
    Completing 20% with 1479 violations.
    elapsed time = 00:00:01, memory = 2824.29 (MB).
    Completing 30% with 1419 violations.
    elapsed time = 00:00:03, memory = 2759.10 (MB).
    Completing 40% with 1419 violations.
    elapsed time = 00:00:04, memory = 2873.70 (MB).
    Completing 50% with 1419 violations.
    elapsed time = 00:00:05, memory = 2855.80 (MB).
    Completing 60% with 1384 violations.
    elapsed time = 00:00:06, memory = 2772.62 (MB).
    Completing 70% with 1384 violations.
    elapsed time = 00:00:07, memory = 2781.46 (MB).
    Completing 80% with 1307 violations.
    elapsed time = 00:00:09, memory = 2781.47 (MB).
    Completing 90% with 1307 violations.
    elapsed time = 00:00:10, memory = 2965.35 (MB).
    Completing 100% with 1330 violations.
    elapsed time = 00:00:11, memory = 2797.84 (MB).
[INFO DRT-0199]   Number of violations = 1330.
Viol/Layer        via1 metal2   via2 metal3
Cut Spacing          2      0      7      0
Metal Spacing        0    265      0     10
Short                0    980      0     66
[INFO DRT-0267] cpu time = 00:02:53, elapsed time = 00:00:11, memory = 2800.84 (MB), peak = 2997.52 (MB)
Total wire length = 271974 um.
Total wire length on LAYER metal1 = 0 um.
Total wire length on LAYER metal2 = 88822 um.
Total wire length on LAYER metal3 = 98246 um.
Total wire length on LAYER metal4 = 42220 um.
Total wire length on LAYER metal5 = 25314 um.
Total wire length on LAYER metal6 = 15657 um.
Total wire length on LAYER metal7 = 1393 um.
Total wire length on LAYER metal8 = 175 um.
Total wire length on LAYER metal9 = 144 um.
Total wire length on LAYER metal10 = 0 um.
Total number of vias = 119186.
Up-via summary (total 119186):

-----------------
 active         0
 metal1     55193
 metal2     53658
 metal3      6648
 metal4      2605
 metal5      1001
 metal6        69
 metal7         8
 metal8         4
 metal9         0
-----------------
       119186


[INFO DRT-0195] Start 3rd optimization iteration.
    Completing 10% with 1330 violations.
    elapsed time = 00:00:00, memory = 2800.84 (MB).
    Completing 20% with 1330 violations.
    elapsed time = 00:00:00, memory = 2883.76 (MB).
    Completing 30% with 1036 violations.
    elapsed time = 00:00:01, memory = 2807.36 (MB).
    Completing 40% with 1036 violations.
    elapsed time = 00:00:02, memory = 2846.02 (MB).
    Completing 50% with 1036 violations.
    elapsed time = 00:00:04, memory = 2816.08 (MB).
    Completing 60% with 720 violations.
    elapsed time = 00:00:05, memory = 2955.20 (MB).
    Completing 70% with 720 violations.
    elapsed time = 00:00:05, memory = 2873.79 (MB).
    Completing 80% with 379 violations.
    elapsed time = 00:00:06, memory = 2838.76 (MB).
    Completing 90% with 379 violations.
    elapsed time = 00:00:07, memory = 2978.42 (MB).
    Completing 100% with 31 violations.
    elapsed time = 00:00:08, memory = 2841.88 (MB).
[INFO DRT-0199]   Number of violations = 31.
Viol/Layer      metal2   via2 metal3
Cut Spacing          0      1      0
Metal Spacing        5      0      0
Short               24      0      1
[INFO DRT-0267] cpu time = 00:01:20, elapsed time = 00:00:08, memory = 2843.06 (MB), peak = 2997.52 (MB)
Total wire length = 271932 um.
Total wire length on LAYER metal1 = 0 um.
Total wire length on LAYER metal2 = 87392 um.
Total wire length on LAYER metal3 = 98550 um.
Total wire length on LAYER metal4 = 43375 um.
Total wire length on LAYER metal5 = 25258 um.
Total wire length on LAYER metal6 = 15643 um.
Total wire length on LAYER metal7 = 1393 um.
Total wire length on LAYER metal8 = 175 um.
Total wire length on LAYER metal9 = 144 um.
Total wire length on LAYER metal10 = 0 um.
Total number of vias = 120328.
Up-via summary (total 120328):

-----------------
 active         0
 metal1     55191
 metal2     54275
 metal3      7178
 metal4      2606
 metal5       997
 metal6        69
 metal7         8
 metal8         4
 metal9         0
-----------------
       120328


[INFO DRT-0195] Start 4th guides tiles iteration.
    Completing 10% with 31 violations.
    elapsed time = 00:00:00, memory = 2843.06 (MB).
    Completing 20% with 31 violations.
    elapsed time = 00:00:00, memory = 2843.06 (MB).
    Completing 30% with 31 violations.
    elapsed time = 00:00:00, memory = 2843.06 (MB).
    Completing 40% with 31 violations.
    elapsed time = 00:00:00, memory = 2843.06 (MB).
    Completing 50% with 31 violations.
    elapsed time = 00:00:00, memory = 2843.06 (MB).
    Completing 60% with 8 violations.
    elapsed time = 00:00:00, memory = 2843.06 (MB).
    Completing 70% with 8 violations.
    elapsed time = 00:00:00, memory = 2843.06 (MB).
    Completing 80% with 8 violations.
    elapsed time = 00:00:00, memory = 2843.06 (MB).
    Completing 90% with 2 violations.
    elapsed time = 00:00:00, memory = 2843.06 (MB).
    Completing 100% with 1 violations.
    elapsed time = 00:00:00, memory = 2843.06 (MB).
[INFO DRT-0199]   Number of violations = 1.
Viol/Layer      metal2
Metal Spacing        1
[INFO DRT-0267] cpu time = 00:00:02, elapsed time = 00:00:00, memory = 2843.06 (MB), peak = 2997.52 (MB)
Total wire length = 271937 um.
Total wire length on LAYER metal1 = 0 um.
Total wire length on LAYER metal2 = 87382 um.
Total wire length on LAYER metal3 = 98555 um.
Total wire length on LAYER metal4 = 43384 um.
Total wire length on LAYER metal5 = 25257 um.
Total wire length on LAYER metal6 = 15643 um.
Total wire length on LAYER metal7 = 1393 um.
Total wire length on LAYER metal8 = 175 um.
Total wire length on LAYER metal9 = 144 um.
Total wire length on LAYER metal10 = 0 um.
Total number of vias = 120343.
Up-via summary (total 120343):

-----------------
 active         0
 metal1     55191
 metal2     54288
 metal3      7182
 metal4      2604
 metal5       997
 metal6        69
 metal7         8
 metal8         4
 metal9         0
-----------------
       120343


[INFO DRT-0195] Start 5th guides tiles iteration.
    Completing 50% with 1 violations.
    elapsed time = 00:00:00, memory = 2843.06 (MB).
    Completing 100% with 1 violations.
    elapsed time = 00:00:00, memory = 2843.06 (MB).
[INFO DRT-0199]   Number of violations = 1.
Viol/Layer      metal2
Metal Spacing        1
[INFO DRT-0267] cpu time = 00:00:00, elapsed time = 00:00:00, memory = 2843.12 (MB), peak = 2997.52 (MB)
Total wire length = 271937 um.
Total wire length on LAYER metal1 = 0 um.
Total wire length on LAYER metal2 = 87381 um.
Total wire length on LAYER metal3 = 98555 um.
Total wire length on LAYER metal4 = 43386 um.
Total wire length on LAYER metal5 = 25257 um.
Total wire length on LAYER metal6 = 15643 um.
Total wire length on LAYER metal7 = 1393 um.
Total wire length on LAYER metal8 = 175 um.
Total wire length on LAYER metal9 = 144 um.
Total wire length on LAYER metal10 = 0 um.
Total number of vias = 120343.
Up-via summary (total 120343):

-----------------
 active         0
 metal1     55191
 metal2     54287
 metal3      7183
 metal4      2604
 metal5       997
 metal6        69
 metal7         8
 metal8         4
 metal9         0
-----------------
       120343


[INFO DRT-0195] Start 6th stubborn tiles iteration.
    Completing 10% with 1 violations.
    elapsed time = 00:00:00, memory = 2859.52 (MB).
    Completing 20% with 1 violations.
    elapsed time = 00:00:00, memory = 2863.67 (MB).
    Completing 30% with 1 violations.
    elapsed time = 00:00:00, memory = 2865.68 (MB).
    Completing 40% with 1 violations.
    elapsed time = 00:00:00, memory = 2866.23 (MB).
    Completing 50% with 1 violations.
    elapsed time = 00:00:00, memory = 2904.30 (MB).
    Completing 60% with 1 violations.
    elapsed time = 00:00:01, memory = 2875.27 (MB).
    Completing 70% with 1 violations.
    elapsed time = 00:00:01, memory = 2921.38 (MB).
    Completing 80% with 1 violations.
    elapsed time = 00:00:01, memory = 2932.45 (MB).
    Completing 90% with 1 violations.
    elapsed time = 00:00:02, memory = 2924.45 (MB).
    Completing 100% with 0 violations.
    elapsed time = 00:00:03, memory = 2884.45 (MB).
[INFO DRT-0199]   Number of violations = 0.
[INFO DRT-0267] cpu time = 00:00:45, elapsed time = 00:00:03, memory = 2884.45 (MB), peak = 2997.52 (MB)
Total wire length = 271936 um.
Total wire length on LAYER metal1 = 0 um.
Total wire length on LAYER metal2 = 87379 um.
Total wire length on LAYER metal3 = 98556 um.
Total wire length on LAYER metal4 = 43386 um.
Total wire length on LAYER metal5 = 25257 um.
Total wire length on LAYER metal6 = 15643 um.
Total wire length on LAYER metal7 = 1393 um.
Total wire length on LAYER metal8 = 175 um.
Total wire length on LAYER metal9 = 144 um.
Total wire length on LAYER metal10 = 0 um.
Total number of vias = 120340.
Up-via summary (total 120340):

-----------------
 active         0
 metal1     55191
 metal2     54284
 metal3      7183
 metal4      2604
 metal5       997
 metal6        69
 metal7         8
 metal8         4
 metal9         0
-----------------
       120340


[INFO DRT-0198] Complete detail routing.
Total wire length = 271936 um.
Total wire length on LAYER metal1 = 0 um.
Total wire length on LAYER metal2 = 87379 um.
Total wire length on LAYER metal3 = 98556 um.
Total wire length on LAYER metal4 = 43386 um.
Total wire length on LAYER metal5 = 25257 um.
Total wire length on LAYER metal6 = 15643 um.
Total wire length on LAYER metal7 = 1393 um.
Total wire length on LAYER metal8 = 175 um.
Total wire length on LAYER metal9 = 144 um.
Total wire length on LAYER metal10 = 0 um.
Total number of vias = 120340.
Up-via summary (total 120340):

-----------------
 active         0
 metal1     55191
 metal2     54284
 metal3      7183
 metal4      2604
 metal5       997
 metal6        69
 metal7         8
 metal8         4
 metal9         0
-----------------
       120340


[INFO DRT-0267] cpu time = 00:12:31, elapsed time = 00:00:52, memory = 2884.45 (MB), peak = 2997.52 (MB)

[INFO DRT-0180] Post processing.
[INFO DRT-0501] Runtime: 61.03s
Took 61 seconds: detailed_route -output_drc /tmp/workspace/scripts-Private_test-fr_cugr_cmp-1-/reports/nangate45/ibex/base/5_route_drc.rpt -output_maze /tmp/workspace/scripts-Private_test-fr_cugr_cmp-1-/results/nangate45/ibex/base/maze.log -droute_end_iter 64 -verbose 1 -drc_report_iter_step 5
[WARNING GRT-0246] No diode with LEF class CORE ANTENNACELL found.
[INFO ANT-0002] Found 0 net violations.
[INFO ANT-0001] Found 0 pin violations.
[INFO ANT-0002] Found 0 net violations.
[INFO ANT-0001] Found 0 pin violations.
Design area 29367 um^2 52% utilization.
write_db /tmp/workspace/scripts-Private_test-fr_cugr_cmp-1-/results/nangate45/ibex/base/5_2_route.odb
Elapsed time: 1:03.11[h:]min:sec. CPU time: user 911.10 sys 1.10 (1445%). Peak memory: 3069460KB.
Log                       Ext     Elapsed/s Peak Memory/MB sha1sum result [0:20)
5_2_route                 .odb           63           2997 035b92edb223a1817c74
