OpenROAD 26Q3-1464-gb22abfea20 
Features included (+) or not (-): +GPU +GUI +Python
This program is licensed under the BSD-3 license. See the LICENSE file for details.
Components of this program may be licensed under more restrictive licenses which must be honored.
[INFO ORD-0030] Using 30 thread(s).
read_liberty ./platforms/gt2n/lib/gt2_6t_w31_lvt_tt_0p7v25c.lib
[WARNING STA-1171] ./platforms/gt2n/lib/gt2_6t_w31_lvt_tt_0p7v25c.lib line 58, default_fanout_load is 0.0.
read_liberty ./platforms/gt2n/lib/gt2_6t_w31_hvt_tt_0p7v25c.lib
[WARNING STA-1171] ./platforms/gt2n/lib/gt2_6t_w31_hvt_tt_0p7v25c.lib line 58, default_fanout_load is 0.0.
read_liberty ./platforms/gt2n/lib/gt2_6t_w31_svt_tt_0p7v25c.lib
[WARNING STA-1171] ./platforms/gt2n/lib/gt2_6t_w31_svt_tt_0p7v25c.lib line 58, default_fanout_load is 0.0.
read_liberty ./platforms/gt2n/lib/gt2_6t_w31_ulvt_tt_0p7v25c.lib
[WARNING STA-1171] ./platforms/gt2n/lib/gt2_6t_w31_ulvt_tt_0p7v25c.lib line 58, default_fanout_load is 0.0.
read_liberty ./platforms/gt2n/lib/gt2_6t_w31_elvt_tt_0p7v25c.lib
[WARNING STA-1171] ./platforms/gt2n/lib/gt2_6t_w31_elvt_tt_0p7v25c.lib line 58, default_fanout_load is 0.0.
read_liberty ./platforms/gt2n/lib/gt2_6t_w13_lvt_tt_0p7v25c.lib
[WARNING STA-1171] ./platforms/gt2n/lib/gt2_6t_w13_lvt_tt_0p7v25c.lib line 58, default_fanout_load is 0.0.
read_liberty ./platforms/gt2n/lib/gt2_6t_w13_hvt_tt_0p7v25c.lib
[WARNING STA-1171] ./platforms/gt2n/lib/gt2_6t_w13_hvt_tt_0p7v25c.lib line 58, default_fanout_load is 0.0.
read_liberty ./platforms/gt2n/lib/gt2_6t_w13_svt_tt_0p7v25c.lib
[WARNING STA-1171] ./platforms/gt2n/lib/gt2_6t_w13_svt_tt_0p7v25c.lib line 58, default_fanout_load is 0.0.
read_liberty ./platforms/gt2n/lib/gt2_6t_w13_ulvt_tt_0p7v25c.lib
[WARNING STA-1171] ./platforms/gt2n/lib/gt2_6t_w13_ulvt_tt_0p7v25c.lib line 58, default_fanout_load is 0.0.
read_liberty ./platforms/gt2n/lib/gt2_6t_w13_elvt_tt_0p7v25c.lib
[WARNING STA-1171] ./platforms/gt2n/lib/gt2_6t_w13_elvt_tt_0p7v25c.lib line 58, default_fanout_load is 0.0.
read_db /tmp/workspace/scripts-Private_test-fr_cugr_cmp-1-/results/gt2n/jpeg/base/3_4_place_resized.odb
read_sdc /tmp/workspace/scripts-Private_test-fr_cugr_cmp-1-/results/gt2n/jpeg/base/2_floorplan.sdc
source ./platforms/gt2n/setRC.tcl
detailed_placement
[INFO DPL-0006] Core area: 6441.02 um^2
[INFO DPL-0007] Movable instances area: 2667.32 um^2
[INFO DPL-0008] Fixed instances area within core: 74.35 um^2
[INFO DPL-0009] Utilization: 42.6%
[INFO DPL-0005] Diamond search max displacement: +/- 500 sites horizontally, +/- 100 rows vertically.
[INFO DPL-1102] Legalizing using negotiation legalizer.
[INFO DPL-1103] Negotiation base search window: +/-20 sites horizontally, +/-5 rows vertically 
	Automatic search window extension enabled.
	Search window extendable up to the max displacement cap of +/-500 sites, +/-100 rows near walls.
[INFO DPL-1104] NegotiationLegalizer DRC penalty: 5.
[INFO DPL-0392] Negotiation cell height distribution (2 unique row-count(s)):
[INFO DPL-0393]   height 1 row(s): 99501 cells
[INFO DPL-0393]   height 2 row(s): 4384 cells
          |      Total |  Illegal |  Illegal
Iteration | Violations |    Cells |    Sites
---------------------------------------------
        0 |       2358 |       620 |      1738
        1 |          6 |         2 |         4
        2 |          0 |         0 |         0
Negotiation phase 1 converged at iteration 2.
[INFO DPL-0500] Runtime: 1.51s
Placement Analysis
---------------------------------
total displacement      15393.9 u
average displacement        0.1 u
max displacement            1.8 u
original HPWL          107548.4 u
legalized HPWL         121224.1 u
delta HPWL                   13 %

improve_placement -max_displacement "5 1"
Detailed placement improvement.
[INFO DPL-0401] Setting random seed to 1.
[INFO DPL-0402] Setting maximum displacement 5 1 to 1440 288 units.
[INFO DPL-0320] Collected 12341 fixed cells.
[INFO DPL-0318] Collected 87207 single height cells.
[INFO DPL-0319] Collected 4384 multi-height cells spanning 2 rows.
[INFO DPL-0321] Collected 0 wide cells.
[INFO DPL-0322] Image (4032, 4032) - (164640, 164448)
[INFO DPL-0310] Assigned 87207 cells into segments.  Movement in X-direction is 0.000000, movement in Y-direction is 0.000000.
[INFO DPL-0310] Assigned 4384 cells into segments.  Movement in X-direction is 0.000000, movement in Y-direction is 0.000000.
[INFO DPL-0313] Found 0 cells in wrong regions.
[INFO DPL-0315] Found 0 row alignment problems.
[INFO DPL-0314] Found 0 site alignment problems.
[INFO DPL-0311] Found 0 overlaps between adjacent cells.
[INFO DPL-0312] Found 0 edge spacing violations and 0 padding violations.
[INFO DPL-0303] Running algorithm for independent set matching.
[INFO DPL-0300] Set matching objective is wirelength.
[INFO DPL-0301] Pass   1 of matching; objective is 2.424494e+08.
[INFO DPL-0302] End of matching; objective is 2.421162e+08, improvement is 0.14 percent.
[INFO DPL-0303] Running algorithm for global swaps.
[INFO DPL-0306] Pass   1 of global swaps; hpwl is 2.370383e+08.
[INFO DPL-0306] Pass   2 of global swaps; hpwl is 2.361474e+08.
[INFO DPL-0307] End of global swaps; objective is 2.361474e+08, improvement is 2.47 percent.
[INFO DPL-0303] Running algorithm for vertical swaps.
[INFO DPL-0308] Pass   1 of vertical swaps; hpwl is 2.347364e+08.
[INFO DPL-0309] End of vertical swaps; objective is 2.347364e+08, improvement is 0.60 percent.
[INFO DPL-0303] Running algorithm for reordering.
[INFO DPL-0304] Pass   1 of reordering; objective is 2.345717e+08.
[INFO DPL-0305] End of reordering; objective is 2.345717e+08, improvement is 0.07 percent.
[INFO DPL-0303] Running algorithm for random improvement.
[INFO DPL-0324] Random improver is using random generator.
[INFO DPL-0325] Random improver is using hpwl objective.
[INFO DPL-0326] Random improver cost string is (a).
[INFO DPL-0332] End of pass, Generator random called 1831820 times.
[INFO DPL-0335] Generator random, Cumulative attempts 1831820, swaps 164998, moves 654029 since last reset.
[INFO DPL-0333] End of pass, Objective hpwl, Initial cost 2.334269e+08, Scratch cost 2.305112e+08, Incremental cost 2.305112e+08, Mismatch? N
[INFO DPL-0338] End of pass, Total cost is 2.305112e+08.
[INFO DPL-0327] Pass   1 of random improver; improvement in cost is 1.25 percent.
[INFO DPL-0332] End of pass, Generator random called 1831820 times.
[INFO DPL-0335] Generator random, Cumulative attempts 3663640, swaps 327918, moves 1298443 since last reset.
[INFO DPL-0333] End of pass, Objective hpwl, Initial cost 2.305112e+08, Scratch cost 2.292520e+08, Incremental cost 2.292520e+08, Mismatch? N
[INFO DPL-0338] End of pass, Total cost is 2.292520e+08.
[INFO DPL-0327] Pass   2 of random improver; improvement in cost is 0.55 percent.
[INFO DPL-0328] End of random improver; improvement is 1.788527 percent.
[INFO DPL-0380] Cell flipping.
[INFO DPL-0382] Changed 0 cell orientations for row compatibility.
[INFO DPL-0383] Performed 21449 cell flips.
[INFO DPL-0384] End of flipping; objective is 2.266718e+08, improvement is 1.62 percent.
[INFO DPL-0313] Found 0 cells in wrong regions.
[INFO DPL-0315] Found 0 row alignment problems.
[INFO DPL-0314] Found 0 site alignment problems.
[INFO DPL-0311] Found 0 overlaps between adjacent cells.
[INFO DPL-0312] Found 0 edge spacing violations and 0 padding violations.
Detailed Improvement Results
------------------------------------------
Original HPWL           121224.1 u (   58066.2,    63157.9)
Final HPWL              113335.2 u (   56193.2,    57142.0)
Delta HPWL                  -6.5 % (      -3.2,       -9.5)

Took 30 seconds: improve_placement -max_displacement "5 1"
optimize_mirroring
[INFO DPL-0020] Mirrored 11701 instances
[INFO DPL-0021] HPWL before          113335.2 u
[INFO DPL-0022] HPWL after           113257.2 u
[INFO DPL-0023] HPWL delta               -0.1 %
[INFO FLW-0012] Placement violations .
estimate_parasitics -placement
Report metrics stage 3, detailed place...

==========================================================================
detailed place report_design_area
--------------------------------------------------------------------------
Design area 2742 um^2 43% utilization.
write_db /tmp/workspace/scripts-Private_test-fr_cugr_cmp-1-/results/gt2n/jpeg/base/3_5_place_dp.odb
write_sdc -no_timestamp /tmp/workspace/scripts-Private_test-fr_cugr_cmp-1-/results/gt2n/jpeg/base/3_place.sdc
Elapsed time: 0:52.20[h:]min:sec. CPU time: user 65.50 sys 25.90 (175%). Peak memory: 659908KB.
Log                       Ext     Elapsed/s Peak Memory/MB sha1sum result [0:20)
3_5_place_dp              .odb           52            644 76a4e10e81d5c0f873b0
