OpenROAD 26Q3-1464-gb22abfea20 
Features included (+) or not (-): +GPU +GUI +Python
This program is licensed under the BSD-3 license. See the LICENSE file for details.
Components of this program may be licensed under more restrictive licenses which must be honored.
[INFO ORD-0030] Using 30 thread(s).
read_liberty ./platforms/sky130hd/lib/sky130_fd_sc_hd__tt_025C_1v80.lib
read_db /tmp/workspace/scripts-Private_test-fr_cugr_cmp-2-/results/sky130hd/jpeg/base/3_4_place_resized.odb
read_sdc /tmp/workspace/scripts-Private_test-fr_cugr_cmp-2-/results/sky130hd/jpeg/base/2_floorplan.sdc
source ./platforms/sky130hd/setRC.tcl
detailed_placement
[INFO DPL-0006] Core area: 763508.52 um^2
[INFO DPL-0007] Movable instances area: 410552.50 um^2
[INFO DPL-0008] Fixed instances area within core: 12729.71 um^2
[INFO DPL-0009] Utilization: 55.4%
[INFO DPL-0005] Diamond search max displacement: +/- 500 sites horizontally, +/- 100 rows vertically.
[INFO DPL-1102] Legalizing using negotiation legalizer.
[INFO DPL-1103] Negotiation base search window: +/-20 sites horizontally, +/-5 rows vertically 
	Automatic search window extension enabled.
	Search window extendable up to the max displacement cap of +/-500 sites, +/-100 rows near walls.
[INFO DPL-1104] NegotiationLegalizer DRC penalty: 5.
[INFO DPL-0392] Negotiation cell height distribution (1 unique row-count(s)):
[INFO DPL-0393]   height 1 row(s): 44837 cells
          |      Total |  Illegal |  Illegal
Iteration | Violations |    Cells |    Sites
---------------------------------------------
        0 |       2806 |       626 |      2180
        1 |        231 |        31 |       200
        2 |         18 |         2 |        16
        3 |          0 |         0 |         0
Negotiation phase 1 converged at iteration 3.
[INFO DPL-0500] Runtime: 0.65s
Placement Analysis
---------------------------------
total displacement     121645.0 u
average displacement        2.7 u
max displacement           27.8 u
original HPWL          841703.9 u
legalized HPWL         963345.1 u
delta HPWL                   14 %

improve_placement -max_displacement "5 1"
Detailed placement improvement.
[INFO DPL-0401] Setting random seed to 1.
[INFO DPL-0402] Setting maximum displacement 5 1 to 13600 2720 units.
[INFO DPL-0320] Collected 10221 fixed cells.
[INFO DPL-0318] Collected 34663 single height cells.
[INFO DPL-0321] Collected 0 wide cells.
[INFO DPL-0322] Image (1380, 2720) - (875840, 875840)
[INFO DPL-0310] Assigned 34663 cells into segments.  Movement in X-direction is 0.000000, movement in Y-direction is 0.000000.
[INFO DPL-0313] Found 0 cells in wrong regions.
[INFO DPL-0315] Found 0 row alignment problems.
[INFO DPL-0314] Found 0 site alignment problems.
[INFO DPL-0311] Found 0 overlaps between adjacent cells.
[INFO DPL-0312] Found 0 edge spacing violations and 0 padding violations.
[INFO DPL-0303] Running algorithm for independent set matching.
[INFO DPL-0300] Set matching objective is wirelength.
[INFO DPL-0301] Pass   1 of matching; objective is 9.631862e+08.
[INFO DPL-0302] End of matching; objective is 9.619317e+08, improvement is 0.13 percent.
[INFO DPL-0303] Running algorithm for global swaps.
[INFO DPL-0306] Pass   1 of global swaps; hpwl is 9.434063e+08.
[INFO DPL-0306] Pass   2 of global swaps; hpwl is 9.406054e+08.
[INFO DPL-0307] End of global swaps; objective is 9.406054e+08, improvement is 2.22 percent.
[INFO DPL-0303] Running algorithm for vertical swaps.
[INFO DPL-0308] Pass   1 of vertical swaps; hpwl is 9.351797e+08.
[INFO DPL-0309] End of vertical swaps; objective is 9.351797e+08, improvement is 0.58 percent.
[INFO DPL-0303] Running algorithm for reordering.
[INFO DPL-0304] Pass   1 of reordering; objective is 9.344265e+08.
[INFO DPL-0305] End of reordering; objective is 9.344265e+08, improvement is 0.08 percent.
[INFO DPL-0303] Running algorithm for random improvement.
[INFO DPL-0324] Random improver is using random generator.
[INFO DPL-0325] Random improver is using hpwl objective.
[INFO DPL-0326] Random improver cost string is (a).
[INFO DPL-0332] End of pass, Generator random called 693260 times.
[INFO DPL-0335] Generator random, Cumulative attempts 693260, swaps 105552, moves 161502 since last reset.
[INFO DPL-0333] End of pass, Objective hpwl, Initial cost 9.237310e+08, Scratch cost 9.106741e+08, Incremental cost 9.106741e+08, Mismatch? N
[INFO DPL-0338] End of pass, Total cost is 9.106741e+08.
[INFO DPL-0327] Pass   1 of random improver; improvement in cost is 1.41 percent.
[INFO DPL-0332] End of pass, Generator random called 693260 times.
[INFO DPL-0335] Generator random, Cumulative attempts 1386520, swaps 205397, moves 323472 since last reset.
[INFO DPL-0333] End of pass, Objective hpwl, Initial cost 9.106741e+08, Scratch cost 9.063517e+08, Incremental cost 9.063517e+08, Mismatch? N
[INFO DPL-0338] End of pass, Total cost is 9.063517e+08.
[INFO DPL-0327] Pass   2 of random improver; improvement in cost is 0.47 percent.
[INFO DPL-0328] End of random improver; improvement is 1.881421 percent.
[INFO DPL-0380] Cell flipping.
[INFO DPL-0382] Changed 0 cell orientations for row compatibility.
[INFO DPL-0383] Performed 11085 cell flips.
[INFO DPL-0384] End of flipping; objective is 8.934020e+08, improvement is 2.58 percent.
[INFO DPL-0313] Found 0 cells in wrong regions.
[INFO DPL-0315] Found 0 row alignment problems.
[INFO DPL-0314] Found 0 site alignment problems.
[INFO DPL-0311] Found 0 overlaps between adjacent cells.
[INFO DPL-0312] Found 0 edge spacing violations and 0 padding violations.
Detailed Improvement Results
------------------------------------------
Original HPWL           963345.1 u (  429866.3,   533478.9)
Final HPWL              893125.8 u (  406302.2,   486823.6)
Delta HPWL                  -7.3 % (      -5.5,       -8.7)

Took 9 seconds: improve_placement -max_displacement "5 1"
optimize_mirroring
[INFO DPL-0020] Mirrored 2179 instances
[INFO DPL-0021] HPWL before          893125.8 u
[INFO DPL-0022] HPWL after           892253.6 u
[INFO DPL-0023] HPWL delta               -0.1 %
[INFO FLW-0012] Placement violations .
estimate_parasitics -placement
Report metrics stage 3, detailed place...

==========================================================================
detailed place report_design_area
--------------------------------------------------------------------------
Design area 423282 um^2 55% utilization.
write_db /tmp/workspace/scripts-Private_test-fr_cugr_cmp-2-/results/sky130hd/jpeg/base/3_5_place_dp.odb
write_sdc -no_timestamp /tmp/workspace/scripts-Private_test-fr_cugr_cmp-2-/results/sky130hd/jpeg/base/3_place.sdc
Elapsed time: 0:20.16[h:]min:sec. CPU time: user 27.09 sys 10.93 (188%). Peak memory: 379728KB.
Log                       Ext     Elapsed/s Peak Memory/MB sha1sum result [0:20)
3_5_place_dp              .odb           20            370 7742bfb2927a78055c45
