OpenROAD 26Q3-1464-gb22abfea20 
Features included (+) or not (-): +GPU +GUI +Python
This program is licensed under the BSD-3 license. See the LICENSE file for details.
Components of this program may be licensed under more restrictive licenses which must be honored.
[INFO ORD-0030] Using 30 thread(s).
read_liberty ./platforms/sky130hd/lib/sky130_fd_sc_hd__tt_025C_1v80.lib
read_db /tmp/workspace/scripts-Private_test-fr_cugr_cmp-2-/results/sky130hd/jpeg/base/6_1_fill.odb
read_sdc /tmp/workspace/scripts-Private_test-fr_cugr_cmp-2-/results/sky130hd/jpeg/base/6_1_fill.sdc
source ./platforms/sky130hd/setRC.tcl
[WARNING STA-0450] virtual clock vclk_clk can not be propagated.
write_db /tmp/workspace/scripts-Private_test-fr_cugr_cmp-2-/results/sky130hd/jpeg/base/6_final.odb
write_sdc -no_timestamp /tmp/workspace/scripts-Private_test-fr_cugr_cmp-2-/results/sky130hd/jpeg/base/6_final.sdc
Deleted 0 routing obstructions
Warning: master sky130_ef_sc_hd__decap_12 has signal pins but no liberty cell
[INFO RCX-0431] Defined process_corner X with ext_model_index 0
[INFO RCX-0029] Defined extraction corner X
[WARNING RCX-0514] The ext_model_file option is deprecated. Use set_extraction_rules_file command instead.
[INFO RCX-0435] Reading extraction model file ./platforms/sky130hd/rcx_patterns.rules ...
[INFO RCX-0436] RC segment generation jpeg_encoder (max_merge_res 50.0) ...
[INFO RCX-0040] Final 136376 rc segments
[INFO RCX-0439] Coupling Cap extraction jpeg_encoder ...
[INFO RCX-0440] Coupling threshhold is 0.1000 fF, coupling capacitance less than 0.1000 fF will be grounded.
[INFO RCX-0442] 55% of 275516 wires extracted
[INFO RCX-0442] 100% of 275516 wires extracted
[INFO RCX-0045] Extract 43358 nets, 179721 rsegs, 179721 caps, 294932 ccs
[INFO RCX-0443] 43358 nets finished
[INFO PSM-0040] All shapes on net VDD are connected.
########## IR report #################
Net              : VDD
Corner           : default
Total power      : 5.07e-01 W
Supply voltage   : 1.80e+00 V
Worstcase voltage: 1.80e+00 V
Average voltage  : 1.80e+00 V
Average IR drop  : 1.35e-04 V
Worstcase IR drop: 2.14e-03 V
Percentage drop  : 0.12 %
######################################
[INFO PSM-0040] All shapes on net VSS are connected.
########## IR report #################
Net              : VSS
Corner           : default
Total power      : 5.07e-01 W
Supply voltage   : 0.00e+00 V
Worstcase voltage: 1.39e-03 V
Average voltage  : 1.32e-04 V
Average IR drop  : 1.32e-04 V
Worstcase IR drop: 1.39e-03 V
Percentage drop  : 0.08 %
######################################
Cell type report:                        Count        Area
  Fill cell                              62260   315102.21
  Tap cell                               10174    12729.71
  Antenna cell                             102      255.24
  Clock buffer                             634    14042.22
  Timing Repair Buffer                    4115    34387.98
  Inverter                                 896     3373.24
  Clock inverter                           322     3906.25
  Sequential cell                         4384   131372.25
  Multi-Input combinational cell         25531   248339.43
  Total                                 108418   763508.52
Report metrics stage 6, finish...

==========================================================================
finish report_design_area
--------------------------------------------------------------------------
Design area 448406 um^2 59% utilization.
[WARNING GUI-0076] QStandardPaths: XDG_RUNTIME_DIR not set, defaulting to '/tmp/runtime-root'
Elapsed time: 0:27.60[h:]min:sec. CPU time: user 37.11 sys 25.62 (227%). Peak memory: 871316KB.
Log                       Ext     Elapsed/s Peak Memory/MB sha1sum result [0:20)
6_report                                 27            850                  N/A
