OpenROAD 26Q3-1464-gb22abfea20 
Features included (+) or not (-): +GPU +GUI +Python
This program is licensed under the BSD-3 license. See the LICENSE file for details.
Components of this program may be licensed under more restrictive licenses which must be honored.
[INFO ORD-0030] Using 32 thread(s).
source ./platforms/asap7/liberty_suppressions.tcl
read_liberty ./platforms/asap7/lib/NLDM/asap7sc7p5t_AO_LVT_FF_nldm_211120.lib.gz
read_liberty ./platforms/asap7/lib/NLDM/asap7sc7p5t_INVBUF_LVT_FF_nldm_220122.lib.gz
read_liberty ./platforms/asap7/lib/NLDM/asap7sc7p5t_OA_LVT_FF_nldm_211120.lib.gz
read_liberty ./platforms/asap7/lib/NLDM/asap7sc7p5t_SIMPLE_LVT_FF_nldm_211120.lib.gz
read_liberty ./platforms/asap7/lib/NLDM/asap7sc7p5t_SEQ_LVT_FF_nldm_220123.lib
read_db /tmp/workspace/scripts-Private_test-fr_cugr_cmp-2-/results/asap7/jpeg_lvt/base/2_floorplan.odb
read_sdc /tmp/workspace/scripts-Private_test-fr_cugr_cmp-2-/results/asap7/jpeg_lvt/base/2_floorplan.sdc
source ./platforms/asap7/setRC.tcl
global_placement -skip_io -density 0.6 -pad_left 0 -pad_right 0
[INFO GPL-0001] ---- Initialize GPL Main Data Structures
[INFO GPL-0002] DBU: 1000
[INFO GPL-0003] SiteSize: (  0.054  0.270 ) um
[INFO GPL-0004] CoreBBox: (  2.052  2.160 ) ( 150.336 150.120 ) um
[INFO GPL-0016] Core area:                   21940.101 um^2
[INFO GPL-0036] Movable instances area:       6606.592 um^2
[INFO GPL-0037] Total instances area:         6678.646 um^2
[INFO GPL-0035] Pin density area adjust:       808.079 um^2
[INFO GPL-0032] ---- Initialize Region: Top-level
[INFO GPL-0006] Number of instances:             51988
[INFO GPL-0007] Movable instances:               49517
[INFO GPL-0008] Fixed instances:                  2471
[INFO GPL-0009] Dummy instances:                     0
[INFO GPL-0010] Number of nets:                  49537
[INFO GPL-0011] Number of pins:                 169893
[INFO GPL-0012] Die BBox:       (  0.000  0.000 ) ( 152.366 152.366 ) um
[INFO GPL-0013] Placement BBox: (  2.052  2.160 ) ( 150.336 150.120 ) um
[INFO GPL-0014] Region name: top-level.
[INFO GPL-0015] Region area:                 21940.101 um^2
[INFO GPL-0017] Fixed instances area:           72.054 um^2
[INFO GPL-0018] Movable instances area:       7414.671 um^2
[INFO GPL-0019] Utilization:                    33.906 %
[INFO GPL-0020] Standard cells area:          7414.671 um^2
[INFO GPL-0021] Large instances area:            0.000 um^2
[INFO GPL-0005] ---- Execute Conjugate Gradient Initial Placement.
[INFO GPL-0051] Source of initial instance position counters:
	Odb location = 3854	Core center = 45663	Region center = 0
[INFO GPL-0033] ---- Initialize Nesterov Region: Top-level
[INFO GPL-0023] Placement target density:       0.6000
[INFO GPL-0024] Movable insts average area:      0.150 um^2
[INFO GPL-0025] Ideal bin area:                  0.250 um^2
[INFO GPL-0026] Ideal bin count:                 87913
[INFO GPL-0027] Total bin area:              21940.101 um^2
[INFO GPL-0028] Bin count (X, Y):         256 ,    256
[INFO GPL-0029] Bin size (W * H):       0.579 *  0.578 um
[INFO GPL-0030] Number of bins:                  65536
[INFO GPL-0084] ---- Execute Nesterov Global Placement.
[INFO GPL-0031] HPWL: Half-Perimeter Wirelength
Iteration | Overflow |     HPWL (um) |  HPWL(%) |   Penalty | Group
---------------------------------------------------------------
        0 |   0.9853 |  4.875323e+05 |   +0.00% |  4.18e-13 |      
       10 |   0.9932 |  3.389440e+04 |  -93.05% |  6.81e-13 |      
       20 |   0.9950 |  1.840569e+04 |  -45.70% |  1.11e-12 |      
       30 |   0.9954 |  1.359105e+04 |  -26.16% |  1.81e-12 |      
       40 |   0.9957 |  1.227057e+04 |   -9.72% |  2.94e-12 |      
       50 |   0.9956 |  1.256555e+04 |   +2.40% |  4.79e-12 |      
       60 |   0.9949 |  1.416703e+04 |  +12.74% |  7.81e-12 |      
       70 |   0.9939 |  1.647039e+04 |  +16.26% |  1.27e-11 |      
       80 |   0.9925 |  1.966276e+04 |  +19.38% |  2.07e-11 |      
       90 |   0.9903 |  2.376374e+04 |  +20.86% |  3.37e-11 |      
      100 |   0.9871 |  2.897594e+04 |  +21.93% |  5.49e-11 |      
      110 |   0.9822 |  3.573817e+04 |  +23.34% |  8.93e-11 |      
      120 |   0.9750 |  4.423111e+04 |  +23.76% |  1.45e-10 |      
      130 |   0.9638 |  5.441269e+04 |  +23.02% |  2.37e-10 |      
      140 |   0.9470 |  6.646041e+04 |  +22.14% |  3.85e-10 |      
      150 |   0.9233 |  7.996348e+04 |  +20.32% |  6.26e-10 |      
      160 |   0.8930 |  9.336531e+04 |  +16.76% |  1.02e-09 |      
      170 |   0.8597 |  1.060381e+05 |  +13.57% |  1.66e-09 |      
      180 |   0.8221 |  1.186248e+05 |  +11.87% |  2.69e-09 |      
      190 |   0.7752 |  1.325530e+05 |  +11.74% |  4.38e-09 |      
      200 |   0.7198 |  1.454638e+05 |   +9.74% |  7.13e-09 |      
      210 |   0.6590 |  1.546654e+05 |   +6.33% |  1.16e-08 |      
      220 |   0.5961 |  1.672726e+05 |   +8.15% |  1.89e-08 |      
      230 |   0.5433 |  1.821685e+05 |   +8.91% |  3.07e-08 |      
      240 |   0.4896 |  1.919801e+05 |   +5.39% |  4.99e-08 |      
      250 |   0.4630 |  1.995054e+05 |   +3.92% |  8.12e-08 |      
      260 |   0.4443 |  1.967049e+05 |   -1.40% |  1.32e-07 |      
      270 |   0.4244 |  1.930975e+05 |   -1.83% |  2.16e-07 |      
      280 |   0.3913 |  1.908869e+05 |   -1.14% |  3.51e-07 |      
      290 |   0.3647 |  1.910893e+05 |   +0.11% |  5.72e-07 |      
      300 |   0.3379 |  1.870187e+05 |   -2.13% |  9.04e-07 |      
      310 |   0.3108 |  1.833855e+05 |   -1.94% |  1.33e-06 |      
      320 |   0.2871 |  1.812607e+05 |   -1.16% |  1.96e-06 |      
      330 |   0.2621 |  1.795806e+05 |   -0.93% |  2.89e-06 |      
      340 |   0.2379 |  1.786012e+05 |   -0.55% |  4.26e-06 |      
      350 |   0.2146 |  1.779616e+05 |   -0.36% |  6.27e-06 |      
      360 |   0.1926 |  1.775078e+05 |   -0.26% |  9.24e-06 |      
      370 |   0.1735 |  1.771833e+05 |   -0.18% |  1.36e-05 |      
      380 |   0.1554 |  1.769317e+05 |   -0.14% |  2.00e-05 |      
      390 |   0.1377 |  1.768415e+05 |   -0.05% |  2.95e-05 |      
      400 |   0.1226 |  1.768954e+05 |   +0.03% |  4.35e-05 |      
      410 |   0.1085 |  1.759207e+05 |   -0.55% |  6.41e-05 |      
      417 |   0.0989 |  1.761654e+05 |          |  8.74e-05 |      
---------------------------------------------------------------
[INFO GPL-1001] Global placement finished at iteration 417
[INFO GPL-1002] Placed Cell Area             7414.6708
[INFO GPL-1003] Available Free Area         21868.0463
[INFO GPL-1004] Minimum Feasible Density        0.3400 (cell_area / free_area)
[INFO GPL-1006]   Suggested Target Densities:
[INFO GPL-1007]     - For 90% usage of free space: 0.3767
[INFO GPL-1008]     - For 80% usage of free space: 0.4238
[INFO GPL-1009]     - For 50% usage of free space: 0.6781
[INFO GPL-1014] Final placement area: 7414.67 (+0.00%)
Took 6 seconds: global_placement -skip_io -density 0.6 -pad_left 0 -pad_right 0
Design area 6679 um^2 30% utilization.
write_db /tmp/workspace/scripts-Private_test-fr_cugr_cmp-2-/results/asap7/jpeg_lvt/base/3_1_place_gp_skip_io.odb
Elapsed time: 0:07.78[h:]min:sec. CPU time: user 139.62 sys 0.12 (1796%). Peak memory: 364140KB.
Log                       Ext     Elapsed/s Peak Memory/MB sha1sum result [0:20)
3_1_place_gp_skip_io      .odb            7            355 03a9d85fd580b7e32aad
