OpenROAD 26Q3-1464-gb22abfea20 
Features included (+) or not (-): +GPU +GUI +Python
This program is licensed under the BSD-3 license. See the LICENSE file for details.
Components of this program may be licensed under more restrictive licenses which must be honored.
[INFO ORD-0030] Using 32 thread(s).
source ./platforms/asap7/liberty_suppressions.tcl
read_liberty ./platforms/asap7/lib/NLDM/asap7sc7p5t_AO_LVT_FF_nldm_211120.lib.gz
read_liberty ./platforms/asap7/lib/NLDM/asap7sc7p5t_INVBUF_LVT_FF_nldm_220122.lib.gz
read_liberty ./platforms/asap7/lib/NLDM/asap7sc7p5t_OA_LVT_FF_nldm_211120.lib.gz
read_liberty ./platforms/asap7/lib/NLDM/asap7sc7p5t_SIMPLE_LVT_FF_nldm_211120.lib.gz
read_liberty ./platforms/asap7/lib/NLDM/asap7sc7p5t_SEQ_LVT_FF_nldm_220123.lib
read_db /tmp/workspace/scripts-Private_test-fr_cugr_cmp-2-/results/asap7/jpeg_lvt/base/6_1_fill.odb
read_sdc /tmp/workspace/scripts-Private_test-fr_cugr_cmp-2-/results/asap7/jpeg_lvt/base/6_1_fill.sdc
source ./platforms/asap7/setRC.tcl
write_db /tmp/workspace/scripts-Private_test-fr_cugr_cmp-2-/results/asap7/jpeg_lvt/base/6_final.odb
write_sdc -no_timestamp /tmp/workspace/scripts-Private_test-fr_cugr_cmp-2-/results/asap7/jpeg_lvt/base/6_final.sdc
Deleted 0 routing obstructions
[INFO RCX-0431] Defined process_corner X with ext_model_index 0
[INFO RCX-0029] Defined extraction corner X
[WARNING RCX-0514] The ext_model_file option is deprecated. Use set_extraction_rules_file command instead.
[INFO RCX-0435] Reading extraction model file ./platforms/asap7/rcx_patterns.rules ...
[INFO RCX-0436] RC segment generation jpeg_encoder (max_merge_res 50.0) ...
[INFO RCX-0040] Final 333327 rc segments
[INFO RCX-0439] Coupling Cap extraction jpeg_encoder ...
[INFO RCX-0440] Coupling threshhold is 0.1000 fF, coupling capacitance less than 0.1000 fF will be grounded.
[INFO RCX-0442] 8% of 343184 wires extracted
[INFO RCX-0442] 24% of 343184 wires extracted
[INFO RCX-0442] 41% of 343184 wires extracted
[INFO RCX-0442] 55% of 343184 wires extracted
[INFO RCX-0442] 69% of 343184 wires extracted
[INFO RCX-0442] 88% of 343184 wires extracted
[INFO RCX-0442] 100% of 343184 wires extracted
[INFO RCX-0045] Extract 47121 nets, 380448 rsegs, 380448 caps, 424152 ccs
[INFO RCX-0443] 47121 nets finished
[INFO PSM-0040] All shapes on net VDD are connected.
########## IR report #################
Net              : VDD
Corner           : default
Total power      : 1.71e-01 W
Supply voltage   : 7.70e-01 V
Worstcase voltage: 7.58e-01 V
Average voltage  : 7.69e-01 V
Average IR drop  : 1.49e-03 V
Worstcase IR drop: 1.16e-02 V
Percentage drop  : 1.51 %
######################################
[INFO PSM-0040] All shapes on net VSS are connected.
########## IR report #################
Net              : VSS
Corner           : default
Total power      : 1.71e-01 W
Supply voltage   : 0.00e+00 V
Worstcase voltage: 1.11e-02 V
Average voltage  : 1.48e-03 V
Average IR drop  : 1.48e-03 V
Worstcase IR drop: 1.11e-02 V
Percentage drop  : 1.44 %
######################################
Cell type report:                        Count       Area
  Fill cell                              94707   15585.15
  Tap cell                                2471      72.05
  Tie cell                                  67       2.93
  Clock buffer                             376     137.88
  Timing Repair Buffer                    1159     123.13
  Inverter                                3119     143.61
  Clock inverter                           120      17.41
  Sequential cell                         4766    1395.57
  Multi-Input combinational cell         37711    4462.37
  Total                                 144496   21940.10
Report metrics stage 6, finish...

==========================================================================
finish report_design_area
--------------------------------------------------------------------------
Design area 6355 um^2 29% utilization.
[WARNING GUI-0076] QStandardPaths: XDG_RUNTIME_DIR not set, defaulting to '/tmp/runtime-root'
Elapsed time: 0:58.04[h:]min:sec. CPU time: user 69.24 sys 22.90 (158%). Peak memory: 1817976KB.
Log                       Ext     Elapsed/s Peak Memory/MB sha1sum result [0:20)
6_report                                 58           1775                  N/A
