OpenROAD 26Q3-1464-gb22abfea20 
Features included (+) or not (-): +GPU +GUI +Python
This program is licensed under the BSD-3 license. See the LICENSE file for details.
Components of this program may be licensed under more restrictive licenses which must be honored.
[INFO ORD-0030] Using 30 thread(s).
source ./platforms/ihp-sg13g2/suppress_message.tcl
read_liberty -corner slow ./platforms/ihp-sg13g2/lib/sg13g2_stdcell_slow_1p08V_125C.lib
read_liberty -corner slow ./platforms/ihp-sg13g2/lib/sg13g2_io_slow_1p08V_3p0V_125C.lib
read_liberty -corner slow /tmp/workspace/scripts-Private_test-fr_cugr_cmp-1-/results/ihp-sg13g2/i2c-gpio-expander_I2cDeviceCtrl/base/I2cDeviceCtrl_slow.lib
read_liberty -corner slow ./platforms/ihp-sg13g2/lib/sg13g2_io_slow_1p08V_3p0V_125C.lib
[WARNING STA-1140] ./platforms/ihp-sg13g2/lib/sg13g2_io_slow_1p08V_3p0V_125C.lib line 19, library sg13g2_io_slow_1p08V_3p0V_125C already exists.
read_liberty -corner fast ./platforms/ihp-sg13g2/lib/sg13g2_stdcell_fast_1p32V_m40C.lib
read_liberty -corner fast ./platforms/ihp-sg13g2/lib/sg13g2_io_fast_1p32V_3p6V_m40C.lib
read_liberty -corner fast /tmp/workspace/scripts-Private_test-fr_cugr_cmp-1-/results/ihp-sg13g2/i2c-gpio-expander_I2cDeviceCtrl/base/I2cDeviceCtrl_fast.lib
[WARNING STA-1140] /tmp/workspace/scripts-Private_test-fr_cugr_cmp-1-/results/ihp-sg13g2/i2c-gpio-expander_I2cDeviceCtrl/base/I2cDeviceCtrl_fast.lib line 1, library I2cDeviceCtrl already exists.
read_liberty -corner fast ./platforms/ihp-sg13g2/lib/sg13g2_io_fast_1p32V_3p6V_m40C.lib
[WARNING STA-1140] ./platforms/ihp-sg13g2/lib/sg13g2_io_fast_1p32V_3p6V_m40C.lib line 19, library sg13g2_io_fast_1p32V_3p6V_m40C already exists.
read_db /tmp/workspace/scripts-Private_test-fr_cugr_cmp-1-/results/ihp-sg13g2/i2c-gpio-expander/base/3_place.odb
read_sdc /tmp/workspace/scripts-Private_test-fr_cugr_cmp-1-/results/ihp-sg13g2/i2c-gpio-expander/base/3_place.sdc
source ./platforms/ihp-sg13g2/setRC.tcl
clock_tree_synthesis -sink_clustering_enable -repair_clock_nets
[INFO CTS-0050] Root buffer is sg13g2_buf_16.
[INFO CTS-0051] Sink buffer is sg13g2_buf_16.
[INFO CTS-0052] The following clock buffers will be used for CTS:
                    sg13g2_buf_16
[INFO CTS-0049] Characterization buffer is sg13g2_buf_16.
[INFO CTS-0007] Net "clock" found for clock "clk_core".
[INFO CTS-0011]  Clock net "clock" for macros has 1 sinks.
[INFO CTS-0011]  Clock net "clock_regs" for registers has 122 sinks.
[INFO CTS-0008] TritonCTS found 2 clock nets.
[INFO CTS-0097] Characterization used 1 buffer(s) types.
[INFO CTS-0201] 1 blockages from hard placement blockages and placed macros will be used.
[INFO CTS-0027] Generating H-Tree topology for net clock.
[INFO CTS-0028]  Total number of sinks: 1.
[INFO CTS-0029]  Macro  sinks will be clustered in groups of up to 4 and with maximum cluster diameter of 295.7 um.
[INFO CTS-0030]  Number of static layers: 0.
[INFO CTS-0020]  Wire segment unit: 18900  dbu (18 um).
[INFO CTS-0023]  Original sink region: [(400980, 372360), (400980, 372360)].
[INFO CTS-0024]  Normalized sink region: [(21.2159, 19.7016), (21.2159, 19.7016)].
[INFO CTS-0025]     Width:  0.0000.
[INFO CTS-0026]     Height: 0.0000.
 Level 1
    Direction: Vertical
    Sinks per sub-region: 1
    Sub-region size: 0.0000 X 0.0000
[INFO CTS-0034]     Segment length (rounded): 1.
[INFO CTS-0038]  Stop criterion found. Sink region hpwl is smaller than max wirelength (1470.650 um) and max number of sinks is 8.
[INFO CTS-0035]  Number of sinks covered: 1.
[INFO CTS-0201] 1 blockages from hard placement blockages and placed macros will be used.
[INFO CTS-0027] Generating H-Tree topology for net clock_regs.
[INFO CTS-0028]  Total number of sinks: 122.
[INFO CTS-0060]  Register sinks will be clustered in groups of up to 8 and based on buffer max cap.
[INFO CTS-0030]  Number of static layers: 0.
[INFO CTS-0020]  Wire segment unit: 18900  dbu (18 um).
[INFO CTS-0023]  Original sink region: [(358560, 353220), (537120, 632940)].
[INFO CTS-0024]  Normalized sink region: [(18.9714, 18.6889), (28.419, 33.4889)].
[INFO CTS-0025]     Width:  9.4476.
[INFO CTS-0026]     Height: 14.8000.
 Level 1
    Direction: Vertical
    Sinks per sub-region: 61
    Sub-region size: 9.4476 X 7.4000
[INFO CTS-0034]     Segment length (rounded): 4.
 Level 2
    Direction: Horizontal
    Sinks per sub-region: 31
    Sub-region size: 4.7238 X 7.4000
[INFO CTS-0034]     Segment length (rounded): 2.
 Level 3
    Direction: Vertical
    Sinks per sub-region: 16
    Sub-region size: 4.7238 X 3.7000
[INFO CTS-0034]     Segment length (rounded): 2.
 Level 4
    Direction: Horizontal
    Sinks per sub-region: 8
    Sub-region size: 2.3619 X 3.7000
[INFO CTS-0034]     Segment length (rounded): 1.
 Level 5
    Direction: Vertical
    Sinks per sub-region: 4
    Sub-region size: 2.3619 X 1.8500
[INFO CTS-0034]     Segment length (rounded): 1.
[INFO CTS-0038]  Stop criterion found. Sink region hpwl is smaller than max wirelength (1470.650 um) and max number of sinks is 8.
[INFO CTS-0035]  Number of sinks covered: 122.
[INFO CTS-0018]     Created 2 clock buffers.
[INFO CTS-0012]     Minimum number of buffers in the clock path: 2.
[INFO CTS-0013]     Maximum number of buffers in the clock path: 2.
[INFO CTS-0015]     Created 2 clock nets.
[INFO CTS-0016]     Fanout distribution for the current clock = 1:1..
[INFO CTS-0017]     Max level of the clock tree: 1.
[INFO CTS-0018]     Created 49 clock buffers.
[INFO CTS-0012]     Minimum number of buffers in the clock path: 3.
[INFO CTS-0013]     Maximum number of buffers in the clock path: 3.
[INFO CTS-0015]     Created 49 clock nets.
[INFO CTS-0016]     Fanout distribution for the current clock = 3:6, 4:26..
[INFO CTS-0017]     Max level of the clock tree: 5.
[INFO CTS-0124] Clock net "clock"
[INFO CTS-0125]  Sinks 1
[INFO CTS-0098] Clock net "clock_regs"
[INFO CTS-0099]  Sinks 128
[INFO CTS-0100]  Leaf buffers 0
[INFO CTS-0101]  Average sink wire length 180.78 um
[INFO CTS-0102]  Path depth 3 - 3
[INFO CTS-0207]  Dummy loads inserted 6
[INFO CTS-0033] Balancing latency for clock clk_core
[INFO CTS-0036]  inserted 1 delay buffers
[INFO CTS-0037] Total number of delay buffers: 1
[INFO CTS-0500] Runtime: 0.98s
estimate_parasitics -placement
detailed_placement
[INFO DPL-0006] Core area: 121187.40 um^2
[INFO DPL-0007] Movable instances area: 14769.22 um^2
[INFO DPL-0008] Fixed instances area within core: 21794.57 um^2
[INFO DPL-0009] Utilization: 30.2%
[INFO DPL-0005] Diamond search max displacement: +/- 500 sites horizontally, +/- 100 rows vertically.
[INFO DPL-1102] Legalizing using negotiation legalizer.
[INFO DPL-1103] Negotiation base search window: +/-20 sites horizontally, +/-5 rows vertically 
	Automatic search window extension enabled.
	Search window extendable up to the max displacement cap of +/-500 sites, +/-100 rows near walls.
[INFO DPL-1104] NegotiationLegalizer DRC penalty: 5.
[INFO DPL-0392] Negotiation cell height distribution (2 unique row-count(s)):
[INFO DPL-0393]   height 1 row(s): 858 cells
[INFO DPL-0393]   height 39 row(s): 1 cells
          |      Total |  Illegal |  Illegal
Iteration | Violations |    Cells |    Sites
---------------------------------------------
        0 |        108 |        20 |        88
        1 |         12 |         2 |        10
        2 |          0 |         0 |         0
Negotiation phase 1 converged at iteration 2.
[INFO DPL-0500] Runtime: 0.01s
Placement Analysis
---------------------------------
total displacement       1967.9 u
average displacement        2.3 u
max displacement           36.2 u
original HPWL           29357.0 u
legalized HPWL          30873.9 u
delta HPWL                    5 %

estimate_parasitics -placement
Warning: master sg13g2_IOPadAnalog has signal pins but no liberty cell
repair_timing -setup_margin 0 -hold_margin 0 -repair_tns 100 -match_cell_footprint -verbose
[INFO RSZ-0100] Repair move sequence: UnbufferMove SizeUpMove SwapPinsMove BufferMove CloneMove SplitLoadMove 
[INFO RSZ-0098] No setup violations found
[INFO RSZ-0505] Runtime: 0.05s
[INFO RSZ-0033] No hold violations found.
[INFO RSZ-0506] Runtime: 0.00s
Warning: master sg13g2_IOPadAnalog has signal pins but no liberty cell
Repair timing output passed lec test
detailed_placement
[INFO DPL-0006] Core area: 121187.40 um^2
[INFO DPL-0007] Movable instances area: 14769.22 um^2
[INFO DPL-0008] Fixed instances area within core: 21794.57 um^2
[INFO DPL-0009] Utilization: 30.2%
[INFO DPL-0005] Diamond search max displacement: +/- 500 sites horizontally, +/- 100 rows vertically.
[INFO DPL-1102] Legalizing using negotiation legalizer.
[INFO DPL-1103] Negotiation base search window: +/-20 sites horizontally, +/-5 rows vertically 
	Automatic search window extension enabled.
	Search window extendable up to the max displacement cap of +/-500 sites, +/-100 rows near walls.
[INFO DPL-1104] NegotiationLegalizer DRC penalty: 5.
[INFO DPL-0392] Negotiation cell height distribution (2 unique row-count(s)):
[INFO DPL-0393]   height 1 row(s): 858 cells
[INFO DPL-0393]   height 39 row(s): 1 cells
[INFO DPL-0500] Runtime: 0.01s
Placement Analysis
---------------------------------
total displacement          0.0 u
average displacement        0.0 u
max displacement            0.0 u
original HPWL           30873.9 u
legalized HPWL          30873.9 u
delta HPWL                    0 %

estimate_parasitics -placement
Report metrics stage 4, cts final...

==========================================================================
cts final report_design_area
--------------------------------------------------------------------------
Design area 36564 um^2 30% utilization.
write_db /tmp/workspace/scripts-Private_test-fr_cugr_cmp-1-/results/ihp-sg13g2/i2c-gpio-expander/base/4_1_cts.odb
write_sdc -no_timestamp /tmp/workspace/scripts-Private_test-fr_cugr_cmp-1-/results/ihp-sg13g2/i2c-gpio-expander/base/4_cts.sdc
Elapsed time: 0:01.78[h:]min:sec. CPU time: user 1.95 sys 0.32 (128%). Peak memory: 156912KB.
Log                       Ext     Elapsed/s Peak Memory/MB sha1sum result [0:20)
4_1_cts                   .odb            1            153 e19ff3a6e5711976e8ca
