Yosys 0.68+post (git sha1 UNKNOWN, Release, GNU /usr/local/bin/wrapped-cc/g++ 11.4.0)
Using ABC speed script.
Extracting clock period from SDC file: /tmp/workspace/scripts-Private_test-fr_cugr_cmp-2-/results/gf180/uart-blocks_uart_rx/base/clock_period.txt
Setting clock period to 6
1. Executing Liberty frontend: /OpenROAD-flow-scripts/flow/platforms/gf180/lib/gf180mcu_fd_sc_mcu9t5v0__ff_n40C_5v50.lib.gz
2. Executing Liberty frontend: /OpenROAD-flow-scripts/flow/platforms/gf180/lib/gf180mcu_fd_sc_mcu9t5v0__ff_n40C_5v50.lib.gz
3. Executing Verilog-2005 frontend: /OpenROAD-flow-scripts/flow/designs/src/uart-no-param/uart.v
4. Executing Verilog-2005 frontend: /OpenROAD-flow-scripts/flow/designs/src/uart-no-param/uart_rx.v
5. Executing Verilog-2005 frontend: /OpenROAD-flow-scripts/flow/designs/src/uart-no-param/uart_tx.v
6. Executing HIERARCHY pass (managing design hierarchy).
7. Executing AST frontend in derive mode using pre-parsed AST for module `\uart_rx'.
7.1. Analyzing design hierarchy..
7.2. Analyzing design hierarchy..
8. Executing OPT_CLEAN pass (remove unused cells and wires).
Warning: Ignoring module uart_rx because it contains processes (run 'proc' command first).
9. Executing RTLIL backend.
Warnings: 1 unique messages, 1 total
End of script. Logfile hash: 276c583aa0, time: 0.33s, user: 0.27s, system: 0.04s, MEM: 72.80 MB peak
Yosys 0.68+post (git sha1 UNKNOWN, Release, GNU /usr/local/bin/wrapped-cc/g++ 11.4.0)
Time spent: 94% 4x read_liberty (0 sec), 1% 1x opt_clean (0 sec), ...
Elapsed time: 0:00.33[h:]min:sec. CPU time: user 0.29 sys 0.05 (99%). Peak memory: 77364KB.
Log                       Ext     Elapsed/s Peak Memory/MB sha1sum result [0:20)
1_1_yosys_canonicalize    .rtlil          0             75 b359ce049607f6cc65eb
