OpenROAD 26Q3-1464-gb22abfea20 
Features included (+) or not (-): +GPU +GUI +Python
This program is licensed under the BSD-3 license. See the LICENSE file for details.
Components of this program may be licensed under more restrictive licenses which must be honored.
[INFO ORD-0030] Using 30 thread(s).
source ./platforms/asap7/liberty_suppressions.tcl
read_liberty ./platforms/asap7/lib/NLDM/asap7sc7p5t_AO_RVT_FF_nldm_211120.lib.gz
read_liberty ./platforms/asap7/lib/NLDM/asap7sc7p5t_INVBUF_RVT_FF_nldm_220122.lib.gz
read_liberty ./platforms/asap7/lib/NLDM/asap7sc7p5t_OA_RVT_FF_nldm_211120.lib.gz
read_liberty ./platforms/asap7/lib/NLDM/asap7sc7p5t_SIMPLE_RVT_FF_nldm_211120.lib.gz
read_liberty ./platforms/asap7/lib/NLDM/asap7sc7p5t_SEQ_RVT_FF_nldm_220123.lib
read_liberty ./platforms/asap7/lib/NLDM/fakeram7_256x32.lib
read_db -hier /tmp/workspace/scripts-Private_test-fr_cugr_cmp-2-/results/asap7/riscv32i/base/3_4_place_resized.odb
[WARNING ORD-0012] Hierarchical flow (-hier) is currently in development and may cause multiple issues. Do not use in production environments.
read_sdc /tmp/workspace/scripts-Private_test-fr_cugr_cmp-2-/results/asap7/riscv32i/base/2_floorplan.sdc
source ./platforms/asap7/setRC.tcl
detailed_placement
[INFO DPL-0006] Core area: 3967.86 um^2
[INFO DPL-0007] Movable instances area: 1170.93 um^2
[INFO DPL-0008] Fixed instances area within core: 1420.17 um^2
[INFO DPL-0009] Utilization: 65.3%
[INFO DPL-0005] Diamond search max displacement: +/- 500 sites horizontally, +/- 100 rows vertically.
[INFO DPL-1102] Legalizing using negotiation legalizer.
[INFO DPL-1103] Negotiation base search window: +/-20 sites horizontally, +/-5 rows vertically 
	Automatic search window extension enabled.
	Search window extendable up to the max displacement cap of +/-500 sites, +/-100 rows near walls.
[INFO DPL-1104] NegotiationLegalizer DRC penalty: 5.
[INFO DPL-0392] Negotiation cell height distribution (2 unique row-count(s)):
[INFO DPL-0393]   height 1 row(s): 10204 cells
[INFO DPL-0393]   height 156 row(s): 4 cells
          |      Total |  Illegal |  Illegal
Iteration | Violations |    Cells |    Sites
---------------------------------------------
        0 |        254 |        80 |       174
        1 |         14 |         2 |        12
        2 |          0 |         0 |         0
Negotiation phase 1 converged at iteration 2.
[INFO DPL-0500] Runtime: 0.11s
Placement Analysis
---------------------------------
total displacement       3149.4 u
average displacement        0.3 u
max displacement            7.5 u
original HPWL           40698.2 u
legalized HPWL          43189.1 u
delta HPWL                    6 %

improve_placement -max_displacement "5 1"
Detailed placement improvement.
[INFO DPL-0401] Setting random seed to 1.
[INFO DPL-0402] Setting maximum displacement 5 1 to 1350 270 units.
[INFO DPL-0320] Collected 836 fixed cells.
[INFO DPL-0318] Collected 9666 single height cells.
[INFO DPL-0321] Collected 0 wide cells.
[INFO DPL-0322] Image (5022, 5130) - (68094, 68040)
[INFO DPL-0310] Assigned 9666 cells into segments.  Movement in X-direction is 0.000000, movement in Y-direction is 0.000000.
[INFO DPL-0313] Found 0 cells in wrong regions.
[INFO DPL-0315] Found 0 row alignment problems.
[INFO DPL-0314] Found 0 site alignment problems.
[INFO DPL-0311] Found 0 overlaps between adjacent cells.
[INFO DPL-0312] Found 0 edge spacing violations and 0 padding violations.
[INFO DPL-0303] Running algorithm for independent set matching.
[INFO DPL-0300] Set matching objective is wirelength.
[INFO DPL-0301] Pass   1 of matching; objective is 3.843358e+07.
[INFO DPL-0302] End of matching; objective is 3.840993e+07, improvement is 0.06 percent.
[INFO DPL-0303] Running algorithm for global swaps.
[INFO DPL-0306] Pass   1 of global swaps; hpwl is 3.799771e+07.
[INFO DPL-0306] Pass   2 of global swaps; hpwl is 3.793088e+07.
[INFO DPL-0307] End of global swaps; objective is 3.793088e+07, improvement is 1.25 percent.
[INFO DPL-0303] Running algorithm for vertical swaps.
[INFO DPL-0308] Pass   1 of vertical swaps; hpwl is 3.784631e+07.
[INFO DPL-0309] End of vertical swaps; objective is 3.784631e+07, improvement is 0.22 percent.
[INFO DPL-0303] Running algorithm for reordering.
[INFO DPL-0304] Pass   1 of reordering; objective is 3.778225e+07.
[INFO DPL-0305] End of reordering; objective is 3.778225e+07, improvement is 0.17 percent.
[INFO DPL-0303] Running algorithm for random improvement.
[INFO DPL-0324] Random improver is using random generator.
[INFO DPL-0325] Random improver is using hpwl objective.
[INFO DPL-0326] Random improver cost string is (a).
[INFO DPL-0332] End of pass, Generator random called 193320 times.
[INFO DPL-0335] Generator random, Cumulative attempts 193320, swaps 37644, moves 35923 since last reset.
[INFO DPL-0333] End of pass, Objective hpwl, Initial cost 3.765781e+07, Scratch cost 3.740778e+07, Incremental cost 3.740778e+07, Mismatch? N
[INFO DPL-0338] End of pass, Total cost is 3.740778e+07.
[INFO DPL-0327] Pass   1 of random improver; improvement in cost is 0.66 percent.
[INFO DPL-0328] End of random improver; improvement is 0.663958 percent.
[INFO DPL-0380] Cell flipping.
[INFO DPL-0382] Changed 0 cell orientations for row compatibility.
[INFO DPL-0383] Performed 2883 cell flips.
[INFO DPL-0384] End of flipping; objective is 3.694964e+07, improvement is 1.55 percent.
[INFO DPL-0313] Found 0 cells in wrong regions.
[INFO DPL-0315] Found 0 row alignment problems.
[INFO DPL-0314] Found 0 site alignment problems.
[INFO DPL-0311] Found 0 overlaps between adjacent cells.
[INFO DPL-0312] Found 0 edge spacing violations and 0 padding violations.
Detailed Improvement Results
------------------------------------------
Original HPWL            43189.1 u (   21739.0,    21450.1)
Final HPWL               41644.3 u (   21006.0,    20638.2)
Delta HPWL                  -3.6 % (      -3.4,       -3.8)

optimize_mirroring
[INFO DPL-0020] Mirrored 755 instances
[INFO DPL-0021] HPWL before           41644.3 u
[INFO DPL-0022] HPWL after            41617.8 u
[INFO DPL-0023] HPWL delta               -0.1 %
[INFO FLW-0012] Placement violations .
estimate_parasitics -placement
Report metrics stage 3, detailed place...

==========================================================================
detailed place report_design_area
--------------------------------------------------------------------------
Design area 2591 um^2 65% utilization.
write_db /tmp/workspace/scripts-Private_test-fr_cugr_cmp-2-/results/asap7/riscv32i/base/3_5_place_dp.odb
write_sdc -no_timestamp /tmp/workspace/scripts-Private_test-fr_cugr_cmp-2-/results/asap7/riscv32i/base/3_place.sdc
Elapsed time: 0:07.27[h:]min:sec. CPU time: user 10.35 sys 2.71 (179%). Peak memory: 286312KB.
Log                       Ext     Elapsed/s Peak Memory/MB sha1sum result [0:20)
3_5_place_dp              .odb            7            279 e8783dc367d9327d0567
