OpenROAD 26Q3-1464-gb22abfea20 
Features included (+) or not (-): +GPU +GUI +Python
This program is licensed under the BSD-3 license. See the LICENSE file for details.
Components of this program may be licensed under more restrictive licenses which must be honored.
[INFO ORD-0030] Using 30 thread(s).
source ./platforms/ihp-sg13g2/suppress_message.tcl
read_liberty ./platforms/ihp-sg13g2/lib/sg13g2_stdcell_typ_1p20V_25C.lib
read_db -hier /tmp/workspace/scripts-Private_test-fr_cugr_cmp-2-/results/ihp-sg13g2/riscv32i/base/3_2_place_iop.odb
[WARNING ORD-0012] Hierarchical flow (-hier) is currently in development and may cause multiple issues. Do not use in production environments.
read_sdc /tmp/workspace/scripts-Private_test-fr_cugr_cmp-2-/results/ihp-sg13g2/riscv32i/base/2_floorplan.sdc
source ./platforms/ihp-sg13g2/setRC.tcl
[INFO RSZ-0026] Removed 0 buffers.
Perform port buffering...
[INFO RSZ-0027] Inserted 65 sg13g2_buf_1 input buffers.
[INFO RSZ-0028] Inserted 99 sg13g2_buf_1 output buffers.
[INFO GPL-0022] Initialize gpl and calculate uniform density.
Placement density is 0.5459999895095825, computed from PLACE_DENSITY_LB_ADDON  0.2 and lower bound 0.41999998688697815
global_placement -density 0.5459999895095825 -pad_left 0 -pad_right 0 -routability_driven -timing_driven -force_center_initial_place -min_phi_coef 0.95 -max_phi_coef 1.05
[INFO GPL-0001] ---- Initialize GPL Main Data Structures
[INFO GPL-0002] DBU: 1000
[INFO GPL-0003] SiteSize: (  0.480  3.780 ) um
[INFO GPL-0004] CoreBBox: ( 17.760 18.900 ) ( 603.840 601.020 ) um
[INFO GPL-0016] Core area:                  341168.890 um^2
[INFO GPL-0036] Movable instances area:     129116.333 um^2
[INFO GPL-0037] Total instances area:       129116.333 um^2
[INFO GPL-0035] Pin density area adjust:     11610.757 um^2
[INFO GPL-0032] ---- Initialize Region: Top-level
[INFO GPL-0006] Number of instances:              8253
[INFO GPL-0007] Movable instances:                8253
[INFO GPL-0008] Fixed instances:                     0
[INFO GPL-0009] Dummy instances:                     0
[INFO GPL-0010] Number of nets:                   8319
[INFO GPL-0011] Number of pins:                  28662
[INFO GPL-0012] Die BBox:       (  0.000  0.000 ) ( 621.715 621.715 ) um
[INFO GPL-0013] Placement BBox: ( 17.760 18.900 ) ( 603.840 601.020 ) um
[INFO GPL-0014] Region name: top-level.
[INFO GPL-0015] Region area:                341168.890 um^2
[INFO GPL-0017] Fixed instances area:            0.000 um^2
[INFO GPL-0018] Movable instances area:     140727.089 um^2
[INFO GPL-0019] Utilization:                    41.249 %
[INFO GPL-0020] Standard cells area:        140727.089 um^2
[INFO GPL-0021] Large instances area:            0.000 um^2
[INFO GPL-0005] ---- Execute Conjugate Gradient Initial Placement.
[INFO GPL-0051] Source of initial instance position counters:
	Odb location = 0	Core center = 8253	Region center = 0
[InitialPlace]  Iter: 1 conjugate gradient residual: 0.00033211 HPWL: 316446917
[InitialPlace]  Iter: 2 conjugate gradient residual: 0.00002106 HPWL: 154994541
[InitialPlace]  Iter: 3 conjugate gradient residual: 0.00000706 HPWL: 153772319
[InitialPlace]  Iter: 4 conjugate gradient residual: 0.00001642 HPWL: 152476531
[InitialPlace]  Iter: 5 conjugate gradient residual: 0.00000953 HPWL: 150679798
[INFO GPL-0033] ---- Initialize Nesterov Region: Top-level
[INFO GPL-0023] Placement target density:       0.5460
[INFO GPL-0024] Movable insts average area:     17.052 um^2
[INFO GPL-0025] Ideal bin area:                 31.230 um^2
[INFO GPL-0026] Ideal bin count:                 10924
[INFO GPL-0027] Total bin area:             341168.890 um^2
[INFO GPL-0028] Bin count (X, Y):          64 ,     64
[INFO GPL-0029] Bin size (W * H):       9.158 *  9.096 um
[INFO GPL-0030] Number of bins:                   4096
[INFO GPL-0084] ---- Execute Nesterov Global Placement.
[INFO GPL-0031] HPWL: Half-Perimeter Wirelength
Iteration | Overflow |     HPWL (um) |  HPWL(%) |   Penalty | Group
---------------------------------------------------------------
        0 |   0.9872 |  6.870145e+04 |   +0.00% |  5.60e-16 |      
       10 |   0.9460 |  9.238759e+04 |  +34.48% |  9.10e-16 |      
       20 |   0.9336 |  9.640522e+04 |   +4.35% |  1.48e-15 |      
       30 |   0.9346 |  9.546227e+04 |   -0.98% |  2.41e-15 |      
       40 |   0.9357 |  9.485202e+04 |   -0.64% |  3.93e-15 |      
       50 |   0.9343 |  9.505184e+04 |   +0.21% |  6.40e-15 |      
       60 |   0.9341 |  9.504417e+04 |   -0.01% |  1.04e-14 |      
       70 |   0.9346 |  9.481371e+04 |   -0.24% |  1.70e-14 |      
       80 |   0.9349 |  9.468388e+04 |   -0.14% |  2.77e-14 |      
       90 |   0.9354 |  9.468526e+04 |   +0.00% |  4.51e-14 |      
      100 |   0.9358 |  9.471916e+04 |   +0.04% |  7.34e-14 |      
      110 |   0.9357 |  9.482284e+04 |   +0.11% |  1.20e-13 |      
      120 |   0.9353 |  9.510588e+04 |   +0.30% |  1.95e-13 |      
      130 |   0.9345 |  9.568139e+04 |   +0.61% |  3.17e-13 |      
      140 |   0.9335 |  9.671043e+04 |   +1.08% |  5.17e-13 |      
      150 |   0.9320 |  9.845427e+04 |   +1.80% |  8.42e-13 |      
      160 |   0.9288 |  1.010718e+05 |   +2.66% |  1.37e-12 |      
      170 |   0.9239 |  1.046594e+05 |   +3.55% |  2.23e-12 |      
      180 |   0.9158 |  1.094840e+05 |   +4.61% |  3.63e-12 |      
      190 |   0.9039 |  1.159381e+05 |   +5.90% |  5.92e-12 |      
      200 |   0.8872 |  1.238994e+05 |   +6.87% |  9.63e-12 |      
      210 |   0.8643 |  1.328397e+05 |   +7.22% |  1.57e-11 |      
      220 |   0.8375 |  1.420684e+05 |   +6.95% |  2.55e-11 |      
      230 |   0.8079 |  1.514237e+05 |   +6.59% |  4.15e-11 |      
      240 |   0.7749 |  1.607671e+05 |   +6.17% |  6.75e-11 |      
      250 |   0.7411 |  1.688625e+05 |   +5.04% |  1.10e-10 |      
      260 |   0.7000 |  1.787897e+05 |   +5.88% |  1.79e-10 |      
      270 |   0.6613 |  1.866979e+05 |   +4.42% |  2.91e-10 |      
[INFO GPL-0100] Timing-driven iteration 1/2, virtual: false.
[INFO GPL-0101]    Iter: 277, overflow: 0.634, keep resizer changes at: 1, HPWL: 192049736
Iteration |   Area    | Resized | Buffers | Nets repaired | Remaining
---------------------------------------------------------------------
        0 |     +0.0% |       0 |       0 |             0 |      8319
    final |     +6.6% |       0 |    1181 |           195 |         0
---------------------------------------------------------------------
[INFO RSZ-0034] Found 39 slew violations.
[INFO RSZ-0035] Found 195 fanout violations.
[INFO RSZ-0038] Inserted 1181 buffers in 195 nets.
   Iter   |    Area   | Removed | Inserted |   Pins
          |           | Buffers | Buffers  | Remaining
-------------------------------------------------------
        0 |     +0.0% |       0 |        0 |      7225
      720 |     +0.0% |       4 |        4 |      6505
     1440 |     +0.1% |     173 |      171 |      5785
     2160 |     +0.1% |     173 |      171 |      5065
     2880 |     +0.0% |     190 |      186 |      4345
     3600 |     -0.0% |     290 |      272 |      3625
     4320 |     -0.4% |     699 |      603 |      2905
     5040 |     -0.5% |     730 |      629 |      2185
     5760 |     -0.5% |     806 |      690 |      1465
     6480 |     -0.6% |     844 |      722 |       745
     7200 |     -0.6% |     918 |      787 |        25
    final |     -0.9% |    1181 |     1007 |         0
-------------------------------------------------------
[INFO GPL-0106] Timing-driven: worst slack 9.936465e-10
[INFO GPL-0107] Timing-driven: repair_design delta area: 7399.123 um^2 (+5.26%)
[INFO GPL-0108] Timing-driven: repair_design, gpl delta gcells: 1007 (+12.20%)
[INFO GPL-0109] Timing-driven: repair_design, gcells created: 2188, deleted: 1181
[INFO GPL-0110] Timing-driven: new target density: 0.56768763
Iteration | Overflow |     HPWL (um) |  HPWL(%) |   Penalty | Group
---------------------------------------------------------------
      280 |   0.6055 |  2.689453e+05 |  +44.05% |  4.70e-10 |      
[INFO GPL-0038] Routability snapshot saved at iter = 282
      281 |   0.5982 |  2.731823e+05 |          |           |      
      290 |   0.5622 |  2.752096e+05 |   +2.33% |  7.64e-10 |      
      300 |   0.5528 |  2.838803e+05 |   +3.15% |  1.24e-09 |      
      310 |   0.4949 |  2.926236e+05 |   +3.08% |  2.02e-09 |      
      320 |   0.4593 |  2.937524e+05 |   +0.39% |  3.30e-09 |      
      330 |   0.4241 |  2.989653e+05 |   +1.77% |  5.37e-09 |      
      340 |   0.3738 |  3.033747e+05 |   +1.47% |  8.74e-09 |      
      350 |   0.3356 |  3.064421e+05 |   +1.01% |  1.39e-08 |      
      360 |   0.3056 |  3.070832e+05 |   +0.21% |  2.05e-08 |      
[INFO GPL-0040] Routability iteration: 1
[WARNING GRT-0281] Net clk has a large fanout of 1057 terminals.
[INFO GPL-0041] Total routing overflow: 0.0000
[INFO GPL-0042] Number of overflowed tiles: 0 (0.00%)
[INFO GPL-0043] Average top 0.5% routing congestion: 0.7152
[INFO GPL-0044] Average top 1.0% routing congestion: 0.6576
[INFO GPL-0045] Average top 2.0% routing congestion: 0.6022
[INFO GPL-0046] Average top 5.0% routing congestion: 0.5348
[INFO GPL-0047] Routability iteration weighted routing congestion: 0.6864
[INFO GPL-0050] Weighted routing congestion is lower than target routing congestion(1.0100), end routability optimization.
[INFO GPL-0090] Routability finished. Target routing congestion achieved succesfully.
Iteration | Overflow |     HPWL (um) |  HPWL(%) |   Penalty | Group
---------------------------------------------------------------
      370 |   0.2674 |  3.087126e+05 |   +0.53% |  3.02e-08 |      
      380 |   0.2386 |  3.102627e+05 |   +0.50% |  4.46e-08 |      
      390 |   0.2064 |  3.113037e+05 |   +0.34% |  6.56e-08 |      
[INFO GPL-0100] Timing-driven iteration 2/2, virtual: false.
[INFO GPL-0101]    Iter: 395, overflow: 0.193, keep resizer changes at: 1, HPWL: 311774948
Iteration |   Area    | Resized | Buffers | Nets repaired | Remaining
---------------------------------------------------------------------
        0 |     +0.0% |       0 |       0 |             0 |      9326
    final |     +0.0% |       0 |       4 |             2 |         0
---------------------------------------------------------------------
[INFO RSZ-0035] Found 2 fanout violations.
[INFO RSZ-0038] Inserted 4 buffers in 2 nets.
   Iter   |    Area   | Removed | Inserted |   Pins
          |           | Buffers | Buffers  | Remaining
-------------------------------------------------------
        0 |     +0.0% |       0 |        0 |      7225
      720 |     +0.0% |       4 |        5 |      6505
     1440 |     -0.1% |     175 |      160 |      5785
     2160 |     -0.1% |     175 |      162 |      5065
     2880 |     -0.1% |     190 |      176 |      4345
     3600 |     -0.1% |     276 |      262 |      3625
     4320 |     -0.0% |     607 |      612 |      2905
     5040 |     -0.0% |     633 |      637 |      2185
     5760 |     -0.0% |     694 |      700 |      1465
     6480 |     -0.0% |     726 |      731 |       745
     7200 |     -0.0% |     791 |      794 |        25
    final |     -0.0% |    1011 |     1017 |         0
-------------------------------------------------------
[INFO GPL-0106] Timing-driven: worst slack 7.66763e-10
[INFO GPL-0107] Timing-driven: repair_design delta area: 14.515 um^2 (+0.01%)
[INFO GPL-0108] Timing-driven: repair_design, gpl delta gcells: 10 (+0.11%)
[INFO GPL-0109] Timing-driven: repair_design, gcells created: 1021, deleted: 1011
[INFO GPL-0110] Timing-driven: new target density: 0.5677301
Iteration | Overflow |     HPWL (um) |  HPWL(%) |   Penalty | Group
---------------------------------------------------------------
      400 |   0.1758 |  3.179994e+05 |   +2.15% |  9.66e-08 |      
      410 |   0.1467 |  3.110987e+05 |   -2.17% |  1.42e-07 |      
      420 |   0.1266 |  3.085840e+05 |   -0.81% |  2.10e-07 |      
      430 |   0.1074 |  3.079934e+05 |   -0.19% |  3.09e-07 |      
      433 |   0.0998 |  3.079508e+05 |          |  3.61e-07 |      
---------------------------------------------------------------
[INFO GPL-1001] Global placement finished at iteration 433
[INFO GPL-1017] Routability mode iteration count: 80
[INFO GPL-1005] Routability final weighted congestion: 0.5968
[INFO GPL-1002] Placed Cell Area            148140.7277
[INFO GPL-1003] Available Free Area         341168.8896
[INFO GPL-1004] Minimum Feasible Density        0.4200 (cell_area / free_area)
[INFO GPL-1006]   Suggested Target Densities:
[INFO GPL-1007]     - For 90% usage of free space: 0.4825
[INFO GPL-1008]     - For 80% usage of free space: 0.5428
[INFO GPL-1009]     - For 50% usage of free space: 0.8684
[INFO GPL-1011] Original area (um^2): 140727.09
[INFO GPL-1012] Total routability artificial inflation: 0.00 (+0.00%)
[INFO GPL-1013] Total timing-driven delta area: 7413.64 (+5.27%)
[INFO GPL-1014] Final placement area: 148140.73 (+5.27%)
Took 7 seconds: global_placement -density 0.5459999895095825 -pad_left 0 -pad_right 0 -routability_driven -timing_driven -force_center_initial_place -min_phi_coef 0.95 -max_phi_coef 1.05
estimate_parasitics -placement
Report metrics stage 3, global place...

==========================================================================
global place report_design_area
--------------------------------------------------------------------------
Design area 136530 um^2 40% utilization.
write_db /tmp/workspace/scripts-Private_test-fr_cugr_cmp-2-/results/ihp-sg13g2/riscv32i/base/3_3_place_gp.odb
Elapsed time: 0:09.97[h:]min:sec. CPU time: user 65.35 sys 9.61 (752%). Peak memory: 303320KB.
Log                       Ext     Elapsed/s Peak Memory/MB sha1sum result [0:20)
3_3_place_gp              .odb            9            296 cfd26e7b4528cd891b9f
