Yosys 0.68+post (git sha1 UNKNOWN, Release, GNU /usr/local/bin/wrapped-cc/g++ 11.4.0)
Using ABC speed script.
Extracting clock period from SDC file: /tmp/workspace/scripts-Private_test-fr_cugr_cmp-2-/results/nangate45/mempool_group/base/clock_period.txt
1. Executing Liberty frontend: ./platforms/nangate45/lib/NangateOpenCellLibrary_typical.lib
2. Executing Liberty frontend: ./platforms/nangate45/lib/fakeram45_256x32.lib
3. Executing Liberty frontend: ./platforms/nangate45/lib/fakeram45_64x64.lib
4. Executing Liberty frontend: ./platforms/nangate45/lib/NangateOpenCellLibrary_typical.lib
5. Executing Liberty frontend: ./platforms/nangate45/lib/fakeram45_256x32.lib
6. Executing Liberty frontend: ./platforms/nangate45/lib/fakeram45_64x64.lib
7. Executing SLANG frontend.
7.1. Executing PROC_CLEAN pass (remove empty switches from decision trees).
7.2. Executing TRIBUF pass.
7.3. Executing PROC_RMDEAD pass (remove dead branches from decision trees).
7.4. Executing PROC_PRUNE pass (remove redundant assignments in processes).
7.5. Executing PROC_INIT pass (extract init attributes).
7.6. Executing PROC_ROM pass (convert switches to ROMs).
7.7. Executing PROC_MUX pass (convert decision trees to multiplexers).
7.8. Executing PROC_CLEAN pass (remove empty switches from decision trees).
7.9. Executing OPT_EXPR pass (perform const folding).
8. Executing HIERARCHY pass (managing design hierarchy).
8.1. Analyzing design hierarchy..
8.2. Analyzing design hierarchy..
9. Executing OPT_CLEAN pass (remove unused cells and wires).
10. Executing RTLIL backend.
End of script. Logfile hash: e94341fb7e, time: 8.01s, user: 7.83s, system: 0.21s, MEM: 193.80 MB peak
Yosys 0.68+post (git sha1 UNKNOWN, Release, GNU /usr/local/bin/wrapped-cc/g++ 11.4.0)
Time spent: 81% 1x proc_rmdead (6 sec), 7% 2x read_slang (0 sec), ...
Elapsed time: 0:08.05[h:]min:sec. CPU time: user 7.88 sys 0.22 (100%). Peak memory: 200500KB.
Log                       Ext     Elapsed/s Peak Memory/MB sha1sum result [0:20)
1_1_yosys_canonicalize    .rtlil          8            195 854f10be5d4851e5aad6
