[2026-08-20 04:27:03.750] [miter_logger] [info] MiterStrategy::run starting
[2026-08-20 04:27:03.750] [miter_logger] [info] Collecting POs for design 0: aes_cipher_top

[2026-08-20 04:27:03.782] [miter_logger] [info] Collected 821 PIs for design 0

[2026-08-20 04:27:03.782] [miter_logger] [info] Collected 1381 POs for design 0

[2026-08-20 04:27:03.782] [miter_logger] [info] design 0 PI summary by model/term (821 total terminals, 8 unique rows):
| Model                     | Term    | Count |
|---------------------------|---------|-------|
| sky130_fd_sc_hs__dfxtp_1  | Q       |   433 |
| aes_cipher_top            | key     |   128 |
| aes_cipher_top            | text_in |   128 |
| sky130_fd_sc_hs__edfxtp_1 | Q       |   128 |
| aes_cipher_top            | clk     |     1 |
| aes_cipher_top            | ld      |     1 |
| aes_cipher_top            | rst     |     1 |
| sky130_fd_sc_hs__dfxtp_4  | Q       |     1 |

[2026-08-20 04:27:03.782] [miter_logger] [info] design 0 PO summary by model/term (1381 total terminals, 9 unique rows):
| Model                     | Term     | Count |
|---------------------------|----------|-------|
| sky130_fd_sc_hs__dfxtp_1  | CLK      |   433 |
| sky130_fd_sc_hs__dfxtp_1  | D        |   433 |
| aes_cipher_top            | text_out |   128 |
| sky130_fd_sc_hs__edfxtp_1 | CLK      |   128 |
| sky130_fd_sc_hs__edfxtp_1 | D        |   128 |
| sky130_fd_sc_hs__edfxtp_1 | DE       |   128 |
| aes_cipher_top            | done     |     1 |
| sky130_fd_sc_hs__dfxtp_4  | CLK      |     1 |
| sky130_fd_sc_hs__dfxtp_4  | D        |     1 |

[2026-08-20 04:27:03.783] [miter_logger] [info] Collecting POs for design 1: aes_cipher_top

[2026-08-20 04:27:03.815] [miter_logger] [info] size of common inputs: 821
[2026-08-20 04:27:03.815] [miter_logger] [info] size of diff0 inputs: 0
[2026-08-20 04:27:03.815] [miter_logger] [info] size of diff1 inputs: 0
[2026-08-20 04:27:03.815] [miter_logger] [info] Collected 821 PIs for design 1

[2026-08-20 04:27:03.815] [miter_logger] [info] Collected 1381 POs for design 1

[2026-08-20 04:27:03.815] [miter_logger] [info] design 1 PI summary by model/term (821 total terminals, 9 unique rows):
| Model                     | Term    | Count |
|---------------------------|---------|-------|
| sky130_fd_sc_hs__dfxtp_1  | Q       |   414 |
| aes_cipher_top            | key     |   128 |
| aes_cipher_top            | text_in |   128 |
| sky130_fd_sc_hs__edfxtp_1 | Q       |   128 |
| sky130_fd_sc_hs__dfxtp_2  | Q       |    18 |
| sky130_fd_sc_hs__dfxtp_4  | Q       |     2 |
| aes_cipher_top            | clk     |     1 |
| aes_cipher_top            | ld      |     1 |
| aes_cipher_top            | rst     |     1 |

[2026-08-20 04:27:03.815] [miter_logger] [info] design 1 PO summary by model/term (1381 total terminals, 11 unique rows):
| Model                     | Term     | Count |
|---------------------------|----------|-------|
| sky130_fd_sc_hs__dfxtp_1  | CLK      |   414 |
| sky130_fd_sc_hs__dfxtp_1  | D        |   414 |
| aes_cipher_top            | text_out |   128 |
| sky130_fd_sc_hs__edfxtp_1 | CLK      |   128 |
| sky130_fd_sc_hs__edfxtp_1 | D        |   128 |
| sky130_fd_sc_hs__edfxtp_1 | DE       |   128 |
| sky130_fd_sc_hs__dfxtp_2  | CLK      |    18 |
| sky130_fd_sc_hs__dfxtp_2  | D        |    18 |
| sky130_fd_sc_hs__dfxtp_4  | CLK      |     2 |
| sky130_fd_sc_hs__dfxtp_4  | D        |     2 |
| aes_cipher_top            | done     |     1 |

[2026-08-20 04:27:03.815] [miter_logger] [info] normalizeInputs: starting
[2026-08-20 04:27:03.816] [miter_logger] [info] size of common inputs: 821
[2026-08-20 04:27:03.816] [miter_logger] [info] size of diff0 inputs: 0
[2026-08-20 04:27:03.816] [miter_logger] [info] size of diff1 inputs: 0
[2026-08-20 04:27:03.816] [miter_logger] [info] normalizeOutputs: starting
[2026-08-20 04:27:03.817] [miter_logger] [info] size of common outputs: 1381
[2026-08-20 04:27:03.817] [miter_logger] [info] size of diff0 outputs: 0
[2026-08-20 04:27:03.817] [miter_logger] [info] size of diff1 outputs: 0
[2026-08-20 04:27:03.817] [miter_logger] [info] size of PIs in circuit 0: 821
[2026-08-20 04:27:03.817] [miter_logger] [info] size of PIs in circuit 1: 821
[2026-08-20 04:27:03.817] [miter_logger] [info] size of POs in circuit 0: 1381
[2026-08-20 04:27:03.817] [miter_logger] [info] size of POs in circuit 1: 1381
[2026-08-20 04:27:04.068] [miter_logger] [info] Building miter expression
[2026-08-20 04:27:04.068] [miter_logger] [info] Finished building miter expression
[2026-08-20 04:27:04.087] [miter_logger] [info] Starting solver
[2026-08-20 04:27:06.966] [miter_logger] [info] SAT solver finished: UNSAT
[2026-08-20 04:27:06.966] [miter_logger] [info] Circuits are IDENTICAL
