OpenROAD 26Q3-1464-gb22abfea20 
Features included (+) or not (-): +GPU +GUI +Python
This program is licensed under the BSD-3 license. See the LICENSE file for details.
Components of this program may be licensed under more restrictive licenses which must be honored.
[INFO ORD-0030] Using 30 thread(s).
read_liberty /OpenROAD-flow-scripts/flow/platforms/gf180/lib/gf180mcu_fd_sc_mcu9t5v0__ff_n40C_5v50.lib.gz
read_db /tmp/workspace/scripts-Private_test-fr_cugr_cmp-2-/results/gf180/aes/base/3_3_place_gp.odb
read_sdc /tmp/workspace/scripts-Private_test-fr_cugr_cmp-2-/results/gf180/aes/base/2_floorplan.sdc
source ./platforms/gf180/setRC.tcl
estimate_parasitics -placement
Perform buffer insertion and gate resizing...
repair_design -verbose
Iteration |   Area    | Resized | Buffers | Nets repaired | Remaining
---------------------------------------------------------------------
        0 |     +0.0% |       0 |       0 |             0 |     18140
     1000 |     +0.0% |       0 |       0 |             0 |     17140
     2000 |     +0.0% |       0 |       0 |             0 |     16140
     3000 |     +0.0% |       0 |       0 |             0 |     15140
     4000 |     +0.0% |       0 |       0 |             0 |     14140
     5000 |     +0.0% |       0 |       0 |             0 |     13140
     6000 |     +0.0% |       0 |       0 |             0 |     12140
     7000 |     +0.0% |       0 |       0 |             0 |     11140
     8000 |     +0.0% |       0 |       0 |             0 |     10140
     9000 |     +0.0% |       0 |       0 |             0 |      9140
    10000 |     +0.0% |       0 |       0 |             0 |      8140
    11000 |     +0.0% |       0 |       0 |             0 |      7140
    12000 |     +0.0% |       0 |       0 |             0 |      6140
    13000 |     +0.0% |       0 |       0 |             0 |      5140
    14000 |     +0.0% |       0 |       0 |             0 |      4140
    15000 |     +0.0% |       0 |       0 |             0 |      3140
    16000 |     +0.0% |       0 |       0 |             0 |      2140
    17000 |     +0.0% |       0 |       0 |             0 |      1140
    18000 |     +0.0% |       0 |       0 |             0 |       140
    final |     +0.0% |       0 |       0 |             0 |         0
---------------------------------------------------------------------
[INFO RSZ-0504] Runtime: 0.97s
Floating nets: 
Report metrics stage 3, resizer...

==========================================================================
resizer report_design_area
--------------------------------------------------------------------------
Design area 647986 um^2 65% utilization.
Instance count before 19268, after 19268
Pin count before 54644, after 54644
write_db /tmp/workspace/scripts-Private_test-fr_cugr_cmp-2-/results/gf180/aes/base/3_4_place_resized.odb
Elapsed time: 0:04.53[h:]min:sec. CPU time: user 6.83 sys 2.65 (208%). Peak memory: 235896KB.
Log                       Ext     Elapsed/s Peak Memory/MB sha1sum result [0:20)
3_4_place_resized         .odb            4            230 2f309a1a26504441bc4f
