OpenROAD 26Q3-1464-gb22abfea20 
Features included (+) or not (-): +GPU +GUI +Python
This program is licensed under the BSD-3 license. See the LICENSE file for details.
Components of this program may be licensed under more restrictive licenses which must be honored.
[INFO ORD-0030] Using 30 thread(s).
read_liberty /OpenROAD-flow-scripts/flow/platforms/gf180/lib/gf180mcu_fd_sc_mcu9t5v0__ff_n40C_5v50.lib.gz
read_db /tmp/workspace/scripts-Private_test-fr_cugr_cmp-2-/results/gf180/aes/base/4_cts.odb
read_sdc /tmp/workspace/scripts-Private_test-fr_cugr_cmp-2-/results/gf180/aes/base/4_cts.sdc
source ./platforms/gf180/setRC.tcl
pin_access
[INFO DRT-0149] Reading tech and libs.
[WARNING DRT-0349] LEF58_ENCLOSURE with no CUTCLASS is not supported. Skipping for layer Via1
[WARNING DRT-0349] LEF58_ENCLOSURE with no CUTCLASS is not supported. Skipping for layer Via1
[WARNING DRT-0349] LEF58_ENCLOSURE with no CUTCLASS is not supported. Skipping for layer Via2
[WARNING DRT-0349] LEF58_ENCLOSURE with no CUTCLASS is not supported. Skipping for layer Via2
[WARNING DRT-0349] LEF58_ENCLOSURE with no CUTCLASS is not supported. Skipping for layer Via3
[WARNING DRT-0349] LEF58_ENCLOSURE with no CUTCLASS is not supported. Skipping for layer Via3
[WARNING DRT-0349] LEF58_ENCLOSURE with no CUTCLASS is not supported. Skipping for layer Via4
[WARNING DRT-0349] LEF58_ENCLOSURE with no CUTCLASS is not supported. Skipping for layer Via4

Units:                2000
Number of layers:     11
Number of macros:     229
Number of vias:       64
Number of viarulegen: 18

[INFO DRT-0150] Reading design.

Design:                   aes_cipher_top
Die area:                 ( 0 0 ) ( 2008060 2008060 )
Number of track patterns: 10
Number of DEF vias:       0
Number of components:     19683
Number of terminals:      390
Number of snets:          2
Number of nets:           18528

[INFO DRT-0167] List of default vias:
  Layer Via2
    default via: Via2_VH
  Layer Via3
    default via: Via3_HV
  Layer Via4
    default via: Via4_1_VH
[INFO DRT-0162] Library cell analysis.
[INFO DRT-0163] Instance analysis.
[INFO DRT-0164] Number of unique instances = 128.
[INFO DRT-0168] Init region query.
[INFO DRT-0024]   Complete Poly2.
[INFO DRT-0024]   Complete CON.
[INFO DRT-0024]   Complete Metal1.
[INFO DRT-0024]   Complete Via1.
[INFO DRT-0024]   Complete Metal2.
[INFO DRT-0024]   Complete Via2.
[INFO DRT-0024]   Complete Metal3.
[INFO DRT-0024]   Complete Via3.
[INFO DRT-0024]   Complete Metal4.
[INFO DRT-0024]   Complete Via4.
[INFO DRT-0024]   Complete Metal5.
[INFO DRT-0033] Poly2 shape region query size = 0.
[INFO DRT-0033] CON shape region query size = 0.
[INFO DRT-0033] Metal1 shape region query size = 456380.
[INFO DRT-0033] Via1 shape region query size = 43560.
[INFO DRT-0033] Metal2 shape region query size = 161172.
[INFO DRT-0033] Via2 shape region query size = 152460.
[INFO DRT-0033] Metal3 shape region query size = 305132.
[INFO DRT-0033] Via3 shape region query size = 152460.
[INFO DRT-0033] Metal4 shape region query size = 153164.
[INFO DRT-0033] Via4 shape region query size = 7744.
[INFO DRT-0033] Metal5 shape region query size = 528.
[INFO DRT-0165] Start pin access.
[INFO DRT-0078]   Complete 637 pins.
[INFO DRT-0079]   Complete 100 unique inst patterns.
[INFO DRT-0081]   Complete 124 unique inst patterns.
[INFO DRT-0082]   Complete 10000 groups.
[INFO DRT-0084]   Complete 11598 groups.
#scanned instances     = 19683
#unique  instances     = 128
#stdCellGenAp          = 4959
#stdCellValidPlanarAp  = 0
#stdCellValidViaAp     = 3138
#stdCellPinNoAp        = 0
#stdCellPinCnt         = 55460
#instTermValidViaApCnt = 0
#macroGenAp            = 0
#macroValidPlanarAp    = 0
#macroValidViaAp       = 0
#macroNoAp             = 0
[INFO DRT-0166] Complete pin access.
[INFO DRT-0267] cpu time = 00:02:24, elapsed time = 00:00:05, memory = 280.27 (MB), peak = 284.59 (MB)
Took 6 seconds: pin_access
global_route -congestion_report_file /tmp/workspace/scripts-Private_test-fr_cugr_cmp-2-/reports/gf180/aes/base/congestion.rpt -congestion_iterations 10 -congestion_report_iter_step 5 -verbose -use_cugr
[INFO GRT-0020] Min routing layer: Metal2
[INFO GRT-0021] Max routing layer: Metal5
[INFO GRT-0022] Global adjustment: 0%
[INFO GRT-0023] Grid origin: (0, 0)
[INFO GRT-0088] Layer Metal1  Track-Pitch = 0.5600  line-2-Via Pitch: 0.4750
[INFO GRT-0088] Layer Metal2  Track-Pitch = 0.5600  line-2-Via Pitch: 0.5600
[INFO GRT-0088] Layer Metal3  Track-Pitch = 0.5600  line-2-Via Pitch: 0.5600
[INFO GRT-0088] Layer Metal4  Track-Pitch = 0.5600  line-2-Via Pitch: 0.5600
[INFO GRT-0088] Layer Metal5  Track-Pitch = 0.9000  line-2-Via Pitch: 0.8200
[INFO GRT-0003] Macros: 0
[INFO GRT-0004] Blockages: 0
[INFO GRT-0019] Found 35 clock nets.
[INFO GRT-0001] Minimum degree: 2
[INFO GRT-0002] Maximum degree: 100
Design statistics
Nets:                18528
Special nets:        2
Routing layers:      5

[INFO GRT-0053] Routing resources analysis:
          Routing      Original      Derated      Resource
Layer     Direction    Resources     Resources    Reduction (%)
---------------------------------------------------------------
Metal1     Horizontal          0             0          0.00%
Metal2     Vertical       202489        151867          25.00%
Metal3     Horizontal     207527        155646          25.00%
Metal4     Vertical       164853        123640          25.00%
Metal5     Horizontal     117410         88058          25.00%
---------------------------------------------------------------

Stage 1: Pattern routing.
Stage 3: Pattern routing with detours.
Stage 4: Maze routing on sparsified graph.
Stage 5: Iterative rip-up and re-route.
[INFO GRT-0117] Start extra iteration 1/10
[WARNING GRT-0118] Iterative RRR finished with congestion remaining (9).
Routing statistics
Wire length:           2068181
Total via count:       106914
Total congestion:      9.09
Min resource:          -0.32
Bottleneck:            (3, 56, 117)
[INFO GRT-0130] CUGR congestion report:
Layer   Dir     Resource     Wire Dmd      Via Dmd    Total Dmd  Usage (%)   Wire Ovf    Via Ovf  Max Edge Ovf
--------------------------------------------------------------------------------------------------------------
Metal1    H         0.00         0.00         0.00         0.00       0.00       0.00       0.00          0.00
Metal2    V    151866.71     49212.50      6252.66     55465.16      36.52       0.00       0.00          0.00
Metal3    H    155645.55     54959.50      4703.34     59662.84      38.33       0.00       0.00          0.00
Metal4    V    123639.80     24646.00       867.44     25513.44      20.64       0.00       9.09          0.32
Metal5    H     88057.50      9111.00       253.58      9364.58      10.63       0.00       0.00          0.00
--------------------------------------------------------------------------------------------------------------
Total          519209.56    137929.00     12077.02    150006.02      28.89       0.00       9.09          0.32
[INFO GRT-0018] Total wirelength: 1581300 um
[INFO GRT-0014] Routed nets: 18528
[WARNING GRT-0115] Global routing finished with congestion. Check the congestion regions in the DRC Viewer.
[INFO GRT-0303] Global routing runtime = 00:00:05
Took 6 seconds: global_route -congestion_report_file /tmp/workspace/scripts-Private_test-fr_cugr_cmp-2-/reports/gf180/aes/base/congestion.rpt -congestion_iterations 10 -congestion_report_iter_step 5 -verbose -use_cugr
[WARNING STA-0450] virtual clock vclk_clk can not be propagated.
estimate_parasitics -global_routing
Perform buffer insertion and gate resizing...
repair_design -verbose
Iteration |   Area    | Resized | Buffers | Nets repaired | Remaining
---------------------------------------------------------------------
        0 |     +0.0% |       0 |       0 |             0 |     18555
     1000 |     +0.0% |       0 |       0 |             0 |     17555
     2000 |     +0.0% |       0 |       0 |             0 |     16555
     3000 |     +0.0% |       0 |       0 |             0 |     15555
     4000 |     +0.0% |       0 |       0 |             0 |     14555
     5000 |     +0.0% |       0 |       0 |             0 |     13555
     6000 |     +0.0% |       0 |       0 |             0 |     12555
     7000 |     +0.0% |       0 |       0 |             0 |     11555
     8000 |     +0.0% |       0 |       0 |             0 |     10555
     9000 |     +0.0% |       0 |       0 |             0 |      9555
    10000 |     +0.0% |       0 |       0 |             0 |      8555
    11000 |     +0.0% |       0 |       0 |             0 |      7555
    12000 |     +0.0% |       0 |       0 |             0 |      6555
    13000 |     +0.0% |       0 |       0 |             0 |      5555
    14000 |     +0.0% |       0 |       0 |             0 |      4555
    15000 |     +0.0% |       0 |       0 |             0 |      3555
    16000 |     +0.0% |       0 |       0 |             0 |      2555
    17000 |     +0.0% |       0 |       0 |             0 |      1555
    18000 |     +0.0% |       0 |       0 |             0 |       555
    final |     +0.0% |       0 |       0 |             0 |         0
---------------------------------------------------------------------
[INFO RSZ-0504] Runtime: 1.13s
global_route -start_incremental
detailed_placement
[INFO DPL-0006] Core area: 992482.85 um^2
[INFO DPL-0007] Movable instances area: 684310.64 um^2
[INFO DPL-0008] Fixed instances area within core: 7840.63 um^2
[INFO DPL-0009] Utilization: 69.7%
[INFO DPL-0005] Diamond search max displacement: +/- 500 sites horizontally, +/- 100 rows vertically.
[INFO DPL-1102] Legalizing using negotiation legalizer.
[INFO DPL-1103] Negotiation base search window: +/-20 sites horizontally, +/-5 rows vertically 
	Automatic search window extension enabled.
	Search window extendable up to the max displacement cap of +/-500 sites, +/-100 rows near walls.
[INFO DPL-1104] NegotiationLegalizer DRC penalty: 5.
[INFO DPL-0392] Negotiation cell height distribution (1 unique row-count(s)):
[INFO DPL-0393]   height 1 row(s): 19683 cells
[INFO DPL-0500] Runtime: 0.10s
Placement Analysis
---------------------------------
total displacement          0.0 u
average displacement        0.0 u
max displacement            0.0 u
original HPWL         1037619.4 u
legalized HPWL        1037619.4 u
delta HPWL                    0 %

global_route -end_incremental -congestion_report_file /tmp/workspace/scripts-Private_test-fr_cugr_cmp-2-/reports/gf180/aes/base/congestion_post_repair_design.rpt
[WARNING GRT-0115] Global routing finished with congestion. Check the congestion regions in the DRC Viewer.
Repair setup and hold violations...
estimate_parasitics -global_routing
repair_timing -setup_margin 0 -hold_margin 0 -repair_tns 100 -verbose
[INFO RSZ-0100] Repair move sequence: UnbufferMove SizeUpMove SwapPinsMove BufferMove CloneMove SplitLoadMove 
[INFO RSZ-0094] Found 161 endpoints with setup violations.
[INFO RSZ-0099] Repairing 161 out of 161 (100.00%) violating endpoints...
   Iter   | Removed | Resized | Inserted | Cloned |  Pin  |   Area   |    WNS   |   StTNS    |   EnTNS    |  Viol  |  Worst  
          | Buffers |  Gates  | Buffers  |  Gates | Swaps |          |          |            |            | Endpts | St/EnPt 
------------------------------------------------------------------------------------------------------------------------------
       0* |       0 |       0 |        0 |      0 |     0 |    +0.0% |   -0.872 |     -124.9 |     -107.3 |    161 | sa23_sr\[7\]$_DFF_P_/D
      10* |       0 |       3 |        3 |      0 |     4 |    +0.0% |   -0.790 |     -123.7 |     -106.8 |    161 | sa13_sr\[7\]$_DFF_P_/D
      20* |       0 |       7 |        4 |      0 |     9 |    +0.0% |   -0.813 |     -123.6 |     -107.3 |    161 | sa13_sr\[7\]$_DFF_P_/D
      30* |       0 |       9 |        7 |      0 |    14 |    +0.1% |   -0.823 |     -123.6 |     -107.2 |    161 | sa13_sr\[7\]$_DFF_P_/D
      40* |       0 |      13 |        9 |      0 |    18 |    +0.1% |   -0.767 |     -123.6 |     -106.8 |    161 | sa01_sr\[1\]$_DFF_P_/D
      50* |       0 |      15 |       13 |      0 |    23 |    +0.1% |   -0.786 |     -123.6 |     -106.6 |    161 | sa31_sr\[6\]$_DFF_P_/D
      60* |       0 |      19 |       15 |      0 |    27 |    +0.1% |   -0.787 |     -123.2 |     -106.2 |    161 | sa01_sr\[1\]$_DFF_P_/D
      70* |       0 |      23 |       18 |      0 |    30 |    +0.2% |   -0.807 |     -123.4 |     -107.1 |    161 | sa01_sr\[0\]$_DFF_P_/D
      80* |       0 |      29 |       21 |      0 |    31 |    +0.2% |   -0.768 |     -123.3 |     -106.9 |    161 | sa01_sr\[2\]$_DFF_P_/D
      90* |       0 |      30 |       26 |      0 |    35 |    +0.2% |   -0.802 |     -123.3 |     -107.2 |    161 | sa01_sr\[1\]$_DFF_P_/D
     100* |       0 |      31 |       27 |      0 |    43 |    +0.2% |   -0.852 |     -123.4 |     -107.4 |    161 | sa01_sr\[1\]$_DFF_P_/D
     106* |       0 |      18 |       14 |      0 |    25 |    +0.1% |   -0.749 |     -123.2 |     -106.1 |    161 | sa11_sr\[5\]$_DFF_P_/D
     110* |       0 |      18 |       14 |      0 |    28 |    +0.1% |   -0.749 |     -123.1 |     -106.1 |    161 | sa11_sr\[5\]$_DFF_P_/D
     120* |       0 |      20 |       18 |      0 |    33 |    +0.2% |   -0.749 |     -123.1 |     -106.0 |    161 | sa11_sr\[5\]$_DFF_P_/D
     130* |       0 |      22 |       21 |      0 |    38 |    +0.2% |   -0.749 |     -123.1 |     -105.9 |    161 | sa11_sr\[5\]$_DFF_P_/D
     140* |       0 |      25 |       25 |      0 |    42 |    +0.2% |   -0.749 |     -122.9 |     -105.9 |    161 | sa11_sr\[5\]$_DFF_P_/D
     143* |       0 |      25 |       25 |      0 |    41 |    +0.2% |   -0.749 |     -122.9 |     -105.9 |    161 | sa11_sr\[5\]$_DFF_P_/D
     150* |       0 |      29 |       26 |      0 |    42 |    +0.2% |   -0.760 |     -122.9 |     -106.2 |    161 | sa23_sr\[4\]$_DFF_P_/D
     160* |       0 |      31 |       30 |      0 |    47 |    +0.3% |   -0.749 |     -122.8 |     -105.8 |    161 | sa11_sr\[5\]$_DFF_P_/D
     170* |       0 |      37 |       30 |      0 |    51 |    +0.3% |   -0.749 |     -122.8 |     -105.9 |    161 | sa11_sr\[5\]$_DFF_P_/D
     180* |       0 |      41 |       34 |      0 |    54 |    +0.3% |   -0.749 |     -122.7 |     -105.6 |    161 | sa11_sr\[5\]$_DFF_P_/D
     190* |       0 |      45 |       34 |      0 |    60 |    +0.3% |   -0.749 |     -122.7 |     -105.6 |    161 | sa11_sr\[5\]$_DFF_P_/D
     200* |       0 |      51 |       34 |      0 |    64 |    +0.4% |   -0.749 |     -122.7 |     -105.6 |    161 | sa11_sr\[5\]$_DFF_P_/D
     210* |       0 |      57 |       35 |      0 |    67 |    +0.4% |   -0.749 |     -122.7 |     -105.5 |    161 | sa11_sr\[5\]$_DFF_P_/D
     220* |       0 |      62 |       37 |      0 |    70 |    +0.4% |   -0.749 |     -122.8 |     -105.6 |    161 | sa11_sr\[5\]$_DFF_P_/D
     230* |       0 |      65 |       37 |      0 |    77 |    +0.4% |   -0.749 |     -122.7 |     -105.6 |    161 | sa11_sr\[5\]$_DFF_P_/D
     240* |       0 |      74 |       37 |      0 |    78 |    +0.5% |   -0.749 |     -122.5 |     -105.2 |    161 | sa11_sr\[5\]$_DFF_P_/D
     250* |       0 |      81 |       38 |      0 |    80 |    +0.5% |   -0.749 |     -122.5 |     -105.2 |    161 | sa11_sr\[5\]$_DFF_P_/D
     260* |       0 |      84 |       40 |      0 |    85 |    +0.5% |   -0.749 |     -122.5 |     -105.5 |    161 | sa11_sr\[5\]$_DFF_P_/D
     264* |       0 |      79 |       38 |      0 |    79 |    +0.5% |   -0.749 |     -122.5 |     -105.1 |    161 | sa11_sr\[5\]$_DFF_P_/D
     270* |       0 |      79 |       39 |      0 |    83 |    +0.5% |   -0.749 |     -122.6 |     -105.2 |    161 | sa11_sr\[5\]$_DFF_P_/D
     280* |       0 |      84 |       40 |      0 |    87 |    +0.5% |   -0.750 |     -122.6 |     -105.2 |    161 | sa21_sr\[0\]$_DFF_P_/D
     290* |       0 |      85 |       42 |      0 |    94 |    +0.5% |   -0.792 |     -122.7 |     -105.8 |    161 | sa21_sr\[0\]$_DFF_P_/D
     300* |       0 |      88 |       43 |      0 |   100 |    +0.5% |   -0.810 |     -122.8 |     -106.0 |    161 | sa21_sr\[7\]$_DFF_P_/D
     304* |       0 |      84 |       40 |      0 |    86 |    +0.5% |   -0.749 |     -122.5 |     -105.2 |    161 | sa11_sr\[5\]$_DFF_P_/D
     310* |       0 |      86 |       42 |      0 |    87 |    +0.5% |   -0.775 |     -122.5 |     -105.4 |    161 | sa01_sr\[1\]$_DFF_P_/D
     320* |       1 |      88 |       47 |      0 |    89 |    +0.6% |   -0.771 |     -122.2 |     -105.6 |    161 | sa01_sr\[5\]$_DFF_P_/D
     330* |       1 |      95 |       47 |      0 |    92 |    +0.6% |   -0.781 |     -122.3 |     -105.8 |    161 | sa01_sr\[5\]$_DFF_P_/D
     340* |       1 |     101 |       49 |      0 |    94 |    +0.6% |   -0.773 |     -122.3 |     -105.9 |    161 | sa01_sr\[1\]$_DFF_P_/D
     350* |       1 |     107 |       50 |      0 |    97 |    +0.6% |   -0.762 |     -122.2 |     -105.7 |    161 | sa10_sr\[5\]$_DFF_P_/D
     357* |       0 |      84 |       41 |      0 |    87 |    +0.5% |   -0.749 |     -122.3 |     -105.2 |    161 | sa11_sr\[5\]$_DFF_P_/D
     360* |       0 |      85 |       41 |      0 |    88 |    +0.5% |   -0.749 |     -122.4 |     -105.3 |    161 | sa11_sr\[5\]$_DFF_P_/D
     370* |       0 |      89 |       41 |      0 |    94 |    +0.5% |   -0.749 |     -122.4 |     -105.4 |    161 | sa11_sr\[5\]$_DFF_P_/D
     370* |       0 |      86 |       41 |      0 |    88 |    +0.5% |   -0.749 |     -122.4 |     -105.3 |    161 | sa11_sr\[5\]$_DFF_P_/D
     380* |       0 |      87 |       44 |      0 |    94 |    +0.6% |   -0.749 |     -122.4 |     -105.5 |    161 | sa11_sr\[5\]$_DFF_P_/D
     390* |       0 |      91 |       45 |      0 |    99 |    +0.6% |   -0.800 |     -122.6 |     -106.4 |    161 | sa31_sr\[7\]$_DFF_P_/D
     400* |       0 |      96 |       46 |      0 |   103 |    +0.6% |   -0.833 |     -122.6 |     -107.0 |    161 | sa31_sr\[6\]$_DFF_P_/D
     407* |       0 |      86 |       43 |      0 |    91 |    +0.5% |   -0.749 |     -122.3 |     -105.4 |    161 | sa11_sr\[5\]$_DFF_P_/D
     410* |       0 |      86 |       44 |      0 |    92 |    +0.6% |   -0.749 |     -122.1 |     -105.2 |    161 | sa11_sr\[5\]$_DFF_P_/D
     420* |       0 |      87 |       45 |      0 |   100 |    +0.6% |   -0.749 |     -122.1 |     -105.2 |    161 | sa11_sr\[5\]$_DFF_P_/D
     430* |       0 |      91 |       45 |      0 |   106 |    +0.6% |   -0.749 |     -122.0 |     -105.2 |    161 | sa11_sr\[5\]$_DFF_P_/D
     437* |       0 |      90 |       45 |      0 |   105 |    +0.6% |   -0.749 |     -121.9 |     -105.2 |    161 | sa11_sr\[5\]$_DFF_P_/D
     440* |       0 |      90 |       45 |      0 |   107 |    +0.6% |   -0.749 |     -121.9 |     -105.2 |    161 | sa11_sr\[5\]$_DFF_P_/D
     450* |       0 |      93 |       46 |      0 |   113 |    +0.6% |   -0.749 |     -121.9 |     -105.3 |    161 | sa11_sr\[5\]$_DFF_P_/D
     458* |       0 |      93 |       46 |      0 |   110 |    +0.6% |   -0.749 |     -121.9 |     -105.2 |    161 | sa11_sr\[5\]$_DFF_P_/D
     460* |       0 |      93 |       47 |      0 |   110 |    +0.6% |   -0.749 |     -121.9 |     -105.2 |    161 | sa11_sr\[5\]$_DFF_P_/D
     470* |       1 |      95 |       51 |      0 |   113 |    +0.6% |   -0.749 |     -122.3 |     -105.5 |    161 | sa11_sr\[5\]$_DFF_P_/D
     479* |       1 |      96 |       52 |      0 |   117 |    +0.6% |   -0.749 |     -122.4 |     -105.4 |    161 | sa11_sr\[5\]$_DFF_P_/D
     480* |       1 |      96 |       52 |      0 |   117 |    +0.6% |   -0.749 |     -122.4 |     -105.4 |    161 | sa11_sr\[5\]$_DFF_P_/D
     490* |       1 |      98 |       53 |      0 |   124 |    +0.6% |   -0.761 |     -122.4 |     -105.7 |    161 | sa13_sr\[5\]$_DFF_P_/D
     500* |       1 |     103 |       55 |      0 |   127 |    +0.7% |   -0.763 |     -122.4 |     -105.7 |    161 | sa13_sr\[5\]$_DFF_P_/D
     510* |       1 |     107 |       55 |      0 |   133 |    +0.7% |   -0.755 |     -122.4 |     -105.9 |    161 | sa13_sr\[3\]$_DFF_P_/D
     511* |       1 |      96 |       52 |      0 |   117 |    +0.6% |   -0.749 |     -122.4 |     -105.4 |    161 | sa11_sr\[5\]$_DFF_P_/D
     520* |       1 |     102 |       53 |      0 |   118 |    +0.6% |   -0.749 |     -122.2 |     -105.4 |    161 | sa01_sr\[1\]$_DFF_P_/D
     530* |       1 |     108 |       53 |      0 |   122 |    +0.7% |   -0.760 |     -122.3 |     -105.4 |    161 | sa11_sr\[4\]$_DFF_P_/D
     540* |       1 |     115 |       54 |      0 |   124 |    +0.7% |   -0.757 |     -122.0 |     -105.3 |    161 | sa11_sr\[4\]$_DFF_P_/D
     550* |       1 |     117 |       58 |      0 |   128 |    +0.7% |   -0.772 |     -122.2 |     -105.7 |    161 | sa11_sr\[1\]$_DFF_P_/D
     560* |       1 |     120 |       61 |      0 |   134 |    +0.7% |   -0.763 |     -122.1 |     -105.7 |    161 | sa11_sr\[0\]$_DFF_P_/D
     570* |       1 |     124 |       62 |      0 |   139 |    +0.8% |   -0.763 |     -122.1 |     -105.7 |    161 | sa11_sr\[3\]$_DFF_P_/D
     579* |       1 |     108 |       53 |      0 |   121 |    +0.7% |   -0.749 |     -122.2 |     -105.3 |    161 | sa01_sr\[1\]$_DFF_P_/D
     580* |       1 |     108 |       53 |      0 |   121 |    +0.7% |   -0.749 |     -122.2 |     -105.3 |    161 | sa01_sr\[1\]$_DFF_P_/D
     590* |       1 |     110 |       57 |      2 |   123 |    +0.7% |   -0.749 |     -122.1 |     -105.3 |    161 | sa01_sr\[1\]$_DFF_P_/D
     600* |       1 |     116 |       59 |      2 |   125 |    +0.7% |   -0.749 |     -121.9 |     -105.1 |    161 | sa01_sr\[1\]$_DFF_P_/D
     610* |       1 |     122 |       61 |      2 |   127 |    +0.8% |   -0.749 |     -121.9 |     -105.1 |    161 | sa01_sr\[1\]$_DFF_P_/D
     620* |       1 |     126 |       65 |      2 |   131 |    +0.8% |   -0.749 |     -121.9 |     -105.2 |    161 | sa01_sr\[1\]$_DFF_P_/D
     630* |       1 |     126 |       69 |      2 |   137 |    +0.8% |   -0.749 |     -121.9 |     -105.2 |    161 | sa01_sr\[1\]$_DFF_P_/D
     640* |       1 |     128 |       73 |      3 |   141 |    +0.9% |   -0.749 |     -121.8 |     -105.2 |    161 | sa01_sr\[1\]$_DFF_P_/D
     650* |       1 |     132 |       77 |      4 |   144 |    +0.9% |   -0.749 |     -121.8 |     -105.2 |    161 | sa01_sr\[1\]$_DFF_P_/D
     660* |       1 |     138 |       77 |      4 |   148 |    +0.9% |   -0.749 |     -121.9 |     -105.2 |    161 | sa01_sr\[1\]$_DFF_P_/D
     670* |       2 |     140 |       78 |      4 |   154 |    +0.9% |   -0.749 |     -121.9 |     -105.3 |    161 | sa01_sr\[1\]$_DFF_P_/D
     680* |       2 |     146 |       79 |      4 |   157 |    +1.0% |   -0.749 |     -121.9 |     -105.1 |    161 | sa01_sr\[1\]$_DFF_P_/D
     684* |       1 |     138 |       77 |      4 |   148 |    +0.9% |   -0.749 |     -121.9 |     -105.2 |    161 | sa01_sr\[1\]$_DFF_P_/D
     690* |       1 |     139 |       79 |      4 |   150 |    +0.9% |   -0.749 |     -121.9 |     -105.2 |    161 | sa01_sr\[1\]$_DFF_P_/D
     700* |       2 |     144 |       80 |      4 |   153 |    +1.0% |   -0.745 |     -121.7 |     -105.3 |    161 | sa02_sr\[3\]$_DFF_P_/D
     710* |       2 |     147 |       82 |      4 |   159 |    +1.0% |   -0.756 |     -121.7 |     -105.4 |    161 | sa10_sr\[5\]$_DFF_P_/D
     720* |       2 |     156 |       82 |      4 |   160 |    +1.0% |   -0.762 |     -121.7 |     -105.6 |    161 | sa10_sr\[5\]$_DFF_P_/D
     730* |       2 |     161 |       83 |      4 |   164 |    +1.0% |   -0.762 |     -121.6 |     -106.1 |    161 | sa10_sr\[5\]$_DFF_P_/D
     740* |       2 |     166 |       83 |      4 |   169 |    +1.0% |   -0.762 |     -121.7 |     -106.1 |    161 | sa10_sr\[5\]$_DFF_P_/D
     749* |       2 |     143 |       80 |      4 |   153 |    +1.0% |   -0.745 |     -121.7 |     -105.3 |    161 | sa02_sr\[3\]$_DFF_P_/D
     750* |       2 |     143 |       80 |      4 |   153 |    +1.0% |   -0.745 |     -121.7 |     -105.3 |    161 | sa02_sr\[3\]$_DFF_P_/D
     760* |       2 |     144 |       85 |      4 |   157 |    +1.0% |   -0.743 |     -121.6 |     -105.1 |    161 | sa01_sr\[1\]$_DFF_P_/D
     770* |       2 |     146 |       89 |      4 |   162 |    +1.0% |   -0.743 |     -121.6 |     -105.1 |    161 | sa01_sr\[1\]$_DFF_P_/D
     780* |       2 |     149 |       90 |      4 |   168 |    +1.0% |   -0.743 |     -121.6 |     -104.8 |    161 | sa01_sr\[1\]$_DFF_P_/D
     790* |       3 |     152 |       93 |      4 |   172 |    +1.1% |   -0.743 |     -121.5 |     -104.7 |    161 | sa01_sr\[1\]$_DFF_P_/D
     800* |       4 |     155 |       96 |      4 |   176 |    +1.1% |   -0.743 |     -121.5 |     -104.6 |    161 | sa01_sr\[1\]$_DFF_P_/D
     810* |       5 |     161 |       97 |      4 |   178 |    +1.1% |   -0.816 |     -121.6 |     -105.5 |    161 | sa11_sr\[4\]$_DFF_P_/D
     820* |       5 |     164 |       99 |      4 |   184 |    +1.1% |   -0.784 |     -121.6 |     -104.9 |    161 | sa11_sr\[4\]$_DFF_P_/D
     830* |       5 |     167 |      101 |      4 |   189 |    +1.1% |   -0.784 |     -121.5 |     -104.9 |    161 | sa11_sr\[4\]$_DFF_P_/D
     832* |       5 |     156 |       96 |      4 |   178 |    +1.1% |   -0.743 |     -121.5 |     -104.6 |    161 | sa01_sr\[1\]$_DFF_P_/D
     840* |       5 |     159 |       97 |      4 |   181 |    +1.1% |   -0.743 |     -121.5 |     -104.6 |    161 | sa01_sr\[1\]$_DFF_P_/D
     847* |       5 |     157 |       96 |      4 |   178 |    +1.1% |   -0.743 |     -121.4 |     -104.6 |    161 | sa01_sr\[1\]$_DFF_P_/D
     850* |       5 |     158 |       96 |      4 |   179 |    +1.1% |   -0.743 |     -121.4 |     -104.6 |    161 | sa01_sr\[1\]$_DFF_P_/D
     860* |       5 |     161 |      102 |      4 |   183 |    +1.1% |   -0.743 |     -121.3 |     -104.4 |    161 | sa01_sr\[1\]$_DFF_P_/D
     870* |       5 |     166 |      105 |      4 |   185 |    +1.2% |   -0.743 |     -121.5 |     -104.5 |    161 | sa01_sr\[1\]$_DFF_P_/D
     880* |       5 |     171 |      106 |      5 |   188 |    +1.2% |   -0.743 |     -121.7 |     -104.9 |    161 | sa01_sr\[1\]$_DFF_P_/D
     890* |       5 |     176 |      107 |      5 |   192 |    +1.2% |   -0.787 |     -121.8 |     -105.0 |    161 | sa12_sr\[4\]$_DFF_P_/D
     900* |       5 |     181 |      107 |      5 |   197 |    +1.2% |   -0.772 |     -121.8 |     -104.9 |    161 | sa12_sr\[4\]$_DFF_P_/D
     910* |       5 |     189 |      108 |      5 |   198 |    +1.3% |   -0.743 |     -121.7 |     -104.6 |    161 | sa01_sr\[1\]$_DFF_P_/D
     920* |       5 |     191 |      114 |      5 |   201 |    +1.3% |   -0.743 |     -121.8 |     -104.6 |    161 | sa01_sr\[1\]$_DFF_P_/D
     930* |       5 |     193 |      118 |      5 |   206 |    +1.4% |   -0.743 |     -121.8 |     -104.6 |    161 | sa01_sr\[1\]$_DFF_P_/D
     940* |       5 |     197 |      121 |      5 |   210 |    +1.4% |   -0.743 |     -121.8 |     -104.7 |    161 | sa01_sr\[1\]$_DFF_P_/D
     950* |       5 |     204 |      122 |      5 |   212 |    +1.4% |   -0.743 |     -121.9 |     -104.7 |    161 | sa01_sr\[1\]$_DFF_P_/D
     960* |       5 |     208 |      124 |      5 |   216 |    +1.4% |   -0.743 |     -121.9 |     -104.7 |    161 | sa01_sr\[1\]$_DFF_P_/D
     970* |       5 |     213 |      124 |      5 |   221 |    +1.5% |   -0.743 |     -121.8 |     -104.7 |    161 | sa01_sr\[1\]$_DFF_P_/D
     978* |       5 |     216 |      124 |      5 |   226 |    +1.5% |   -0.743 |     -121.9 |     -104.6 |    161 | sa01_sr\[1\]$_DFF_P_/D
     980* |       5 |     216 |      124 |      5 |   227 |    +1.5% |   -0.743 |     -121.9 |     -104.6 |    161 | sa01_sr\[1\]$_DFF_P_/D
     990* |       5 |     221 |      128 |      5 |   229 |    +1.5% |   -0.756 |     -122.0 |     -104.8 |    161 | sa31_sr\[7\]$_DFF_P_/D
     994* |       5 |     220 |      125 |      5 |   228 |    +1.5% |   -0.743 |     -121.9 |     -104.6 |    161 | sa01_sr\[1\]$_DFF_P_/D
    1000* |       5 |     222 |      125 |      5 |   231 |    +1.5% |   -0.743 |     -121.9 |     -104.5 |    161 | sa01_sr\[1\]$_DFF_P_/D
    1010* |       5 |     224 |      128 |      5 |   237 |    +1.5% |   -0.755 |     -122.0 |     -104.7 |    161 | sa01_sr\[4\]$_DFF_P_/D
    1020* |       5 |     233 |      128 |      5 |   238 |    +1.5% |   -0.756 |     -121.9 |     -104.6 |    161 | sa10_sr\[5\]$_DFF_P_/D
    1030* |       5 |     238 |      130 |      5 |   241 |    +1.6% |   -0.756 |     -121.9 |     -104.6 |    161 | sa10_sr\[5\]$_DFF_P_/D
    1030* |       5 |     220 |      125 |      5 |   228 |    +1.5% |   -0.743 |     -121.9 |     -104.6 |    161 | sa01_sr\[1\]$_DFF_P_/D
    1040* |       5 |     225 |      126 |      5 |   231 |    +1.5% |   -0.743 |     -121.8 |     -104.5 |    161 | sa01_sr\[1\]$_DFF_P_/D
    1050* |       5 |     232 |      128 |      5 |   232 |    +1.5% |   -0.765 |     -121.9 |     -104.8 |    161 | sa11_sr\[4\]$_DFF_P_/D
    1060* |       5 |     238 |      130 |      5 |   234 |    +1.5% |   -0.811 |     -121.7 |     -105.4 |    161 | sa11_sr\[4\]$_DFF_P_/D
    1070* |       5 |     242 |      130 |      5 |   240 |    +1.6% |   -0.795 |     -121.8 |     -105.5 |    161 | sa11_sr\[4\]$_DFF_P_/D
    1071* |       5 |     223 |      126 |      5 |   229 |    +1.5% |   -0.743 |     -121.8 |     -104.5 |    161 | sa01_sr\[1\]$_DFF_P_/D
    1080* |       5 |     225 |      128 |      6 |   233 |    +1.5% |   -0.781 |     -122.2 |     -104.8 |    161 | sa31_sr\[7\]$_DFF_P_/D
    1090* |       5 |     228 |      133 |      6 |   237 |    +1.6% |   -0.762 |     -122.0 |     -104.7 |    161 | sa31_sr\[7\]$_DFF_P_/D
    1092* |       5 |     225 |      130 |      6 |   233 |    +1.5% |   -0.743 |     -122.0 |     -104.5 |    161 | sa01_sr\[1\]$_DFF_P_/D
    1100* |       5 |     228 |      134 |      6 |   234 |    +1.6% |   -0.816 |     -122.0 |     -105.4 |    161 | sa11_sr\[4\]$_DFF_P_/D
    1100* |       5 |     225 |      132 |      6 |   233 |    +1.5% |   -0.743 |     -121.9 |     -104.4 |    161 | sa01_sr\[1\]$_DFF_P_/D
    1110* |       5 |     228 |      135 |      6 |   236 |    +1.6% |   -0.743 |     -121.8 |     -104.3 |    161 | sa01_sr\[1\]$_DFF_P_/D
    1120* |       5 |     229 |      136 |      6 |   244 |    +1.6% |   -0.743 |     -121.9 |     -104.4 |    161 | sa01_sr\[1\]$_DFF_P_/D
    1126* |       5 |     229 |      136 |      6 |   241 |    +1.6% |   -0.743 |     -121.8 |     -104.4 |    161 | sa01_sr\[1\]$_DFF_P_/D
    1130* |       5 |     231 |      138 |      6 |   241 |    +1.6% |   -0.743 |     -121.8 |     -104.4 |    161 | sa01_sr\[1\]$_DFF_P_/D
    1140* |       5 |     236 |      140 |      6 |   244 |    +1.6% |   -0.743 |     -121.8 |     -104.0 |    161 | sa01_sr\[1\]$_DFF_P_/D
    1150* |       5 |     238 |      143 |      7 |   249 |    +1.7% |   -0.743 |     -121.8 |     -104.0 |    161 | sa01_sr\[1\]$_DFF_P_/D
    1160* |       5 |     243 |      144 |      7 |   253 |    +1.7% |   -0.743 |     -121.8 |     -104.1 |    161 | sa01_sr\[1\]$_DFF_P_/D
    1170* |       5 |     246 |      148 |      7 |   256 |    +1.7% |   -0.743 |     -121.8 |     -104.2 |    161 | sa01_sr\[1\]$_DFF_P_/D
    1171* |       5 |     236 |      140 |      6 |   245 |    +1.6% |   -0.743 |     -121.8 |     -104.0 |    161 | sa01_sr\[1\]$_DFF_P_/D
    1180* |       5 |     240 |      141 |      6 |   248 |    +1.6% |   -0.743 |     -121.7 |     -103.9 |    161 | sa01_sr\[1\]$_DFF_P_/D
    1190* |       5 |     246 |      143 |      6 |   250 |    +1.7% |   -0.819 |     -121.9 |     -105.1 |    161 | sa11_sr\[1\]$_DFF_P_/D
    1200* |       5 |     255 |      144 |      6 |   250 |    +1.7% |   -0.822 |     -122.0 |     -105.0 |    161 | sa11_sr\[1\]$_DFF_P_/D
    1210* |       5 |     258 |      146 |      6 |   255 |    +1.7% |   -0.803 |     -121.9 |     -104.9 |    161 | sa11_sr\[1\]$_DFF_P_/D
    1212* |       5 |     240 |      141 |      6 |   248 |    +1.6% |   -0.743 |     -121.7 |     -103.9 |    161 | sa01_sr\[1\]$_DFF_P_/D
    1220* |       5 |     243 |      141 |      6 |   252 |    +1.6% |   -0.743 |     -121.7 |     -103.9 |    161 | sa01_sr\[1\]$_DFF_P_/D
    1230* |       5 |     249 |      142 |      6 |   255 |    +1.7% |   -0.743 |     -121.6 |     -103.9 |    161 | sa01_sr\[1\]$_DFF_P_/D
    1240* |       5 |     253 |      143 |      6 |   260 |    +1.7% |   -0.743 |     -121.0 |     -103.8 |    161 | sa01_sr\[1\]$_DFF_P_/D
    1250* |       6 |     257 |      145 |      6 |   263 |    +1.7% |   -0.743 |     -121.1 |     -103.8 |    161 | sa01_sr\[1\]$_DFF_P_/D
    1260* |       6 |     258 |      150 |      6 |   268 |    +1.7% |   -0.743 |     -121.5 |     -104.0 |    161 | sa01_sr\[1\]$_DFF_P_/D
    1270* |       6 |     263 |      151 |      6 |   272 |    +1.7% |   -0.799 |     -121.6 |     -104.4 |    161 | u0.u1.d\[5\]$_DFF_P_/D
    1275* |       6 |     255 |      144 |      6 |   261 |    +1.7% |   -0.743 |     -120.8 |     -103.8 |    161 | sa01_sr\[1\]$_DFF_P_/D
    1280* |       6 |     259 |      144 |      6 |   261 |    +1.7% |   -0.743 |     -120.8 |     -103.8 |    161 | sa01_sr\[1\]$_DFF_P_/D
    1290* |       6 |     266 |      145 |      6 |   263 |    +1.7% |   -0.743 |     -120.8 |     -103.9 |    161 | sa01_sr\[1\]$_DFF_P_/D
    1300* |       6 |     272 |      146 |      6 |   266 |    +1.7% |   -0.743 |     -120.7 |     -104.2 |    161 | sa01_sr\[1\]$_DFF_P_/D
    1310* |       6 |     277 |      146 |      6 |   271 |    +1.8% |   -0.743 |     -120.7 |     -104.2 |    161 | sa01_sr\[1\]$_DFF_P_/D
    1320* |       6 |     281 |      148 |      6 |   275 |    +1.8% |   -0.748 |     -120.8 |     -104.4 |    161 | sa01_sr\[1\]$_DFF_P_/D
    1325* |       6 |     266 |      144 |      6 |   263 |    +1.7% |   -0.743 |     -120.8 |     -103.8 |    161 | sa01_sr\[1\]$_DFF_P_/D
    1330* |       6 |     267 |      145 |      6 |   265 |    +1.7% |   -0.743 |     -120.9 |     -103.9 |    161 | sa01_sr\[1\]$_DFF_P_/D
    1340* |       6 |     273 |      146 |      6 |   268 |    +1.7% |   -0.759 |     -120.8 |     -104.0 |    161 | sa13_sr\[4\]$_DFF_P_/D
    1350* |       6 |     277 |      147 |      6 |   273 |    +1.8% |   -0.773 |     -120.9 |     -104.2 |    161 | sa13_sr\[4\]$_DFF_P_/D
    1354* |       6 |     269 |      146 |      6 |   267 |    +1.7% |   -0.743 |     -120.6 |     -103.8 |    161 | sa01_sr\[1\]$_DFF_P_/D
    1360* |       6 |     272 |      148 |      6 |   268 |    +1.7% |   -0.743 |     -120.6 |     -103.7 |    161 | sa01_sr\[1\]$_DFF_P_/D
    1370* |       7 |     274 |      150 |      6 |   273 |    +1.8% |   -0.743 |     -120.6 |     -103.7 |    161 | sa01_sr\[1\]$_DFF_P_/D
    1380* |       7 |     279 |      151 |      7 |   276 |    +1.8% |   -0.743 |     -120.5 |     -103.7 |    161 | sa01_sr\[1\]$_DFF_P_/D
    1390* |       7 |     284 |      152 |      7 |   280 |    +1.8% |   -0.743 |     -120.4 |     -103.7 |    161 | sa01_sr\[1\]$_DFF_P_/D
    1400* |       7 |     291 |      152 |      7 |   283 |    +1.8% |   -0.743 |     -120.4 |     -103.6 |    161 | sa01_sr\[1\]$_DFF_P_/D
    1404* |       7 |     292 |      152 |      7 |   283 |    +1.8% |   -0.743 |     -120.4 |     -103.6 |    161 | sa01_sr\[1\]$_DFF_P_/D
    1410* |       7 |     294 |      153 |      7 |   285 |    +1.8% |   -0.743 |     -120.3 |     -103.5 |    161 | sa01_sr\[1\]$_DFF_P_/D
    1420* |       7 |     298 |      156 |      7 |   288 |    +1.9% |   -0.751 |     -120.4 |     -103.8 |    161 | sa03_sr\[7\]$_DFF_P_/D
    1430* |       7 |     299 |      162 |      7 |   292 |    +1.9% |   -0.749 |     -120.3 |     -103.7 |    161 | sa03_sr\[7\]$_DFF_P_/D
    1440* |       7 |     302 |      165 |      7 |   297 |    +2.0% |   -0.743 |     -120.2 |     -103.3 |    161 | sa01_sr\[1\]$_DFF_P_/D
    1450* |       7 |     306 |      166 |      7 |   302 |    +2.0% |   -0.743 |     -120.2 |     -103.4 |    161 | sa01_sr\[1\]$_DFF_P_/D
    1460* |       7 |     308 |      167 |      7 |   309 |    +2.0% |   -0.743 |     -120.2 |     -103.2 |    161 | sa01_sr\[1\]$_DFF_P_/D
    1468* |       7 |     309 |      169 |      7 |   312 |    +2.0% |   -0.743 |     -120.2 |     -103.2 |    161 | sa01_sr\[1\]$_DFF_P_/D
    1470* |       7 |     310 |      169 |      7 |   312 |    +2.0% |   -0.743 |     -120.1 |     -103.3 |    161 | sa01_sr\[1\]$_DFF_P_/D
    1480* |       7 |     318 |      173 |      7 |   312 |    +2.1% |   -0.743 |     -120.2 |     -103.2 |    161 | sa01_sr\[1\]$_DFF_P_/D
    1490* |       7 |     323 |      173 |      7 |   317 |    +2.1% |   -0.743 |     -120.1 |     -103.1 |    161 | sa01_sr\[1\]$_DFF_P_/D
    1500* |       7 |     326 |      174 |      7 |   323 |    +2.1% |   -0.743 |     -120.3 |     -103.3 |    161 | sa01_sr\[1\]$_DFF_P_/D
    1502* |       7 |     320 |      173 |      7 |   313 |    +2.1% |   -0.743 |     -120.1 |     -103.2 |    161 | sa01_sr\[1\]$_DFF_P_/D
    1510* |       7 |     324 |      173 |      7 |   316 |    +2.1% |   -0.743 |     -120.1 |     -103.1 |    161 | sa01_sr\[1\]$_DFF_P_/D
    1520* |       7 |     327 |      176 |      8 |   320 |    +2.1% |   -0.743 |     -120.1 |     -103.1 |    161 | sa01_sr\[1\]$_DFF_P_/D
    1530* |       7 |     331 |      178 |      8 |   324 |    +2.1% |   -0.743 |     -120.1 |     -102.9 |    161 | sa01_sr\[1\]$_DFF_P_/D
    1540* |       7 |     336 |      179 |      8 |   328 |    +2.2% |   -0.743 |     -120.1 |     -103.0 |    161 | sa01_sr\[1\]$_DFF_P_/D
    1550* |       7 |     342 |      179 |      8 |   332 |    +2.2% |   -0.743 |     -120.0 |     -103.0 |    161 | sa01_sr\[1\]$_DFF_P_/D
    1554* |       7 |     337 |      179 |      8 |   330 |    +2.2% |   -0.743 |     -120.0 |     -103.0 |    161 | sa01_sr\[1\]$_DFF_P_/D
    1560* |       7 |     340 |      180 |      8 |   331 |    +2.2% |   -0.755 |     -120.1 |     -103.4 |    161 | sa13_sr\[3\]$_DFF_P_/D
    1570* |       7 |     346 |      182 |      8 |   334 |    +2.2% |   -0.743 |     -120.1 |     -103.2 |    161 | sa01_sr\[1\]$_DFF_P_/D
    1580* |       7 |     352 |      183 |      9 |   336 |    +2.2% |   -0.743 |     -120.1 |     -103.2 |    161 | sa01_sr\[1\]$_DFF_P_/D
    1589* |       7 |     344 |      182 |      8 |   333 |    +2.2% |   -0.743 |     -120.1 |     -103.3 |    161 | sa01_sr\[1\]$_DFF_P_/D
    1590* |       7 |     344 |      182 |      8 |   333 |    +2.2% |   -0.743 |     -120.1 |     -103.3 |    161 | sa01_sr\[1\]$_DFF_P_/D
    1600* |       7 |     348 |      189 |      8 |   334 |    +2.3% |   -0.833 |     -120.6 |     -104.4 |    161 | sa11_sr\[5\]$_DFF_P_/D
    1600* |       7 |     344 |      182 |      8 |   333 |    +2.2% |   -0.743 |     -120.1 |     -103.3 |    161 | sa01_sr\[1\]$_DFF_P_/D
    1610* |       7 |     350 |      183 |      8 |   335 |    +2.2% |   -0.743 |     -120.1 |     -103.1 |    161 | sa01_sr\[1\]$_DFF_P_/D
    1620* |       7 |     357 |      186 |      8 |   336 |    +2.3% |   -0.743 |     -120.0 |     -103.0 |    161 | sa01_sr\[1\]$_DFF_P_/D
    1630* |       7 |     362 |      187 |      9 |   339 |    +2.3% |   -0.743 |     -120.1 |     -103.1 |    161 | sa01_sr\[1\]$_DFF_P_/D
    1640* |       7 |     368 |      188 |      9 |   342 |    +2.3% |   -0.743 |     -120.1 |     -103.1 |    161 | sa01_sr\[1\]$_DFF_P_/D
    1650* |       7 |     372 |      188 |      9 |   348 |    +2.3% |   -0.743 |     -120.1 |     -103.1 |    161 | sa01_sr\[1\]$_DFF_P_/D
    1660* |       7 |     379 |      190 |      9 |   349 |    +2.3% |   -0.793 |     -120.2 |     -104.5 |    161 | sa11_sr\[2\]$_DFF_P_/D
    1666* |       7 |     368 |      188 |      9 |   343 |    +2.3% |   -0.743 |     -120.1 |     -103.1 |    161 | sa01_sr\[1\]$_DFF_P_/D
    1670* |       7 |     368 |      190 |      9 |   344 |    +2.3% |   -0.743 |     -120.1 |     -103.1 |    161 | sa01_sr\[1\]$_DFF_P_/D
    1680* |       7 |     372 |      191 |      9 |   349 |    +2.3% |   -0.789 |     -120.1 |     -104.1 |    161 | sa11_sr\[2\]$_DFF_P_/D
    1681* |       7 |     368 |      190 |      9 |   345 |    +2.3% |   -0.743 |     -120.1 |     -103.1 |    161 | sa01_sr\[1\]$_DFF_P_/D
    1690* |       7 |     373 |      193 |      9 |   346 |    +2.3% |   -0.793 |     -120.2 |     -104.5 |    161 | sa11_sr\[1\]$_DFF_P_/D
    1700* |       7 |     379 |      193 |      9 |   350 |    +2.4% |   -0.793 |     -120.2 |     -104.6 |    161 | sa11_sr\[1\]$_DFF_P_/D
    1700* |       7 |     368 |      192 |      9 |   346 |    +2.3% |   -0.743 |     -120.1 |     -103.1 |    161 | sa01_sr\[1\]$_DFF_P_/D
    1700* |       7 |     368 |      192 |      9 |   346 |    +2.3% |   -0.743 |     -120.1 |     -103.1 |    161 | sa01_sr\[1\]$_DFF_P_/D
    1700+ |       7 |     368 |      192 |      9 |   346 |    +2.3% |   -0.743 |     -120.1 |     -103.1 |    161 | sa01_sr\[1\]$_DFF_P_/D
    1701+ |       7 |     368 |      192 |      9 |   346 |    +2.3% |   -0.743 |     -120.1 |     -103.1 |    161 | sa01_sr\[1\]$_DFF_P_/D
    1702+ |       7 |     368 |      192 |      9 |   346 |    +2.3% |   -0.743 |     -120.1 |     -103.1 |    161 | sa01_sr\[1\]$_DFF_P_/D
    1704+ |       7 |     369 |      192 |      9 |   346 |    +2.3% |   -0.743 |     -120.0 |     -103.1 |    161 | sa01_sr\[1\]$_DFF_P_/D
    1705+ |       7 |     369 |      192 |      9 |   346 |    +2.3% |   -0.743 |     -120.0 |     -103.1 |    161 | sa01_sr\[1\]$_DFF_P_/D
    1706+ |       7 |     369 |      192 |      9 |   346 |    +2.3% |   -0.743 |     -120.0 |     -103.1 |    161 | sa01_sr\[1\]$_DFF_P_/D
    1707+ |       7 |     369 |      192 |      9 |   346 |    +2.3% |   -0.743 |     -120.0 |     -103.1 |    161 | sa01_sr\[1\]$_DFF_P_/D
    1710+ |       7 |     369 |      192 |      9 |   348 |    +2.3% |   -0.743 |     -120.1 |     -103.0 |    161 | sa01_sr\[1\]$_DFF_P_/D
    1710+ |       7 |     369 |      192 |      9 |   348 |    +2.3% |   -0.743 |     -120.1 |     -103.0 |    161 | sa01_sr\[1\]$_DFF_P_/D
    1711+ |       7 |     369 |      192 |      9 |   348 |    +2.3% |   -0.743 |     -120.1 |     -103.0 |    161 | sa01_sr\[1\]$_DFF_P_/D
    1717+ |       7 |     372 |      192 |      9 |   350 |    +2.3% |   -0.743 |     -120.1 |     -103.0 |    161 | sa01_sr\[1\]$_DFF_P_/D
    1719+ |       7 |     373 |      192 |      9 |   350 |    +2.3% |   -0.743 |     -120.0 |     -103.0 |    161 | sa01_sr\[1\]$_DFF_P_/D
    1720+ |       7 |     373 |      192 |      9 |   350 |    +2.3% |   -0.743 |     -120.0 |     -103.0 |    161 | sa01_sr\[1\]$_DFF_P_/D
    1720+ |       7 |     373 |      192 |      9 |   350 |    +2.3% |   -0.743 |     -120.0 |     -103.0 |    161 | sa01_sr\[1\]$_DFF_P_/D
    1721+ |       7 |     373 |      192 |      9 |   350 |    +2.3% |   -0.743 |     -120.0 |     -103.0 |    161 | sa01_sr\[1\]$_DFF_P_/D
    1722+ |       7 |     373 |      192 |      9 |   350 |    +2.3% |   -0.743 |     -120.0 |     -103.0 |    161 | sa01_sr\[1\]$_DFF_P_/D
    1723+ |       7 |     373 |      192 |      9 |   350 |    +2.3% |   -0.743 |     -120.0 |     -103.0 |    161 | sa01_sr\[1\]$_DFF_P_/D
    1726+ |       7 |     374 |      192 |      9 |   351 |    +2.4% |   -0.743 |     -119.6 |     -102.9 |    161 | sa01_sr\[1\]$_DFF_P_/D
    1727+ |       7 |     374 |      192 |      9 |   351 |    +2.4% |   -0.743 |     -119.6 |     -102.9 |    161 | sa01_sr\[1\]$_DFF_P_/D
    1728+ |       7 |     374 |      192 |      9 |   351 |    +2.4% |   -0.743 |     -119.6 |     -102.9 |    161 | sa01_sr\[1\]$_DFF_P_/D
    1729+ |       7 |     374 |      192 |      9 |   351 |    +2.4% |   -0.743 |     -119.6 |     -102.9 |    161 | sa01_sr\[1\]$_DFF_P_/D
    1730+ |       7 |     374 |      192 |      9 |   351 |    +2.4% |   -0.743 |     -119.6 |     -102.9 |    161 | sa01_sr\[1\]$_DFF_P_/D
    1730+ |       7 |     374 |      192 |      9 |   351 |    +2.4% |   -0.743 |     -119.6 |     -102.9 |    161 | sa01_sr\[1\]$_DFF_P_/D
    1731+ |       7 |     374 |      192 |      9 |   351 |    +2.4% |   -0.743 |     -119.6 |     -102.9 |    161 | sa01_sr\[1\]$_DFF_P_/D
    1732+ |       7 |     374 |      192 |      9 |   351 |    +2.4% |   -0.743 |     -119.6 |     -102.9 |    161 | sa01_sr\[1\]$_DFF_P_/D
    1733+ |       7 |     374 |      192 |      9 |   351 |    +2.4% |   -0.743 |     -119.6 |     -102.9 |    161 | sa01_sr\[1\]$_DFF_P_/D
    1734+ |       7 |     374 |      192 |      9 |   351 |    +2.4% |   -0.743 |     -119.6 |     -102.9 |    161 | sa01_sr\[1\]$_DFF_P_/D
    1735+ |       7 |     374 |      192 |      9 |   351 |    +2.4% |   -0.743 |     -119.6 |     -102.9 |    161 | sa01_sr\[1\]$_DFF_P_/D
    1736+ |       7 |     374 |      192 |      9 |   351 |    +2.4% |   -0.743 |     -119.6 |     -102.9 |    161 | sa01_sr\[1\]$_DFF_P_/D
    1740+ |       7 |     377 |      192 |      9 |   351 |    +2.4% |   -0.743 |     -119.6 |     -102.8 |    161 | sa01_sr\[1\]$_DFF_P_/D
    1740+ |       7 |     377 |      192 |      9 |   351 |    +2.4% |   -0.743 |     -119.6 |     -102.8 |    161 | sa01_sr\[1\]$_DFF_P_/D
    1741+ |       7 |     377 |      192 |      9 |   351 |    +2.4% |   -0.743 |     -119.6 |     -102.8 |    161 | sa01_sr\[1\]$_DFF_P_/D
    1742+ |       7 |     377 |      192 |      9 |   351 |    +2.4% |   -0.743 |     -119.6 |     -102.8 |    161 | sa01_sr\[1\]$_DFF_P_/D
    1744+ |       7 |     378 |      192 |      9 |   351 |    +2.4% |   -0.743 |     -119.6 |     -102.8 |    161 | sa01_sr\[1\]$_DFF_P_/D
    1746+ |       7 |     378 |      192 |      9 |   352 |    +2.4% |   -0.743 |     -119.6 |     -102.8 |    161 | sa01_sr\[1\]$_DFF_P_/D
    1747+ |       7 |     378 |      192 |      9 |   352 |    +2.4% |   -0.743 |     -119.6 |     -102.8 |    161 | sa01_sr\[1\]$_DFF_P_/D
    1749+ |       7 |     378 |      192 |      9 |   353 |    +2.4% |   -0.743 |     -119.6 |     -102.7 |    161 | sa01_sr\[1\]$_DFF_P_/D
    1750+ |       7 |     378 |      192 |      9 |   353 |    +2.4% |   -0.743 |     -119.6 |     -102.7 |    161 | sa01_sr\[1\]$_DFF_P_/D
    1750+ |       7 |     378 |      192 |      9 |   353 |    +2.4% |   -0.743 |     -119.6 |     -102.7 |    161 | sa01_sr\[1\]$_DFF_P_/D
    1756+ |       7 |     380 |      192 |      9 |   356 |    +2.4% |   -0.743 |     -119.6 |     -102.6 |    161 | sa01_sr\[1\]$_DFF_P_/D
    1757+ |       7 |     380 |      192 |      9 |   356 |    +2.4% |   -0.743 |     -119.6 |     -102.6 |    161 | sa01_sr\[1\]$_DFF_P_/D
    1758+ |       7 |     380 |      192 |      9 |   356 |    +2.4% |   -0.743 |     -119.6 |     -102.6 |    161 | sa01_sr\[1\]$_DFF_P_/D
    1759+ |       7 |     380 |      192 |      9 |   356 |    +2.4% |   -0.743 |     -119.6 |     -102.6 |    161 | sa01_sr\[1\]$_DFF_P_/D
    1760+ |       7 |     380 |      192 |      9 |   356 |    +2.4% |   -0.743 |     -119.6 |     -102.6 |    161 | sa01_sr\[1\]$_DFF_P_/D
    1760+ |       7 |     380 |      192 |      9 |   356 |    +2.4% |   -0.743 |     -119.6 |     -102.6 |    161 | sa01_sr\[1\]$_DFF_P_/D
    1763+ |       7 |     380 |      192 |      9 |   358 |    +2.4% |   -0.743 |     -119.6 |     -102.6 |    161 | sa01_sr\[1\]$_DFF_P_/D
    1767+ |       7 |     382 |      192 |      9 |   359 |    +2.4% |   -0.743 |     -119.5 |     -102.5 |    161 | sa01_sr\[1\]$_DFF_P_/D
    1768+ |       7 |     382 |      192 |      9 |   359 |    +2.4% |   -0.743 |     -119.5 |     -102.5 |    161 | sa01_sr\[1\]$_DFF_P_/D
    1769+ |       7 |     382 |      192 |      9 |   359 |    +2.4% |   -0.743 |     -119.5 |     -102.5 |    161 | sa01_sr\[1\]$_DFF_P_/D
    1770+ |       7 |     382 |      192 |      9 |   359 |    +2.4% |   -0.743 |     -119.5 |     -102.5 |    161 | sa01_sr\[1\]$_DFF_P_/D
    1770+ |       7 |     382 |      192 |      9 |   359 |    +2.4% |   -0.743 |     -119.5 |     -102.5 |    161 | sa01_sr\[1\]$_DFF_P_/D
    1773+ |       7 |     383 |      192 |      9 |   360 |    +2.4% |   -0.743 |     -119.5 |     -102.4 |    161 | sa01_sr\[1\]$_DFF_P_/D
    1774+ |       7 |     383 |      192 |      9 |   360 |    +2.4% |   -0.743 |     -119.5 |     -102.4 |    161 | sa01_sr\[1\]$_DFF_P_/D
    1775+ |       7 |     383 |      192 |      9 |   360 |    +2.4% |   -0.743 |     -119.5 |     -102.4 |    161 | sa01_sr\[1\]$_DFF_P_/D
    1776+ |       7 |     383 |      192 |      9 |   360 |    +2.4% |   -0.743 |     -119.5 |     -102.4 |    161 | sa01_sr\[1\]$_DFF_P_/D
    1780+ |       7 |     385 |      192 |      9 |   361 |    +2.4% |   -0.743 |     -119.5 |     -102.3 |    161 | sa01_sr\[1\]$_DFF_P_/D
    1783+ |       7 |     387 |      192 |      9 |   362 |    +2.4% |   -0.743 |     -119.5 |     -102.3 |    161 | sa01_sr\[1\]$_DFF_P_/D
    1784+ |       7 |     387 |      192 |      9 |   362 |    +2.4% |   -0.743 |     -119.5 |     -102.3 |    161 | sa01_sr\[1\]$_DFF_P_/D
    1786+ |       7 |     387 |      192 |      9 |   363 |    +2.4% |   -0.743 |     -119.5 |     -102.3 |    161 | sa01_sr\[1\]$_DFF_P_/D
    1787+ |       7 |     387 |      192 |      9 |   363 |    +2.4% |   -0.743 |     -119.5 |     -102.3 |    161 | sa01_sr\[1\]$_DFF_P_/D
    1788+ |       7 |     387 |      192 |      9 |   363 |    +2.4% |   -0.743 |     -119.5 |     -102.3 |    161 | sa01_sr\[1\]$_DFF_P_/D
    1789+ |       7 |     387 |      192 |      9 |   363 |    +2.4% |   -0.743 |     -119.5 |     -102.3 |    161 | sa01_sr\[1\]$_DFF_P_/D
    1790+ |       7 |     387 |      192 |      9 |   363 |    +2.4% |   -0.743 |     -119.5 |     -102.3 |    161 | sa01_sr\[1\]$_DFF_P_/D
    1791+ |       7 |     388 |      192 |      9 |   363 |    +2.4% |   -0.743 |     -119.5 |     -102.2 |    161 | sa01_sr\[1\]$_DFF_P_/D
    1792+ |       7 |     388 |      192 |      9 |   363 |    +2.4% |   -0.743 |     -119.5 |     -102.2 |    161 | sa01_sr\[1\]$_DFF_P_/D
    1793+ |       7 |     388 |      192 |      9 |   363 |    +2.4% |   -0.743 |     -119.5 |     -102.2 |    161 | sa01_sr\[1\]$_DFF_P_/D
    1794+ |       7 |     388 |      192 |      9 |   363 |    +2.4% |   -0.743 |     -119.5 |     -102.2 |    161 | sa01_sr\[1\]$_DFF_P_/D
    1796+ |       7 |     389 |      192 |      9 |   363 |    +2.4% |   -0.743 |     -119.5 |     -102.2 |    161 | sa01_sr\[1\]$_DFF_P_/D
    1798+ |       7 |     390 |      192 |      9 |   363 |    +2.4% |   -0.743 |     -119.5 |     -102.2 |    161 | sa01_sr\[1\]$_DFF_P_/D
    1799+ |       7 |     390 |      192 |      9 |   363 |    +2.4% |   -0.743 |     -119.5 |     -102.2 |    161 | sa01_sr\[1\]$_DFF_P_/D
    1800+ |       7 |     390 |      192 |      9 |   363 |    +2.4% |   -0.743 |     -119.5 |     -102.2 |    161 | sa01_sr\[1\]$_DFF_P_/D
    1805+ |       7 |     393 |      192 |      9 |   364 |    +2.4% |   -0.743 |     -119.4 |     -102.2 |    161 | sa01_sr\[1\]$_DFF_P_/D
    1806+ |       7 |     393 |      192 |      9 |   364 |    +2.4% |   -0.743 |     -119.4 |     -102.2 |    161 | sa01_sr\[1\]$_DFF_P_/D
    1808+ |       7 |     394 |      192 |      9 |   364 |    +2.4% |   -0.743 |     -119.4 |     -102.2 |    161 | sa01_sr\[1\]$_DFF_P_/D
    1810+ |       7 |     394 |      192 |      9 |   365 |    +2.4% |   -0.743 |     -119.4 |     -102.1 |    161 | sa01_sr\[1\]$_DFF_P_/D
    1812+ |       7 |     395 |      192 |      9 |   366 |    +2.4% |   -0.743 |     -119.5 |     -102.1 |    161 | sa01_sr\[1\]$_DFF_P_/D
    1813+ |       7 |     395 |      192 |      9 |   366 |    +2.4% |   -0.743 |     -119.5 |     -102.1 |    161 | sa01_sr\[1\]$_DFF_P_/D
    1814+ |       7 |     395 |      192 |      9 |   366 |    +2.4% |   -0.743 |     -119.5 |     -102.1 |    161 | sa01_sr\[1\]$_DFF_P_/D
    1815+ |       7 |     395 |      192 |      9 |   366 |    +2.4% |   -0.743 |     -119.5 |     -102.1 |    161 | sa01_sr\[1\]$_DFF_P_/D
    1817+ |       7 |     396 |      192 |      9 |   366 |    +2.4% |   -0.743 |     -119.3 |     -102.1 |    161 | sa01_sr\[1\]$_DFF_P_/D
    1818+ |       7 |     396 |      192 |      9 |   366 |    +2.4% |   -0.743 |     -119.3 |     -102.1 |    161 | sa01_sr\[1\]$_DFF_P_/D
    1820+ |       7 |     396 |      192 |      9 |   367 |    +2.4% |   -0.743 |     -119.3 |     -102.1 |    161 | sa01_sr\[1\]$_DFF_P_/D
    1821+ |       7 |     396 |      192 |      9 |   368 |    +2.4% |   -0.743 |     -119.1 |     -102.1 |    161 | sa01_sr\[1\]$_DFF_P_/D
    1823+ |       7 |     396 |      192 |      9 |   369 |    +2.4% |   -0.743 |     -119.1 |     -102.1 |    161 | sa01_sr\[1\]$_DFF_P_/D
    1825+ |       7 |     396 |      192 |      9 |   370 |    +2.4% |   -0.743 |     -119.1 |     -102.1 |    161 | sa01_sr\[1\]$_DFF_P_/D
    1828+ |       7 |     398 |      192 |      9 |   370 |    +2.4% |   -0.743 |     -119.1 |     -102.0 |    161 | sa01_sr\[1\]$_DFF_P_/D
    1829+ |       7 |     398 |      192 |      9 |   370 |    +2.4% |   -0.743 |     -119.1 |     -102.0 |    161 | sa01_sr\[1\]$_DFF_P_/D
    1830+ |       7 |     398 |      192 |      9 |   370 |    +2.4% |   -0.743 |     -119.1 |     -102.0 |    161 | sa01_sr\[1\]$_DFF_P_/D
    1831+ |       7 |     398 |      192 |      9 |   371 |    +2.4% |   -0.743 |     -119.1 |     -102.0 |    161 | sa01_sr\[1\]$_DFF_P_/D
    1832+ |       7 |     398 |      192 |      9 |   371 |    +2.4% |   -0.743 |     -119.1 |     -102.0 |    161 | sa01_sr\[1\]$_DFF_P_/D
    1833+ |       7 |     398 |      192 |      9 |   371 |    +2.4% |   -0.743 |     -119.1 |     -102.0 |    161 | sa01_sr\[1\]$_DFF_P_/D
    1834+ |       7 |     398 |      192 |      9 |   371 |    +2.4% |   -0.743 |     -119.1 |     -102.0 |    161 | sa01_sr\[1\]$_DFF_P_/D
    1835+ |       7 |     398 |      192 |      9 |   371 |    +2.4% |   -0.743 |     -119.1 |     -102.0 |    161 | sa01_sr\[1\]$_DFF_P_/D
    1836+ |       7 |     398 |      192 |      9 |   371 |    +2.4% |   -0.743 |     -119.1 |     -102.0 |    161 | sa01_sr\[1\]$_DFF_P_/D
    1837+ |       7 |     398 |      192 |      9 |   371 |    +2.4% |   -0.743 |     -119.1 |     -102.0 |    161 | sa01_sr\[1\]$_DFF_P_/D
    1838+ |       7 |     398 |      192 |      9 |   371 |    +2.4% |   -0.743 |     -119.1 |     -102.0 |    161 | sa01_sr\[1\]$_DFF_P_/D
    1840+ |       7 |     398 |      192 |      9 |   372 |    +2.4% |   -0.743 |     -119.0 |     -101.9 |    161 | sa01_sr\[1\]$_DFF_P_/D
    1840+ |       7 |     398 |      192 |      9 |   372 |    +2.4% |   -0.743 |     -119.0 |     -101.9 |    161 | sa01_sr\[1\]$_DFF_P_/D
    1843+ |       7 |     400 |      192 |      9 |   372 |    +2.4% |   -0.743 |     -119.0 |     -101.9 |    161 | sa01_sr\[1\]$_DFF_P_/D
    1844+ |       7 |     400 |      192 |      9 |   372 |    +2.4% |   -0.743 |     -119.0 |     -101.9 |    161 | sa01_sr\[1\]$_DFF_P_/D
    1848+ |       7 |     402 |      192 |      9 |   373 |    +2.4% |   -0.743 |     -119.0 |     -101.7 |    161 | sa01_sr\[1\]$_DFF_P_/D
    1849+ |       7 |     402 |      192 |      9 |   373 |    +2.4% |   -0.743 |     -119.0 |     -101.7 |    161 | sa01_sr\[1\]$_DFF_P_/D
    1850+ |       7 |     402 |      192 |      9 |   373 |    +2.4% |   -0.743 |     -119.0 |     -101.7 |    161 | sa01_sr\[1\]$_DFF_P_/D
    1850+ |       7 |     402 |      192 |      9 |   373 |    +2.4% |   -0.743 |     -119.0 |     -101.7 |    161 | sa01_sr\[1\]$_DFF_P_/D
    1853+ |       7 |     403 |      192 |      9 |   374 |    +2.4% |   -0.743 |     -119.1 |     -101.7 |    161 | sa01_sr\[1\]$_DFF_P_/D
    1854+ |       7 |     403 |      192 |      9 |   374 |    +2.4% |   -0.743 |     -119.1 |     -101.7 |    161 | sa01_sr\[1\]$_DFF_P_/D
    1855+ |       7 |     403 |      192 |      9 |   374 |    +2.4% |   -0.743 |     -119.1 |     -101.7 |    161 | sa01_sr\[1\]$_DFF_P_/D
    1857+ |       7 |     404 |      192 |      9 |   374 |    +2.4% |   -0.743 |     -119.1 |     -101.7 |    161 | sa01_sr\[1\]$_DFF_P_/D
    1860+ |       7 |     405 |      192 |      9 |   375 |    +2.4% |   -0.743 |     -119.1 |     -101.7 |    161 | sa01_sr\[1\]$_DFF_P_/D
    1860+ |       7 |     405 |      192 |      9 |   375 |    +2.4% |   -0.743 |     -119.1 |     -101.7 |    161 | sa01_sr\[1\]$_DFF_P_/D
    1862+ |       7 |     405 |      192 |      9 |   376 |    +2.4% |   -0.743 |     -119.1 |     -101.6 |    161 | sa01_sr\[1\]$_DFF_P_/D
    1863+ |       7 |     405 |      192 |      9 |   376 |    +2.4% |   -0.743 |     -119.1 |     -101.6 |    161 | sa01_sr\[1\]$_DFF_P_/D
    1866+ |       7 |     407 |      192 |      9 |   376 |    +2.5% |   -0.743 |     -119.1 |     -101.6 |    161 | sa01_sr\[1\]$_DFF_P_/D
    1867+ |       7 |     407 |      192 |      9 |   376 |    +2.5% |   -0.743 |     -119.1 |     -101.6 |    161 | sa01_sr\[1\]$_DFF_P_/D
    1869+ |       7 |     408 |      192 |      9 |   376 |    +2.5% |   -0.743 |     -119.1 |     -101.6 |    161 | sa01_sr\[1\]$_DFF_P_/D
    1870+ |       7 |     408 |      192 |      9 |   376 |    +2.5% |   -0.743 |     -119.1 |     -101.6 |    161 | sa01_sr\[1\]$_DFF_P_/D
    1870+ |       7 |     408 |      192 |      9 |   376 |    +2.5% |   -0.743 |     -119.1 |     -101.6 |    161 | sa01_sr\[1\]$_DFF_P_/D
    1871+ |       7 |     408 |      192 |      9 |   376 |    +2.5% |   -0.743 |     -119.1 |     -101.6 |    161 | sa01_sr\[1\]$_DFF_P_/D
    1872+ |       7 |     408 |      192 |      9 |   376 |    +2.5% |   -0.743 |     -119.1 |     -101.6 |    161 | sa01_sr\[1\]$_DFF_P_/D
    1877+ |       7 |     411 |      192 |      9 |   377 |    +2.5% |   -0.743 |     -119.0 |     -101.5 |    161 | sa01_sr\[1\]$_DFF_P_/D
    1878+ |       7 |     411 |      192 |      9 |   377 |    +2.5% |   -0.743 |     -119.0 |     -101.5 |    161 | sa01_sr\[1\]$_DFF_P_/D
    1880+ |       7 |     412 |      192 |      9 |   377 |    +2.5% |   -0.743 |     -119.0 |     -101.5 |    161 | sa01_sr\[1\]$_DFF_P_/D
    1881+ |       7 |     412 |      192 |      9 |   378 |    +2.5% |   -0.743 |     -119.0 |     -101.5 |    161 | sa01_sr\[1\]$_DFF_P_/D
    1882+ |       7 |     412 |      192 |      9 |   378 |    +2.5% |   -0.743 |     -119.0 |     -101.5 |    161 | sa01_sr\[1\]$_DFF_P_/D
    1889+ |       7 |     414 |      192 |      9 |   382 |    +2.5% |   -0.743 |     -119.0 |     -101.4 |    161 | sa01_sr\[1\]$_DFF_P_/D
    1890+ |       7 |     414 |      192 |      9 |   382 |    +2.5% |   -0.743 |     -119.0 |     -101.4 |    161 | sa01_sr\[1\]$_DFF_P_/D
    1899+ |       7 |     419 |      192 |      9 |   386 |    +2.5% |   -0.743 |     -119.1 |     -101.3 |    161 | sa01_sr\[1\]$_DFF_P_/D
    1900+ |       7 |     419 |      192 |      9 |   386 |    +2.5% |   -0.743 |     -119.1 |     -101.3 |    161 | sa01_sr\[1\]$_DFF_P_/D
    final |       7 |     419 |      192 |      9 |   386 |    +2.5% |   -0.743 |     -119.1 |     -101.3 |    161 | sa01_sr\[1\]$_DFF_P_/D
------------------------------------------------------------------------------------------------------------------------------
[INFO RSZ-0059] Removed 7 buffers.
[INFO RSZ-0045] Inserted 192 buffers, 3 to split loads.
[INFO RSZ-0051] Resized 419 instances: 419 up, 0 up match, 0 down, 0 VT
[INFO RSZ-0043] Swapped pins on 386 instances.
[INFO RSZ-0049] Cloned 9 instances.
[WARNING RSZ-0062] Unable to repair all setup violations.
[WARNING GRT-0128] Incremental global routing finished with congestion. Check the congestion regions in the DRC Viewer.
[INFO RSZ-0505] Runtime: 58.63s
[INFO RSZ-0033] No hold violations found.
[INFO RSZ-0506] Runtime: 0.07s
Took 58 seconds: repair_timing -setup_margin 0 -hold_margin 0 -repair_tns 100 -verbose
global_route -start_incremental
detailed_placement
[INFO DPL-0006] Core area: 992482.85 um^2
[INFO DPL-0007] Movable instances area: 701504.70 um^2
[INFO DPL-0008] Fixed instances area within core: 7840.63 um^2
[INFO DPL-0009] Utilization: 71.5%
[INFO DPL-0005] Diamond search max displacement: +/- 500 sites horizontally, +/- 100 rows vertically.
[INFO DPL-1102] Legalizing using negotiation legalizer.
[INFO DPL-1103] Negotiation base search window: +/-20 sites horizontally, +/-5 rows vertically 
	Automatic search window extension enabled.
	Search window extendable up to the max displacement cap of +/-500 sites, +/-100 rows near walls.
[INFO DPL-1104] NegotiationLegalizer DRC penalty: 5.
[INFO DPL-0392] Negotiation cell height distribution (1 unique row-count(s)):
[INFO DPL-0393]   height 1 row(s): 19877 cells
          |      Total |  Illegal |  Illegal
Iteration | Violations |    Cells |    Sites
---------------------------------------------
        0 |       2020 |       324 |      1696
        1 |        992 |       126 |       866
        2 |        463 |        55 |       408
        3 |        389 |        38 |       351
        4 |        218 |        28 |       190
        5 |        172 |        18 |       154
        6 |        103 |        12 |        91
        7 |         93 |        11 |        82
        8 |         90 |        11 |        79
        9 |         80 |         8 |        72
       10 |         52 |         6 |        46
       17 |          0 |         0 |         0
Negotiation phase 1 converged at iteration 17.
[INFO DPL-0500] Runtime: 0.56s
Placement Analysis
---------------------------------
total displacement      10178.0 u
average displacement        0.5 u
max displacement           91.8 u
original HPWL         1045802.5 u
legalized HPWL        1055879.1 u
delta HPWL                    1 %

check_placement -verbose
global_route -end_incremental -congestion_report_file /tmp/workspace/scripts-Private_test-fr_cugr_cmp-2-/reports/gf180/aes/base/congestion_post_repair_timing.rpt
[WARNING GRT-0128] Incremental global routing finished with congestion. Check the congestion regions in the DRC Viewer.
[WARNING GRT-0115] Global routing finished with congestion. Check the congestion regions in the DRC Viewer.
estimate_parasitics -global_routing
global_route -start_incremental
global_route -end_incremental -congestion_report_file /tmp/workspace/scripts-Private_test-fr_cugr_cmp-2-/reports/gf180/aes/base/congestion_post_recover_power.rpt
[WARNING GRT-0115] Global routing finished with congestion. Check the congestion regions in the DRC Viewer.
Repair antennas...
[INFO GRT-0012] Found 19 antenna violations.
[INFO GRT-0302] Inserted 4 jumpers for 4 nets.
[INFO GRT-0012] Found 15 antenna violations.
[INFO DPL-0006] Core area: 992482.85 um^2
[INFO DPL-0007] Movable instances area: 700869.66 um^2
[INFO DPL-0008] Fixed instances area within core: 8560.34 um^2
[INFO DPL-0009] Utilization: 71.5%
[INFO DPL-0005] Diamond search max displacement: +/- 500 sites horizontally, +/- 100 rows vertically.
[INFO DPL-1102] Legalizing using negotiation legalizer.
[INFO DPL-1103] Negotiation base search window: +/-20 sites horizontally, +/-5 rows vertically 
	Automatic search window extension enabled.
	Search window extendable up to the max displacement cap of +/-500 sites, +/-100 rows near walls.
[INFO DPL-1104] NegotiationLegalizer DRC penalty: 5.
[INFO DPL-0392] Negotiation cell height distribution (1 unique row-count(s)):
[INFO DPL-0393]   height 1 row(s): 19892 cells
          |      Total |  Illegal |  Illegal
Iteration | Violations |    Cells |    Sites
---------------------------------------------
        0 |         46 |         4 |        42
        1 |         22 |         3 |        19
        2 |          0 |         0 |         0
Negotiation phase 1 converged at iteration 2.
[INFO DPL-0500] Runtime: 0.15s
[INFO GRT-0015] Inserted 15 diodes.
[WARNING GRT-0128] Incremental global routing finished with congestion. Check the congestion regions in the DRC Viewer.
[INFO GRT-0012] Found 0 antenna violations.
[INFO ANT-0002] Found 0 net violations.
[INFO ANT-0001] Found 0 pin violations.
Estimate parasitics...
estimate_parasitics -global_routing
Report metrics stage 5, global route...

==========================================================================
global route report_design_area
--------------------------------------------------------------------------
Design area 709430 um^2 71% utilization.
[INFO FLW-0007] clock clk period 3.000000
[WARNING FLW-0010] more than one clock found. Skipping sdc update.
[INFO FLW-0011] Path endpoint path count 733
write_db /tmp/workspace/scripts-Private_test-fr_cugr_cmp-2-/results/gf180/aes/base/5_1_grt.odb
write_sdc -no_timestamp /tmp/workspace/scripts-Private_test-fr_cugr_cmp-2-/results/gf180/aes/base/5_1_grt.sdc
Elapsed time: 1:24.04[h:]min:sec. CPU time: user 815.03 sys 62.52 (1044%). Peak memory: 611252KB.
Log                       Ext     Elapsed/s Peak Memory/MB sha1sum result [0:20)
5_1_grt                   .odb           84            596 8878859a8ea19cef1950
5_1_grt                   .sdc                             6f6091be4fc5821bfb6a
