OpenROAD 26Q3-1464-gb22abfea20 
Features included (+) or not (-): +GPU +GUI +Python
This program is licensed under the BSD-3 license. See the LICENSE file for details.
Components of this program may be licensed under more restrictive licenses which must be honored.
[INFO ORD-0030] Using 30 thread(s).
read_liberty ./platforms/nangate45/lib/NangateOpenCellLibrary_typical.lib
read_liberty ./platforms/nangate45/lib/fakeram45_256x16.lib
read_db /tmp/workspace/scripts-Private_test-fr_cugr_cmp-1-/results/nangate45/ariane136/base/3_4_place_resized.odb
read_sdc /tmp/workspace/scripts-Private_test-fr_cugr_cmp-1-/results/nangate45/ariane136/base/2_floorplan.sdc
source ./platforms/nangate45/setRC.tcl
detailed_placement
[INFO DPL-0006] Core area: 2063415.20 um^2
[INFO DPL-0007] Movable instances area: 299485.14 um^2
[INFO DPL-0008] Fixed instances area within core: 432360.39 um^2
[INFO DPL-0009] Utilization: 35.5%
[INFO DPL-0005] Diamond search max displacement: +/- 500 sites horizontally, +/- 100 rows vertically.
[INFO DPL-1102] Legalizing using negotiation legalizer.
[INFO DPL-1103] Negotiation base search window: +/-20 sites horizontally, +/-5 rows vertically 
	Automatic search window extension enabled.
	Search window extendable up to the max displacement cap of +/-500 sites, +/-100 rows near walls.
[INFO DPL-1104] NegotiationLegalizer DRC penalty: 5.
[INFO DPL-0392] Negotiation cell height distribution (2 unique row-count(s)):
[INFO DPL-0393]   height 1 row(s): 166481 cells
[INFO DPL-0393]   height 29 row(s): 136 cells
          |      Total |  Illegal |  Illegal
Iteration | Violations |    Cells |    Sites
---------------------------------------------
        0 |          0 |         0 |         0
Negotiation phase 1 converged at iteration 0.
[INFO DPL-0500] Runtime: 2.06s
Placement Analysis
---------------------------------
total displacement     193115.3 u
average displacement        1.2 u
max displacement           41.5 u
original HPWL         5868956.2 u
legalized HPWL        5964908.2 u
delta HPWL                    2 %

improve_placement -max_displacement "5 1"
Detailed placement improvement.
[INFO DPL-0401] Setting random seed to 1.
[INFO DPL-0402] Setting maximum displacement 5 1 to 14000 2800 units.
[INFO DPL-0320] Collected 16805 fixed cells.
[INFO DPL-0318] Collected 154162 single height cells.
[INFO DPL-0321] Collected 0 wide cells.
[INFO DPL-0322] Image (20140, 25200) - (2895980, 2895200)
[INFO DPL-0310] Assigned 154162 cells into segments.  Movement in X-direction is 0.000000, movement in Y-direction is 0.000000.
[INFO DPL-0313] Found 0 cells in wrong regions.
[INFO DPL-0315] Found 0 row alignment problems.
[INFO DPL-0314] Found 0 site alignment problems.
[INFO DPL-0311] Found 0 overlaps between adjacent cells.
[INFO DPL-0312] Found 0 edge spacing violations and 0 padding violations.
[INFO DPL-0303] Running algorithm for independent set matching.
[INFO DPL-0300] Set matching objective is wirelength.
[INFO DPL-0301] Pass   1 of matching; objective is 8.860401e+09.
[INFO DPL-0302] End of matching; objective is 8.859056e+09, improvement is 0.02 percent.
[INFO DPL-0303] Running algorithm for global swaps.
[INFO DPL-0306] Pass   1 of global swaps; hpwl is 8.724154e+09.
[INFO DPL-0306] Pass   2 of global swaps; hpwl is 8.699561e+09.
[INFO DPL-0307] End of global swaps; objective is 8.699561e+09, improvement is 1.80 percent.
[INFO DPL-0303] Running algorithm for vertical swaps.
[INFO DPL-0308] Pass   1 of vertical swaps; hpwl is 8.677663e+09.
[INFO DPL-0309] End of vertical swaps; objective is 8.677663e+09, improvement is 0.25 percent.
[INFO DPL-0303] Running algorithm for reordering.
[INFO DPL-0304] Pass   1 of reordering; objective is 8.674495e+09.
[INFO DPL-0305] End of reordering; objective is 8.674495e+09, improvement is 0.04 percent.
[INFO DPL-0303] Running algorithm for random improvement.
[INFO DPL-0324] Random improver is using random generator.
[INFO DPL-0325] Random improver is using hpwl objective.
[INFO DPL-0326] Random improver cost string is (a).
[INFO DPL-0332] End of pass, Generator random called 3083240 times.
[INFO DPL-0335] Generator random, Cumulative attempts 3083240, swaps 157467, moves 1365666 since last reset.
[INFO DPL-0333] End of pass, Objective hpwl, Initial cost 8.644658e+09, Scratch cost 8.584530e+09, Incremental cost 8.584530e+09, Mismatch? N
[INFO DPL-0338] End of pass, Total cost is 8.584530e+09.
[INFO DPL-0327] Pass   1 of random improver; improvement in cost is 0.70 percent.
[INFO DPL-0328] End of random improver; improvement is 0.695550 percent.
[INFO DPL-0380] Cell flipping.
[INFO DPL-0382] Changed 0 cell orientations for row compatibility.
[INFO DPL-0383] Performed 51063 cell flips.
[INFO DPL-0384] End of flipping; objective is 8.541071e+09, improvement is 0.85 percent.
[INFO DPL-0313] Found 0 cells in wrong regions.
[INFO DPL-0315] Found 0 row alignment problems.
[INFO DPL-0314] Found 0 site alignment problems.
[INFO DPL-0311] Found 0 overlaps between adjacent cells.
[INFO DPL-0312] Found 0 edge spacing violations and 0 padding violations.
Detailed Improvement Results
------------------------------------------
Original HPWL          5964908.2 u ( 3221679.4,  2743228.8)
Final HPWL             5819511.5 u ( 3165250.7,  2654260.8)
Delta HPWL                  -2.4 % (      -1.8,       -3.2)

Took 43 seconds: improve_placement -max_displacement "5 1"
optimize_mirroring
[INFO DPL-0020] Mirrored 10375 instances
[INFO DPL-0021] HPWL before          5819511.5 u
[INFO DPL-0022] HPWL after           5818021.5 u
[INFO DPL-0023] HPWL delta               -0.0 %
[INFO FLW-0012] Placement violations .
estimate_parasitics -placement
Took 8 seconds: estimate_parasitics -placement
Report metrics stage 3, detailed place...

==========================================================================
detailed place report_design_area
--------------------------------------------------------------------------
Design area 731846 um^2 35% utilization.
write_db /tmp/workspace/scripts-Private_test-fr_cugr_cmp-1-/results/nangate45/ariane136/base/3_5_place_dp.odb
write_sdc -no_timestamp /tmp/workspace/scripts-Private_test-fr_cugr_cmp-1-/results/nangate45/ariane136/base/3_place.sdc
Elapsed time: 1:45.06[h:]min:sec. CPU time: user 147.12 sys 77.55 (213%). Peak memory: 1614276KB.
Log                       Ext     Elapsed/s Peak Memory/MB sha1sum result [0:20)
3_5_place_dp              .odb          105           1576 92d7f0552ad4999c95c3
