OpenROAD 26Q3-1464-gb22abfea20 
Features included (+) or not (-): +GPU +GUI +Python
This program is licensed under the BSD-3 license. See the LICENSE file for details.
Components of this program may be licensed under more restrictive licenses which must be honored.
[INFO ORD-0030] Using 30 thread(s).
read_liberty ./platforms/nangate45/lib/NangateOpenCellLibrary_typical.lib
read_liberty ./platforms/nangate45/lib/fakeram45_256x16.lib
read_db /tmp/workspace/scripts-Private_test-fr_cugr_cmp-1-/results/nangate45/ariane136/base/5_1_grt.odb
read_sdc /tmp/workspace/scripts-Private_test-fr_cugr_cmp-1-/results/nangate45/ariane136/base/5_1_grt.sdc
source ./platforms/nangate45/setRC.tcl
[WARNING STA-0450] virtual clock vclk can not be propagated.
detailed_route -output_drc /tmp/workspace/scripts-Private_test-fr_cugr_cmp-1-/reports/nangate45/ariane136/base/5_route_drc.rpt -output_maze /tmp/workspace/scripts-Private_test-fr_cugr_cmp-1-/results/nangate45/ariane136/base/maze.log -droute_end_iter 64 -verbose 1 -drc_report_iter_step 5
[INFO DRT-0149] Reading tech and libs.

Units:                2000
Number of layers:     21
Number of macros:     136
Number of vias:       44
Number of viarulegen: 19

[INFO DRT-0150] Reading design.
[WARNING DRT-0120] Large net net27025 has 131 pins which may impact routing performance. Consider optimization.
[WARNING DRT-0120] Large net net25677 has 123 pins which may impact routing performance. Consider optimization.
[WARNING DRT-0120] Large net net25681 has 117 pins which may impact routing performance. Consider optimization.
[WARNING DRT-0120] Large net net25683 has 129 pins which may impact routing performance. Consider optimization.
[WARNING DRT-0120] Large net net25690 has 116 pins which may impact routing performance. Consider optimization.
[WARNING DRT-0120] Large net net25715 has 121 pins which may impact routing performance. Consider optimization.
[WARNING DRT-0120] Large net net25724 has 127 pins which may impact routing performance. Consider optimization.
[WARNING DRT-0120] Large net issue_stage_i.i_issue_read_operands/net25728 has 121 pins which may impact routing performance. Consider optimization.
[WARNING DRT-0120] Large net net25733 has 125 pins which may impact routing performance. Consider optimization.
[WARNING DRT-0120] Large net i_frontend/net25736 has 121 pins which may impact routing performance. Consider optimization.
[WARNING DRT-0120] Large net net25754 has 127 pins which may impact routing performance. Consider optimization.
[WARNING DRT-0120] Large net net25758 has 146 pins which may impact routing performance. Consider optimization.
[WARNING DRT-0120] Large net issue_stage_i.i_scoreboard/net25767 has 113 pins which may impact routing performance. Consider optimization.
[WARNING DRT-0120] Large net net25797 has 113 pins which may impact routing performance. Consider optimization.
[WARNING DRT-0120] Large net i_frontend/net25815 has 135 pins which may impact routing performance. Consider optimization.
[WARNING DRT-0120] Large net issue_stage_i.i_scoreboard/net25823 has 147 pins which may impact routing performance. Consider optimization.
[WARNING DRT-0120] Large net net25827 has 112 pins which may impact routing performance. Consider optimization.
[WARNING DRT-0120] Large net i_frontend/net25831 has 122 pins which may impact routing performance. Consider optimization.
[WARNING DRT-0120] Large net i_frontend/net25838 has 127 pins which may impact routing performance. Consider optimization.
[WARNING DRT-0120] Large net i_frontend/net25837 has 117 pins which may impact routing performance. Consider optimization.
[WARNING DRT-0120] Large net i_frontend/net25851 has 126 pins which may impact routing performance. Consider optimization.
[WARNING DRT-0120] Large net net25921 has 145 pins which may impact routing performance. Consider optimization.
[WARNING DRT-0120] Large net net25924 has 113 pins which may impact routing performance. Consider optimization.
[WARNING DRT-0120] Large net net25927 has 120 pins which may impact routing performance. Consider optimization.
[WARNING DRT-0120] Large net net25948 has 128 pins which may impact routing performance. Consider optimization.
[WARNING DRT-0120] Large net net25955 has 122 pins which may impact routing performance. Consider optimization.
[WARNING DRT-0120] Large net net25956 has 124 pins which may impact routing performance. Consider optimization.
[WARNING DRT-0120] Large net ex_stage_i/lsu_i.i_mmu/net25963 has 124 pins which may impact routing performance. Consider optimization.
[WARNING DRT-0120] Large net net25965 has 104 pins which may impact routing performance. Consider optimization.
[WARNING DRT-0120] Large net ex_stage_i/lsu_i.i_mmu/net25978 has 104 pins which may impact routing performance. Consider optimization.
[WARNING DRT-0120] Large net net26011 has 101 pins which may impact routing performance. Consider optimization.
[WARNING DRT-0120] Large net net26017 has 107 pins which may impact routing performance. Consider optimization.
[WARNING DRT-0120] Large net net26021 has 107 pins which may impact routing performance. Consider optimization.
[WARNING DRT-0120] Large net i_cache_subsystem.i_nbdcache/i_miss_handler/net21647 has 127 pins which may impact routing performance. Consider optimization.
[WARNING DRT-0120] Large net i_cache_subsystem.i_nbdcache/net25234 has 107 pins which may impact routing performance. Consider optimization.
[WARNING DRT-0120] Large net net25712 has 113 pins which may impact routing performance. Consider optimization.
[WARNING DRT-0120] Large net net25742 has 138 pins which may impact routing performance. Consider optimization.
[WARNING DRT-0120] Large net net25766 has 112 pins which may impact routing performance. Consider optimization.
[WARNING DRT-0120] Large net i_frontend/net25802 has 134 pins which may impact routing performance. Consider optimization.
[WARNING DRT-0120] Large net i_frontend/net25848 has 127 pins which may impact routing performance. Consider optimization.
[WARNING DRT-0120] Large net i_frontend/net25859 has 115 pins which may impact routing performance. Consider optimization.
[WARNING DRT-0120] Large net i_frontend/net25861 has 127 pins which may impact routing performance. Consider optimization.
[WARNING DRT-0120] Large net i_frontend/net25867 has 117 pins which may impact routing performance. Consider optimization.
[WARNING DRT-0120] Large net i_frontend/net25870 has 121 pins which may impact routing performance. Consider optimization.
[WARNING DRT-0120] Large net i_frontend/net25880 has 108 pins which may impact routing performance. Consider optimization.
[WARNING DRT-0120] Large net net25894 has 101 pins which may impact routing performance. Consider optimization.
[WARNING DRT-0120] Large net net26043 has 131 pins which may impact routing performance. Consider optimization.
[WARNING DRT-0120] Large net net26048 has 103 pins which may impact routing performance. Consider optimization.
[WARNING DRT-0120] Large net ex_stage_i/net23913 has 121 pins which may impact routing performance. Consider optimization.
[WARNING DRT-0120] Large net i_perf_counters/net25669 has 116 pins which may impact routing performance. Consider optimization.
[WARNING DRT-0120] Large net i_frontend/net23028 has 122 pins which may impact routing performance. Consider optimization.
[WARNING DRT-0120] Large net issue_stage_i.i_scoreboard/_02829_ has 130 pins which may impact routing performance. Consider optimization.
[WARNING DRT-0120] Large net i_cache_subsystem.i_nbdcache/i_miss_handler/net21336 has 156 pins which may impact routing performance. Consider optimization.
[WARNING DRT-0120] Large net csr_regfile_i/net19485 has 115 pins which may impact routing performance. Consider optimization.
[WARNING DRT-0120] Large net ex_stage_i/net18774 has 150 pins which may impact routing performance. Consider optimization.
[WARNING DRT-0120] Large net i_cache_subsystem.i_nbdcache/i_miss_handler/net23846 has 105 pins which may impact routing performance. Consider optimization.
[WARNING DRT-0120] Large net net has 337 pins which may impact routing performance. Consider optimization.

Design:                   ariane
Die area:                 ( 0 0 ) ( 3000000 3000000 )
Number of track patterns: 20
Number of DEF vias:       0
Number of components:     173772
Number of terminals:      497
Number of snets:          2
Number of nets:           187478

[INFO DRT-0167] List of default vias:
  Layer via2
    default via: via2_5
  Layer via3
    default via: via3_2
  Layer via4
    default via: via4_0
  Layer via5
    default via: via5_0
  Layer via6
    default via: via6_0
  Layer via7
    default via: via7_0
  Layer via8
    default via: via8_0
  Layer via9
    default via: via9_0
[INFO DRT-0162] Library cell analysis.
[INFO DRT-0163] Instance analysis.
  Complete 100000 instances.
[INFO DRT-0164] Number of unique instances = 199.
[INFO DRT-0168] Init region query.
[INFO DRT-0018]   Complete 100000 insts.
[INFO DRT-0024]   Complete active.
[INFO DRT-0024]   Complete Fr_VIA.
[INFO DRT-0024]   Complete metal1.
[INFO DRT-0024]   Complete via1.
[INFO DRT-0024]   Complete metal2.
[INFO DRT-0024]   Complete via2.
[INFO DRT-0024]   Complete metal3.
[INFO DRT-0024]   Complete via3.
[INFO DRT-0024]   Complete metal4.
[INFO DRT-0024]   Complete via4.
[INFO DRT-0024]   Complete metal5.
[INFO DRT-0024]   Complete via5.
[INFO DRT-0024]   Complete metal6.
[INFO DRT-0024]   Complete via6.
[INFO DRT-0024]   Complete metal7.
[INFO DRT-0024]   Complete via7.
[INFO DRT-0024]   Complete metal8.
[INFO DRT-0024]   Complete via8.
[INFO DRT-0024]   Complete metal9.
[INFO DRT-0024]   Complete via9.
[INFO DRT-0024]   Complete metal10.
[INFO DRT-0033] active shape region query size = 0.
[INFO DRT-0033] FR_VIA shape region query size = 0.
[INFO DRT-0033] metal1 shape region query size = 3584990.
[INFO DRT-0033] via1 shape region query size = 69345.
[INFO DRT-0033] metal2 shape region query size = 46366.
[INFO DRT-0033] via2 shape region query size = 69345.
[INFO DRT-0033] metal3 shape region query size = 62550.
[INFO DRT-0033] via3 shape region query size = 69345.
[INFO DRT-0033] metal4 shape region query size = 50366.
[INFO DRT-0033] via4 shape region query size = 68492.
[INFO DRT-0033] metal5 shape region query size = 29127.
[INFO DRT-0033] via5 shape region query size = 90980.
[INFO DRT-0033] metal6 shape region query size = 16940.
[INFO DRT-0033] via6 shape region query size = 30373.
[INFO DRT-0033] metal7 shape region query size = 5086.
[INFO DRT-0033] via7 shape region query size = 0.
[INFO DRT-0033] metal8 shape region query size = 0.
[INFO DRT-0033] via8 shape region query size = 0.
[INFO DRT-0033] metal9 shape region query size = 0.
[INFO DRT-0033] via9 shape region query size = 0.
[INFO DRT-0033] metal10 shape region query size = 0.
[INFO DRT-0165] Start pin access.
[INFO DRT-0076]   Complete 1000 pins.
[INFO DRT-0076]   Complete 2000 pins.
[INFO DRT-0078]   Complete 2012 pins.
[INFO DRT-0079]   Complete 100 unique inst patterns.
[INFO DRT-0081]   Complete 184 unique inst patterns.
[INFO DRT-0082]   Complete 10000 groups.
[INFO DRT-0082]   Complete 20000 groups.
[INFO DRT-0082]   Complete 30000 groups.
[INFO DRT-0082]   Complete 40000 groups.
[INFO DRT-0082]   Complete 50000 groups.
[INFO DRT-0082]   Complete 60000 groups.
[INFO DRT-0082]   Complete 70000 groups.
[INFO DRT-0082]   Complete 80000 groups.
[INFO DRT-0082]   Complete 90000 groups.
[INFO DRT-0082]   Complete 100000 groups.
[INFO DRT-0084]   Complete 114232 groups.
#scanned instances     = 173772
#unique  instances     = 199
#stdCellGenAp          = 6960
#stdCellValidPlanarAp  = 0
#stdCellValidViaAp     = 4669
#stdCellPinNoAp        = 0
#stdCellPinCnt         = 607836
#instTermValidViaApCnt = 0
#macroGenAp            = 1180
#macroValidPlanarAp    = 1180
#macroValidViaAp       = 0
#macroNoAp             = 0
[INFO DRT-0166] Complete pin access.
[INFO DRT-0267] cpu time = 00:21:28, elapsed time = 00:00:44, memory = 1765.28 (MB), peak = 1863.85 (MB)
[INFO DRT-0156] guideIn read 100000 guides.
[INFO DRT-0156] guideIn read 200000 guides.
[INFO DRT-0156] guideIn read 300000 guides.
[INFO DRT-0156] guideIn read 400000 guides.
[INFO DRT-0156] guideIn read 500000 guides.
[INFO DRT-0156] guideIn read 600000 guides.
[INFO DRT-0156] guideIn read 700000 guides.
[INFO DRT-0156] guideIn read 800000 guides.
[INFO DRT-0156] guideIn read 900000 guides.
[INFO DRT-0156] guideIn read 1000000 guides.

[INFO DRT-0157] Number of guides:     1639825

[INFO DRT-0169] Post process guides.
[INFO DRT-0176] GCELLGRID X 0 DO 526 STEP 5700 ;
[INFO DRT-0177] GCELLGRID Y 0 DO 526 STEP 5700 ;
[INFO DRT-0026]   Complete 100000 origin guides.
[INFO DRT-0026]   Complete 200000 origin guides.
[INFO DRT-0026]   Complete 300000 origin guides.
[INFO DRT-0026]   Complete 400000 origin guides.
[INFO DRT-0026]   Complete 500000 origin guides.
[INFO DRT-0026]   Complete 600000 origin guides.
[INFO DRT-0026]   Complete 700000 origin guides.
[INFO DRT-0026]   Complete 800000 origin guides.
[INFO DRT-0026]   Complete 900000 origin guides.
[INFO DRT-0027]   Complete 1000000 origin guides.
[INFO DRT-0028]   Complete active.
[INFO DRT-0028]   Complete Fr_VIA.
[INFO DRT-0028]   Complete metal1.
[INFO DRT-0028]   Complete via1.
[INFO DRT-0028]   Complete metal2.
[INFO DRT-0028]   Complete via2.
[INFO DRT-0028]   Complete metal3.
[INFO DRT-0028]   Complete via3.
[INFO DRT-0028]   Complete metal4.
[INFO DRT-0028]   Complete via4.
[INFO DRT-0028]   Complete metal5.
[INFO DRT-0028]   Complete via5.
[INFO DRT-0028]   Complete metal6.
[INFO DRT-0028]   Complete via6.
[INFO DRT-0028]   Complete metal7.
[INFO DRT-0028]   Complete via7.
[INFO DRT-0028]   Complete metal8.
[INFO DRT-0028]   Complete via8.
[INFO DRT-0028]   Complete metal9.
[INFO DRT-0028]   Complete via9.
[INFO DRT-0028]   Complete metal10.
  complete 100000 nets.
[INFO DRT-0178] Init guide query.
[INFO DRT-0029]   Complete 100000 nets (guide).
[INFO DRT-0035]   Complete active (guide).
[INFO DRT-0035]   Complete Fr_VIA (guide).
[INFO DRT-0035]   Complete metal1 (guide).
[INFO DRT-0035]   Complete via1 (guide).
[INFO DRT-0035]   Complete metal2 (guide).
[INFO DRT-0035]   Complete via2 (guide).
[INFO DRT-0035]   Complete metal3 (guide).
[INFO DRT-0035]   Complete via3 (guide).
[INFO DRT-0035]   Complete metal4 (guide).
[INFO DRT-0035]   Complete via4 (guide).
[INFO DRT-0035]   Complete metal5 (guide).
[INFO DRT-0035]   Complete via5 (guide).
[INFO DRT-0035]   Complete metal6 (guide).
[INFO DRT-0035]   Complete via6 (guide).
[INFO DRT-0035]   Complete metal7 (guide).
[INFO DRT-0035]   Complete via7 (guide).
[INFO DRT-0035]   Complete metal8 (guide).
[INFO DRT-0035]   Complete via8 (guide).
[INFO DRT-0035]   Complete metal9 (guide).
[INFO DRT-0035]   Complete via9 (guide).
[INFO DRT-0035]   Complete metal10 (guide).
[INFO DRT-0036] active guide region query size = 0.
[INFO DRT-0036] FR_VIA guide region query size = 0.
[INFO DRT-0036] metal1 guide region query size = 508898.
[INFO DRT-0036] via1 guide region query size = 0.
[INFO DRT-0036] metal2 guide region query size = 465115.
[INFO DRT-0036] via2 guide region query size = 0.
[INFO DRT-0036] metal3 guide region query size = 279650.
[INFO DRT-0036] via3 guide region query size = 0.
[INFO DRT-0036] metal4 guide region query size = 51766.
[INFO DRT-0036] via4 guide region query size = 0.
[INFO DRT-0036] metal5 guide region query size = 26756.
[INFO DRT-0036] via5 guide region query size = 0.
[INFO DRT-0036] metal6 guide region query size = 10569.
[INFO DRT-0036] via6 guide region query size = 0.
[INFO DRT-0036] metal7 guide region query size = 2932.
[INFO DRT-0036] via7 guide region query size = 0.
[INFO DRT-0036] metal8 guide region query size = 1417.
[INFO DRT-0036] via8 guide region query size = 0.
[INFO DRT-0036] metal9 guide region query size = 513.
[INFO DRT-0036] via9 guide region query size = 0.
[INFO DRT-0036] metal10 guide region query size = 102.
[INFO DRT-0179] Init gr pin query.
[INFO DRT-0267] cpu time = 00:00:08, elapsed time = 00:00:01, memory = 2363.86 (MB), peak = 2359.64 (MB)
[INFO DRT-0245] skipped writing guide updates to database.
[INFO DRT-0181] Start track assignment.
[INFO DRT-0184] Done with 528969 vertical wires in 11 frboxes and 818749 horizontal wires in 11 frboxes.
[INFO DRT-0186] Done with 133417 vertical wires in 11 frboxes and 170005 horizontal wires in 11 frboxes.
[INFO DRT-0182] Complete track assignment.
[INFO DRT-0267] cpu time = 00:01:39, elapsed time = 00:00:24, memory = 4789.85 (MB), peak = 4817.89 (MB)
[INFO DRT-0187] Start routing data preparation.
[INFO DRT-0267] cpu time = 00:00:01, elapsed time = 00:00:01, memory = 5124.42 (MB), peak = 5120.52 (MB)
[INFO DRT-0194] Start detail routing.
[INFO DRT-0195] Start 0th optimization iteration.
    Completing 10% with 0 violations.
    elapsed time = 00:00:13, memory = 7354.00 (MB).
    Completing 20% with 8172 violations.
    elapsed time = 00:00:28, memory = 8266.54 (MB).
    Completing 30% with 10164 violations.
    elapsed time = 00:00:35, memory = 8470.14 (MB).
    Completing 40% with 10164 violations.
    elapsed time = 00:00:52, memory = 8610.87 (MB).
    Completing 50% with 18395 violations.
    elapsed time = 00:01:02, memory = 8800.86 (MB).
    Completing 60% with 19652 violations.
    elapsed time = 00:01:17, memory = 8910.49 (MB).
    Completing 70% with 27596 violations.
    elapsed time = 00:01:32, memory = 9047.71 (MB).
    Completing 80% with 29208 violations.
    elapsed time = 00:01:42, memory = 9246.25 (MB).
    Completing 90% with 29208 violations.
    elapsed time = 00:02:00, memory = 9316.79 (MB).
    Completing 100% with 37914 violations.
    elapsed time = 00:02:11, memory = 9279.71 (MB).
[INFO DRT-0199]   Number of violations = 54907.
Viol/Layer      metal1   via1 metal2   via2 metal3   via3 metal4   via4 metal5   via5 metal6   via6 metal7   via7 metal8
Cut Spacing          0     11      0     27      0      2      0     85      0     34      0     10      0      1      0
Metal Spacing        1      0   2143      0    320      0     48      0    957      0    294      0    168      0      2
Recheck            224      0   7193      0   5513      0    461      0   2351      0    789      0    449      0     13
Short                0     10  18273     45   4431     24    579      5   5821     33   4072    104    386      4     24
[INFO DRT-0267] cpu time = 00:56:47, elapsed time = 00:02:15, memory = 9280.08 (MB), peak = 9422.83 (MB)
Total wire length = 7092079 um.
Total wire length on LAYER metal1 = 0 um.
Total wire length on LAYER metal2 = 1621853 um.
Total wire length on LAYER metal3 = 2144003 um.
Total wire length on LAYER metal4 = 1006096 um.
Total wire length on LAYER metal5 = 1280187 um.
Total wire length on LAYER metal6 = 580639 um.
Total wire length on LAYER metal7 = 277960 um.
Total wire length on LAYER metal8 = 107284 um.
Total wire length on LAYER metal9 = 59935 um.
Total wire length on LAYER metal10 = 14118 um.
Total number of vias = 1368814.
Up-via summary (total 1368814):

------------------
 active          0
 metal1     594017
 metal2     635087
 metal3      68634
 metal4      35235
 metal5      25217
 metal6       6664
 metal7       2961
 metal8        812
 metal9        187
------------------
       1368814


[INFO DRT-0195] Start 1st optimization iteration.
    Completing 10% with 54907 violations.
    elapsed time = 00:00:13, memory = 9396.30 (MB).
    Completing 20% with 45564 violations.
    elapsed time = 00:00:28, memory = 9397.94 (MB).
    Completing 30% with 43338 violations.
    elapsed time = 00:00:34, memory = 9488.92 (MB).
    Completing 40% with 43338 violations.
    elapsed time = 00:00:49, memory = 9352.16 (MB).
    Completing 50% with 34239 violations.
    elapsed time = 00:00:57, memory = 9357.41 (MB).
    Completing 60% with 32463 violations.
    elapsed time = 00:01:11, memory = 9545.95 (MB).
    Completing 70% with 23645 violations.
    elapsed time = 00:01:26, memory = 9418.96 (MB).
    Completing 80% with 21861 violations.
    elapsed time = 00:01:32, memory = 9731.14 (MB).
    Completing 90% with 21861 violations.
    elapsed time = 00:01:47, memory = 9511.66 (MB).
    Completing 100% with 12342 violations.
    elapsed time = 00:01:54, memory = 9410.96 (MB).
[INFO DRT-0199]   Number of violations = 12342.
Viol/Layer      metal1   via1 metal2   via2 metal3 metal4   via4 metal5   via5 metal6 metal7 metal8   via8 metal9
Cut Spacing          0     24      0     17      0      0     17      0      8      0      0      0      1      0
Metal Spacing        0      0   1830      0    105      2      0     80      0     58      6      0      0      0
Recheck              4      0     34      0     10      0      0      0      0      0      0      0      0      0
Short                0      0   6996      1   1028     14      0   1248      1    837     11      9      0      1
[INFO DRT-0267] cpu time = 00:49:11, elapsed time = 00:01:58, memory = 9352.57 (MB), peak = 9824.42 (MB)
Total wire length = 7069021 um.
Total wire length on LAYER metal1 = 0 um.
Total wire length on LAYER metal2 = 1612372 um.
Total wire length on LAYER metal3 = 2137465 um.
Total wire length on LAYER metal4 = 1004816 um.
Total wire length on LAYER metal5 = 1275189 um.
Total wire length on LAYER metal6 = 576840 um.
Total wire length on LAYER metal7 = 279763 um.
Total wire length on LAYER metal8 = 108438 um.
Total wire length on LAYER metal9 = 60034 um.
Total wire length on LAYER metal10 = 14102 um.
Total number of vias = 1351344.
Up-via summary (total 1351344):

------------------
 active          0
 metal1     594424
 metal2     622402
 metal3      68139
 metal4      35106
 metal5      22286
 metal6       5281
 metal7       2738
 metal8        783
 metal9        185
------------------
       1351344


[INFO DRT-0195] Start 2nd optimization iteration.
    Completing 10% with 12342 violations.
    elapsed time = 00:00:09, memory = 9469.66 (MB).
    Completing 20% with 11541 violations.
    elapsed time = 00:00:20, memory = 9286.91 (MB).
    Completing 30% with 11447 violations.
    elapsed time = 00:00:24, memory = 9442.82 (MB).
    Completing 40% with 11447 violations.
    elapsed time = 00:00:35, memory = 9289.67 (MB).
    Completing 50% with 11005 violations.
    elapsed time = 00:00:41, memory = 9289.67 (MB).
    Completing 60% with 10884 violations.
    elapsed time = 00:00:51, memory = 9462.08 (MB).
    Completing 70% with 10115 violations.
    elapsed time = 00:01:01, memory = 9299.78 (MB).
    Completing 80% with 10041 violations.
    elapsed time = 00:01:06, memory = 9431.30 (MB).
    Completing 90% with 10041 violations.
    elapsed time = 00:01:17, memory = 9272.47 (MB).
    Completing 100% with 9366 violations.
    elapsed time = 00:01:23, memory = 9272.47 (MB).
[INFO DRT-0199]   Number of violations = 9366.
Viol/Layer        via1 metal2   via2 metal3 metal4   via4 metal5   via5 metal6 metal7 metal8
Cut Spacing         20      0     13      0      0     10      0      5      0      0      0
Metal Spacing        0   1506      0     88      5      0     16      0     26      0      0
Recheck              0      4      0      0      0      0      0      0      0      0      0
Short                0   5692      0    734     25      0    698      1    499      3     21
[INFO DRT-0267] cpu time = 00:35:05, elapsed time = 00:01:26, memory = 9272.47 (MB), peak = 9824.42 (MB)
Total wire length = 7064126 um.
Total wire length on LAYER metal1 = 0 um.
Total wire length on LAYER metal2 = 1610294 um.
Total wire length on LAYER metal3 = 2136415 um.
Total wire length on LAYER metal4 = 1004702 um.
Total wire length on LAYER metal5 = 1274484 um.
Total wire length on LAYER metal6 = 575638 um.
Total wire length on LAYER metal7 = 279644 um.
Total wire length on LAYER metal8 = 108782 um.
Total wire length on LAYER metal9 = 60056 um.
Total wire length on LAYER metal10 = 14108 um.
Total number of vias = 1347522.
Up-via summary (total 1347522):

------------------
 active          0
 metal1     594428
 metal2     619566
 metal3      67828
 metal4      34964
 metal5      22027
 metal6       5105
 metal7       2647
 metal8        775
 metal9        182
------------------
       1347522


[INFO DRT-0195] Start 3rd optimization iteration.
    Completing 10% with 9366 violations.
    elapsed time = 00:00:04, memory = 9374.59 (MB).
    Completing 20% with 7132 violations.
    elapsed time = 00:00:10, memory = 9211.36 (MB).
    Completing 30% with 6995 violations.
    elapsed time = 00:00:13, memory = 9343.05 (MB).
    Completing 40% with 6995 violations.
    elapsed time = 00:00:17, memory = 9273.72 (MB).
    Completing 50% with 4931 violations.
    elapsed time = 00:00:21, memory = 9274.28 (MB).
    Completing 60% with 4867 violations.
    elapsed time = 00:00:26, memory = 9341.63 (MB).
    Completing 70% with 2585 violations.
    elapsed time = 00:00:30, memory = 9274.60 (MB).
    Completing 80% with 2518 violations.
    elapsed time = 00:00:35, memory = 9375.99 (MB).
    Completing 90% with 2518 violations.
    elapsed time = 00:00:39, memory = 9274.66 (MB).
    Completing 100% with 461 violations.
    elapsed time = 00:00:43, memory = 9274.66 (MB).
[INFO DRT-0199]   Number of violations = 461.
Viol/Layer      metal2   via2 metal3 metal5 metal6 metal8
Cut Spacing          0      1      0      0      0      0
Metal Spacing       27      0      0      4      8      0
Short               84      0     14    182    128     13
[INFO DRT-0267] cpu time = 00:15:04, elapsed time = 00:00:43, memory = 9274.66 (MB), peak = 9824.42 (MB)
Total wire length = 7066066 um.
Total wire length on LAYER metal1 = 0 um.
Total wire length on LAYER metal2 = 1599482 um.
Total wire length on LAYER metal3 = 2139264 um.
Total wire length on LAYER metal4 = 1014879 um.
Total wire length on LAYER metal5 = 1272902 um.
Total wire length on LAYER metal6 = 574178 um.
Total wire length on LAYER metal7 = 281364 um.
Total wire length on LAYER metal8 = 109772 um.
Total wire length on LAYER metal9 = 60100 um.
Total wire length on LAYER metal10 = 14121 um.
Total number of vias = 1357635.
Up-via summary (total 1357635):

------------------
 active          0
 metal1     594430
 metal2     625000
 metal3      71019
 metal4      35140
 metal5      22635
 metal6       5604
 metal7       2840
 metal8        783
 metal9        184
------------------
       1357635


[INFO DRT-0195] Start 4th optimization iteration.
    Completing 10% with 461 violations.
    elapsed time = 00:00:00, memory = 9274.66 (MB).
    Completing 20% with 392 violations.
    elapsed time = 00:00:04, memory = 9210.75 (MB).
    Completing 30% with 385 violations.
    elapsed time = 00:00:11, memory = 9210.75 (MB).
    Completing 40% with 385 violations.
    elapsed time = 00:00:11, memory = 9210.75 (MB).
    Completing 50% with 361 violations.
    elapsed time = 00:00:15, memory = 9210.75 (MB).
    Completing 60% with 361 violations.
    elapsed time = 00:00:15, memory = 9210.75 (MB).
    Completing 70% with 302 violations.
    elapsed time = 00:00:17, memory = 9210.75 (MB).
    Completing 80% with 302 violations.
    elapsed time = 00:00:17, memory = 9210.75 (MB).
    Completing 90% with 302 violations.
    elapsed time = 00:00:17, memory = 9210.75 (MB).
    Completing 100% with 260 violations.
    elapsed time = 00:00:18, memory = 9210.75 (MB).
[INFO DRT-0199]   Number of violations = 260.
Viol/Layer      metal2 metal5 metal6 metal8
Metal Spacing        0      4      4      0
Short                1    150     88     13
[INFO DRT-0267] cpu time = 00:00:54, elapsed time = 00:00:18, memory = 9210.75 (MB), peak = 9824.42 (MB)
Total wire length = 7066052 um.
Total wire length on LAYER metal1 = 0 um.
Total wire length on LAYER metal2 = 1599310 um.
Total wire length on LAYER metal3 = 2139336 um.
Total wire length on LAYER metal4 = 1015025 um.
Total wire length on LAYER metal5 = 1272745 um.
Total wire length on LAYER metal6 = 574098 um.
Total wire length on LAYER metal7 = 281482 um.
Total wire length on LAYER metal8 = 109825 um.
Total wire length on LAYER metal9 = 60106 um.
Total wire length on LAYER metal10 = 14121 um.
Total number of vias = 1357758.
Up-via summary (total 1357758):

------------------
 active          0
 metal1     594430
 metal2     625046
 metal3      71044
 metal4      35130
 metal5      22645
 metal6       5638
 metal7       2856
 metal8        785
 metal9        184
------------------
       1357758


[INFO DRT-0195] Start 5th optimization iteration.
    Completing 10% with 260 violations.
    elapsed time = 00:00:00, memory = 9210.75 (MB).
    Completing 20% with 257 violations.
    elapsed time = 00:00:03, memory = 9210.75 (MB).
    Completing 30% with 257 violations.
    elapsed time = 00:00:04, memory = 9210.75 (MB).
    Completing 40% with 257 violations.
    elapsed time = 00:00:04, memory = 9210.75 (MB).
    Completing 50% with 250 violations.
    elapsed time = 00:00:07, memory = 9210.75 (MB).
    Completing 60% with 250 violations.
    elapsed time = 00:00:07, memory = 9210.75 (MB).
    Completing 70% with 248 violations.
    elapsed time = 00:00:09, memory = 9210.75 (MB).
    Completing 80% with 248 violations.
    elapsed time = 00:00:09, memory = 9210.75 (MB).
    Completing 90% with 248 violations.
    elapsed time = 00:00:09, memory = 9210.75 (MB).
    Completing 100% with 248 violations.
    elapsed time = 00:00:10, memory = 9210.75 (MB).
[INFO DRT-0199]   Number of violations = 248.
Viol/Layer      metal5 metal6 metal8
Metal Spacing        4      4      0
Short              145     82     13
[INFO DRT-0267] cpu time = 00:00:29, elapsed time = 00:00:11, memory = 9211.00 (MB), peak = 9824.42 (MB)
Total wire length = 7066078 um.
Total wire length on LAYER metal1 = 0 um.
Total wire length on LAYER metal2 = 1599309 um.
Total wire length on LAYER metal3 = 2139337 um.
Total wire length on LAYER metal4 = 1015026 um.
Total wire length on LAYER metal5 = 1272737 um.
Total wire length on LAYER metal6 = 574079 um.
Total wire length on LAYER metal7 = 281507 um.
Total wire length on LAYER metal8 = 109853 um.
Total wire length on LAYER metal9 = 60106 um.
Total wire length on LAYER metal10 = 14121 um.
Total number of vias = 1357785.
Up-via summary (total 1357785):

------------------
 active          0
 metal1     594430
 metal2     625048
 metal3      71044
 metal4      35132
 metal5      22658
 metal6       5644
 metal7       2860
 metal8        785
 metal9        184
------------------
       1357785


[INFO DRT-0195] Start 6th optimization iteration.
    Completing 10% with 248 violations.
    elapsed time = 00:00:00, memory = 9211.00 (MB).
    Completing 20% with 226 violations.
    elapsed time = 00:00:04, memory = 9211.00 (MB).
    Completing 30% with 226 violations.
    elapsed time = 00:00:04, memory = 9211.00 (MB).
    Completing 40% with 226 violations.
    elapsed time = 00:00:04, memory = 9211.00 (MB).
    Completing 50% with 211 violations.
    elapsed time = 00:00:09, memory = 9211.00 (MB).
    Completing 60% with 211 violations.
    elapsed time = 00:00:09, memory = 9211.00 (MB).
    Completing 70% with 207 violations.
    elapsed time = 00:00:12, memory = 9211.00 (MB).
    Completing 80% with 207 violations.
    elapsed time = 00:00:15, memory = 9211.00 (MB).
    Completing 90% with 207 violations.
    elapsed time = 00:00:15, memory = 9211.00 (MB).
    Completing 100% with 206 violations.
    elapsed time = 00:00:18, memory = 9211.00 (MB).
[INFO DRT-0199]   Number of violations = 206.
Viol/Layer      metal5 metal6 metal8
Metal Spacing        0      5      0
Short              124     64     13
[INFO DRT-0267] cpu time = 00:00:37, elapsed time = 00:00:19, memory = 9211.00 (MB), peak = 9824.42 (MB)
Total wire length = 7066174 um.
Total wire length on LAYER metal1 = 0 um.
Total wire length on LAYER metal2 = 1599312 um.
Total wire length on LAYER metal3 = 2139337 um.
Total wire length on LAYER metal4 = 1015045 um.
Total wire length on LAYER metal5 = 1272622 um.
Total wire length on LAYER metal6 = 574069 um.
Total wire length on LAYER metal7 = 281606 um.
Total wire length on LAYER metal8 = 109904 um.
Total wire length on LAYER metal9 = 60155 um.
Total wire length on LAYER metal10 = 14121 um.
Total number of vias = 1357880.
Up-via summary (total 1357880):

------------------
 active          0
 metal1     594430
 metal2     625050
 metal3      71044
 metal4      35136
 metal5      22691
 metal6       5680
 metal7       2874
 metal8        791
 metal9        184
------------------
       1357880


[INFO DRT-0195] Start 7th optimization iteration.
    Completing 10% with 206 violations.
    elapsed time = 00:00:00, memory = 9211.00 (MB).
    Completing 20% with 204 violations.
    elapsed time = 00:00:03, memory = 9211.00 (MB).
    Completing 30% with 204 violations.
    elapsed time = 00:00:03, memory = 9211.00 (MB).
    Completing 40% with 204 violations.
    elapsed time = 00:00:03, memory = 9211.00 (MB).
    Completing 50% with 194 violations.
    elapsed time = 00:00:08, memory = 9211.00 (MB).
    Completing 60% with 194 violations.
    elapsed time = 00:00:08, memory = 9211.00 (MB).
    Completing 70% with 184 violations.
    elapsed time = 00:00:10, memory = 9211.00 (MB).
    Completing 80% with 184 violations.
    elapsed time = 00:00:11, memory = 9211.00 (MB).
    Completing 90% with 184 violations.
    elapsed time = 00:00:11, memory = 9211.00 (MB).
    Completing 100% with 175 violations.
    elapsed time = 00:00:13, memory = 9211.00 (MB).
[INFO DRT-0199]   Number of violations = 175.
Viol/Layer      metal5 metal6 metal8
Metal Spacing        0      4      0
Short              113     52      6
[INFO DRT-0267] cpu time = 00:00:26, elapsed time = 00:00:14, memory = 9211.00 (MB), peak = 9824.42 (MB)
Total wire length = 7066207 um.
Total wire length on LAYER metal1 = 0 um.
Total wire length on LAYER metal2 = 1599318 um.
Total wire length on LAYER metal3 = 2139349 um.
Total wire length on LAYER metal4 = 1015062 um.
Total wire length on LAYER metal5 = 1272595 um.
Total wire length on LAYER metal6 = 574008 um.
Total wire length on LAYER metal7 = 281633 um.
Total wire length on LAYER metal8 = 109958 um.
Total wire length on LAYER metal9 = 60172 um.
Total wire length on LAYER metal10 = 14108 um.
Total number of vias = 1357914.
Up-via summary (total 1357914):

------------------
 active          0
 metal1     594430
 metal2     625050
 metal3      71044
 metal4      35136
 metal5      22703
 metal6       5698
 metal7       2878
 metal8        793
 metal9        182
------------------
       1357914


[INFO DRT-0195] Start 8th optimization iteration.
    Completing 10% with 175 violations.
    elapsed time = 00:00:00, memory = 9211.00 (MB).
    Completing 20% with 175 violations.
    elapsed time = 00:00:00, memory = 9211.00 (MB).
    Completing 30% with 175 violations.
    elapsed time = 00:00:02, memory = 9211.00 (MB).
    Completing 40% with 175 violations.
    elapsed time = 00:00:02, memory = 9211.00 (MB).
    Completing 50% with 175 violations.
    elapsed time = 00:00:02, memory = 9211.00 (MB).
    Completing 60% with 163 violations.
    elapsed time = 00:00:03, memory = 9211.00 (MB).
    Completing 70% with 163 violations.
    elapsed time = 00:00:03, memory = 9211.00 (MB).
    Completing 80% with 163 violations.
    elapsed time = 00:00:09, memory = 9211.00 (MB).
    Completing 90% with 163 violations.
    elapsed time = 00:00:09, memory = 9211.00 (MB).
    Completing 100% with 120 violations.
    elapsed time = 00:00:16, memory = 9211.00 (MB).
[INFO DRT-0199]   Number of violations = 120.
Viol/Layer      metal5 metal6 metal8
Metal Spacing        0      4      0
Short               71     39      6
[INFO DRT-0267] cpu time = 00:00:27, elapsed time = 00:00:16, memory = 9211.00 (MB), peak = 9824.42 (MB)
Total wire length = 7066184 um.
Total wire length on LAYER metal1 = 0 um.
Total wire length on LAYER metal2 = 1599318 um.
Total wire length on LAYER metal3 = 2139349 um.
Total wire length on LAYER metal4 = 1015062 um.
Total wire length on LAYER metal5 = 1272526 um.
Total wire length on LAYER metal6 = 573977 um.
Total wire length on LAYER metal7 = 281679 um.
Total wire length on LAYER metal8 = 109976 um.
Total wire length on LAYER metal9 = 60185 um.
Total wire length on LAYER metal10 = 14108 um.
Total number of vias = 1357930.
Up-via summary (total 1357930):

------------------
 active          0
 metal1     594430
 metal2     625050
 metal3      71044
 metal4      35136
 metal5      22709
 metal6       5702
 metal7       2882
 metal8        795
 metal9        182
------------------
       1357930


[INFO DRT-0195] Start 9th optimization iteration.
    Completing 10% with 120 violations.
    elapsed time = 00:00:00, memory = 9211.00 (MB).
    Completing 20% with 120 violations.
    elapsed time = 00:00:00, memory = 9211.00 (MB).
    Completing 30% with 91 violations.
    elapsed time = 00:00:01, memory = 9211.00 (MB).
    Completing 40% with 91 violations.
    elapsed time = 00:00:01, memory = 9211.00 (MB).
    Completing 50% with 91 violations.
    elapsed time = 00:00:01, memory = 9211.00 (MB).
    Completing 60% with 85 violations.
    elapsed time = 00:00:05, memory = 9211.00 (MB).
    Completing 70% with 85 violations.
    elapsed time = 00:00:05, memory = 9211.00 (MB).
    Completing 80% with 71 violations.
    elapsed time = 00:00:07, memory = 9211.00 (MB).
    Completing 90% with 71 violations.
    elapsed time = 00:00:07, memory = 9211.00 (MB).
    Completing 100% with 71 violations.
    elapsed time = 00:00:12, memory = 9211.00 (MB).
[INFO DRT-0199]   Number of violations = 71.
Viol/Layer      metal5 metal6 metal8
Metal Spacing        1      2      0
Short               43     24      1
[INFO DRT-0267] cpu time = 00:00:23, elapsed time = 00:00:12, memory = 9211.00 (MB), peak = 9824.42 (MB)
Total wire length = 7066313 um.
Total wire length on LAYER metal1 = 0 um.
Total wire length on LAYER metal2 = 1599318 um.
Total wire length on LAYER metal3 = 2139343 um.
Total wire length on LAYER metal4 = 1015072 um.
Total wire length on LAYER metal5 = 1272363 um.
Total wire length on LAYER metal6 = 573676 um.
Total wire length on LAYER metal7 = 281896 um.
Total wire length on LAYER metal8 = 110299 um.
Total wire length on LAYER metal9 = 60201 um.
Total wire length on LAYER metal10 = 14142 um.
Total number of vias = 1358029.
Up-via summary (total 1358029):

------------------
 active          0
 metal1     594430
 metal2     625050
 metal3      71042
 metal4      35136
 metal5      22736
 metal6       5738
 metal7       2914
 metal8        799
 metal9        184
------------------
       1358029


[INFO DRT-0195] Start 10th guides tiles iteration.
    Completing 10% with 71 violations.
    elapsed time = 00:00:00, memory = 9669.73 (MB).
    Completing 20% with 71 violations.
    elapsed time = 00:00:00, memory = 9547.54 (MB).
    Completing 30% with 71 violations.
    elapsed time = 00:00:01, memory = 9432.54 (MB).
    Completing 40% with 71 violations.
    elapsed time = 00:00:04, memory = 9211.00 (MB).
    Completing 50% with 48 violations.
    elapsed time = 00:00:05, memory = 9656.98 (MB).
    Completing 60% with 48 violations.
    elapsed time = 00:00:05, memory = 9396.32 (MB).
    Completing 70% with 48 violations.
    elapsed time = 00:00:06, memory = 9211.00 (MB).
    Completing 80% with 38 violations.
    elapsed time = 00:00:07, memory = 10300.98 (MB).
    Completing 90% with 28 violations.
    elapsed time = 00:00:25, memory = 9695.10 (MB).
    Completing 100% with 23 violations.
    elapsed time = 00:00:26, memory = 9211.00 (MB).
[INFO DRT-0199]   Number of violations = 23.
Viol/Layer      metal5 metal6 metal7
Short               13      5      5
[INFO DRT-0267] cpu time = 00:00:36, elapsed time = 00:00:27, memory = 9211.00 (MB), peak = 10555.93 (MB)
Total wire length = 7066295 um.
Total wire length on LAYER metal1 = 0 um.
Total wire length on LAYER metal2 = 1599318 um.
Total wire length on LAYER metal3 = 2139362 um.
Total wire length on LAYER metal4 = 1015164 um.
Total wire length on LAYER metal5 = 1272134 um.
Total wire length on LAYER metal6 = 573242 um.
Total wire length on LAYER metal7 = 281903 um.
Total wire length on LAYER metal8 = 110335 um.
Total wire length on LAYER metal9 = 60376 um.
Total wire length on LAYER metal10 = 14457 um.
Total number of vias = 1358051.
Up-via summary (total 1358051):

------------------
 active          0
 metal1     594430
 metal2     625051
 metal3      71043
 metal4      35132
 metal5      22728
 metal6       5742
 metal7       2924
 metal8        811
 metal9        190
------------------
       1358051


[INFO DRT-0195] Start 11th guides tiles iteration.
    Completing 10% with 23 violations.
    elapsed time = 00:00:01, memory = 9516.35 (MB).
    Completing 30% with 23 violations.
    elapsed time = 00:00:01, memory = 9434.07 (MB).
    Completing 50% with 23 violations.
    elapsed time = 00:00:02, memory = 9211.00 (MB).
    Completing 60% with 11 violations.
    elapsed time = 00:00:02, memory = 9211.00 (MB).
    Completing 80% with 11 violations.
    elapsed time = 00:00:02, memory = 9211.00 (MB).
    Completing 100% with 0 violations.
    elapsed time = 00:00:04, memory = 9211.00 (MB).
[INFO DRT-0199]   Number of violations = 0.
[INFO DRT-0267] cpu time = 00:00:08, elapsed time = 00:00:04, memory = 9211.00 (MB), peak = 10555.93 (MB)
Total wire length = 7066280 um.
Total wire length on LAYER metal1 = 0 um.
Total wire length on LAYER metal2 = 1599317 um.
Total wire length on LAYER metal3 = 2139362 um.
Total wire length on LAYER metal4 = 1015203 um.
Total wire length on LAYER metal5 = 1271791 um.
Total wire length on LAYER metal6 = 573169 um.
Total wire length on LAYER metal7 = 281860 um.
Total wire length on LAYER metal8 = 110343 um.
Total wire length on LAYER metal9 = 60744 um.
Total wire length on LAYER metal10 = 14486 um.
Total number of vias = 1358058.
Up-via summary (total 1358058):

------------------
 active          0
 metal1     594430
 metal2     625047
 metal3      71043
 metal4      35128
 metal5      22723
 metal6       5746
 metal7       2932
 metal8        817
 metal9        192
------------------
       1358058


[INFO DRT-0198] Complete detail routing.
Total wire length = 7066280 um.
Total wire length on LAYER metal1 = 0 um.
Total wire length on LAYER metal2 = 1599317 um.
Total wire length on LAYER metal3 = 2139362 um.
Total wire length on LAYER metal4 = 1015203 um.
Total wire length on LAYER metal5 = 1271791 um.
Total wire length on LAYER metal6 = 573169 um.
Total wire length on LAYER metal7 = 281860 um.
Total wire length on LAYER metal8 = 110343 um.
Total wire length on LAYER metal9 = 60744 um.
Total wire length on LAYER metal10 = 14486 um.
Total number of vias = 1358058.
Up-via summary (total 1358058):

------------------
 active          0
 metal1     594430
 metal2     625047
 metal3      71043
 metal4      35128
 metal5      22723
 metal6       5746
 metal7       2932
 metal8        817
 metal9        192
------------------
       1358058


[INFO DRT-0267] cpu time = 02:40:16, elapsed time = 00:08:31, memory = 9211.00 (MB), peak = 10555.93 (MB)

[INFO DRT-0180] Post processing.
[INFO DRT-0501] Runtime: 587.77s
Took 587 seconds: detailed_route -output_drc /tmp/workspace/scripts-Private_test-fr_cugr_cmp-1-/reports/nangate45/ariane136/base/5_route_drc.rpt -output_maze /tmp/workspace/scripts-Private_test-fr_cugr_cmp-1-/results/nangate45/ariane136/base/maze.log -droute_end_iter 64 -verbose 1 -drc_report_iter_step 5
[WARNING GRT-0246] No diode with LEF class CORE ANTENNACELL found.
[INFO ANT-0002] Found 0 net violations.
[INFO ANT-0001] Found 0 pin violations.
[INFO ANT-0002] Found 0 net violations.
[INFO ANT-0001] Found 0 pin violations.
Design area 739882 um^2 36% utilization.
write_db /tmp/workspace/scripts-Private_test-fr_cugr_cmp-1-/results/nangate45/ariane136/base/5_2_route.odb
Elapsed time: 10:16.70[h:]min:sec. CPU time: user 11404.85 sys 9.33 (1850%). Peak memory: 10809272KB.
Log                       Ext     Elapsed/s Peak Memory/MB sha1sum result [0:20)
5_2_route                 .odb          616          10555 f9f769f1380bc1fbd024
