Yosys 0.68+post (git sha1 UNKNOWN, Release, GNU /usr/local/bin/wrapped-cc/g++ 11.4.0)
Using ABC area script.
Extracting clock period from SDC file: /tmp/workspace/scripts-Private_test-fr_cugr_cmp-2-/results/gf180/aes-hybrid/base/clock_period.txt
Setting clock period to 3
1. Executing Liberty frontend: /OpenROAD-flow-scripts/flow/platforms/gf180/lib/gf180mcu_fd_sc_mcu9t5v0__ff_n40C_5v50.lib.gz
2. Executing Liberty frontend: ./platforms/gf180/lib/gf180mcu_fd_sc_mcu7t5v0__ff_n40C_5v50.lib.gz
3. Executing Liberty frontend: /OpenROAD-flow-scripts/flow/platforms/gf180/lib/gf180mcu_fd_sc_mcu9t5v0__ff_n40C_5v50.lib.gz
4. Executing Liberty frontend: ./platforms/gf180/lib/gf180mcu_fd_sc_mcu7t5v0__ff_n40C_5v50.lib.gz
5. Executing Verilog-2005 frontend: /OpenROAD-flow-scripts/flow/designs/src/aes/aes_cipher_top.v
6. Executing Verilog-2005 frontend: /OpenROAD-flow-scripts/flow/designs/src/aes/aes_inv_cipher_top.v
7. Executing Verilog-2005 frontend: /OpenROAD-flow-scripts/flow/designs/src/aes/aes_inv_sbox.v
8. Executing Verilog-2005 frontend: /OpenROAD-flow-scripts/flow/designs/src/aes/aes_key_expand_128.v
9. Executing Verilog-2005 frontend: /OpenROAD-flow-scripts/flow/designs/src/aes/aes_rcon.v
10. Executing Verilog-2005 frontend: /OpenROAD-flow-scripts/flow/designs/src/aes/aes_sbox.v
11. Executing Verilog-2005 frontend: /OpenROAD-flow-scripts/flow/designs/src/aes/timescale.v
12. Executing HIERARCHY pass (managing design hierarchy).
13. Executing AST frontend in derive mode using pre-parsed AST for module `\aes_cipher_top'.
13.1. Analyzing design hierarchy..
13.2. Executing AST frontend in derive mode using pre-parsed AST for module `\aes_sbox'.
13.3. Executing AST frontend in derive mode using pre-parsed AST for module `\aes_key_expand_128'.
Warning: Replacing memory \w with list of registers. See /OpenROAD-flow-scripts/flow/designs/src/aes/aes_key_expand_128.v:73
13.4. Analyzing design hierarchy..
13.5. Executing AST frontend in derive mode using pre-parsed AST for module `\aes_rcon'.
13.6. Analyzing design hierarchy..
13.7. Analyzing design hierarchy..
14. Executing OPT_CLEAN pass (remove unused cells and wires).
Warning: Ignoring module aes_sbox because it contains processes (run 'proc' command first).
Warning: Ignoring module aes_cipher_top because it contains processes (run 'proc' command first).
Warning: Ignoring module aes_rcon because it contains processes (run 'proc' command first).
Warning: Ignoring module aes_key_expand_128 because it contains processes (run 'proc' command first).
15. Executing RTLIL backend.
Warnings: 5 unique messages, 5 total
End of script. Logfile hash: efd9828913, time: 0.61s, user: 0.56s, system: 0.04s, MEM: 74.65 MB peak
Yosys 0.68+post (git sha1 UNKNOWN, Release, GNU /usr/local/bin/wrapped-cc/g++ 11.4.0)
Time spent: 91% 6x read_liberty (0 sec), 2% 1x hierarchy (0 sec), ...
Elapsed time: 0:00.62[h:]min:sec. CPU time: user 0.58 sys 0.05 (99%). Peak memory: 79256KB.
Log                       Ext     Elapsed/s Peak Memory/MB sha1sum result [0:20)
1_1_yosys_canonicalize    .rtlil          0             77 b19a2f6fe6691467e4e9
