OpenROAD 26Q3-1464-gb22abfea20 
Features included (+) or not (-): +GPU +GUI +Python
This program is licensed under the BSD-3 license. See the LICENSE file for details.
Components of this program may be licensed under more restrictive licenses which must be honored.
[INFO ORD-0030] Using 30 thread(s).
read_liberty /OpenROAD-flow-scripts/flow/platforms/gf180/lib/gf180mcu_fd_sc_mcu9t5v0__ff_n40C_5v50.lib.gz
read_liberty ./platforms/gf180/lib/gf180mcu_fd_sc_mcu7t5v0__ff_n40C_5v50.lib.gz
read_db /tmp/workspace/scripts-Private_test-fr_cugr_cmp-2-/results/gf180/aes-hybrid/base/5_1_grt.odb
read_sdc /tmp/workspace/scripts-Private_test-fr_cugr_cmp-2-/results/gf180/aes-hybrid/base/5_1_grt.sdc
source ./platforms/gf180/setRC.tcl
[WARNING STA-0450] virtual clock vclk_clk can not be propagated.
detailed_route -output_drc /tmp/workspace/scripts-Private_test-fr_cugr_cmp-2-/reports/gf180/aes-hybrid/base/5_route_drc.rpt -output_maze /tmp/workspace/scripts-Private_test-fr_cugr_cmp-2-/results/gf180/aes-hybrid/base/maze.log -disable_via_gen -droute_end_iter 64 -verbose 1 -drc_report_iter_step 5
[INFO DRT-0149] Reading tech and libs.
[WARNING DRT-0349] LEF58_ENCLOSURE with no CUTCLASS is not supported. Skipping for layer Via1
[WARNING DRT-0349] LEF58_ENCLOSURE with no CUTCLASS is not supported. Skipping for layer Via1
[WARNING DRT-0349] LEF58_ENCLOSURE with no CUTCLASS is not supported. Skipping for layer Via2
[WARNING DRT-0349] LEF58_ENCLOSURE with no CUTCLASS is not supported. Skipping for layer Via2
[WARNING DRT-0349] LEF58_ENCLOSURE with no CUTCLASS is not supported. Skipping for layer Via3
[WARNING DRT-0349] LEF58_ENCLOSURE with no CUTCLASS is not supported. Skipping for layer Via3
[WARNING DRT-0349] LEF58_ENCLOSURE with no CUTCLASS is not supported. Skipping for layer Via4
[WARNING DRT-0349] LEF58_ENCLOSURE with no CUTCLASS is not supported. Skipping for layer Via4

Units:                2000
Number of layers:     11
Number of macros:     458
Number of vias:       64
Number of viarulegen: 18

[INFO DRT-0150] Reading design.

Design:                   aes_cipher_top
Die area:                 ( 0 0 ) ( 2315110 2315110 )
Number of track patterns: 10
Number of DEF vias:       0
Number of components:     18625
Number of terminals:      390
Number of snets:          2
Number of nets:           17819

[INFO DRT-0167] List of default vias:
  Layer Via2
    default via: Via2_VH
  Layer Via3
    default via: Via3_HV
  Layer Via4
    default via: Via4_1_VH
[INFO DRT-0162] Library cell analysis.
[INFO DRT-0163] Instance analysis.
[INFO DRT-0164] Number of unique instances = 116.
[INFO DRT-0168] Init region query.
[INFO DRT-0024]   Complete Poly2.
[INFO DRT-0024]   Complete CON.
[INFO DRT-0024]   Complete Metal1.
[INFO DRT-0024]   Complete Via1.
[INFO DRT-0024]   Complete Metal2.
[INFO DRT-0024]   Complete Via2.
[INFO DRT-0024]   Complete Metal3.
[INFO DRT-0024]   Complete Via3.
[INFO DRT-0024]   Complete Metal4.
[INFO DRT-0024]   Complete Via4.
[INFO DRT-0024]   Complete Metal5.
[INFO DRT-0033] Poly2 shape region query size = 0.
[INFO DRT-0033] CON shape region query size = 0.
[INFO DRT-0033] Metal1 shape region query size = 451040.
[INFO DRT-0033] Via1 shape region query size = 33280.
[INFO DRT-0033] Metal2 shape region query size = 146432.
[INFO DRT-0033] Via2 shape region query size = 133120.
[INFO DRT-0033] Metal3 shape region query size = 266481.
[INFO DRT-0033] Via3 shape region query size = 133120.
[INFO DRT-0033] Metal4 shape region query size = 133969.
[INFO DRT-0033] Via4 shape region query size = 10400.
[INFO DRT-0033] Metal5 shape region query size = 700.
[INFO DRT-0165] Start pin access.
[INFO DRT-0078]   Complete 597 pins.
[INFO DRT-0079]   Complete 100 unique inst patterns.
[INFO DRT-0081]   Complete 114 unique inst patterns.
[INFO DRT-0082]   Complete 10000 groups.
[INFO DRT-0084]   Complete 12778 groups.
#scanned instances     = 18625
#unique  instances     = 116
#stdCellGenAp          = 4233
#stdCellValidPlanarAp  = 0
#stdCellValidViaAp     = 2892
#stdCellPinNoAp        = 0
#stdCellPinCnt         = 54085
#instTermValidViaApCnt = 0
#macroGenAp            = 0
#macroValidPlanarAp    = 0
#macroValidViaAp       = 0
#macroNoAp             = 0
[INFO DRT-0166] Complete pin access.
[INFO DRT-0267] cpu time = 00:01:39, elapsed time = 00:00:03, memory = 454.89 (MB), peak = 463.46 (MB)
[INFO DRT-0156] guideIn read 100000 guides.

[INFO DRT-0157] Number of guides:     168364

[INFO DRT-0169] Post process guides.
[INFO DRT-0176] GCELLGRID X 0 DO 137 STEP 16800 ;
[INFO DRT-0177] GCELLGRID Y 0 DO 137 STEP 16800 ;
[INFO DRT-0026]   Complete 100000 origin guides.
[INFO DRT-0028]   Complete Poly2.
[INFO DRT-0028]   Complete CON.
[INFO DRT-0028]   Complete Metal1.
[INFO DRT-0028]   Complete Via1.
[INFO DRT-0028]   Complete Metal2.
[INFO DRT-0028]   Complete Via2.
[INFO DRT-0028]   Complete Metal3.
[INFO DRT-0028]   Complete Via3.
[INFO DRT-0028]   Complete Metal4.
[INFO DRT-0028]   Complete Via4.
[INFO DRT-0028]   Complete Metal5.
[INFO DRT-0178] Init guide query.
[INFO DRT-0035]   Complete Poly2 (guide).
[INFO DRT-0035]   Complete CON (guide).
[INFO DRT-0035]   Complete Metal1 (guide).
[INFO DRT-0035]   Complete Via1 (guide).
[INFO DRT-0035]   Complete Metal2 (guide).
[INFO DRT-0035]   Complete Via2 (guide).
[INFO DRT-0035]   Complete Metal3 (guide).
[INFO DRT-0035]   Complete Via3 (guide).
[INFO DRT-0035]   Complete Metal4 (guide).
[INFO DRT-0035]   Complete Via4 (guide).
[INFO DRT-0035]   Complete Metal5 (guide).
[INFO DRT-0036] Poly2 guide region query size = 0.
[INFO DRT-0036] CON guide region query size = 0.
[INFO DRT-0036] Metal1 guide region query size = 52126.
[INFO DRT-0036] Via1 guide region query size = 0.
[INFO DRT-0036] Metal2 guide region query size = 47807.
[INFO DRT-0036] Via2 guide region query size = 0.
[INFO DRT-0036] Metal3 guide region query size = 28278.
[INFO DRT-0036] Via3 guide region query size = 0.
[INFO DRT-0036] Metal4 guide region query size = 8034.
[INFO DRT-0036] Via4 guide region query size = 0.
[INFO DRT-0036] Metal5 guide region query size = 1145.
[INFO DRT-0179] Init gr pin query.
[INFO DRT-0267] cpu time = 00:00:00, elapsed time = 00:00:00, memory = 505.67 (MB), peak = 503.36 (MB)
[INFO DRT-0245] skipped writing guide updates to database.
[INFO DRT-0181] Start track assignment.
[INFO DRT-0184] Done with 55841 vertical wires in 3 frboxes and 81549 horizontal wires in 3 frboxes.
[INFO DRT-0186] Done with 10757 vertical wires in 3 frboxes and 7479 horizontal wires in 3 frboxes.
[INFO DRT-0182] Complete track assignment.
[INFO DRT-0267] cpu time = 00:00:07, elapsed time = 00:00:03, memory = 863.03 (MB), peak = 860.00 (MB)
[INFO DRT-0187] Start routing data preparation.
[INFO DRT-0267] cpu time = 00:00:00, elapsed time = 00:00:00, memory = 863.03 (MB), peak = 860.00 (MB)
[INFO DRT-0194] Start detail routing.
[INFO DRT-0195] Start 0th optimization iteration.
    Completing 10% with 0 violations.
    elapsed time = 00:00:02, memory = 1326.04 (MB).
    Completing 20% with 0 violations.
    elapsed time = 00:00:03, memory = 1458.63 (MB).
    Completing 30% with 545 violations.
    elapsed time = 00:00:05, memory = 1487.35 (MB).
    Completing 40% with 545 violations.
    elapsed time = 00:00:07, memory = 1530.09 (MB).
    Completing 50% with 545 violations.
    elapsed time = 00:00:09, memory = 1559.06 (MB).
    Completing 60% with 1059 violations.
    elapsed time = 00:00:11, memory = 1613.73 (MB).
    Completing 70% with 1059 violations.
    elapsed time = 00:00:12, memory = 1622.77 (MB).
    Completing 80% with 1525 violations.
    elapsed time = 00:00:15, memory = 1674.67 (MB).
    Completing 90% with 1525 violations.
    elapsed time = 00:00:16, memory = 1684.98 (MB).
    Completing 100% with 1966 violations.
    elapsed time = 00:00:18, memory = 1699.11 (MB).
[INFO DRT-0199]   Number of violations = 4329.
Viol/Layer      Metal1   Via1 Metal2   Via2 Metal3 Metal4 Metal5
Metal Spacing        0      0    338      0     43      2      0
Recheck             15      0   1132      0    840    295     81
Short                0      2   1308      6    246     21      0
[INFO DRT-0267] cpu time = 00:06:51, elapsed time = 00:00:18, memory = 1954.27 (MB), peak = 1950.90 (MB)
Total wire length = 1425504 um.
Total wire length on LAYER Metal1 = 0 um.
Total wire length on LAYER Metal2 = 533240 um.
Total wire length on LAYER Metal3 = 536241 um.
Total wire length on LAYER Metal4 = 287070 um.
Total wire length on LAYER Metal5 = 68951 um.
Total number of vias = 119281.
Up-via summary (total 119281):

-----------------
  Poly2         0
 Metal1     54900
 Metal2     49470
 Metal3     12967
 Metal4      1944
-----------------
       119281


[INFO DRT-0195] Start 1st optimization iteration.
    Completing 10% with 4329 violations.
    elapsed time = 00:00:01, memory = 1974.62 (MB).
    Completing 20% with 4329 violations.
    elapsed time = 00:00:03, memory = 2000.98 (MB).
    Completing 30% with 3183 violations.
    elapsed time = 00:00:05, memory = 2027.05 (MB).
    Completing 40% with 3183 violations.
    elapsed time = 00:00:07, memory = 2038.07 (MB).
    Completing 50% with 3183 violations.
    elapsed time = 00:00:08, memory = 2045.04 (MB).
    Completing 60% with 2177 violations.
    elapsed time = 00:00:10, memory = 2052.84 (MB).
    Completing 70% with 2177 violations.
    elapsed time = 00:00:11, memory = 2052.84 (MB).
    Completing 80% with 1326 violations.
    elapsed time = 00:00:13, memory = 2054.85 (MB).
    Completing 90% with 1326 violations.
    elapsed time = 00:00:15, memory = 2061.73 (MB).
    Completing 100% with 453 violations.
    elapsed time = 00:00:16, memory = 2052.86 (MB).
[INFO DRT-0199]   Number of violations = 453.
Viol/Layer      Metal2 Metal3 Metal4
Metal Spacing      101     13      0
NS Metal             1      0      0
Recheck              4      0      0
Short              296     37      1
[INFO DRT-0267] cpu time = 00:06:16, elapsed time = 00:00:17, memory = 2055.86 (MB), peak = 2071.25 (MB)
Total wire length = 1417000 um.
Total wire length on LAYER Metal1 = 0 um.
Total wire length on LAYER Metal2 = 532119 um.
Total wire length on LAYER Metal3 = 531655 um.
Total wire length on LAYER Metal4 = 284782 um.
Total wire length on LAYER Metal5 = 68442 um.
Total number of vias = 117772.
Up-via summary (total 117772):

-----------------
  Poly2         0
 Metal1     54916
 Metal2     48342
 Metal3     12640
 Metal4      1874
-----------------
       117772


[INFO DRT-0195] Start 2nd optimization iteration.
    Completing 10% with 453 violations.
    elapsed time = 00:00:00, memory = 2055.86 (MB).
    Completing 20% with 453 violations.
    elapsed time = 00:00:01, memory = 2081.73 (MB).
    Completing 30% with 422 violations.
    elapsed time = 00:00:03, memory = 2090.21 (MB).
    Completing 40% with 422 violations.
    elapsed time = 00:00:03, memory = 2090.21 (MB).
    Completing 50% with 422 violations.
    elapsed time = 00:00:05, memory = 2090.89 (MB).
    Completing 60% with 367 violations.
    elapsed time = 00:00:06, memory = 2093.12 (MB).
    Completing 70% with 367 violations.
    elapsed time = 00:00:07, memory = 2100.05 (MB).
    Completing 80% with 334 violations.
    elapsed time = 00:00:08, memory = 2109.70 (MB).
    Completing 90% with 334 violations.
    elapsed time = 00:00:09, memory = 2111.70 (MB).
    Completing 100% with 277 violations.
    elapsed time = 00:00:12, memory = 2115.50 (MB).
[INFO DRT-0199]   Number of violations = 277.
Viol/Layer      Metal2 Metal3 Metal4
Metal Spacing       51      3      3
NS Metal             2      0      0
Short              187     29      2
[INFO DRT-0267] cpu time = 00:03:32, elapsed time = 00:00:12, memory = 2118.50 (MB), peak = 2114.87 (MB)
Total wire length = 1415615 um.
Total wire length on LAYER Metal1 = 0 um.
Total wire length on LAYER Metal2 = 531939 um.
Total wire length on LAYER Metal3 = 530946 um.
Total wire length on LAYER Metal4 = 284338 um.
Total wire length on LAYER Metal5 = 68391 um.
Total number of vias = 117647.
Up-via summary (total 117647):

-----------------
  Poly2         0
 Metal1     54907
 Metal2     48218
 Metal3     12650
 Metal4      1872
-----------------
       117647


[INFO DRT-0195] Start 3rd optimization iteration.
    Completing 10% with 277 violations.
    elapsed time = 00:00:00, memory = 2118.50 (MB).
    Completing 20% with 277 violations.
    elapsed time = 00:00:00, memory = 2118.50 (MB).
    Completing 30% with 204 violations.
    elapsed time = 00:00:01, memory = 2109.04 (MB).
    Completing 40% with 204 violations.
    elapsed time = 00:00:01, memory = 2109.04 (MB).
    Completing 50% with 204 violations.
    elapsed time = 00:00:03, memory = 2127.40 (MB).
    Completing 60% with 132 violations.
    elapsed time = 00:00:03, memory = 2127.40 (MB).
    Completing 70% with 132 violations.
    elapsed time = 00:00:03, memory = 2127.40 (MB).
    Completing 80% with 66 violations.
    elapsed time = 00:00:04, memory = 2127.40 (MB).
    Completing 90% with 66 violations.
    elapsed time = 00:00:04, memory = 2127.40 (MB).
    Completing 100% with 5 violations.
    elapsed time = 00:00:06, memory = 2105.51 (MB).
[INFO DRT-0199]   Number of violations = 5.
Viol/Layer      Metal2 Metal3
Metal Spacing        2      1
Short                0      2
[INFO DRT-0267] cpu time = 00:00:43, elapsed time = 00:00:06, memory = 2105.51 (MB), peak = 2141.06 (MB)
Total wire length = 1415596 um.
Total wire length on LAYER Metal1 = 0 um.
Total wire length on LAYER Metal2 = 529739 um.
Total wire length on LAYER Metal3 = 530917 um.
Total wire length on LAYER Metal4 = 286300 um.
Total wire length on LAYER Metal5 = 68638 um.
Total number of vias = 117999.
Up-via summary (total 117999):

-----------------
  Poly2         0
 Metal1     54904
 Metal2     48396
 Metal3     12814
 Metal4      1885
-----------------
       117999


[INFO DRT-0195] Start 4th guides tiles iteration.
    Completing 20% with 5 violations.
    elapsed time = 00:00:00, memory = 2105.51 (MB).
    Completing 40% with 5 violations.
    elapsed time = 00:00:00, memory = 2105.51 (MB).
    Completing 60% with 5 violations.
    elapsed time = 00:00:00, memory = 2105.51 (MB).
    Completing 80% with 5 violations.
    elapsed time = 00:00:00, memory = 2105.51 (MB).
    Completing 100% with 1 violations.
    elapsed time = 00:00:00, memory = 2105.51 (MB).
[INFO DRT-0199]   Number of violations = 1.
Viol/Layer      Metal2
Metal Spacing        1
[INFO DRT-0267] cpu time = 00:00:01, elapsed time = 00:00:00, memory = 2105.51 (MB), peak = 2141.06 (MB)
Total wire length = 1415583 um.
Total wire length on LAYER Metal1 = 0 um.
Total wire length on LAYER Metal2 = 529683 um.
Total wire length on LAYER Metal3 = 530641 um.
Total wire length on LAYER Metal4 = 286358 um.
Total wire length on LAYER Metal5 = 68900 um.
Total number of vias = 117999.
Up-via summary (total 117999):

-----------------
  Poly2         0
 Metal1     54904
 Metal2     48392
 Metal3     12814
 Metal4      1889
-----------------
       117999


[INFO DRT-0195] Start 5th guides tiles iteration.
    Completing 100% with 1 violations.
    elapsed time = 00:00:00, memory = 2105.51 (MB).
[INFO DRT-0199]   Number of violations = 1.
Viol/Layer      Metal2
Metal Spacing        1
[INFO DRT-0267] cpu time = 00:00:00, elapsed time = 00:00:00, memory = 2105.57 (MB), peak = 2141.06 (MB)
Total wire length = 1415583 um.
Total wire length on LAYER Metal1 = 0 um.
Total wire length on LAYER Metal2 = 529683 um.
Total wire length on LAYER Metal3 = 530641 um.
Total wire length on LAYER Metal4 = 286358 um.
Total wire length on LAYER Metal5 = 68900 um.
Total number of vias = 117999.
Up-via summary (total 117999):

-----------------
  Poly2         0
 Metal1     54904
 Metal2     48392
 Metal3     12814
 Metal4      1889
-----------------
       117999


[INFO DRT-0195] Start 6th stubborn tiles iteration.
    Completing 10% with 1 violations.
    elapsed time = 00:00:00, memory = 2114.30 (MB).
    Completing 20% with 1 violations.
    elapsed time = 00:00:00, memory = 2114.30 (MB).
    Completing 30% with 1 violations.
    elapsed time = 00:00:00, memory = 2114.30 (MB).
    Completing 40% with 1 violations.
    elapsed time = 00:00:00, memory = 2114.30 (MB).
    Completing 50% with 1 violations.
    elapsed time = 00:00:00, memory = 2114.30 (MB).
    Completing 60% with 1 violations.
    elapsed time = 00:00:00, memory = 2114.30 (MB).
    Completing 70% with 1 violations.
    elapsed time = 00:00:00, memory = 2114.30 (MB).
    Completing 80% with 1 violations.
    elapsed time = 00:00:00, memory = 2114.30 (MB).
    Completing 90% with 1 violations.
    elapsed time = 00:00:00, memory = 2114.30 (MB).
    Completing 100% with 0 violations.
    elapsed time = 00:00:00, memory = 2114.30 (MB).
[INFO DRT-0199]   Number of violations = 0.
[INFO DRT-0267] cpu time = 00:00:16, elapsed time = 00:00:00, memory = 2114.30 (MB), peak = 2141.06 (MB)
Total wire length = 1415575 um.
Total wire length on LAYER Metal1 = 0 um.
Total wire length on LAYER Metal2 = 529629 um.
Total wire length on LAYER Metal3 = 530660 um.
Total wire length on LAYER Metal4 = 286385 um.
Total wire length on LAYER Metal5 = 68900 um.
Total number of vias = 118001.
Up-via summary (total 118001):

-----------------
  Poly2         0
 Metal1     54904
 Metal2     48392
 Metal3     12816
 Metal4      1889
-----------------
       118001


[INFO DRT-0198] Complete detail routing.
Total wire length = 1415575 um.
Total wire length on LAYER Metal1 = 0 um.
Total wire length on LAYER Metal2 = 529629 um.
Total wire length on LAYER Metal3 = 530660 um.
Total wire length on LAYER Metal4 = 286385 um.
Total wire length on LAYER Metal5 = 68900 um.
Total number of vias = 118001.
Up-via summary (total 118001):

-----------------
  Poly2         0
 Metal1     54904
 Metal2     48392
 Metal3     12816
 Metal4      1889
-----------------
       118001


[INFO DRT-0267] cpu time = 00:17:42, elapsed time = 00:00:56, memory = 2114.37 (MB), peak = 2141.06 (MB)

[INFO DRT-0180] Post processing.
[INFO DRT-0501] Runtime: 64.82s
Took 64 seconds: detailed_route -output_drc /tmp/workspace/scripts-Private_test-fr_cugr_cmp-2-/reports/gf180/aes-hybrid/base/5_route_drc.rpt -output_maze /tmp/workspace/scripts-Private_test-fr_cugr_cmp-2-/results/gf180/aes-hybrid/base/maze.log -disable_via_gen -droute_end_iter 64 -verbose 1 -drc_report_iter_step 5
[INFO GRT-0012] Found 1 antenna violations.
[INFO DPL-0006] Core area: 1317878.60 um^2
[INFO DPL-0007] Movable instances area: 0.00 um^2
[INFO DPL-0008] Fixed instances area within core: 648630.80 um^2
[INFO DPL-0009] Utilization: 49.2%
[INFO DPL-0005] Diamond search max displacement: +/- 500 sites horizontally, +/- 100 rows vertically.
[INFO DPL-1102] Legalizing using negotiation legalizer.
[INFO DPL-1103] Negotiation base search window: +/-20 sites horizontally, +/-5 rows vertically 
	Automatic search window extension enabled.
	Search window extendable up to the max displacement cap of +/-500 sites, +/-100 rows near walls.
[INFO DPL-1104] NegotiationLegalizer DRC penalty: 5.
[INFO DPL-0392] Negotiation cell height distribution (1 unique row-count(s)):
[INFO DPL-0393]   height 1 row(s): 18626 cells
[INFO DPL-0500] Runtime: 0.07s
[INFO GRT-0015] Inserted 1 diodes.
[WARNING GRT-0128] Incremental global routing finished with congestion. Check the congestion regions in the DRC Viewer.
[INFO DRT-0024]   Complete Poly2.
[INFO DRT-0024]   Complete CON.
[INFO DRT-0024]   Complete Metal1.
[INFO DRT-0024]   Complete Via1.
[INFO DRT-0024]   Complete Metal2.
[INFO DRT-0024]   Complete Via2.
[INFO DRT-0024]   Complete Metal3.
[INFO DRT-0024]   Complete Via3.
[INFO DRT-0024]   Complete Metal4.
[INFO DRT-0024]   Complete Via4.
[INFO DRT-0024]   Complete Metal5.
[INFO DRT-0165] Start pin access.
[INFO DRT-0078]   Complete 597 pins.
[INFO DRT-0079]   Complete 100 unique inst patterns.
[INFO DRT-0081]   Complete 114 unique inst patterns.
[INFO DRT-0082]   Complete 10000 groups.
[INFO DRT-0084]   Complete 12778 groups.
#scanned instances     = 18626
#unique  instances     = 116
#stdCellGenAp          = 4233
#stdCellValidPlanarAp  = 0
#stdCellValidViaAp     = 2892
#stdCellPinNoAp        = 0
#stdCellPinCnt         = 54085
#instTermValidViaApCnt = 0
#macroGenAp            = 0
#macroValidPlanarAp    = 0
#macroValidViaAp       = 0
#macroNoAp             = 0
[INFO DRT-0166] Complete pin access.
[INFO DRT-0267] cpu time = 00:01:40, elapsed time = 00:00:03, memory = 1852.89 (MB), peak = 2141.06 (MB)
[INFO DRT-0156] guideIn read 100000 guides.

[INFO DRT-0157] Number of guides:     168366

[INFO DRT-0169] Post process guides.
[INFO DRT-0176] GCELLGRID X 0 DO 137 STEP 16800 ;
[INFO DRT-0177] GCELLGRID Y 0 DO 137 STEP 16800 ;
[INFO DRT-0026]   Complete 100000 origin guides.
[INFO DRT-0028]   Complete Poly2.
[INFO DRT-0028]   Complete CON.
[INFO DRT-0028]   Complete Metal1.
[INFO DRT-0028]   Complete Via1.
[INFO DRT-0028]   Complete Metal2.
[INFO DRT-0028]   Complete Via2.
[INFO DRT-0028]   Complete Metal3.
[INFO DRT-0028]   Complete Via3.
[INFO DRT-0028]   Complete Metal4.
[INFO DRT-0028]   Complete Via4.
[INFO DRT-0028]   Complete Metal5.
[INFO DRT-0178] Init guide query.
[INFO DRT-0035]   Complete Poly2 (guide).
[INFO DRT-0035]   Complete CON (guide).
[INFO DRT-0035]   Complete Metal1 (guide).
[INFO DRT-0035]   Complete Via1 (guide).
[INFO DRT-0035]   Complete Metal2 (guide).
[INFO DRT-0035]   Complete Via2 (guide).
[INFO DRT-0035]   Complete Metal3 (guide).
[INFO DRT-0035]   Complete Via3 (guide).
[INFO DRT-0035]   Complete Metal4 (guide).
[INFO DRT-0035]   Complete Via4 (guide).
[INFO DRT-0035]   Complete Metal5 (guide).
[INFO DRT-0036] Poly2 guide region query size = 0.
[INFO DRT-0036] CON guide region query size = 0.
[INFO DRT-0036] Metal1 guide region query size = 52126.
[INFO DRT-0036] Via1 guide region query size = 0.
[INFO DRT-0036] Metal2 guide region query size = 47807.
[INFO DRT-0036] Via2 guide region query size = 0.
[INFO DRT-0036] Metal3 guide region query size = 28279.
[INFO DRT-0036] Via3 guide region query size = 0.
[INFO DRT-0036] Metal4 guide region query size = 8035.
[INFO DRT-0036] Via4 guide region query size = 0.
[INFO DRT-0036] Metal5 guide region query size = 1145.
[INFO DRT-0179] Init gr pin query.
[INFO DRT-0267] cpu time = 00:00:00, elapsed time = 00:00:00, memory = 1852.89 (MB), peak = 2141.06 (MB)
[INFO DRT-0245] skipped writing guide updates to database.
[INFO DRT-0181] Start track assignment.
[INFO DRT-0184] Done with 55842 vertical wires in 3 frboxes and 81550 horizontal wires in 3 frboxes.
[INFO DRT-0186] Done with 10774 vertical wires in 3 frboxes and 7462 horizontal wires in 3 frboxes.
[INFO DRT-0182] Complete track assignment.
[INFO DRT-0267] cpu time = 00:00:07, elapsed time = 00:00:03, memory = 1981.70 (MB), peak = 2141.06 (MB)
[INFO DRT-0187] Start routing data preparation.
[INFO DRT-0267] cpu time = 00:00:00, elapsed time = 00:00:00, memory = 1981.70 (MB), peak = 2141.06 (MB)
[INFO DRT-0194] Start detail routing.
[INFO DRT-0195] Start 0th optimization iteration.
    Completing 10% with 0 violations.
    elapsed time = 00:00:00, memory = 2009.52 (MB).
    Completing 20% with 0 violations.
    elapsed time = 00:00:00, memory = 2051.65 (MB).
    Completing 30% with 2 violations.
    elapsed time = 00:00:01, memory = 2070.65 (MB).
    Completing 40% with 2 violations.
    elapsed time = 00:00:01, memory = 2073.43 (MB).
    Completing 50% with 2 violations.
    elapsed time = 00:00:01, memory = 2078.95 (MB).
    Completing 60% with 2 violations.
    elapsed time = 00:00:02, memory = 2080.96 (MB).
    Completing 70% with 2 violations.
    elapsed time = 00:00:02, memory = 2080.96 (MB).
    Completing 80% with 2 violations.
    elapsed time = 00:00:03, memory = 2088.72 (MB).
    Completing 90% with 2 violations.
    elapsed time = 00:00:03, memory = 2096.75 (MB).
    Completing 100% with 2 violations.
    elapsed time = 00:00:04, memory = 2096.75 (MB).
[INFO DRT-0199]   Number of violations = 3.
Viol/Layer      Metal2 Metal3
Recheck              1      0
Short                0      2
[INFO DRT-0267] cpu time = 00:01:27, elapsed time = 00:00:04, memory = 2224.60 (MB), peak = 2220.32 (MB)
Total wire length = 1415576 um.
Total wire length on LAYER Metal1 = 0 um.
Total wire length on LAYER Metal2 = 529578 um.
Total wire length on LAYER Metal3 = 530700 um.
Total wire length on LAYER Metal4 = 286433 um.
Total wire length on LAYER Metal5 = 68862 um.
Total number of vias = 118001.
Up-via summary (total 118001):

-----------------
  Poly2         0
 Metal1     54905
 Metal2     48393
 Metal3     12816
 Metal4      1887
-----------------
       118001


[INFO DRT-0195] Start 1st optimization iteration.
    Completing 10% with 3 violations.
    elapsed time = 00:00:00, memory = 2231.52 (MB).
    Completing 20% with 3 violations.
    elapsed time = 00:00:00, memory = 2233.52 (MB).
    Completing 30% with 2 violations.
    elapsed time = 00:00:01, memory = 2104.03 (MB).
    Completing 40% with 2 violations.
    elapsed time = 00:00:01, memory = 2112.03 (MB).
    Completing 50% with 2 violations.
    elapsed time = 00:00:01, memory = 2112.03 (MB).
    Completing 60% with 2 violations.
    elapsed time = 00:00:02, memory = 2114.61 (MB).
    Completing 70% with 2 violations.
    elapsed time = 00:00:02, memory = 2114.61 (MB).
    Completing 80% with 1 violations.
    elapsed time = 00:00:03, memory = 2114.61 (MB).
    Completing 90% with 1 violations.
    elapsed time = 00:00:03, memory = 2114.61 (MB).
    Completing 100% with 1 violations.
    elapsed time = 00:00:04, memory = 2114.61 (MB).
[INFO DRT-0199]   Number of violations = 1.
Viol/Layer      Metal3
Short                1
[INFO DRT-0267] cpu time = 00:01:27, elapsed time = 00:00:04, memory = 2248.34 (MB), peak = 2244.17 (MB)
Total wire length = 1415576 um.
Total wire length on LAYER Metal1 = 0 um.
Total wire length on LAYER Metal2 = 529580 um.
Total wire length on LAYER Metal3 = 530699 um.
Total wire length on LAYER Metal4 = 286433 um.
Total wire length on LAYER Metal5 = 68862 um.
Total number of vias = 118003.
Up-via summary (total 118003):

-----------------
  Poly2         0
 Metal1     54905
 Metal2     48395
 Metal3     12816
 Metal4      1887
-----------------
       118003


[INFO DRT-0195] Start 2nd optimization iteration.
    Completing 10% with 1 violations.
    elapsed time = 00:00:00, memory = 2248.34 (MB).
    Completing 20% with 1 violations.
    elapsed time = 00:00:00, memory = 2248.34 (MB).
    Completing 30% with 1 violations.
    elapsed time = 00:00:00, memory = 2248.34 (MB).
    Completing 40% with 1 violations.
    elapsed time = 00:00:00, memory = 2248.34 (MB).
    Completing 50% with 1 violations.
    elapsed time = 00:00:00, memory = 2248.34 (MB).
    Completing 60% with 1 violations.
    elapsed time = 00:00:00, memory = 2248.34 (MB).
    Completing 70% with 1 violations.
    elapsed time = 00:00:00, memory = 2248.34 (MB).
    Completing 80% with 1 violations.
    elapsed time = 00:00:00, memory = 2248.34 (MB).
    Completing 90% with 1 violations.
    elapsed time = 00:00:00, memory = 2248.34 (MB).
    Completing 100% with 1 violations.
    elapsed time = 00:00:00, memory = 2248.34 (MB).
[INFO DRT-0199]   Number of violations = 1.
Viol/Layer      Metal3
Metal Spacing        1
[INFO DRT-0267] cpu time = 00:00:00, elapsed time = 00:00:00, memory = 2193.34 (MB), peak = 2244.17 (MB)
Total wire length = 1415577 um.
Total wire length on LAYER Metal1 = 0 um.
Total wire length on LAYER Metal2 = 529579 um.
Total wire length on LAYER Metal3 = 530701 um.
Total wire length on LAYER Metal4 = 286433 um.
Total wire length on LAYER Metal5 = 68862 um.
Total number of vias = 118001.
Up-via summary (total 118001):

-----------------
  Poly2         0
 Metal1     54905
 Metal2     48393
 Metal3     12816
 Metal4      1887
-----------------
       118001


[INFO DRT-0195] Start 3rd guides tiles iteration.
    Completing 100% with 0 violations.
    elapsed time = 00:00:00, memory = 2193.34 (MB).
[INFO DRT-0199]   Number of violations = 0.
[INFO DRT-0267] cpu time = 00:00:01, elapsed time = 00:00:00, memory = 2248.34 (MB), peak = 2244.30 (MB)
Total wire length = 1415567 um.
Total wire length on LAYER Metal1 = 0 um.
Total wire length on LAYER Metal2 = 529577 um.
Total wire length on LAYER Metal3 = 530232 um.
Total wire length on LAYER Metal4 = 286431 um.
Total wire length on LAYER Metal5 = 69326 um.
Total number of vias = 117999.
Up-via summary (total 117999):

-----------------
  Poly2         0
 Metal1     54905
 Metal2     48391
 Metal3     12814
 Metal4      1889
-----------------
       117999


[INFO DRT-0198] Complete detail routing.
Total wire length = 1415567 um.
Total wire length on LAYER Metal1 = 0 um.
Total wire length on LAYER Metal2 = 529577 um.
Total wire length on LAYER Metal3 = 530232 um.
Total wire length on LAYER Metal4 = 286431 um.
Total wire length on LAYER Metal5 = 69326 um.
Total number of vias = 117999.
Up-via summary (total 117999):

-----------------
  Poly2         0
 Metal1     54905
 Metal2     48391
 Metal3     12814
 Metal4      1889
-----------------
       117999


[INFO DRT-0267] cpu time = 00:02:56, elapsed time = 00:00:09, memory = 2248.34 (MB), peak = 2244.30 (MB)

[INFO DRT-0180] Post processing.
[INFO DRT-0501] Runtime: 17.11s
[INFO ANT-0002] Found 0 net violations.
[INFO ANT-0001] Found 0 pin violations.
[INFO ANT-0002] Found 0 net violations.
[INFO ANT-0001] Found 0 pin violations.
Design area 648631 um^2 49% utilization.
write_db /tmp/workspace/scripts-Private_test-fr_cugr_cmp-2-/results/gf180/aes-hybrid/base/5_2_route.odb
Elapsed time: 1:26.31[h:]min:sec. CPU time: user 1494.96 sys 2.98 (1735%). Peak memory: 2302808KB.
Log                       Ext     Elapsed/s Peak Memory/MB sha1sum result [0:20)
5_2_route                 .odb           86           2248 474080d4eb528988ec3e
