OpenROAD 26Q3-1464-gb22abfea20 
Features included (+) or not (-): +GPU +GUI +Python
This program is licensed under the BSD-3 license. See the LICENSE file for details.
Components of this program may be licensed under more restrictive licenses which must be honored.
[INFO ORD-0030] Using 30 thread(s).
read_liberty /OpenROAD-flow-scripts/flow/platforms/gf180/lib/gf180mcu_fd_sc_mcu9t5v0__ff_n40C_5v50.lib.gz
read_db /tmp/workspace/scripts-Private_test-fr_cugr_cmp-1-/results/gf180/uart-blocks_uart_rx/base/3_1_place_gp_skip_io.odb
read_sdc /tmp/workspace/scripts-Private_test-fr_cugr_cmp-1-/results/gf180/uart-blocks_uart_rx/base/2_floorplan.sdc
source ./platforms/gf180/setRC.tcl
place_pins -hor_layers Metal3 -ver_layers Metal4
Found 0 macro blocks.
Using 2 tracks default min distance between IO pins.
[INFO PPL-0001] Number of available slots 191
[INFO PPL-0002] Number of I/O             32
[INFO PPL-0003] Number of I/O w/sink      32
[INFO PPL-0004] Number of I/O w/o sink    0
[INFO PPL-0005] Slots per section         200
[INFO PPL-0008] Successfully assigned pins to sections.
[INFO PPL-0012] I/O nets HPWL: 3802.62 um.
Design area 14253 um^2 32% utilization.
write_db /tmp/workspace/scripts-Private_test-fr_cugr_cmp-1-/results/gf180/uart-blocks_uart_rx/base/3_2_place_iop.odb
Elapsed time: 0:00.66[h:]min:sec. CPU time: user 0.58 sys 0.08 (100%). Peak memory: 134540KB.
Log                       Ext     Elapsed/s Peak Memory/MB sha1sum result [0:20)
3_2_place_iop             .odb            0            131 90ed563cef3843c5a37c
