OpenROAD 26Q3-1464-gb22abfea20 
Features included (+) or not (-): +GPU +GUI +Python
This program is licensed under the BSD-3 license. See the LICENSE file for details.
Components of this program may be licensed under more restrictive licenses which must be honored.
[INFO ORD-0030] Using 30 thread(s).
source ./platforms/ihp-sg13g2/suppress_message.tcl
read_liberty ./platforms/ihp-sg13g2/lib/sg13g2_stdcell_typ_1p20V_25C.lib
read_db -hier /tmp/workspace/scripts-Private_test-fr_cugr_cmp-1-/results/ihp-sg13g2/ibex/base/3_4_place_resized.odb
[WARNING ORD-0012] Hierarchical flow (-hier) is currently in development and may cause multiple issues. Do not use in production environments.
read_sdc /tmp/workspace/scripts-Private_test-fr_cugr_cmp-1-/results/ihp-sg13g2/ibex/base/2_floorplan.sdc
source ./platforms/ihp-sg13g2/setRC.tcl
detailed_placement
[INFO DPL-0006] Core area: 336732.68 um^2
[INFO DPL-0007] Movable instances area: 260096.05 um^2
[INFO DPL-0008] Fixed instances area within core: 0.00 um^2
[INFO DPL-0009] Utilization: 77.2%
[INFO DPL-0005] Diamond search max displacement: +/- 500 sites horizontally, +/- 100 rows vertically.
[INFO DPL-1102] Legalizing using negotiation legalizer.
[INFO DPL-1103] Negotiation base search window: +/-20 sites horizontally, +/-5 rows vertically 
	Automatic search window extension enabled.
	Search window extendable up to the max displacement cap of +/-500 sites, +/-100 rows near walls.
[INFO DPL-1104] NegotiationLegalizer DRC penalty: 5.
[INFO DPL-0392] Negotiation cell height distribution (1 unique row-count(s)):
[INFO DPL-0393]   height 1 row(s): 18050 cells
          |      Total |  Illegal |  Illegal
Iteration | Violations |    Cells |    Sites
---------------------------------------------
        0 |       3159 |       785 |      2374
        1 |       1641 |       229 |      1412
        2 |       1365 |       129 |      1236
        3 |       1052 |       104 |       948
        4 |        915 |        81 |       834
        5 |        727 |        67 |       660
        6 |        706 |        64 |       642
        7 |        622 |        46 |       576
        8 |        591 |        57 |       534
        9 |        538 |        40 |       498
       10 |        413 |        31 |       382
       20 |         20 |         2 |        18
       23 |          0 |         0 |         0
Negotiation phase 1 converged at iteration 23.
[INFO DPL-0500] Runtime: 0.83s
Placement Analysis
---------------------------------
total displacement      89442.2 u
average displacement        5.0 u
max displacement           66.7 u
original HPWL          552578.4 u
legalized HPWL         649502.7 u
delta HPWL                   18 %

improve_placement -max_displacement "5 1"
Detailed placement improvement.
[INFO DPL-0401] Setting random seed to 1.
[INFO DPL-0402] Setting maximum displacement 5 1 to 18900 3780 units.
[INFO DPL-0320] Collected 264 fixed cells.
[INFO DPL-0318] Collected 18050 single height cells.
[INFO DPL-0321] Collected 0 wide cells.
[INFO DPL-0322] Image (17760, 18900) - (600000, 597240)
[INFO DPL-0310] Assigned 18050 cells into segments.  Movement in X-direction is 0.000000, movement in Y-direction is 0.000000.
[INFO DPL-0313] Found 0 cells in wrong regions.
[INFO DPL-0315] Found 0 row alignment problems.
[INFO DPL-0314] Found 0 site alignment problems.
[INFO DPL-0311] Found 0 overlaps between adjacent cells.
[INFO DPL-0312] Found 0 edge spacing violations and 0 padding violations.
[INFO DPL-0303] Running algorithm for independent set matching.
[INFO DPL-0300] Set matching objective is wirelength.
[INFO DPL-0301] Pass   1 of matching; objective is 6.494006e+08.
[INFO DPL-0302] End of matching; objective is 6.484675e+08, improvement is 0.14 percent.
[INFO DPL-0303] Running algorithm for global swaps.
[INFO DPL-0306] Pass   1 of global swaps; hpwl is 6.385908e+08.
[INFO DPL-0306] Pass   2 of global swaps; hpwl is 6.371217e+08.
[INFO DPL-0307] End of global swaps; objective is 6.371217e+08, improvement is 1.75 percent.
[INFO DPL-0303] Running algorithm for vertical swaps.
[INFO DPL-0308] Pass   1 of vertical swaps; hpwl is 6.345497e+08.
[INFO DPL-0309] End of vertical swaps; objective is 6.345497e+08, improvement is 0.40 percent.
[INFO DPL-0303] Running algorithm for reordering.
[INFO DPL-0304] Pass   1 of reordering; objective is 6.325331e+08.
[INFO DPL-0305] End of reordering; objective is 6.325331e+08, improvement is 0.32 percent.
[INFO DPL-0303] Running algorithm for random improvement.
[INFO DPL-0324] Random improver is using random generator.
[INFO DPL-0325] Random improver is using hpwl objective.
[INFO DPL-0326] Random improver cost string is (a).
[INFO DPL-0332] End of pass, Generator random called 361000 times.
[INFO DPL-0335] Generator random, Cumulative attempts 361000, swaps 80003, moves 41783 since last reset.
[INFO DPL-0333] End of pass, Objective hpwl, Initial cost 6.305550e+08, Scratch cost 6.235213e+08, Incremental cost 6.235213e+08, Mismatch? N
[INFO DPL-0338] End of pass, Total cost is 6.235213e+08.
[INFO DPL-0327] Pass   1 of random improver; improvement in cost is 1.12 percent.
[INFO DPL-0332] End of pass, Generator random called 361000 times.
[INFO DPL-0335] Generator random, Cumulative attempts 722000, swaps 156388, moves 85430 since last reset.
[INFO DPL-0333] End of pass, Objective hpwl, Initial cost 6.235213e+08, Scratch cost 6.210279e+08, Incremental cost 6.210279e+08, Mismatch? N
[INFO DPL-0338] End of pass, Total cost is 6.210279e+08.
[INFO DPL-0327] Pass   2 of random improver; improvement in cost is 0.40 percent.
[INFO DPL-0328] End of random improver; improvement is 1.510902 percent.
[INFO DPL-0380] Cell flipping.
[INFO DPL-0382] Changed 0 cell orientations for row compatibility.
[INFO DPL-0383] Performed 4708 cell flips.
[INFO DPL-0384] End of flipping; objective is 6.173678e+08, improvement is 0.91 percent.
[INFO DPL-0313] Found 0 cells in wrong regions.
[INFO DPL-0315] Found 0 row alignment problems.
[INFO DPL-0314] Found 0 site alignment problems.
[INFO DPL-0311] Found 0 overlaps between adjacent cells.
[INFO DPL-0312] Found 0 edge spacing violations and 0 padding violations.
Detailed Improvement Results
------------------------------------------
Original HPWL           649502.7 u (  285657.1,   363845.6)
Final HPWL              617254.2 u (  280989.6,   336264.6)
Delta HPWL                  -5.0 % (      -1.6,       -7.6)

Took 5 seconds: improve_placement -max_displacement "5 1"
optimize_mirroring
[INFO DPL-0020] Mirrored 1171 instances
[INFO DPL-0021] HPWL before          617254.2 u
[INFO DPL-0022] HPWL after           617115.6 u
[INFO DPL-0023] HPWL delta               -0.0 %
[INFO FLW-0012] Placement violations .
estimate_parasitics -placement
Report metrics stage 3, detailed place...

==========================================================================
detailed place report_design_area
--------------------------------------------------------------------------
Design area 260096 um^2 77% utilization.
write_db /tmp/workspace/scripts-Private_test-fr_cugr_cmp-1-/results/ihp-sg13g2/ibex/base/3_5_place_dp.odb
write_sdc -no_timestamp /tmp/workspace/scripts-Private_test-fr_cugr_cmp-1-/results/ihp-sg13g2/ibex/base/3_place.sdc
Elapsed time: 0:13.84[h:]min:sec. CPU time: user 19.30 sys 7.87 (196%). Peak memory: 228608KB.
Log                       Ext     Elapsed/s Peak Memory/MB sha1sum result [0:20)
3_5_place_dp              .odb           13            223 832bb472da700595a996
