OpenROAD 26Q3-1464-gb22abfea20 
Features included (+) or not (-): +GPU +GUI +Python
This program is licensed under the BSD-3 license. See the LICENSE file for details.
Components of this program may be licensed under more restrictive licenses which must be honored.
[INFO ORD-0030] Using 30 thread(s).
source ./platforms/ihp-sg13g2/suppress_message.tcl
read_liberty ./platforms/ihp-sg13g2/lib/sg13g2_stdcell_typ_1p20V_25C.lib
read_db -hier /tmp/workspace/scripts-Private_test-fr_cugr_cmp-1-/results/ihp-sg13g2/ibex/base/5_1_grt.odb
[WARNING ORD-0012] Hierarchical flow (-hier) is currently in development and may cause multiple issues. Do not use in production environments.
read_sdc /tmp/workspace/scripts-Private_test-fr_cugr_cmp-1-/results/ihp-sg13g2/ibex/base/5_1_grt.sdc
source ./platforms/ihp-sg13g2/setRC.tcl
[WARNING STA-0450] virtual clock vclk_core_clock can not be propagated.
detailed_route -output_drc /tmp/workspace/scripts-Private_test-fr_cugr_cmp-1-/reports/ihp-sg13g2/ibex/base/5_route_drc.rpt -output_maze /tmp/workspace/scripts-Private_test-fr_cugr_cmp-1-/results/ihp-sg13g2/ibex/base/maze.log -droute_end_iter 64 -verbose 1 -drc_report_iter_step 5
[INFO DRT-0149] Reading tech and libs.

Units:                1000
Number of layers:     15
Number of macros:     84
Number of vias:       84
Number of viarulegen: 6

[INFO DRT-0150] Reading design.

Design:                   ibex_core
Die area:                 ( 0 0 ) ( 617505 617505 )
Number of track patterns: 14
Number of DEF vias:       0
Number of components:     18494
Number of terminals:      266
Number of snets:          2
Number of nets:           18625

[INFO DRT-0167] List of default vias:
  Layer Via2
    default via: Via2_YX
  Layer Via3
    default via: Via3_XY
  Layer Via4
    default via: Via4_YX
  Layer TopVia1
    default via: TopVia1EWNS
  Layer TopVia2
    default via: TopVia2EWNS
[INFO DRT-0162] Library cell analysis.
[INFO DRT-0163] Instance analysis.
[INFO DRT-0164] Number of unique instances = 90.
[INFO DRT-0168] Init region query.
[INFO DRT-0024]   Complete GatPoly.
[INFO DRT-0024]   Complete Cont.
[INFO DRT-0024]   Complete Metal1.
[INFO DRT-0024]   Complete Via1.
[INFO DRT-0024]   Complete Metal2.
[INFO DRT-0024]   Complete Via2.
[INFO DRT-0024]   Complete Metal3.
[INFO DRT-0024]   Complete Via3.
[INFO DRT-0024]   Complete Metal4.
[INFO DRT-0024]   Complete Via4.
[INFO DRT-0024]   Complete Metal5.
[INFO DRT-0024]   Complete TopVia1.
[INFO DRT-0024]   Complete TopMetal1.
[INFO DRT-0024]   Complete TopVia2.
[INFO DRT-0024]   Complete TopMetal2.
[INFO DRT-0033] GatPoly shape region query size = 0.
[INFO DRT-0033] Cont shape region query size = 0.
[INFO DRT-0033] Metal1 shape region query size = 478095.
[INFO DRT-0033] Via1 shape region query size = 9856.
[INFO DRT-0033] Metal2 shape region query size = 3238.
[INFO DRT-0033] Via2 shape region query size = 9856.
[INFO DRT-0033] Metal3 shape region query size = 3186.
[INFO DRT-0033] Via3 shape region query size = 9856.
[INFO DRT-0033] Metal4 shape region query size = 3080.
[INFO DRT-0033] Via4 shape region query size = 9856.
[INFO DRT-0033] Metal5 shape region query size = 4620.
[INFO DRT-0033] TopVia1 shape region query size = 4004.
[INFO DRT-0033] TopMetal1 shape region query size = 1770.
[INFO DRT-0033] TopVia2 shape region query size = 276.
[INFO DRT-0033] TopMetal2 shape region query size = 228.
[INFO DRT-0165] Start pin access.
[INFO DRT-0078]   Complete 494 pins.
[INFO DRT-0081]   Complete 90 unique inst patterns.
[INFO DRT-0084]   Complete 7932 groups.
#scanned instances     = 18494
#unique  instances     = 90
#stdCellGenAp          = 3835
#stdCellValidPlanarAp  = 0
#stdCellValidViaAp     = 2908
#stdCellPinNoAp        = 0
#stdCellPinCnt         = 63846
#instTermValidViaApCnt = 0
#macroGenAp            = 0
#macroValidPlanarAp    = 0
#macroValidViaAp       = 0
#macroNoAp             = 0
[INFO DRT-0166] Complete pin access.
[INFO DRT-0267] cpu time = 00:04:36, elapsed time = 00:00:10, memory = 332.07 (MB), peak = 339.82 (MB)
[INFO DRT-0156] guideIn read 100000 guides.

[INFO DRT-0157] Number of guides:     153792

[INFO DRT-0169] Post process guides.
[INFO DRT-0176] GCELLGRID X 0 DO 85 STEP 7200 ;
[INFO DRT-0177] GCELLGRID Y 0 DO 85 STEP 7200 ;
[INFO DRT-0026]   Complete 100000 origin guides.
[INFO DRT-0028]   Complete GatPoly.
[INFO DRT-0028]   Complete Cont.
[INFO DRT-0028]   Complete Metal1.
[INFO DRT-0028]   Complete Via1.
[INFO DRT-0028]   Complete Metal2.
[INFO DRT-0028]   Complete Via2.
[INFO DRT-0028]   Complete Metal3.
[INFO DRT-0028]   Complete Via3.
[INFO DRT-0028]   Complete Metal4.
[INFO DRT-0028]   Complete Via4.
[INFO DRT-0028]   Complete Metal5.
[INFO DRT-0028]   Complete TopVia1.
[INFO DRT-0028]   Complete TopMetal1.
[INFO DRT-0028]   Complete TopVia2.
[INFO DRT-0028]   Complete TopMetal2.
[INFO DRT-0178] Init guide query.
[INFO DRT-0035]   Complete GatPoly (guide).
[INFO DRT-0035]   Complete Cont (guide).
[INFO DRT-0035]   Complete Metal1 (guide).
[INFO DRT-0035]   Complete Via1 (guide).
[INFO DRT-0035]   Complete Metal2 (guide).
[INFO DRT-0035]   Complete Via2 (guide).
[INFO DRT-0035]   Complete Metal3 (guide).
[INFO DRT-0035]   Complete Via3 (guide).
[INFO DRT-0035]   Complete Metal4 (guide).
[INFO DRT-0035]   Complete Via4 (guide).
[INFO DRT-0035]   Complete Metal5 (guide).
[INFO DRT-0035]   Complete TopVia1 (guide).
[INFO DRT-0035]   Complete TopMetal1 (guide).
[INFO DRT-0035]   Complete TopVia2 (guide).
[INFO DRT-0035]   Complete TopMetal2 (guide).
[INFO DRT-0036] GatPoly guide region query size = 0.
[INFO DRT-0036] Cont guide region query size = 0.
[INFO DRT-0036] Metal1 guide region query size = 54977.
[INFO DRT-0036] Via1 guide region query size = 0.
[INFO DRT-0036] Metal2 guide region query size = 48233.
[INFO DRT-0036] Via2 guide region query size = 0.
[INFO DRT-0036] Metal3 guide region query size = 23088.
[INFO DRT-0036] Via3 guide region query size = 0.
[INFO DRT-0036] Metal4 guide region query size = 1786.
[INFO DRT-0036] Via4 guide region query size = 0.
[INFO DRT-0036] Metal5 guide region query size = 227.
[INFO DRT-0036] TopVia1 guide region query size = 0.
[INFO DRT-0036] TopMetal1 guide region query size = 0.
[INFO DRT-0036] TopVia2 guide region query size = 0.
[INFO DRT-0036] TopMetal2 guide region query size = 0.
[INFO DRT-0179] Init gr pin query.
[INFO DRT-0267] cpu time = 00:00:00, elapsed time = 00:00:00, memory = 386.25 (MB), peak = 381.30 (MB)
[INFO DRT-0245] skipped writing guide updates to database.
[INFO DRT-0181] Start track assignment.
[INFO DRT-0184] Done with 50019 vertical wires in 2 frboxes and 78292 horizontal wires in 2 frboxes.
[INFO DRT-0186] Done with 28466 vertical wires in 2 frboxes and 12483 horizontal wires in 2 frboxes.
[INFO DRT-0182] Complete track assignment.
[INFO DRT-0267] cpu time = 00:00:09, elapsed time = 00:00:05, memory = 760.45 (MB), peak = 755.75 (MB)
[INFO DRT-0187] Start routing data preparation.
[INFO DRT-0267] cpu time = 00:00:00, elapsed time = 00:00:00, memory = 760.45 (MB), peak = 755.75 (MB)
[INFO DRT-0194] Start detail routing.
[INFO DRT-0195] Start 0th optimization iteration.
    Completing 10% with 0 violations.
    elapsed time = 00:00:04, memory = 2546.08 (MB).
    Completing 20% with 0 violations.
    elapsed time = 00:00:26, memory = 2508.23 (MB).
    Completing 30% with 5494 violations.
    elapsed time = 00:01:05, memory = 2418.03 (MB).
    Completing 40% with 5494 violations.
    elapsed time = 00:01:19, memory = 3162.58 (MB).
    Completing 50% with 5494 violations.
    elapsed time = 00:01:40, memory = 2556.24 (MB).
    Completing 60% with 10989 violations.
    elapsed time = 00:02:10, memory = 3171.14 (MB).
    Completing 70% with 10989 violations.
    elapsed time = 00:02:31, memory = 3166.08 (MB).
    Completing 80% with 16920 violations.
    elapsed time = 00:03:23, memory = 3468.51 (MB).
    Completing 90% with 16920 violations.
    elapsed time = 00:03:42, memory = 3348.96 (MB).
    Completing 100% with 23054 violations.
    elapsed time = 00:04:11, memory = 2297.54 (MB).
[INFO DRT-0199]   Number of violations = 26416.
Viol/Layer      Metal1   Via1 Metal2   Via2 Metal3   Via3 Metal4 Metal5
Metal Spacing        0      0   5222      0    141      0     59      0
Recheck             42      0   1981      0   1122      0    203     14
Short                0     35  15479    144   1888     44     42      0
[INFO DRT-0267] cpu time = 00:54:12, elapsed time = 00:04:12, memory = 2591.96 (MB), peak = 3762.38 (MB)
Total wire length = 885247 um.
Total wire length on LAYER Metal1 = 0 um.
Total wire length on LAYER Metal2 = 385243 um.
Total wire length on LAYER Metal3 = 342905 um.
Total wire length on LAYER Metal4 = 129458 um.
Total wire length on LAYER Metal5 = 27640 um.
Total wire length on LAYER TopMetal1 = 0 um.
Total wire length on LAYER TopMetal2 = 0 um.
Total number of vias = 153239.
Up-via summary (total 153239):

--------------------
   GatPoly         0
    Metal1     64449
    Metal2     72958
    Metal3     14753
    Metal4      1079
    Metal5         0
 TopMetal1         0
--------------------
          153239


[INFO DRT-0195] Start 1st optimization iteration.
    Completing 10% with 26416 violations.
    elapsed time = 00:00:01, memory = 3614.41 (MB).
    Completing 20% with 26416 violations.
    elapsed time = 00:00:17, memory = 3569.61 (MB).
    Completing 30% with 23974 violations.
    elapsed time = 00:00:58, memory = 3551.54 (MB).
    Completing 40% with 23974 violations.
    elapsed time = 00:01:11, memory = 3933.21 (MB).
    Completing 50% with 23974 violations.
    elapsed time = 00:01:27, memory = 3145.43 (MB).
    Completing 60% with 21858 violations.
    elapsed time = 00:01:41, memory = 3678.82 (MB).
    Completing 70% with 21858 violations.
    elapsed time = 00:01:58, memory = 3605.21 (MB).
    Completing 80% with 19254 violations.
    elapsed time = 00:02:18, memory = 3829.25 (MB).
    Completing 90% with 19254 violations.
    elapsed time = 00:02:37, memory = 3771.38 (MB).
    Completing 100% with 16832 violations.
    elapsed time = 00:02:54, memory = 2639.02 (MB).
[INFO DRT-0199]   Number of violations = 16832.
Viol/Layer      Metal2 Metal3 Metal4
Metal Spacing     4930     84     29
Recheck              2      0      0
Short            11004    723     60
[INFO DRT-0267] cpu time = 00:41:53, elapsed time = 00:02:54, memory = 2642.02 (MB), peak = 4338.68 (MB)
Total wire length = 876686 um.
Total wire length on LAYER Metal1 = 0 um.
Total wire length on LAYER Metal2 = 372308 um.
Total wire length on LAYER Metal3 = 338416 um.
Total wire length on LAYER Metal4 = 138041 um.
Total wire length on LAYER Metal5 = 27919 um.
Total wire length on LAYER TopMetal1 = 0 um.
Total wire length on LAYER TopMetal2 = 0 um.
Total number of vias = 150712.
Up-via summary (total 150712):

--------------------
   GatPoly         0
    Metal1     64505
    Metal2     70382
    Metal3     14682
    Metal4      1143
    Metal5         0
 TopMetal1         0
--------------------
          150712


[INFO DRT-0195] Start 2nd optimization iteration.
    Completing 10% with 16832 violations.
    elapsed time = 00:00:03, memory = 3690.90 (MB).
    Completing 20% with 16832 violations.
    elapsed time = 00:00:16, memory = 3624.50 (MB).
    Completing 30% with 17145 violations.
    elapsed time = 00:01:04, memory = 2654.57 (MB).
    Completing 40% with 17145 violations.
    elapsed time = 00:01:15, memory = 4111.75 (MB).
    Completing 50% with 17145 violations.
    elapsed time = 00:01:30, memory = 3159.89 (MB).
    Completing 60% with 17254 violations.
    elapsed time = 00:01:50, memory = 3720.12 (MB).
    Completing 70% with 17254 violations.
    elapsed time = 00:02:03, memory = 3462.68 (MB).
    Completing 80% with 17102 violations.
    elapsed time = 00:02:43, memory = 3741.88 (MB).
    Completing 90% with 17102 violations.
    elapsed time = 00:03:02, memory = 3888.84 (MB).
    Completing 100% with 16455 violations.
    elapsed time = 00:03:29, memory = 2665.25 (MB).
[INFO DRT-0199]   Number of violations = 16457.
Viol/Layer      Metal2   Via2 Metal3 Metal4
Metal Spacing     5009      0     92     32
Recheck              2      0      0      0
Short            10646      1    624     51
[INFO DRT-0267] cpu time = 00:41:17, elapsed time = 00:03:30, memory = 2671.25 (MB), peak = 4338.68 (MB)
Total wire length = 874594 um.
Total wire length on LAYER Metal1 = 0 um.
Total wire length on LAYER Metal2 = 371324 um.
Total wire length on LAYER Metal3 = 337827 um.
Total wire length on LAYER Metal4 = 137457 um.
Total wire length on LAYER Metal5 = 27984 um.
Total wire length on LAYER TopMetal1 = 0 um.
Total wire length on LAYER TopMetal2 = 0 um.
Total number of vias = 149905.
Up-via summary (total 149905):

--------------------
   GatPoly         0
    Metal1     64469
    Metal2     69888
    Metal3     14449
    Metal4      1099
    Metal5         0
 TopMetal1         0
--------------------
          149905


[INFO DRT-0195] Start 3rd optimization iteration.
    Completing 10% with 16457 violations.
    elapsed time = 00:00:00, memory = 3738.04 (MB).
    Completing 20% with 16457 violations.
    elapsed time = 00:00:06, memory = 3505.54 (MB).
    Completing 30% with 12788 violations.
    elapsed time = 00:00:27, memory = 2675.66 (MB).
    Completing 40% with 12788 violations.
    elapsed time = 00:00:30, memory = 3738.25 (MB).
    Completing 50% with 12788 violations.
    elapsed time = 00:00:36, memory = 3132.30 (MB).
    Completing 60% with 9144 violations.
    elapsed time = 00:00:53, memory = 3813.69 (MB).
    Completing 70% with 9144 violations.
    elapsed time = 00:00:59, memory = 3755.21 (MB).
    Completing 80% with 5258 violations.
    elapsed time = 00:01:26, memory = 3691.13 (MB).
    Completing 90% with 5258 violations.
    elapsed time = 00:01:30, memory = 3634.77 (MB).
    Completing 100% with 1254 violations.
    elapsed time = 00:01:49, memory = 2689.37 (MB).
[INFO DRT-0199]   Number of violations = 1254.
Viol/Layer      Metal2   Via2 Metal3 Metal4
Metal Spacing      560      0      9      8
Min Area             1      0      0      0
Short              617      2     50      7
[INFO DRT-0267] cpu time = 00:16:12, elapsed time = 00:01:49, memory = 2689.37 (MB), peak = 4338.68 (MB)
Total wire length = 870065 um.
Total wire length on LAYER Metal1 = 0 um.
Total wire length on LAYER Metal2 = 305991 um.
Total wire length on LAYER Metal3 = 328368 um.
Total wire length on LAYER Metal4 = 196718 um.
Total wire length on LAYER Metal5 = 38987 um.
Total wire length on LAYER TopMetal1 = 0 um.
Total wire length on LAYER TopMetal2 = 0 um.
Total number of vias = 156113.
Up-via summary (total 156113):

--------------------
   GatPoly         0
    Metal1     64471
    Metal2     68852
    Metal3     20462
    Metal4      2328
    Metal5         0
 TopMetal1         0
--------------------
          156113


[INFO DRT-0195] Start 4th optimization iteration.
    Completing 10% with 1254 violations.
    elapsed time = 00:00:00, memory = 2689.37 (MB).
    Completing 20% with 1254 violations.
    elapsed time = 00:00:00, memory = 3393.42 (MB).
    Completing 30% with 1062 violations.
    elapsed time = 00:00:07, memory = 2689.37 (MB).
    Completing 40% with 1062 violations.
    elapsed time = 00:00:07, memory = 2689.37 (MB).
    Completing 50% with 1062 violations.
    elapsed time = 00:00:08, memory = 3016.34 (MB).
    Completing 60% with 885 violations.
    elapsed time = 00:00:09, memory = 2689.37 (MB).
    Completing 70% with 885 violations.
    elapsed time = 00:00:10, memory = 3386.03 (MB).
    Completing 80% with 643 violations.
    elapsed time = 00:00:17, memory = 2689.37 (MB).
    Completing 90% with 643 violations.
    elapsed time = 00:00:17, memory = 3386.30 (MB).
    Completing 100% with 72 violations.
    elapsed time = 00:00:37, memory = 2692.32 (MB).
[INFO DRT-0199]   Number of violations = 72.
Viol/Layer      Metal2 Metal3
Metal Spacing       40      0
Short               31      1
[INFO DRT-0267] cpu time = 00:02:28, elapsed time = 00:00:37, memory = 2692.32 (MB), peak = 4338.68 (MB)
Total wire length = 869928 um.
Total wire length on LAYER Metal1 = 0 um.
Total wire length on LAYER Metal2 = 304835 um.
Total wire length on LAYER Metal3 = 328084 um.
Total wire length on LAYER Metal4 = 197719 um.
Total wire length on LAYER Metal5 = 39288 um.
Total wire length on LAYER TopMetal1 = 0 um.
Total wire length on LAYER TopMetal2 = 0 um.
Total number of vias = 156155.
Up-via summary (total 156155):

--------------------
   GatPoly         0
    Metal1     64469
    Metal2     68802
    Metal3     20536
    Metal4      2348
    Metal5         0
 TopMetal1         0
--------------------
          156155


[INFO DRT-0195] Start 5th guides tiles iteration.
    Completing 10% with 72 violations.
    elapsed time = 00:00:00, memory = 2692.32 (MB).
    Completing 20% with 72 violations.
    elapsed time = 00:00:00, memory = 2692.32 (MB).
    Completing 30% with 72 violations.
    elapsed time = 00:00:00, memory = 2692.32 (MB).
    Completing 40% with 72 violations.
    elapsed time = 00:00:04, memory = 2692.32 (MB).
    Completing 50% with 38 violations.
    elapsed time = 00:00:04, memory = 2692.32 (MB).
    Completing 60% with 38 violations.
    elapsed time = 00:00:04, memory = 2692.32 (MB).
    Completing 70% with 38 violations.
    elapsed time = 00:00:04, memory = 2692.32 (MB).
    Completing 80% with 38 violations.
    elapsed time = 00:00:04, memory = 2732.54 (MB).
    Completing 90% with 38 violations.
    elapsed time = 00:00:07, memory = 2692.32 (MB).
    Completing 100% with 14 violations.
    elapsed time = 00:00:08, memory = 2692.32 (MB).
[INFO DRT-0199]   Number of violations = 14.
Viol/Layer      Metal2
Short               14
[INFO DRT-0267] cpu time = 00:00:11, elapsed time = 00:00:08, memory = 2692.57 (MB), peak = 4338.68 (MB)
Total wire length = 869939 um.
Total wire length on LAYER Metal1 = 0 um.
Total wire length on LAYER Metal2 = 304761 um.
Total wire length on LAYER Metal3 = 328019 um.
Total wire length on LAYER Metal4 = 197784 um.
Total wire length on LAYER Metal5 = 39374 um.
Total wire length on LAYER TopMetal1 = 0 um.
Total wire length on LAYER TopMetal2 = 0 um.
Total number of vias = 156185.
Up-via summary (total 156185):

--------------------
   GatPoly         0
    Metal1     64469
    Metal2     68808
    Metal3     20544
    Metal4      2364
    Metal5         0
 TopMetal1         0
--------------------
          156185


[INFO DRT-0195] Start 6th guides tiles iteration.
    Completing 30% with 14 violations.
    elapsed time = 00:00:02, memory = 2692.57 (MB).
    Completing 60% with 14 violations.
    elapsed time = 00:00:02, memory = 2692.57 (MB).
    Completing 100% with 5 violations.
    elapsed time = 00:00:03, memory = 2692.57 (MB).
[INFO DRT-0199]   Number of violations = 5.
Viol/Layer      Metal2
Short                5
[INFO DRT-0267] cpu time = 00:00:04, elapsed time = 00:00:03, memory = 2692.57 (MB), peak = 4338.68 (MB)
Total wire length = 869936 um.
Total wire length on LAYER Metal1 = 0 um.
Total wire length on LAYER Metal2 = 304757 um.
Total wire length on LAYER Metal3 = 328020 um.
Total wire length on LAYER Metal4 = 197784 um.
Total wire length on LAYER Metal5 = 39374 um.
Total wire length on LAYER TopMetal1 = 0 um.
Total wire length on LAYER TopMetal2 = 0 um.
Total number of vias = 156188.
Up-via summary (total 156188):

--------------------
   GatPoly         0
    Metal1     64469
    Metal2     68810
    Metal3     20545
    Metal4      2364
    Metal5         0
 TopMetal1         0
--------------------
          156188


[INFO DRT-0195] Start 7th guides tiles iteration.
    Completing 50% with 5 violations.
    elapsed time = 00:00:01, memory = 2692.57 (MB).
    Completing 100% with 5 violations.
    elapsed time = 00:00:02, memory = 2692.57 (MB).
[INFO DRT-0199]   Number of violations = 5.
Viol/Layer      Metal2
Short                5
[INFO DRT-0267] cpu time = 00:00:02, elapsed time = 00:00:02, memory = 2692.57 (MB), peak = 4338.68 (MB)
Total wire length = 869936 um.
Total wire length on LAYER Metal1 = 0 um.
Total wire length on LAYER Metal2 = 304757 um.
Total wire length on LAYER Metal3 = 328020 um.
Total wire length on LAYER Metal4 = 197784 um.
Total wire length on LAYER Metal5 = 39374 um.
Total wire length on LAYER TopMetal1 = 0 um.
Total wire length on LAYER TopMetal2 = 0 um.
Total number of vias = 156188.
Up-via summary (total 156188):

--------------------
   GatPoly         0
    Metal1     64469
    Metal2     68810
    Metal3     20545
    Metal4      2364
    Metal5         0
 TopMetal1         0
--------------------
          156188


[INFO DRT-0195] Start 8th stubborn tiles iteration.
    Completing 10% with 5 violations.
    elapsed time = 00:00:04, memory = 4638.71 (MB).
    Completing 20% with 5 violations.
    elapsed time = 00:00:05, memory = 4780.34 (MB).
    Completing 30% with 5 violations.
    elapsed time = 00:00:07, memory = 4955.91 (MB).
    Completing 40% with 5 violations.
    elapsed time = 00:00:09, memory = 5023.89 (MB).
    Completing 50% with 5 violations.
    elapsed time = 00:00:11, memory = 4689.76 (MB).
    Completing 60% with 5 violations.
    elapsed time = 00:00:12, memory = 4353.29 (MB).
    Completing 70% with 5 violations.
    elapsed time = 00:00:16, memory = 4050.50 (MB).
    Completing 80% with 5 violations.
    elapsed time = 00:00:17, memory = 3678.81 (MB).
    Completing 90% with 5 violations.
    elapsed time = 00:00:21, memory = 3144.55 (MB).
    Completing 100% with 0 violations.
    elapsed time = 00:00:53, memory = 2698.22 (MB).
[INFO DRT-0199]   Number of violations = 0.
[INFO DRT-0267] cpu time = 00:08:28, elapsed time = 00:00:53, memory = 2698.22 (MB), peak = 5151.78 (MB)
Total wire length = 869935 um.
Total wire length on LAYER Metal1 = 0 um.
Total wire length on LAYER Metal2 = 304754 um.
Total wire length on LAYER Metal3 = 328013 um.
Total wire length on LAYER Metal4 = 197785 um.
Total wire length on LAYER Metal5 = 39381 um.
Total wire length on LAYER TopMetal1 = 0 um.
Total wire length on LAYER TopMetal2 = 0 um.
Total number of vias = 156192.
Up-via summary (total 156192):

--------------------
   GatPoly         0
    Metal1     64469
    Metal2     68810
    Metal3     20547
    Metal4      2366
    Metal5         0
 TopMetal1         0
--------------------
          156192


[INFO DRT-0198] Complete detail routing.
Total wire length = 869935 um.
Total wire length on LAYER Metal1 = 0 um.
Total wire length on LAYER Metal2 = 304754 um.
Total wire length on LAYER Metal3 = 328013 um.
Total wire length on LAYER Metal4 = 197785 um.
Total wire length on LAYER Metal5 = 39381 um.
Total wire length on LAYER TopMetal1 = 0 um.
Total wire length on LAYER TopMetal2 = 0 um.
Total number of vias = 156192.
Up-via summary (total 156192):

--------------------
   GatPoly         0
    Metal1     64469
    Metal2     68810
    Metal3     20547
    Metal4      2366
    Metal5         0
 TopMetal1         0
--------------------
          156192


[INFO DRT-0267] cpu time = 02:44:51, elapsed time = 00:14:11, memory = 2698.22 (MB), peak = 5151.78 (MB)

[INFO DRT-0180] Post processing.
[INFO DRT-0501] Runtime: 868.11s
Took 868 seconds: detailed_route -output_drc /tmp/workspace/scripts-Private_test-fr_cugr_cmp-1-/reports/ihp-sg13g2/ibex/base/5_route_drc.rpt -output_maze /tmp/workspace/scripts-Private_test-fr_cugr_cmp-1-/results/ihp-sg13g2/ibex/base/maze.log -droute_end_iter 64 -verbose 1 -drc_report_iter_step 5
[INFO GRT-0012] Found 1 antenna violations.
[INFO DPL-0006] Core area: 336732.68 um^2
[INFO DPL-0007] Movable instances area: 0.00 um^2
[INFO DPL-0008] Fixed instances area within core: 278508.59 um^2
[INFO DPL-0009] Utilization: 82.7%
[INFO DPL-0005] Diamond search max displacement: +/- 500 sites horizontally, +/- 100 rows vertically.
[INFO DPL-1102] Legalizing using negotiation legalizer.
[INFO DPL-1103] Negotiation base search window: +/-20 sites horizontally, +/-5 rows vertically 
	Automatic search window extension enabled.
	Search window extendable up to the max displacement cap of +/-500 sites, +/-100 rows near walls.
[INFO DPL-1104] NegotiationLegalizer DRC penalty: 5.
[INFO DPL-0392] Negotiation cell height distribution (1 unique row-count(s)):
[INFO DPL-0393]   height 1 row(s): 18497 cells
[INFO DPL-0500] Runtime: 0.06s
[INFO GRT-0015] Inserted 3 diodes.
[INFO DRT-0024]   Complete GatPoly.
[INFO DRT-0024]   Complete Cont.
[INFO DRT-0024]   Complete Metal1.
[INFO DRT-0024]   Complete Via1.
[INFO DRT-0024]   Complete Metal2.
[INFO DRT-0024]   Complete Via2.
[INFO DRT-0024]   Complete Metal3.
[INFO DRT-0024]   Complete Via3.
[INFO DRT-0024]   Complete Metal4.
[INFO DRT-0024]   Complete Via4.
[INFO DRT-0024]   Complete Metal5.
[INFO DRT-0024]   Complete TopVia1.
[INFO DRT-0024]   Complete TopMetal1.
[INFO DRT-0024]   Complete TopVia2.
[INFO DRT-0024]   Complete TopMetal2.
[INFO DRT-0165] Start pin access.
[INFO DRT-0078]   Complete 494 pins.
[INFO DRT-0081]   Complete 90 unique inst patterns.
[INFO DRT-0084]   Complete 7932 groups.
#scanned instances     = 18497
#unique  instances     = 90
#stdCellGenAp          = 3835
#stdCellValidPlanarAp  = 0
#stdCellValidViaAp     = 2908
#stdCellPinNoAp        = 0
#stdCellPinCnt         = 63846
#instTermValidViaApCnt = 0
#macroGenAp            = 0
#macroValidPlanarAp    = 0
#macroValidViaAp       = 0
#macroNoAp             = 0
[INFO DRT-0166] Complete pin access.
[INFO DRT-0267] cpu time = 00:04:40, elapsed time = 00:00:10, memory = 2619.68 (MB), peak = 5151.78 (MB)
[INFO DRT-0156] guideIn read 100000 guides.

[INFO DRT-0157] Number of guides:     153792

[INFO DRT-0169] Post process guides.
[INFO DRT-0176] GCELLGRID X 0 DO 85 STEP 7200 ;
[INFO DRT-0177] GCELLGRID Y 0 DO 85 STEP 7200 ;
[INFO DRT-0026]   Complete 100000 origin guides.
[INFO DRT-0028]   Complete GatPoly.
[INFO DRT-0028]   Complete Cont.
[INFO DRT-0028]   Complete Metal1.
[INFO DRT-0028]   Complete Via1.
[INFO DRT-0028]   Complete Metal2.
[INFO DRT-0028]   Complete Via2.
[INFO DRT-0028]   Complete Metal3.
[INFO DRT-0028]   Complete Via3.
[INFO DRT-0028]   Complete Metal4.
[INFO DRT-0028]   Complete Via4.
[INFO DRT-0028]   Complete Metal5.
[INFO DRT-0028]   Complete TopVia1.
[INFO DRT-0028]   Complete TopMetal1.
[INFO DRT-0028]   Complete TopVia2.
[INFO DRT-0028]   Complete TopMetal2.
[INFO DRT-0178] Init guide query.
[INFO DRT-0035]   Complete GatPoly (guide).
[INFO DRT-0035]   Complete Cont (guide).
[INFO DRT-0035]   Complete Metal1 (guide).
[INFO DRT-0035]   Complete Via1 (guide).
[INFO DRT-0035]   Complete Metal2 (guide).
[INFO DRT-0035]   Complete Via2 (guide).
[INFO DRT-0035]   Complete Metal3 (guide).
[INFO DRT-0035]   Complete Via3 (guide).
[INFO DRT-0035]   Complete Metal4 (guide).
[INFO DRT-0035]   Complete Via4 (guide).
[INFO DRT-0035]   Complete Metal5 (guide).
[INFO DRT-0035]   Complete TopVia1 (guide).
[INFO DRT-0035]   Complete TopMetal1 (guide).
[INFO DRT-0035]   Complete TopVia2 (guide).
[INFO DRT-0035]   Complete TopMetal2 (guide).
[INFO DRT-0036] GatPoly guide region query size = 0.
[INFO DRT-0036] Cont guide region query size = 0.
[INFO DRT-0036] Metal1 guide region query size = 54980.
[INFO DRT-0036] Via1 guide region query size = 0.
[INFO DRT-0036] Metal2 guide region query size = 48235.
[INFO DRT-0036] Via2 guide region query size = 0.
[INFO DRT-0036] Metal3 guide region query size = 23086.
[INFO DRT-0036] Via3 guide region query size = 0.
[INFO DRT-0036] Metal4 guide region query size = 1785.
[INFO DRT-0036] Via4 guide region query size = 0.
[INFO DRT-0036] Metal5 guide region query size = 227.
[INFO DRT-0036] TopVia1 guide region query size = 0.
[INFO DRT-0036] TopMetal1 guide region query size = 0.
[INFO DRT-0036] TopVia2 guide region query size = 0.
[INFO DRT-0036] TopMetal2 guide region query size = 0.
[INFO DRT-0179] Init gr pin query.
[INFO DRT-0267] cpu time = 00:00:00, elapsed time = 00:00:00, memory = 2619.68 (MB), peak = 5151.78 (MB)
[INFO DRT-0245] skipped writing guide updates to database.
[INFO DRT-0181] Start track assignment.
[INFO DRT-0184] Done with 50020 vertical wires in 2 frboxes and 78293 horizontal wires in 2 frboxes.
[INFO DRT-0186] Done with 28450 vertical wires in 2 frboxes and 12536 horizontal wires in 2 frboxes.
[INFO DRT-0182] Complete track assignment.
[INFO DRT-0267] cpu time = 00:00:09, elapsed time = 00:00:05, memory = 2667.53 (MB), peak = 5151.78 (MB)
[INFO DRT-0187] Start routing data preparation.
[INFO DRT-0267] cpu time = 00:00:00, elapsed time = 00:00:00, memory = 2667.53 (MB), peak = 5151.78 (MB)
[INFO DRT-0194] Start detail routing.
[INFO DRT-0195] Start 0th optimization iteration.
    Completing 10% with 0 violations.
    elapsed time = 00:00:00, memory = 3333.31 (MB).
    Completing 20% with 0 violations.
    elapsed time = 00:00:01, memory = 3070.77 (MB).
    Completing 30% with 24 violations.
    elapsed time = 00:00:06, memory = 3415.73 (MB).
    Completing 40% with 24 violations.
    elapsed time = 00:00:07, memory = 3607.13 (MB).
    Completing 50% with 24 violations.
    elapsed time = 00:00:08, memory = 3000.69 (MB).
    Completing 60% with 61 violations.
    elapsed time = 00:00:10, memory = 3628.00 (MB).
    Completing 70% with 61 violations.
    elapsed time = 00:00:11, memory = 3218.18 (MB).
    Completing 80% with 105 violations.
    elapsed time = 00:00:14, memory = 3645.49 (MB).
    Completing 90% with 105 violations.
    elapsed time = 00:00:15, memory = 3310.17 (MB).
    Completing 100% with 153 violations.
    elapsed time = 00:00:17, memory = 2728.35 (MB).
[INFO DRT-0199]   Number of violations = 217.
Viol/Layer      Metal2 Metal3
Metal Spacing       27      0
Recheck             48     16
Short               95     31
[INFO DRT-0267] cpu time = 00:03:20, elapsed time = 00:00:17, memory = 2852.94 (MB), peak = 5151.78 (MB)
Total wire length = 870059 um.
Total wire length on LAYER Metal1 = 0 um.
Total wire length on LAYER Metal2 = 305151 um.
Total wire length on LAYER Metal3 = 328056 um.
Total wire length on LAYER Metal4 = 197490 um.
Total wire length on LAYER Metal5 = 39361 um.
Total wire length on LAYER TopMetal1 = 0 um.
Total wire length on LAYER TopMetal2 = 0 um.
Total number of vias = 156216.
Up-via summary (total 156216):

--------------------
   GatPoly         0
    Metal1     64472
    Metal2     68835
    Metal3     20545
    Metal4      2364
    Metal5         0
 TopMetal1         0
--------------------
          156216


[INFO DRT-0195] Start 1st optimization iteration.
    Completing 10% with 217 violations.
    elapsed time = 00:00:00, memory = 3736.92 (MB).
    Completing 20% with 217 violations.
    elapsed time = 00:00:01, memory = 3394.73 (MB).
    Completing 30% with 192 violations.
    elapsed time = 00:00:06, memory = 3684.68 (MB).
    Completing 40% with 192 violations.
    elapsed time = 00:00:07, memory = 3736.34 (MB).
    Completing 50% with 192 violations.
    elapsed time = 00:00:07, memory = 3044.24 (MB).
    Completing 60% with 161 violations.
    elapsed time = 00:00:09, memory = 3719.11 (MB).
    Completing 70% with 161 violations.
    elapsed time = 00:00:10, memory = 3375.08 (MB).
    Completing 80% with 103 violations.
    elapsed time = 00:00:13, memory = 3759.34 (MB).
    Completing 90% with 103 violations.
    elapsed time = 00:00:14, memory = 3348.53 (MB).
    Completing 100% with 50 violations.
    elapsed time = 00:00:15, memory = 2720.17 (MB).
[INFO DRT-0199]   Number of violations = 50.
Viol/Layer      Metal2 Metal3
Metal Spacing       17      0
Short               31      2
[INFO DRT-0267] cpu time = 00:03:11, elapsed time = 00:00:16, memory = 2853.59 (MB), peak = 5151.78 (MB)
Total wire length = 870012 um.
Total wire length on LAYER Metal1 = 0 um.
Total wire length on LAYER Metal2 = 305075 um.
Total wire length on LAYER Metal3 = 328039 um.
Total wire length on LAYER Metal4 = 197536 um.
Total wire length on LAYER Metal5 = 39361 um.
Total wire length on LAYER TopMetal1 = 0 um.
Total wire length on LAYER TopMetal2 = 0 um.
Total number of vias = 156194.
Up-via summary (total 156194):

--------------------
   GatPoly         0
    Metal1     64471
    Metal2     68814
    Metal3     20545
    Metal4      2364
    Metal5         0
 TopMetal1         0
--------------------
          156194


[INFO DRT-0195] Start 2nd optimization iteration.
    Completing 10% with 50 violations.
    elapsed time = 00:00:00, memory = 2853.59 (MB).
    Completing 20% with 50 violations.
    elapsed time = 00:00:00, memory = 2853.59 (MB).
    Completing 30% with 52 violations.
    elapsed time = 00:00:01, memory = 2853.59 (MB).
    Completing 40% with 52 violations.
    elapsed time = 00:00:01, memory = 2853.59 (MB).
    Completing 50% with 52 violations.
    elapsed time = 00:00:01, memory = 2853.59 (MB).
    Completing 60% with 56 violations.
    elapsed time = 00:00:02, memory = 2853.59 (MB).
    Completing 70% with 56 violations.
    elapsed time = 00:00:02, memory = 2853.59 (MB).
    Completing 80% with 46 violations.
    elapsed time = 00:00:08, memory = 2853.59 (MB).
    Completing 90% with 46 violations.
    elapsed time = 00:00:08, memory = 2853.59 (MB).
    Completing 100% with 25 violations.
    elapsed time = 00:00:11, memory = 2853.59 (MB).
[INFO DRT-0199]   Number of violations = 25.
Viol/Layer      Metal2 Metal3
Metal Spacing        6      0
Short               17      2
[INFO DRT-0267] cpu time = 00:00:19, elapsed time = 00:00:11, memory = 2786.59 (MB), peak = 5151.78 (MB)
Total wire length = 870005 um.
Total wire length on LAYER Metal1 = 0 um.
Total wire length on LAYER Metal2 = 305058 um.
Total wire length on LAYER Metal3 = 328032 um.
Total wire length on LAYER Metal4 = 197552 um.
Total wire length on LAYER Metal5 = 39361 um.
Total wire length on LAYER TopMetal1 = 0 um.
Total wire length on LAYER TopMetal2 = 0 um.
Total number of vias = 156197.
Up-via summary (total 156197):

--------------------
   GatPoly         0
    Metal1     64471
    Metal2     68815
    Metal3     20547
    Metal4      2364
    Metal5         0
 TopMetal1         0
--------------------
          156197


[INFO DRT-0195] Start 3rd guides tiles iteration.
    Completing 10% with 25 violations.
    elapsed time = 00:00:00, memory = 2924.89 (MB).
    Completing 30% with 25 violations.
    elapsed time = 00:00:13, memory = 2786.59 (MB).
    Completing 50% with 7 violations.
    elapsed time = 00:00:13, memory = 2786.59 (MB).
    Completing 60% with 7 violations.
    elapsed time = 00:00:14, memory = 2786.59 (MB).
    Completing 80% with 0 violations.
    elapsed time = 00:00:14, memory = 2786.59 (MB).
    Completing 100% with 0 violations.
    elapsed time = 00:00:14, memory = 2786.59 (MB).
[INFO DRT-0199]   Number of violations = 0.
[INFO DRT-0267] cpu time = 00:00:15, elapsed time = 00:00:14, memory = 2853.55 (MB), peak = 5151.78 (MB)
Total wire length = 870007 um.
Total wire length on LAYER Metal1 = 0 um.
Total wire length on LAYER Metal2 = 304956 um.
Total wire length on LAYER Metal3 = 327567 um.
Total wire length on LAYER Metal4 = 197651 um.
Total wire length on LAYER Metal5 = 39831 um.
Total wire length on LAYER TopMetal1 = 0 um.
Total wire length on LAYER TopMetal2 = 0 um.
Total number of vias = 156219.
Up-via summary (total 156219):

--------------------
   GatPoly         0
    Metal1     64472
    Metal2     68823
    Metal3     20556
    Metal4      2368
    Metal5         0
 TopMetal1         0
--------------------
          156219


[INFO DRT-0198] Complete detail routing.
Total wire length = 870007 um.
Total wire length on LAYER Metal1 = 0 um.
Total wire length on LAYER Metal2 = 304956 um.
Total wire length on LAYER Metal3 = 327567 um.
Total wire length on LAYER Metal4 = 197651 um.
Total wire length on LAYER Metal5 = 39831 um.
Total wire length on LAYER TopMetal1 = 0 um.
Total wire length on LAYER TopMetal2 = 0 um.
Total number of vias = 156219.
Up-via summary (total 156219):

--------------------
   GatPoly         0
    Metal1     64472
    Metal2     68823
    Metal3     20556
    Metal4      2368
    Metal5         0
 TopMetal1         0
--------------------
          156219


[INFO DRT-0267] cpu time = 00:07:06, elapsed time = 00:00:59, memory = 2853.55 (MB), peak = 5151.78 (MB)

[INFO DRT-0180] Post processing.
[INFO DRT-0501] Runtime: 76.54s
[INFO ANT-0002] Found 0 net violations.
[INFO ANT-0001] Found 0 pin violations.
[INFO ANT-0002] Found 0 net violations.
[INFO ANT-0001] Found 0 pin violations.
Design area 278509 um^2 83% utilization.
write_db /tmp/workspace/scripts-Private_test-fr_cugr_cmp-1-/results/ihp-sg13g2/ibex/base/5_2_route.odb
Elapsed time: 15:47.20[h:]min:sec. CPU time: user 10915.85 sys 19.89 (1154%). Peak memory: 5275424KB.
Log                       Ext     Elapsed/s Peak Memory/MB sha1sum result [0:20)
5_2_route                 .odb          947           5151 a77a92d6a9c8c6966943
