OpenROAD 26Q3-1464-gb22abfea20 
Features included (+) or not (-): +GPU +GUI +Python
This program is licensed under the BSD-3 license. See the LICENSE file for details.
Components of this program may be licensed under more restrictive licenses which must be honored.
[INFO ORD-0030] Using 30 thread(s).
source ./platforms/ihp-sg13g2/suppress_message.tcl
read_liberty ./platforms/ihp-sg13g2/lib/sg13g2_stdcell_typ_1p20V_25C.lib
read_db -hier /tmp/workspace/scripts-Private_test-fr_cugr_cmp-1-/results/ihp-sg13g2/ibex/base/6_1_fill.odb
[WARNING ORD-0012] Hierarchical flow (-hier) is currently in development and may cause multiple issues. Do not use in production environments.
read_sdc /tmp/workspace/scripts-Private_test-fr_cugr_cmp-1-/results/ihp-sg13g2/ibex/base/6_1_fill.sdc
source ./platforms/ihp-sg13g2/setRC.tcl
[WARNING STA-0450] virtual clock vclk_core_clock can not be propagated.
write_db /tmp/workspace/scripts-Private_test-fr_cugr_cmp-1-/results/ihp-sg13g2/ibex/base/6_final.odb
write_sdc -no_timestamp /tmp/workspace/scripts-Private_test-fr_cugr_cmp-1-/results/ihp-sg13g2/ibex/base/6_final.sdc
Deleted 0 routing obstructions
[INFO RCX-0431] Defined process_corner X with ext_model_index 0
[INFO RCX-0029] Defined extraction corner X
[WARNING RCX-0514] The ext_model_file option is deprecated. Use set_extraction_rules_file command instead.
[INFO RCX-0435] Reading extraction model file ./platforms/ihp-sg13g2/rcx_patterns.rules ...
[INFO RCX-0436] RC segment generation ibex_core (max_merge_res 50.0) ...
[INFO RCX-0040] Final 105977 rc segments
[INFO RCX-0439] Coupling Cap extraction ibex_core ...
[INFO RCX-0440] Coupling threshhold is 0.1000 fF, coupling capacitance less than 0.1000 fF will be grounded.
[INFO RCX-0442] 45% of 171887 wires extracted
[INFO RCX-0442] 100% of 171887 wires extracted
[INFO RCX-0045] Extract 18625 nets, 124567 rsegs, 124567 caps, 222774 ccs
[INFO RCX-0443] 18625 nets finished
[INFO PSM-0040] All shapes on net VDD are connected.
########## IR report #################
Net              : VDD
Corner           : default
Total power      : 4.89e-02 W
Supply voltage   : 1.20e+00 V
Worstcase voltage: 1.19e+00 V
Average voltage  : 1.20e+00 V
Average IR drop  : 6.08e-04 V
Worstcase IR drop: 1.28e-02 V
Percentage drop  : 1.07 %
######################################
[INFO PSM-0040] All shapes on net VSS are connected.
########## IR report #################
Net              : VSS
Corner           : default
Total power      : 4.89e-02 W
Supply voltage   : 0.00e+00 V
Worstcase voltage: 1.29e-02 V
Average voltage  : 5.58e-04 V
Average IR drop  : 5.58e-04 V
Worstcase IR drop: 1.29e-02 V
Percentage drop  : 1.07 %
######################################
Cell type report:                       Count        Area
  Fill cell                             11790    58224.10
  Antenna cell                             12       65.32
  Clock buffer                            390    17690.40
  Timing Repair Buffer                   2549    19123.78
  Inverter                                598     3256.85
  Clock inverter                            5       32.66
  Sequential cell                        1939    94976.58
  Multi-Input combinational cell        13004   143363.00
  Total                                 30287   336732.68
Report metrics stage 6, finish...

==========================================================================
finish report_design_area
--------------------------------------------------------------------------
Design area 278509 um^2 83% utilization.
[WARNING GUI-0076] QStandardPaths: XDG_RUNTIME_DIR not set, defaulting to '/tmp/runtime-root'
Elapsed time: 0:23.46[h:]min:sec. CPU time: user 46.01 sys 11.80 (246%). Peak memory: 602624KB.
Log                       Ext     Elapsed/s Peak Memory/MB sha1sum result [0:20)
6_report                                 23            588                  N/A
